
========================================================================
  COHSEX-JAX: Self-Energy Calculation
========================================================================
  Backend: GPU       Devices: 4  Mesh: 2×2  Processes: 4
  Device type: NVIDIA A100-SXM4-40GB
  XLA preallocate: false  mem_fraction: unset
========================================================================

  ISDF basis: 1464 centroids
  FFT grid: 36×36×36   Cell volume: 270.11 a.u.³

  BGW vcoul override: loading /pscratch/sd/j/jackm/lorrax_sandbox/runs/Si_pseudobands/00_si_2x2x2_60Ry/D_lorrax_pb100sl_half_xonly/bgw_vcoul.dat
    3 unique q-points, G counts per q: [2109, 2120, 2100]
    Memory estimate: peak 21.98 GB (budget 28.00 GB), bottleneck=zct
    Per-stage: fft=6.57  zct=11.05  reshard=6.68  solve=5.15  gather=4.76 GB
    AOT fit_one_rchunk peak (driver-level): 8.97 GB

  Chunked ISDF fitting:
    Band chunks: 116
    R chunks:    46656 (contiguous r-space)
    Q chunks:    8
    Zeta output: /pscratch/sd/j/jackm/lorrax_sandbox/runs/Si_pseudobands/00_si_2x2x2_60Ry/D_lorrax_pb100sl_half_xonly/tmp/zeta_q.h5

  Zeta fitting: 1 r-chunks x 46656 r-points, 116 bands (16 left + 116 right)
  Output: /pscratch/sd/j/jackm/lorrax_sandbox/runs/Si_pseudobands/00_si_2x2x2_60Ry/D_lorrax_pb100sl_half_xonly/tmp/zeta_q.h5
  Left wfns:  (8, 16, 2, 1464)
  Right wfns: (8, 116, 2, 1464)
  Pseudobands normalization: 198 weighted, 0 zero-weight (skipped)
  Computing pair densities P_l, P_r (spin_traced)
/opt/jax/jax/_src/interpreters/mlir.py:1178: UserWarning: Some donated buffers were not usable: ShapedArray(complex128[8,732,732]).
See an explanation at https://jax.readthedocs.io/en/latest/faq.html#buffer-donation.
  warnings.warn("Some donated buffers were not usable:"
  Computing L_q = chol(C_q)

  Zeta fitting: 1 r-chunks x 46656 r-points, 116 bands (16 left + 116 right)
  Output: /pscratch/sd/j/jackm/lorrax_sandbox/runs/Si_pseudobands/00_si_2x2x2_60Ry/D_lorrax_pb100sl_half_xonly/tmp/zeta_q.h5

  Zeta fitting: 1 r-chunks x 46656 r-points, 116 bands (16 left + 116 right)
  Output: /pscratch/sd/j/jackm/lorrax_sandbox/runs/Si_pseudobands/00_si_2x2x2_60Ry/D_lorrax_pb100sl_half_xonly/tmp/zeta_q.h5

  Zeta fitting: 1 r-chunks x 46656 r-points, 116 bands (16 left + 116 right)
  Output: /pscratch/sd/j/jackm/lorrax_sandbox/runs/Si_pseudobands/00_si_2x2x2_60Ry/D_lorrax_pb100sl_half_xonly/tmp/zeta_q.h5
  Left wfns:  (8, 16, 2, 1464)
  Right wfns: (8, 116, 2, 1464)
  Left wfns:  (8, 16, 2, 1464)
  Right wfns: (8, 116, 2, 1464)
  Left wfns:  (8, 16, 2, 1464)
  Right wfns: (8, 116, 2, 1464)
  Pseudobands normalization: 198 weighted, 0 zero-weight (skipped)
  Computing pair densities P_l, P_r (spin_traced)
  Pseudobands normalization: 198 weighted, 0 zero-weight (skipped)
  Computing pair densities P_l, P_r (spin_traced)
  Pseudobands normalization: 198 weighted, 0 zero-weight (skipped)
  Computing pair densities P_l, P_r (spin_traced)
/opt/jax/jax/_src/interpreters/mlir.py:1178: UserWarning: Some donated buffers were not usable: ShapedArray(complex128[8,732,732]).
See an explanation at https://jax.readthedocs.io/en/latest/faq.html#buffer-donation.
  warnings.warn("Some donated buffers were not usable:"
/opt/jax/jax/_src/interpreters/mlir.py:1178: UserWarning: Some donated buffers were not usable: ShapedArray(complex128[8,732,732]).
See an explanation at https://jax.readthedocs.io/en/latest/faq.html#buffer-donation.
  warnings.warn("Some donated buffers were not usable:"
/opt/jax/jax/_src/interpreters/mlir.py:1178: UserWarning: Some donated buffers were not usable: ShapedArray(complex128[8,732,732]).
See an explanation at https://jax.readthedocs.io/en/latest/faq.html#buffer-donation.
  warnings.warn("Some donated buffers were not usable:"
  Computing L_q = chol(C_q)
  Computing L_q = chol(C_q)
  Computing L_q = chol(C_q)
  L_q: (8, 1464, 1464)
  L_q: (8, 1464, 1464)
  L_q: (8, 1464, 1464)
  L_q: (8, 1464, 1464)
/pscratch/sd/j/jackm/lorrax_sandbox/sources/lorrax_D/src/file_io/_slab_io_ffi.py:239: UserWarning: FFI backend: chunks/attrs on create_dataset currently no-op; pre-create with h5py if you need explicit chunking or attrs.
  warnings.warn(
/pscratch/sd/j/jackm/lorrax_sandbox/sources/lorrax_D/src/file_io/_slab_io_ffi.py:239: UserWarning: FFI backend: chunks/attrs on create_dataset currently no-op; pre-create with h5py if you need explicit chunking or attrs.
  warnings.warn(
/pscratch/sd/j/jackm/lorrax_sandbox/sources/lorrax_D/src/file_io/_slab_io_ffi.py:239: UserWarning: FFI backend: chunks/attrs on create_dataset currently no-op; pre-create with h5py if you need explicit chunking or attrs.
  warnings.warn(
/pscratch/sd/j/jackm/lorrax_sandbox/sources/lorrax_D/src/file_io/_slab_io_ffi.py:239: UserWarning: FFI backend: chunks/attrs on create_dataset currently no-op; pre-create with h5py if you need explicit chunking or attrs.
  warnings.warn(
  ψ(G) host cache: 0.35 GB/process resident
Started zeta fitting at 19:19:04.
[ 19:19:04 | ██████████ | 100% ] r-chunk 1 / 1 · ETA 0 s
Finished zeta fitting at 19:19:04.  Elapsed: 0 s.
  [SlabIO.close] draining 1 pending writes for zeta_q.h5 …
  [SlabIO.close] Python dispatch drained in 7.0 s; joining writer thread
  [SlabIO.close] writer thread joined in 0.0 s; calling H5Fclose collectively
  [SlabIO.close] H5Fclose returned in 0.9 s
  Zeta output: /pscratch/sd/j/jackm/lorrax_sandbox/runs/Si_pseudobands/00_si_2x2x2_60Ry/D_lorrax_pb100sl_half_xonly/tmp/zeta_q.h5  shape: (2,2,2,1464,46656)
  Timing (1 r-chunks, 1.7s total):
    fit      1.62s  97.5%
    H5       0.04s   2.4%
  Zeta output: /pscratch/sd/j/jackm/lorrax_sandbox/runs/Si_pseudobands/00_si_2x2x2_60Ry/D_lorrax_pb100sl_half_xonly/tmp/zeta_q.h5  shape: (2,2,2,1464,46656)
  Timing (1 r-chunks, 1.3s total):
    fit      1.20s  90.8%
    H5       0.12s   9.1%
  Zeta output: /pscratch/sd/j/jackm/lorrax_sandbox/runs/Si_pseudobands/00_si_2x2x2_60Ry/D_lorrax_pb100sl_half_xonly/tmp/zeta_q.h5  shape: (2,2,2,1464,46656)
  Timing (1 r-chunks, 1.3s total):
    fit      1.21s  91.6%
    H5       0.11s   8.3%
  Zeta output: /pscratch/sd/j/jackm/lorrax_sandbox/runs/Si_pseudobands/00_si_2x2x2_60Ry/D_lorrax_pb100sl_half_xonly/tmp/zeta_q.h5  shape: (2,2,2,1464,46656)
  Timing (1 r-chunks, 1.3s total):
    fit      1.17s  90.7%
    H5       0.12s   9.2%
    GPU high-water mark: 4.13 GB / 28.00 GB budget (15%)
    γ (runtime / AOT-pred) = 0.461  (AOT predicted 8.97 GB)
    V_q bare cutoff: 60.0 Ry
    V_q budget:    27.11 GB
    V_q mu chunks: 1464
    V_q q batches: 4
  V_q (sharded): mesh=2x2, one-shot (Case A), q_chunk=8, μ_chunk=1464 (1 μ-blocks), aligned=True, N_μ=1464, N_G=2637, predicted peak/rank=1.16 GB (V_ref+g0_ref=0.07 GB)
Started V_q computation at 19:19:16.
[ 19:19:16 | █░░░░░░░░░ |  12% ] q-point 1 / 8 · ETA 0 s
[ 19:19:16 | ██░░░░░░░░ |  25% ] q-point 2 / 8 · ETA 0 s
[ 19:19:16 | ████░░░░░░ |  38% ] q-point 3 / 8 · ETA 0 s
[ 19:19:16 | █████░░░░░ |  50% ] q-point 4 / 8 · ETA 0 s
[ 19:19:16 | ██████░░░░ |  62% ] q-point 5 / 8 · ETA 0 s
[ 19:19:16 | ████████░░ |  75% ] q-point 6 / 8 · ETA 0 s
[ 19:19:16 | █████████░ |  88% ] q-point 7 / 8 · ETA 0 s
[ 19:19:16 | ██████████ | 100% ] q-point 8 / 8 · ETA 0 s
Finished V_q computation at 19:19:16.  Elapsed: 0 s.
  [SlabIO.close] draining 0 pending writes for zeta_q.h5 …
  [SlabIO.close] Python dispatch drained in 0.0 s; joining writer thread
  [SlabIO.close] writer thread joined in 0.0 s; calling H5Fclose collectively
  [SlabIO.close] H5Fclose returned in 0.5 s

  V_q computed:
    Shape: (1, 1, 1, 2, 2, 2, 1464, 1464)
    V_q=0 trace: 4693676978608.1641
  [SlabIO.close] draining 3 pending writes for isdf_tensors_1464.h5 …
  [SlabIO.close] Python dispatch drained in 0.7 s; joining writer thread
  [SlabIO.close] writer thread joined in 0.0 s; calling H5Fclose collectively
  [SlabIO.close] H5Fclose returned in 0.0 s
  Wavefunctions built (b0:b4=116 bands, 4 sharded copies: xn/xr/yr/yn)
  [SlabIO.close] draining 1 pending writes for isdf_tensors_1464.h5 …
  [SlabIO.close] Python dispatch drained in 0.1 s; joining writer thread
  [SlabIO.close] writer thread joined in 0.0 s; calling H5Fclose collectively
  [SlabIO.close] H5Fclose returned in 0.0 s
  Chunked ISDF path complete

------------------------------------------------------------------------
  FINITE-SIZE CORRECTIONS
------------------------------------------------------------------------
  Head source: override
  v(q→0)  =      825.937 a.u.  (bare Coulomb head)

------------------------------------------------------------------------
  STATIC HEAD TERMS (exact COHSEX / BGW-style)
------------------------------------------------------------------------
  Head source: override
  v_h(q→0)           =   825.937026 a.u.
  W_h(q→0, ω=0)      =    16.880603 a.u.
  W_h^c              =  -809.056423 a.u.
  Σ^X head (occ)     = -3.822265e-01 Ry
  Σ^SX head (occ)    = -7.811993e-03 Ry
  Σ^(SX-X) head(occ) = 3.744146e-01 Ry
  Σ^COH head (all)   = -1.872073e-01 Ry
  Bare Σ_X diagonal (eV), k=0: -16.2871  -16.2871  -13.6953  -13.6953  -13.6819  -13.6819  -13.6819  -13.6819

  Sigma diag:   /pscratch/sd/j/jackm/lorrax_sandbox/runs/Si_pseudobands/00_si_2x2x2_60Ry/D_lorrax_pb100sl_half_xonly/sigma_diag.dat
  BGW eqp0:     /pscratch/sd/j/jackm/lorrax_sandbox/runs/Si_pseudobands/00_si_2x2x2_60Ry/D_lorrax_pb100sl_half_xonly/eqp0.dat
  BGW eqp1:     /pscratch/sd/j/jackm/lorrax_sandbox/runs/Si_pseudobands/00_si_2x2x2_60Ry/D_lorrax_pb100sl_half_xonly/eqp1.dat
  Restart:      /pscratch/sd/j/jackm/lorrax_sandbox/runs/Si_pseudobands/00_si_2x2x2_60Ry/D_lorrax_pb100sl_half_xonly/tmp/isdf_tensors_1464.h5

--- Timing ---
Total recorded: 19.019 s
Section                                            Count    Total[s]     Self[s]      %
gw_jax.load_centroid_wfns                              1       1.284       1.167    6.7
  load_wfns.precompute_owned                           1       0.000       0.000    0.0
  load_wfns.k_loop                                     1       0.015       0.015    0.1
  load_wfns.scatter                                    1       0.031       0.031    0.2
  load_wfns.make_global_array                          1       0.071       0.071    0.4
gw_jax.zeta_fit_chunked                                1      12.382       0.635   65.1
  zeta_fit.slice_halves                                1       0.084       0.084    0.4
  zeta_fit.CCT                                         1       0.170       0.170    0.9
  zeta_fit.cholesky                                    1       1.706       1.706    9.0
  zeta_fit.gc_pre_chunk_loop                           1       0.083       0.083    0.4
  zeta_fit.open_file                                   1       0.079       0.079    0.4
  zeta_fit.chunk_loop                                  1       1.662       0.000    8.7
    zeta_fit.chunk.fit_one_rchunk                      1       1.623       1.623    8.5
    zeta_fit.chunk.h5_write                            1       0.040       0.040    0.2
  zeta_fit.close_io                                    1       7.962       7.962   41.9
  zeta_fit.sync_global                                 1       0.002       0.002    0.0
gw_jax.V_q_compute                                     1       4.140       0.608   21.8
  compute_all_V_q_sharded                              1       3.532       3.532   18.6
gw_jax.wavefunction_setup                              1       0.034       0.034    0.2
gw_jax.sigma                                           1       1.179       1.179    6.2
