srun: Step created for StepId=51683455.5

========================================================================
  COHSEX-JAX: Self-Energy Calculation
========================================================================
  Backend: GPU       Devices: 16  Mesh: 4×4  Processes: 16
  Device type: NVIDIA A100-SXM4-40GB
  XLA preallocate: unset  mem_fraction: 0.95
  XLA pool: limit=40.29 GB, in_use=0.00 GB, avail=40.29 GB
========================================================================

  ISDF basis: 2000 centroids
  FFT grid: 36×36×36   Cell volume: 270.11 a.u.³

  BGW vcoul override: loading /pscratch/sd/j/jackm/lorrax_sandbox/runs/Si_pseudobands/00_si_2x2x2_60Ry/cohsex_sweep/v2_100win_s1/bgw_vcoul.txt
    6 unique q-points, G counts per q: [2109, 2120, 2100, 2120, 2100, 2120]
    crystal sym ops loaded from /pscratch/sd/j/jackm/lorrax_sandbox/runs/Si_pseudobands/00_si_2x2x2_60Ry/cohsex_sweep/v2_100win_s1/sym_wfn.h5: 48
    Memory estimate: peak 25.64 GB (budget 28.00 GB), bottleneck=gather
    Per-stage: fft=1.01  pair=2.43  zct=3.25  reshard=3.25  solve=2.14  gather=4.09 GB

  Chunked ISDF fitting:
    Band chunks: 226
    R chunks:    46656 (contiguous r-space)
    Q chunks:    8
    Pair mode:   spin_traced
    Zeta output: /pscratch/sd/j/jackm/lorrax_sandbox/runs/Si_pseudobands/00_si_2x2x2_60Ry/cohsex_sweep/v2_100win_s1/tmp/zeta_q.h5

  Zeta fitting: 1 r-chunks x 46656 r-points, 226 bands (16 left + 226 right), spin_traced
  Output: /pscratch/sd/j/jackm/lorrax_sandbox/runs/Si_pseudobands/00_si_2x2x2_60Ry/cohsex_sweep/v2_100win_s1/tmp/zeta_q.h5
  Left wfns:  (8, 16, 2, 2000)
  Right wfns: (8, 226, 2, 2000)
  Pseudobands normalization: 189 weighted, 0 zero-weight (skipped)
  Computing pair densities P_l, P_r (spin_traced)
  Computing L_q = chol(C_q)
  L_q: (8, 2000, 2000)
  Caching G-space wavefunctions for r-chunk loop
  G-space cache: 1 band chunks
Started zeta fitting at 04:04:00.
[ 04:04:00 | ██████████ | 100% ] r-chunk 1 / 1 · ETA 0 s
Finished zeta fitting at 04:04:00.  Elapsed: 0 s.
  Zeta output: /pscratch/sd/j/jackm/lorrax_sandbox/runs/Si_pseudobands/00_si_2x2x2_60Ry/cohsex_sweep/v2_100win_s1/tmp/zeta_q.h5  shape: (2,2,2,2000,46656)
  Timing (1 r-chunks, 11.1s total):
    load     1.50s  13.5%
    pair     0.03s   0.2%
    ZCT      0.32s   2.9%
    solve    1.31s  11.9%
    H5       7.24s  65.4%
    GPU high-water mark: 4.39 GB / 28.00 GB budget (16%)
    V_q budget:    27.10 GB
    V_q mu chunks: 2000
    V_q q batches: 4
    V_q bare cutoff: 60.0 Ry
  V_q: 8 q-points, batch=4, mu=2000 (single chunk), overlapped H5 I/O
Started V_q computation at 04:04:22.
[ 04:04:22 | █░░░░░░░░░ |  12% ] q-point 1 / 8 · ETA 0 s
[ 04:04:22 | ██░░░░░░░░ |  25% ] q-point 2 / 8 · ETA 0 s
[ 04:04:22 | ████░░░░░░ |  38% ] q-point 3 / 8 · ETA 0 s
[ 04:04:22 | █████░░░░░ |  50% ] q-point 4 / 8 · ETA 0 s
[ 04:04:28 | ██████░░░░ |  62% ] q-point 5 / 8 · ETA 4 s
[ 04:04:28 | ████████░░ |  75% ] q-point 6 / 8 · ETA 2 s
[ 04:04:28 | █████████░ |  88% ] q-point 7 / 8 · ETA 1 s
[ 04:04:28 | ██████████ | 100% ] q-point 8 / 8 · ETA 0 s
Finished V_q computation at 04:04:28.  Elapsed: 6 s.

  V_q computed:
    Shape: (1, 1, 1, 2, 2, 2, 2000, 2000)
    V_q=0 trace: 57004839.1481
  Wavefunctions built (b0:b4=226 bands, 4 sharded copies: xn/xr/yr/yn)
  Chunked ISDF path complete
  Minimax static window: x=[4.958707e-02, 5.993843e+01] Ry, R=1208.75, nodes=13, fit_err~9.508e-06
  |χ(0)|_max = 9.112826e-06  (minimax, 13 nodes)

------------------------------------------------------------------------
  FINITE-SIZE CORRECTIONS
------------------------------------------------------------------------
  Head source: override
  v(q→0)  =      825.937 a.u.  (bare Coulomb head)
  W(q→0)  =       17.128 a.u.  (screened Coulomb head)
  ΔW      =     -808.809 a.u.  (screening correction)

------------------------------------------------------------------------
  STATIC HEAD TERMS (exact COHSEX / BGW-style)
------------------------------------------------------------------------
  Head source: override
  v_h(q→0)           =   825.937000 a.u.
  W_h(q→0, ω=0)      =    17.128000 a.u.
  W_h^c              =  -808.809000 a.u.
  Σ^X head (occ)     = -3.822265e-01 Ry
  Σ^SX head (occ)    = -7.926484e-03 Ry
  Σ^(SX-X) head(occ) = 3.743001e-01 Ry
  Σ^COH head (all)   = -1.871500e-01 Ry
  Bare Σ_X diagonal (eV), k=0: -17.0387  -17.0387  -14.0275  -14.0275  -14.0146  -14.0137  -14.0140  -14.0129

  Output: /pscratch/sd/j/jackm/lorrax_sandbox/runs/Si_pseudobands/00_si_2x2x2_60Ry/cohsex_sweep/v2_100win_s1/eqp0_noqsym.dat
  Restart:  /pscratch/sd/j/jackm/lorrax_sandbox/runs/Si_pseudobands/00_si_2x2x2_60Ry/cohsex_sweep/v2_100win_s1/tmp/isdf_tensors_2000.h5

--- Timing ---
Total recorded: 51.844 s
Section                                            Count    Total[s]     Self[s]      %
gw_jax.zeta_fit_chunked                                1      27.774      10.548   53.6
  zeta_fit.load_wfns                                   1       3.249       3.179    6.3
    load_wfns.precompute_owned                         1       0.000       0.000    0.0
    load_wfns.k_loop                                   1       0.010       0.010    0.0
    load_wfns.scatter                                  1       0.016       0.016    0.0
    load_wfns.make_global_array                        1       0.044       0.044    0.1
  zeta_fit.CCT                                         1       0.693       0.693    1.3
  zeta_fit.cholesky                                    1       2.215       2.215    4.3
  zeta_fit.cache_gspace                                1       0.028       0.000    0.1
    load_wfns.precompute_owned                         1       0.000       0.000    0.0
    load_wfns.k_loop                                   1       0.011       0.011    0.0
    load_wfns.scatter                                  1       0.016       0.016    0.0
    load_wfns.make_global_array                        1       0.001       0.001    0.0
  zeta_fit.chunk_loop                                  1      11.041       0.638   21.3
    zeta_fit.chunk.load                                1       1.498       1.498    2.9
    zeta_fit.chunk.pair_density                        1       0.026       0.026    0.1
    zeta_fit.chunk.ZCT                                 1       0.323       0.323    0.6
    zeta_fit.chunk.solve                               1       1.313       1.313    2.5
    zeta_fit.chunk.h5_write                            1       7.243       7.243   14.0
gw_jax.V_q_compute                                     1      18.220       1.287   35.1
  compute_all_V_q                                      1      16.933      16.933   32.7
gw_jax.wavefunction_setup                              1       1.205       1.205    2.3
gw_jax.chi0_W                                          1       3.404       3.404    6.6
gw_jax.sigma                                           1       1.241       1.241    2.4
