JAX: 1 gpu devices
== Chunked kin_ion_io ==
Loading WFN: WFN.h5
Bands: 226, FFT grid: (36, 36, 36), k-points: 8
sys_dim: 3
Devices: 1
Pseudopotentials: ['Si']
Coulomb truncation: 3D bulk
Building V_loc...
Building unified V_NL setup...

Processing 8 k-points...
  k=1/8...

Writing to /pscratch/sd/j/jackm/lorrax_sandbox/runs/Si_pseudobands/00_si_2x2x2_60Ry/cohsex_sweep/v2_100win_s1/kin_ion.h5...
Wrote kin_ion.h5: shape (8, 226, 226), sys_dim=3
--- Timing (seconds) ---
Total recorded: 7.562 s
Section                                            Count    Total[s]     Self[s]      %
load_wfn                                               1       0.141       0.141    1.9
build_V_loc                                            1       0.836       0.836   11.1
k0                                                     1       2.478       2.478   32.8
k1                                                     1       1.711       1.711   22.6
k2                                                     1       0.184       0.184    2.4
k3                                                     1       1.690       1.690   22.3
k4                                                     1       0.110       0.110    1.4
k5                                                     1       0.108       0.108    1.4
k6                                                     1       0.182       0.182    2.4
k7                                                     1       0.109       0.109    1.4
write_h5                                               1       0.014       0.014    0.2
