=== kmeans current μ=1800 ===
[lxrun] JID 53096549 · 1 nodes · 1:50:21 left · 1/1 free · incoming: lx-B
  1  nid008505  free   —              —      —  ← starting lx-B  python3 -u -m centroid.k
✓ JAX initialized: 4 device(s) (local: 1, proc 0/4)
Over-sampling: k-means M = 2700, prune to N_c = 1800 (ratio 1.5)
✓ JAX initialized: 4 device(s) (local: 1, proc 3/4)
Over-sampling: k-means M = 2700, prune to N_c = 1800 (ratio 1.5)
✓ JAX initialized: 4 device(s) (local: 1, proc 1/4)
Over-sampling: k-means M = 2700, prune to N_c = 1800 (ratio 1.5)
✓ JAX initialized: 4 device(s) (local: 1, proc 2/4)
Over-sampling: k-means M = 2700, prune to N_c = 1800 (ratio 1.5)
N_c = 1800 > 1382 = n_rtot · 0.1; using density-weighted random init.
N_c = 1800 > 1382 = n_rtot · 0.1; using density-weighted random init.
N_c = 1800 > 1382 = n_rtot · 0.1; using density-weighted random init.
N_c = 1800 > 1382 = n_rtot · 0.1; using density-weighted random init.
  density-mode=current: building bispinor j² weight with n_occ=8 (nspinor_wfn=2)
  density-mode=current: building bispinor j² weight with n_occ=8 (nspinor_wfn=2)
  density-mode=current: building bispinor j² weight with n_occ=8 (nspinor_wfn=2)
  density-mode=current: building bispinor j² weight with n_occ=8 (nspinor_wfn=2)
  ρ_current (Gordon Pauli) built in 3.87s; max=1.462e-07, mean=3.132e-08
Charge density shape: (24, 24, 24)
Lattice lengths: [3.83958982 3.83958982 3.83958982] Å
P/4 = 3456 < 100000; sharding anyway (multi-host: single-device fallback would deadlock).
Sharded mesh: ('x'=2, 'y'=2) over 4 devices
Orbit-aware mode: n_sym = 48, running kmeans for M_rep = 57 representatives (unfolded ≈ 2736 centroids)
PBC min-image offsets: 7 (1 ⇒ orthorhombic); orbit mode: on (n_sym=48)
Grid: 24×24×24 = 13824 points; N_c = 57
    [j^Gordon] 12/64 k-points after 5.0s
    [j^Gordon] 14/64 k-points after 5.0s
    [j^Gordon] 15/64 k-points after 5.0s
  ρ_current (Gordon Pauli) built in 6.69s; max=1.462e-07, mean=3.132e-08
Charge density shape: (24, 24, 24)
Lattice lengths: [3.83958982 3.83958982 3.83958982] Å
P/4 = 3456 < 100000; sharding anyway (multi-host: single-device fallback would deadlock).
Sharded mesh: ('x'=2, 'y'=2) over 4 devices
  ρ_current (Gordon Pauli) built in 6.68s; max=1.462e-07, mean=3.132e-08
Orbit-aware mode: n_sym = 48, running kmeans for M_rep = 57 representatives (unfolded ≈ 2736 centroids)
  ρ_current (Gordon Pauli) built in 6.74s; max=1.462e-07, mean=3.132e-08
Charge density shape: (24, 24, 24)
Lattice lengths: [3.83958982 3.83958982 3.83958982] Å
P/4 = 3456 < 100000; sharding anyway (multi-host: single-device fallback would deadlock).
Sharded mesh: ('x'=2, 'y'=2) over 4 devices
Orbit-aware mode: n_sym = 48, running kmeans for M_rep = 57 representatives (unfolded ≈ 2736 centroids)
Charge density shape: (24, 24, 24)
Lattice lengths: [3.83958982 3.83958982 3.83958982] Å
P/4 = 3456 < 100000; sharding anyway (multi-host: single-device fallback would deadlock).
Sharded mesh: ('x'=2, 'y'=2) over 4 devices
Orbit-aware mode: n_sym = 48, running kmeans for M_rep = 57 representatives (unfolded ≈ 2736 centroids)
PBC min-image offsets: 7 (1 ⇒ orthorhombic); orbit mode: on (n_sym=48)
PBC min-image offsets: 7 (1 ⇒ orthorhombic); orbit mode: on (n_sym=48)
PBC min-image offsets: 7 (1 ⇒ orthorhombic); orbit mode: on (n_sym=48)
Grid: 24×24×24 = 13824 points; N_c = 57
Grid: 24×24×24 = 13824 points; N_c = 57
Grid: 24×24×24 = 13824 points; N_c = 57
Lloyd: 7 steps, max movement = 0.004631
Lloyd: 7 steps, max movement = 0.004631
Lloyd: 7 steps, max movement = 0.004631
Lloyd: 7 steps, max movement = 0.004631

Unfolded 57 reps → 2372 distinct centroids (n_sym=48)

Pivoted-Cholesky prune: 2372 → 1800 (target 44 orbits)
  prune window: v×(v+c)  left=(0,8) right=(0,16)  [covers |ψ_v|² + v×c]
[pivoted_cholesky] M=2372, n_keep=44, left=(0, 8), right=(0, 16), norms=off (load_wfns 2-D, mesh axes ('x', 'y'))
  [gpu_utils] WARNING: bytes_limit=None, falling back to nvidia-smi (pid=480730)
[pivoted_cholesky] 2-D Gram build via load_wfns: nk_tot=64, left=(0, 8) (nb=8), right=(0, 16) (nb=16), M=2372, norms=off, backend=WFNReader, budget=70.3573 GB/device, band_chunk_size=64

Unfolded 57 reps → 2372 distinct centroids (n_sym=48)

Unfolded 57 reps → 2372 distinct centroids (n_sym=48)

Unfolded 57 reps → 2372 distinct centroids (n_sym=48)

Pivoted-Cholesky prune: 2372 → 1800 (target 44 orbits)
  prune window: v×(v+c)  left=(0,8) right=(0,16)  [covers |ψ_v|² + v×c]
[pivoted_cholesky] M=2372, n_keep=44, left=(0, 8), right=(0, 16), norms=off (load_wfns 2-D, mesh axes ('x', 'y'))

Pivoted-Cholesky prune: 2372 → 1800 (target 44 orbits)
  prune window: v×(v+c)  left=(0,8) right=(0,16)  [covers |ψ_v|² + v×c]
[pivoted_cholesky] M=2372, n_keep=44, left=(0, 8), right=(0, 16), norms=off (load_wfns 2-D, mesh axes ('x', 'y'))

Pivoted-Cholesky prune: 2372 → 1800 (target 44 orbits)
  prune window: v×(v+c)  left=(0,8) right=(0,16)  [covers |ψ_v|² + v×c]
[pivoted_cholesky] M=2372, n_keep=44, left=(0, 8), right=(0, 16), norms=off (load_wfns 2-D, mesh axes ('x', 'y'))
  [gpu_utils] WARNING: bytes_limit=None, falling back to nvidia-smi (pid=480731)
  [gpu_utils] WARNING: bytes_limit=None, falling back to nvidia-smi (pid=480733)
  [gpu_utils] WARNING: bytes_limit=None, falling back to nvidia-smi (pid=480735)
[pivoted_cholesky] 2-D Gram build via load_wfns: nk_tot=64, left=(0, 8) (nb=8), right=(0, 16) (nb=16), M=2372, norms=off, backend=WFNReader, budget=70.3468 GB/device, band_chunk_size=64
[pivoted_cholesky] 2-D Gram build via load_wfns: nk_tot=64, left=(0, 8) (nb=8), right=(0, 16) (nb=16), M=2372, norms=off, backend=WFNReader, budget=70.3468 GB/device, band_chunk_size=64
[pivoted_cholesky] 2-D Gram build via load_wfns: nk_tot=64, left=(0, 8) (nb=8), right=(0, 16) (nb=16), M=2372, norms=off, backend=WFNReader, budget=70.3468 GB/device, band_chunk_size=64
[pivoted_cholesky] G built, shape=(2372, 2372), diag range [3.099e-08, 1.875e-06]
[pivoted_cholesky] G built, shape=(2372, 2372), diag range [3.099e-08, 1.875e-06]
[pivoted_cholesky] G built, shape=(2372, 2372), diag range [3.099e-08, 1.875e-06]
[pivoted_cholesky] G built, shape=(2372, 2372), diag range [3.099e-08, 1.875e-06]
[pivoted_cholesky] picked-pivot residuals: first=1.875e-06, mid=1.703e-07, last=6.339e-09
[pivoted_cholesky] picked-pivot residuals: first=1.875e-06, mid=1.703e-07, last=6.339e-09
[pivoted_cholesky] picked-pivot residuals: first=1.875e-06, mid=1.703e-07, last=6.339e-09
[pivoted_cholesky] picked-pivot residuals: first=1.875e-06, mid=1.703e-07, last=6.339e-09
[pivoted_cholesky] tr(R_k)/tr(G): first=8.830e-01, mid=2.383e-02, last=4.315e-04
[pivoted_cholesky] orbit-aware: 44 orbits picked → 1880 unfolded centroids (orbit-closed)
[pivoted_cholesky] tr(R_k)/tr(G): first=8.830e-01, mid=2.383e-02, last=4.315e-04
[pivoted_cholesky] tr(R_k)/tr(G): first=8.830e-01, mid=2.383e-02, last=4.315e-04
[pivoted_cholesky] orbit-aware: 44 orbits picked → 1880 unfolded centroids (orbit-closed)
[pivoted_cholesky] orbit-aware: 44 orbits picked → 1880 unfolded centroids (orbit-closed)
[pivoted_cholesky] tr(R_k)/tr(G): first=8.830e-01, mid=2.383e-02, last=4.315e-04
[pivoted_cholesky] orbit-aware: 44 orbits picked → 1880 unfolded centroids (orbit-closed)
After pruning: 1880 centroids (rank=44)
After pruning: 1880 centroids (rank=44)
After pruning: 1880 centroids (rank=44)
After pruning: 1880 centroids (rank=44)
Saved centroids to centroids_frac_1880_current.txt
Saved centroids to centroids_frac_1880_current.txt
Saved centroids to centroids_frac_1880_current.txt
Saved centroids to centroids_frac_1880_current.txt
--- kmeans_cli timing (s) ---
Total recorded: 17.883 s
Section                                            Count    Total[s]     Self[s]      %
setup.wfn_io                                           1       0.207       0.207    1.2
setup.charge_density                                   1       4.540       4.540   25.4
kmeans                                                 1       8.256       6.604   46.2
  init                                                 1       0.155       0.155    0.9
  lloyd                                                1       1.320       1.320    7.4
  assign_labels                                        1       0.177       0.177    1.0
snap_unfold                                            1       0.028       0.028    0.2
prune                                                  1       4.853       0.448   27.1
  prune.gram                                           1       3.756       0.212   21.0
    left.load                                          1       2.387       0.742   13.3
      load_centroids.loader_load                       1       0.015       0.015    0.1
      load_centroids.gflat_to_rmu                      1       1.172       1.172    6.6
      load_centroids.reshard                           1       0.458       0.458    2.6
    left.pair                                          1       0.122       0.122    0.7
    right.load                                         1       0.608       0.033    3.4
      load_centroids.loader_load                       1       0.029       0.029    0.2
      load_centroids.gflat_to_rmu                      1       0.426       0.426    2.4
      load_centroids.reshard                           1       0.121       0.121    0.7
    right.pair                                         1       0.128       0.128    0.7
    q0_sum                                             1       0.299       0.299    1.7
  prune.select                                         1       0.649       0.649    3.6
