[lxrun] JID 52225959 · 2 nodes · 1:44:56 left · 2/2 free · incoming: lx-D
  1  nid001041  free   —              —      —  ← starting lx-D  python3 -u -m gw.gw_jax 
  2  nid001125  free   —              —      —

========================================================================
  COHSEX-JAX: Self-Energy Calculation
========================================================================
  Backend: GPU       Devices: 4  Mesh: 2×2  Processes: 4
  Device type: NVIDIA A100-SXM4-40GB
  XLA preallocate: false  mem_fraction: unset
========================================================================

  ISDF basis: 960 centroids
  FFT grid: 24×24×24   Cell volume: 270.11 a.u.³

  BGW vcoul override: loading /pscratch/sd/j/jackm/lorrax_sandbox/runs/Si/00_si_4x4x4_60band/D_lorrax_xonly_overlay_960c/bgw_vcoul.dat
    41 unique q-points, G counts per q: [537, 570, 568, 576, 562, 574, 588, 560, 570, 570, 570, 568, 576, 562, 562, 562, 562, 562, 574, 574, 570, 576, 562, 562, 574, 574, 588, 560, 570, 568, 576, 562, 562, 562, 562, 562, 562, 574, 574, 560, 560]
    Memory estimate: peak 26.80 GB (budget 28.00 GB), bottleneck=zct
    Per-stage: fft=9.81  zct=17.46  reshard=10.66  solve=7.42  gather=4.35 GB
    AOT fit_one_rchunk peak (driver-level): 14.65 GB

  Chunked ISDF fitting:
    Band chunks: 60
    R chunks:    13824 (contiguous r-space)
    Q chunks:    64
    Zeta output: /pscratch/sd/j/jackm/lorrax_sandbox/runs/Si/00_si_4x4x4_60band/D_lorrax_xonly_overlay_960c/tmp/zeta_q.h5

  Zeta fitting: 1 r-chunks x 13824 r-points, 60 bands (60 left + 60 right)
  Output: /pscratch/sd/j/jackm/lorrax_sandbox/runs/Si/00_si_4x4x4_60band/D_lorrax_xonly_overlay_960c/tmp/zeta_q.h5
  Left wfns:  (64, 60, 2, 960)
  Right wfns: (64, 60, 2, 960)
  Pseudobands normalization: 0 weighted, 0 zero-weight (skipped)
  Computing pair densities P_l, P_r (spin_traced)
/opt/jax/jax/_src/interpreters/mlir.py:1178: UserWarning: Some donated buffers were not usable: ShapedArray(complex128[64,480,480]).
See an explanation at https://jax.readthedocs.io/en/latest/faq.html#buffer-donation.
  warnings.warn("Some donated buffers were not usable:"
/opt/jax/jax/_src/interpreters/mlir.py:1178: UserWarning: Some donated buffers were not usable: ShapedArray(complex128[64,480,480]).
See an explanation at https://jax.readthedocs.io/en/latest/faq.html#buffer-donation.
  warnings.warn("Some donated buffers were not usable:"
/opt/jax/jax/_src/interpreters/mlir.py:1178: UserWarning: Some donated buffers were not usable: ShapedArray(complex128[64,480,480]).
See an explanation at https://jax.readthedocs.io/en/latest/faq.html#buffer-donation.
  warnings.warn("Some donated buffers were not usable:"
/opt/jax/jax/_src/interpreters/mlir.py:1178: UserWarning: Some donated buffers were not usable: ShapedArray(complex128[64,480,480]).
See an explanation at https://jax.readthedocs.io/en/latest/faq.html#buffer-donation.
  warnings.warn("Some donated buffers were not usable:"
  Computing L_q = chol(C_q)
  L_q: (64, 960, 960)
/pscratch/sd/j/jackm/lorrax_sandbox/sources/lorrax_D/src/file_io/_slab_io_ffi.py:239: UserWarning: FFI backend: chunks/attrs on create_dataset currently no-op; pre-create with h5py if you need explicit chunking or attrs.
  warnings.warn(
/pscratch/sd/j/jackm/lorrax_sandbox/sources/lorrax_D/src/file_io/_slab_io_ffi.py:239: UserWarning: FFI backend: chunks/attrs on create_dataset currently no-op; pre-create with h5py if you need explicit chunking or attrs.
  warnings.warn(
/pscratch/sd/j/jackm/lorrax_sandbox/sources/lorrax_D/src/file_io/_slab_io_ffi.py:239: UserWarning: FFI backend: chunks/attrs on create_dataset currently no-op; pre-create with h5py if you need explicit chunking or attrs.
  warnings.warn(
/pscratch/sd/j/jackm/lorrax_sandbox/sources/lorrax_D/src/file_io/_slab_io_ffi.py:239: UserWarning: FFI backend: chunks/attrs on create_dataset currently no-op; pre-create with h5py if you need explicit chunking or attrs.
  warnings.warn(
  ψ(G) host cache: 0.42 GB/process resident
Started zeta fitting at 12:34:08.
[ 12:34:08 | ██████████ | 100% ] r-chunk 1 / 1 · ETA 0 s
Finished zeta fitting at 12:34:08.  Elapsed: 0 s.
  [SlabIO.close] draining 1 pending writes for zeta_q.h5 …
  [SlabIO.close] Python dispatch drained in 11.4 s; joining writer thread
  [SlabIO.close] writer thread joined in 0.0 s; calling H5Fclose collectively
  [SlabIO.close] H5Fclose returned in 0.7 s
  Zeta output: /pscratch/sd/j/jackm/lorrax_sandbox/runs/Si/00_si_4x4x4_60band/D_lorrax_xonly_overlay_960c/tmp/zeta_q.h5  shape: (4,4,4,960,13824)
  Timing (1 r-chunks, 1.8s total):
    fit      1.77s  98.6%
    H5       0.02s   1.4%
    GPU high-water mark: 5.77 GB / 28.00 GB budget (21%)
    γ (runtime / AOT-pred) = 0.394  (AOT predicted 14.65 GB)
    V_q bare cutoff: 25.0 Ry
    V_q budget:    26.92 GB
    V_q mu chunks: 960
    V_q q batches: 4
  V_q (sharded): mesh=2x2, one-shot (Case A), q_chunk=64, μ_chunk=960 (1 μ-blocks), aligned=True, N_μ=960, N_G=645, predicted peak/rank=1.63 GB (V_ref+g0_ref=0.24 GB)
Started V_q computation at 12:34:25.
[ 12:34:25 | ░░░░░░░░░░ |   2% ] q-point  1 / 64 · ETA 0 s
[ 12:34:25 | █░░░░░░░░░ |   6% ] q-point  4 / 64 · ETA 0 s
[ 12:34:25 | █░░░░░░░░░ |  12% ] q-point  8 / 64 · ETA 0 s
[ 12:34:25 | ██░░░░░░░░ |  17% ] q-point 11 / 64 · ETA 0 s
[ 12:34:25 | ██░░░░░░░░ |  22% ] q-point 14 / 64 · ETA 0 s
[ 12:34:25 | ███░░░░░░░ |  28% ] q-point 18 / 64 · ETA 0 s
[ 12:34:25 | ███░░░░░░░ |  33% ] q-point 21 / 64 · ETA 0 s
[ 12:34:25 | ████░░░░░░ |  38% ] q-point 24 / 64 · ETA 0 s
[ 12:34:25 | ████░░░░░░ |  44% ] q-point 28 / 64 · ETA 0 s
[ 12:34:25 | █████░░░░░ |  48% ] q-point 31 / 64 · ETA 0 s
[ 12:34:25 | █████░░░░░ |  53% ] q-point 34 / 64 · ETA 0 s
[ 12:34:25 | ██████░░░░ |  58% ] q-point 37 / 64 · ETA 0 s
[ 12:34:25 | ██████░░░░ |  64% ] q-point 41 / 64 · ETA 0 s
[ 12:34:25 | ███████░░░ |  69% ] q-point 44 / 64 · ETA 0 s
[ 12:34:25 | ███████░░░ |  73% ] q-point 47 / 64 · ETA 0 s
[ 12:34:25 | ████████░░ |  80% ] q-point 51 / 64 · ETA 0 s
[ 12:34:25 | ████████░░ |  84% ] q-point 54 / 64 · ETA 0 s
[ 12:34:25 | █████████░ |  89% ] q-point 57 / 64 · ETA 0 s
[ 12:34:25 | ██████████ |  95% ] q-point 61 / 64 · ETA 0 s
[ 12:34:25 | ██████████ | 100% ] q-point 64 / 64 · ETA 0 s
Finished V_q computation at 12:34:25.  Elapsed: 0 s.
  [SlabIO.close] draining 0 pending writes for zeta_q.h5 …
  [SlabIO.close] Python dispatch drained in 0.0 s; joining writer thread
  [SlabIO.close] writer thread joined in 0.0 s; calling H5Fclose collectively
  [SlabIO.close] H5Fclose returned in 0.7 s

  V_q computed:
    Shape: (1, 1, 1, 4, 4, 4, 960, 960)
    V_q=0 trace: 4727842.5909
  [SlabIO.close] draining 3 pending writes for isdf_tensors_960.h5 …
  [SlabIO.close] Python dispatch drained in 2.5 s; joining writer thread
  [SlabIO.close] writer thread joined in 0.0 s; calling H5Fclose collectively
  [SlabIO.close] H5Fclose returned in 0.1 s
  Wavefunctions built (b0:b4=60 bands, 4 sharded copies: xn/xr/yr/yn)
  [SlabIO.close] draining 1 pending writes for isdf_tensors_960.h5 …
  [SlabIO.close] Python dispatch drained in 0.4 s; joining writer thread
  [SlabIO.close] writer thread joined in 0.0 s; calling H5Fclose collectively
  [SlabIO.close] H5Fclose returned in 0.0 s
  Chunked ISDF path complete

------------------------------------------------------------------------
  FINITE-SIZE CORRECTIONS
------------------------------------------------------------------------
  Head source: override
  v(q→0)  =     3303.748 a.u.  (bare Coulomb head)

------------------------------------------------------------------------
  STATIC HEAD TERMS (exact COHSEX / BGW-style)
------------------------------------------------------------------------
  Head source: override
  v_h(q→0)           =  3303.748102 a.u.
  W_h(q→0, ω=0)      =   150.338778 a.u.
  W_h^c              = -3153.409324 a.u.
  Σ^X head (occ)     = -1.911133e-01 Ry
  Σ^SX head (occ)    = -8.696709e-03 Ry
  Σ^(SX-X) head(occ) = 1.824166e-01 Ry
  Σ^COH head (all)   = -9.120828e-02 Ry
  Bare Σ_X diagonal (eV), k=0: -17.4145  -17.4145  -12.9038  -12.9038  -12.8860  -12.8870  -12.8864  -12.8862

  Output: /pscratch/sd/j/jackm/lorrax_sandbox/runs/Si/00_si_4x4x4_60band/D_lorrax_xonly_overlay_960c/eqp0.dat
  Restart:  /pscratch/sd/j/jackm/lorrax_sandbox/runs/Si/00_si_4x4x4_60band/D_lorrax_xonly_overlay_960c/tmp/isdf_tensors_960.h5

--- Timing ---
Total recorded: 27.737 s
Section                                            Count    Total[s]     Self[s]      %
gw_jax.load_centroid_wfns                              1       1.288       1.155    4.6
  load_wfns.precompute_owned                           1       0.000       0.000    0.0
  load_wfns.k_loop                                     1       0.024       0.024    0.1
  load_wfns.scatter                                    1       0.037       0.037    0.1
  load_wfns.make_global_array                          1       0.071       0.071    0.3
gw_jax.zeta_fit_chunked                                1      18.563       0.917   66.9
  zeta_fit.slice_halves                                1       0.032       0.032    0.1
  zeta_fit.CCT                                         1       0.380       0.380    1.4
  zeta_fit.cholesky                                    1       1.283       1.283    4.6
  zeta_fit.gc_pre_chunk_loop                           1       0.066       0.066    0.2
  zeta_fit.open_file                                   1       1.992       1.992    7.2
  zeta_fit.chunk_loop                                  1       1.797       0.000    6.5
    zeta_fit.chunk.fit_one_rchunk                      1       1.772       1.772    6.4
    zeta_fit.chunk.h5_write                            1       0.024       0.024    0.1
  zeta_fit.close_io                                    1      12.084      12.084   43.6
  zeta_fit.sync_global                                 1       0.012       0.012    0.0
gw_jax.V_q_compute                                     1       6.280       0.878   22.6
  compute_all_V_q_sharded                              1       5.402       5.402   19.5
gw_jax.wavefunction_setup                              1       0.030       0.030    0.1
gw_jax.sigma                                           1       1.576       1.576    5.7
