JAX: 1 gpu devices
== kin_ion_io ==
Loading WFN: WFN.h5
Bands: 16, FFT grid: (36, 36, 36), k-points: 8
sys_dim: 3
Devices: 1
No pseudopotentials (*.upf) found in /pscratch/sd/j/jackm/lorrax_sandbox/runs/Si_pseudobands/00_si_2x2x2_60Ry/D_lorrax_pb100sl_nb16_xonly
Found pseudopotentials in /pscratch/sd/j/jackm/lorrax_sandbox/runs/Si_pseudobands/00_si_2x2x2_60Ry/D_lorrax_pb100sl_nb16_xonly/../qe/scf
Pseudopotentials: ['Si']
Coulomb truncation: 3D bulk
Building V_loc...
Building unified V_NL setup...
E0505 17:57:24.116470  591339 hlo_lexer.cc:443] Failed to parse int literal: 3108256298220942765969

Processing 8 k-points...
  k=1/8...

Writing to /pscratch/sd/j/jackm/lorrax_sandbox/runs/Si_pseudobands/00_si_2x2x2_60Ry/D_lorrax_pb100sl_nb16_xonly/kin_ion.h5...
Wrote kin_ion.h5: shape (8, 16, 16), sys_dim=3
--- Timing (seconds) ---
Total recorded: 4.063 s
Section                                            Count    Total[s]     Self[s]      %
load_wfn                                               1       0.048       0.048    1.2
build_V_loc                                            1       0.881       0.881   21.7
k0                                                     1       1.203       1.203   29.6
k1                                                     1       0.930       0.930   22.9
k2                                                     1       0.014       0.014    0.3
k3                                                     1       0.927       0.927   22.8
k4                                                     1       0.015       0.015    0.4
k5                                                     1       0.015       0.015    0.4
k6                                                     1       0.013       0.013    0.3
k7                                                     1       0.012       0.012    0.3
write_h5                                               1       0.004       0.004    0.1
