[fft_ffi] flat-k 3-D FFTs -> cuFFT strided CUDA FFI handler (lorrax_mklfft_flat_k): cufftPlanMany64 advanced layout (istride=T, idist=1 — the stride-descriptor analog) reading the dot-layout tile in place; jnp.fft norm scales applied by a fused device kernel.
  [compile-cache] cache dir (default): /scratch2/08271/jackmc/lorrax_jax_cache ($SCRATCH default; override with ISDF_JAX_CACHE_DIR, "" opts out).
  [compile-cache] ARMED at 4 processes, shared dir /scratch2/08271/jackmc/lorrax_jax_cache/np4 (1694 entries advertised, 1694 agreed by all ranks; agree+prefetch 1.62s of which prefetch 1.33s).
==============================================================================
  LORRAX runtime — resolved startup configuration
==============================================================================
  This is rank 0 of 4, and it addresses 1 of the 4 devices in the job.
  jax.distributed.initialize() took its auto-detected form with local_device_ids=[0].
  The JAX platform resolved to 'gpu' on devices of kind 'Quadro RTX 5000', from JAX_PLATFORMS='cuda,cpu', under jax 0.9.1 with 64-bit values enabled.
  The run's device mesh is 2x2 over axes ('x', 'y'), and its communicator cliques were warmed before the first physics jit.
  Bringing this stack up took 76.3 s in total: 60.5 s for the environment, jax.distributed and backend init, 14.1 s to build the mesh and warm its communicators, 1.6 s to arm the compile cache and 0.0 s to measure everything in this block.
  Demotions listed above are this rank's; a demotion that happened only on another rank is announced in that rank's own output and does not appear here.
  Cross-process collectives run on NCCL because this is a GPU platform, so JAX_CPU_COLLECTIVES_IMPLEMENTATION does not apply.
  The XLA memory pool, read from jax.local_devices()[0].memory_stats() and not from os.environ, reports a limit of 0.00 GB with 0.00 GB in use and a peak of 0.00 GB so far.
  XLA_PYTHON_CLIENT_PREALLOCATE resolved to false (raw 'false') and XLA_PYTHON_CLIENT_ALLOCATOR resolved to 'cuda_async' (raw 'cuda_async') — NOT LORRAX's canonical pair, which is preallocate=false with the allocator left unset (BFC); a caller overrode it.
  The CUDA FFI library loaded from /work2/08271/jackmc/frontera/lorrax_ffi_p12_cuda/build_phdf5/liblorrax_ffi.so, selected by LORRAX_FFI_SO.
  The LORRAX_BANDS_GEMM_FFI dial is unset and resolved to on, so the contract_bands right-GEMM contraction rides the platform's native lowering — the dial exists on cpu only and this run's backend is 'gpu', where startup enforcement skips it by the gate's declared platform policy (the native lowering IS the required path there).
  The LORRAX_FFT_FFI dial is unset and resolved to on, so the flat-k 3-D FFT helper path is routed through the FFI handler (the required layer).
  The LORRAX_FFT_FFI_FUSED dial is unset and resolved to on, so the fused IFFT-multiply-FFT tau kernel is routed through the FFI handler (the required layer).
  The distributed backends available for eigh on this mesh are cusolvermp, distributed, native; which one runs is the input-file key, not an environment variable.
  The distributed backends available for cholesky on this mesh are cusolvermp, native; which one runs is the input-file key, not an environment variable.
  The distributed backends available for solve_lu on this mesh are cusolvermp, distributed, native; which one runs is the input-file key, not an environment variable.
  This process is pinned to 32 schedulable CPUs, with OMP_NUM_THREADS='1', MKL_NUM_THREADS=None and OPENBLAS_NUM_THREADS=None.
  Inside the FFI handlers the BLAS team size is LORRAX_MKLBLAS_THREADS=None for the batched GEMM, where unset means the ambient thread count, and LORRAX_SCALAPACK_MKL_THREADS=None for the ScaLAPACK handlers, where unset means a cap of 4 because pzheevd measured 11.28 s per q at 14 MKL threads against 0.463 s at 4.
  The JAX persistent compile cache is enabled at /scratch2/08271/jackmc/lorrax_jax_cache/np4, shared by all 4 ranks through the hit/miss agreement layer.
  The cache key includes every array shape, so a system size this machine has not run before misses every entry no matter how warm the cache looks.
  The fail-fast excepthook is installed, so an uncaught exception on any rank exits the step non-zero instead of leaving its peers blocked in a collective that rank will never join.
  glibc malloc tuning is in force with M_MMAP_THRESHOLD=1 MB and M_TRIM_THRESHOLD=128 MB, which is the mitigation for the per-r-chunk RSS ramp on long XLA:CPU runs.
==============================================================================
read_lorrax_input: 2 unrecognized deck key(s) in gw.in:
    x_only (line 9): ignored — not a recognized deck key
    use_chunked_isdf (line 22): ignored — not a recognized deck key
W0801 07:10:47.812416    3102 pjrt_executable.cc:638] Assume version compatibility. PjRt-IFRT does not track XLA executable versions.
  [config] slab_io=auto on GPU backend: CUDA FFI exports the collective phdf5 write handler (single-node).  Routing SlabIO through PHDF5_FFI.
MPI startup(): Could not import some environment variables. Intel MPI process pinning will not be used.
               Possible reason: Using the Slurm srun command. In this case, Slurm pinning will be used.
[0] MPI startup(): Intel(R) MPI Library, Version 2019 Update 9  Build 20200923 (id: abd58e492)
[0] MPI startup(): Copyright (C) 2003-2020 Intel Corporation.  All rights reserved.
[0] MPI startup(): library kind: release
[0] MPI startup(): libfabric version: 1.10.1-impi
[0] MPI startup(): libfabric provider: tcp;ofi_rxm
[0] MPI startup(): Rank    Pid      Node name                          Pin cpu
[0] MPI startup(): 0       3102     c196-011.frontera.tacc.utexas.edu  0,1,2,3,4,5,6,7,8,9,10,11,12,13,14,15,16,17,18,19,20,21,22,23,24,25,26,27,28,29,30,31
[0] MPI startup(): 1       3058     c196-011.frontera.tacc.utexas.edu  0,1,2,3,4,5,6,7,8,9,10,11,12,13,14,15,16,17,18,19,20,21,22,23,24,25,26,27,28,29,30,31
[0] MPI startup(): 2       3073     c196-011.frontera.tacc.utexas.edu  0,1,2,3,4,5,6,7,8,9,10,11,12,13,14,15,16,17,18,19,20,21,22,23,24,25,26,27,28,29,30,31
[0] MPI startup(): 3       3070     c196-011.frontera.tacc.utexas.edu  0,1,2,3,4,5,6,7,8,9,10,11,12,13,14,15,16,17,18,19,20,21,22,23,24,25,26,27,28,29,30,31

========================================================================
  COHSEX-JAX: Self-Energy Calculation
========================================================================
  Backend: GPU       Devices: 4  Mesh: 2×2  Processes: 4
  Device type: Quadro RTX 5000
  XLA allocator: cuda_async  preallocate: off  mem_fraction: unset
  [note] cudaMallocAsync; peak_bytes_in_use measured IDENTICAL to BFC for steady allocations (job 7882447).  Transient-heavy kernels were not tested — treat a peak from this allocator as unverified there, not as wrong.
  XLA pool: in_use=0.00 GB, peak=0.00 GB  (this allocator reports no bytes_limit, so there is no 'available' figure)
========================================================================

  [WfnLoader] read backend = phdf5 (auto, 4 processes) — collective MPI-IO read through the phdf5 FFI .so
W0801 07:10:48.879836    3102 pjrt_executable.cc:638] Assume version compatibility. PjRt-IFRT does not track XLA executable versions.
[density-symmetry] WFN.h5: TRS=HOLDS (measured, ‖m‖/‖ρ‖=4.29e-14, coverage=25%, mesh-implies-TRS=True) | spatial 2/2 ops tested, max resid 5.36e-13 | ∫ρ=26.000000 (exp 26.000000, rel 8.2e-16) | 2.84s (io 0.25 + fft 2.29) (10 k)
  ISDF basis: 108 centroids
  FFT grid: 24×24×80   Cell volume: 702.20 a.u.³

[stage 07:10:51] -> ISDF basis + wavefunctions
W0801 07:10:51.447640    3102 pjrt_executable.cc:638] Assume version compatibility. PjRt-IFRT does not track XLA executable versions.

  ISDF memory model — chunk plan + HWM estimate
    band_chunk    = 16
    r_chunk       = 46080  (1 chunks)
    q_chunk       = 16
    gflat_cs      = 100
    P_min (floor) = 1
    budget        = 12.00 GB/dev  (util 0.85)
    persistent    = 0.05 GB/dev
    HWM estimate  = 4.66 GB/dev (39% of budget) [binder: C_fit_one_rchunk]
    per-stage peaks (persistent + transient, GB/dev):
      C_fit_one_rchunk....    4.66 <=
      D_accumulate........    0.52
      A_centroid_load.....    0.24
      B_cct_chol..........    0.06
      E_v_q...............    0.04
      F_tensor_write......    0.03
W0801 07:10:52.511265    3102 pjrt_executable.cc:638] Assume version compatibility. PjRt-IFRT does not track XLA executable versions.
W0801 07:10:52.531029    3102 pjrt_executable.cc:638] Assume version compatibility. PjRt-IFRT does not track XLA executable versions.
W0801 07:10:52.549657    3102 pjrt_executable.cc:638] Assume version compatibility. PjRt-IFRT does not track XLA executable versions.
W0801 07:10:52.609926    3102 pjrt_executable.cc:638] Assume version compatibility. PjRt-IFRT does not track XLA executable versions.
W0801 07:10:52.783230    3102 pjrt_executable.cc:638] Assume version compatibility. PjRt-IFRT does not track XLA executable versions.
W0801 07:10:52.795754    3102 pjrt_executable.cc:638] Assume version compatibility. PjRt-IFRT does not track XLA executable versions.
W0801 07:10:52.804792    3102 pjrt_executable.cc:638] Assume version compatibility. PjRt-IFRT does not track XLA executable versions.
W0801 07:10:52.813358    3102 pjrt_executable.cc:638] Assume version compatibility. PjRt-IFRT does not track XLA executable versions.
W0801 07:10:52.823102    3102 pjrt_executable.cc:638] Assume version compatibility. PjRt-IFRT does not track XLA executable versions.
W0801 07:10:52.834516    3102 pjrt_executable.cc:638] Assume version compatibility. PjRt-IFRT does not track XLA executable versions.
W0801 07:10:52.844094    3102 pjrt_executable.cc:638] Assume version compatibility. PjRt-IFRT does not track XLA executable versions.
W0801 07:10:52.853090    3102 pjrt_executable.cc:638] Assume version compatibility. PjRt-IFRT does not track XLA executable versions.
W0801 07:10:52.861891    3102 pjrt_executable.cc:638] Assume version compatibility. PjRt-IFRT does not track XLA executable versions.
W0801 07:10:52.870504    3102 pjrt_executable.cc:638] Assume version compatibility. PjRt-IFRT does not track XLA executable versions.
W0801 07:10:52.882792    3102 pjrt_executable.cc:638] Assume version compatibility. PjRt-IFRT does not track XLA executable versions.
W0801 07:10:52.891636    3102 pjrt_executable.cc:638] Assume version compatibility. PjRt-IFRT does not track XLA executable versions.
W0801 07:10:52.900831    3102 pjrt_executable.cc:638] Assume version compatibility. PjRt-IFRT does not track XLA executable versions.
W0801 07:10:52.909876    3102 pjrt_executable.cc:638] Assume version compatibility. PjRt-IFRT does not track XLA executable versions.
W0801 07:10:52.918966    3102 pjrt_executable.cc:638] Assume version compatibility. PjRt-IFRT does not track XLA executable versions.
W0801 07:10:52.928781    3102 pjrt_executable.cc:638] Assume version compatibility. PjRt-IFRT does not track XLA executable versions.
W0801 07:10:52.937185    3102 pjrt_executable.cc:638] Assume version compatibility. PjRt-IFRT does not track XLA executable versions.
W0801 07:10:52.946178    3102 pjrt_executable.cc:638] Assume version compatibility. PjRt-IFRT does not track XLA executable versions.
W0801 07:10:52.955010    3102 pjrt_executable.cc:638] Assume version compatibility. PjRt-IFRT does not track XLA executable versions.
W0801 07:10:52.963879    3102 pjrt_executable.cc:638] Assume version compatibility. PjRt-IFRT does not track XLA executable versions.
W0801 07:10:52.971883    3102 pjrt_executable.cc:638] Assume version compatibility. PjRt-IFRT does not track XLA executable versions.
W0801 07:10:52.980238    3102 pjrt_executable.cc:638] Assume version compatibility. PjRt-IFRT does not track XLA executable versions.
W0801 07:10:52.988379    3102 pjrt_executable.cc:638] Assume version compatibility. PjRt-IFRT does not track XLA executable versions.
W0801 07:10:52.996974    3102 pjrt_executable.cc:638] Assume version compatibility. PjRt-IFRT does not track XLA executable versions.
W0801 07:10:53.009069    3102 pjrt_executable.cc:638] Assume version compatibility. PjRt-IFRT does not track XLA executable versions.
W0801 07:10:53.091192    3102 pjrt_executable.cc:638] Assume version compatibility. PjRt-IFRT does not track XLA executable versions.
W0801 07:10:53.181304    3102 pjrt_executable.cc:638] Assume version compatibility. PjRt-IFRT does not track XLA executable versions.
W0801 07:10:53.244363    3102 pjrt_executable.cc:638] Assume version compatibility. PjRt-IFRT does not track XLA executable versions.
W0801 07:10:53.850347    3102 pjrt_executable.cc:638] Assume version compatibility. PjRt-IFRT does not track XLA executable versions.
W0801 07:10:53.859550    3102 pjrt_executable.cc:638] Assume version compatibility. PjRt-IFRT does not track XLA executable versions.
W0801 07:10:53.871433    3102 pjrt_executable.cc:638] Assume version compatibility. PjRt-IFRT does not track XLA executable versions.
W0801 07:10:53.882998    3102 pjrt_executable.cc:638] Assume version compatibility. PjRt-IFRT does not track XLA executable versions.
W0801 07:10:53.911676    3102 pjrt_executable.cc:638] Assume version compatibility. PjRt-IFRT does not track XLA executable versions.
W0801 07:10:53.920279    3102 pjrt_executable.cc:638] Assume version compatibility. PjRt-IFRT does not track XLA executable versions.
W0801 07:10:53.930085    3102 pjrt_executable.cc:638] Assume version compatibility. PjRt-IFRT does not track XLA executable versions.
W0801 07:10:53.940658    3102 pjrt_executable.cc:638] Assume version compatibility. PjRt-IFRT does not track XLA executable versions.
W0801 07:10:53.951463    3102 pjrt_executable.cc:638] Assume version compatibility. PjRt-IFRT does not track XLA executable versions.
W0801 07:10:53.961690    3102 pjrt_executable.cc:638] Assume version compatibility. PjRt-IFRT does not track XLA executable versions.
W0801 07:10:53.971406    3102 pjrt_executable.cc:638] Assume version compatibility. PjRt-IFRT does not track XLA executable versions.
W0801 07:10:53.979845    3102 pjrt_executable.cc:638] Assume version compatibility. PjRt-IFRT does not track XLA executable versions.
W0801 07:10:53.989603    3102 pjrt_executable.cc:638] Assume version compatibility. PjRt-IFRT does not track XLA executable versions.
W0801 07:10:53.998442    3102 pjrt_executable.cc:638] Assume version compatibility. PjRt-IFRT does not track XLA executable versions.
W0801 07:10:54.007602    3102 pjrt_executable.cc:638] Assume version compatibility. PjRt-IFRT does not track XLA executable versions.
W0801 07:10:54.015277    3102 pjrt_executable.cc:638] Assume version compatibility. PjRt-IFRT does not track XLA executable versions.
W0801 07:10:54.026504    3102 pjrt_executable.cc:638] Assume version compatibility. PjRt-IFRT does not track XLA executable versions.
W0801 07:10:54.038336    3102 pjrt_executable.cc:638] Assume version compatibility. PjRt-IFRT does not track XLA executable versions.
W0801 07:10:54.056895    3102 pjrt_executable.cc:638] Assume version compatibility. PjRt-IFRT does not track XLA executable versions.
W0801 07:10:54.075405    3102 pjrt_executable.cc:638] Assume version compatibility. PjRt-IFRT does not track XLA executable versions.
W0801 07:10:54.086838    3102 pjrt_executable.cc:638] Assume version compatibility. PjRt-IFRT does not track XLA executable versions.
W0801 07:10:54.096004    3102 pjrt_executable.cc:638] Assume version compatibility. PjRt-IFRT does not track XLA executable versions.
W0801 07:10:54.104777    3102 pjrt_executable.cc:638] Assume version compatibility. PjRt-IFRT does not track XLA executable versions.
W0801 07:10:54.113993    3102 pjrt_executable.cc:638] Assume version compatibility. PjRt-IFRT does not track XLA executable versions.
W0801 07:10:54.122318    3102 pjrt_executable.cc:638] Assume version compatibility. PjRt-IFRT does not track XLA executable versions.
W0801 07:10:54.131321    3102 pjrt_executable.cc:638] Assume version compatibility. PjRt-IFRT does not track XLA executable versions.
W0801 07:10:54.140485    3102 pjrt_executable.cc:638] Assume version compatibility. PjRt-IFRT does not track XLA executable versions.
W0801 07:10:54.149809    3102 pjrt_executable.cc:638] Assume version compatibility. PjRt-IFRT does not track XLA executable versions.
W0801 07:10:54.158062    3102 pjrt_executable.cc:638] Assume version compatibility. PjRt-IFRT does not track XLA executable versions.
W0801 07:10:54.191832    3102 pjrt_executable.cc:638] Assume version compatibility. PjRt-IFRT does not track XLA executable versions.
W0801 07:10:54.201120    3102 pjrt_executable.cc:638] Assume version compatibility. PjRt-IFRT does not track XLA executable versions.
W0801 07:10:54.210212    3102 pjrt_executable.cc:638] Assume version compatibility. PjRt-IFRT does not track XLA executable versions.
W0801 07:10:54.219727    3102 pjrt_executable.cc:638] Assume version compatibility. PjRt-IFRT does not track XLA executable versions.

  Chunked ISDF fitting:
    Band chunks: 16
    R chunks:    46080 (contiguous r-space)
    Q chunks:    16
    GFlat cs:    100
    Zeta output: /scratch2/08271/jackmc/lorrax_sandbox/runs/p12_gpu_cert/run_g108_defaults_fix/tmp/zeta_q.h5
    cutoffs: zeta = 30.0 Ry, bare-Coulomb = 30.0 Ry  (ecutwfc=30.0, ecutrho=120.0)

  Zeta fitting: 1 r-chunks x 46080 r-points, 128 bands (128 left + 128 right)
  Output: /scratch2/08271/jackmc/lorrax_sandbox/runs/p12_gpu_cert/run_g108_defaults_fix/tmp/zeta_q.h5
  Left wfns:  (16, 128, 2, 108)
  Right wfns: (16, 128, 2, 108)
W0801 07:10:54.276389    3102 pjrt_executable.cc:638] Assume version compatibility. PjRt-IFRT does not track XLA executable versions.
W0801 07:10:54.284341    3102 pjrt_executable.cc:638] Assume version compatibility. PjRt-IFRT does not track XLA executable versions.
W0801 07:10:54.293579    3102 pjrt_executable.cc:638] Assume version compatibility. PjRt-IFRT does not track XLA executable versions.
W0801 07:10:54.302992    3102 pjrt_executable.cc:638] Assume version compatibility. PjRt-IFRT does not track XLA executable versions.
W0801 07:10:54.312590    3102 pjrt_executable.cc:638] Assume version compatibility. PjRt-IFRT does not track XLA executable versions.
W0801 07:10:54.323041    3102 pjrt_executable.cc:638] Assume version compatibility. PjRt-IFRT does not track XLA executable versions.
  Computing C_q via shard_map pipeline (open-spin, charge γ̃^0=I)
W0801 07:10:54.349677    3102 pjrt_executable.cc:638] Assume version compatibility. PjRt-IFRT does not track XLA executable versions.
W0801 07:10:54.357903    3102 pjrt_executable.cc:638] Assume version compatibility. PjRt-IFRT does not track XLA executable versions.
W0801 07:10:54.366823    3102 pjrt_executable.cc:638] Assume version compatibility. PjRt-IFRT does not track XLA executable versions.
W0801 07:10:54.403116    3102 pjrt_executable.cc:638] Assume version compatibility. PjRt-IFRT does not track XLA executable versions.
W0801 07:10:54.740439    3102 pjrt_executable.cc:638] Assume version compatibility. PjRt-IFRT does not track XLA executable versions.
W0801 07:10:54.751074    3102 pjrt_executable.cc:638] Assume version compatibility. PjRt-IFRT does not track XLA executable versions.
W0801 07:10:54.761048    3102 pjrt_executable.cc:638] Assume version compatibility. PjRt-IFRT does not track XLA executable versions.
W0801 07:10:54.770610    3102 pjrt_executable.cc:638] Assume version compatibility. PjRt-IFRT does not track XLA executable versions.
W0801 07:10:54.778316    3102 pjrt_executable.cc:638] Assume version compatibility. PjRt-IFRT does not track XLA executable versions.
W0801 07:10:54.786716    3102 pjrt_executable.cc:638] Assume version compatibility. PjRt-IFRT does not track XLA executable versions.
W0801 07:10:54.795947    3102 pjrt_executable.cc:638] Assume version compatibility. PjRt-IFRT does not track XLA executable versions.
W0801 07:10:54.805742    3102 pjrt_executable.cc:638] Assume version compatibility. PjRt-IFRT does not track XLA executable versions.
W0801 07:10:54.814051    3102 pjrt_executable.cc:638] Assume version compatibility. PjRt-IFRT does not track XLA executable versions.
  Computing L_q = rank-truncated pinv  [PSD, charge channel, path=replicated_rank_truncate]
  Zeta back-solve tier: replicated (distributed_zeta_solve=auto)  replicated (nq,μ,μ) gather would be 0.00 GB/rank; per-q tile 0.000 GB (×nq executions/r-chunk); distributed tier gathers NO (μ,μ) object
[zeta rank_truncate] n_log=108 rcond=1.0e-08 n_keep/q=[108 108 108 108 108 108 108 108 108 108] lam_max/q=[0.00299289 0.00298726 0.00298395 0.00298726 0.00298362 0.00298362
 0.00298726 0.00298395 0.00298362 0.00298395] lam_min_kept/q=[3.78923135e-06 4.68613197e-06 5.85847214e-06 4.68613580e-06
 5.75120133e-06 5.75120080e-06 4.68613326e-06 5.85847929e-06
 5.75120589e-06 5.85847379e-06] kappa/q=[789.83986535 637.46763874 509.3400362  637.46712448 518.78212807
 518.7821708  637.46746352 509.33941217 518.78172152 509.33987436] ldrop_hi/q=[-inf -inf -inf -inf -inf -inf -inf -inf -inf -inf] lam_min/q=[3.78923135e-06 4.68613197e-06 5.85847214e-06 4.68613580e-06
 5.75120133e-06 5.75120080e-06 4.68613326e-06 5.85847929e-06
 5.75120589e-06 5.85847379e-06] margin/q=[0. 0. 0. 0. 0. 0. 0. 0. 0. 0.]
  L_q: (10, 108, 108)
  q-IBZ reduction: 10 IBZ q-points / 16 full-BZ (disk shrink 1.6×)
  G-flat ζ sphere: ngkmax=1964, min ngk=1933, max ngk=1964 (4.262% of n_rtot)
W0801 07:10:58.761314    3102 pjrt_executable.cc:638] Assume version compatibility. PjRt-IFRT does not track XLA executable versions.
/scratch2/08271/jackmc/lorrax_sandbox/runs/p12_gpu_cert/srcsnap_p12fix/src/file_io/_slab_io_ffi.py:564: UserWarning: FFI backend: chunks/attrs on create_dataset currently no-op; pre-create with h5py if you need explicit chunking or attrs.
  warnings.warn(
W0801 07:10:58.919608    3102 pjrt_executable.cc:638] Assume version compatibility. PjRt-IFRT does not track XLA executable versions.
W0801 07:10:58.938693    3102 pjrt_executable.cc:638] Assume version compatibility. PjRt-IFRT does not track XLA executable versions.
W0801 07:10:58.957901    3102 pjrt_executable.cc:638] Assume version compatibility. PjRt-IFRT does not track XLA executable versions.
W0801 07:10:58.999726    3102 pjrt_executable.cc:638] Assume version compatibility. PjRt-IFRT does not track XLA executable versions.
W0801 07:10:59.012581    3102 pjrt_executable.cc:638] Assume version compatibility. PjRt-IFRT does not track XLA executable versions.
  ψ(G-flat) host cache: 0.03 GB/process resident
W0801 07:10:59.155906    3102 pjrt_executable.cc:638] Assume version compatibility. PjRt-IFRT does not track XLA executable versions.
  G-flat ζ accumulator: N=270 rows/rank (n_q=10 × n_mu_local=27); chunk_size=100 → per-iter FFT box 0.07 GB/rank
W0801 07:10:59.165025    3102 pjrt_executable.cc:638] Assume version compatibility. PjRt-IFRT does not track XLA executable versions.
W0801 07:10:59.173410    3102 pjrt_executable.cc:638] Assume version compatibility. PjRt-IFRT does not track XLA executable versions.
W0801 07:10:59.181926    3102 pjrt_executable.cc:638] Assume version compatibility. PjRt-IFRT does not track XLA executable versions.
W0801 07:10:59.190047    3102 pjrt_executable.cc:638] Assume version compatibility. PjRt-IFRT does not track XLA executable versions.
W0801 07:10:59.198256    3102 pjrt_executable.cc:638] Assume version compatibility. PjRt-IFRT does not track XLA executable versions.
W0801 07:10:59.206100    3102 pjrt_executable.cc:638] Assume version compatibility. PjRt-IFRT does not track XLA executable versions.
W0801 07:10:59.214224    3102 pjrt_executable.cc:638] Assume version compatibility. PjRt-IFRT does not track XLA executable versions.
W0801 07:10:59.222916    3102 pjrt_executable.cc:638] Assume version compatibility. PjRt-IFRT does not track XLA executable versions.
W0801 07:10:59.232272    3102 pjrt_executable.cc:638] Assume version compatibility. PjRt-IFRT does not track XLA executable versions.
W0801 07:10:59.241849    3102 pjrt_executable.cc:638] Assume version compatibility. PjRt-IFRT does not track XLA executable versions.
W0801 07:10:59.252552    3102 pjrt_executable.cc:638] Assume version compatibility. PjRt-IFRT does not track XLA executable versions.
W0801 07:11:03.271597    3102 pjrt_executable.cc:638] Assume version compatibility. PjRt-IFRT does not track XLA executable versions.
W0801 07:11:03.282143    3102 pjrt_executable.cc:638] Assume version compatibility. PjRt-IFRT does not track XLA executable versions.
W0801 07:11:03.291637    3102 pjrt_executable.cc:638] Assume version compatibility. PjRt-IFRT does not track XLA executable versions.
W0801 07:11:03.298796    3102 pjrt_executable.cc:638] Assume version compatibility. PjRt-IFRT does not track XLA executable versions.
W0801 07:11:03.306503    3102 pjrt_executable.cc:638] Assume version compatibility. PjRt-IFRT does not track XLA executable versions.
W0801 07:11:03.315395    3102 pjrt_executable.cc:638] Assume version compatibility. PjRt-IFRT does not track XLA executable versions.
W0801 07:11:03.327410    3102 pjrt_executable.cc:638] Assume version compatibility. PjRt-IFRT does not track XLA executable versions.
W0801 07:11:03.341426    3102 pjrt_executable.cc:638] Assume version compatibility. PjRt-IFRT does not track XLA executable versions.
W0801 07:11:03.353959    3102 pjrt_executable.cc:638] Assume version compatibility. PjRt-IFRT does not track XLA executable versions.
W0801 07:11:03.427841    3102 pjrt_executable.cc:638] Assume version compatibility. PjRt-IFRT does not track XLA executable versions.
W0801 07:11:03.441284    3102 pjrt_executable.cc:638] Assume version compatibility. PjRt-IFRT does not track XLA executable versions.
W0801 07:11:03.560183    3102 pjrt_executable.cc:638] Assume version compatibility. PjRt-IFRT does not track XLA executable versions.
W0801 07:11:03.655341    3102 pjrt_executable.cc:638] Assume version compatibility. PjRt-IFRT does not track XLA executable versions.
W0801 07:11:03.665854    3102 pjrt_executable.cc:638] Assume version compatibility. PjRt-IFRT does not track XLA executable versions.
W0801 07:11:03.675779    3102 pjrt_executable.cc:638] Assume version compatibility. PjRt-IFRT does not track XLA executable versions.
W0801 07:11:03.686518    3102 pjrt_executable.cc:638] Assume version compatibility. PjRt-IFRT does not track XLA executable versions.
W0801 07:11:03.696282    3102 pjrt_executable.cc:638] Assume version compatibility. PjRt-IFRT does not track XLA executable versions.
W0801 07:11:03.707605    3102 pjrt_executable.cc:638] Assume version compatibility. PjRt-IFRT does not track XLA executable versions.
W0801 07:11:03.718120    3102 pjrt_executable.cc:638] Assume version compatibility. PjRt-IFRT does not track XLA executable versions.
W0801 07:11:03.728234    3102 pjrt_executable.cc:638] Assume version compatibility. PjRt-IFRT does not track XLA executable versions.
W0801 07:11:03.738942    3102 pjrt_executable.cc:638] Assume version compatibility. PjRt-IFRT does not track XLA executable versions.
W0801 07:11:03.753142    3102 pjrt_executable.cc:638] Assume version compatibility. PjRt-IFRT does not track XLA executable versions.
W0801 07:11:03.764351    3102 pjrt_executable.cc:638] Assume version compatibility. PjRt-IFRT does not track XLA executable versions.
W0801 07:11:03.774626    3102 pjrt_executable.cc:638] Assume version compatibility. PjRt-IFRT does not track XLA executable versions.
W0801 07:11:03.784924    3102 pjrt_executable.cc:638] Assume version compatibility. PjRt-IFRT does not track XLA executable versions.
W0801 07:11:03.794268    3102 pjrt_executable.cc:638] Assume version compatibility. PjRt-IFRT does not track XLA executable versions.
W0801 07:11:03.896034    3102 pjrt_executable.cc:638] Assume version compatibility. PjRt-IFRT does not track XLA executable versions.
Started zeta fitting at 07:11:03.
[ 07:11:03 | ██████████ | 100% ] r-chunk 1 / 1 · ETA 0 s
Finished zeta fitting at 07:11:03.  Elapsed: 0 s.
W0801 07:11:03.941110    3102 pjrt_executable.cc:638] Assume version compatibility. PjRt-IFRT does not track XLA executable versions.
W0801 07:11:03.950739    3102 pjrt_executable.cc:638] Assume version compatibility. PjRt-IFRT does not track XLA executable versions.
W0801 07:11:03.960779    3102 pjrt_executable.cc:638] Assume version compatibility. PjRt-IFRT does not track XLA executable versions.
W0801 07:11:03.971234    3102 pjrt_executable.cc:638] Assume version compatibility. PjRt-IFRT does not track XLA executable versions.
W0801 07:11:03.981965    3102 pjrt_executable.cc:638] Assume version compatibility. PjRt-IFRT does not track XLA executable versions.
W0801 07:11:03.995778    3102 pjrt_executable.cc:638] Assume version compatibility. PjRt-IFRT does not track XLA executable versions.
  [SlabIO.close] draining 1 pending writes for zeta_q.h5 …
  [SlabIO.close] Python dispatch drained in 0.1 s; joining writer thread
  [SlabIO.close] writer thread joined in 0.0 s; calling H5Fclose collectively
  [SlabIO.close] H5Fclose returned in 0.0 s
  Zeta output: /scratch2/08271/jackmc/lorrax_sandbox/runs/p12_gpu_cert/run_g108_defaults_fix/tmp/zeta_q.h5  shape: (n_q_disk=10 of 4·4·1=16 full-BZ, n_rtot=46080, n_rmu=108)
  Timing (1 r-chunks, 4.8s total):
    fit      4.47s  93.1%
    H5       0.29s   6.0%
    GPU high-water mark: 4.18 GB / 12.00 GB budget (35%)  [source: XLA arena]
W0801 07:11:04.658555    3102 pjrt_executable.cc:638] Assume version compatibility. PjRt-IFRT does not track XLA executable versions.
W0801 07:11:04.672299    3102 pjrt_executable.cc:638] Assume version compatibility. PjRt-IFRT does not track XLA executable versions.
    V_q bare cutoff: 30.0 Ry
    V_q budget:    11.95 GB
  V_q g-flat [CC]: n_q_ibz=10, ngkmax=1964, g_chunk=1964 (1/q), n_rmu_L=108→108, n_rmu_R=108→108, unfold=IBZ→full
W0801 07:11:04.817231    3102 pjrt_executable.cc:638] Assume version compatibility. PjRt-IFRT does not track XLA executable versions.
W0801 07:11:04.830810    3102 pjrt_executable.cc:638] Assume version compatibility. PjRt-IFRT does not track XLA executable versions.
W0801 07:11:04.841532    3102 pjrt_executable.cc:638] Assume version compatibility. PjRt-IFRT does not track XLA executable versions.
W0801 07:11:04.850639    3102 pjrt_executable.cc:638] Assume version compatibility. PjRt-IFRT does not track XLA executable versions.
    [CC] pre-read all 10 IBZ ζ̃ slabs (1 batched call): 0.09s
W0801 07:11:04.937064    3102 pjrt_executable.cc:638] Assume version compatibility. PjRt-IFRT does not track XLA executable versions.
W0801 07:11:04.948616    3102 pjrt_executable.cc:638] Assume version compatibility. PjRt-IFRT does not track XLA executable versions.
W0801 07:11:04.958485    3102 pjrt_executable.cc:638] Assume version compatibility. PjRt-IFRT does not track XLA executable versions.
W0801 07:11:04.968517    3102 pjrt_executable.cc:638] Assume version compatibility. PjRt-IFRT does not track XLA executable versions.
W0801 07:11:04.978791    3102 pjrt_executable.cc:638] Assume version compatibility. PjRt-IFRT does not track XLA executable versions.
W0801 07:11:04.988836    3102 pjrt_executable.cc:638] Assume version compatibility. PjRt-IFRT does not track XLA executable versions.
W0801 07:11:05.038549    3102 pjrt_executable.cc:638] Assume version compatibility. PjRt-IFRT does not track XLA executable versions.
    [CC] q=0/10: kernel=0.40s
    [CC] q=1/10: kernel=0.01s
    [CC] q=2/10: kernel=0.01s
    [CC] q=3/10: kernel=0.00s
    [CC] q=4/10: kernel=0.00s
    [CC] q=5/10: kernel=0.00s
    [CC] q=6/10: kernel=0.00s
    [CC] q=7/10: kernel=0.00s
    [CC] q=8/10: kernel=0.00s
    [CC] q=9/10: kernel=0.00s
W0801 07:11:05.442768    3102 pjrt_executable.cc:638] Assume version compatibility. PjRt-IFRT does not track XLA executable versions.
W0801 07:11:05.477128    3102 pjrt_executable.cc:638] Assume version compatibility. PjRt-IFRT does not track XLA executable versions.
W0801 07:11:05.490073    3102 pjrt_executable.cc:638] Assume version compatibility. PjRt-IFRT does not track XLA executable versions.
W0801 07:11:05.497405    3102 pjrt_executable.cc:638] Assume version compatibility. PjRt-IFRT does not track XLA executable versions.
  [SlabIO.close] draining 0 pending writes for zeta_q.h5 …
  [SlabIO.close] Python dispatch drained in 0.0 s; joining writer thread
  [SlabIO.close] writer thread joined in 0.0 s; calling H5Fclose collectively
  [SlabIO.close] H5Fclose returned in 0.0 s
W0801 07:11:05.515450    3102 pjrt_executable.cc:638] Assume version compatibility. PjRt-IFRT does not track XLA executable versions.

  V_q computed:
    Shape: (16, 108, 108)
W0801 07:11:05.531544    3102 pjrt_executable.cc:638] Assume version compatibility. PjRt-IFRT does not track XLA executable versions.
W0801 07:11:05.540597    3102 pjrt_executable.cc:638] Assume version compatibility. PjRt-IFRT does not track XLA executable versions.
W0801 07:11:05.549425    3102 pjrt_executable.cc:638] Assume version compatibility. PjRt-IFRT does not track XLA executable versions.
W0801 07:11:05.566547    3102 pjrt_executable.cc:638] Assume version compatibility. PjRt-IFRT does not track XLA executable versions.
W0801 07:11:05.577301    3102 pjrt_executable.cc:638] Assume version compatibility. PjRt-IFRT does not track XLA executable versions.
    V_q=0 trace: 16586735.3803
W0801 07:11:05.621880    3102 pjrt_executable.cc:638] Assume version compatibility. PjRt-IFRT does not track XLA executable versions.
W0801 07:11:05.650129    3102 pjrt_executable.cc:638] Assume version compatibility. PjRt-IFRT does not track XLA executable versions.
  [restart_write] V_qmunu (16, 108, 108) 0.00 GB in 0.0 s (1542 MB/s)
  [restart_write] G0_mu_nu (108,) 0.00 GB in 0.0 s (0 MB/s)
  [restart_write] enk_full (16, 128) 0.00 GB in 0.0 s (0 MB/s)
  [restart_write] W0_qmunu placeholder ALLOCATED (16, 108, 108) 0.00 GB in 0.0 s (no data written)
  [SlabIO.close] draining 0 pending writes for isdf_tensors_108.h5 …
  [SlabIO.close] Python dispatch drained in 0.0 s; joining writer thread
  [SlabIO.close] writer thread joined in 0.0 s; calling H5Fclose collectively
  [SlabIO.close] H5Fclose returned in 0.0 s
W0801 07:11:05.807216    3102 pjrt_executable.cc:638] Assume version compatibility. PjRt-IFRT does not track XLA executable versions.
W0801 07:11:05.816874    3102 pjrt_executable.cc:638] Assume version compatibility. PjRt-IFRT does not track XLA executable versions.
W0801 07:11:05.825627    3102 pjrt_executable.cc:638] Assume version compatibility. PjRt-IFRT does not track XLA executable versions.
W0801 07:11:05.836528    3102 pjrt_executable.cc:638] Assume version compatibility. PjRt-IFRT does not track XLA executable versions.
W0801 07:11:05.848807    3102 pjrt_executable.cc:638] Assume version compatibility. PjRt-IFRT does not track XLA executable versions.
W0801 07:11:05.857911    3102 pjrt_executable.cc:638] Assume version compatibility. PjRt-IFRT does not track XLA executable versions.
W0801 07:11:05.866553    3102 pjrt_executable.cc:638] Assume version compatibility. PjRt-IFRT does not track XLA executable versions.
W0801 07:11:05.874607    3102 pjrt_executable.cc:638] Assume version compatibility. PjRt-IFRT does not track XLA executable versions.
W0801 07:11:05.882643    3102 pjrt_executable.cc:638] Assume version compatibility. PjRt-IFRT does not track XLA executable versions.
  Wavefunctions built (b0:b4=128 bands, 4 sharded copies: xn/xr/yr/yn)
  [restart_write] psi_full_y (16, 128, 2, 108) 0.01 GB in 0.0 s (442 MB/s)
  [SlabIO.close] draining 1 pending writes for isdf_tensors_108.h5 …
  [SlabIO.close] Python dispatch drained in 0.0 s; joining writer thread
  [SlabIO.close] writer thread joined in 0.0 s; calling H5Fclose collectively
  [SlabIO.close] H5Fclose returned in 0.0 s
  Chunked ISDF path complete
[stage 07:11:05] <- ISDF basis + wavefunctions  14.6 s
[stage 07:11:05] -> minimax tau-axis
W0801 07:11:05.973257    3102 pjrt_executable.cc:638] Assume version compatibility. PjRt-IFRT does not track XLA executable versions.
W0801 07:11:05.981943    3102 pjrt_executable.cc:638] Assume version compatibility. PjRt-IFRT does not track XLA executable versions.
W0801 07:11:05.991366    3102 pjrt_executable.cc:638] Assume version compatibility. PjRt-IFRT does not track XLA executable versions.
W0801 07:11:05.999990    3102 pjrt_executable.cc:638] Assume version compatibility. PjRt-IFRT does not track XLA executable versions.
W0801 07:11:06.011593    3102 pjrt_executable.cc:638] Assume version compatibility. PjRt-IFRT does not track XLA executable versions.
W0801 07:11:06.020142    3102 pjrt_executable.cc:638] Assume version compatibility. PjRt-IFRT does not track XLA executable versions.
  Minimax static window: x=[1.625857e-01, 7.252859e+00] Ry, R=44.61, nodes=9, fit_err~1.608e-06
[stage 07:11:06] <- minimax tau-axis  0.1 s
[stage 07:11:06] -> screening (chi0 -> W)
Started screening (chi0 -> W) at 07:11:06.
[stage 07:11:06]     -> W[static] chi0 compile
W0801 07:11:06.070993    3102 pjrt_executable.cc:638] Assume version compatibility. PjRt-IFRT does not track XLA executable versions.
W0801 07:11:06.085412    3102 pjrt_executable.cc:638] Assume version compatibility. PjRt-IFRT does not track XLA executable versions.
W0801 07:11:06.095072    3102 pjrt_executable.cc:638] Assume version compatibility. PjRt-IFRT does not track XLA executable versions.
W0801 07:11:06.104742    3102 pjrt_executable.cc:638] Assume version compatibility. PjRt-IFRT does not track XLA executable versions.
W0801 07:11:06.114044    3102 pjrt_executable.cc:638] Assume version compatibility. PjRt-IFRT does not track XLA executable versions.
W0801 07:11:06.121680    3102 pjrt_executable.cc:638] Assume version compatibility. PjRt-IFRT does not track XLA executable versions.
W0801 07:11:06.129579    3102 pjrt_executable.cc:638] Assume version compatibility. PjRt-IFRT does not track XLA executable versions.
W0801 07:11:06.138789    3102 pjrt_executable.cc:638] Assume version compatibility. PjRt-IFRT does not track XLA executable versions.
W0801 07:11:06.194490    3102 pjrt_executable.cc:638] Assume version compatibility. PjRt-IFRT does not track XLA executable versions.
[stage 07:11:06]     <- W[static] chi0 compile  0.1 s
[stage 07:11:06]     -> W[static] chi0 build (9 tau nodes, 16 q, mu=108)
[stage 07:11:10]     <- W[static] chi0 build (9 tau nodes, 16 q, mu=108)  3.9 s
[stage 07:11:10]     -> W[static] IBZ slice (16 q -> 10 q)
W0801 07:11:10.129609    3102 pjrt_executable.cc:638] Assume version compatibility. PjRt-IFRT does not track XLA executable versions.
W0801 07:11:10.140159    3102 pjrt_executable.cc:638] Assume version compatibility. PjRt-IFRT does not track XLA executable versions.
W0801 07:11:10.150211    3102 pjrt_executable.cc:638] Assume version compatibility. PjRt-IFRT does not track XLA executable versions.
W0801 07:11:10.158910    3102 pjrt_executable.cc:638] Assume version compatibility. PjRt-IFRT does not track XLA executable versions.
W0801 07:11:10.168087    3102 pjrt_executable.cc:638] Assume version compatibility. PjRt-IFRT does not track XLA executable versions.
W0801 07:11:10.178237    3102 pjrt_executable.cc:638] Assume version compatibility. PjRt-IFRT does not track XLA executable versions.
W0801 07:11:10.188182    3102 pjrt_executable.cc:638] Assume version compatibility. PjRt-IFRT does not track XLA executable versions.
W0801 07:11:10.197342    3102 pjrt_executable.cc:638] Assume version compatibility. PjRt-IFRT does not track XLA executable versions.
[stage 07:11:10]     <- W[static] IBZ slice (16 q -> 10 q)  0.1 s
[stage 07:11:10]     -> W[static] Dyson compile
W0801 07:11:10.209259    3102 pjrt_executable.cc:638] Assume version compatibility. PjRt-IFRT does not track XLA executable versions.
W0801 07:11:10.288785    3102 pjrt_executable.cc:638] Assume version compatibility. PjRt-IFRT does not track XLA executable versions.
[stage 07:11:10]     <- W[static] Dyson compile  0.1 s
[stage 07:11:10]     -> W[static] Dyson solve (10 q, mu=108, IBZ wedge)
[stage 07:11:10]     <- W[static] Dyson solve (10 q, mu=108, IBZ wedge)  0.6 s
[stage 07:11:10]     -> W[static] IBZ -> full-BZ unfold (10 q -> 16 q)
W0801 07:11:10.979647    3102 pjrt_executable.cc:638] Assume version compatibility. PjRt-IFRT does not track XLA executable versions.
[stage 07:11:10]     <- W[static] IBZ -> full-BZ unfold (10 q -> 16 q)  0.1 s
[stage 07:11:10]   -> W[static] finiteness + hermiticity gate
W0801 07:11:11.014258    3102 pjrt_executable.cc:638] Assume version compatibility. PjRt-IFRT does not track XLA executable versions.
W0801 07:11:11.030223    3102 pjrt_executable.cc:638] Assume version compatibility. PjRt-IFRT does not track XLA executable versions.
W0801 07:11:11.040658    3102 pjrt_executable.cc:638] Assume version compatibility. PjRt-IFRT does not track XLA executable versions.
W0801 07:11:11.062780    3102 pjrt_executable.cc:638] Assume version compatibility. PjRt-IFRT does not track XLA executable versions.
[stage 07:11:11]   <- W[static] finiteness + hermiticity gate  0.1 s
[ 07:11:11 | █████░░░░░ |  50% ] W role 1 / 2 · ETA 5 s
  PPM imag-freq quadrature (ωp=2.0000 Ry): R=44.6, nodes=6, err~4.3e-06
[stage 07:11:11]     -> W[probe] chi0 compile
W0801 07:11:11.084057    3102 pjrt_executable.cc:638] Assume version compatibility. PjRt-IFRT does not track XLA executable versions.
W0801 07:11:11.128454    3102 pjrt_executable.cc:638] Assume version compatibility. PjRt-IFRT does not track XLA executable versions.
[stage 07:11:11]     <- W[probe] chi0 compile  0.1 s
[stage 07:11:11]     -> W[probe] chi0 build (6 tau nodes, 16 q, mu=108)
[stage 07:11:11]     <- W[probe] chi0 build (6 tau nodes, 16 q, mu=108)  0.0 s
[stage 07:11:11]     -> W[probe] Dyson compile
W0801 07:11:11.194617    3102 pjrt_executable.cc:638] Assume version compatibility. PjRt-IFRT does not track XLA executable versions.
[stage 07:11:11]     <- W[probe] Dyson compile  0.1 s
[stage 07:11:11]     -> W[probe] Dyson solve (16 q, mu=108, full BZ)
[stage 07:11:11]     <- W[probe] Dyson solve (16 q, mu=108, full BZ)  0.0 s
[stage 07:11:11]   -> W[probe] finiteness + hermiticity gate
[stage 07:11:11]   <- W[probe] finiteness + hermiticity gate  0.0 s
[ 07:11:11 | ██████████ | 100% ] W role 2 / 2 · ETA 0 s
Finished screening (chi0 -> W) at 07:11:11.  Elapsed: 5 s.
[stage 07:11:11] <- screening (chi0 -> W)  5.2 s
  [restart_write] W0_qmunu (16, 108, 108) 0.00 GB in 0.0 s (1851 MB/s)
  [SlabIO.close] draining 1 pending writes for isdf_tensors_108.h5 …
  [SlabIO.close] Python dispatch drained in 0.0 s; joining writer thread
  [SlabIO.close] writer thread joined in 0.0 s; calling H5Fclose collectively
  [SlabIO.close] H5Fclose returned in 0.0 s
W0801 07:11:11.273220    3102 pjrt_executable.cc:638] Assume version compatibility. PjRt-IFRT does not track XLA executable versions.
  dipole.h5 coverage: 128 bands on disk (26 occ + 102 cond), run Σ window = 128 bands
  [dipole provenance] /scratch2/08271/jackmc/lorrax_sandbox/runs/p12_gpu_cert/run_g108_defaults_fix/dipole.h5 carries no provenance stamp (written before the guard existed).  Regenerate with `python -m psp.get_dipole_mtxels` to make it checkable.
W0801 07:11:11.360376    3102 pjrt_executable.cc:638] Assume version compatibility. PjRt-IFRT does not track XLA executable versions.
W0801 07:11:11.369180    3102 pjrt_executable.cc:638] Assume version compatibility. PjRt-IFRT does not track XLA executable versions.
W0801 07:11:11.378542    3102 pjrt_executable.cc:638] Assume version compatibility. PjRt-IFRT does not track XLA executable versions.
W0801 07:11:11.387678    3102 pjrt_executable.cc:638] Assume version compatibility. PjRt-IFRT does not track XLA executable versions.
W0801 07:11:11.397953    3102 pjrt_executable.cc:638] Assume version compatibility. PjRt-IFRT does not track XLA executable versions.
W0801 07:11:11.408586    3102 pjrt_executable.cc:638] Assume version compatibility. PjRt-IFRT does not track XLA executable versions.
W0801 07:11:11.474924    3102 pjrt_executable.cc:638] Assume version compatibility. PjRt-IFRT does not track XLA executable versions.
W0801 07:11:11.489409    3102 pjrt_executable.cc:638] Assume version compatibility. PjRt-IFRT does not track XLA executable versions.
W0801 07:11:11.537928    3102 pjrt_executable.cc:638] Assume version compatibility. PjRt-IFRT does not track XLA executable versions.
W0801 07:11:11.547856    3102 pjrt_executable.cc:638] Assume version compatibility. PjRt-IFRT does not track XLA executable versions.
W0801 07:11:11.556623    3102 pjrt_executable.cc:638] Assume version compatibility. PjRt-IFRT does not track XLA executable versions.
W0801 07:11:11.565655    3102 pjrt_executable.cc:638] Assume version compatibility. PjRt-IFRT does not track XLA executable versions.
W0801 07:11:11.573808    3102 pjrt_executable.cc:638] Assume version compatibility. PjRt-IFRT does not track XLA executable versions.
W0801 07:11:11.582794    3102 pjrt_executable.cc:638] Assume version compatibility. PjRt-IFRT does not track XLA executable versions.
W0801 07:11:11.599518    3102 pjrt_executable.cc:638] Assume version compatibility. PjRt-IFRT does not track XLA executable versions.
W0801 07:11:11.644339    3102 pjrt_executable.cc:638] Assume version compatibility. PjRt-IFRT does not track XLA executable versions.
W0801 07:11:11.740838    3102 pjrt_executable.cc:638] Assume version compatibility. PjRt-IFRT does not track XLA executable versions.
W0801 07:11:12.963572    3102 pjrt_executable.cc:638] Assume version compatibility. PjRt-IFRT does not track XLA executable versions.
W0801 07:11:12.973088    3102 pjrt_executable.cc:638] Assume version compatibility. PjRt-IFRT does not track XLA executable versions.
W0801 07:11:12.991309    3102 pjrt_executable.cc:638] Assume version compatibility. PjRt-IFRT does not track XLA executable versions.
W0801 07:11:13.025596    3102 pjrt_executable.cc:638] Assume version compatibility. PjRt-IFRT does not track XLA executable versions.
W0801 07:11:13.089544    3102 pjrt_executable.cc:638] Assume version compatibility. PjRt-IFRT does not track XLA executable versions.
W0801 07:11:13.100098    3102 pjrt_executable.cc:638] Assume version compatibility. PjRt-IFRT does not track XLA executable versions.
W0801 07:11:13.109679    3102 pjrt_executable.cc:638] Assume version compatibility. PjRt-IFRT does not track XLA executable versions.
W0801 07:11:13.118615    3102 pjrt_executable.cc:638] Assume version compatibility. PjRt-IFRT does not track XLA executable versions.
W0801 07:11:13.128918    3102 pjrt_executable.cc:638] Assume version compatibility. PjRt-IFRT does not track XLA executable versions.
W0801 07:11:13.262977    3102 pjrt_executable.cc:638] Assume version compatibility. PjRt-IFRT does not track XLA executable versions.
W0801 07:11:13.273889    3102 pjrt_executable.cc:638] Assume version compatibility. PjRt-IFRT does not track XLA executable versions.
W0801 07:11:13.283829    3102 pjrt_executable.cc:638] Assume version compatibility. PjRt-IFRT does not track XLA executable versions.
W0801 07:11:13.297580    3102 pjrt_executable.cc:638] Assume version compatibility. PjRt-IFRT does not track XLA executable versions.
W0801 07:11:13.306491    3102 pjrt_executable.cc:638] Assume version compatibility. PjRt-IFRT does not track XLA executable versions.
W0801 07:11:13.315660    3102 pjrt_executable.cc:638] Assume version compatibility. PjRt-IFRT does not track XLA executable versions.
W0801 07:11:13.325593    3102 pjrt_executable.cc:638] Assume version compatibility. PjRt-IFRT does not track XLA executable versions.
W0801 07:11:13.335270    3102 pjrt_executable.cc:638] Assume version compatibility. PjRt-IFRT does not track XLA executable versions.
W0801 07:11:13.344999    3102 pjrt_executable.cc:638] Assume version compatibility. PjRt-IFRT does not track XLA executable versions.
W0801 07:11:13.354551    3102 pjrt_executable.cc:638] Assume version compatibility. PjRt-IFRT does not track XLA executable versions.
W0801 07:11:13.364408    3102 pjrt_executable.cc:638] Assume version compatibility. PjRt-IFRT does not track XLA executable versions.
W0801 07:11:13.373886    3102 pjrt_executable.cc:638] Assume version compatibility. PjRt-IFRT does not track XLA executable versions.
W0801 07:11:13.387129    3102 pjrt_executable.cc:638] Assume version compatibility. PjRt-IFRT does not track XLA executable versions.
W0801 07:11:13.401763    3102 pjrt_executable.cc:638] Assume version compatibility. PjRt-IFRT does not track XLA executable versions.
W0801 07:11:13.436791    3102 pjrt_executable.cc:638] Assume version compatibility. PjRt-IFRT does not track XLA executable versions.
W0801 07:11:13.448300    3102 pjrt_executable.cc:638] Assume version compatibility. PjRt-IFRT does not track XLA executable versions.
W0801 07:11:13.459618    3102 pjrt_executable.cc:638] Assume version compatibility. PjRt-IFRT does not track XLA executable versions.
W0801 07:11:13.472607    3102 pjrt_executable.cc:638] Assume version compatibility. PjRt-IFRT does not track XLA executable versions.
W0801 07:11:13.484015    3102 pjrt_executable.cc:638] Assume version compatibility. PjRt-IFRT does not track XLA executable versions.
W0801 07:11:13.495634    3102 pjrt_executable.cc:638] Assume version compatibility. PjRt-IFRT does not track XLA executable versions.
W0801 07:11:13.506079    3102 pjrt_executable.cc:638] Assume version compatibility. PjRt-IFRT does not track XLA executable versions.
W0801 07:11:13.516940    3102 pjrt_executable.cc:638] Assume version compatibility. PjRt-IFRT does not track XLA executable versions.
W0801 07:11:13.530252    3102 pjrt_executable.cc:638] Assume version compatibility. PjRt-IFRT does not track XLA executable versions.
W0801 07:11:13.577173    3102 pjrt_executable.cc:638] Assume version compatibility. PjRt-IFRT does not track XLA executable versions.
W0801 07:11:13.589799    3102 pjrt_executable.cc:638] Assume version compatibility. PjRt-IFRT does not track XLA executable versions.
W0801 07:11:13.601528    3102 pjrt_executable.cc:638] Assume version compatibility. PjRt-IFRT does not track XLA executable versions.
W0801 07:11:13.610704    3102 pjrt_executable.cc:638] Assume version compatibility. PjRt-IFRT does not track XLA executable versions.
  dipole.h5 coverage: 128 bands on disk (26 occ + 102 cond), run Σ window = 128 bands
  [dipole provenance] /scratch2/08271/jackmc/lorrax_sandbox/runs/p12_gpu_cert/run_g108_defaults_fix/dipole.h5 carries no provenance stamp (written before the guard existed).  Regenerate with `python -m psp.get_dipole_mtxels` to make it checkable.
  Persisted W0_qmunu + q=0 head scalars: vhead=2443.340 a.u.,  whead[ω=0]=659.803 a.u.,  whead[iωp]=2076.441 a.u.

------------------------------------------------------------------------
  FINITE-SIZE CORRECTIONS
------------------------------------------------------------------------
  Head source: s_tensor
  v(q→0)  =     2443.340 a.u.  (bare Coulomb head)
  W(q→0)  =      659.803 a.u.  (screened Coulomb head)
  ΔW      =    -1783.537 a.u.  (screening correction)
W0801 07:11:13.855172    3102 pjrt_executable.cc:638] Assume version compatibility. PjRt-IFRT does not track XLA executable versions.
W0801 07:11:13.865416    3102 pjrt_executable.cc:638] Assume version compatibility. PjRt-IFRT does not track XLA executable versions.
W0801 07:11:13.876063    3102 pjrt_executable.cc:638] Assume version compatibility. PjRt-IFRT does not track XLA executable versions.
W0801 07:11:13.884781    3102 pjrt_executable.cc:638] Assume version compatibility. PjRt-IFRT does not track XLA executable versions.
W0801 07:11:13.894052    3102 pjrt_executable.cc:638] Assume version compatibility. PjRt-IFRT does not track XLA executable versions.
W0801 07:11:13.903629    3102 pjrt_executable.cc:638] Assume version compatibility. PjRt-IFRT does not track XLA executable versions.
W0801 07:11:13.914380    3102 pjrt_executable.cc:638] Assume version compatibility. PjRt-IFRT does not track XLA executable versions.

------------------------------------------------------------------------
  STATIC HEAD TERMS (exact COHSEX / BGW-style)
------------------------------------------------------------------------
  Head source: s_tensor
  v_h(q→0)           =  2443.339832 a.u.
  W_h(q→0, ω=0)      =   659.803148 a.u.
  W_h^c              = -1783.536684 a.u.
  Σ^X head (occ)     = -2.174715e-01 Ry
  Σ^SX head (occ)    = -5.872633e-02 Ry
  Σ^(SX-X) head(occ) = 1.587452e-01 Ry
  Σ^COH head (all)   = -7.937258e-02 Ry
W0801 07:11:14.121139    3102 pjrt_executable.cc:638] Assume version compatibility. PjRt-IFRT does not track XLA executable versions.
W0801 07:11:14.130639    3102 pjrt_executable.cc:638] Assume version compatibility. PjRt-IFRT does not track XLA executable versions.
W0801 07:11:14.156991    3102 pjrt_executable.cc:638] Assume version compatibility. PjRt-IFRT does not track XLA executable versions.
W0801 07:11:14.195935    3102 pjrt_executable.cc:638] Assume version compatibility. PjRt-IFRT does not track XLA executable versions.
W0801 07:11:14.209427    3102 pjrt_executable.cc:638] Assume version compatibility. PjRt-IFRT does not track XLA executable versions.
W0801 07:11:14.228016    3102 pjrt_executable.cc:638] Assume version compatibility. PjRt-IFRT does not track XLA executable versions.
W0801 07:11:14.245488    3102 pjrt_executable.cc:638] Assume version compatibility. PjRt-IFRT does not track XLA executable versions.
W0801 07:11:14.271102    3102 pjrt_executable.cc:638] Assume version compatibility. PjRt-IFRT does not track XLA executable versions.
W0801 07:11:14.280574    3102 pjrt_executable.cc:638] Assume version compatibility. PjRt-IFRT does not track XLA executable versions.
W0801 07:11:14.290021    3102 pjrt_executable.cc:638] Assume version compatibility. PjRt-IFRT does not track XLA executable versions.
  [SlabIO.close] draining 0 pending writes for kin_ion.h5 …
  [SlabIO.close] Python dispatch drained in 0.0 s; joining writer thread
  [SlabIO.close] writer thread joined in 0.0 s; calling H5Fclose collectively
  [SlabIO.close] H5Fclose returned in 0.0 s
  V_H: exact FFT-grid matrix read from kin_ion.h5's 'v_hartree' dataset; the ISDF quadrature is not used.

------------------------------------------------------------------------
  GN-PPM + FREQUENCY-INTEGRATED SIGMA
------------------------------------------------------------------------
W0801 07:11:14.359666    3102 pjrt_executable.cc:638] Assume version compatibility. PjRt-IFRT does not track XLA executable versions.
W0801 07:11:14.397545    3102 pjrt_executable.cc:638] Assume version compatibility. PjRt-IFRT does not track XLA executable versions.
W0801 07:11:14.412155    3102 pjrt_executable.cc:638] Assume version compatibility. PjRt-IFRT does not track XLA executable versions.
W0801 07:11:14.422619    3102 pjrt_executable.cc:638] Assume version compatibility. PjRt-IFRT does not track XLA executable versions.
W0801 07:11:14.432223    3102 pjrt_executable.cc:638] Assume version compatibility. PjRt-IFRT does not track XLA executable versions.
W0801 07:11:14.440973    3102 pjrt_executable.cc:638] Assume version compatibility. PjRt-IFRT does not track XLA executable versions.
W0801 07:11:14.450048    3102 pjrt_executable.cc:638] Assume version compatibility. PjRt-IFRT does not track XLA executable versions.
W0801 07:11:14.458784    3102 pjrt_executable.cc:638] Assume version compatibility. PjRt-IFRT does not track XLA executable versions.
W0801 07:11:14.467174    3102 pjrt_executable.cc:638] Assume version compatibility. PjRt-IFRT does not track XLA executable versions.
  GN-PPM fit: 0.12s, iωp=2.0000 Ry, unfulfilled=2.64%
[fft_ffi] flat-k 3-D FFTs -> cuFFT strided CUDA FFI handler (lorrax_mklfft_gw_conv): cufftPlanMany64 advanced layout (istride=T, idist=1 — the stride-descriptor analog) reading the dot-layout tile in place; jnp.fft norm scales applied by a fused device kernel.
W0801 07:11:14.489049    3102 pjrt_executable.cc:638] Assume version compatibility. PjRt-IFRT does not track XLA executable versions.
W0801 07:11:14.497437    3102 pjrt_executable.cc:638] Assume version compatibility. PjRt-IFRT does not track XLA executable versions.
W0801 07:11:14.505357    3102 pjrt_executable.cc:638] Assume version compatibility. PjRt-IFRT does not track XLA executable versions.
W0801 07:11:14.514155    3102 pjrt_executable.cc:638] Assume version compatibility. PjRt-IFRT does not track XLA executable versions.
W0801 07:11:14.522936    3102 pjrt_executable.cc:638] Assume version compatibility. PjRt-IFRT does not track XLA executable versions.
W0801 07:11:14.532436    3102 pjrt_executable.cc:638] Assume version compatibility. PjRt-IFRT does not track XLA executable versions.
W0801 07:11:14.543005    3102 pjrt_executable.cc:638] Assume version compatibility. PjRt-IFRT does not track XLA executable versions.
W0801 07:11:14.610160    3102 pjrt_executable.cc:638] Assume version compatibility. PjRt-IFRT does not track XLA executable versions.
W0801 07:11:14.657312    3102 pjrt_executable.cc:638] Assume version compatibility. PjRt-IFRT does not track XLA executable versions.
  [pf] profiling hooks unavailable: No module named 'pf'
  Σc crossing conditioning: ξ raised 0.250 → 0.952 eV (A_core capped at 24; the requested ξ would make the HGL crossing quadrature ill-conditioned)
W0801 07:11:14.704570    3102 pjrt_executable.cc:638] Assume version compatibility. PjRt-IFRT does not track XLA executable versions.
  Σc(ω) grid: -10.000..10.000 eV, Nω=41, Δω=0.500 eV, ξ=0.952 eV
  GN invalid modes: 4932/186624 (2.64%)
W0801 07:11:14.726711    3102 pjrt_executable.cc:638] Assume version compatibility. PjRt-IFRT does not track XLA executable versions.
  GN invalid modes per q: min=0 max=1412 counts=[ 384    0 1412    0    0   52   52    0 1412   52 1412   52    0    0   52   52]
W0801 07:11:14.742637    3102 pjrt_executable.cc:638] Assume version compatibility. PjRt-IFRT does not track XLA executable versions.
W0801 07:11:14.755397    3102 pjrt_executable.cc:638] Assume version compatibility. PjRt-IFRT does not track XLA executable versions.
W0801 07:11:14.784396    3102 pjrt_executable.cc:638] Assume version compatibility. PjRt-IFRT does not track XLA executable versions.
W0801 07:11:14.800895    3102 pjrt_executable.cc:638] Assume version compatibility. PjRt-IFRT does not track XLA executable versions.
  GN invalid modes → static COHSEX: max|Σ_static| = 0.0064 eV (diag max 0.0063 eV)
W0801 07:11:14.819729    3102 pjrt_executable.cc:638] Assume version compatibility. PjRt-IFRT does not track XLA executable versions.
W0801 07:11:14.828270    3102 pjrt_executable.cc:638] Assume version compatibility. PjRt-IFRT does not track XLA executable versions.
W0801 07:11:14.838672    3102 pjrt_executable.cc:638] Assume version compatibility. PjRt-IFRT does not track XLA executable versions.
W0801 07:11:14.848253    3102 pjrt_executable.cc:638] Assume version compatibility. PjRt-IFRT does not track XLA executable versions.
W0801 07:11:14.858896    3102 pjrt_executable.cc:638] Assume version compatibility. PjRt-IFRT does not track XLA executable versions.
W0801 07:11:14.870197    3102 pjrt_executable.cc:638] Assume version compatibility. PjRt-IFRT does not track XLA executable versions.
W0801 07:11:14.879929    3102 pjrt_executable.cc:638] Assume version compatibility. PjRt-IFRT does not track XLA executable versions.
W0801 07:11:14.889833    3102 pjrt_executable.cc:638] Assume version compatibility. PjRt-IFRT does not track XLA executable versions.
W0801 07:11:14.904790    3102 pjrt_executable.cc:638] Assume version compatibility. PjRt-IFRT does not track XLA executable versions.
W0801 07:11:14.914203    3102 pjrt_executable.cc:638] Assume version compatibility. PjRt-IFRT does not track XLA executable versions.
W0801 07:11:14.928242    3102 pjrt_executable.cc:638] Assume version compatibility. PjRt-IFRT does not track XLA executable versions.
W0801 07:11:14.945348    3102 pjrt_executable.cc:638] Assume version compatibility. PjRt-IFRT does not track XLA executable versions.
W0801 07:11:14.955557    3102 pjrt_executable.cc:638] Assume version compatibility. PjRt-IFRT does not track XLA executable versions.
W0801 07:11:14.984839    3102 pjrt_executable.cc:638] Assume version compatibility. PjRt-IFRT does not track XLA executable versions.
W0801 07:11:14.995213    3102 pjrt_executable.cc:638] Assume version compatibility. PjRt-IFRT does not track XLA executable versions.
W0801 07:11:15.023917    3102 pjrt_executable.cc:638] Assume version compatibility. PjRt-IFRT does not track XLA executable versions.
W0801 07:11:15.034330    3102 pjrt_executable.cc:638] Assume version compatibility. PjRt-IFRT does not track XLA executable versions.
    ω≥E_F cond window "core" (crossing): 48 nodes, err<1e-06, E_A=[0.0813, 0.7891] Ry, project=imag
    ω≥E_F cond window "a_stripe" (Laplace): 8 nodes, err<1e-06, E_A=[0.8451, 2.7028] Ry, project=full
    ω≥E_F cond window "b_slab" (Laplace): 12 nodes, err<1e-06, E_A=[0.0813, 2.7028] Ry, project=full
W0801 07:11:15.047535    3102 pjrt_executable.cc:638] Assume version compatibility. PjRt-IFRT does not track XLA executable versions.
Started sigma[ω≥E_F cond] at 07:11:15.
[ 07:11:15 | ░░░░░░░░░░ |   1% ] tau node  1 / 68 · ETA 0 s
[ 07:11:15 | █░░░░░░░░░ |  12% ] tau node  8 / 68 · ETA 1 s
[ 07:11:15 | ██░░░░░░░░ |  24% ] tau node 16 / 68 · ETA 1 s
[ 07:11:15 | ███░░░░░░░ |  34% ] tau node 23 / 68 · ETA 1 s
[ 07:11:16 | █████░░░░░ |  46% ] tau node 31 / 68 · ETA 1 s
[ 07:11:16 | ██████░░░░ |  56% ] tau node 38 / 68 · ETA 1 s
[ 07:11:16 | ███████░░░ |  68% ] tau node 46 / 68 · ETA 1 s
[ 07:11:16 | ████████░░ |  78% ] tau node 53 / 68 · ETA 0 s
W0801 07:11:16.878464    3102 pjrt_executable.cc:638] Assume version compatibility. PjRt-IFRT does not track XLA executable versions.
[ 07:11:16 | █████████░ |  90% ] tau node 61 / 68 · ETA 0 s
[ 07:11:17 | ██████████ | 100% ] tau node 68 / 68 · ETA 0 s
Finished sigma[ω≥E_F cond] at 07:11:17.  Elapsed: 2 s.
    ω≥E_F val window "single" (Laplace): 12 nodes, err<1e-06, E_A=[0.0813, 4.5501] Ry, project=full
Started sigma[ω≥E_F val] at 07:11:17.
[ 07:11:17 | █░░░░░░░░░ |   8% ] tau node  1 / 12 · ETA 0 s
[ 07:11:17 | ██░░░░░░░░ |  17% ] tau node  2 / 12 · ETA 0 s
[ 07:11:17 | ██░░░░░░░░ |  25% ] tau node  3 / 12 · ETA 0 s
[ 07:11:17 | ████░░░░░░ |  42% ] tau node  5 / 12 · ETA 0 s
[ 07:11:17 | █████░░░░░ |  50% ] tau node  6 / 12 · ETA 0 s
[ 07:11:17 | ██████░░░░ |  58% ] tau node  7 / 12 · ETA 0 s
[ 07:11:17 | ███████░░░ |  67% ] tau node  8 / 12 · ETA 0 s
[ 07:11:17 | ████████░░ |  83% ] tau node 10 / 12 · ETA 0 s
[ 07:11:17 | █████████░ |  92% ] tau node 11 / 12 · ETA 0 s
[ 07:11:17 | ██████████ | 100% ] tau node 12 / 12 · ETA 0 s
Finished sigma[ω≥E_F val] at 07:11:17.  Elapsed: 0 s.
    ω<E_F cond window "single" (Laplace): 12 nodes, err<1e-06, E_A=[0.0813, 2.7028] Ry, project=full
Started sigma[ω<E_F cond] at 07:11:17.
[ 07:11:17 | █░░░░░░░░░ |   8% ] tau node  1 / 12 · ETA 0 s
[ 07:11:17 | ██░░░░░░░░ |  17% ] tau node  2 / 12 · ETA 0 s
[ 07:11:17 | ██░░░░░░░░ |  25% ] tau node  3 / 12 · ETA 0 s
[ 07:11:17 | ████░░░░░░ |  42% ] tau node  5 / 12 · ETA 0 s
[ 07:11:17 | █████░░░░░ |  50% ] tau node  6 / 12 · ETA 0 s
[ 07:11:17 | ██████░░░░ |  58% ] tau node  7 / 12 · ETA 0 s
[ 07:11:17 | ███████░░░ |  67% ] tau node  8 / 12 · ETA 0 s
[ 07:11:17 | ████████░░ |  83% ] tau node 10 / 12 · ETA 0 s
[ 07:11:17 | █████████░ |  92% ] tau node 11 / 12 · ETA 0 s
[ 07:11:17 | ██████████ | 100% ] tau node 12 / 12 · ETA 0 s
Finished sigma[ω<E_F cond] at 07:11:17.  Elapsed: 0 s.
    ω<E_F val window "core" (crossing): 48 nodes, err<1e-06, E_A=[0.0813, 0.5049] Ry, project=imag
    ω<E_F val window "a_stripe" (Laplace): 8 nodes, err<1e-06, E_A=[0.9630, 4.5501] Ry, project=full
    ω<E_F val window "b_slab" (Laplace): 12 nodes, err<1e-06, E_A=[0.0813, 4.5501] Ry, project=full
Started sigma[ω<E_F val] at 07:11:17.
[ 07:11:17 | ░░░░░░░░░░ |   1% ] tau node  1 / 68 · ETA 0 s
[ 07:11:17 | █░░░░░░░░░ |  12% ] tau node  8 / 68 · ETA 1 s
[ 07:11:18 | ██░░░░░░░░ |  24% ] tau node 16 / 68 · ETA 1 s
[ 07:11:18 | ███░░░░░░░ |  34% ] tau node 23 / 68 · ETA 1 s
[ 07:11:18 | █████░░░░░ |  46% ] tau node 31 / 68 · ETA 1 s
[ 07:11:18 | ██████░░░░ |  56% ] tau node 38 / 68 · ETA 1 s
[ 07:11:19 | ███████░░░ |  68% ] tau node 46 / 68 · ETA 1 s
[ 07:11:19 | ████████░░ |  78% ] tau node 53 / 68 · ETA 0 s
[ 07:11:19 | █████████░ |  90% ] tau node 61 / 68 · ETA 0 s
[ 07:11:19 | ██████████ | 100% ] tau node 68 / 68 · ETA 0 s
Finished sigma[ω<E_F val] at 07:11:19.  Elapsed: 2 s.
W0801 07:11:19.655097    3102 pjrt_executable.cc:638] Assume version compatibility. PjRt-IFRT does not track XLA executable versions.

------------------------------------------------------------------------
  HEAD CORRECTION (scalar GN, separate from ISDF body)
------------------------------------------------------------------------
  v(q→0)             =     2443.340 a.u.
  W^c(q→0, ω=0)      =    -1783.537 a.u.
  W^c(q→0, ω=iωp)    =     -366.899 a.u.  [ωp=2.0000 Ry]
  Ω_h²               =     1.035970 Ry²
  Ω_h                =     1.017826 Ry  (13.848238 eV)
  B_h                =  1847.691361 Ry² · a.u.
  R_h                =   907.665319 Ry · a.u.
  R_h / (Ω_h · vol)  = 1.269961e+00 (Ry)
  Σ_c head shift: max|Σ^head_diag| = 3.0186 eV (on-shell occ band → -1.0799 eV)
W0801 07:11:20.060205    3102 pjrt_executable.cc:638] Assume version compatibility. PjRt-IFRT does not track XLA executable versions.
  E_F(midgap) = -4.254195 eV  (VBM=-5.360241, CBM=-3.148149)
W0801 07:11:20.108949    3102 pjrt_executable.cc:638] Assume version compatibility. PjRt-IFRT does not track XLA executable versions.
W0801 07:11:20.132789    3102 pjrt_executable.cc:638] Assume version compatibility. PjRt-IFRT does not track XLA executable versions.
W0801 07:11:20.145916    3102 pjrt_executable.cc:638] Assume version compatibility. PjRt-IFRT does not track XLA executable versions.
W0801 07:11:20.157513    3102 pjrt_executable.cc:638] Assume version compatibility. PjRt-IFRT does not track XLA executable versions.
W0801 07:11:20.166653    3102 pjrt_executable.cc:638] Assume version compatibility. PjRt-IFRT does not track XLA executable versions.
W0801 07:11:20.177178    3102 pjrt_executable.cc:638] Assume version compatibility. PjRt-IFRT does not track XLA executable versions.
/scratch2/08271/jackmc/lorrax_sandbox/runs/p12_gpu_cert/srcsnap_p12fix/src/file_io/_slab_io_ffi.py:564: UserWarning: FFI backend: chunks/attrs on create_dataset currently no-op; pre-create with h5py if you need explicit chunking or attrs.
  warnings.warn(
  [SlabIO.close] draining 1 pending writes for sigma_mnk.h5 …
  [SlabIO.close] Python dispatch drained in 0.0 s; joining writer thread
  [SlabIO.close] writer thread joined in 0.0 s; calling H5Fclose collectively
  [SlabIO.close] H5Fclose returned in 0.1 s
W0801 07:11:21.114418    3102 pjrt_executable.cc:638] Assume version compatibility. PjRt-IFRT does not track XLA executable versions.
  QSGW: 1538 clipped (75.1%)
  Bare Σ_X diagonal (eV), k=0: -22.2818  -22.2818  -22.6002  -22.6002  -18.9701  -18.9701  -26.7957  -26.7957
W0801 07:11:21.157087    3102 pjrt_executable.cc:638] Assume version compatibility. PjRt-IFRT does not track XLA executable versions.
W0801 07:11:21.181774    3102 pjrt_executable.cc:638] Assume version compatibility. PjRt-IFRT does not track XLA executable versions.
  kin_ion: pristine T+V_loc+V_NL, plus a stored exact V_H array (16, 128, 128) (truncation_2d=True).
  hartree_source: requested=auto → resolved=stored
  [SlabIO.close] draining 0 pending writes for kin_ion.h5 …
  [SlabIO.close] Python dispatch drained in 0.0 s; joining writer thread
  [SlabIO.close] writer thread joined in 0.0 s; calling H5Fclose collectively
  [SlabIO.close] H5Fclose returned in 0.0 s
  QP solver: one_shot_dft — QSGW build evaluated at E_DFT (standard G0W0)
W0801 07:11:21.321118    3102 pjrt_executable.cc:638] Assume version compatibility. PjRt-IFRT does not track XLA executable versions.
W0801 07:11:21.332145    3102 pjrt_executable.cc:638] Assume version compatibility. PjRt-IFRT does not track XLA executable versions.
W0801 07:11:21.352841    3102 pjrt_executable.cc:638] Assume version compatibility. PjRt-IFRT does not track XLA executable versions.
W0801 07:11:21.393210    3102 pjrt_executable.cc:638] Assume version compatibility. PjRt-IFRT does not track XLA executable versions.
  QP WFN (one-shot): skipped — Σ on 16 k-points but WFN carries 10 (IBZ); the one-shot dump only supports IBZ-Σ. Set debug.write_wfn_h5=false to silence.
  H0 check: implied Vxc = E_DFT - (kin_ion + V_H[exact, stored]) in [-24.255, -3.439] eV over 1280 (k,n)
  G0W0 diag (E_DFT):     /scratch2/08271/jackmc/lorrax_sandbox/runs/p12_gpu_cert/run_g108_defaults_fix/eqp_g0w0.dat

  Sigma diag:   /scratch2/08271/jackmc/lorrax_sandbox/runs/p12_gpu_cert/run_g108_defaults_fix/sigma_diag.dat
  BGW eqp0:     /scratch2/08271/jackmc/lorrax_sandbox/runs/p12_gpu_cert/run_g108_defaults_fix/eqp0.dat
  BGW eqp1:     /scratch2/08271/jackmc/lorrax_sandbox/runs/p12_gpu_cert/run_g108_defaults_fix/eqp1.dat
  Sigma(ω):     /scratch2/08271/jackmc/lorrax_sandbox/runs/p12_gpu_cert/run_g108_defaults_fix/sigma_mnk.h5
  Restart:      /scratch2/08271/jackmc/lorrax_sandbox/runs/p12_gpu_cert/run_g108_defaults_fix/tmp/isdf_tensors_108.h5

--- Timing ---
Total recorded: 127.436 s
Section                                            Count    Total[s]     Self[s]      %
gw_jax.startup                                         1       3.620       3.620    2.8
gw_jax.isdf                                            1      14.560       1.595   11.4
  gw_jax.load_centroid_wfns                            1       2.298       0.123    1.8
    load_centroids.loader_load                         1       1.233       1.233    1.0
    load_centroids.gflat_to_rmu                        1       0.389       0.389    0.3
    load_centroids.pre_reshard_sync                    1       0.058       0.058    0.0
    load_centroids.reshard                             1       0.496       0.496    0.4
  gw_jax.zeta_fit_chunked                              1       9.828       0.100    7.7
    zeta_fit.slice_halves                              1       0.056       0.056    0.0
    zeta_fit.CCT                                       1       0.473       0.473    0.4
    zeta_fit.cholesky                                  1       3.697       3.697    2.9
    zeta_fit.gc_pre_chunk_loop                         1       0.202       0.202    0.2
    zeta_fit.write_headers                             1       0.071       0.071    0.1
    zeta_fit.open_file                                 1       0.027       0.027    0.0
    psi_G_store.populate.loader_load                   8       0.226       0.226    0.2
    psi_G_store.populate.shard_to_host                 8       0.044       0.044    0.0
    zeta_fit.chunk_loop                                1       4.772       0.014    3.7
      zeta_fit.chunk.fit_one_rchunk                    1       4.471       0.056    3.5
        zeta_fit.chunk.z_q_build                       1       4.043       4.043    3.2
        zeta_fit.chunk.solve                           1       0.371       0.371    0.3
      zeta_fit.chunk.h5_write                          1       0.287       0.287    0.2
    zeta_fit.write_g_flat                              1       0.069       0.069    0.1
    zeta_fit.close_io                                  1       0.090       0.090    0.1
    zeta_fit.sync_global                               1       0.002       0.002    0.0
  gw_jax.V_q_compute                                   1       0.754       0.754    0.6
  gw_jax.wavefunction_setup                            1       0.084       0.084    0.1
gw_jax.minimax_quadrature                              1       0.083       0.083    0.1
gw_jax.screening                                       1       5.163       0.018    4.1
  gw_jax.chi0_W                                        1       4.924       0.001    3.9
    chi.compile                                        1       0.140       0.140    0.1
    chi.exec                                           1       3.916       3.916    3.1
    W.slice_to_ibz                                     1       0.084       0.084    0.1
    W.compile                                          1       0.098       0.098    0.1
    W.exec                                             1       0.611       0.611    0.5
    W.unfold_to_full_bz                                1       0.074       0.074    0.1
  W.gate                                               2       0.084       0.084    0.1
  gw_jax.chi0_W_probe                                  1       0.136       0.000    0.1
    chi.compile                                        1       0.062       0.062    0.0
    chi.exec                                           1       0.015       0.015    0.0
    W.compile                                          1       0.050       0.050    0.0
    W.exec                                             1       0.007       0.007    0.0
gw_jax.persist_w0                                      1       2.636       2.636    2.1
gw_jax.static_head                                     1       0.069       0.069    0.1
gw_jax.sigma                                           1       7.098       0.387    5.6
  gw_jax.ppm_sigma                                     1       6.711       1.197    5.3
    sigma.compile                                      1       0.196       0.196    0.2
    sigma.exec                                         1       5.318       0.770    4.2
      sigma.tau.dispatch                             160       0.297       0.297    0.2
      sigma.tau.host_accum                           160       3.878       0.141    3.0
        sigma.tau.d2h_wait                           152       0.179       0.179    0.1
        sigma.tau.omega_project                      152       3.558       3.558    2.8
      sigma.finalize                                   4       0.139       0.036    0.1
        sigma.tau.d2h_wait                             8       0.009       0.009    0.0
        sigma.tau.omega_project                        8       0.094       0.094    0.1
      sigma.host_gather                                1       0.234       0.234    0.2
gw_jax.kin_ion_load                                    1       0.062       0.062    0.0
gw_jax.solve_qp                                        1       0.001       0.001    0.0
gw_jax.qp_eigh                                         1       0.064       0.064    0.1
gw_jax.output                                          1       0.149       0.149    0.1
gw_jax.runtime_stack.compile_cache                     1       1.648       1.648    1.3
gw_jax.runtime_stack.env_and_distributed               1      60.522      60.522   47.5
gw_jax.runtime_stack.measurement                       1       0.011       0.011    0.0
gw_jax.runtime_stack.mesh_and_warmup                   1      14.069      14.069   11.0
gw_jax.imports                                         1      17.679      17.679   13.9
(untimed)                                                      0.254       0.254    0.2
TOTAL (wall)                                                 127.690              100.0
W0801 07:11:21.550015    3665 pjrt_client.cc:1604] WatchJobStateAsync failed for task 0: CANCELLED: CANCELLED
Additional GRPC error information from remote target coordination_service while calling /tensorflow.CoordinationService/WatchJobState:
:UNKNOWN:Error received from peer  {grpc_message:"CANCELLED", grpc_status:1} [type.googleapis.com/tensorflow.DerivedStatus='']
  [compile-cache] rank 0/4 summary: xla_compiles=17 (4.84s)  cache_probes=351 hits=334 (0.75s) vetoed=17  agreed=1694/1694 prefetch=1.33s  enabled=True
[runtime] process finalized explicitly (effects barrier, distributed shutdown, atexit hooks) and ending with os._exit: the interpreter-teardown destruction of the XLA:CPU client is skipped deliberately — it deadlocks in pool shutdown after cold-compile storms (jobs 7884928/7884989).
