[lxrun] JID 52123569 · 1 nodes · 2:25:13 left · 1/1 free · incoming: lx-B
  1  nid001013  free   —              —      —  ← starting lx-B  python3 -u -m bse.bse_ja
BSE problem: 4 cond x 4 val x 64 k = 1024 dimension
Lanczos: 200 iterations
BSE problem: 4 cond x 4 val x 64 k = 1024 dimension
Lanczos: 200 iterations
BSE problem: 4 cond x 4 val x 64 k = 1024 dimension
Lanczos: 200 iterations
BSE problem: 4 cond x 4 val x 64 k = 1024 dimension
Lanczos: 200 iterations
Lowest 12 eigenvalues (Ry): [0.17103877 0.17103887 0.17109796 0.17109806 0.17110843 0.17110898
 0.17124562 0.17124924 0.17124934 0.17133036 0.17133046 0.17133061]
Lowest 12 eigenvalues (Ry): [0.17103877 0.17103887 0.17109796 0.17109806 0.17110843 0.17110898
 0.17124562 0.17124924 0.17124934 0.17133036 0.17133046 0.17133061]
Lowest 12 eigenvalues (eV): [2.32710193 2.32710325 2.32790712 2.32790851 2.32804958 2.32805715
 2.32991618 2.32996542 2.32996678 2.33106921 2.33107055 2.33107256]
Lowest 12 eigenvalues (eV): [2.32710193 2.32710325 2.32790712 2.32790851 2.32804958 2.32805715
 2.32991618 2.32996542 2.32996678 2.33106921 2.33107055 2.33107256]
Lowest 12 eigenvalues (Ry): [0.17103877 0.17103887 0.17109796 0.17109806 0.17110843 0.17110898
 0.17124562 0.17124924 0.17124934 0.17133036 0.17133046 0.17133061]
Lowest 12 eigenvalues (Ry): [0.17103877 0.17103887 0.17109796 0.17109806 0.17110843 0.17110898
 0.17124562 0.17124924 0.17124934 0.17133036 0.17133046 0.17133061]
Lowest 12 eigenvalues (eV): [2.32710193 2.32710325 2.32790712 2.32790851 2.32804958 2.32805715
 2.32991618 2.32996542 2.32996678 2.33106921 2.33107055 2.33107256]
Lowest 12 eigenvalues (eV): [2.32710193 2.32710325 2.32790712 2.32790851 2.32804958 2.32805715
 2.32991618 2.32996542 2.32996678 2.33106921 2.33107055 2.33107256]
