[lxrun] JID 52197940 · 4 nodes · 1:26:15 left · 4/4 free · incoming: lx-D
  1  nid003584  free   —              —      —  ← starting lx-D  python3 -u -m gw.gw_jax 
  2  nid003989  free   —              —      —
  3  nid003992  free   —              —      —
  4  nid008229  free   —              —      —

========================================================================
  COHSEX-JAX: Self-Energy Calculation
========================================================================
  Backend: GPU       Devices: 4  Mesh: 2×2  Processes: 4
  Device type: NVIDIA A100-SXM4-40GB
  XLA preallocate: false  mem_fraction: unset
========================================================================

  ISDF basis: 480 centroids
  FFT grid: 24×24×24   Cell volume: 270.11 a.u.³

    Memory estimate: peak 17.16 GB (budget 28.00 GB), bottleneck=zct
    Per-stage: fft=6.12  zct=8.67  reshard=5.27  solve=3.64  gather=2.11 GB
    AOT fit_one_rchunk peak (driver-level): 7.33 GB

  Chunked ISDF fitting:
    Band chunks: 60
    R chunks:    13824 (contiguous r-space)
    Q chunks:    64
    Zeta output: /pscratch/sd/j/jackm/lorrax_sandbox/runs/Si/00_si_4x4x4_60band/0P_whead_x05/tmp/zeta_q.h5

  Zeta fitting: 1 r-chunks x 13824 r-points, 60 bands (60 left + 60 right)
  Output: /pscratch/sd/j/jackm/lorrax_sandbox/runs/Si/00_si_4x4x4_60band/0P_whead_x05/tmp/zeta_q.h5
  Left wfns:  (64, 60, 2, 480)
  Right wfns: (64, 60, 2, 480)
  Pseudobands normalization: 0 weighted, 0 zero-weight (skipped)
  Computing pair densities P_l, P_r (spin_traced)
/opt/jax/jax/_src/interpreters/mlir.py:1178: UserWarning: Some donated buffers were not usable: ShapedArray(complex128[64,240,240]).
See an explanation at https://jax.readthedocs.io/en/latest/faq.html#buffer-donation.
  warnings.warn("Some donated buffers were not usable:"
/opt/jax/jax/_src/interpreters/mlir.py:1178: UserWarning: Some donated buffers were not usable: ShapedArray(complex128[64,240,240]).
See an explanation at https://jax.readthedocs.io/en/latest/faq.html#buffer-donation.
  warnings.warn("Some donated buffers were not usable:"
/opt/jax/jax/_src/interpreters/mlir.py:1178: UserWarning: Some donated buffers were not usable: ShapedArray(complex128[64,240,240]).
See an explanation at https://jax.readthedocs.io/en/latest/faq.html#buffer-donation.
  warnings.warn("Some donated buffers were not usable:"
/opt/jax/jax/_src/interpreters/mlir.py:1178: UserWarning: Some donated buffers were not usable: ShapedArray(complex128[64,240,240]).
See an explanation at https://jax.readthedocs.io/en/latest/faq.html#buffer-donation.
  warnings.warn("Some donated buffers were not usable:"
  Computing L_q = chol(C_q)
  L_q: (64, 480, 480)
/pscratch/sd/j/jackm/lorrax_sandbox/sources/lorrax_D/src/file_io/_slab_io_ffi.py:239: UserWarning: FFI backend: chunks/attrs on create_dataset currently no-op; pre-create with h5py if you need explicit chunking or attrs.
  warnings.warn(
/pscratch/sd/j/jackm/lorrax_sandbox/sources/lorrax_D/src/file_io/_slab_io_ffi.py:239: UserWarning: FFI backend: chunks/attrs on create_dataset currently no-op; pre-create with h5py if you need explicit chunking or attrs.
  warnings.warn(
/pscratch/sd/j/jackm/lorrax_sandbox/sources/lorrax_D/src/file_io/_slab_io_ffi.py:239: UserWarning: FFI backend: chunks/attrs on create_dataset currently no-op; pre-create with h5py if you need explicit chunking or attrs.
  warnings.warn(
/pscratch/sd/j/jackm/lorrax_sandbox/sources/lorrax_D/src/file_io/_slab_io_ffi.py:239: UserWarning: FFI backend: chunks/attrs on create_dataset currently no-op; pre-create with h5py if you need explicit chunking or attrs.
  warnings.warn(
  ψ(G) host cache: 0.42 GB/process resident
Started zeta fitting at 18:54:35.
[ 18:54:35 | ██████████ | 100% ] r-chunk 1 / 1 · ETA 0 s
Finished zeta fitting at 18:54:35.  Elapsed: 0 s.
  [SlabIO.close] draining 1 pending writes for zeta_q.h5 …
  [SlabIO.close] Python dispatch drained in 5.5 s; joining writer thread
  [SlabIO.close] writer thread joined in 0.0 s; calling H5Fclose collectively
  [SlabIO.close] H5Fclose returned in 0.5 s
  Zeta output: /pscratch/sd/j/jackm/lorrax_sandbox/runs/Si/00_si_4x4x4_60band/0P_whead_x05/tmp/zeta_q.h5  shape: (4,4,4,480,13824)
  Timing (1 r-chunks, 1.6s total):
    fit      1.53s  98.4%
    H5       0.02s   1.5%
    GPU high-water mark: 3.72 GB / 28.00 GB budget (13%)
    γ (runtime / AOT-pred) = 0.507  (AOT predicted 7.33 GB)
    V_q bare cutoff: 25.0 Ry
    V_q budget:    27.04 GB
    V_q mu chunks: 480
    V_q q batches: 4
  V_q (sharded): mesh=2x2, one-shot (Case A), q_chunk=64, μ_chunk=480 (1 μ-blocks), aligned=True, N_μ=480, N_G=645, predicted peak/rank=0.76 GB (V_ref+g0_ref=0.06 GB)
Started V_q computation at 18:54:45.
[ 18:54:45 | ░░░░░░░░░░ |   2% ] q-point  1 / 64 · ETA 0 s
[ 18:54:45 | █░░░░░░░░░ |   6% ] q-point  4 / 64 · ETA 0 s
[ 18:54:45 | █░░░░░░░░░ |  12% ] q-point  8 / 64 · ETA 0 s
[ 18:54:45 | ██░░░░░░░░ |  17% ] q-point 11 / 64 · ETA 0 s
[ 18:54:45 | ██░░░░░░░░ |  22% ] q-point 14 / 64 · ETA 0 s
[ 18:54:45 | ███░░░░░░░ |  28% ] q-point 18 / 64 · ETA 0 s
[ 18:54:45 | ███░░░░░░░ |  33% ] q-point 21 / 64 · ETA 0 s
[ 18:54:45 | ████░░░░░░ |  38% ] q-point 24 / 64 · ETA 0 s
[ 18:54:45 | ████░░░░░░ |  44% ] q-point 28 / 64 · ETA 0 s
[ 18:54:45 | █████░░░░░ |  48% ] q-point 31 / 64 · ETA 0 s
[ 18:54:45 | █████░░░░░ |  53% ] q-point 34 / 64 · ETA 0 s
[ 18:54:45 | ██████░░░░ |  58% ] q-point 37 / 64 · ETA 0 s
[ 18:54:45 | ██████░░░░ |  64% ] q-point 41 / 64 · ETA 0 s
[ 18:54:45 | ███████░░░ |  69% ] q-point 44 / 64 · ETA 0 s
[ 18:54:45 | ███████░░░ |  73% ] q-point 47 / 64 · ETA 0 s
[ 18:54:45 | ████████░░ |  80% ] q-point 51 / 64 · ETA 0 s
[ 18:54:45 | ████████░░ |  84% ] q-point 54 / 64 · ETA 0 s
[ 18:54:45 | █████████░ |  89% ] q-point 57 / 64 · ETA 0 s
[ 18:54:45 | ██████████ |  95% ] q-point 61 / 64 · ETA 0 s
[ 18:54:45 | ██████████ | 100% ] q-point 64 / 64 · ETA 0 s
Finished V_q computation at 18:54:45.  Elapsed: 0 s.
  [SlabIO.close] draining 0 pending writes for zeta_q.h5 …
  [SlabIO.close] Python dispatch drained in 0.0 s; joining writer thread
  [SlabIO.close] writer thread joined in 0.0 s; calling H5Fclose collectively
  [SlabIO.close] H5Fclose returned in 0.4 s

  V_q computed:
    Shape: (1, 1, 1, 4, 4, 4, 480, 480)
    V_q=0 trace: 5515914.2157
  [SlabIO.close] draining 3 pending writes for isdf_tensors_480.h5 …
  [SlabIO.close] Python dispatch drained in 0.9 s; joining writer thread
  [SlabIO.close] writer thread joined in 0.0 s; calling H5Fclose collectively
  [SlabIO.close] H5Fclose returned in 0.3 s
  Wavefunctions built (b0:b4=60 bands, 4 sharded copies: xn/xr/yr/yn)
  [SlabIO.close] draining 1 pending writes for isdf_tensors_480.h5 …
  [SlabIO.close] Python dispatch drained in 0.3 s; joining writer thread
  [SlabIO.close] writer thread joined in 0.0 s; calling H5Fclose collectively
  [SlabIO.close] H5Fclose returned in 0.0 s
  Chunked ISDF path complete
  Minimax static window: x=[4.973384e-02, 3.704181e+00] Ry, R=74.48, nodes=10, fit_err~6.434e-06
  [SlabIO.close] draining 1 pending writes for isdf_tensors_480.h5 …
  [SlabIO.close] Python dispatch drained in 0.2 s; joining writer thread
  [SlabIO.close] writer thread joined in 0.0 s; calling H5Fclose collectively
  [SlabIO.close] H5Fclose returned in 0.0 s
  Persisted W0_qmunu + q=0 head scalars: vhead=3291.885 a.u.,  whead[ω=0]=60.000 a.u.,  whead[iωp]=2209.867 a.u.

------------------------------------------------------------------------
  FINITE-SIZE CORRECTIONS
------------------------------------------------------------------------
  Head source: override
  v(q→0)  =     3291.885 a.u.  (bare Coulomb head)
  W(q→0)  =       60.000 a.u.  (screened Coulomb head)
  ΔW      =    -3231.885 a.u.  (screening correction)

------------------------------------------------------------------------
  STATIC HEAD TERMS (exact COHSEX / BGW-style)
------------------------------------------------------------------------
  Head source: override
  v_h(q→0)           =  3291.885000 a.u.
  W_h(q→0, ω=0)      =    60.000000 a.u.
  W_h^c              = -3231.885000 a.u.
  Σ^X head (occ)     = -1.904270e-01 Ry
  Σ^SX head (occ)    = -3.470845e-03 Ry
  Σ^(SX-X) head(occ) = 1.869562e-01 Ry
  Σ^COH head (all)   = -9.347809e-02 Ry
2026-04-28 18:54:52.561992: E external/xla/xla/service/spmd/spmd_partitioner.cc:620] [spmd] Involuntary full rematerialization. The compiler was not able to go from sharding {devices=[4,1,1]<=[4]} to {devices=[1,2,2]<=[4]} without doing a full rematerialization of the tensor for HLO operation: %param = c128[16,480,480]{2,1,0} parameter(5), sharding={devices=[4,1,1]<=[4]}, metadata={op_name="W_q"}. You probably want to enrich the sharding annotations to prevent this from happening.
2026-04-28 18:54:52.803014: E external/xla/xla/service/spmd/spmd_partitioner.cc:620] [spmd] Involuntary full rematerialization. The compiler was not able to go from sharding {devices=[4,1,1]<=[4]} to {devices=[1,2,2]<=[4]} without doing a full rematerialization of the tensor for HLO operation: %param = c128[16,480,480]{2,1,0} parameter(5), sharding={devices=[4,1,1]<=[4]}, metadata={op_name="W_q"}. You probably want to enrich the sharding annotations to prevent this from happening.
2026-04-28 18:54:52.803976: E external/xla/xla/service/spmd/spmd_partitioner.cc:620] [spmd] Involuntary full rematerialization. The compiler was not able to go from sharding {devices=[4,1,1]<=[4]} to {devices=[1,2,2]<=[4]} without doing a full rematerialization of the tensor for HLO operation: %param = c128[16,480,480]{2,1,0} parameter(5), sharding={devices=[4,1,1]<=[4]}, metadata={op_name="W_q"}. You probably want to enrich the sharding annotations to prevent this from happening.
2026-04-28 18:54:52.805871: E external/xla/xla/service/spmd/spmd_partitioner.cc:620] [spmd] Involuntary full rematerialization. The compiler was not able to go from sharding {devices=[4,1,1]<=[4]} to {devices=[1,2,2]<=[4]} without doing a full rematerialization of the tensor for HLO operation: %param = c128[16,480,480]{2,1,0} parameter(5), sharding={devices=[4,1,1]<=[4]}, metadata={op_name="W_q"}. You probably want to enrich the sharding annotations to prevent this from happening.
2026-04-28 18:54:53.220258: E external/xla/xla/service/spmd/spmd_partitioner.cc:620] [spmd] Involuntary full rematerialization. The compiler was not able to go from sharding {devices=[1,2,2]<=[4]} to {devices=[4,1,1]<=[4]} without doing a full rematerialization of the tensor for HLO operation: %param = c128[64,240,240]{2,1,0} parameter(5), sharding={devices=[1,2,2]<=[4]}, metadata={op_name="V_q"}. You probably want to enrich the sharding annotations to prevent this from happening.
2026-04-28 18:54:53.220319: E external/xla/xla/service/spmd/spmd_partitioner.cc:620] [spmd] Involuntary full rematerialization. The compiler was not able to go from sharding {devices=[4,1,1]<=[4]} to {devices=[1,2,2]<=[4]} without doing a full rematerialization of the tensor for HLO operation: %subtract.13 = c128[16,480,480]{2,1,0} subtract(%param, %dynamic-slice), sharding={devices=[4,1,1]<=[4]}, metadata={op_name="jit(sigma_coh)/jit(main)/sub" source_file="/pscratch/sd/j/jackm/lorrax_sandbox/sources/lorrax_D/src/gw/cohsex_sigma.py" source_line=106}. You probably want to enrich the sharding annotations to prevent this from happening.
2026-04-28 18:54:53.220872: E external/xla/xla/service/spmd/spmd_partitioner.cc:620] [spmd] Involuntary full rematerialization. The compiler was not able to go from sharding {devices=[1,2,2]<=[4]} to {devices=[4,1,1]<=[4]} without doing a full rematerialization of the tensor for HLO operation: %param = c128[64,240,240]{2,1,0} parameter(5), sharding={devices=[1,2,2]<=[4]}, metadata={op_name="V_q"}. You probably want to enrich the sharding annotations to prevent this from happening.
2026-04-28 18:54:53.220934: E external/xla/xla/service/spmd/spmd_partitioner.cc:620] [spmd] Involuntary full rematerialization. The compiler was not able to go from sharding {devices=[4,1,1]<=[4]} to {devices=[1,2,2]<=[4]} without doing a full rematerialization of the tensor for HLO operation: %subtract.13 = c128[16,480,480]{2,1,0} subtract(%param, %dynamic-slice), sharding={devices=[4,1,1]<=[4]}, metadata={op_name="jit(sigma_coh)/jit(main)/sub" source_file="/pscratch/sd/j/jackm/lorrax_sandbox/sources/lorrax_D/src/gw/cohsex_sigma.py" source_line=106}. You probably want to enrich the sharding annotations to prevent this from happening.
2026-04-28 18:54:53.221081: E external/xla/xla/service/spmd/spmd_partitioner.cc:620] [spmd] Involuntary full rematerialization. The compiler was not able to go from sharding {devices=[1,2,2]<=[4]} to {devices=[4,1,1]<=[4]} without doing a full rematerialization of the tensor for HLO operation: %param = c128[64,240,240]{2,1,0} parameter(5), sharding={devices=[1,2,2]<=[4]}, metadata={op_name="V_q"}. You probably want to enrich the sharding annotations to prevent this from happening.
2026-04-28 18:54:53.221149: E external/xla/xla/service/spmd/spmd_partitioner.cc:620] [spmd] Involuntary full rematerialization. The compiler was not able to go from sharding {devices=[4,1,1]<=[4]} to {devices=[1,2,2]<=[4]} without doing a full rematerialization of the tensor for HLO operation: %subtract.13 = c128[16,480,480]{2,1,0} subtract(%param, %dynamic-slice), sharding={devices=[4,1,1]<=[4]}, metadata={op_name="jit(sigma_coh)/jit(main)/sub" source_file="/pscratch/sd/j/jackm/lorrax_sandbox/sources/lorrax_D/src/gw/cohsex_sigma.py" source_line=106}. You probably want to enrich the sharding annotations to prevent this from happening.
2026-04-28 18:54:53.222655: E external/xla/xla/service/spmd/spmd_partitioner.cc:620] [spmd] Involuntary full rematerialization. The compiler was not able to go from sharding {devices=[1,2,2]<=[4]} to {devices=[4,1,1]<=[4]} without doing a full rematerialization of the tensor for HLO operation: %param = c128[64,240,240]{2,1,0} parameter(5), sharding={devices=[1,2,2]<=[4]}, metadata={op_name="V_q"}. You probably want to enrich the sharding annotations to prevent this from happening.
2026-04-28 18:54:53.222723: E external/xla/xla/service/spmd/spmd_partitioner.cc:620] [spmd] Involuntary full rematerialization. The compiler was not able to go from sharding {devices=[4,1,1]<=[4]} to {devices=[1,2,2]<=[4]} without doing a full rematerialization of the tensor for HLO operation: %subtract.13 = c128[16,480,480]{2,1,0} subtract(%param, %dynamic-slice), sharding={devices=[4,1,1]<=[4]}, metadata={op_name="jit(sigma_coh)/jit(main)/sub" source_file="/pscratch/sd/j/jackm/lorrax_sandbox/sources/lorrax_D/src/gw/cohsex_sigma.py" source_line=106}. You probably want to enrich the sharding annotations to prevent this from happening.
  Bare Σ_X diagonal (eV), k=0: -17.4119  -17.4119  -12.8936  -12.8936  -12.8752  -12.8769  -12.8758  -12.8771

------------------------------------------------------------------------
  GN-PPM + FREQUENCY-INTEGRATED SIGMA
------------------------------------------------------------------------
  PPM imag-freq quadrature (ωp=2.0000 Ry): R=74.5, nodes=6, err~8.0e-06
2026-04-28 18:54:54.911869: E external/xla/xla/service/spmd/spmd_partitioner.cc:620] [spmd] Involuntary full rematerialization. The compiler was not able to go from sharding {devices=[1,2,2]<=[4]} to {devices=[4,1,1]<=[4]} without doing a full rematerialization of the tensor for HLO operation: %param = c128[64,240,240]{2,1,0} parameter(1), sharding={devices=[1,2,2]<=[4]}, metadata={op_name="y"}. You probably want to enrich the sharding annotations to prevent this from happening.
2026-04-28 18:54:54.912017: E external/xla/xla/service/spmd/spmd_partitioner.cc:620] [spmd] Involuntary full rematerialization. The compiler was not able to go from sharding {devices=[1,2,2]<=[4]} to {devices=[4,1,1]<=[4]} without doing a full rematerialization of the tensor for HLO operation: %param = c128[64,240,240]{2,1,0} parameter(1), sharding={devices=[1,2,2]<=[4]}, metadata={op_name="y"}. You probably want to enrich the sharding annotations to prevent this from happening.
2026-04-28 18:54:54.912582: E external/xla/xla/service/spmd/spmd_partitioner.cc:620] [spmd] Involuntary full rematerialization. The compiler was not able to go from sharding {devices=[1,2,2]<=[4]} to {devices=[4,1,1]<=[4]} without doing a full rematerialization of the tensor for HLO operation: %param = c128[64,240,240]{2,1,0} parameter(1), sharding={devices=[1,2,2]<=[4]}, metadata={op_name="y"}. You probably want to enrich the sharding annotations to prevent this from happening.
2026-04-28 18:54:55.873767: E external/xla/xla/service/spmd/spmd_partitioner.cc:620] [spmd] Involuntary full rematerialization. The compiler was not able to go from sharding {devices=[4,1,1]<=[4]} to {devices=[1,2,2]<=[4]} without doing a full rematerialization of the tensor for HLO operation: %get-tuple-element = f64[16,480,480]{2,1,0} get-tuple-element(%tuple), index=0, sharding={devices=[4,1,1]<=[4]}. You probably want to enrich the sharding annotations to prevent this from happening.
2026-04-28 18:54:55.873859: E external/xla/xla/service/spmd/spmd_partitioner.cc:620] [spmd] Involuntary full rematerialization. The compiler was not able to go from sharding {devices=[4,1,1]<=[4]} to {devices=[1,2,2]<=[4]} without doing a full rematerialization of the tensor for HLO operation: %get-tuple-element = f64[16,480,480]{2,1,0} get-tuple-element(%tuple), index=0, sharding={devices=[4,1,1]<=[4]}. You probably want to enrich the sharding annotations to prevent this from happening.
2026-04-28 18:54:55.873913: E external/xla/xla/service/spmd/spmd_partitioner.cc:620] [spmd] Involuntary full rematerialization. The compiler was not able to go from sharding {devices=[4,1,1]<=[4]} to {devices=[1,2,2]<=[4]} without doing a full rematerialization of the tensor for HLO operation: %get-tuple-element = f64[16,480,480]{2,1,0} get-tuple-element(%tuple), index=0, sharding={devices=[4,1,1]<=[4]}. You probably want to enrich the sharding annotations to prevent this from happening.
2026-04-28 18:54:55.922783: E external/xla/xla/service/spmd/spmd_partitioner.cc:620] [spmd] Involuntary full rematerialization. The compiler was not able to go from sharding {devices=[4,1,1]<=[4]} to {devices=[1,2,2]<=[4]} without doing a full rematerialization of the tensor for HLO operation: %get-tuple-element = c128[16,480,480]{2,1,0} get-tuple-element(%tuple), index=0, sharding={devices=[4,1,1]<=[4]}. You probably want to enrich the sharding annotations to prevent this from happening.
2026-04-28 18:54:55.923148: E external/xla/xla/service/spmd/spmd_partitioner.cc:620] [spmd] Involuntary full rematerialization. The compiler was not able to go from sharding {devices=[4,1,1]<=[4]} to {devices=[1,2,2]<=[4]} without doing a full rematerialization of the tensor for HLO operation: %get-tuple-element = c128[16,480,480]{2,1,0} get-tuple-element(%tuple), index=0, sharding={devices=[4,1,1]<=[4]}. You probably want to enrich the sharding annotations to prevent this from happening.
2026-04-28 18:54:55.923145: E external/xla/xla/service/spmd/spmd_partitioner.cc:620] [spmd] Involuntary full rematerialization. The compiler was not able to go from sharding {devices=[4,1,1]<=[4]} to {devices=[1,2,2]<=[4]} without doing a full rematerialization of the tensor for HLO operation: %get-tuple-element = c128[16,480,480]{2,1,0} get-tuple-element(%tuple), index=0, sharding={devices=[4,1,1]<=[4]}. You probably want to enrich the sharding annotations to prevent this from happening.
2026-04-28 18:54:55.972134: E external/xla/xla/service/spmd/spmd_partitioner.cc:620] [spmd] Involuntary full rematerialization. The compiler was not able to go from sharding {devices=[4,1,1]<=[4]} to {devices=[1,2,2]<=[4]} without doing a full rematerialization of the tensor for HLO operation: %get-tuple-element = pred[16,480,480]{2,1,0} get-tuple-element(%tuple), index=0, sharding={devices=[4,1,1]<=[4]}. You probably want to enrich the sharding annotations to prevent this from happening.
2026-04-28 18:54:55.972346: E external/xla/xla/service/spmd/spmd_partitioner.cc:620] [spmd] Involuntary full rematerialization. The compiler was not able to go from sharding {devices=[4,1,1]<=[4]} to {devices=[1,2,2]<=[4]} without doing a full rematerialization of the tensor for HLO operation: %get-tuple-element = pred[16,480,480]{2,1,0} get-tuple-element(%tuple), index=0, sharding={devices=[4,1,1]<=[4]}. You probably want to enrich the sharding annotations to prevent this from happening.
2026-04-28 18:54:55.972588: E external/xla/xla/service/spmd/spmd_partitioner.cc:620] [spmd] Involuntary full rematerialization. The compiler was not able to go from sharding {devices=[4,1,1]<=[4]} to {devices=[1,2,2]<=[4]} without doing a full rematerialization of the tensor for HLO operation: %get-tuple-element = pred[16,480,480]{2,1,0} get-tuple-element(%tuple), index=0, sharding={devices=[4,1,1]<=[4]}. You probably want to enrich the sharding annotations to prevent this from happening.
  GN-PPM fit: 1.11s, iωp=2.0000 Ry, unfulfilled=1.20%
  [pf] profiling hooks unavailable: [Errno 2] No such file or directory: 'profile/memprof/sigma_ppm_pre.prof'
  Σc(ω) grid: -10.000..10.000 eV, Nω=41, Δω=0.500 eV, ξ=0.250 eV
  GN invalid modes: 176770/14745600 (1.20%)
    ω≥E_F cond window "core" (crossing): 103 nodes, err<1e-06, E_A=[0.0249, 0.7527] Ry, project=imag
    ω≥E_F cond window "a_stripe" (Laplace): 10 nodes, err<1e-06, E_A=[0.7827, 2.7977] Ry, project=full
    ω≥E_F cond window "b_slab" (Laplace): 13 nodes, err<1e-06, E_A=[0.0249, 2.7977] Ry, project=full
Started sigma[ω≥E_F cond] at 18:54:57.
[ 18:54:57 | ░░░░░░░░░░ |   1% ] tau node   1 / 126 · ETA 0 s
[ 18:54:58 | █░░░░░░░░░ |  12% ] tau node  15 / 126 · ETA 3 s
[ 18:54:58 | ██░░░░░░░░ |  23% ] tau node  29 / 126 · ETA 2 s
[ 18:54:58 | ███░░░░░░░ |  34% ] tau node  43 / 126 · ETA 2 s
[ 18:54:59 | █████░░░░░ |  45% ] tau node  57 / 126 · ETA 2 s
[ 18:54:59 | ██████░░░░ |  56% ] tau node  70 / 126 · ETA 1 s
[ 18:55:00 | ███████░░░ |  67% ] tau node  84 / 126 · ETA 1 s
[ 18:55:00 | ████████░░ |  78% ] tau node  98 / 126 · ETA 1 s
[ 18:55:00 | █████████░ |  89% ] tau node 112 / 126 · ETA 0 s
[ 18:55:01 | ██████████ | 100% ] tau node 126 / 126 · ETA 0 s
Finished sigma[ω≥E_F cond] at 18:55:01.  Elapsed: 3 s.
    ω≥E_F val window "single" (Laplace): 14 nodes, err<1e-06, E_A=[0.0249, 0.9064] Ry, project=full
Started sigma[ω≥E_F val] at 18:55:01.
[ 18:55:01 | █░░░░░░░░░ |   7% ] tau node  1 / 14 · ETA 0 s
[ 18:55:01 | █░░░░░░░░░ |  14% ] tau node  2 / 14 · ETA 0 s
[ 18:55:01 | ███░░░░░░░ |  29% ] tau node  4 / 14 · ETA 0 s
[ 18:55:01 | ████░░░░░░ |  36% ] tau node  5 / 14 · ETA 0 s
[ 18:55:01 | █████░░░░░ |  50% ] tau node  7 / 14 · ETA 0 s
[ 18:55:01 | ██████░░░░ |  57% ] tau node  8 / 14 · ETA 0 s
[ 18:55:01 | ███████░░░ |  71% ] tau node 10 / 14 · ETA 0 s
[ 18:55:01 | ████████░░ |  79% ] tau node 11 / 14 · ETA 0 s
[ 18:55:01 | █████████░ |  93% ] tau node 13 / 14 · ETA 0 s
[ 18:55:01 | ██████████ | 100% ] tau node 14 / 14 · ETA 0 s
Finished sigma[ω≥E_F val] at 18:55:01.  Elapsed: 0 s.
    ω<E_F cond window "single" (Laplace): 14 nodes, err<1e-06, E_A=[0.0249, 2.7977] Ry, project=full
Started sigma[ω<E_F cond] at 18:55:01.
[ 18:55:01 | █░░░░░░░░░ |   7% ] tau node  1 / 14 · ETA 0 s
[ 18:55:01 | █░░░░░░░░░ |  14% ] tau node  2 / 14 · ETA 0 s
[ 18:55:01 | ███░░░░░░░ |  29% ] tau node  4 / 14 · ETA 0 s
[ 18:55:01 | ████░░░░░░ |  36% ] tau node  5 / 14 · ETA 0 s
[ 18:55:01 | █████░░░░░ |  50% ] tau node  7 / 14 · ETA 0 s
[ 18:55:01 | ██████░░░░ |  57% ] tau node  8 / 14 · ETA 0 s
[ 18:55:02 | ███████░░░ |  71% ] tau node 10 / 14 · ETA 0 s
[ 18:55:02 | ████████░░ |  79% ] tau node 11 / 14 · ETA 0 s
[ 18:55:02 | █████████░ |  93% ] tau node 13 / 14 · ETA 0 s
[ 18:55:02 | ██████████ | 100% ] tau node 14 / 14 · ETA 0 s
Finished sigma[ω<E_F cond] at 18:55:02.  Elapsed: 0 s.
    ω<E_F val window "core" (crossing): 103 nodes, err<1e-06, E_A=[0.0249, 0.7561] Ry, project=imag
    ω<E_F val window "a_stripe" (Laplace): 8 nodes, err<1e-06, E_A=[0.8269, 0.9064] Ry, project=full
    ω<E_F val window "b_slab" (Laplace): 13 nodes, err<1e-06, E_A=[0.0249, 0.9064] Ry, project=full
Started sigma[ω<E_F val] at 18:55:02.
[ 18:55:02 | ░░░░░░░░░░ |   1% ] tau node   1 / 124 · ETA 0 s
[ 18:55:02 | █░░░░░░░░░ |  12% ] tau node  15 / 124 · ETA 2 s
[ 18:55:02 | ██░░░░░░░░ |  23% ] tau node  28 / 124 · ETA 2 s
[ 18:55:03 | ███░░░░░░░ |  34% ] tau node  42 / 124 · ETA 2 s
[ 18:55:03 | █████░░░░░ |  45% ] tau node  56 / 124 · ETA 2 s
[ 18:55:03 | ██████░░░░ |  56% ] tau node  69 / 124 · ETA 1 s
[ 18:55:04 | ███████░░░ |  67% ] tau node  83 / 124 · ETA 1 s
[ 18:55:04 | ████████░░ |  78% ] tau node  97 / 124 · ETA 1 s
[ 18:55:04 | █████████░ |  89% ] tau node 110 / 124 · ETA 0 s
[ 18:55:05 | ██████████ | 100% ] tau node 124 / 124 · ETA 0 s
Finished sigma[ω<E_F val] at 18:55:05.  Elapsed: 3 s.

------------------------------------------------------------------------
  HEAD CORRECTION (scalar GN, separate from ISDF body)
------------------------------------------------------------------------
  v(q→0)             =     3291.885 a.u.
  W^c(q→0, ω=0)      =    -3231.885 a.u.
  W^c(q→0, ω=iωp)    =    -1082.018 a.u.  [ωp=2.0000 Ry]
  Ω_h²               =     2.013181 Ry²
  Ω_h                =     1.418866 Ry  (19.304664 eV)
  B_h                =  6506.369451 Ry² · a.u.
  R_h                =  2292.806023 Ry · a.u.
  R_h / (Ω_h · vol)  = 5.982598e+00 (Ry)
  Σ_c head shift: max|Σ^head_diag| = 2.5461 eV (on-shell occ band → -1.2718 eV)
  E_F(midgap) = 6.635312 eV  (VBM=6.296980, CBM=6.973644)
/pscratch/sd/j/jackm/lorrax_sandbox/sources/lorrax_D/src/file_io/_slab_io_ffi.py:239: UserWarning: FFI backend: chunks/attrs on create_dataset currently no-op; pre-create with h5py if you need explicit chunking or attrs.
  warnings.warn(
/pscratch/sd/j/jackm/lorrax_sandbox/sources/lorrax_D/src/file_io/_slab_io_ffi.py:239: UserWarning: FFI backend: chunks/attrs on create_dataset currently no-op; pre-create with h5py if you need explicit chunking or attrs.
  warnings.warn(
/pscratch/sd/j/jackm/lorrax_sandbox/sources/lorrax_D/src/file_io/_slab_io_ffi.py:239: UserWarning: FFI backend: chunks/attrs on create_dataset currently no-op; pre-create with h5py if you need explicit chunking or attrs.
  warnings.warn(
/pscratch/sd/j/jackm/lorrax_sandbox/sources/lorrax_D/src/file_io/_slab_io_ffi.py:239: UserWarning: FFI backend: chunks/attrs on create_dataset currently no-op; pre-create with h5py if you need explicit chunking or attrs.
  warnings.warn(
  [SlabIO.close] draining 3 pending writes for sigma_mnk.h5 …
  [SlabIO.close] Python dispatch drained in 0.2 s; joining writer thread
  [SlabIO.close] writer thread joined in 0.0 s; calling H5Fclose collectively
  [SlabIO.close] H5Fclose returned in 0.0 s
  Diagonal SC: 1144/3840 states in grid, 20 iterations
  QSGW: 3096 clipped (80.6%)
  G0W0 diag (E_DFT):     /pscratch/sd/j/jackm/lorrax_sandbox/runs/Si/00_si_4x4x4_60band/0P_whead_x05/eqp_g0w0.dat

  Output: /pscratch/sd/j/jackm/lorrax_sandbox/runs/Si/00_si_4x4x4_60band/0P_whead_x05/eqp0.dat
  Sigma(ω): /pscratch/sd/j/jackm/lorrax_sandbox/runs/Si/00_si_4x4x4_60band/0P_whead_x05/sigma_mnk.h5
  Restart:  /pscratch/sd/j/jackm/lorrax_sandbox/runs/Si/00_si_4x4x4_60band/0P_whead_x05/tmp/isdf_tensors_480.h5

--- Timing ---
Total recorded: 32.021 s
Section                                            Count    Total[s]     Self[s]      %
gw_jax.load_centroid_wfns                              1       1.308       1.174    4.1
  load_wfns.precompute_owned                           1       0.000       0.000    0.0
  load_wfns.k_loop                                     1       0.025       0.025    0.1
  load_wfns.scatter                                    1       0.038       0.038    0.1
  load_wfns.make_global_array                          1       0.071       0.071    0.2
gw_jax.zeta_fit_chunked                                1      10.286       0.847   32.1
  zeta_fit.slice_halves                                1       0.029       0.029    0.1
  zeta_fit.CCT                                         1       0.383       0.383    1.2
  zeta_fit.cholesky                                    1       1.286       1.286    4.0
  zeta_fit.gc_pre_chunk_loop                           1       0.063       0.063    0.2
  zeta_fit.open_file                                   1       0.070       0.070    0.2
  zeta_fit.chunk_loop                                  1       1.553       0.000    4.8
    zeta_fit.chunk.fit_one_rchunk                      1       1.529       1.529    4.8
    zeta_fit.chunk.h5_write                            1       0.023       0.023    0.1
  zeta_fit.close_io                                    1       6.054       6.054   18.9
  zeta_fit.sync_global                                 1       0.002       0.002    0.0
gw_jax.V_q_compute                                     1       4.415       0.605   13.8
  compute_all_V_q_sharded                              1       3.810       3.810   11.9
gw_jax.wavefunction_setup                              1       0.028       0.028    0.1
gw_jax.chi0_W                                          1       1.260       0.026    3.9
  chi.compile                                          1       0.445       0.445    1.4
  chi.exec                                             1       0.131       0.131    0.4
  W.compile                                            1       0.065       0.065    0.2
  W.exec                                               1       0.593       0.593    1.9
gw_jax.sigma                                           1       1.913       1.913    6.0
gw_jax.ppm_sigma                                       1      12.811       3.242   40.0
  sigma.compile                                        1       0.654       0.654    2.0
  sigma.exec                                           1       8.916       8.916   27.8
