/opt/jax/jax/_src/compiler.py:723: UserWarning: Error reading persistent compilation cache entry for 'jit_convert_element_type': XlaRuntimeError: INVALID_ARGUMENT: Device assignment (Computations: 1 Replicas: 1
Computation 0: 0 
) does not have any local devices.
  warnings.warn(
/opt/jax/jax/_src/compiler.py:723: UserWarning: Error reading persistent compilation cache entry for 'jit_convert_element_type': XlaRuntimeError: INVALID_ARGUMENT: Device assignment (Computations: 1 Replicas: 1
Computation 0: 0 
) does not have any local devices.
  warnings.warn(
/opt/jax/jax/_src/compiler.py:723: UserWarning: Error reading persistent compilation cache entry for 'jit_convert_element_type': XlaRuntimeError: INVALID_ARGUMENT: Device assignment (Computations: 1 Replicas: 1
Computation 0: 0 
) does not have any local devices.
  warnings.warn(
/opt/jax/jax/_src/compiler.py:723: UserWarning: Error reading persistent compilation cache entry for 'jit_convert_element_type': XlaRuntimeError: INVALID_ARGUMENT: Device assignment (Computations: 1 Replicas: 1
Computation 0: 0 
) does not have any local devices.
  warnings.warn(
/opt/jax/jax/_src/compiler.py:723: UserWarning: Error reading persistent compilation cache entry for 'jit_convert_element_type': XlaRuntimeError: INVALID_ARGUMENT: Device assignment (Computations: 1 Replicas: 1
Computation 0: 0 
) does not have any local devices.
  warnings.warn(
/opt/jax/jax/_src/compiler.py:723: UserWarning: Error reading persistent compilation cache entry for 'jit_convert_element_type': XlaRuntimeError: INVALID_ARGUMENT: Device assignment (Computations: 1 Replicas: 1
Computation 0: 0 
) does not have any local devices.
  warnings.warn(
/opt/jax/jax/_src/compiler.py:723: UserWarning: Error reading persistent compilation cache entry for 'jit_convert_element_type': XlaRuntimeError: INVALID_ARGUMENT: Device assignment (Computations: 1 Replicas: 1
Computation 0: 0 
) does not have any local devices.
  warnings.warn(
/opt/jax/jax/_src/compiler.py:723: UserWarning: Error reading persistent compilation cache entry for 'jit_convert_element_type': XlaRuntimeError: INVALID_ARGUMENT: Device assignment (Computations: 1 Replicas: 1
Computation 0: 0 
) does not have any local devices.
  warnings.warn(
/opt/jax/jax/_src/compiler.py:723: UserWarning: Error reading persistent compilation cache entry for 'jit_convert_element_type': XlaRuntimeError: INVALID_ARGUMENT: Device assignment (Computations: 1 Replicas: 1
Computation 0: 0 
) does not have any local devices.
  warnings.warn(
/opt/jax/jax/_src/compiler.py:723: UserWarning: Error reading persistent compilation cache entry for 'jit_convert_element_type': XlaRuntimeError: INVALID_ARGUMENT: Device assignment (Computations: 1 Replicas: 1
Computation 0: 0 
) does not have any local devices.
  warnings.warn(
/opt/jax/jax/_src/compiler.py:723: UserWarning: Error reading persistent compilation cache entry for 'jit_convert_element_type': XlaRuntimeError: INVALID_ARGUMENT: Device assignment (Computations: 1 Replicas: 1
Computation 0: 0 
) does not have any local devices.
  warnings.warn(
/opt/jax/jax/_src/compiler.py:723: UserWarning: Error reading persistent compilation cache entry for 'jit_convert_element_type': XlaRuntimeError: INVALID_ARGUMENT: Device assignment (Computations: 1 Replicas: 1
Computation 0: 0 
) does not have any local devices.
  warnings.warn(
/opt/jax/jax/_src/compiler.py:723: UserWarning: Error reading persistent compilation cache entry for 'jit_convert_element_type': XlaRuntimeError: INVALID_ARGUMENT: Device assignment (Computations: 1 Replicas: 1
Computation 0: 0 
) does not have any local devices.
  warnings.warn(
/opt/jax/jax/_src/compiler.py:723: UserWarning: Error reading persistent compilation cache entry for 'jit_convert_element_type': XlaRuntimeError: INVALID_ARGUMENT: Device assignment (Computations: 1 Replicas: 1
Computation 0: 0 
) does not have any local devices.
  warnings.warn(
/opt/jax/jax/_src/compiler.py:723: UserWarning: Error reading persistent compilation cache entry for 'jit_convert_element_type': XlaRuntimeError: INVALID_ARGUMENT: Device assignment (Computations: 1 Replicas: 1
Computation 0: 0 
) does not have any local devices.
  warnings.warn(
  Streaming Galerkin: nk=144, nb=40, nr=174960, n_mu=2412, mesh=(4x4), band_chunk=7 (5.26 GB/chunk)
  (band axis split into 6 chunks; G is accumulated r-outer / band-inner so the split stays exact)
  load_centroids_band_chunked: 6.36s
  SVD of (5760, 4824): rank=4700, σ_max=2.054e+00, σ_min/1e-08=2.068e-08 (6.41s)
  [warn] ψ-at-centroids is RANK-DEFICIENT: 5760 states vs numerical rank 4700 (nspinor·n_μ = 4824).  The Galerkin basis cannot span the band window — fH energy recovery will degrade.  Capacity rule: nk·nb < rank(ψ_μ) ≤ nspinor·n_μ, i.e. nb < 32.64 here.
/opt/jax/jax/_src/interpreters/mlir.py:1178: UserWarning: Some donated buffers were not usable: ShapedArray(complex128[4700,17634]).
See an explanation at https://jax.readthedocs.io/en/latest/faq.html#buffer-donation.
  warnings.warn("Some donated buffers were not usable:"
/opt/jax/jax/_src/interpreters/mlir.py:1178: UserWarning: Some donated buffers were not usable: ShapedArray(complex128[4700,17634]).
See an explanation at https://jax.readthedocs.io/en/latest/faq.html#buffer-donation.
  warnings.warn("Some donated buffers were not usable:"
/opt/jax/jax/_src/interpreters/mlir.py:1178: UserWarning: Some donated buffers were not usable: ShapedArray(complex128[4700,17634]).
See an explanation at https://jax.readthedocs.io/en/latest/faq.html#buffer-donation.
  warnings.warn("Some donated buffers were not usable:"
/opt/jax/jax/_src/interpreters/mlir.py:1178: UserWarning: Some donated buffers were not usable: ShapedArray(complex128[4700,17634]).
See an explanation at https://jax.readthedocs.io/en/latest/faq.html#buffer-donation.
  warnings.warn("Some donated buffers were not usable:"
/opt/jax/jax/_src/interpreters/mlir.py:1178: UserWarning: Some donated buffers were not usable: ShapedArray(complex128[4700,17634]).
See an explanation at https://jax.readthedocs.io/en/latest/faq.html#buffer-donation.
  warnings.warn("Some donated buffers were not usable:"
/opt/jax/jax/_src/interpreters/mlir.py:1178: UserWarning: Some donated buffers were not usable: ShapedArray(complex128[4700,17634]).
See an explanation at https://jax.readthedocs.io/en/latest/faq.html#buffer-donation.
  warnings.warn("Some donated buffers were not usable:"
/opt/jax/jax/_src/interpreters/mlir.py:1178: UserWarning: Some donated buffers were not usable: ShapedArray(complex128[4700,17634]).
See an explanation at https://jax.readthedocs.io/en/latest/faq.html#buffer-donation.
  warnings.warn("Some donated buffers were not usable:"
/opt/jax/jax/_src/interpreters/mlir.py:1178: UserWarning: Some donated buffers were not usable: ShapedArray(complex128[4700,17634]).
See an explanation at https://jax.readthedocs.io/en/latest/faq.html#buffer-donation.
  warnings.warn("Some donated buffers were not usable:"
/opt/jax/jax/_src/interpreters/mlir.py:1178: UserWarning: Some donated buffers were not usable: ShapedArray(complex128[4700,17634]).
See an explanation at https://jax.readthedocs.io/en/latest/faq.html#buffer-donation.
  warnings.warn("Some donated buffers were not usable:"
/opt/jax/jax/_src/interpreters/mlir.py:1178: UserWarning: Some donated buffers were not usable: ShapedArray(complex128[4700,17634]).
See an explanation at https://jax.readthedocs.io/en/latest/faq.html#buffer-donation.
  warnings.warn("Some donated buffers were not usable:"
/opt/jax/jax/_src/interpreters/mlir.py:1178: UserWarning: Some donated buffers were not usable: ShapedArray(complex128[4700,17634]).
See an explanation at https://jax.readthedocs.io/en/latest/faq.html#buffer-donation.
  warnings.warn("Some donated buffers were not usable:"
/opt/jax/jax/_src/interpreters/mlir.py:1178: UserWarning: Some donated buffers were not usable: ShapedArray(complex128[4700,17634]).
See an explanation at https://jax.readthedocs.io/en/latest/faq.html#buffer-donation.
  warnings.warn("Some donated buffers were not usable:"
/opt/jax/jax/_src/interpreters/mlir.py:1178: UserWarning: Some donated buffers were not usable: ShapedArray(complex128[4700,17634]).
See an explanation at https://jax.readthedocs.io/en/latest/faq.html#buffer-donation.
  warnings.warn("Some donated buffers were not usable:"
/opt/jax/jax/_src/interpreters/mlir.py:1178: UserWarning: Some donated buffers were not usable: ShapedArray(complex128[4700,17634]).
See an explanation at https://jax.readthedocs.io/en/latest/faq.html#buffer-donation.
  warnings.warn("Some donated buffers were not usable:"
/opt/jax/jax/_src/interpreters/mlir.py:1178: UserWarning: Some donated buffers were not usable: ShapedArray(complex128[4700,17634]).
See an explanation at https://jax.readthedocs.io/en/latest/faq.html#buffer-donation.
  warnings.warn("Some donated buffers were not usable:"
/opt/jax/jax/_src/interpreters/mlir.py:1178: UserWarning: Some donated buffers were not usable: ShapedArray(complex128[4700,17634]).
See an explanation at https://jax.readthedocs.io/en/latest/faq.html#buffer-donation.
  warnings.warn("Some donated buffers were not usable:"
/opt/jax/jax/_src/interpreters/mlir.py:1178: UserWarning: Some donated buffers were not usable: ShapedArray(complex128[4700,16944]).
See an explanation at https://jax.readthedocs.io/en/latest/faq.html#buffer-donation.
  warnings.warn("Some donated buffers were not usable:"
/opt/jax/jax/_src/interpreters/mlir.py:1178: UserWarning: Some donated buffers were not usable: ShapedArray(complex128[4700,16944]).
See an explanation at https://jax.readthedocs.io/en/latest/faq.html#buffer-donation.
  warnings.warn("Some donated buffers were not usable:"
/opt/jax/jax/_src/interpreters/mlir.py:1178: UserWarning: Some donated buffers were not usable: ShapedArray(complex128[4700,16944]).
See an explanation at https://jax.readthedocs.io/en/latest/faq.html#buffer-donation.
  warnings.warn("Some donated buffers were not usable:"
/opt/jax/jax/_src/interpreters/mlir.py:1178: UserWarning: Some donated buffers were not usable: ShapedArray(complex128[4700,16944]).
See an explanation at https://jax.readthedocs.io/en/latest/faq.html#buffer-donation.
  warnings.warn("Some donated buffers were not usable:"
/opt/jax/jax/_src/interpreters/mlir.py:1178: UserWarning: Some donated buffers were not usable: ShapedArray(complex128[4700,16944]).
See an explanation at https://jax.readthedocs.io/en/latest/faq.html#buffer-donation.
  warnings.warn("Some donated buffers were not usable:"
/opt/jax/jax/_src/interpreters/mlir.py:1178: UserWarning: Some donated buffers were not usable: ShapedArray(complex128[4700,16944]).
See an explanation at https://jax.readthedocs.io/en/latest/faq.html#buffer-donation.
  warnings.warn("Some donated buffers were not usable:"
/opt/jax/jax/_src/interpreters/mlir.py:1178: UserWarning: Some donated buffers were not usable: ShapedArray(complex128[4700,16944]).
See an explanation at https://jax.readthedocs.io/en/latest/faq.html#buffer-donation.
  warnings.warn("Some donated buffers were not usable:"
/opt/jax/jax/_src/interpreters/mlir.py:1178: UserWarning: Some donated buffers were not usable: ShapedArray(complex128[4700,16944]).
See an explanation at https://jax.readthedocs.io/en/latest/faq.html#buffer-donation.
  warnings.warn("Some donated buffers were not usable:"
  G accumulation: 5 r-chunk(s) (r_chunk=35268) x 6 band chunk(s) = 30 tile(s), 49.09s
/opt/jax/jax/_src/interpreters/mlir.py:1178: UserWarning: Some donated buffers were not usable: ShapedArray(complex128[4700,16944]).
See an explanation at https://jax.readthedocs.io/en/latest/faq.html#buffer-donation.
  warnings.warn("Some donated buffers were not usable:"
/opt/jax/jax/_src/interpreters/mlir.py:1178: UserWarning: Some donated buffers were not usable: ShapedArray(complex128[4700,16944]).
See an explanation at https://jax.readthedocs.io/en/latest/faq.html#buffer-donation.
  warnings.warn("Some donated buffers were not usable:"
/opt/jax/jax/_src/interpreters/mlir.py:1178: UserWarning: Some donated buffers were not usable: ShapedArray(complex128[4700,16944]).
See an explanation at https://jax.readthedocs.io/en/latest/faq.html#buffer-donation.
  warnings.warn("Some donated buffers were not usable:"
/opt/jax/jax/_src/interpreters/mlir.py:1178: UserWarning: Some donated buffers were not usable: ShapedArray(complex128[4700,16944]).
See an explanation at https://jax.readthedocs.io/en/latest/faq.html#buffer-donation.
  warnings.warn("Some donated buffers were not usable:"
/opt/jax/jax/_src/interpreters/mlir.py:1178: UserWarning: Some donated buffers were not usable: ShapedArray(complex128[4700,16944]).
See an explanation at https://jax.readthedocs.io/en/latest/faq.html#buffer-donation.
  warnings.warn("Some donated buffers were not usable:"
/opt/jax/jax/_src/interpreters/mlir.py:1178: UserWarning: Some donated buffers were not usable: ShapedArray(complex128[4700,16944]).
See an explanation at https://jax.readthedocs.io/en/latest/faq.html#buffer-donation.
  warnings.warn("Some donated buffers were not usable:"
/opt/jax/jax/_src/interpreters/mlir.py:1178: UserWarning: Some donated buffers were not usable: ShapedArray(complex128[4700,16944]).
See an explanation at https://jax.readthedocs.io/en/latest/faq.html#buffer-donation.
  warnings.warn("Some donated buffers were not usable:"
/opt/jax/jax/_src/interpreters/mlir.py:1178: UserWarning: Some donated buffers were not usable: ShapedArray(complex128[4700,16944]).
See an explanation at https://jax.readthedocs.io/en/latest/faq.html#buffer-donation.
  warnings.warn("Some donated buffers were not usable:"
  Cholesky of G: 1.20s
  ctilde[0] orthogonality error: 1.085e-06
  Total Galerkin: 64.80s
Loaded wavefunctions: nk=144, nb=40, rank=4700
  bse_setup: (12, 12, 1) → explicit q-list (234 q-pts), bands [26, 34) of 4700, batch=32
  f-transform: a=0.701251 Ry, n=3.00, shift=0.393183 Ry (a from band 33)
2026-07-21 22:11:33.280345: E external/xla/xla/service/spmd/spmd_partitioner.cc:620] [spmd] Involuntary full rematerialization. The compiler was not able to go from sharding {devices=[1,4,4]<=[16]} to {devices=[16,1,1]<=[16]} without doing a full rematerialization of the tensor for HLO operation: %copy.1 = c128[32,1175,1175]{2,1,0} copy(%dot), sharding={devices=[1,4,4]<=[16]}, metadata={op_name="jit(_q_batch)/jit(main)/sharding_constraint" source_file="/pscratch/sd/j/jackm/lorrax_sandbox/sources/lorrax_A_exciton_wt/src/bandstructure/bse_setup.py" source_line=204}. You probably want to enrich the sharding annotations to prevent this from happening.
2026-07-21 22:11:33.283421: E external/xla/xla/service/spmd/spmd_partitioner.cc:620] [spmd] Involuntary full rematerialization. The compiler was not able to go from sharding {devices=[1,4,4]<=[16]} to {devices=[16,1,1]<=[16]} without doing a full rematerialization of the tensor for HLO operation: %copy.1 = c128[32,1175,1175]{2,1,0} copy(%dot), sharding={devices=[1,4,4]<=[16]}, metadata={op_name="jit(_q_batch)/jit(main)/sharding_constraint" source_file="/pscratch/sd/j/jackm/lorrax_sandbox/sources/lorrax_A_exciton_wt/src/bandstructure/bse_setup.py" source_line=204}. You probably want to enrich the sharding annotations to prevent this from happening.
2026-07-21 22:11:33.287471: E external/xla/xla/service/spmd/spmd_partitioner.cc:620] [spmd] Involuntary full rematerialization. The compiler was not able to go from sharding {devices=[1,4,4]<=[16]} to {devices=[16,1,1]<=[16]} without doing a full rematerialization of the tensor for HLO operation: %copy.1 = c128[32,1175,1175]{2,1,0} copy(%dot), sharding={devices=[1,4,4]<=[16]}, metadata={op_name="jit(_q_batch)/jit(main)/sharding_constraint" source_file="/pscratch/sd/j/jackm/lorrax_sandbox/sources/lorrax_A_exciton_wt/src/bandstructure/bse_setup.py" source_line=204}. You probably want to enrich the sharding annotations to prevent this from happening.
2026-07-21 22:11:33.300471: E external/xla/xla/service/spmd/spmd_partitioner.cc:620] [spmd] Involuntary full rematerialization. The compiler was not able to go from sharding {devices=[1,4,4]<=[16]} to {devices=[16,1,1]<=[16]} without doing a full rematerialization of the tensor for HLO operation: %copy.1 = c128[32,1175,1175]{2,1,0} copy(%dot), sharding={devices=[1,4,4]<=[16]}, metadata={op_name="jit(_q_batch)/jit(main)/sharding_constraint" source_file="/pscratch/sd/j/jackm/lorrax_sandbox/sources/lorrax_A_exciton_wt/src/bandstructure/bse_setup.py" source_line=204}. You probably want to enrich the sharding annotations to prevent this from happening.
2026-07-21 22:11:35.832101: E external/xla/xla/service/spmd/spmd_partitioner.cc:620] [spmd] Involuntary full rematerialization. The compiler was not able to go from sharding {devices=[1,4,4]<=[16]} to {devices=[16,1,1]<=[16]} without doing a full rematerialization of the tensor for HLO operation: %copy.1 = c128[32,1175,1175]{2,1,0} copy(%dot), sharding={devices=[1,4,4]<=[16]}, metadata={op_name="jit(_q_batch)/jit(main)/sharding_constraint" source_file="/pscratch/sd/j/jackm/lorrax_sandbox/sources/lorrax_A_exciton_wt/src/bandstructure/bse_setup.py" source_line=204}. You probably want to enrich the sharding annotations to prevent this from happening.
2026-07-21 22:11:35.842856: E external/xla/xla/service/spmd/spmd_partitioner.cc:620] [spmd] Involuntary full rematerialization. The compiler was not able to go from sharding {devices=[1,4,4]<=[16]} to {devices=[16,1,1]<=[16]} without doing a full rematerialization of the tensor for HLO operation: %copy.1 = c128[32,1175,1175]{2,1,0} copy(%dot), sharding={devices=[1,4,4]<=[16]}, metadata={op_name="jit(_q_batch)/jit(main)/sharding_constraint" source_file="/pscratch/sd/j/jackm/lorrax_sandbox/sources/lorrax_A_exciton_wt/src/bandstructure/bse_setup.py" source_line=204}. You probably want to enrich the sharding annotations to prevent this from happening.
2026-07-21 22:11:35.897948: E external/xla/xla/service/spmd/spmd_partitioner.cc:620] [spmd] Involuntary full rematerialization. The compiler was not able to go from sharding {devices=[1,4,4]<=[16]} to {devices=[16,1,1]<=[16]} without doing a full rematerialization of the tensor for HLO operation: %copy.1 = c128[32,1175,1175]{2,1,0} copy(%dot), sharding={devices=[1,4,4]<=[16]}, metadata={op_name="jit(_q_batch)/jit(main)/sharding_constraint" source_file="/pscratch/sd/j/jackm/lorrax_sandbox/sources/lorrax_A_exciton_wt/src/bandstructure/bse_setup.py" source_line=204}. You probably want to enrich the sharding annotations to prevent this from happening.
2026-07-21 22:11:35.906255: E external/xla/xla/service/spmd/spmd_partitioner.cc:620] [spmd] Involuntary full rematerialization. The compiler was not able to go from sharding {devices=[1,4,4]<=[16]} to {devices=[16,1,1]<=[16]} without doing a full rematerialization of the tensor for HLO operation: %copy.1 = c128[32,1175,1175]{2,1,0} copy(%dot), sharding={devices=[1,4,4]<=[16]}, metadata={op_name="jit(_q_batch)/jit(main)/sharding_constraint" source_file="/pscratch/sd/j/jackm/lorrax_sandbox/sources/lorrax_A_exciton_wt/src/bandstructure/bse_setup.py" source_line=204}. You probably want to enrich the sharding annotations to prevent this from happening.
2026-07-21 22:11:35.945856: E external/xla/xla/service/spmd/spmd_partitioner.cc:620] [spmd] Involuntary full rematerialization. The compiler was not able to go from sharding {devices=[1,4,4]<=[16]} to {devices=[16,1,1]<=[16]} without doing a full rematerialization of the tensor for HLO operation: %copy.1 = c128[32,1175,1175]{2,1,0} copy(%dot), sharding={devices=[1,4,4]<=[16]}, metadata={op_name="jit(_q_batch)/jit(main)/sharding_constraint" source_file="/pscratch/sd/j/jackm/lorrax_sandbox/sources/lorrax_A_exciton_wt/src/bandstructure/bse_setup.py" source_line=204}. You probably want to enrich the sharding annotations to prevent this from happening.
2026-07-21 22:11:35.951458: E external/xla/xla/service/spmd/spmd_partitioner.cc:620] [spmd] Involuntary full rematerialization. The compiler was not able to go from sharding {devices=[1,4,4]<=[16]} to {devices=[16,1,1]<=[16]} without doing a full rematerialization of the tensor for HLO operation: %copy.1 = c128[32,1175,1175]{2,1,0} copy(%dot), sharding={devices=[1,4,4]<=[16]}, metadata={op_name="jit(_q_batch)/jit(main)/sharding_constraint" source_file="/pscratch/sd/j/jackm/lorrax_sandbox/sources/lorrax_A_exciton_wt/src/bandstructure/bse_setup.py" source_line=204}. You probably want to enrich the sharding annotations to prevent this from happening.
2026-07-21 22:11:36.054858: E external/xla/xla/service/spmd/spmd_partitioner.cc:620] [spmd] Involuntary full rematerialization. The compiler was not able to go from sharding {devices=[1,4,4]<=[16]} to {devices=[16,1,1]<=[16]} without doing a full rematerialization of the tensor for HLO operation: %copy.1 = c128[32,1175,1175]{2,1,0} copy(%dot), sharding={devices=[1,4,4]<=[16]}, metadata={op_name="jit(_q_batch)/jit(main)/sharding_constraint" source_file="/pscratch/sd/j/jackm/lorrax_sandbox/sources/lorrax_A_exciton_wt/src/bandstructure/bse_setup.py" source_line=204}. You probably want to enrich the sharding annotations to prevent this from happening.
2026-07-21 22:11:36.060715: E external/xla/xla/service/spmd/spmd_partitioner.cc:620] [spmd] Involuntary full rematerialization. The compiler was not able to go from sharding {devices=[1,4,4]<=[16]} to {devices=[16,1,1]<=[16]} without doing a full rematerialization of the tensor for HLO operation: %copy.1 = c128[32,1175,1175]{2,1,0} copy(%dot), sharding={devices=[1,4,4]<=[16]}, metadata={op_name="jit(_q_batch)/jit(main)/sharding_constraint" source_file="/pscratch/sd/j/jackm/lorrax_sandbox/sources/lorrax_A_exciton_wt/src/bandstructure/bse_setup.py" source_line=204}. You probably want to enrich the sharding annotations to prevent this from happening.
2026-07-21 22:11:36.064680: E external/xla/xla/service/spmd/spmd_partitioner.cc:620] [spmd] Involuntary full rematerialization. The compiler was not able to go from sharding {devices=[1,4,4]<=[16]} to {devices=[16,1,1]<=[16]} without doing a full rematerialization of the tensor for HLO operation: %copy.1 = c128[32,1175,1175]{2,1,0} copy(%dot), sharding={devices=[1,4,4]<=[16]}, metadata={op_name="jit(_q_batch)/jit(main)/sharding_constraint" source_file="/pscratch/sd/j/jackm/lorrax_sandbox/sources/lorrax_A_exciton_wt/src/bandstructure/bse_setup.py" source_line=204}. You probably want to enrich the sharding annotations to prevent this from happening.
2026-07-21 22:11:36.073563: E external/xla/xla/service/spmd/spmd_partitioner.cc:620] [spmd] Involuntary full rematerialization. The compiler was not able to go from sharding {devices=[1,4,4]<=[16]} to {devices=[16,1,1]<=[16]} without doing a full rematerialization of the tensor for HLO operation: %copy.1 = c128[32,1175,1175]{2,1,0} copy(%dot), sharding={devices=[1,4,4]<=[16]}, metadata={op_name="jit(_q_batch)/jit(main)/sharding_constraint" source_file="/pscratch/sd/j/jackm/lorrax_sandbox/sources/lorrax_A_exciton_wt/src/bandstructure/bse_setup.py" source_line=204}. You probably want to enrich the sharding annotations to prevent this from happening.
2026-07-21 22:11:36.218816: E external/xla/xla/service/spmd/spmd_partitioner.cc:620] [spmd] Involuntary full rematerialization. The compiler was not able to go from sharding {devices=[1,4,4]<=[16]} to {devices=[16,1,1]<=[16]} without doing a full rematerialization of the tensor for HLO operation: %copy.1 = c128[32,1175,1175]{2,1,0} copy(%dot), sharding={devices=[1,4,4]<=[16]}, metadata={op_name="jit(_q_batch)/jit(main)/sharding_constraint" source_file="/pscratch/sd/j/jackm/lorrax_sandbox/sources/lorrax_A_exciton_wt/src/bandstructure/bse_setup.py" source_line=204}. You probably want to enrich the sharding annotations to prevent this from happening.
2026-07-21 22:11:36.229754: E external/xla/xla/service/spmd/spmd_partitioner.cc:620] [spmd] Involuntary full rematerialization. The compiler was not able to go from sharding {devices=[1,4,4]<=[16]} to {devices=[16,1,1]<=[16]} without doing a full rematerialization of the tensor for HLO operation: %copy.1 = c128[32,1175,1175]{2,1,0} copy(%dot), sharding={devices=[1,4,4]<=[16]}, metadata={op_name="jit(_q_batch)/jit(main)/sharding_constraint" source_file="/pscratch/sd/j/jackm/lorrax_sandbox/sources/lorrax_A_exciton_wt/src/bandstructure/bse_setup.py" source_line=204}. You probably want to enrich the sharding annotations to prevent this from happening.
2026-07-21 22:11:36.779995: E external/xla/xla/tsl/distributed_runtime/coordination/coordination_service.cc:967] /job:jax_worker/replica:0/task:5 unexpectedly tried to connect with a different incarnation. It has likely restarted.
2026-07-21 22:11:36.780037: E external/xla/xla/tsl/distributed_runtime/coordination/coordination_service.cc:2188] Use error polling to propagate the following error to all tasks: ABORTED: /job:jax_worker/replica:0/task:5 unexpectedly tried to connect with a different incarnation. It has likely restarted. [type.googleapis.com/tensorflow.CoordinationServiceError='\"\x0e\n\njax_worker\x10\x05']
E0721 22:11:36.780281 1885245 coordination_service_agent.cc:567] Polled an error from coordination service (this can be an error from this or another task).
E0721 22:11:36.780311 1885240 coordination_service_agent.cc:567] Polled an error from coordination service (this can be an error from this or another task).
E0721 22:11:36.780409 1632303 coordination_service_agent.cc:567] Polled an error from coordination service (this can be an error from this or another task).
E0721 22:11:36.780437 1429417 coordination_service_agent.cc:567] Polled an error from coordination service (this can be an error from this or another task).
E0721 22:11:36.780372 1885250 coordination_service_agent.cc:567] Polled an error from coordination service (this can be an error from this or another task).
E0721 22:11:36.780439 1632301 coordination_service_agent.cc:567] Polled an error from coordination service (this can be an error from this or another task).
E0721 22:11:36.780438 1885254 coordination_service_agent.cc:567] Polled an error from coordination service (this can be an error from this or another task).
E0721 22:11:36.780494 1632302 coordination_service_agent.cc:567] Polled an error from coordination service (this can be an error from this or another task).
E0721 22:11:36.780431  561998 coordination_service_agent.cc:567] Polled an error from coordination service (this can be an error from this or another task).
2026-07-21 22:11:36.780509: F external/xla/xla/pjrt/distributed/client.h:80] Terminating process because the JAX distributed service detected fatal errors. This most likely indicates that another task died; see the other task logs for more details. Disable Python buffering, i.e. `python -u`, to be sure to see all the previous output. absl::Status: ABORTED: /job:jax_worker/replica:0/task:5 unexpectedly tried to connect with a different incarnation. It has likely restarted.

RPC: /tensorflow.CoordinationService/PollForError [type.googleapis.com/tensorflow.CoordinationServiceError='\"\x0e\n\njax_worker\x10\x05']
2026-07-21 22:11:36.780583: F external/xla/xla/pjrt/distributed/client.h:80] Terminating process because the JAX distributed service detected fatal errors. This most likely indicates that another task died; see the other task logs for more details. Disable Python buffering, i.e. `python -u`, to be sure to see all the previous output. absl::Status: ABORTED: /job:jax_worker/replica:0/task:5 unexpectedly tried to connect with a different incarnation. It has likely restarted.

RPC: /tensorflow.CoordinationService/PollForError [type.googleapis.com/tensorflow.CoordinationServiceError='\"\x0e\n\njax_worker\x10\x05']
E0721 22:11:36.780504  561999 coordination_service_agent.cc:567] Polled an error from coordination service (this can be an error from this or another task).
2026-07-21 22:11:36.780508: F external/xla/xla/pjrt/distributed/client.h:80] Terminating process because the JAX distributed service detected fatal errors. This most likely indicates that another task died; see the other task logs for more details. Disable Python buffering, i.e. `python -u`, to be sure to see all the previous output. absl::Status: ABORTED: /job:jax_worker/replica:0/task:5 unexpectedly tried to connect with a different incarnation. It has likely restarted.

RPC: /tensorflow.CoordinationService/PollForError [type.googleapis.com/tensorflow.CoordinationServiceError='\"\x0e\n\njax_worker\x10\x05']
2026-07-21 22:11:36.780608: F external/xla/xla/pjrt/distributed/client.h:80] Terminating process because the JAX distributed service detected fatal errors. This most likely indicates that another task died; see the other task logs for more details. Disable Python buffering, i.e. `python -u`, to be sure to see all the previous output. absl::Status: ABORTED: /job:jax_worker/replica:0/task:5 unexpectedly tried to connect with a different incarnation. It has likely restarted.

RPC: /tensorflow.CoordinationService/PollForError [type.googleapis.com/tensorflow.CoordinationServiceError='\"\x0e\n\njax_worker\x10\x05']
E0721 22:11:36.780532  561996 coordination_service_agent.cc:567] Polled an error from coordination service (this can be an error from this or another task).
E0721 22:11:36.780607 1429422 coordination_service_agent.cc:567] Polled an error from coordination service (this can be an error from this or another task).
2026-07-21 22:11:36.780578: F external/xla/xla/pjrt/distributed/client.h:80] Terminating process because the JAX distributed service detected fatal errors. This most likely indicates that another task died; see the other task logs for more details. Disable Python buffering, i.e. `python -u`, to be sure to see all the previous output. absl::Status: ABORTED: /job:jax_worker/replica:0/task:5 unexpectedly tried to connect with a different incarnation. It has likely restarted.

RPC: /tensorflow.CoordinationService/PollForError [type.googleapis.com/tensorflow.CoordinationServiceError='\"\x0e\n\njax_worker\x10\x05']
E0721 22:11:36.780607  561997 coordination_service_agent.cc:567] Polled an error from coordination service (this can be an error from this or another task).
2026-07-21 22:11:36.780670: F external/xla/xla/pjrt/distributed/client.h:80] Terminating process because the JAX distributed service detected fatal errors. This most likely indicates that another task died; see the other task logs for more details. Disable Python buffering, i.e. `python -u`, to be sure to see all the previous output. absl::Status: ABORTED: /job:jax_worker/replica:0/task:5 unexpectedly tried to connect with a different incarnation. It has likely restarted.

RPC: /tensorflow.CoordinationService/PollForError [type.googleapis.com/tensorflow.CoordinationServiceError='\"\x0e\n\njax_worker\x10\x05']
2026-07-21 22:11:36.780545: F external/xla/xla/pjrt/distributed/client.h:80] Terminating process because the JAX distributed service detected fatal errors. This most likely indicates that another task died; see the other task logs for more details. Disable Python buffering, i.e. `python -u`, to be sure to see all the previous output. absl::Status: ABORTED: /job:jax_worker/replica:0/task:5 unexpectedly tried to connect with a different incarnation. It has likely restarted.

RPC: /tensorflow.CoordinationService/PollForError [type.googleapis.com/tensorflow.CoordinationServiceError='\"\x0e\n\njax_worker\x10\x05']
2026-07-21 22:11:36.780670: F external/xla/xla/pjrt/distributed/client.h:80] Terminating process because the JAX distributed service detected fatal errors. This most likely indicates that another task died; see the other task logs for more details. Disable Python buffering, i.e. `python -u`, to be sure to see all the previous output. absl::Status: ABORTED: /job:jax_worker/replica:0/task:5 unexpectedly tried to connect with a different incarnation. It has likely restarted.

RPC: /tensorflow.CoordinationService/PollForError [type.googleapis.com/tensorflow.CoordinationServiceError='\"\x0e\n\njax_worker\x10\x05']
E0721 22:11:36.780640 1429423 coordination_service_agent.cc:567] Polled an error from coordination service (this can be an error from this or another task).
2026-07-21 22:11:36.780648: F external/xla/xla/pjrt/distributed/client.h:80] Terminating process because the JAX distributed service detected fatal errors. This most likely indicates that another task died; see the other task logs for more details. Disable Python buffering, i.e. `python -u`, to be sure to see all the previous output. absl::Status: ABORTED: /job:jax_worker/replica:0/task:5 unexpectedly tried to connect with a different incarnation. It has likely restarted.

RPC: /tensorflow.CoordinationService/PollForError [type.googleapis.com/tensorflow.CoordinationServiceError='\"\x0e\n\njax_worker\x10\x05']
2026-07-21 22:11:36.780667: F external/xla/xla/pjrt/distributed/client.h:80] Terminating process because the JAX distributed service detected fatal errors. This most likely indicates that another task died; see the other task logs for more details. Disable Python buffering, i.e. `python -u`, to be sure to see all the previous output. absl::Status: ABORTED: /job:jax_worker/replica:0/task:5 unexpectedly tried to connect with a different incarnation. It has likely restarted.

RPC: /tensorflow.CoordinationService/PollForError [type.googleapis.com/tensorflow.CoordinationServiceError='\"\x0e\n\njax_worker\x10\x05']
2026-07-21 22:11:36.780794: F external/xla/xla/pjrt/distributed/client.h:80] Terminating process because the JAX distributed service detected fatal errors. This most likely indicates that another task died; see the other task logs for more details. Disable Python buffering, i.e. `python -u`, to be sure to see all the previous output. absl::Status: ABORTED: /job:jax_worker/replica:0/task:5 unexpectedly tried to connect with a different incarnation. It has likely restarted.

RPC: /tensorflow.CoordinationService/PollForError [type.googleapis.com/tensorflow.CoordinationServiceError='\"\x0e\n\njax_worker\x10\x05']
E0721 22:11:36.780711 1632304 coordination_service_agent.cc:567] Polled an error from coordination service (this can be an error from this or another task).
2026-07-21 22:11:36.780704: F external/xla/xla/pjrt/distributed/client.h:80] Terminating process because the JAX distributed service detected fatal errors. This most likely indicates that another task died; see the other task logs for more details. Disable Python buffering, i.e. `python -u`, to be sure to see all the previous output. absl::Status: ABORTED: /job:jax_worker/replica:0/task:5 unexpectedly tried to connect with a different incarnation. It has likely restarted.

RPC: /tensorflow.CoordinationService/PollForError [type.googleapis.com/tensorflow.CoordinationServiceError='\"\x0e\n\njax_worker\x10\x05']
2026-07-21 22:11:36.780811: F external/xla/xla/pjrt/distributed/client.h:80] Terminating process because the JAX distributed service detected fatal errors. This most likely indicates that another task died; see the other task logs for more details. Disable Python buffering, i.e. `python -u`, to be sure to see all the previous output. absl::Status: ABORTED: /job:jax_worker/replica:0/task:5 unexpectedly tried to connect with a different incarnation. It has likely restarted.

RPC: /tensorflow.CoordinationService/PollForError [type.googleapis.com/tensorflow.CoordinationServiceError='\"\x0e\n\njax_worker\x10\x05']
2026-07-21 22:11:36.780907: F external/xla/xla/pjrt/distributed/client.h:80] Terminating process because the JAX distributed service detected fatal errors. This most likely indicates that another task died; see the other task logs for more details. Disable Python buffering, i.e. `python -u`, to be sure to see all the previous output. absl::Status: ABORTED: /job:jax_worker/replica:0/task:5 unexpectedly tried to connect with a different incarnation. It has likely restarted.

RPC: /tensorflow.CoordinationService/PollForError [type.googleapis.com/tensorflow.CoordinationServiceError='\"\x0e\n\njax_worker\x10\x05']
2026-07-21 22:11:36.780783: F external/xla/xla/pjrt/distributed/client.h:80] Terminating process because the JAX distributed service detected fatal errors. This most likely indicates that another task died; see the other task logs for more details. Disable Python buffering, i.e. `python -u`, to be sure to see all the previous output. absl::Status: ABORTED: /job:jax_worker/replica:0/task:5 unexpectedly tried to connect with a different incarnation. It has likely restarted.

RPC: /tensorflow.CoordinationService/PollForError [type.googleapis.com/tensorflow.CoordinationServiceError='\"\x0e\n\njax_worker\x10\x05']
E0721 22:11:36.781241 1429413 coordination_service_agent.cc:567] Polled an error from coordination service (this can be an error from this or another task).
2026-07-21 22:11:36.781531: F external/xla/xla/pjrt/distributed/client.h:80] Terminating process because the JAX distributed service detected fatal errors. This most likely indicates that another task died; see the other task logs for more details. Disable Python buffering, i.e. `python -u`, to be sure to see all the previous output. absl::Status: ABORTED: /job:jax_worker/replica:0/task:5 unexpectedly tried to connect with a different incarnation. It has likely restarted.

RPC: /tensorflow.CoordinationService/PollForError [type.googleapis.com/tensorflow.CoordinationServiceError='\"\x0e\n\njax_worker\x10\x05']
srun: error: nid008400: task 13: Aborted
srun: Terminating StepId=56301922.18
srun: error: nid008384: task 9: Aborted
[2026-07-22T05:11:37.334] error: *** STEP 56301922.18 ON nid008349 CANCELLED AT 2026-07-22T05:11:37 DUE TO TASK FAILURE ***
srun: error: nid008357: task 5: Aborted
srun: error: nid008349: tasks 0,2: Aborted
srun: error: nid008384: tasks 8,11: Aborted
srun: error: nid008400: tasks 12,15: Aborted
srun: error: nid008357: tasks 4,6: Aborted
srun: error: nid008349: task 1: Aborted
srun: error: nid008400: task 14: Aborted
srun: error: nid008357: task 7: Aborted
srun: error: nid008384: task 10: Aborted
srun: error: nid008349: task 3: Aborted
