/opt/jax/jax/_src/compiler.py:723: UserWarning: Error reading persistent compilation cache entry for 'jit_convert_element_type': XlaRuntimeError: INVALID_ARGUMENT: Device assignment (Computations: 1 Replicas: 1
Computation 0: 0 
) does not have any local devices.
  warnings.warn(
/opt/jax/jax/_src/compiler.py:723: UserWarning: Error reading persistent compilation cache entry for 'jit_convert_element_type': XlaRuntimeError: INVALID_ARGUMENT: Device assignment (Computations: 1 Replicas: 1
Computation 0: 0 
) does not have any local devices.
  warnings.warn(
/opt/jax/jax/_src/compiler.py:723: UserWarning: Error reading persistent compilation cache entry for 'jit_convert_element_type': XlaRuntimeError: INVALID_ARGUMENT: Device assignment (Computations: 1 Replicas: 1
Computation 0: 0 
) does not have any local devices.
  warnings.warn(
/opt/jax/jax/_src/compiler.py:723: UserWarning: Error reading persistent compilation cache entry for 'jit_convert_element_type': XlaRuntimeError: INVALID_ARGUMENT: Device assignment (Computations: 1 Replicas: 1
Computation 0: 0 
) does not have any local devices.
  warnings.warn(
/opt/jax/jax/_src/compiler.py:723: UserWarning: Error reading persistent compilation cache entry for 'jit_convert_element_type': XlaRuntimeError: INVALID_ARGUMENT: Device assignment (Computations: 1 Replicas: 1
Computation 0: 0 
) does not have any local devices.
  warnings.warn(
/opt/jax/jax/_src/compiler.py:723: UserWarning: Error reading persistent compilation cache entry for 'jit_convert_element_type': XlaRuntimeError: INVALID_ARGUMENT: Device assignment (Computations: 1 Replicas: 1
Computation 0: 0 
) does not have any local devices.
  warnings.warn(
/opt/jax/jax/_src/compiler.py:723: UserWarning: Error reading persistent compilation cache entry for 'jit_convert_element_type': XlaRuntimeError: INVALID_ARGUMENT: Device assignment (Computations: 1 Replicas: 1
Computation 0: 0 
) does not have any local devices.
  warnings.warn(
/opt/jax/jax/_src/compiler.py:723: UserWarning: Error reading persistent compilation cache entry for 'jit_convert_element_type': XlaRuntimeError: INVALID_ARGUMENT: Device assignment (Computations: 1 Replicas: 1
Computation 0: 0 
) does not have any local devices.
  warnings.warn(
/opt/jax/jax/_src/compiler.py:723: UserWarning: Error reading persistent compilation cache entry for 'jit_convert_element_type': XlaRuntimeError: INVALID_ARGUMENT: Device assignment (Computations: 1 Replicas: 1
Computation 0: 0 
) does not have any local devices.
  warnings.warn(
/opt/jax/jax/_src/compiler.py:723: UserWarning: Error reading persistent compilation cache entry for 'jit_convert_element_type': XlaRuntimeError: INVALID_ARGUMENT: Device assignment (Computations: 1 Replicas: 1
Computation 0: 0 
) does not have any local devices.
  warnings.warn(
/opt/jax/jax/_src/compiler.py:723: UserWarning: Error reading persistent compilation cache entry for 'jit_convert_element_type': XlaRuntimeError: INVALID_ARGUMENT: Device assignment (Computations: 1 Replicas: 1
Computation 0: 0 
) does not have any local devices.
  warnings.warn(
/opt/jax/jax/_src/compiler.py:723: UserWarning: Error reading persistent compilation cache entry for 'jit_convert_element_type': XlaRuntimeError: INVALID_ARGUMENT: Device assignment (Computations: 1 Replicas: 1
Computation 0: 0 
) does not have any local devices.
  warnings.warn(
/opt/jax/jax/_src/compiler.py:723: UserWarning: Error reading persistent compilation cache entry for 'jit_convert_element_type': XlaRuntimeError: INVALID_ARGUMENT: Device assignment (Computations: 1 Replicas: 1
Computation 0: 0 
) does not have any local devices.
  warnings.warn(
/opt/jax/jax/_src/compiler.py:723: UserWarning: Error reading persistent compilation cache entry for 'jit_convert_element_type': XlaRuntimeError: INVALID_ARGUMENT: Device assignment (Computations: 1 Replicas: 1
Computation 0: 0 
) does not have any local devices.
  warnings.warn(
/opt/jax/jax/_src/compiler.py:723: UserWarning: Error reading persistent compilation cache entry for 'jit_convert_element_type': XlaRuntimeError: INVALID_ARGUMENT: Device assignment (Computations: 1 Replicas: 1
Computation 0: 0 
) does not have any local devices.
  warnings.warn(
  Streaming Galerkin: nk=144, nb=32, nr=174960, n_mu=2412, mesh=(4x4), band_chunk=7 (5.26 GB/chunk)
  (band axis split into 5 chunks; G is accumulated r-outer / band-inner so the split stays exact)
  load_centroids_band_chunked: 5.93s
  SVD of (4608, 4824): rank=4180, σ_max=2.048e+00, σ_min/1e-08=2.246e-08 (5.49s)
  [warn] ψ-at-centroids is RANK-DEFICIENT: 4608 states vs numerical rank 4180 (nspinor·n_μ = 4824).  The Galerkin basis cannot span the band window — fH energy recovery will degrade.  Capacity rule: nk·nb < rank(ψ_μ) ≤ nspinor·n_μ, i.e. nb < 29.03 here.
2026-07-21 22:28:15.016740: W external/xla/xla/hlo/transforms/simplifiers/hlo_rematerialization.cc:3021] Can't reduce memory use below 30.11GiB (32332098906 bytes) by rematerialization; only reduced to 65.39GiB (70207948800 bytes), down from 65.39GiB (70207948800 bytes) originally
2026-07-21 22:28:20.216859: W external/xla/xla/hlo/transforms/simplifiers/hlo_rematerialization.cc:3021] Can't reduce memory use below 30.11GiB (32332098906 bytes) by rematerialization; only reduced to 65.39GiB (70207948800 bytes), down from 65.39GiB (70207948800 bytes) originally
2026-07-21 22:28:20.229192: W external/xla/xla/hlo/transforms/simplifiers/hlo_rematerialization.cc:3021] Can't reduce memory use below 30.11GiB (32332098906 bytes) by rematerialization; only reduced to 65.39GiB (70207948800 bytes), down from 65.39GiB (70207948800 bytes) originally
2026-07-21 22:28:20.298957: W external/xla/xla/hlo/transforms/simplifiers/hlo_rematerialization.cc:3021] Can't reduce memory use below 30.11GiB (32332098906 bytes) by rematerialization; only reduced to 65.39GiB (70207948800 bytes), down from 65.39GiB (70207948800 bytes) originally
2026-07-21 22:28:20.311403: W external/xla/xla/hlo/transforms/simplifiers/hlo_rematerialization.cc:3021] Can't reduce memory use below 30.11GiB (32332098906 bytes) by rematerialization; only reduced to 65.39GiB (70207948800 bytes), down from 65.39GiB (70207948800 bytes) originally
2026-07-21 22:28:20.334123: W external/xla/xla/hlo/transforms/simplifiers/hlo_rematerialization.cc:3021] Can't reduce memory use below 30.11GiB (32332098906 bytes) by rematerialization; only reduced to 65.39GiB (70207948800 bytes), down from 65.39GiB (70207948800 bytes) originally
2026-07-21 22:28:20.399846: W external/xla/xla/hlo/transforms/simplifiers/hlo_rematerialization.cc:3021] Can't reduce memory use below 30.11GiB (32332098906 bytes) by rematerialization; only reduced to 65.39GiB (70207948800 bytes), down from 65.39GiB (70207948800 bytes) originally
2026-07-21 22:28:20.438766: W external/xla/xla/hlo/transforms/simplifiers/hlo_rematerialization.cc:3021] Can't reduce memory use below 30.11GiB (32332098906 bytes) by rematerialization; only reduced to 65.39GiB (70207948800 bytes), down from 65.39GiB (70207948800 bytes) originally
2026-07-21 22:28:20.596745: W external/xla/xla/hlo/transforms/simplifiers/hlo_rematerialization.cc:3021] Can't reduce memory use below 30.11GiB (32332098906 bytes) by rematerialization; only reduced to 65.39GiB (70207948800 bytes), down from 65.39GiB (70207948800 bytes) originally
2026-07-21 22:28:20.805437: W external/xla/xla/hlo/transforms/simplifiers/hlo_rematerialization.cc:3021] Can't reduce memory use below 30.11GiB (32332098906 bytes) by rematerialization; only reduced to 65.39GiB (70207948800 bytes), down from 65.39GiB (70207948800 bytes) originally
2026-07-21 22:28:21.145580: W external/xla/xla/hlo/transforms/simplifiers/hlo_rematerialization.cc:3021] Can't reduce memory use below 30.11GiB (32332098906 bytes) by rematerialization; only reduced to 65.39GiB (70207948800 bytes), down from 65.39GiB (70207948800 bytes) originally
2026-07-21 22:28:21.351472: W external/xla/xla/hlo/transforms/simplifiers/hlo_rematerialization.cc:3021] Can't reduce memory use below 30.11GiB (32332098906 bytes) by rematerialization; only reduced to 65.39GiB (70207948800 bytes), down from 65.39GiB (70207948800 bytes) originally
2026-07-21 22:28:21.371958: W external/xla/xla/hlo/transforms/simplifiers/hlo_rematerialization.cc:3021] Can't reduce memory use below 30.11GiB (32332098906 bytes) by rematerialization; only reduced to 65.39GiB (70207948800 bytes), down from 65.39GiB (70207948800 bytes) originally
2026-07-21 22:28:21.920693: W external/xla/xla/hlo/transforms/simplifiers/hlo_rematerialization.cc:3021] Can't reduce memory use below 30.11GiB (32332098906 bytes) by rematerialization; only reduced to 65.39GiB (70207948800 bytes), down from 65.39GiB (70207948800 bytes) originally
2026-07-21 22:28:21.944323: W external/xla/xla/hlo/transforms/simplifiers/hlo_rematerialization.cc:3021] Can't reduce memory use below 30.11GiB (32332098906 bytes) by rematerialization; only reduced to 65.39GiB (70207948800 bytes), down from 65.39GiB (70207948800 bytes) originally
2026-07-21 22:28:22.476686: W external/xla/xla/hlo/transforms/simplifiers/hlo_rematerialization.cc:3021] Can't reduce memory use below 30.11GiB (32332098906 bytes) by rematerialization; only reduced to 65.39GiB (70207948800 bytes), down from 65.39GiB (70207948800 bytes) originally
2026-07-21 22:28:26.649412: W external/xla/xla/tsl/framework/bfc_allocator.cc:501] Allocator (GPU_0_bfc) ran out of memory trying to allocate 21.79GiB (rounded to 23402649600)requested by op 
2026-07-21 22:28:26.649590: W external/xla/xla/tsl/framework/bfc_allocator.cc:512] *******************************______________********************************___________________****
E0721 22:28:26.649612 1929598 pjrt_stream_executor_client.cc:3077] Execution of replica 0 failed: RESOURCE_EXHAUSTED: Out of memory while trying to allocate 23402649600 bytes. [tf-allocator-allocation-error='']
Traceback (most recent call last):
  File "/pscratch/sd/j/jackm/lorrax_sandbox/reports/bse_exciton_smooth_2026-07-21/eps_window_sweep.py", line 261, in <module>
    raise SystemExit(main())
                     ^^^^^^
  File "/pscratch/sd/j/jackm/lorrax_sandbox/reports/bse_exciton_smooth_2026-07-21/eps_window_sweep.py", line 134, in main
    enk_sigma) = ht.initialize_wfns(args.input, params, log,
                 ^^^^^^^^^^^^^^^^^^^^^^^^^^^^^^^^^^^^^^^^^^^
  File "/pscratch/sd/j/jackm/lorrax_sandbox/sources/lorrax_A_exciton_wt/src/bandstructure/htransform.py", line 761, in initialize_wfns
    out = streaming_galerkin_solve(
          ^^^^^^^^^^^^^^^^^^^^^^^^^
  File "/pscratch/sd/j/jackm/lorrax_sandbox/sources/lorrax_A_exciton_wt/src/bandstructure/htransform.py", line 288, in streaming_galerkin_solve
    Q = jax.device_put(
        ^^^^^^^^^^^^^^^
  File "/opt/jax/jax/_src/api.py", line 2376, in device_put
    out_flat = dispatch.device_put_p.bind(
               ^^^^^^^^^^^^^^^^^^^^^^^^^^^
  File "/opt/jax/jax/_src/core.py", line 502, in bind
    return self._true_bind(*args, **params)
           ^^^^^^^^^^^^^^^^^^^^^^^^^^^^^^^^
  File "/opt/jax/jax/_src/core.py", line 520, in _true_bind
    return self.bind_with_trace(prev_trace, args, params)
           ^^^^^^^^^^^^^^^^^^^^^^^^^^^^^^^^^^^^^^^^^^^^^^
  File "/opt/jax/jax/_src/core.py", line 525, in bind_with_trace
    return trace.process_primitive(self, args, params)
           ^^^^^^^^^^^^^^^^^^^^^^^^^^^^^^^^^^^^^^^^^^^
  File "/opt/jax/jax/_src/core.py", line 1029, in process_primitive
    return primitive.impl(*args, **params)
           ^^^^^^^^^^^^^^^^^^^^^^^^^^^^^^^
  File "/opt/jax/jax/_src/dispatch.py", line 553, in _batched_device_put_impl
    y = _device_put_impl(x, device=device, src=src, copy=cp)
        ^^^^^^^^^^^^^^^^^^^^^^^^^^^^^^^^^^^^^^^^^^^^^^^^^^^^
  File "/opt/jax/jax/_src/dispatch.py", line 542, in _device_put_impl
    return _device_put_sharding_impl(x, aval, device, copy)
           ^^^^^^^^^^^^^^^^^^^^^^^^^^^^^^^^^^^^^^^^^^^^^^^^
  File "/opt/jax/jax/_src/dispatch.py", line 472, in _device_put_sharding_impl
    multihost_utils.assert_equal(
  File "/opt/jax/jax/experimental/multihost_utils.py", line 160, in assert_equal
    expected = broadcast_one_to_all(in_tree)
               ^^^^^^^^^^^^^^^^^^^^^^^^^^^^^
  File "/opt/jax/jax/experimental/multihost_utils.py", line 83, in broadcast_one_to_all
    out_tree = jax.jit(_psum, out_shardings=jax.sharding.NamedSharding(
               ^^^^^^^^^^^^^^^^^^^^^^^^^^^^^^^^^^^^^^^^^^^^^^^^^^^^^^^^
jaxlib.xla_extension.XlaRuntimeError: RESOURCE_EXHAUSTED: Out of memory while trying to allocate 23402649600 bytes.
--------------------
For simplicity, JAX has removed its internal frames from the traceback of the following exception. Set JAX_TRACEBACK_FILTERING=off to include these.
2026-07-21 22:28:31.840896: W external/xla/xla/tsl/framework/bfc_allocator.cc:501] Allocator (GPU_0_bfc) ran out of memory trying to allocate 21.79GiB (rounded to 23402649600)requested by op 
2026-07-21 22:28:31.841108: W external/xla/xla/tsl/framework/bfc_allocator.cc:512] *******************************______________********************************___________________****
E0721 22:28:31.841134 1929599 pjrt_stream_executor_client.cc:3077] Execution of replica 0 failed: RESOURCE_EXHAUSTED: Out of memory while trying to allocate 23402649600 bytes. [tf-allocator-allocation-error='']
Traceback (most recent call last):
  File "/pscratch/sd/j/jackm/lorrax_sandbox/reports/bse_exciton_smooth_2026-07-21/eps_window_sweep.py", line 261, in <module>
    raise SystemExit(main())
                     ^^^^^^
  File "/pscratch/sd/j/jackm/lorrax_sandbox/reports/bse_exciton_smooth_2026-07-21/eps_window_sweep.py", line 134, in main
    enk_sigma) = ht.initialize_wfns(args.input, params, log,
                 ^^^^^^^^^^^^^^^^^^^^^^^^^^^^^^^^^^^^^^^^^^^
  File "/pscratch/sd/j/jackm/lorrax_sandbox/sources/lorrax_A_exciton_wt/src/bandstructure/htransform.py", line 761, in initialize_wfns
    out = streaming_galerkin_solve(
          ^^^^^^^^^^^^^^^^^^^^^^^^^
  File "/pscratch/sd/j/jackm/lorrax_sandbox/sources/lorrax_A_exciton_wt/src/bandstructure/htransform.py", line 288, in streaming_galerkin_solve
    Q = jax.device_put(
        ^^^^^^^^^^^^^^^
  File "/opt/jax/jax/_src/api.py", line 2376, in device_put
    out_flat = dispatch.device_put_p.bind(
               ^^^^^^^^^^^^^^^^^^^^^^^^^^^
  File "/opt/jax/jax/_src/core.py", line 502, in bind
    return self._true_bind(*args, **params)
           ^^^^^^^^^^^^^^^^^^^^^^^^^^^^^^^^
  File "/opt/jax/jax/_src/core.py", line 520, in _true_bind
    return self.bind_with_trace(prev_trace, args, params)
           ^^^^^^^^^^^^^^^^^^^^^^^^^^^^^^^^^^^^^^^^^^^^^^
  File "/opt/jax/jax/_src/core.py", line 525, in bind_with_trace
    return trace.process_primitive(self, args, params)
           ^^^^^^^^^^^^^^^^^^^^^^^^^^^^^^^^^^^^^^^^^^^
  File "/opt/jax/jax/_src/core.py", line 1029, in process_primitive
    return primitive.impl(*args, **params)
           ^^^^^^^^^^^^^^^^^^^^^^^^^^^^^^^
  File "/opt/jax/jax/_src/dispatch.py", line 553, in _batched_device_put_impl
    y = _device_put_impl(x, device=device, src=src, copy=cp)
        ^^^^^^^^^^^^^^^^^^^^^^^^^^^^^^^^^^^^^^^^^^^^^^^^^^^^
  File "/opt/jax/jax/_src/dispatch.py", line 542, in _device_put_impl
    return _device_put_sharding_impl(x, aval, device, copy)
           ^^^^^^^^^^^^^^^^^^^^^^^^^^^^^^^^^^^^^^^^^^^^^^^^
  File "/opt/jax/jax/_src/dispatch.py", line 472, in _device_put_sharding_impl
    multihost_utils.assert_equal(
  File "/opt/jax/jax/experimental/multihost_utils.py", line 160, in assert_equal
    expected = broadcast_one_to_all(in_tree)
               ^^^^^^^^^^^^^^^^^^^^^^^^^^^^^
  File "/opt/jax/jax/experimental/multihost_utils.py", line 83, in broadcast_one_to_all
    out_tree = jax.jit(_psum, out_shardings=jax.sharding.NamedSharding(
               ^^^^^^^^^^^^^^^^^^^^^^^^^^^^^^^^^^^^^^^^^^^^^^^^^^^^^^^^
jaxlib.xla_extension.XlaRuntimeError: RESOURCE_EXHAUSTED: Out of memory while trying to allocate 23402649600 bytes.
--------------------
For simplicity, JAX has removed its internal frames from the traceback of the following exception. Set JAX_TRACEBACK_FILTERING=off to include these.
2026-07-21 22:28:31.928380: W external/xla/xla/tsl/framework/bfc_allocator.cc:501] Allocator (GPU_0_bfc) ran out of memory trying to allocate 21.79GiB (rounded to 23402649600)requested by op 
2026-07-21 22:28:31.928572: W external/xla/xla/tsl/framework/bfc_allocator.cc:512] *******************************______________********************************___________________****
E0721 22:28:31.928595 1929603 pjrt_stream_executor_client.cc:3077] Execution of replica 0 failed: RESOURCE_EXHAUSTED: Out of memory while trying to allocate 23402649600 bytes. [tf-allocator-allocation-error='']
Traceback (most recent call last):
  File "/pscratch/sd/j/jackm/lorrax_sandbox/reports/bse_exciton_smooth_2026-07-21/eps_window_sweep.py", line 261, in <module>
    raise SystemExit(main())
                     ^^^^^^
  File "/pscratch/sd/j/jackm/lorrax_sandbox/reports/bse_exciton_smooth_2026-07-21/eps_window_sweep.py", line 134, in main
    enk_sigma) = ht.initialize_wfns(args.input, params, log,
                 ^^^^^^^^^^^^^^^^^^^^^^^^^^^^^^^^^^^^^^^^^^^
  File "/pscratch/sd/j/jackm/lorrax_sandbox/sources/lorrax_A_exciton_wt/src/bandstructure/htransform.py", line 761, in initialize_wfns
    out = streaming_galerkin_solve(
          ^^^^^^^^^^^^^^^^^^^^^^^^^
  File "/pscratch/sd/j/jackm/lorrax_sandbox/sources/lorrax_A_exciton_wt/src/bandstructure/htransform.py", line 288, in streaming_galerkin_solve
    Q = jax.device_put(
        ^^^^^^^^^^^^^^^
  File "/opt/jax/jax/_src/api.py", line 2376, in device_put
    out_flat = dispatch.device_put_p.bind(
               ^^^^^^^^^^^^^^^^^^^^^^^^^^^
  File "/opt/jax/jax/_src/core.py", line 502, in bind
    return self._true_bind(*args, **params)
           ^^^^^^^^^^^^^^^^^^^^^^^^^^^^^^^^
  File "/opt/jax/jax/_src/core.py", line 520, in _true_bind
    return self.bind_with_trace(prev_trace, args, params)
           ^^^^^^^^^^^^^^^^^^^^^^^^^^^^^^^^^^^^^^^^^^^^^^
  File "/opt/jax/jax/_src/core.py", line 525, in bind_with_trace
    return trace.process_primitive(self, args, params)
           ^^^^^^^^^^^^^^^^^^^^^^^^^^^^^^^^^^^^^^^^^^^
  File "/opt/jax/jax/_src/core.py", line 1029, in process_primitive
    return primitive.impl(*args, **params)
           ^^^^^^^^^^^^^^^^^^^^^^^^^^^^^^^
  File "/opt/jax/jax/_src/dispatch.py", line 553, in _batched_device_put_impl
    y = _device_put_impl(x, device=device, src=src, copy=cp)
        ^^^^^^^^^^^^^^^^^^^^^^^^^^^^^^^^^^^^^^^^^^^^^^^^^^^^
  File "/opt/jax/jax/_src/dispatch.py", line 542, in _device_put_impl
    return _device_put_sharding_impl(x, aval, device, copy)
           ^^^^^^^^^^^^^^^^^^^^^^^^^^^^^^^^^^^^^^^^^^^^^^^^
  File "/opt/jax/jax/_src/dispatch.py", line 472, in _device_put_sharding_impl
    multihost_utils.assert_equal(
  File "/opt/jax/jax/experimental/multihost_utils.py", line 160, in assert_equal
    expected = broadcast_one_to_all(in_tree)
               ^^^^^^^^^^^^^^^^^^^^^^^^^^^^^
  File "/opt/jax/jax/experimental/multihost_utils.py", line 83, in broadcast_one_to_all
    out_tree = jax.jit(_psum, out_shardings=jax.sharding.NamedSharding(
               ^^^^^^^^^^^^^^^^^^^^^^^^^^^^^^^^^^^^^^^^^^^^^^^^^^^^^^^^
jaxlib.xla_extension.XlaRuntimeError: RESOURCE_EXHAUSTED: Out of memory while trying to allocate 23402649600 bytes.
--------------------
For simplicity, JAX has removed its internal frames from the traceback of the following exception. Set JAX_TRACEBACK_FILTERING=off to include these.
2026-07-21 22:28:31.982949: W external/xla/xla/tsl/framework/bfc_allocator.cc:501] Allocator (GPU_0_bfc) ran out of memory trying to allocate 21.79GiB (rounded to 23402649600)requested by op 
2026-07-21 22:28:31.993645: W external/xla/xla/tsl/framework/bfc_allocator.cc:512] *******************************______________********************************___________________****
E0721 22:28:32.006113 1664023 pjrt_stream_executor_client.cc:3077] Execution of replica 0 failed: RESOURCE_EXHAUSTED: Out of memory while trying to allocate 23402649600 bytes. [tf-allocator-allocation-error='']
2026-07-21 22:28:32.032304: W external/xla/xla/tsl/framework/bfc_allocator.cc:501] Allocator (GPU_0_bfc) ran out of memory trying to allocate 21.79GiB (rounded to 23402649600)requested by op 
2026-07-21 22:28:32.032516: W external/xla/xla/tsl/framework/bfc_allocator.cc:512] *******************************______________********************************___________________****
E0721 22:28:32.032577 1664021 pjrt_stream_executor_client.cc:3077] Execution of replica 0 failed: RESOURCE_EXHAUSTED: Out of memory while trying to allocate 23402649600 bytes. [tf-allocator-allocation-error='']
2026-07-21 22:28:32.046214: W external/xla/xla/tsl/framework/bfc_allocator.cc:501] Allocator (GPU_0_bfc) ran out of memory trying to allocate 21.79GiB (rounded to 23402649600)requested by op 
2026-07-21 22:28:32.046343: W external/xla/xla/tsl/framework/bfc_allocator.cc:512] *******************************______________********************************___________________****
E0721 22:28:32.046361 1929601 pjrt_stream_executor_client.cc:3077] Execution of replica 0 failed: RESOURCE_EXHAUSTED: Out of memory while trying to allocate 23402649600 bytes. [tf-allocator-allocation-error='']
Traceback (most recent call last):
  File "/pscratch/sd/j/jackm/lorrax_sandbox/reports/bse_exciton_smooth_2026-07-21/eps_window_sweep.py", line 261, in <module>
    raise SystemExit(main())
                     ^^^^^^
  File "/pscratch/sd/j/jackm/lorrax_sandbox/reports/bse_exciton_smooth_2026-07-21/eps_window_sweep.py", line 134, in main
    enk_sigma) = ht.initialize_wfns(args.input, params, log,
                 ^^^^^^^^^^^^^^^^^^^^^^^^^^^^^^^^^^^^^^^^^^^
  File "/pscratch/sd/j/jackm/lorrax_sandbox/sources/lorrax_A_exciton_wt/src/bandstructure/htransform.py", line 761, in initialize_wfns
    out = streaming_galerkin_solve(
          ^^^^^^^^^^^^^^^^^^^^^^^^^
  File "/pscratch/sd/j/jackm/lorrax_sandbox/sources/lorrax_A_exciton_wt/src/bandstructure/htransform.py", line 288, in streaming_galerkin_solve
    Q = jax.device_put(
        ^^^^^^^^^^^^^^^
  File "/opt/jax/jax/_src/api.py", line 2376, in device_put
    out_flat = dispatch.device_put_p.bind(
               ^^^^^^^^^^^^^^^^^^^^^^^^^^^
  File "/opt/jax/jax/_src/core.py", line 502, in bind
    return self._true_bind(*args, **params)
           ^^^^^^^^^^^^^^^^^^^^^^^^^^^^^^^^
  File "/opt/jax/jax/_src/core.py", line 520, in _true_bind
    return self.bind_with_trace(prev_trace, args, params)
           ^^^^^^^^^^^^^^^^^^^^^^^^^^^^^^^^^^^^^^^^^^^^^^
  File "/opt/jax/jax/_src/core.py", line 525, in bind_with_trace
    return trace.process_primitive(self, args, params)
           ^^^^^^^^^^^^^^^^^^^^^^^^^^^^^^^^^^^^^^^^^^^
  File "/opt/jax/jax/_src/core.py", line 1029, in process_primitive
    return primitive.impl(*args, **params)
           ^^^^^^^^^^^^^^^^^^^^^^^^^^^^^^^
  File "/opt/jax/jax/_src/dispatch.py", line 553, in _batched_device_put_impl
    y = _device_put_impl(x, device=device, src=src, copy=cp)
        ^^^^^^^^^^^^^^^^^^^^^^^^^^^^^^^^^^^^^^^^^^^^^^^^^^^^
  File "/opt/jax/jax/_src/dispatch.py", line 542, in _device_put_impl
    return _device_put_sharding_impl(x, aval, device, copy)
           ^^^^^^^^^^^^^^^^^^^^^^^^^^^^^^^^^^^^^^^^^^^^^^^^
  File "/opt/jax/jax/_src/dispatch.py", line 472, in _device_put_sharding_impl
    multihost_utils.assert_equal(
  File "/opt/jax/jax/experimental/multihost_utils.py", line 160, in assert_equal
    expected = broadcast_one_to_all(in_tree)
               ^^^^^^^^^^^^^^^^^^^^^^^^^^^^^
  File "/opt/jax/jax/experimental/multihost_utils.py", line 83, in broadcast_one_to_all
    out_tree = jax.jit(_psum, out_shardings=jax.sharding.NamedSharding(
               ^^^^^^^^^^^^^^^^^^^^^^^^^^^^^^^^^^^^^^^^^^^^^^^^^^^^^^^^
jaxlib.xla_extension.XlaRuntimeError: RESOURCE_EXHAUSTED: Out of memory while trying to allocate 23402649600 bytes.
--------------------
For simplicity, JAX has removed its internal frames from the traceback of the following exception. Set JAX_TRACEBACK_FILTERING=off to include these.
Traceback (most recent call last):
  File "/pscratch/sd/j/jackm/lorrax_sandbox/reports/bse_exciton_smooth_2026-07-21/eps_window_sweep.py", line 261, in <module>
Traceback (most recent call last):
  File "/pscratch/sd/j/jackm/lorrax_sandbox/reports/bse_exciton_smooth_2026-07-21/eps_window_sweep.py", line 261, in <module>
    raise SystemExit(main())
    raise SystemExit(main())
                     ^^^^^^
                     ^^^^^^
  File "/pscratch/sd/j/jackm/lorrax_sandbox/reports/bse_exciton_smooth_2026-07-21/eps_window_sweep.py", line 134, in main
  File "/pscratch/sd/j/jackm/lorrax_sandbox/reports/bse_exciton_smooth_2026-07-21/eps_window_sweep.py", line 134, in main
    enk_sigma) = ht.initialize_wfns(args.input, params, log,
    enk_sigma) = ht.initialize_wfns(args.input, params, log,
                 ^^^^^^^^^^^^^^^^^^^^^^^^^^^^^^^^^^^^^^^^^^^
  File "/pscratch/sd/j/jackm/lorrax_sandbox/sources/lorrax_A_exciton_wt/src/bandstructure/htransform.py", line 761, in initialize_wfns
                 ^^^^^^^^^^^^^^^^^^^^^^^^^^^^^^^^^^^^^^^^^^^
  File "/pscratch/sd/j/jackm/lorrax_sandbox/sources/lorrax_A_exciton_wt/src/bandstructure/htransform.py", line 761, in initialize_wfns
    out = streaming_galerkin_solve(
          ^^^^^^^^^^^^^^^^^^^^^^^^^
  File "/pscratch/sd/j/jackm/lorrax_sandbox/sources/lorrax_A_exciton_wt/src/bandstructure/htransform.py", line 288, in streaming_galerkin_solve
    out = streaming_galerkin_solve(
          ^^^^^^^^^^^^^^^^^^^^^^^^^
    Q = jax.device_put(
  File "/pscratch/sd/j/jackm/lorrax_sandbox/sources/lorrax_A_exciton_wt/src/bandstructure/htransform.py", line 288, in streaming_galerkin_solve
        ^^^^^^^^^^^^^^^
  File "/opt/jax/jax/_src/api.py", line 2376, in device_put
    Q = jax.device_put(
        ^^^^^^^^^^^^^^^
  File "/opt/jax/jax/_src/api.py", line 2376, in device_put
    out_flat = dispatch.device_put_p.bind(
               ^^^^^^^^^^^^^^^^^^^^^^^^^^^
  File "/opt/jax/jax/_src/core.py", line 502, in bind
    out_flat = dispatch.device_put_p.bind(
    return self._true_bind(*args, **params)
               ^^^^^^^^^^^^^^^^^^^^^^^^^^^
  File "/opt/jax/jax/_src/core.py", line 502, in bind
           ^^^^^^^^^^^^^^^^^^^^^^^^^^^^^^^^
  File "/opt/jax/jax/_src/core.py", line 520, in _true_bind
    return self._true_bind(*args, **params)
    return self.bind_with_trace(prev_trace, args, params)
           ^^^^^^^^^^^^^^^^^^^^^^^^^^^^^^^^
  File "/opt/jax/jax/_src/core.py", line 520, in _true_bind
           ^^^^^^^^^^^^^^^^^^^^^^^^^^^^^^^^^^^^^^^^^^^^^^
  File "/opt/jax/jax/_src/core.py", line 525, in bind_with_trace
    return self.bind_with_trace(prev_trace, args, params)
    return trace.process_primitive(self, args, params)
           ^^^^^^^^^^^^^^^^^^^^^^^^^^^^^^^^^^^^^^^^^^^^^^
  File "/opt/jax/jax/_src/core.py", line 525, in bind_with_trace
           ^^^^^^^^^^^^^^^^^^^^^^^^^^^^^^^^^^^^^^^^^^^
  File "/opt/jax/jax/_src/core.py", line 1029, in process_primitive
    return trace.process_primitive(self, args, params)
           ^^^^^^^^^^^^^^^^^^^^^^^^^^^^^^^^^^^^^^^^^^^
  File "/opt/jax/jax/_src/core.py", line 1029, in process_primitive
    return primitive.impl(*args, **params)
           ^^^^^^^^^^^^^^^^^^^^^^^^^^^^^^^
  File "/opt/jax/jax/_src/dispatch.py", line 553, in _batched_device_put_impl
    return primitive.impl(*args, **params)
    y = _device_put_impl(x, device=device, src=src, copy=cp)
           ^^^^^^^^^^^^^^^^^^^^^^^^^^^^^^^
  File "/opt/jax/jax/_src/dispatch.py", line 553, in _batched_device_put_impl
    y = _device_put_impl(x, device=device, src=src, copy=cp)
        ^^^^^^^^^^^^^^^^^^^^^^^^^^^^^^^^^^^^^^^^^^^^^^^^^^^^
  File "/opt/jax/jax/_src/dispatch.py", line 542, in _device_put_impl
    return _device_put_sharding_impl(x, aval, device, copy)
        ^^^^^^^^^^^^^^^^^^^^^^^^^^^^^^^^^^^^^^^^^^^^^^^^^^^^
  File "/opt/jax/jax/_src/dispatch.py", line 542, in _device_put_impl
    return _device_put_sharding_impl(x, aval, device, copy)
           ^^^^^^^^^^^^^^^^^^^^^^^^^^^^^^^^^^^^^^^^^^^^^^^^
  File "/opt/jax/jax/_src/dispatch.py", line 472, in _device_put_sharding_impl
    multihost_utils.assert_equal(
  File "/opt/jax/jax/experimental/multihost_utils.py", line 160, in assert_equal
           ^^^^^^^^^^^^^^^^^^^^^^^^^^^^^^^^^^^^^^^^^^^^^^^^
  File "/opt/jax/jax/_src/dispatch.py", line 472, in _device_put_sharding_impl
    expected = broadcast_one_to_all(in_tree)
    multihost_utils.assert_equal(
  File "/opt/jax/jax/experimental/multihost_utils.py", line 160, in assert_equal
               ^^^^^^^^^^^^^^^^^^^^^^^^^^^^^
  File "/opt/jax/jax/experimental/multihost_utils.py", line 83, in broadcast_one_to_all
    expected = broadcast_one_to_all(in_tree)
    out_tree = jax.jit(_psum, out_shardings=jax.sharding.NamedSharding(
               ^^^^^^^^^^^^^^^^^^^^^^^^^^^^^
  File "/opt/jax/jax/experimental/multihost_utils.py", line 83, in broadcast_one_to_all
               ^^^^^^^^^^^^^^^^^^^^^^^^^^^^^^^^^^^^^^^^^^^^^^^^^^^^^^^^
    out_tree = jax.jit(_psum, out_shardings=jax.sharding.NamedSharding(
jaxlib.xla_extension.XlaRuntimeError: RESOURCE_EXHAUSTED: Out of memory while trying to allocate 23402649600 bytes.
--------------------
For simplicity, JAX has removed its internal frames from the traceback of the following exception. Set JAX_TRACEBACK_FILTERING=off to include these.
               ^^^^^^^^^^^^^^^^^^^^^^^^^^^^^^^^^^^^^^^^^^^^^^^^^^^^^^^^
jaxlib.xla_extension.XlaRuntimeError: RESOURCE_EXHAUSTED: Out of memory while trying to allocate 23402649600 bytes.
--------------------
For simplicity, JAX has removed its internal frames from the traceback of the following exception. Set JAX_TRACEBACK_FILTERING=off to include these.
2026-07-21 22:28:32.186325: W external/xla/xla/tsl/framework/bfc_allocator.cc:501] Allocator (GPU_0_bfc) ran out of memory trying to allocate 21.79GiB (rounded to 23402649600)requested by op 
2026-07-21 22:28:32.186499: W external/xla/xla/tsl/framework/bfc_allocator.cc:512] *******************************______________********************************___________________****
E0721 22:28:32.186575 1664018 pjrt_stream_executor_client.cc:3077] Execution of replica 0 failed: RESOURCE_EXHAUSTED: Out of memory while trying to allocate 23402649600 bytes. [tf-allocator-allocation-error='']
Traceback (most recent call last):
  File "/pscratch/sd/j/jackm/lorrax_sandbox/reports/bse_exciton_smooth_2026-07-21/eps_window_sweep.py", line 261, in <module>
    raise SystemExit(main())
                     ^^^^^^
  File "/pscratch/sd/j/jackm/lorrax_sandbox/reports/bse_exciton_smooth_2026-07-21/eps_window_sweep.py", line 134, in main
    enk_sigma) = ht.initialize_wfns(args.input, params, log,
                 ^^^^^^^^^^^^^^^^^^^^^^^^^^^^^^^^^^^^^^^^^^^
  File "/pscratch/sd/j/jackm/lorrax_sandbox/sources/lorrax_A_exciton_wt/src/bandstructure/htransform.py", line 761, in initialize_wfns
    out = streaming_galerkin_solve(
          ^^^^^^^^^^^^^^^^^^^^^^^^^
  File "/pscratch/sd/j/jackm/lorrax_sandbox/sources/lorrax_A_exciton_wt/src/bandstructure/htransform.py", line 288, in streaming_galerkin_solve
    Q = jax.device_put(
        ^^^^^^^^^^^^^^^
  File "/opt/jax/jax/_src/api.py", line 2376, in device_put
    out_flat = dispatch.device_put_p.bind(
               ^^^^^^^^^^^^^^^^^^^^^^^^^^^
  File "/opt/jax/jax/_src/core.py", line 502, in bind
    return self._true_bind(*args, **params)
           ^^^^^^^^^^^^^^^^^^^^^^^^^^^^^^^^
  File "/opt/jax/jax/_src/core.py", line 520, in _true_bind
    return self.bind_with_trace(prev_trace, args, params)
           ^^^^^^^^^^^^^^^^^^^^^^^^^^^^^^^^^^^^^^^^^^^^^^
  File "/opt/jax/jax/_src/core.py", line 525, in bind_with_trace
    return trace.process_primitive(self, args, params)
           ^^^^^^^^^^^^^^^^^^^^^^^^^^^^^^^^^^^^^^^^^^^
  File "/opt/jax/jax/_src/core.py", line 1029, in process_primitive
    return primitive.impl(*args, **params)
           ^^^^^^^^^^^^^^^^^^^^^^^^^^^^^^^
  File "/opt/jax/jax/_src/dispatch.py", line 553, in _batched_device_put_impl
    y = _device_put_impl(x, device=device, src=src, copy=cp)
        ^^^^^^^^^^^^^^^^^^^^^^^^^^^^^^^^^^^^^^^^^^^^^^^^^^^^
  File "/opt/jax/jax/_src/dispatch.py", line 542, in _device_put_impl
    return _device_put_sharding_impl(x, aval, device, copy)
           ^^^^^^^^^^^^^^^^^^^^^^^^^^^^^^^^^^^^^^^^^^^^^^^^
  File "/opt/jax/jax/_src/dispatch.py", line 472, in _device_put_sharding_impl
    multihost_utils.assert_equal(
  File "/opt/jax/jax/experimental/multihost_utils.py", line 160, in assert_equal
    expected = broadcast_one_to_all(in_tree)
               ^^^^^^^^^^^^^^^^^^^^^^^^^^^^^
  File "/opt/jax/jax/experimental/multihost_utils.py", line 83, in broadcast_one_to_all
    out_tree = jax.jit(_psum, out_shardings=jax.sharding.NamedSharding(
               ^^^^^^^^^^^^^^^^^^^^^^^^^^^^^^^^^^^^^^^^^^^^^^^^^^^^^^^^
jaxlib.xla_extension.XlaRuntimeError: RESOURCE_EXHAUSTED: Out of memory while trying to allocate 23402649600 bytes.
--------------------
For simplicity, JAX has removed its internal frames from the traceback of the following exception. Set JAX_TRACEBACK_FILTERING=off to include these.
2026-07-21 22:28:32.204487: W external/xla/xla/tsl/framework/bfc_allocator.cc:501] Allocator (GPU_0_bfc) ran out of memory trying to allocate 21.79GiB (rounded to 23402649600)requested by op 
2026-07-21 22:28:32.204657: W external/xla/xla/tsl/framework/bfc_allocator.cc:512] *******************************______________********************************___________________****
E0721 22:28:32.204680  593724 pjrt_stream_executor_client.cc:3077] Execution of replica 0 failed: RESOURCE_EXHAUSTED: Out of memory while trying to allocate 23402649600 bytes. [tf-allocator-allocation-error='']
Traceback (most recent call last):
  File "/pscratch/sd/j/jackm/lorrax_sandbox/reports/bse_exciton_smooth_2026-07-21/eps_window_sweep.py", line 261, in <module>
    raise SystemExit(main())
                     ^^^^^^
  File "/pscratch/sd/j/jackm/lorrax_sandbox/reports/bse_exciton_smooth_2026-07-21/eps_window_sweep.py", line 134, in main
    enk_sigma) = ht.initialize_wfns(args.input, params, log,
                 ^^^^^^^^^^^^^^^^^^^^^^^^^^^^^^^^^^^^^^^^^^^
  File "/pscratch/sd/j/jackm/lorrax_sandbox/sources/lorrax_A_exciton_wt/src/bandstructure/htransform.py", line 761, in initialize_wfns
    out = streaming_galerkin_solve(
          ^^^^^^^^^^^^^^^^^^^^^^^^^
  File "/pscratch/sd/j/jackm/lorrax_sandbox/sources/lorrax_A_exciton_wt/src/bandstructure/htransform.py", line 288, in streaming_galerkin_solve
    Q = jax.device_put(
        ^^^^^^^^^^^^^^^
  File "/opt/jax/jax/_src/api.py", line 2376, in device_put
    out_flat = dispatch.device_put_p.bind(
               ^^^^^^^^^^^^^^^^^^^^^^^^^^^
  File "/opt/jax/jax/_src/core.py", line 502, in bind
    return self._true_bind(*args, **params)
           ^^^^^^^^^^^^^^^^^^^^^^^^^^^^^^^^
  File "/opt/jax/jax/_src/core.py", line 520, in _true_bind
    return self.bind_with_trace(prev_trace, args, params)
           ^^^^^^^^^^^^^^^^^^^^^^^^^^^^^^^^^^^^^^^^^^^^^^
  File "/opt/jax/jax/_src/core.py", line 525, in bind_with_trace
    return trace.process_primitive(self, args, params)
           ^^^^^^^^^^^^^^^^^^^^^^^^^^^^^^^^^^^^^^^^^^^
  File "/opt/jax/jax/_src/core.py", line 1029, in process_primitive
    return primitive.impl(*args, **params)
           ^^^^^^^^^^^^^^^^^^^^^^^^^^^^^^^
  File "/opt/jax/jax/_src/dispatch.py", line 553, in _batched_device_put_impl
    y = _device_put_impl(x, device=device, src=src, copy=cp)
        ^^^^^^^^^^^^^^^^^^^^^^^^^^^^^^^^^^^^^^^^^^^^^^^^^^^^
  File "/opt/jax/jax/_src/dispatch.py", line 542, in _device_put_impl
    return _device_put_sharding_impl(x, aval, device, copy)
           ^^^^^^^^^^^^^^^^^^^^^^^^^^^^^^^^^^^^^^^^^^^^^^^^
  File "/opt/jax/jax/_src/dispatch.py", line 472, in _device_put_sharding_impl
    multihost_utils.assert_equal(
  File "/opt/jax/jax/experimental/multihost_utils.py", line 160, in assert_equal
    expected = broadcast_one_to_all(in_tree)
               ^^^^^^^^^^^^^^^^^^^^^^^^^^^^^
  File "/opt/jax/jax/experimental/multihost_utils.py", line 83, in broadcast_one_to_all
    out_tree = jax.jit(_psum, out_shardings=jax.sharding.NamedSharding(
               ^^^^^^^^^^^^^^^^^^^^^^^^^^^^^^^^^^^^^^^^^^^^^^^^^^^^^^^^
jaxlib.xla_extension.XlaRuntimeError: RESOURCE_EXHAUSTED: Out of memory while trying to allocate 23402649600 bytes.
--------------------
For simplicity, JAX has removed its internal frames from the traceback of the following exception. Set JAX_TRACEBACK_FILTERING=off to include these.
2026-07-21 22:28:32.439667: W external/xla/xla/tsl/framework/bfc_allocator.cc:501] Allocator (GPU_0_bfc) ran out of memory trying to allocate 21.79GiB (rounded to 23402649600)requested by op 
2026-07-21 22:28:32.439767: W external/xla/xla/tsl/framework/bfc_allocator.cc:512] *******************************______________********************************___________________****
E0721 22:28:32.439782  593722 pjrt_stream_executor_client.cc:3077] Execution of replica 0 failed: RESOURCE_EXHAUSTED: Out of memory while trying to allocate 23402649600 bytes. [tf-allocator-allocation-error='']
Traceback (most recent call last):
  File "/pscratch/sd/j/jackm/lorrax_sandbox/reports/bse_exciton_smooth_2026-07-21/eps_window_sweep.py", line 261, in <module>
    raise SystemExit(main())
                     ^^^^^^
  File "/pscratch/sd/j/jackm/lorrax_sandbox/reports/bse_exciton_smooth_2026-07-21/eps_window_sweep.py", line 134, in main
    enk_sigma) = ht.initialize_wfns(args.input, params, log,
                 ^^^^^^^^^^^^^^^^^^^^^^^^^^^^^^^^^^^^^^^^^^^
  File "/pscratch/sd/j/jackm/lorrax_sandbox/sources/lorrax_A_exciton_wt/src/bandstructure/htransform.py", line 761, in initialize_wfns
    out = streaming_galerkin_solve(
          ^^^^^^^^^^^^^^^^^^^^^^^^^
  File "/pscratch/sd/j/jackm/lorrax_sandbox/sources/lorrax_A_exciton_wt/src/bandstructure/htransform.py", line 288, in streaming_galerkin_solve
    Q = jax.device_put(
        ^^^^^^^^^^^^^^^
  File "/opt/jax/jax/_src/api.py", line 2376, in device_put
    out_flat = dispatch.device_put_p.bind(
               ^^^^^^^^^^^^^^^^^^^^^^^^^^^
  File "/opt/jax/jax/_src/core.py", line 502, in bind
    return self._true_bind(*args, **params)
           ^^^^^^^^^^^^^^^^^^^^^^^^^^^^^^^^
  File "/opt/jax/jax/_src/core.py", line 520, in _true_bind
    return self.bind_with_trace(prev_trace, args, params)
           ^^^^^^^^^^^^^^^^^^^^^^^^^^^^^^^^^^^^^^^^^^^^^^
  File "/opt/jax/jax/_src/core.py", line 525, in bind_with_trace
    return trace.process_primitive(self, args, params)
           ^^^^^^^^^^^^^^^^^^^^^^^^^^^^^^^^^^^^^^^^^^^
  File "/opt/jax/jax/_src/core.py", line 1029, in process_primitive
    return primitive.impl(*args, **params)
           ^^^^^^^^^^^^^^^^^^^^^^^^^^^^^^^
  File "/opt/jax/jax/_src/dispatch.py", line 553, in _batched_device_put_impl
    y = _device_put_impl(x, device=device, src=src, copy=cp)
        ^^^^^^^^^^^^^^^^^^^^^^^^^^^^^^^^^^^^^^^^^^^^^^^^^^^^
  File "/opt/jax/jax/_src/dispatch.py", line 542, in _device_put_impl
    return _device_put_sharding_impl(x, aval, device, copy)
           ^^^^^^^^^^^^^^^^^^^^^^^^^^^^^^^^^^^^^^^^^^^^^^^^
  File "/opt/jax/jax/_src/dispatch.py", line 472, in _device_put_sharding_impl
    multihost_utils.assert_equal(
  File "/opt/jax/jax/experimental/multihost_utils.py", line 160, in assert_equal
    expected = broadcast_one_to_all(in_tree)
               ^^^^^^^^^^^^^^^^^^^^^^^^^^^^^
  File "/opt/jax/jax/experimental/multihost_utils.py", line 83, in broadcast_one_to_all
    out_tree = jax.jit(_psum, out_shardings=jax.sharding.NamedSharding(
               ^^^^^^^^^^^^^^^^^^^^^^^^^^^^^^^^^^^^^^^^^^^^^^^^^^^^^^^^
jaxlib.xla_extension.XlaRuntimeError: RESOURCE_EXHAUSTED: Out of memory while trying to allocate 23402649600 bytes.
--------------------
For simplicity, JAX has removed its internal frames from the traceback of the following exception. Set JAX_TRACEBACK_FILTERING=off to include these.
2026-07-21 22:28:32.615145: W external/xla/xla/tsl/framework/bfc_allocator.cc:501] Allocator (GPU_0_bfc) ran out of memory trying to allocate 21.79GiB (rounded to 23402649600)requested by op 
2026-07-21 22:28:32.615335: W external/xla/xla/tsl/framework/bfc_allocator.cc:512] *******************************______________********************************___________________****
E0721 22:28:32.615359  593719 pjrt_stream_executor_client.cc:3077] Execution of replica 0 failed: RESOURCE_EXHAUSTED: Out of memory while trying to allocate 23402649600 bytes. [tf-allocator-allocation-error='']
Traceback (most recent call last):
  File "/pscratch/sd/j/jackm/lorrax_sandbox/reports/bse_exciton_smooth_2026-07-21/eps_window_sweep.py", line 261, in <module>
    raise SystemExit(main())
                     ^^^^^^
  File "/pscratch/sd/j/jackm/lorrax_sandbox/reports/bse_exciton_smooth_2026-07-21/eps_window_sweep.py", line 134, in main
    enk_sigma) = ht.initialize_wfns(args.input, params, log,
                 ^^^^^^^^^^^^^^^^^^^^^^^^^^^^^^^^^^^^^^^^^^^
  File "/pscratch/sd/j/jackm/lorrax_sandbox/sources/lorrax_A_exciton_wt/src/bandstructure/htransform.py", line 761, in initialize_wfns
    out = streaming_galerkin_solve(
          ^^^^^^^^^^^^^^^^^^^^^^^^^
  File "/pscratch/sd/j/jackm/lorrax_sandbox/sources/lorrax_A_exciton_wt/src/bandstructure/htransform.py", line 288, in streaming_galerkin_solve
    Q = jax.device_put(
        ^^^^^^^^^^^^^^^
  File "/opt/jax/jax/_src/api.py", line 2376, in device_put
    out_flat = dispatch.device_put_p.bind(
               ^^^^^^^^^^^^^^^^^^^^^^^^^^^
  File "/opt/jax/jax/_src/core.py", line 502, in bind
    return self._true_bind(*args, **params)
           ^^^^^^^^^^^^^^^^^^^^^^^^^^^^^^^^
  File "/opt/jax/jax/_src/core.py", line 520, in _true_bind
    return self.bind_with_trace(prev_trace, args, params)
           ^^^^^^^^^^^^^^^^^^^^^^^^^^^^^^^^^^^^^^^^^^^^^^
  File "/opt/jax/jax/_src/core.py", line 525, in bind_with_trace
    return trace.process_primitive(self, args, params)
           ^^^^^^^^^^^^^^^^^^^^^^^^^^^^^^^^^^^^^^^^^^^
  File "/opt/jax/jax/_src/core.py", line 1029, in process_primitive
    return primitive.impl(*args, **params)
           ^^^^^^^^^^^^^^^^^^^^^^^^^^^^^^^
  File "/opt/jax/jax/_src/dispatch.py", line 553, in _batched_device_put_impl
    y = _device_put_impl(x, device=device, src=src, copy=cp)
        ^^^^^^^^^^^^^^^^^^^^^^^^^^^^^^^^^^^^^^^^^^^^^^^^^^^^
  File "/opt/jax/jax/_src/dispatch.py", line 542, in _device_put_impl
    return _device_put_sharding_impl(x, aval, device, copy)
           ^^^^^^^^^^^^^^^^^^^^^^^^^^^^^^^^^^^^^^^^^^^^^^^^
  File "/opt/jax/jax/_src/dispatch.py", line 472, in _device_put_sharding_impl
    multihost_utils.assert_equal(
  File "/opt/jax/jax/experimental/multihost_utils.py", line 160, in assert_equal
    expected = broadcast_one_to_all(in_tree)
               ^^^^^^^^^^^^^^^^^^^^^^^^^^^^^
  File "/opt/jax/jax/experimental/multihost_utils.py", line 83, in broadcast_one_to_all
    out_tree = jax.jit(_psum, out_shardings=jax.sharding.NamedSharding(
               ^^^^^^^^^^^^^^^^^^^^^^^^^^^^^^^^^^^^^^^^^^^^^^^^^^^^^^^^
jaxlib.xla_extension.XlaRuntimeError: RESOURCE_EXHAUSTED: Out of memory while trying to allocate 23402649600 bytes.
--------------------
For simplicity, JAX has removed its internal frames from the traceback of the following exception. Set JAX_TRACEBACK_FILTERING=off to include these.
2026-07-21 22:28:32.762241: W external/xla/xla/tsl/framework/bfc_allocator.cc:501] Allocator (GPU_0_bfc) ran out of memory trying to allocate 21.79GiB (rounded to 23402649600)requested by op 
2026-07-21 22:28:32.762394: W external/xla/xla/tsl/framework/bfc_allocator.cc:512] *******************************______________********************************___________________****
E0721 22:28:32.762413 1461334 pjrt_stream_executor_client.cc:3077] Execution of replica 0 failed: RESOURCE_EXHAUSTED: Out of memory while trying to allocate 23402649600 bytes. [tf-allocator-allocation-error='']
Traceback (most recent call last):
  File "/pscratch/sd/j/jackm/lorrax_sandbox/reports/bse_exciton_smooth_2026-07-21/eps_window_sweep.py", line 261, in <module>
    raise SystemExit(main())
                     ^^^^^^
  File "/pscratch/sd/j/jackm/lorrax_sandbox/reports/bse_exciton_smooth_2026-07-21/eps_window_sweep.py", line 134, in main
    enk_sigma) = ht.initialize_wfns(args.input, params, log,
                 ^^^^^^^^^^^^^^^^^^^^^^^^^^^^^^^^^^^^^^^^^^^
  File "/pscratch/sd/j/jackm/lorrax_sandbox/sources/lorrax_A_exciton_wt/src/bandstructure/htransform.py", line 761, in initialize_wfns
    out = streaming_galerkin_solve(
          ^^^^^^^^^^^^^^^^^^^^^^^^^
  File "/pscratch/sd/j/jackm/lorrax_sandbox/sources/lorrax_A_exciton_wt/src/bandstructure/htransform.py", line 288, in streaming_galerkin_solve
    Q = jax.device_put(
        ^^^^^^^^^^^^^^^
  File "/opt/jax/jax/_src/api.py", line 2376, in device_put
    out_flat = dispatch.device_put_p.bind(
               ^^^^^^^^^^^^^^^^^^^^^^^^^^^
  File "/opt/jax/jax/_src/core.py", line 502, in bind
    return self._true_bind(*args, **params)
           ^^^^^^^^^^^^^^^^^^^^^^^^^^^^^^^^
  File "/opt/jax/jax/_src/core.py", line 520, in _true_bind
    return self.bind_with_trace(prev_trace, args, params)
           ^^^^^^^^^^^^^^^^^^^^^^^^^^^^^^^^^^^^^^^^^^^^^^
  File "/opt/jax/jax/_src/core.py", line 525, in bind_with_trace
    return trace.process_primitive(self, args, params)
           ^^^^^^^^^^^^^^^^^^^^^^^^^^^^^^^^^^^^^^^^^^^
  File "/opt/jax/jax/_src/core.py", line 1029, in process_primitive
    return primitive.impl(*args, **params)
           ^^^^^^^^^^^^^^^^^^^^^^^^^^^^^^^
  File "/opt/jax/jax/_src/dispatch.py", line 553, in _batched_device_put_impl
    y = _device_put_impl(x, device=device, src=src, copy=cp)
        ^^^^^^^^^^^^^^^^^^^^^^^^^^^^^^^^^^^^^^^^^^^^^^^^^^^^
  File "/opt/jax/jax/_src/dispatch.py", line 542, in _device_put_impl
    return _device_put_sharding_impl(x, aval, device, copy)
           ^^^^^^^^^^^^^^^^^^^^^^^^^^^^^^^^^^^^^^^^^^^^^^^^
  File "/opt/jax/jax/_src/dispatch.py", line 472, in _device_put_sharding_impl
    multihost_utils.assert_equal(
  File "/opt/jax/jax/experimental/multihost_utils.py", line 160, in assert_equal
    expected = broadcast_one_to_all(in_tree)
               ^^^^^^^^^^^^^^^^^^^^^^^^^^^^^
  File "/opt/jax/jax/experimental/multihost_utils.py", line 83, in broadcast_one_to_all
    out_tree = jax.jit(_psum, out_shardings=jax.sharding.NamedSharding(
               ^^^^^^^^^^^^^^^^^^^^^^^^^^^^^^^^^^^^^^^^^^^^^^^^^^^^^^^^
jaxlib.xla_extension.XlaRuntimeError: RESOURCE_EXHAUSTED: Out of memory while trying to allocate 23402649600 bytes.
--------------------
For simplicity, JAX has removed its internal frames from the traceback of the following exception. Set JAX_TRACEBACK_FILTERING=off to include these.
2026-07-21 22:28:33.041157: W external/xla/xla/tsl/framework/bfc_allocator.cc:501] Allocator (GPU_0_bfc) ran out of memory trying to allocate 21.79GiB (rounded to 23402649600)requested by op 
2026-07-21 22:28:33.041363: W external/xla/xla/tsl/framework/bfc_allocator.cc:512] *******************************______________********************************___________________****
E0721 22:28:33.041387 1461336 pjrt_stream_executor_client.cc:3077] Execution of replica 0 failed: RESOURCE_EXHAUSTED: Out of memory while trying to allocate 23402649600 bytes. [tf-allocator-allocation-error='']
Traceback (most recent call last):
  File "/pscratch/sd/j/jackm/lorrax_sandbox/reports/bse_exciton_smooth_2026-07-21/eps_window_sweep.py", line 261, in <module>
    raise SystemExit(main())
                     ^^^^^^
  File "/pscratch/sd/j/jackm/lorrax_sandbox/reports/bse_exciton_smooth_2026-07-21/eps_window_sweep.py", line 134, in main
    enk_sigma) = ht.initialize_wfns(args.input, params, log,
                 ^^^^^^^^^^^^^^^^^^^^^^^^^^^^^^^^^^^^^^^^^^^
  File "/pscratch/sd/j/jackm/lorrax_sandbox/sources/lorrax_A_exciton_wt/src/bandstructure/htransform.py", line 761, in initialize_wfns
    out = streaming_galerkin_solve(
          ^^^^^^^^^^^^^^^^^^^^^^^^^
  File "/pscratch/sd/j/jackm/lorrax_sandbox/sources/lorrax_A_exciton_wt/src/bandstructure/htransform.py", line 288, in streaming_galerkin_solve
    Q = jax.device_put(
        ^^^^^^^^^^^^^^^
  File "/opt/jax/jax/_src/api.py", line 2376, in device_put
    out_flat = dispatch.device_put_p.bind(
               ^^^^^^^^^^^^^^^^^^^^^^^^^^^
  File "/opt/jax/jax/_src/core.py", line 502, in bind
    return self._true_bind(*args, **params)
           ^^^^^^^^^^^^^^^^^^^^^^^^^^^^^^^^
  File "/opt/jax/jax/_src/core.py", line 520, in _true_bind
    return self.bind_with_trace(prev_trace, args, params)
           ^^^^^^^^^^^^^^^^^^^^^^^^^^^^^^^^^^^^^^^^^^^^^^
  File "/opt/jax/jax/_src/core.py", line 525, in bind_with_trace
    return trace.process_primitive(self, args, params)
           ^^^^^^^^^^^^^^^^^^^^^^^^^^^^^^^^^^^^^^^^^^^
  File "/opt/jax/jax/_src/core.py", line 1029, in process_primitive
    return primitive.impl(*args, **params)
           ^^^^^^^^^^^^^^^^^^^^^^^^^^^^^^^
  File "/opt/jax/jax/_src/dispatch.py", line 553, in _batched_device_put_impl
    y = _device_put_impl(x, device=device, src=src, copy=cp)
        ^^^^^^^^^^^^^^^^^^^^^^^^^^^^^^^^^^^^^^^^^^^^^^^^^^^^
  File "/opt/jax/jax/_src/dispatch.py", line 542, in _device_put_impl
    return _device_put_sharding_impl(x, aval, device, copy)
           ^^^^^^^^^^^^^^^^^^^^^^^^^^^^^^^^^^^^^^^^^^^^^^^^
  File "/opt/jax/jax/_src/dispatch.py", line 472, in _device_put_sharding_impl
    multihost_utils.assert_equal(
  File "/opt/jax/jax/experimental/multihost_utils.py", line 160, in assert_equal
    expected = broadcast_one_to_all(in_tree)
               ^^^^^^^^^^^^^^^^^^^^^^^^^^^^^
  File "/opt/jax/jax/experimental/multihost_utils.py", line 83, in broadcast_one_to_all
    out_tree = jax.jit(_psum, out_shardings=jax.sharding.NamedSharding(
               ^^^^^^^^^^^^^^^^^^^^^^^^^^^^^^^^^^^^^^^^^^^^^^^^^^^^^^^^
jaxlib.xla_extension.XlaRuntimeError: RESOURCE_EXHAUSTED: Out of memory while trying to allocate 23402649600 bytes.
--------------------
For simplicity, JAX has removed its internal frames from the traceback of the following exception. Set JAX_TRACEBACK_FILTERING=off to include these.
2026-07-21 22:28:33.159258: W external/xla/xla/tsl/framework/bfc_allocator.cc:501] Allocator (GPU_0_bfc) ran out of memory trying to allocate 21.79GiB (rounded to 23402649600)requested by op 
2026-07-21 22:28:33.159420: W external/xla/xla/tsl/framework/bfc_allocator.cc:512] *******************************______________********************************___________________****
E0721 22:28:33.159443 1461333 pjrt_stream_executor_client.cc:3077] Execution of replica 0 failed: RESOURCE_EXHAUSTED: Out of memory while trying to allocate 23402649600 bytes. [tf-allocator-allocation-error='']
Traceback (most recent call last):
  File "/pscratch/sd/j/jackm/lorrax_sandbox/reports/bse_exciton_smooth_2026-07-21/eps_window_sweep.py", line 261, in <module>
    raise SystemExit(main())
                     ^^^^^^
  File "/pscratch/sd/j/jackm/lorrax_sandbox/reports/bse_exciton_smooth_2026-07-21/eps_window_sweep.py", line 134, in main
    enk_sigma) = ht.initialize_wfns(args.input, params, log,
                 ^^^^^^^^^^^^^^^^^^^^^^^^^^^^^^^^^^^^^^^^^^^
  File "/pscratch/sd/j/jackm/lorrax_sandbox/sources/lorrax_A_exciton_wt/src/bandstructure/htransform.py", line 761, in initialize_wfns
    out = streaming_galerkin_solve(
          ^^^^^^^^^^^^^^^^^^^^^^^^^
  File "/pscratch/sd/j/jackm/lorrax_sandbox/sources/lorrax_A_exciton_wt/src/bandstructure/htransform.py", line 288, in streaming_galerkin_solve
    Q = jax.device_put(
        ^^^^^^^^^^^^^^^
  File "/opt/jax/jax/_src/api.py", line 2376, in device_put
    out_flat = dispatch.device_put_p.bind(
               ^^^^^^^^^^^^^^^^^^^^^^^^^^^
  File "/opt/jax/jax/_src/core.py", line 502, in bind
    return self._true_bind(*args, **params)
           ^^^^^^^^^^^^^^^^^^^^^^^^^^^^^^^^
  File "/opt/jax/jax/_src/core.py", line 520, in _true_bind
    return self.bind_with_trace(prev_trace, args, params)
           ^^^^^^^^^^^^^^^^^^^^^^^^^^^^^^^^^^^^^^^^^^^^^^
  File "/opt/jax/jax/_src/core.py", line 525, in bind_with_trace
    return trace.process_primitive(self, args, params)
           ^^^^^^^^^^^^^^^^^^^^^^^^^^^^^^^^^^^^^^^^^^^
  File "/opt/jax/jax/_src/core.py", line 1029, in process_primitive
    return primitive.impl(*args, **params)
           ^^^^^^^^^^^^^^^^^^^^^^^^^^^^^^^
  File "/opt/jax/jax/_src/dispatch.py", line 553, in _batched_device_put_impl
    y = _device_put_impl(x, device=device, src=src, copy=cp)
        ^^^^^^^^^^^^^^^^^^^^^^^^^^^^^^^^^^^^^^^^^^^^^^^^^^^^
  File "/opt/jax/jax/_src/dispatch.py", line 542, in _device_put_impl
    return _device_put_sharding_impl(x, aval, device, copy)
           ^^^^^^^^^^^^^^^^^^^^^^^^^^^^^^^^^^^^^^^^^^^^^^^^
  File "/opt/jax/jax/_src/dispatch.py", line 472, in _device_put_sharding_impl
    multihost_utils.assert_equal(
  File "/opt/jax/jax/experimental/multihost_utils.py", line 160, in assert_equal
    expected = broadcast_one_to_all(in_tree)
               ^^^^^^^^^^^^^^^^^^^^^^^^^^^^^
  File "/opt/jax/jax/experimental/multihost_utils.py", line 83, in broadcast_one_to_all
    out_tree = jax.jit(_psum, out_shardings=jax.sharding.NamedSharding(
               ^^^^^^^^^^^^^^^^^^^^^^^^^^^^^^^^^^^^^^^^^^^^^^^^^^^^^^^^
jaxlib.xla_extension.XlaRuntimeError: RESOURCE_EXHAUSTED: Out of memory while trying to allocate 23402649600 bytes.
--------------------
For simplicity, JAX has removed its internal frames from the traceback of the following exception. Set JAX_TRACEBACK_FILTERING=off to include these.
2026-07-21 22:28:33.526762: W external/xla/xla/tsl/framework/bfc_allocator.cc:501] Allocator (GPU_0_bfc) ran out of memory trying to allocate 21.79GiB (rounded to 23402649600)requested by op 
2026-07-21 22:28:33.526943: W external/xla/xla/tsl/framework/bfc_allocator.cc:512] *******************************______________********************************___________________****
E0721 22:28:33.526965  593720 pjrt_stream_executor_client.cc:3077] Execution of replica 0 failed: RESOURCE_EXHAUSTED: Out of memory while trying to allocate 23402649600 bytes. [tf-allocator-allocation-error='']
Traceback (most recent call last):
  File "/pscratch/sd/j/jackm/lorrax_sandbox/reports/bse_exciton_smooth_2026-07-21/eps_window_sweep.py", line 261, in <module>
    raise SystemExit(main())
                     ^^^^^^
  File "/pscratch/sd/j/jackm/lorrax_sandbox/reports/bse_exciton_smooth_2026-07-21/eps_window_sweep.py", line 134, in main
    enk_sigma) = ht.initialize_wfns(args.input, params, log,
                 ^^^^^^^^^^^^^^^^^^^^^^^^^^^^^^^^^^^^^^^^^^^
  File "/pscratch/sd/j/jackm/lorrax_sandbox/sources/lorrax_A_exciton_wt/src/bandstructure/htransform.py", line 761, in initialize_wfns
    out = streaming_galerkin_solve(
          ^^^^^^^^^^^^^^^^^^^^^^^^^
  File "/pscratch/sd/j/jackm/lorrax_sandbox/sources/lorrax_A_exciton_wt/src/bandstructure/htransform.py", line 288, in streaming_galerkin_solve
    Q = jax.device_put(
        ^^^^^^^^^^^^^^^
  File "/opt/jax/jax/_src/api.py", line 2376, in device_put
    out_flat = dispatch.device_put_p.bind(
               ^^^^^^^^^^^^^^^^^^^^^^^^^^^
  File "/opt/jax/jax/_src/core.py", line 502, in bind
    return self._true_bind(*args, **params)
           ^^^^^^^^^^^^^^^^^^^^^^^^^^^^^^^^
  File "/opt/jax/jax/_src/core.py", line 520, in _true_bind
    return self.bind_with_trace(prev_trace, args, params)
           ^^^^^^^^^^^^^^^^^^^^^^^^^^^^^^^^^^^^^^^^^^^^^^
  File "/opt/jax/jax/_src/core.py", line 525, in bind_with_trace
    return trace.process_primitive(self, args, params)
           ^^^^^^^^^^^^^^^^^^^^^^^^^^^^^^^^^^^^^^^^^^^
  File "/opt/jax/jax/_src/core.py", line 1029, in process_primitive
    return primitive.impl(*args, **params)
           ^^^^^^^^^^^^^^^^^^^^^^^^^^^^^^^
  File "/opt/jax/jax/_src/dispatch.py", line 553, in _batched_device_put_impl
    y = _device_put_impl(x, device=device, src=src, copy=cp)
        ^^^^^^^^^^^^^^^^^^^^^^^^^^^^^^^^^^^^^^^^^^^^^^^^^^^^
  File "/opt/jax/jax/_src/dispatch.py", line 542, in _device_put_impl
    return _device_put_sharding_impl(x, aval, device, copy)
           ^^^^^^^^^^^^^^^^^^^^^^^^^^^^^^^^^^^^^^^^^^^^^^^^
  File "/opt/jax/jax/_src/dispatch.py", line 472, in _device_put_sharding_impl
    multihost_utils.assert_equal(
  File "/opt/jax/jax/experimental/multihost_utils.py", line 160, in assert_equal
    expected = broadcast_one_to_all(in_tree)
               ^^^^^^^^^^^^^^^^^^^^^^^^^^^^^
  File "/opt/jax/jax/experimental/multihost_utils.py", line 83, in broadcast_one_to_all
    out_tree = jax.jit(_psum, out_shardings=jax.sharding.NamedSharding(
               ^^^^^^^^^^^^^^^^^^^^^^^^^^^^^^^^^^^^^^^^^^^^^^^^^^^^^^^^
jaxlib.xla_extension.XlaRuntimeError: RESOURCE_EXHAUSTED: Out of memory while trying to allocate 23402649600 bytes.
--------------------
For simplicity, JAX has removed its internal frames from the traceback of the following exception. Set JAX_TRACEBACK_FILTERING=off to include these.
2026-07-21 22:28:33.541308: W external/xla/xla/tsl/framework/bfc_allocator.cc:501] Allocator (GPU_0_bfc) ran out of memory trying to allocate 21.79GiB (rounded to 23402649600)requested by op 
2026-07-21 22:28:33.541482: W external/xla/xla/tsl/framework/bfc_allocator.cc:512] *******************************______________********************************___________________****
E0721 22:28:33.541504 1461338 pjrt_stream_executor_client.cc:3077] Execution of replica 0 failed: RESOURCE_EXHAUSTED: Out of memory while trying to allocate 23402649600 bytes. [tf-allocator-allocation-error='']
Traceback (most recent call last):
  File "/pscratch/sd/j/jackm/lorrax_sandbox/reports/bse_exciton_smooth_2026-07-21/eps_window_sweep.py", line 261, in <module>
    raise SystemExit(main())
                     ^^^^^^
  File "/pscratch/sd/j/jackm/lorrax_sandbox/reports/bse_exciton_smooth_2026-07-21/eps_window_sweep.py", line 134, in main
    enk_sigma) = ht.initialize_wfns(args.input, params, log,
                 ^^^^^^^^^^^^^^^^^^^^^^^^^^^^^^^^^^^^^^^^^^^
  File "/pscratch/sd/j/jackm/lorrax_sandbox/sources/lorrax_A_exciton_wt/src/bandstructure/htransform.py", line 761, in initialize_wfns
    out = streaming_galerkin_solve(
          ^^^^^^^^^^^^^^^^^^^^^^^^^
  File "/pscratch/sd/j/jackm/lorrax_sandbox/sources/lorrax_A_exciton_wt/src/bandstructure/htransform.py", line 288, in streaming_galerkin_solve
    Q = jax.device_put(
        ^^^^^^^^^^^^^^^
  File "/opt/jax/jax/_src/api.py", line 2376, in device_put
    out_flat = dispatch.device_put_p.bind(
               ^^^^^^^^^^^^^^^^^^^^^^^^^^^
  File "/opt/jax/jax/_src/core.py", line 502, in bind
    return self._true_bind(*args, **params)
           ^^^^^^^^^^^^^^^^^^^^^^^^^^^^^^^^
  File "/opt/jax/jax/_src/core.py", line 520, in _true_bind
    return self.bind_with_trace(prev_trace, args, params)
           ^^^^^^^^^^^^^^^^^^^^^^^^^^^^^^^^^^^^^^^^^^^^^^
  File "/opt/jax/jax/_src/core.py", line 525, in bind_with_trace
    return trace.process_primitive(self, args, params)
           ^^^^^^^^^^^^^^^^^^^^^^^^^^^^^^^^^^^^^^^^^^^
  File "/opt/jax/jax/_src/core.py", line 1029, in process_primitive
    return primitive.impl(*args, **params)
           ^^^^^^^^^^^^^^^^^^^^^^^^^^^^^^^
  File "/opt/jax/jax/_src/dispatch.py", line 553, in _batched_device_put_impl
    y = _device_put_impl(x, device=device, src=src, copy=cp)
        ^^^^^^^^^^^^^^^^^^^^^^^^^^^^^^^^^^^^^^^^^^^^^^^^^^^^
  File "/opt/jax/jax/_src/dispatch.py", line 542, in _device_put_impl
    return _device_put_sharding_impl(x, aval, device, copy)
           ^^^^^^^^^^^^^^^^^^^^^^^^^^^^^^^^^^^^^^^^^^^^^^^^
  File "/opt/jax/jax/_src/dispatch.py", line 472, in _device_put_sharding_impl
    multihost_utils.assert_equal(
  File "/opt/jax/jax/experimental/multihost_utils.py", line 160, in assert_equal
    expected = broadcast_one_to_all(in_tree)
               ^^^^^^^^^^^^^^^^^^^^^^^^^^^^^
  File "/opt/jax/jax/experimental/multihost_utils.py", line 83, in broadcast_one_to_all
    out_tree = jax.jit(_psum, out_shardings=jax.sharding.NamedSharding(
               ^^^^^^^^^^^^^^^^^^^^^^^^^^^^^^^^^^^^^^^^^^^^^^^^^^^^^^^^
jaxlib.xla_extension.XlaRuntimeError: RESOURCE_EXHAUSTED: Out of memory while trying to allocate 23402649600 bytes.
--------------------
For simplicity, JAX has removed its internal frames from the traceback of the following exception. Set JAX_TRACEBACK_FILTERING=off to include these.
2026-07-21 22:28:34.042090: W external/xla/xla/tsl/framework/bfc_allocator.cc:501] Allocator (GPU_0_bfc) ran out of memory trying to allocate 21.79GiB (rounded to 23402649600)requested by op 
2026-07-21 22:28:34.042243: W external/xla/xla/tsl/framework/bfc_allocator.cc:512] *******************************______________********************************___________________****
E0721 22:28:34.042294 1664019 pjrt_stream_executor_client.cc:3077] Execution of replica 0 failed: RESOURCE_EXHAUSTED: Out of memory while trying to allocate 23402649600 bytes. [tf-allocator-allocation-error='']
Traceback (most recent call last):
  File "/pscratch/sd/j/jackm/lorrax_sandbox/reports/bse_exciton_smooth_2026-07-21/eps_window_sweep.py", line 261, in <module>
    raise SystemExit(main())
                     ^^^^^^
  File "/pscratch/sd/j/jackm/lorrax_sandbox/reports/bse_exciton_smooth_2026-07-21/eps_window_sweep.py", line 134, in main
    enk_sigma) = ht.initialize_wfns(args.input, params, log,
                 ^^^^^^^^^^^^^^^^^^^^^^^^^^^^^^^^^^^^^^^^^^^
  File "/pscratch/sd/j/jackm/lorrax_sandbox/sources/lorrax_A_exciton_wt/src/bandstructure/htransform.py", line 761, in initialize_wfns
    out = streaming_galerkin_solve(
          ^^^^^^^^^^^^^^^^^^^^^^^^^
  File "/pscratch/sd/j/jackm/lorrax_sandbox/sources/lorrax_A_exciton_wt/src/bandstructure/htransform.py", line 288, in streaming_galerkin_solve
    Q = jax.device_put(
        ^^^^^^^^^^^^^^^
  File "/opt/jax/jax/_src/api.py", line 2376, in device_put
    out_flat = dispatch.device_put_p.bind(
               ^^^^^^^^^^^^^^^^^^^^^^^^^^^
  File "/opt/jax/jax/_src/core.py", line 502, in bind
    return self._true_bind(*args, **params)
           ^^^^^^^^^^^^^^^^^^^^^^^^^^^^^^^^
  File "/opt/jax/jax/_src/core.py", line 520, in _true_bind
    return self.bind_with_trace(prev_trace, args, params)
           ^^^^^^^^^^^^^^^^^^^^^^^^^^^^^^^^^^^^^^^^^^^^^^
  File "/opt/jax/jax/_src/core.py", line 525, in bind_with_trace
    return trace.process_primitive(self, args, params)
           ^^^^^^^^^^^^^^^^^^^^^^^^^^^^^^^^^^^^^^^^^^^
  File "/opt/jax/jax/_src/core.py", line 1029, in process_primitive
    return primitive.impl(*args, **params)
           ^^^^^^^^^^^^^^^^^^^^^^^^^^^^^^^
  File "/opt/jax/jax/_src/dispatch.py", line 553, in _batched_device_put_impl
    y = _device_put_impl(x, device=device, src=src, copy=cp)
        ^^^^^^^^^^^^^^^^^^^^^^^^^^^^^^^^^^^^^^^^^^^^^^^^^^^^
  File "/opt/jax/jax/_src/dispatch.py", line 542, in _device_put_impl
    return _device_put_sharding_impl(x, aval, device, copy)
           ^^^^^^^^^^^^^^^^^^^^^^^^^^^^^^^^^^^^^^^^^^^^^^^^
  File "/opt/jax/jax/_src/dispatch.py", line 472, in _device_put_sharding_impl
    multihost_utils.assert_equal(
  File "/opt/jax/jax/experimental/multihost_utils.py", line 160, in assert_equal
    expected = broadcast_one_to_all(in_tree)
               ^^^^^^^^^^^^^^^^^^^^^^^^^^^^^
  File "/opt/jax/jax/experimental/multihost_utils.py", line 83, in broadcast_one_to_all
    out_tree = jax.jit(_psum, out_shardings=jax.sharding.NamedSharding(
               ^^^^^^^^^^^^^^^^^^^^^^^^^^^^^^^^^^^^^^^^^^^^^^^^^^^^^^^^
jaxlib.xla_extension.XlaRuntimeError: RESOURCE_EXHAUSTED: Out of memory while trying to allocate 23402649600 bytes.
--------------------
For simplicity, JAX has removed its internal frames from the traceback of the following exception. Set JAX_TRACEBACK_FILTERING=off to include these.
srun: error: nid008349: task 0: Exited with exit code 1
srun: Terminating StepId=56301922.65
srun: error: nid008384: task 10: Exited with exit code 1
srun: error: nid008357: task 4: Exited with exit code 1
[2026-07-22T05:28:36.355] error: *** STEP 56301922.65 ON nid008349 CANCELLED AT 2026-07-22T05:28:36 DUE TO TASK FAILURE ***
srun: error: nid008384: tasks 9,11: Exited with exit code 1
srun: error: nid008357: tasks 6-7: Exited with exit code 1
srun: error: nid008349: tasks 1-3: Exited with exit code 1
srun: error: nid008400: task 13: Exited with exit code 1
srun: error: nid008384: task 8: Exited with exit code 1
srun: error: nid008357: task 5: Exited with exit code 1
srun: error: nid008400: tasks 12,15: Exited with exit code 1
srun: error: nid008400: task 14: Exited with exit code 1
