
========================================================================
  COHSEX-JAX: Self-Energy Calculation
========================================================================
  Backend: GPU       Devices: 4  Mesh: 2×2  Processes: 1
  Device type: NVIDIA A100-SXM4-40GB
  XLA preallocate: unset  mem_fraction: unset
  XLA pool: limit=31.80 GB, in_use=0.00 GB, avail=31.80 GB
========================================================================

  ISDF basis: 400 centroids
  FFT grid: 36×36×36   Cell volume: 270.11 a.u.³

    Memory estimate: peak 6.10 GB (budget 28.00 GB), bottleneck=zct
    Per-stage: fft=0.41  pair=1.55  zct=2.52  reshard=2.52  solve=1.48  gather=1.40 GB

  Chunked ISDF fitting:
    Band chunks: 39
    R chunks:    46656 (contiguous r-space)
    Q chunks:    8
    Pair mode:   spin_traced
    Zeta output: /pscratch/sd/j/jackm/lorrax_sandbox/runs/Si_pseudobands/00_si_2x2x2_60Ry/21_lorrax_cohsex_nosym_parity/tmp/zeta_q.h5

  Zeta fitting: 1 r-chunks x 46656 r-points, 39 bands (16 left + 39 right), spin_traced
  Output: /pscratch/sd/j/jackm/lorrax_sandbox/runs/Si_pseudobands/00_si_2x2x2_60Ry/21_lorrax_cohsex_nosym_parity/tmp/zeta_q.h5
  Left wfns:  (8, 16, 2, 400)
  Right wfns: (8, 39, 2, 400)
  Computing pair densities P_l, P_r (spin_traced)
  Computing L_q = chol(C_q)
  L_q: (8, 400, 400)
  Caching G-space wavefunctions for r-chunk loop
  G-space cache: 1 band chunks
Started zeta fitting at 14:27:15.
[ 14:27:15 | ██████████ | 100% ] r-chunk 1 / 1 · ETA 0 s
Finished zeta fitting at 14:27:15.  Elapsed: 0 s.
  Zeta output: /pscratch/sd/j/jackm/lorrax_sandbox/runs/Si_pseudobands/00_si_2x2x2_60Ry/21_lorrax_cohsex_nosym_parity/tmp/zeta_q.h5  shape: (2,2,2,400,46656)
  Timing (1 r-chunks, 2.2s total):
    load     0.80s  36.5%
    pair     0.02s   1.1%
    ZCT      0.39s  17.9%
    solve    0.32s  14.8%
    H5       0.55s  25.2%
    GPU high-water mark: 2.64 GB / 28.00 GB budget (9%)
    V_q budget:    27.15 GB
    V_q mu chunks: 400
    V_q q batches: 4
    V_q bare cutoff: 60.0 Ry
  V_q: 8 q-points, batch=4, mu=400 (single chunk), overlapped H5 I/O
Started V_q computation at 14:27:20.
[ 14:27:20 | █░░░░░░░░░ |  12% ] q-point 1 / 8 · ETA 0 s
[ 14:27:20 | ██░░░░░░░░ |  25% ] q-point 2 / 8 · ETA 0 s
[ 14:27:20 | ████░░░░░░ |  38% ] q-point 3 / 8 · ETA 0 s
[ 14:27:20 | █████░░░░░ |  50% ] q-point 4 / 8 · ETA 0 s
[ 14:27:20 | ██████░░░░ |  62% ] q-point 5 / 8 · ETA 0 s
[ 14:27:20 | ████████░░ |  75% ] q-point 6 / 8 · ETA 0 s
[ 14:27:20 | █████████░ |  88% ] q-point 7 / 8 · ETA 0 s
[ 14:27:20 | ██████████ | 100% ] q-point 8 / 8 · ETA 0 s
Finished V_q computation at 14:27:20.  Elapsed: 0 s.

  V_q computed:
    Shape: (1, 1, 1, 2, 2, 2, 400, 400)
    V_q=0 trace: 165784248.8044
  Wavefunctions built (b0:b4=39 bands, 4 sharded copies: xn/xr/yr/yn)
  Chunked ISDF path complete
  Minimax static window: x=[4.958707e-02, 2.647874e+00] Ry, R=53.40, nodes=10, fit_err~6.453e-06
  |χ(0)|_max = 1.820974e-06  (minimax, 10 nodes)

------------------------------------------------------------------------
  FINITE-SIZE CORRECTIONS
------------------------------------------------------------------------
  Head source: override
  v(q→0)  =      825.937 a.u.  (bare Coulomb head)
  W(q→0)  =       17.128 a.u.  (screened Coulomb head)
  ΔW      =     -808.809 a.u.  (screening correction)

------------------------------------------------------------------------
  STATIC HEAD TERMS (exact COHSEX / BGW-style)
------------------------------------------------------------------------
  Head source: override
  v_h(q→0)           =   825.937000 a.u.
  W_h(q→0, ω=0)      =    17.128000 a.u.
  W_h^c              =  -808.809000 a.u.
  Σ^X head (occ)     = -3.822265e-01 Ry
  Σ^SX head (occ)    = -7.926484e-03 Ry
  Σ^(SX-X) head(occ) = 3.743001e-01 Ry
  Σ^COH head (all)   = -1.871500e-01 Ry
2026-04-16 14:27:24.629747: E external/xla/xla/service/spmd/spmd_partitioner.cc:620] [spmd] Involuntary full rematerialization. The compiler was not able to go from sharding {devices=[4,1,1]<=[4]} to {devices=[1,2,2]<=[4]} without doing a full rematerialization of the tensor for HLO operation: %param = c128[2,400,400]{2,1,0} parameter(5), sharding={devices=[4,1,1]<=[4]}, metadata={op_name="W_q"}. You probably want to enrich the sharding annotations to prevent this from happening.
2026-04-16 14:27:25.175562: E external/xla/xla/service/spmd/spmd_partitioner.cc:620] [spmd] Involuntary full rematerialization. The compiler was not able to go from sharding {devices=[1,2,2]<=[4]} to {devices=[4,1,1]<=[4]} without doing a full rematerialization of the tensor for HLO operation: %param = c128[8,200,200]{2,1,0} parameter(5), sharding={devices=[1,2,2]<=[4]}, metadata={op_name="V_q"}. You probably want to enrich the sharding annotations to prevent this from happening.
2026-04-16 14:27:25.175625: E external/xla/xla/service/spmd/spmd_partitioner.cc:620] [spmd] Involuntary full rematerialization. The compiler was not able to go from sharding {devices=[4,1,1]<=[4]} to {devices=[1,2,2]<=[4]} without doing a full rematerialization of the tensor for HLO operation: %subtract.15 = c128[2,400,400]{2,1,0} subtract(%param, %dynamic-slice), sharding={devices=[4,1,1]<=[4]}, metadata={op_name="jit(sigma_coh)/jit(main)/sub" source_file="/global/u2/j/jackm/software/lorrax/src/gw/gw_jax.py" source_line=320}. You probably want to enrich the sharding annotations to prevent this from happening.

  Output: /pscratch/sd/j/jackm/lorrax_sandbox/runs/Si_pseudobands/00_si_2x2x2_60Ry/21_lorrax_cohsex_nosym_parity/eqp0_noqsym.dat
  Restart:  /pscratch/sd/j/jackm/lorrax_sandbox/runs/Si_pseudobands/00_si_2x2x2_60Ry/21_lorrax_cohsex_nosym_parity/tmp/isdf_tensors_400.h5

--- Timing ---
Total recorded: 18.167 s
Section                                            Count    Total[s]     Self[s]      %
gw_jax.zeta_fit_chunked                                1      11.602       3.057   63.9
  zeta_fit.load_wfns                                   1       3.414       3.189   18.8
    load_wfns.precompute_owned                         1       0.000       0.000    0.0
    load_wfns.k_loop                                   1       0.024       0.024    0.1
    load_wfns.scatter                                  1       0.042       0.042    0.2
    load_wfns.make_global_array                        1       0.160       0.160    0.9
  zeta_fit.CCT                                         1       1.205       1.205    6.6
  zeta_fit.cholesky                                    1       1.618       1.618    8.9
  zeta_fit.cache_gspace                                1       0.134       0.002    0.7
    load_wfns.precompute_owned                         1       0.000       0.000    0.0
    load_wfns.k_loop                                   1       0.020       0.020    0.1
    load_wfns.scatter                                  1       0.042       0.042    0.2
    load_wfns.make_global_array                        1       0.070       0.070    0.4
  zeta_fit.chunk_loop                                  1       2.173       0.087   12.0
    zeta_fit.chunk.load                                1       0.798       0.798    4.4
    zeta_fit.chunk.pair_density                        1       0.024       0.024    0.1
    zeta_fit.chunk.ZCT                                 1       0.390       0.390    2.1
    zeta_fit.chunk.solve                               1       0.324       0.324    1.8
    zeta_fit.chunk.h5_write                            1       0.550       0.550    3.0
gw_jax.V_q_compute                                     1       2.208       1.243   12.2
  compute_all_V_q                                      1       0.965       0.965    5.3
gw_jax.wavefunction_setup                              1       1.098       1.098    6.0
gw_jax.chi0_W                                          1       1.733       1.733    9.5
gw_jax.sigma                                           1       1.527       1.527    8.4
