/opt/jax/jax/_src/compiler.py:723: UserWarning: Error reading persistent compilation cache entry for 'jit_convert_element_type': XlaRuntimeError: INVALID_ARGUMENT: Device assignment (Computations: 1 Replicas: 1
Computation 0: 0 
) does not have any local devices.
  warnings.warn(
/opt/jax/jax/_src/compiler.py:723: UserWarning: Error reading persistent compilation cache entry for 'jit_convert_element_type': XlaRuntimeError: INVALID_ARGUMENT: Device assignment (Computations: 1 Replicas: 1
Computation 0: 0 
) does not have any local devices.
  warnings.warn(
/opt/jax/jax/_src/compiler.py:723: UserWarning: Error reading persistent compilation cache entry for 'jit_convert_element_type': XlaRuntimeError: INVALID_ARGUMENT: Device assignment (Computations: 1 Replicas: 1
Computation 0: 0 
) does not have any local devices.
  warnings.warn(
/opt/jax/jax/_src/compiler.py:723: UserWarning: Error reading persistent compilation cache entry for 'jit_convert_element_type': XlaRuntimeError: INVALID_ARGUMENT: Device assignment (Computations: 1 Replicas: 1
Computation 0: 0 
) does not have any local devices.
  warnings.warn(
/opt/jax/jax/_src/compiler.py:723: UserWarning: Error reading persistent compilation cache entry for 'jit_convert_element_type': XlaRuntimeError: INVALID_ARGUMENT: Device assignment (Computations: 1 Replicas: 1
Computation 0: 0 
) does not have any local devices.
  warnings.warn(
/opt/jax/jax/_src/compiler.py:723: UserWarning: Error reading persistent compilation cache entry for 'jit_convert_element_type': XlaRuntimeError: INVALID_ARGUMENT: Device assignment (Computations: 1 Replicas: 1
Computation 0: 0 
) does not have any local devices.
  warnings.warn(
/opt/jax/jax/_src/compiler.py:723: UserWarning: Error reading persistent compilation cache entry for 'jit_convert_element_type': XlaRuntimeError: INVALID_ARGUMENT: Device assignment (Computations: 1 Replicas: 1
Computation 0: 0 
) does not have any local devices.
  warnings.warn(
/opt/jax/jax/_src/compiler.py:723: UserWarning: Error reading persistent compilation cache entry for 'jit_convert_element_type': XlaRuntimeError: INVALID_ARGUMENT: Device assignment (Computations: 1 Replicas: 1
Computation 0: 0 
) does not have any local devices.
  warnings.warn(
/opt/jax/jax/_src/compiler.py:723: UserWarning: Error reading persistent compilation cache entry for 'jit_convert_element_type': XlaRuntimeError: INVALID_ARGUMENT: Device assignment (Computations: 1 Replicas: 1
Computation 0: 0 
) does not have any local devices.
  warnings.warn(
/opt/jax/jax/_src/compiler.py:723: UserWarning: Error reading persistent compilation cache entry for 'jit_convert_element_type': XlaRuntimeError: INVALID_ARGUMENT: Device assignment (Computations: 1 Replicas: 1
Computation 0: 0 
) does not have any local devices.
  warnings.warn(
/opt/jax/jax/_src/compiler.py:723: UserWarning: Error reading persistent compilation cache entry for 'jit_convert_element_type': XlaRuntimeError: INVALID_ARGUMENT: Device assignment (Computations: 1 Replicas: 1
Computation 0: 0 
) does not have any local devices.
  warnings.warn(
/opt/jax/jax/_src/compiler.py:723: UserWarning: Error reading persistent compilation cache entry for 'jit_convert_element_type': XlaRuntimeError: INVALID_ARGUMENT: Device assignment (Computations: 1 Replicas: 1
Computation 0: 0 
) does not have any local devices.
  warnings.warn(
/opt/jax/jax/_src/compiler.py:723: UserWarning: Error reading persistent compilation cache entry for 'jit_convert_element_type': XlaRuntimeError: INVALID_ARGUMENT: Device assignment (Computations: 1 Replicas: 1
Computation 0: 0 
) does not have any local devices.
  warnings.warn(
/opt/jax/jax/_src/compiler.py:723: UserWarning: Error reading persistent compilation cache entry for 'jit_convert_element_type': XlaRuntimeError: INVALID_ARGUMENT: Device assignment (Computations: 1 Replicas: 1
Computation 0: 0 
) does not have any local devices.
  warnings.warn(
/opt/jax/jax/_src/compiler.py:723: UserWarning: Error reading persistent compilation cache entry for 'jit_convert_element_type': XlaRuntimeError: INVALID_ARGUMENT: Device assignment (Computations: 1 Replicas: 1
Computation 0: 0 
) does not have any local devices.
  warnings.warn(
  Streaming Galerkin: nk=36, nb=40, nr=174960, n_mu=1452, mesh=(4x4), band_chunk=31 (5.82 GB/chunk)
  (band axis split into 2 chunks; G is accumulated r-outer / band-inner so the split stays exact)
  load_centroids_band_chunked: 4.42s
  SVD of (1440, 2904): rank=1440, σ_max=9.999e-01, σ_min/1e-08=1.237e-07 (1.51s)
2026-07-21 22:22:18.477346: E external/xla/xla/tsl/distributed_runtime/coordination/coordination_service.cc:967] /job:jax_worker/replica:0/task:2 unexpectedly tried to connect with a different incarnation. It has likely restarted.
2026-07-21 22:22:18.477400: E external/xla/xla/tsl/distributed_runtime/coordination/coordination_service.cc:2188] Use error polling to propagate the following error to all tasks: ABORTED: /job:jax_worker/replica:0/task:2 unexpectedly tried to connect with a different incarnation. It has likely restarted. [type.googleapis.com/tensorflow.CoordinationServiceError='\"\x0e\n\njax_worker\x10\x02']
E0721 22:22:18.477637 1912158 coordination_service_agent.cc:567] Polled an error from coordination service (this can be an error from this or another task).
E0721 22:22:18.477691  585591 coordination_service_agent.cc:567] Polled an error from coordination service (this can be an error from this or another task).
E0721 22:22:18.477729  585590 coordination_service_agent.cc:567] Polled an error from coordination service (this can be an error from this or another task).
E0721 22:22:18.477729 1655889 coordination_service_agent.cc:567] Polled an error from coordination service (this can be an error from this or another task).
E0721 22:22:18.477780  585595 coordination_service_agent.cc:567] Polled an error from coordination service (this can be an error from this or another task).
E0721 22:22:18.477792 1655888 coordination_service_agent.cc:567] Polled an error from coordination service (this can be an error from this or another task).
E0721 22:22:18.477680 1453204 coordination_service_agent.cc:567] Polled an error from coordination service (this can be an error from this or another task).
E0721 22:22:18.477825 1912156 coordination_service_agent.cc:567] Polled an error from coordination service (this can be an error from this or another task).
2026-07-21 22:22:18.477902: F external/xla/xla/pjrt/distributed/client.h:80] Terminating process because the JAX distributed service detected fatal errors. This most likely indicates that another task died; see the other task logs for more details. Disable Python buffering, i.e. `python -u`, to be sure to see all the previous output. absl::Status: ABORTED: /job:jax_worker/replica:0/task:2 unexpectedly tried to connect with a different incarnation. It has likely restarted.

RPC: /tensorflow.CoordinationService/PollForError [type.googleapis.com/tensorflow.CoordinationServiceError='\"\x0e\n\njax_worker\x10\x02']
E0721 22:22:18.477679 1453210 coordination_service_agent.cc:567] Polled an error from coordination service (this can be an error from this or another task).
E0721 22:22:18.477826 1912148 coordination_service_agent.cc:567] Polled an error from coordination service (this can be an error from this or another task).
2026-07-21 22:22:18.477862: F external/xla/xla/pjrt/distributed/client.h:80] Terminating process because the JAX distributed service detected fatal errors. This most likely indicates that another task died; see the other task logs for more details. Disable Python buffering, i.e. `python -u`, to be sure to see all the previous output. absl::Status: ABORTED: /job:jax_worker/replica:0/task:2 unexpectedly tried to connect with a different incarnation. It has likely restarted.

RPC: /tensorflow.CoordinationService/PollForError [type.googleapis.com/tensorflow.CoordinationServiceError='\"\x0e\n\njax_worker\x10\x02']
E0721 22:22:18.477892 1655891 coordination_service_agent.cc:567] Polled an error from coordination service (this can be an error from this or another task).
E0721 22:22:18.477760 1453207 coordination_service_agent.cc:567] Polled an error from coordination service (this can be an error from this or another task).
E0721 22:22:18.477916 1912147 coordination_service_agent.cc:567] Polled an error from coordination service (this can be an error from this or another task).
E0721 22:22:18.477855  585597 coordination_service_agent.cc:567] Polled an error from coordination service (this can be an error from this or another task).
2026-07-21 22:22:18.477963: F external/xla/xla/pjrt/distributed/client.h:80] Terminating process because the JAX distributed service detected fatal errors. This most likely indicates that another task died; see the other task logs for more details. Disable Python buffering, i.e. `python -u`, to be sure to see all the previous output. absl::Status: ABORTED: /job:jax_worker/replica:0/task:2 unexpectedly tried to connect with a different incarnation. It has likely restarted.

RPC: /tensorflow.CoordinationService/PollForError [type.googleapis.com/tensorflow.CoordinationServiceError='\"\x0e\n\njax_worker\x10\x02']
2026-07-21 22:22:18.477901: F external/xla/xla/pjrt/distributed/client.h:80] Terminating process because the JAX distributed service detected fatal errors. This most likely indicates that another task died; see the other task logs for more details. Disable Python buffering, i.e. `python -u`, to be sure to see all the previous output. absl::Status: ABORTED: /job:jax_worker/replica:0/task:2 unexpectedly tried to connect with a different incarnation. It has likely restarted.

RPC: /tensorflow.CoordinationService/PollForError [type.googleapis.com/tensorflow.CoordinationServiceError='\"\x0e\n\njax_worker\x10\x02']
2026-07-21 22:22:18.477926: F external/xla/xla/pjrt/distributed/client.h:80] Terminating process because the JAX distributed service detected fatal errors. This most likely indicates that another task died; see the other task logs for more details. Disable Python buffering, i.e. `python -u`, to be sure to see all the previous output. absl::Status: ABORTED: /job:jax_worker/replica:0/task:2 unexpectedly tried to connect with a different incarnation. It has likely restarted.

RPC: /tensorflow.CoordinationService/PollForError [type.googleapis.com/tensorflow.CoordinationServiceError='\"\x0e\n\njax_worker\x10\x02']
2026-07-21 22:22:18.478031: F external/xla/xla/pjrt/distributed/client.h:80] Terminating process because the JAX distributed service detected fatal errors. This most likely indicates that another task died; see the other task logs for more details. Disable Python buffering, i.e. `python -u`, to be sure to see all the previous output. absl::Status: ABORTED: /job:jax_worker/replica:0/task:2 unexpectedly tried to connect with a different incarnation. It has likely restarted.

RPC: /tensorflow.CoordinationService/PollForError [type.googleapis.com/tensorflow.CoordinationServiceError='\"\x0e\n\njax_worker\x10\x02']
E0721 22:22:18.478078 1453205 coordination_service_agent.cc:567] Polled an error from coordination service (this can be an error from this or another task).
E0721 22:22:18.477966 1655890 coordination_service_agent.cc:567] Polled an error from coordination service (this can be an error from this or another task).
2026-07-21 22:22:18.478039: F external/xla/xla/pjrt/distributed/client.h:80] Terminating process because the JAX distributed service detected fatal errors. This most likely indicates that another task died; see the other task logs for more details. Disable Python buffering, i.e. `python -u`, to be sure to see all the previous output. absl::Status: ABORTED: /job:jax_worker/replica:0/task:2 unexpectedly tried to connect with a different incarnation. It has likely restarted.

RPC: /tensorflow.CoordinationService/PollForError [type.googleapis.com/tensorflow.CoordinationServiceError='\"\x0e\n\njax_worker\x10\x02']
2026-07-21 22:22:18.478140: F external/xla/xla/pjrt/distributed/client.h:80] Terminating process because the JAX distributed service detected fatal errors. This most likely indicates that another task died; see the other task logs for more details. Disable Python buffering, i.e. `python -u`, to be sure to see all the previous output. absl::Status: ABORTED: /job:jax_worker/replica:0/task:2 unexpectedly tried to connect with a different incarnation. It has likely restarted.

RPC: /tensorflow.CoordinationService/PollForError [type.googleapis.com/tensorflow.CoordinationServiceError='\"\x0e\n\njax_worker\x10\x02']
2026-07-21 22:22:18.478656: F external/xla/xla/pjrt/distributed/client.h:80] Terminating process because the JAX distributed service detected fatal errors. This most likely indicates that another task died; see the other task logs for more details. Disable Python buffering, i.e. `python -u`, to be sure to see all the previous output. absl::Status: ABORTED: /job:jax_worker/replica:0/task:2 unexpectedly tried to connect with a different incarnation. It has likely restarted.

RPC: /tensorflow.CoordinationService/PollForError [type.googleapis.com/tensorflow.CoordinationServiceError='\"\x0e\n\njax_worker\x10\x02']
2026-07-21 22:22:18.478667: F external/xla/xla/pjrt/distributed/client.h:80] Terminating process because the JAX distributed service detected fatal errors. This most likely indicates that another task died; see the other task logs for more details. Disable Python buffering, i.e. `python -u`, to be sure to see all the previous output. absl::Status: ABORTED: /job:jax_worker/replica:0/task:2 unexpectedly tried to connect with a different incarnation. It has likely restarted.

RPC: /tensorflow.CoordinationService/PollForError [type.googleapis.com/tensorflow.CoordinationServiceError='\"\x0e\n\njax_worker\x10\x02']
2026-07-21 22:22:18.478664: F external/xla/xla/pjrt/distributed/client.h:80] Terminating process because the JAX distributed service detected fatal errors. This most likely indicates that another task died; see the other task logs for more details. Disable Python buffering, i.e. `python -u`, to be sure to see all the previous output. absl::Status: ABORTED: /job:jax_worker/replica:0/task:2 unexpectedly tried to connect with a different incarnation. It has likely restarted.

RPC: /tensorflow.CoordinationService/PollForError [type.googleapis.com/tensorflow.CoordinationServiceError='\"\x0e\n\njax_worker\x10\x02']
2026-07-21 22:22:18.478988: F external/xla/xla/pjrt/distributed/client.h:80] Terminating process because the JAX distributed service detected fatal errors. This most likely indicates that another task died; see the other task logs for more details. Disable Python buffering, i.e. `python -u`, to be sure to see all the previous output. absl::Status: ABORTED: /job:jax_worker/replica:0/task:2 unexpectedly tried to connect with a different incarnation. It has likely restarted.

RPC: /tensorflow.CoordinationService/PollForError [type.googleapis.com/tensorflow.CoordinationServiceError='\"\x0e\n\njax_worker\x10\x02']
2026-07-21 22:22:18.478966: F external/xla/xla/pjrt/distributed/client.h:80] Terminating process because the JAX distributed service detected fatal errors. This most likely indicates that another task died; see the other task logs for more details. Disable Python buffering, i.e. `python -u`, to be sure to see all the previous output. absl::Status: ABORTED: /job:jax_worker/replica:0/task:2 unexpectedly tried to connect with a different incarnation. It has likely restarted.

RPC: /tensorflow.CoordinationService/PollForError [type.googleapis.com/tensorflow.CoordinationServiceError='\"\x0e\n\njax_worker\x10\x02']
2026-07-21 22:22:18.478994: F external/xla/xla/pjrt/distributed/client.h:80] Terminating process because the JAX distributed service detected fatal errors. This most likely indicates that another task died; see the other task logs for more details. Disable Python buffering, i.e. `python -u`, to be sure to see all the previous output. absl::Status: ABORTED: /job:jax_worker/replica:0/task:2 unexpectedly tried to connect with a different incarnation. It has likely restarted.

RPC: /tensorflow.CoordinationService/PollForError [type.googleapis.com/tensorflow.CoordinationServiceError='\"\x0e\n\njax_worker\x10\x02']
2026-07-21 22:22:18.478674: F external/xla/xla/pjrt/distributed/client.h:80] Terminating process because the JAX distributed service detected fatal errors. This most likely indicates that another task died; see the other task logs for more details. Disable Python buffering, i.e. `python -u`, to be sure to see all the previous output. absl::Status: ABORTED: /job:jax_worker/replica:0/task:2 unexpectedly tried to connect with a different incarnation. It has likely restarted.

RPC: /tensorflow.CoordinationService/PollForError [type.googleapis.com/tensorflow.CoordinationServiceError='\"\x0e\n\njax_worker\x10\x02']
2026-07-21 22:22:18.479007: F external/xla/xla/pjrt/distributed/client.h:80] Terminating process because the JAX distributed service detected fatal errors. This most likely indicates that another task died; see the other task logs for more details. Disable Python buffering, i.e. `python -u`, to be sure to see all the previous output. absl::Status: ABORTED: /job:jax_worker/replica:0/task:2 unexpectedly tried to connect with a different incarnation. It has likely restarted.

RPC: /tensorflow.CoordinationService/PollForError [type.googleapis.com/tensorflow.CoordinationServiceError='\"\x0e\n\njax_worker\x10\x02']
srun: error: nid008400: task 12: Aborted
srun: Terminating StepId=56301922.46
[2026-07-22T05:22:18.990] error: *** STEP 56301922.46 ON nid008349 CANCELLED AT 2026-07-22T05:22:18 DUE TO TASK FAILURE ***
srun: error: nid008357: task 4: Aborted
srun: error: nid008349: task 2: Aborted
srun: error: nid008384: task 10: Aborted
srun: error: nid008384: tasks 9,11: Aborted
srun: error: nid008400: tasks 13,15: Aborted
srun: error: nid008357: tasks 5-6: Aborted
srun: error: nid008384: task 8: Aborted
srun: error: nid008349: tasks 1,3: Aborted
srun: error: nid008400: task 14: Aborted
srun: error: nid008357: task 7: Aborted
srun: error: nid008349: task 0: Aborted
