/opt/jax/jax/_src/compiler.py:723: UserWarning: Error reading persistent compilation cache entry for 'jit_convert_element_type': XlaRuntimeError: INVALID_ARGUMENT: Device assignment (Computations: 1 Replicas: 1
Computation 0: 0 
) does not have any local devices.
  warnings.warn(
/opt/jax/jax/_src/compiler.py:723: UserWarning: Error reading persistent compilation cache entry for 'jit_convert_element_type': XlaRuntimeError: INVALID_ARGUMENT: Device assignment (Computations: 1 Replicas: 1
Computation 0: 0 
) does not have any local devices.
  warnings.warn(
/opt/jax/jax/_src/compiler.py:723: UserWarning: Error reading persistent compilation cache entry for 'jit_convert_element_type': XlaRuntimeError: INVALID_ARGUMENT: Device assignment (Computations: 1 Replicas: 1
Computation 0: 0 
) does not have any local devices.
  warnings.warn(
/opt/jax/jax/_src/compiler.py:723: UserWarning: Error reading persistent compilation cache entry for 'jit_convert_element_type': XlaRuntimeError: INVALID_ARGUMENT: Device assignment (Computations: 1 Replicas: 1
Computation 0: 0 
) does not have any local devices.
  warnings.warn(
/opt/jax/jax/_src/compiler.py:723: UserWarning: Error reading persistent compilation cache entry for 'jit_convert_element_type': XlaRuntimeError: INVALID_ARGUMENT: Device assignment (Computations: 1 Replicas: 1
Computation 0: 0 
) does not have any local devices.
  warnings.warn(
/opt/jax/jax/_src/compiler.py:723: UserWarning: Error reading persistent compilation cache entry for 'jit_convert_element_type': XlaRuntimeError: INVALID_ARGUMENT: Device assignment (Computations: 1 Replicas: 1
Computation 0: 0 
) does not have any local devices.
  warnings.warn(
/opt/jax/jax/_src/compiler.py:723: UserWarning: Error reading persistent compilation cache entry for 'jit_convert_element_type': XlaRuntimeError: INVALID_ARGUMENT: Device assignment (Computations: 1 Replicas: 1
Computation 0: 0 
) does not have any local devices.
  warnings.warn(
/opt/jax/jax/_src/compiler.py:723: UserWarning: Error reading persistent compilation cache entry for 'jit_convert_element_type': XlaRuntimeError: INVALID_ARGUMENT: Device assignment (Computations: 1 Replicas: 1
Computation 0: 0 
) does not have any local devices.
  warnings.warn(
/opt/jax/jax/_src/compiler.py:723: UserWarning: Error reading persistent compilation cache entry for 'jit_convert_element_type': XlaRuntimeError: INVALID_ARGUMENT: Device assignment (Computations: 1 Replicas: 1
Computation 0: 0 
) does not have any local devices.
  warnings.warn(
/opt/jax/jax/_src/compiler.py:723: UserWarning: Error reading persistent compilation cache entry for 'jit_convert_element_type': XlaRuntimeError: INVALID_ARGUMENT: Device assignment (Computations: 1 Replicas: 1
Computation 0: 0 
) does not have any local devices.
  warnings.warn(
/opt/jax/jax/_src/compiler.py:723: UserWarning: Error reading persistent compilation cache entry for 'jit_convert_element_type': XlaRuntimeError: INVALID_ARGUMENT: Device assignment (Computations: 1 Replicas: 1
Computation 0: 0 
) does not have any local devices.
  warnings.warn(
/opt/jax/jax/_src/compiler.py:723: UserWarning: Error reading persistent compilation cache entry for 'jit_convert_element_type': XlaRuntimeError: INVALID_ARGUMENT: Device assignment (Computations: 1 Replicas: 1
Computation 0: 0 
) does not have any local devices.
  warnings.warn(
/opt/jax/jax/_src/compiler.py:723: UserWarning: Error reading persistent compilation cache entry for 'jit_convert_element_type': XlaRuntimeError: INVALID_ARGUMENT: Device assignment (Computations: 1 Replicas: 1
Computation 0: 0 
) does not have any local devices.
  warnings.warn(
/opt/jax/jax/_src/compiler.py:723: UserWarning: Error reading persistent compilation cache entry for 'jit_convert_element_type': XlaRuntimeError: INVALID_ARGUMENT: Device assignment (Computations: 1 Replicas: 1
Computation 0: 0 
) does not have any local devices.
  warnings.warn(
/opt/jax/jax/_src/compiler.py:723: UserWarning: Error reading persistent compilation cache entry for 'jit_convert_element_type': XlaRuntimeError: INVALID_ARGUMENT: Device assignment (Computations: 1 Replicas: 1
Computation 0: 0 
) does not have any local devices.
  warnings.warn(
  Streaming Galerkin: nk=36, nb=40, nr=174960, n_mu=1452, mesh=(4x4), band_chunk=31 (5.82 GB/chunk)
  (band axis split into 2 chunks; G is accumulated r-outer / band-inner so the split stays exact)
2026-07-21 22:24:36.269742: E external/xla/xla/tsl/distributed_runtime/coordination/coordination_service.cc:967] /job:jax_worker/replica:0/task:2 unexpectedly tried to connect with a different incarnation. It has likely restarted.
2026-07-21 22:24:36.269800: E external/xla/xla/tsl/distributed_runtime/coordination/coordination_service.cc:2188] Use error polling to propagate the following error to all tasks: ABORTED: /job:jax_worker/replica:0/task:2 unexpectedly tried to connect with a different incarnation. It has likely restarted. [type.googleapis.com/tensorflow.CoordinationServiceError='\"\x0e\n\njax_worker\x10\x02']
E0721 22:24:36.270098 1918556 coordination_service_agent.cc:567] Polled an error from coordination service (this can be an error from this or another task).
E0721 22:24:36.270197 1918555 coordination_service_agent.cc:567] Polled an error from coordination service (this can be an error from this or another task).
E0721 22:24:36.270276 1918557 coordination_service_agent.cc:567] Polled an error from coordination service (this can be an error from this or another task).
2026-07-21 22:24:36.270308: F external/xla/xla/pjrt/distributed/client.h:80] Terminating process because the JAX distributed service detected fatal errors. This most likely indicates that another task died; see the other task logs for more details. Disable Python buffering, i.e. `python -u`, to be sure to see all the previous output. absl::Status: ABORTED: /job:jax_worker/replica:0/task:2 unexpectedly tried to connect with a different incarnation. It has likely restarted.

RPC: /tensorflow.CoordinationService/PollForError [type.googleapis.com/tensorflow.CoordinationServiceError='\"\x0e\n\njax_worker\x10\x02']
E0721 22:24:36.270349 1918567 coordination_service_agent.cc:567] Polled an error from coordination service (this can be an error from this or another task).
2026-07-21 22:24:36.270392: F external/xla/xla/pjrt/distributed/client.h:80] Terminating process because the JAX distributed service detected fatal errors. This most likely indicates that another task died; see the other task logs for more details. Disable Python buffering, i.e. `python -u`, to be sure to see all the previous output. absl::Status: ABORTED: /job:jax_worker/replica:0/task:2 unexpectedly tried to connect with a different incarnation. It has likely restarted.

RPC: /tensorflow.CoordinationService/PollForError [type.googleapis.com/tensorflow.CoordinationServiceError='\"\x0e\n\njax_worker\x10\x02']
2026-07-21 22:24:36.270432: F external/xla/xla/pjrt/distributed/client.h:80] Terminating process because the JAX distributed service detected fatal errors. This most likely indicates that another task died; see the other task logs for more details. Disable Python buffering, i.e. `python -u`, to be sure to see all the previous output. absl::Status: ABORTED: /job:jax_worker/replica:0/task:2 unexpectedly tried to connect with a different incarnation. It has likely restarted.

RPC: /tensorflow.CoordinationService/PollForError [type.googleapis.com/tensorflow.CoordinationServiceError='\"\x0e\n\njax_worker\x10\x02']
2026-07-21 22:24:36.270480: F external/xla/xla/pjrt/distributed/client.h:80] Terminating process because the JAX distributed service detected fatal errors. This most likely indicates that another task died; see the other task logs for more details. Disable Python buffering, i.e. `python -u`, to be sure to see all the previous output. absl::Status: ABORTED: /job:jax_worker/replica:0/task:2 unexpectedly tried to connect with a different incarnation. It has likely restarted.

RPC: /tensorflow.CoordinationService/PollForError [type.googleapis.com/tensorflow.CoordinationServiceError='\"\x0e\n\njax_worker\x10\x02']
E0721 22:24:36.272438 1457238 coordination_service_agent.cc:567] Polled an error from coordination service (this can be an error from this or another task).
E0721 22:24:36.272458 1457247 coordination_service_agent.cc:567] Polled an error from coordination service (this can be an error from this or another task).
E0721 22:24:36.272466 1457239 coordination_service_agent.cc:567] Polled an error from coordination service (this can be an error from this or another task).
E0721 22:24:36.272477 1457243 coordination_service_agent.cc:567] Polled an error from coordination service (this can be an error from this or another task).
2026-07-21 22:24:36.272586: F external/xla/xla/pjrt/distributed/client.h:80] Terminating process because the JAX distributed service detected fatal errors. This most likely indicates that another task died; see the other task logs for more details. Disable Python buffering, i.e. `python -u`, to be sure to see all the previous output. absl::Status: ABORTED: /job:jax_worker/replica:0/task:2 unexpectedly tried to connect with a different incarnation. It has likely restarted.

RPC: /tensorflow.CoordinationService/PollForError [type.googleapis.com/tensorflow.CoordinationServiceError='\"\x0e\n\njax_worker\x10\x02']
2026-07-21 22:24:36.272624: F external/xla/xla/pjrt/distributed/client.h:80] Terminating process because the JAX distributed service detected fatal errors. This most likely indicates that another task died; see the other task logs for more details. Disable Python buffering, i.e. `python -u`, to be sure to see all the previous output. absl::Status: ABORTED: /job:jax_worker/replica:0/task:2 unexpectedly tried to connect with a different incarnation. It has likely restarted.

RPC: /tensorflow.CoordinationService/PollForError [type.googleapis.com/tensorflow.CoordinationServiceError='\"\x0e\n\njax_worker\x10\x02']
2026-07-21 22:24:36.272640: F external/xla/xla/pjrt/distributed/client.h:80] Terminating process because the JAX distributed service detected fatal errors. This most likely indicates that another task died; see the other task logs for more details. Disable Python buffering, i.e. `python -u`, to be sure to see all the previous output. absl::Status: ABORTED: /job:jax_worker/replica:0/task:2 unexpectedly tried to connect with a different incarnation. It has likely restarted.

RPC: /tensorflow.CoordinationService/PollForError [type.googleapis.com/tensorflow.CoordinationServiceError='\"\x0e\n\njax_worker\x10\x02']
2026-07-21 22:24:36.272634: F external/xla/xla/pjrt/distributed/client.h:80] Terminating process because the JAX distributed service detected fatal errors. This most likely indicates that another task died; see the other task logs for more details. Disable Python buffering, i.e. `python -u`, to be sure to see all the previous output. absl::Status: ABORTED: /job:jax_worker/replica:0/task:2 unexpectedly tried to connect with a different incarnation. It has likely restarted.

RPC: /tensorflow.CoordinationService/PollForError [type.googleapis.com/tensorflow.CoordinationServiceError='\"\x0e\n\njax_worker\x10\x02']
E0721 22:24:36.273408  589634 coordination_service_agent.cc:567] Polled an error from coordination service (this can be an error from this or another task).
E0721 22:24:36.273433  589630 coordination_service_agent.cc:567] Polled an error from coordination service (this can be an error from this or another task).
E0721 22:24:36.273432  589629 coordination_service_agent.cc:567] Polled an error from coordination service (this can be an error from this or another task).
E0721 22:24:36.272853 1659913 coordination_service_agent.cc:567] Polled an error from coordination service (this can be an error from this or another task).
2026-07-21 22:24:36.273025: F external/xla/xla/pjrt/distributed/client.h:80] Terminating process because the JAX distributed service detected fatal errors. This most likely indicates that another task died; see the other task logs for more details. Disable Python buffering, i.e. `python -u`, to be sure to see all the previous output. absl::Status: ABORTED: /job:jax_worker/replica:0/task:2 unexpectedly tried to connect with a different incarnation. It has likely restarted.

RPC: /tensorflow.CoordinationService/PollForError [type.googleapis.com/tensorflow.CoordinationServiceError='\"\x0e\n\njax_worker\x10\x02']
E0721 22:24:36.272847 1659912 coordination_service_agent.cc:567] Polled an error from coordination service (this can be an error from this or another task).
2026-07-21 22:24:36.272994: F external/xla/xla/pjrt/distributed/client.h:80] Terminating process because the JAX distributed service detected fatal errors. This most likely indicates that another task died; see the other task logs for more details. Disable Python buffering, i.e. `python -u`, to be sure to see all the previous output. absl::Status: ABORTED: /job:jax_worker/replica:0/task:2 unexpectedly tried to connect with a different incarnation. It has likely restarted.

RPC: /tensorflow.CoordinationService/PollForError [type.googleapis.com/tensorflow.CoordinationServiceError='\"\x0e\n\njax_worker\x10\x02']
E0721 22:24:36.272827 1659911 coordination_service_agent.cc:567] Polled an error from coordination service (this can be an error from this or another task).
2026-07-21 22:24:36.272979: F external/xla/xla/pjrt/distributed/client.h:80] Terminating process because the JAX distributed service detected fatal errors. This most likely indicates that another task died; see the other task logs for more details. Disable Python buffering, i.e. `python -u`, to be sure to see all the previous output. absl::Status: ABORTED: /job:jax_worker/replica:0/task:2 unexpectedly tried to connect with a different incarnation. It has likely restarted.

RPC: /tensorflow.CoordinationService/PollForError [type.googleapis.com/tensorflow.CoordinationServiceError='\"\x0e\n\njax_worker\x10\x02']
E0721 22:24:36.273446  589633 coordination_service_agent.cc:567] Polled an error from coordination service (this can be an error from this or another task).
E0721 22:24:36.272828 1659909 coordination_service_agent.cc:567] Polled an error from coordination service (this can be an error from this or another task).
2026-07-21 22:24:36.272975: F external/xla/xla/pjrt/distributed/client.h:80] Terminating process because the JAX distributed service detected fatal errors. This most likely indicates that another task died; see the other task logs for more details. Disable Python buffering, i.e. `python -u`, to be sure to see all the previous output. absl::Status: ABORTED: /job:jax_worker/replica:0/task:2 unexpectedly tried to connect with a different incarnation. It has likely restarted.

RPC: /tensorflow.CoordinationService/PollForError [type.googleapis.com/tensorflow.CoordinationServiceError='\"\x0e\n\njax_worker\x10\x02']
2026-07-21 22:24:36.273551: F external/xla/xla/pjrt/distributed/client.h:80] Terminating process because the JAX distributed service detected fatal errors. This most likely indicates that another task died; see the other task logs for more details. Disable Python buffering, i.e. `python -u`, to be sure to see all the previous output. absl::Status: ABORTED: /job:jax_worker/replica:0/task:2 unexpectedly tried to connect with a different incarnation. It has likely restarted.

RPC: /tensorflow.CoordinationService/PollForError [type.googleapis.com/tensorflow.CoordinationServiceError='\"\x0e\n\njax_worker\x10\x02']
2026-07-21 22:24:36.273578: F external/xla/xla/pjrt/distributed/client.h:80] Terminating process because the JAX distributed service detected fatal errors. This most likely indicates that another task died; see the other task logs for more details. Disable Python buffering, i.e. `python -u`, to be sure to see all the previous output. absl::Status: ABORTED: /job:jax_worker/replica:0/task:2 unexpectedly tried to connect with a different incarnation. It has likely restarted.

RPC: /tensorflow.CoordinationService/PollForError [type.googleapis.com/tensorflow.CoordinationServiceError='\"\x0e\n\njax_worker\x10\x02']
2026-07-21 22:24:36.273592: F external/xla/xla/pjrt/distributed/client.h:80] Terminating process because the JAX distributed service detected fatal errors. This most likely indicates that another task died; see the other task logs for more details. Disable Python buffering, i.e. `python -u`, to be sure to see all the previous output. absl::Status: ABORTED: /job:jax_worker/replica:0/task:2 unexpectedly tried to connect with a different incarnation. It has likely restarted.

RPC: /tensorflow.CoordinationService/PollForError [type.googleapis.com/tensorflow.CoordinationServiceError='\"\x0e\n\njax_worker\x10\x02']
2026-07-21 22:24:36.273599: F external/xla/xla/pjrt/distributed/client.h:80] Terminating process because the JAX distributed service detected fatal errors. This most likely indicates that another task died; see the other task logs for more details. Disable Python buffering, i.e. `python -u`, to be sure to see all the previous output. absl::Status: ABORTED: /job:jax_worker/replica:0/task:2 unexpectedly tried to connect with a different incarnation. It has likely restarted.

RPC: /tensorflow.CoordinationService/PollForError [type.googleapis.com/tensorflow.CoordinationServiceError='\"\x0e\n\njax_worker\x10\x02']
srun: error: nid008349: task 3: Aborted
srun: Terminating StepId=56301922.50
[2026-07-22T05:24:36.765] error: *** STEP 56301922.50 ON nid008349 CANCELLED AT 2026-07-22T05:24:36 DUE TO TASK FAILURE ***
srun: error: nid008400: task 14: Aborted
srun: error: nid008357: task 6: Aborted
srun: error: nid008384: task 8: Aborted
srun: error: nid008349: tasks 0-1: Aborted
srun: error: nid008357: tasks 5,7: Aborted
srun: error: nid008400: tasks 12,15: Aborted
srun: error: nid008384: tasks 10-11: Aborted
srun: error: nid008357: task 4: Aborted
srun: error: nid008349: task 2: Aborted
srun: error: nid008400: task 13: Aborted
srun: error: nid008384: task 9: Aborted
