
========================================================================
  COHSEX-JAX: Self-Energy Calculation
========================================================================
  Backend: GPU       Devices: 4  Mesh: 2×2  Processes: 4
  Device type: NVIDIA A100-SXM4-40GB
  XLA preallocate: unset  mem_fraction: 0.95
  XLA pool: limit=40.29 GB, in_use=0.00 GB, avail=40.29 GB
========================================================================

  ISDF basis: 2000 centroids
  FFT grid: 36×36×36   Cell volume: 270.11 a.u.³

  BGW vcoul override: loading /pscratch/sd/j/jackm/lorrax_sandbox/runs/Si_pseudobands/00_si_2x2x2_60Ry/cohsex_sweep5/v1_k4_75w_s2/bgw_vcoul.txt
    6 unique q-points, G counts per q: [2109, 2120, 2100, 2120, 2100, 2120]
    crystal sym ops loaded from /pscratch/sd/j/jackm/lorrax_sandbox/runs/Si_pseudobands/00_si_2x2x2_60Ry/cohsex_sweep5/v1_k4_75w_s2/sym_wfn.h5: 48
    Memory estimate: peak 24.44 GB (budget 28.00 GB), bottleneck=zct
    Per-stage: fft=3.65  pair=9.25  zct=13.24  reshard=13.24  solve=8.22  gather=7.64 GB

  Chunked ISDF fitting:
    Band chunks: 332
    R chunks:    46656 (contiguous r-space)
    Q chunks:    8
    Pair mode:   spin_traced
    Zeta output: /pscratch/sd/j/jackm/lorrax_sandbox/runs/Si_pseudobands/00_si_2x2x2_60Ry/cohsex_sweep5/v1_k4_75w_s2/tmp/zeta_q.h5

  Zeta fitting: 1 r-chunks x 46656 r-points, 332 bands (16 left + 332 right), spin_traced
  Output: /pscratch/sd/j/jackm/lorrax_sandbox/runs/Si_pseudobands/00_si_2x2x2_60Ry/cohsex_sweep5/v1_k4_75w_s2/tmp/zeta_q.h5
  Left wfns:  (8, 16, 2, 2000)
  Right wfns: (8, 332, 2, 2000)
  Pseudobands normalization: 264 weighted, 0 zero-weight (skipped)
  Computing pair densities P_l, P_r (spin_traced)
  Computing L_q = chol(C_q)
  L_q: (8, 2000, 2000)
  Caching G-space wavefunctions for r-chunk loop
  G-space cache: 1 band chunks
Started zeta fitting at 23:09:47.
[ 23:09:47 | ██████████ | 100% ] r-chunk 1 / 1 · ETA 0 s
Finished zeta fitting at 23:09:47.  Elapsed: 0 s.
  Zeta output: /pscratch/sd/j/jackm/lorrax_sandbox/runs/Si_pseudobands/00_si_2x2x2_60Ry/cohsex_sweep5/v1_k4_75w_s2/tmp/zeta_q.h5  shape: (2,2,2,2000,46656)
  Timing (1 r-chunks, 7.3s total):
    load     1.02s  13.9%
    pair     0.03s   0.4%
    ZCT      0.43s   5.9%
    solve    0.64s   8.8%
    H5       4.99s  67.9%
    GPU high-water mark: 14.02 GB / 28.00 GB budget (50%)
    V_q budget:    26.98 GB
    V_q mu chunks: 2000
    V_q q batches: 4
    V_q bare cutoff: 60.0 Ry
  V_q: 8 q-points, batch=4, mu=2000 (single chunk), overlapped H5 I/O
Started V_q computation at 23:10:03.
[ 23:10:03 | █░░░░░░░░░ |  12% ] q-point 1 / 8 · ETA 0 s
[ 23:10:03 | ██░░░░░░░░ |  25% ] q-point 2 / 8 · ETA 0 s
[ 23:10:03 | ████░░░░░░ |  38% ] q-point 3 / 8 · ETA 0 s
[ 23:10:03 | █████░░░░░ |  50% ] q-point 4 / 8 · ETA 0 s
[ 23:10:05 | ██████░░░░ |  62% ] q-point 5 / 8 · ETA 1 s
[ 23:10:05 | ████████░░ |  75% ] q-point 6 / 8 · ETA 1 s
[ 23:10:05 | █████████░ |  88% ] q-point 7 / 8 · ETA 0 s
[ 23:10:05 | ██████████ | 100% ] q-point 8 / 8 · ETA 0 s
Finished V_q computation at 23:10:05.  Elapsed: 2 s.

  V_q computed:
    Shape: (1, 1, 1, 2, 2, 2, 2000, 2000)
    V_q=0 trace: 48098693.1859
  Wavefunctions built (b0:b4=332 bands, 4 sharded copies: xn/xr/yr/yn)
  Chunked ISDF path complete
  Minimax static window: x=[4.958707e-02, 6.033364e+01] Ry, R=1216.72, nodes=13, fit_err~9.508e-06
  |χ(0)|_max = 7.680035e-06  (minimax, 13 nodes)

------------------------------------------------------------------------
  FINITE-SIZE CORRECTIONS
------------------------------------------------------------------------
  Head source: override
  v(q→0)  =      825.937 a.u.  (bare Coulomb head)
  W(q→0)  =       17.128 a.u.  (screened Coulomb head)
  ΔW      =     -808.809 a.u.  (screening correction)

------------------------------------------------------------------------
  STATIC HEAD TERMS (exact COHSEX / BGW-style)
------------------------------------------------------------------------
  Head source: override
  v_h(q→0)           =   825.937000 a.u.
  W_h(q→0, ω=0)      =    17.128000 a.u.
  W_h^c              =  -808.809000 a.u.
  Σ^X head (occ)     = -3.822265e-01 Ry
  Σ^SX head (occ)    = -7.926484e-03 Ry
  Σ^(SX-X) head(occ) = 3.743001e-01 Ry
  Σ^COH head (all)   = -1.871500e-01 Ry
2026-04-17 23:10:28.592445: E external/xla/xla/service/spmd/spmd_partitioner.cc:620] [spmd] Involuntary full rematerialization. The compiler was not able to go from sharding {devices=[4,1,1]<=[4]} to {devices=[1,2,2]<=[4]} without doing a full rematerialization of the tensor for HLO operation: %param = c128[2,2000,2000]{2,1,0} parameter(5), sharding={devices=[4,1,1]<=[4]}, metadata={op_name="W_q"}. You probably want to enrich the sharding annotations to prevent this from happening.
2026-04-17 23:10:28.593017: E external/xla/xla/service/spmd/spmd_partitioner.cc:620] [spmd] Involuntary full rematerialization. The compiler was not able to go from sharding {devices=[4,1,1]<=[4]} to {devices=[1,2,2]<=[4]} without doing a full rematerialization of the tensor for HLO operation: %param = c128[2,2000,2000]{2,1,0} parameter(5), sharding={devices=[4,1,1]<=[4]}, metadata={op_name="W_q"}. You probably want to enrich the sharding annotations to prevent this from happening.
2026-04-17 23:10:28.593839: E external/xla/xla/service/spmd/spmd_partitioner.cc:620] [spmd] Involuntary full rematerialization. The compiler was not able to go from sharding {devices=[4,1,1]<=[4]} to {devices=[1,2,2]<=[4]} without doing a full rematerialization of the tensor for HLO operation: %param = c128[2,2000,2000]{2,1,0} parameter(5), sharding={devices=[4,1,1]<=[4]}, metadata={op_name="W_q"}. You probably want to enrich the sharding annotations to prevent this from happening.
2026-04-17 23:10:28.600228: E external/xla/xla/service/spmd/spmd_partitioner.cc:620] [spmd] Involuntary full rematerialization. The compiler was not able to go from sharding {devices=[4,1,1]<=[4]} to {devices=[1,2,2]<=[4]} without doing a full rematerialization of the tensor for HLO operation: %param = c128[2,2000,2000]{2,1,0} parameter(5), sharding={devices=[4,1,1]<=[4]}, metadata={op_name="W_q"}. You probably want to enrich the sharding annotations to prevent this from happening.
2026-04-17 23:10:29.014217: E external/xla/xla/service/spmd/spmd_partitioner.cc:620] [spmd] Involuntary full rematerialization. The compiler was not able to go from sharding {devices=[1,2,2]<=[4]} to {devices=[4,1,1]<=[4]} without doing a full rematerialization of the tensor for HLO operation: %param = c128[8,1000,1000]{2,1,0} parameter(5), sharding={devices=[1,2,2]<=[4]}, metadata={op_name="V_q"}. You probably want to enrich the sharding annotations to prevent this from happening.
2026-04-17 23:10:29.014283: E external/xla/xla/service/spmd/spmd_partitioner.cc:620] [spmd] Involuntary full rematerialization. The compiler was not able to go from sharding {devices=[4,1,1]<=[4]} to {devices=[1,2,2]<=[4]} without doing a full rematerialization of the tensor for HLO operation: %subtract.15 = c128[2,2000,2000]{2,1,0} subtract(%param, %dynamic-slice), sharding={devices=[4,1,1]<=[4]}, metadata={op_name="jit(sigma_coh)/jit(main)/sub" source_file="/global/homes/j/jackm/software/lorrax_A/src/gw/gw_jax.py" source_line=358}. You probably want to enrich the sharding annotations to prevent this from happening.
2026-04-17 23:10:29.014529: E external/xla/xla/service/spmd/spmd_partitioner.cc:620] [spmd] Involuntary full rematerialization. The compiler was not able to go from sharding {devices=[1,2,2]<=[4]} to {devices=[4,1,1]<=[4]} without doing a full rematerialization of the tensor for HLO operation: %param = c128[8,1000,1000]{2,1,0} parameter(5), sharding={devices=[1,2,2]<=[4]}, metadata={op_name="V_q"}. You probably want to enrich the sharding annotations to prevent this from happening.
2026-04-17 23:10:29.014608: E external/xla/xla/service/spmd/spmd_partitioner.cc:620] [spmd] Involuntary full rematerialization. The compiler was not able to go from sharding {devices=[1,2,2]<=[4]} to {devices=[4,1,1]<=[4]} without doing a full rematerialization of the tensor for HLO operation: %param = c128[8,1000,1000]{2,1,0} parameter(5), sharding={devices=[1,2,2]<=[4]}, metadata={op_name="V_q"}. You probably want to enrich the sharding annotations to prevent this from happening.
2026-04-17 23:10:29.014596: E external/xla/xla/service/spmd/spmd_partitioner.cc:620] [spmd] Involuntary full rematerialization. The compiler was not able to go from sharding {devices=[4,1,1]<=[4]} to {devices=[1,2,2]<=[4]} without doing a full rematerialization of the tensor for HLO operation: %subtract.15 = c128[2,2000,2000]{2,1,0} subtract(%param, %dynamic-slice), sharding={devices=[4,1,1]<=[4]}, metadata={op_name="jit(sigma_coh)/jit(main)/sub" source_file="/global/homes/j/jackm/software/lorrax_A/src/gw/gw_jax.py" source_line=358}. You probably want to enrich the sharding annotations to prevent this from happening.
2026-04-17 23:10:29.014665: E external/xla/xla/service/spmd/spmd_partitioner.cc:620] [spmd] Involuntary full rematerialization. The compiler was not able to go from sharding {devices=[4,1,1]<=[4]} to {devices=[1,2,2]<=[4]} without doing a full rematerialization of the tensor for HLO operation: %subtract.15 = c128[2,2000,2000]{2,1,0} subtract(%param, %dynamic-slice), sharding={devices=[4,1,1]<=[4]}, metadata={op_name="jit(sigma_coh)/jit(main)/sub" source_file="/global/homes/j/jackm/software/lorrax_A/src/gw/gw_jax.py" source_line=358}. You probably want to enrich the sharding annotations to prevent this from happening.
2026-04-17 23:10:29.014860: E external/xla/xla/service/spmd/spmd_partitioner.cc:620] [spmd] Involuntary full rematerialization. The compiler was not able to go from sharding {devices=[1,2,2]<=[4]} to {devices=[4,1,1]<=[4]} without doing a full rematerialization of the tensor for HLO operation: %param = c128[8,1000,1000]{2,1,0} parameter(5), sharding={devices=[1,2,2]<=[4]}, metadata={op_name="V_q"}. You probably want to enrich the sharding annotations to prevent this from happening.
2026-04-17 23:10:29.014928: E external/xla/xla/service/spmd/spmd_partitioner.cc:620] [spmd] Involuntary full rematerialization. The compiler was not able to go from sharding {devices=[4,1,1]<=[4]} to {devices=[1,2,2]<=[4]} without doing a full rematerialization of the tensor for HLO operation: %subtract.15 = c128[2,2000,2000]{2,1,0} subtract(%param, %dynamic-slice), sharding={devices=[4,1,1]<=[4]}, metadata={op_name="jit(sigma_coh)/jit(main)/sub" source_file="/global/homes/j/jackm/software/lorrax_A/src/gw/gw_jax.py" source_line=358}. You probably want to enrich the sharding annotations to prevent this from happening.
  Bare Σ_X diagonal (eV), k=0: -17.0270  -17.0270  -14.0250  -14.0248  -14.0119  -14.0113  -14.0114  -14.0105

  Output: /pscratch/sd/j/jackm/lorrax_sandbox/runs/Si_pseudobands/00_si_2x2x2_60Ry/cohsex_sweep5/v1_k4_75w_s2/eqp0_noqsym.dat
  Restart:  /pscratch/sd/j/jackm/lorrax_sandbox/runs/Si_pseudobands/00_si_2x2x2_60Ry/cohsex_sweep5/v1_k4_75w_s2/tmp/isdf_tensors_2000.h5

--- Timing ---
Total recorded: 36.415 s
Section                                            Count    Total[s]     Self[s]      %
gw_jax.zeta_fit_chunked                                1      24.962      11.715   68.5
  zeta_fit.load_wfns                                   1       3.272       2.993    9.0
    load_wfns.precompute_owned                         1       0.000       0.000    0.0
    load_wfns.k_loop                                   1       0.038       0.038    0.1
    load_wfns.scatter                                  1       0.089       0.089    0.2
    load_wfns.make_global_array                        1       0.152       0.152    0.4
  zeta_fit.CCT                                         1       0.805       0.805    2.2
  zeta_fit.cholesky                                    1       1.703       1.703    4.7
  zeta_fit.cache_gspace                                1       0.126       0.001    0.3
    load_wfns.precompute_owned                         1       0.000       0.000    0.0
    load_wfns.k_loop                                   1       0.037       0.037    0.1
    load_wfns.scatter                                  1       0.087       0.087    0.2
    load_wfns.make_global_array                        1       0.001       0.001    0.0
  zeta_fit.chunk_loop                                  1       7.342       0.226   20.2
    zeta_fit.chunk.load                                1       1.024       1.024    2.8
    zeta_fit.chunk.pair_density                        1       0.027       0.027    0.1
    zeta_fit.chunk.ZCT                                 1       0.431       0.431    1.2
    zeta_fit.chunk.solve                               1       0.644       0.644    1.8
    zeta_fit.chunk.h5_write                            1       4.989       4.989   13.7
gw_jax.V_q_compute                                     1       6.918       1.302   19.0
  compute_all_V_q                                      1       5.616       5.616   15.4
gw_jax.wavefunction_setup                              1       1.177       1.177    3.2
gw_jax.chi0_W                                          1       1.992       1.992    5.5
gw_jax.sigma                                           1       1.366       1.366    3.8
