JAX: 1 gpu devices
== Chunked kin_ion_io ==
Loading WFN: WFN.h5
Bands: 298, FFT grid: (36, 36, 36), k-points: 8
sys_dim: 3
Devices: 1
Pseudopotentials: ['Si']
Coulomb truncation: 3D bulk
Building V_loc...
Building unified V_NL setup...

Processing 8 k-points...
  k=1/8...

Writing to /pscratch/sd/j/jackm/lorrax_sandbox/runs/Si_pseudobands/00_si_2x2x2_60Ry/cohsex_sweep4/v1_k6_44w_s2/kin_ion.h5...
Wrote kin_ion.h5: shape (8, 298, 298), sys_dim=3
--- Timing (seconds) ---
Total recorded: 7.342 s
Section                                            Count    Total[s]     Self[s]      %
load_wfn                                               1       0.050       0.050    0.7
build_V_loc                                            1       0.666       0.666    9.1
k0                                                     1       2.471       2.471   33.7
k1                                                     1       1.670       1.670   22.7
k2                                                     1       0.142       0.142    1.9
k3                                                     1       1.675       1.675   22.8
k4                                                     1       0.218       0.218    3.0
k5                                                     1       0.140       0.140    1.9
k6                                                     1       0.138       0.138    1.9
k7                                                     1       0.157       0.157    2.1
write_h5                                               1       0.015       0.015    0.2
