
 BerkeleyGW version 4.0
 Epsilon code, Complex version, run on 05-Apr-2026 at 08:57:44 -0700

                                                                 ..o.          
                                                                .oxxo.         
                                                               .oxxxxo...      
                                                               oxxxxxxo.       
                                                              .oxxxxxxx.       
                                                              .ooooooxxo..     
                                                              .oooooooxo..     
                                                              .oooooxxo...     
                                                       .........oxooo......    
                                                 ............................  
                                             ................................. 
                                          .................................... 
           .          ..oo. ....  .................................oooxxxxxxxo.
     .............oxxxx@ox@@@x@x.....................o...........ooooooooooxx. 
    .o.........oox@x.oo........xxx@@............ooxxxxo..........ooooxxxxxoxo  
    .x........x@xxo...............o@xxo........oxxx@@@xoooooooooooooooxxxo...  
    .o......ox@@o..................oox@o.....ooxxx@xoooxxxxxxxoooooooooooo.... 
    o..ooooo@@xoooo....ooo...........x@o.....ooxxxxo   .oxxxxxxxxxxooooooo.... 
    . .oooo@@@@@@@@@@@@@@@@@@@@@@@@@@@@@@....ooooox.     .oxx@@@@@xxoo........ 
      .ooooxxxxxxxooooooxooooooooooooooxo...oooooxx.        ..ox@xxxoo.........
      .ooooooxxxx@xoooooooooooooxxoooooooooooxxxxx.            .oxxooooooooxxo.
     .oooooxxxxx@@@xxxxxxxxxxxxxxxxxxxxxxxxoxxxxo.                .oxxxxxxxxo. 
   ....oooxxxxx@@@xo..oxxx@@@@@@xxxxoxxoooooooxx.                  .oxxxoo..   
  .....ooxxxx@@xo.       ........    .ooooooooxxo                              
  ..oooxxxx@@@o                       .oooooooxoo.                             
  ....oxooxxxxx.                       .ooo..oooo.                             
  .....o.ooxxxxxo.                     .oooooooxo.                             
 ......ooooxxxxxxo.                     .ooooooxoo..                           
........ooxxxxxxxo..                     .o....oxoo...                         
.......ooooxxxxxxxo.                     ........oooo.                         
.ooooooo..ooxxxxoooo.                    .........ooo...                       
..oxo...ooooxxxoooo..                    .ooo......oooo...                     
  .ooooo....o.                            .oxxxoo....ooo....                   
    .oooooo...                              ...ooooo...ooo..                   
       ...                                     .oo.......                      
                                               ....ooo...                      
                      __              __                                       
 ______              [  |            [  |                 ._____  _          _ 
|_   _               | |  _          | |                /  ___ | |        | |
  | |_) | .---.  _. _.| | / |  .---.  | | .---.  _    _ / /    _|   /  / / 
  |  __'./ /__\[ /`_| '' <  / /__\ | |/ /__\|   | | |   _____  /  / /  
 _| |__| | __. | |   | |`  | ___. | || ___.  / /  .___| |    /  /   
|_______/ .__./[_]  [__|  _] .__./[___].__./    /   .____./    /  /    
                                                  / /                          
                                                 /_/                           
 --------------------------------------------------------------------------------
 Please cite the main BerkeleyGW paper when using results from this calculation:

 Jack Deslippe, Georgy Samsonidze, David A. Strubbe, Manish Jain, Marvin L.
 Cohen, and Steven G. Louie, "BerkeleyGW: A Massively Parallel Computer Package
 for the Calculation of the Quasiparticle and Optical Properties of Materials
 and Nanostructures," Comput. Phys. Commun. 183, 1269 (2012)

 Aditionally, PLEASE CITE ALL PAPERS REPORTED AT THE END OF THIS CALCULATION.
 --------------------------------------------------------------------------------

 Running MPI version (parallel)
 Running with 8 MPI task(s)
 Using OpenMP. Number of threads per MPI task: 16

 Compilation flags:
 - Compiler: NVHPC
 - Para. flags: MPI, OMP
 - Math  flags: USESCALAPACK, UNPACKED, USEFFTW3, HDF5
 - Debug flags: 

 Running with verbosity level 1 (default).

 We will start a new calculation from scratch.

 
 We`ll perform a uniform sampling of the full BZ.
 
 Computing the static inverse dielectric matrix

 We are using matrix communication scheme

 We are communicating via MPI

 We are using no truncation
 Reading header of WFN.h5
 Highest occupied band (unshifted grid) = 8
 Valence max    (unshifted grid) = 6.296978 eV
 Conduction min (unshifted grid) = 6.973641 eV
 Middle energy  (unshifted grid) = 6.635309 eV
 Fermi  energy  (unshifted grid) = 6.635309 eV

 Reading header of WFNq.h5
 Highest occupied band (shifted grid) = 8

 Calculation parameters:
 - Cutoff of the dielectric matrix (Ry): 25.00
 - Total number of bands in the calculation: 60
 - Number of fully occupied valence bands: 8
 - Number of partially occ. conduction bands: 0
 - Monkhorst-Pack q-grid for epsilon(q): 4 4 4
 
 Running with 1 valence pools
 Number of conduction bands per processor: 7
 Number of valence bands per processor: 8

 Memory available: 59543.4 MB per PE
 Memory required for execution: 39.7 MB per PE
 Memory required for vcoul: 0.0 MB per PE

 Number of electrons per unit cell (from ifmax) = 8.000000
 Number of electrons per unit cell (from occupations) = 8.000000
 Plasma Frequency = 1.220146 Ry

 Reading using H5FD_MPIO_COLLECTIVE.
 Using communication style:  1
 
 Reading using H5FD_MPIO_COLLECTIVE.
 Using communication style:  1
 
 Initializing eps0mat.h5
 Initializing epsmat.h5
 - Screened Coulomb cutoff: 25.000 Ry
 - Total number of bands: 60
 - Number of q-points: 8

 Scissors parameters:
 - Valence:    es =   0.0000 eV, e0 =   0.0000 eV, edel =   0.0000
 - Conduction: es =   0.0000 eV, e0 =   0.0000 eV, edel =   0.0000

 Q0 and |Q0| =  0.000250  0.000000  0.000000  0.000265
 Q  and |Q|  =  0.000000  0.000000  0.250000  0.265144
 Q  and |Q|  =  0.000000  0.000000  0.500000  0.530288
 Q  and |Q|  =  0.000000  0.250000  0.250000  0.306162
 Q  and |Q|  =  0.000000  0.250000  0.500000  0.507712
 Q  and |Q|  =  0.000000  0.250000  0.750000  0.749940
 Q  and |Q|  =  0.000000  0.500000  0.500000  0.612324
 Q  and |Q|  =  0.250000  0.500000  0.750000  0.684599

 ==================================== WARNING ====================================
 You have enabled spin polarization or full spinor calculations.
 Current formalism and implementation adopted by BerkeleyGW implicitly assumes
 time-reversal symmetry (TRS), e.g. in the standard Adler-Wiser RPA polarizability.
 Running magnetic/broken-TRS systems is fundamentally against these assumptions.
 One needs to be aware of and justify its direct usage. Use at your own risk.
 =================================================================================
 GPU acceleration is : ENABLED
 
 Algorithms used:
 - mtxel         : OPENACC_ALGO
 - chi_summation : OPENACC_ALGO
 
 You have a slightly shifted q0 vector and a semiconductor.
 So, reading from WFNq.
 Reading header of WFNq.h5
 Highest occupied band (shifted grid) = 8
 Reading using H5FD_MPIO_COLLECTIVE.
 Using communication style:  1
 
 Summary of the WFN files:
 - Number of k-points in WFN: 8
 - Number of k-points in WFNq: 20
 - Number of k-points in the full BZ of WFN: 64

================================================================================
 08:57:45   Dealing with q =  0.000250  0.000000  0.000000                 1 / 8
================================================================================

 This is the special q->0 point.
 Rank of the polarizability matrix (nmtx): 537
 
 BLACS processor grid:   2 x   4; BLOCKSIZE =   32
 
 Number of k-points in the irreducible BZ(q) (nrk): 20
 
 Using GPU support via OpenACC/OMP-Target implementation
 Using batch implementation, batch size:    20
 
 Started calculation of matrix elements with 160 transition(s) at 08:57:45.
 [ 08:57:45 |   0% ] transition   1 / 160.
 [ 08:57:45 |   1% ] transition   3 / 160, remaining: 0 s.
 [ 08:57:45 |   9% ] transition  16 / 160, remaining: 0 s.
 [ 08:57:45 |  19% ] transition  32 / 160, remaining: 0 s.
 [ 08:57:45 |  29% ] transition  48 / 160, remaining: 0 s.
 [ 08:57:45 |  39% ] transition  64 / 160, remaining: 0 s.
 [ 08:57:45 |  49% ] transition  80 / 160, remaining: 0 s.
 [ 08:57:45 |  59% ] transition  96 / 160, remaining: 0 s.
 [ 08:57:45 |  69% ] transition 112 / 160, remaining: 0 s.
 [ 08:57:45 |  79% ] transition 128 / 160, remaining: 0 s.
 [ 08:57:45 |  89% ] transition 144 / 160, remaining: 0 s.
 [ 08:57:45 |  99% ] transition 160 / 160, remaining: 0 s.
 Finished calculation of matrix elements at 08:57:45.
 Elapsed time: 0 s.
 
 Preparing simple convergence tests with 52 unoccupied bands.
 CHI summation GPU algorithm offloading all matrix elements to device.
 
 Started building polarizability matrix with 8 processor(s) at 08:57:45.
 [ 08:57:45 |   0% ] processor 1 / 8.
 [ 08:57:45 |  13% ] processor 2 / 8.
 [ 08:57:45 |  25% ] processor 3 / 8, remaining: 0 s.
 [ 08:57:45 |  38% ] processor 4 / 8, remaining: 0 s.
 [ 08:57:45 |  50% ] processor 5 / 8, remaining: 0 s.
 [ 08:57:45 |  63% ] processor 6 / 8, remaining: 0 s.
 [ 08:57:45 |  75% ] processor 7 / 8, remaining: 0 s.
 [ 08:57:45 |  88% ] processor 8 / 8, remaining: 0 s.
 Finished building polarizability matrix at 08:57:45.
 Elapsed time: 0 s.
 
 q-pt      1: Head of Epsilon         =    2.422378983795456E+001  -3.207798254112342E-018
 q-pt      1: Epsilon(2,2)            =    1.762502006229698E+000  -8.889503336218266E-019
 q-pt      1: Head of Epsilon Inverse =    4.550552079765668E-002   2.068783477898281E-020
 q-pt      1: Epsilon Inverse(2,2)    =    6.012780139898742E-001   3.442180788179640E-019
 
 For q0 points, you should check the symmetry (eps(G,G') = eps*(-G,-G')) by
 using the eps0sym code. Wavefunction convergence, as well as a finite q-shift
 may cause this property of eps(G,G') to be broken.

 Writing dielectric matrix to file
 Ok

================================================================================
 08:57:46   Dealing with q =  0.000000  0.000000  0.250000                 2 / 8
================================================================================

 This is a regular non-zero q-point.
 Rank of the polarizability matrix (nmtx): 570
 
 BLACS processor grid:   2 x   4; BLOCKSIZE =   32
 
 Number of k-points in the irreducible BZ(q) (nrk): 20
 
 Using GPU support via OpenACC/OMP-Target implementation
 Using batch implementation, batch size:    20
 
 Started calculation of matrix elements with 160 transition(s) at 08:57:46.
 [ 08:57:46 |   0% ] transition   1 / 160.
 [ 08:57:46 |   1% ] transition   3 / 160, remaining: 0 s.
 [ 08:57:46 |   9% ] transition  16 / 160, remaining: 0 s.
 [ 08:57:46 |  19% ] transition  32 / 160, remaining: 0 s.
 [ 08:57:46 |  29% ] transition  48 / 160, remaining: 0 s.
 [ 08:57:46 |  39% ] transition  64 / 160, remaining: 0 s.
 [ 08:57:46 |  49% ] transition  80 / 160, remaining: 0 s.
 [ 08:57:46 |  59% ] transition  96 / 160, remaining: 0 s.
 [ 08:57:46 |  69% ] transition 112 / 160, remaining: 0 s.
 [ 08:57:46 |  79% ] transition 128 / 160, remaining: 0 s.
 [ 08:57:46 |  89% ] transition 144 / 160, remaining: 0 s.
 [ 08:57:46 |  99% ] transition 160 / 160, remaining: 0 s.
 Finished calculation of matrix elements at 08:57:46.
 Elapsed time: 0 s.
 
 Preparing simple convergence tests with 52 unoccupied bands.
 CHI summation GPU algorithm offloading all matrix elements to device.
 
 Started building polarizability matrix with 8 processor(s) at 08:57:46.
 [ 08:57:46 |   0% ] processor 1 / 8.
 [ 08:57:46 |  13% ] processor 2 / 8.
 [ 08:57:46 |  25% ] processor 3 / 8, remaining: 0 s.
 [ 08:57:46 |  38% ] processor 4 / 8, remaining: 0 s.
 [ 08:57:46 |  50% ] processor 5 / 8, remaining: 0 s.
 [ 08:57:46 |  63% ] processor 6 / 8, remaining: 0 s.
 [ 08:57:46 |  75% ] processor 7 / 8, remaining: 0 s.
 [ 08:57:46 |  88% ] processor 8 / 8, remaining: 0 s.
 Finished building polarizability matrix at 08:57:46.
 Elapsed time: 0 s.
 
 q-pt      2: Head of Epsilon         =    6.586248148931098E+000   3.156304709091828E-017
 q-pt      2: Epsilon(2,2)            =    2.279306257974429E+000  -1.141707838621988E-018
 q-pt      2: Head of Epsilon Inverse =    1.745539518399236E-001  -9.235103564162142E-019
 q-pt      2: Epsilon Inverse(2,2)    =    4.893666096417741E-001   1.585358591616787E-019

 Writing dielectric matrix to file
 Ok

================================================================================
 08:57:46   Dealing with q =  0.000000  0.000000  0.500000                 3 / 8
================================================================================

 This is a regular non-zero q-point.
 Rank of the polarizability matrix (nmtx): 568
 
 BLACS processor grid:   2 x   4; BLOCKSIZE =   32
 
 Number of k-points in the irreducible BZ(q) (nrk): 13
 
 Using GPU support via OpenACC/OMP-Target implementation
 Using batch implementation, batch size:    20
 
 Started calculation of matrix elements with 104 transition(s) at 08:57:46.
 [ 08:57:46 |   0% ] transition   1 / 104.
 [ 08:57:46 |   2% ] transition   3 / 104, remaining: 0 s.
 [ 08:57:46 |  10% ] transition  11 / 104, remaining: 0 s.
 [ 08:57:46 |  19% ] transition  21 / 104, remaining: 0 s.
 [ 08:57:46 |  30% ] transition  32 / 104, remaining: 0 s.
 [ 08:57:46 |  39% ] transition  42 / 104, remaining: 0 s.
 [ 08:57:46 |  50% ] transition  53 / 104, remaining: 0 s.
 [ 08:57:46 |  60% ] transition  63 / 104, remaining: 0 s.
 [ 08:57:46 |  69% ] transition  73 / 104, remaining: 0 s.
 [ 08:57:46 |  80% ] transition  84 / 104, remaining: 0 s.
 [ 08:57:46 |  89% ] transition  94 / 104, remaining: 0 s.
 Finished calculation of matrix elements at 08:57:47.
 Elapsed time: 0 s.
 
 Preparing simple convergence tests with 52 unoccupied bands.
 CHI summation GPU algorithm offloading all matrix elements to device.
 
 Started building polarizability matrix with 8 processor(s) at 08:57:47.
 [ 08:57:47 |   0% ] processor 1 / 8.
 [ 08:57:47 |  13% ] processor 2 / 8.
 [ 08:57:47 |  25% ] processor 3 / 8, remaining: 0 s.
 [ 08:57:47 |  38% ] processor 4 / 8, remaining: 0 s.
 [ 08:57:47 |  50% ] processor 5 / 8, remaining: 0 s.
 [ 08:57:47 |  63% ] processor 6 / 8, remaining: 0 s.
 [ 08:57:47 |  75% ] processor 7 / 8, remaining: 0 s.
 [ 08:57:47 |  88% ] processor 8 / 8, remaining: 0 s.
 Finished building polarizability matrix at 08:57:47.
 Elapsed time: 0 s.
 
 q-pt      3: Head of Epsilon         =    3.407154412417325E+000   4.187531008326099E-019
 q-pt      3: Epsilon(2,2)            =    3.407154412419765E+000   1.612835556789370E-018
 q-pt      3: Head of Epsilon Inverse =    3.344120658006599E-001   4.356891064308753E-020
 q-pt      3: Epsilon Inverse(2,2)    =    3.344120658008419E-001  -9.938912324682880E-020

 Writing dielectric matrix to file
 Ok

================================================================================
 08:57:47   Dealing with q =  0.000000  0.250000  0.250000                 4 / 8
================================================================================

 This is a regular non-zero q-point.
 Rank of the polarizability matrix (nmtx): 576
 
 BLACS processor grid:   2 x   4; BLOCKSIZE =   32
 
 Number of k-points in the irreducible BZ(q) (nrk): 18
 
 Using GPU support via OpenACC/OMP-Target implementation
 Using batch implementation, batch size:    20
 
 Started calculation of matrix elements with 144 transition(s) at 08:57:47.
 [ 08:57:47 |   0% ] transition   1 / 144.
 [ 08:57:47 |   1% ] transition   3 / 144, remaining: 0 s.
 [ 08:57:47 |  10% ] transition  15 / 144, remaining: 0 s.
 [ 08:57:47 |  19% ] transition  29 / 144, remaining: 0 s.
 [ 08:57:47 |  30% ] transition  44 / 144, remaining: 0 s.
 [ 08:57:47 |  40% ] transition  58 / 144, remaining: 0 s.
 [ 08:57:47 |  50% ] transition  73 / 144, remaining: 0 s.
 [ 08:57:47 |  60% ] transition  87 / 144, remaining: 0 s.
 [ 08:57:47 |  69% ] transition 101 / 144, remaining: 0 s.
 [ 08:57:47 |  80% ] transition 116 / 144, remaining: 0 s.
 [ 08:57:47 |  90% ] transition 130 / 144, remaining: 0 s.
 Finished calculation of matrix elements at 08:57:47.
 Elapsed time: 0 s.
 
 Preparing simple convergence tests with 52 unoccupied bands.
 CHI summation GPU algorithm offloading all matrix elements to device.
 
 Started building polarizability matrix with 8 processor(s) at 08:57:47.
 [ 08:57:47 |   0% ] processor 1 / 8.
 [ 08:57:47 |  13% ] processor 2 / 8.
 [ 08:57:47 |  25% ] processor 3 / 8, remaining: 0 s.
 [ 08:57:47 |  38% ] processor 4 / 8, remaining: 0 s.
 [ 08:57:47 |  50% ] processor 5 / 8, remaining: 0 s.
 [ 08:57:47 |  63% ] processor 6 / 8, remaining: 0 s.
 [ 08:57:47 |  75% ] processor 7 / 8, remaining: 0 s.
 [ 08:57:47 |  88% ] processor 8 / 8, remaining: 0 s.
 Finished building polarizability matrix at 08:57:47.
 Elapsed time: 0 s.
 
 q-pt      4: Head of Epsilon         =    6.361850587725533E+000   3.282761762262228E-017
 q-pt      4: Epsilon(2,2)            =    2.059263697790674E+000  -3.996837373220142E-019
 q-pt      4: Head of Epsilon Inverse =    1.732623682504690E-001  -9.935614872382737E-019
 q-pt      4: Epsilon Inverse(2,2)    =    5.192776175781045E-001   1.286427542436693E-019

 Writing dielectric matrix to file
 Ok

================================================================================
 08:57:48   Dealing with q =  0.000000  0.250000  0.500000                 5 / 8
================================================================================

 This is a regular non-zero q-point.
 Rank of the polarizability matrix (nmtx): 562
 
 BLACS processor grid:   2 x   4; BLOCKSIZE =   32
 
 Number of k-points in the irreducible BZ(q) (nrk): 40
 
 Using GPU support via OpenACC/OMP-Target implementation
 Using batch implementation, batch size:    20
 
 Started calculation of matrix elements with 320 transition(s) at 08:57:48.
 [ 08:57:48 |   0% ] transition   1 / 320.
 [ 08:57:48 |   1% ] transition   3 / 320, remaining: 0 s.
 [ 08:57:48 |  10% ] transition  32 / 320, remaining: 0 s.
 [ 08:57:48 |  20% ] transition  64 / 320, remaining: 0 s.
 [ 08:57:48 |  30% ] transition  96 / 320, remaining: 0 s.
 [ 08:57:48 |  40% ] transition 128 / 320, remaining: 0 s.
 [ 08:57:48 |  50% ] transition 160 / 320, remaining: 0 s.
 [ 08:57:48 |  60% ] transition 192 / 320, remaining: 0 s.
 [ 08:57:48 |  70% ] transition 224 / 320, remaining: 0 s.
 [ 08:57:48 |  80% ] transition 256 / 320, remaining: 0 s.
 [ 08:57:48 |  90% ] transition 288 / 320, remaining: 0 s.
 [ 08:57:48 | 100% ] transition 320 / 320, remaining: 0 s.
 Finished calculation of matrix elements at 08:57:48.
 Elapsed time: 0 s.
 
 Preparing simple convergence tests with 52 unoccupied bands.
 CHI summation GPU algorithm offloading all matrix elements to device.
 
 Started building polarizability matrix with 8 processor(s) at 08:57:48.
 [ 08:57:48 |   0% ] processor 1 / 8.
 [ 08:57:48 |  13% ] processor 2 / 8.
 [ 08:57:48 |  25% ] processor 3 / 8, remaining: 0 s.
 [ 08:57:48 |  38% ] processor 4 / 8, remaining: 0 s.
 [ 08:57:48 |  50% ] processor 5 / 8, remaining: 0 s.
 [ 08:57:48 |  63% ] processor 6 / 8, remaining: 0 s.
 [ 08:57:48 |  75% ] processor 7 / 8, remaining: 0 s.
 [ 08:57:48 |  88% ] processor 8 / 8, remaining: 0 s.
 Finished building polarizability matrix at 08:57:48.
 Elapsed time: 0 s.
 
 q-pt      5: Head of Epsilon         =    3.958907909451638E+000   3.895323168579754E-018
 q-pt      5: Epsilon(2,2)            =    2.894357023667378E+000  -6.568416904831953E-019
 q-pt      5: Head of Epsilon Inverse =    2.773628178130090E-001  -2.570931492663071E-019
 q-pt      5: Epsilon Inverse(2,2)    =    3.780356428619628E-001   9.916886407135117E-020

 Writing dielectric matrix to file
 Ok

================================================================================
 08:57:48   Dealing with q =  0.000000  0.250000  0.750000                 6 / 8
================================================================================

 This is a regular non-zero q-point.
 Rank of the polarizability matrix (nmtx): 574
 
 BLACS processor grid:   2 x   4; BLOCKSIZE =   32
 
 Number of k-points in the irreducible BZ(q) (nrk): 26
 
 Using GPU support via OpenACC/OMP-Target implementation
 Using batch implementation, batch size:    20
 
 Started calculation of matrix elements with 208 transition(s) at 08:57:49.
 [ 08:57:49 |   0% ] transition   1 / 208.
 [ 08:57:49 |   1% ] transition   3 / 208, remaining: 0 s.
 [ 08:57:49 |  10% ] transition  21 / 208, remaining: 0 s.
 [ 08:57:49 |  20% ] transition  42 / 208, remaining: 0 s.
 [ 08:57:49 |  30% ] transition  63 / 208, remaining: 0 s.
 [ 08:57:49 |  40% ] transition  84 / 208, remaining: 0 s.
 [ 08:57:49 |  50% ] transition 105 / 208, remaining: 0 s.
 [ 08:57:49 |  60% ] transition 125 / 208, remaining: 0 s.
 [ 08:57:49 |  70% ] transition 146 / 208, remaining: 0 s.
 [ 08:57:49 |  80% ] transition 167 / 208, remaining: 0 s.
 [ 08:57:49 |  90% ] transition 188 / 208, remaining: 0 s.
 Finished calculation of matrix elements at 08:57:49.
 Elapsed time: 0 s.
 
 Preparing simple convergence tests with 52 unoccupied bands.
 CHI summation GPU algorithm offloading all matrix elements to device.
 
 Started building polarizability matrix with 8 processor(s) at 08:57:49.
 [ 08:57:49 |   0% ] processor 1 / 8.
 [ 08:57:49 |  13% ] processor 2 / 8.
 [ 08:57:49 |  25% ] processor 3 / 8, remaining: 0 s.
 [ 08:57:49 |  38% ] processor 4 / 8, remaining: 0 s.
 [ 08:57:49 |  50% ] processor 5 / 8, remaining: 0 s.
 [ 08:57:49 |  63% ] processor 6 / 8, remaining: 0 s.
 [ 08:57:49 |  75% ] processor 7 / 8, remaining: 0 s.
 [ 08:57:49 |  88% ] processor 8 / 8, remaining: 0 s.
 Finished building polarizability matrix at 08:57:49.
 Elapsed time: 0 s.
 
 q-pt      6: Head of Epsilon         =    4.650976713402704E+000  -4.491165304897003E-018
 q-pt      6: Epsilon(2,2)            =    2.557592226941652E+000  -8.492684714776045E-019
 q-pt      6: Head of Epsilon Inverse =    2.388952090824077E-001   2.735204710750538E-019
 q-pt      6: Epsilon Inverse(2,2)    =    4.237521249790201E-001   1.011241724769589E-019

 Writing dielectric matrix to file
 Ok

================================================================================
 08:57:49   Dealing with q =  0.000000  0.500000  0.500000                 7 / 8
================================================================================

 This is a regular non-zero q-point.
 Rank of the polarizability matrix (nmtx): 588
 
 BLACS processor grid:   2 x   4; BLOCKSIZE =   32
 
 Number of k-points in the irreducible BZ(q) (nrk): 13
 
 Using GPU support via OpenACC/OMP-Target implementation
 Using batch implementation, batch size:    20
 
 Started calculation of matrix elements with 104 transition(s) at 08:57:49.
 [ 08:57:49 |   0% ] transition   1 / 104.
 [ 08:57:49 |   2% ] transition   3 / 104, remaining: 0 s.
 [ 08:57:49 |  10% ] transition  11 / 104, remaining: 0 s.
 [ 08:57:49 |  19% ] transition  21 / 104, remaining: 0 s.
 [ 08:57:49 |  30% ] transition  32 / 104, remaining: 0 s.
 [ 08:57:49 |  39% ] transition  42 / 104, remaining: 0 s.
 [ 08:57:49 |  50% ] transition  53 / 104, remaining: 0 s.
 [ 08:57:49 |  60% ] transition  63 / 104, remaining: 0 s.
 [ 08:57:49 |  69% ] transition  73 / 104, remaining: 0 s.
 [ 08:57:49 |  80% ] transition  84 / 104, remaining: 0 s.
 [ 08:57:49 |  89% ] transition  94 / 104, remaining: 0 s.
 Finished calculation of matrix elements at 08:57:49.
 Elapsed time: 0 s.
 
 Preparing simple convergence tests with 52 unoccupied bands.
 CHI summation GPU algorithm offloading all matrix elements to device.
 
 Started building polarizability matrix with 8 processor(s) at 08:57:49.
 [ 08:57:49 |   0% ] processor 1 / 8.
 [ 08:57:49 |  13% ] processor 2 / 8.
 [ 08:57:49 |  25% ] processor 3 / 8, remaining: 0 s.
 [ 08:57:49 |  38% ] processor 4 / 8, remaining: 0 s.
 [ 08:57:49 |  50% ] processor 5 / 8, remaining: 0 s.
 [ 08:57:49 |  63% ] processor 6 / 8, remaining: 0 s.
 [ 08:57:49 |  75% ] processor 7 / 8, remaining: 0 s.
 [ 08:57:49 |  88% ] processor 8 / 8, remaining: 0 s.
 Finished building polarizability matrix at 08:57:49.
 Elapsed time: 0 s.
 
 q-pt      7: Head of Epsilon         =    3.213583980098668E+000  -2.475206435871980E-018
 q-pt      7: Epsilon(2,2)            =    3.213583980100769E+000  -1.020381675196709E-018
 q-pt      7: Head of Epsilon Inverse =    3.359159032174157E-001   2.293967200569108E-019
 q-pt      7: Epsilon Inverse(2,2)    =    3.359159032177529E-001   1.899096714446844E-019

 Writing dielectric matrix to file
 Ok

================================================================================
 08:57:50   Dealing with q =  0.250000  0.500000  0.750000                 8 / 8
================================================================================

 This is a regular non-zero q-point.
 Rank of the polarizability matrix (nmtx): 560
 
 BLACS processor grid:   2 x   4; BLOCKSIZE =   32
 
 Number of k-points in the irreducible BZ(q) (nrk): 16
 
 Using GPU support via OpenACC/OMP-Target implementation
 Using batch implementation, batch size:    20
 
 Started calculation of matrix elements with 128 transition(s) at 08:57:50.
 [ 08:57:50 |   0% ] transition   1 / 128.
 [ 08:57:50 |   2% ] transition   3 / 128, remaining: 0 s.
 [ 08:57:50 |   9% ] transition  13 / 128, remaining: 0 s.
 [ 08:57:50 |  20% ] transition  26 / 128, remaining: 0 s.
 [ 08:57:50 |  30% ] transition  39 / 128, remaining: 0 s.
 [ 08:57:50 |  40% ] transition  52 / 128, remaining: 0 s.
 [ 08:57:50 |  50% ] transition  65 / 128, remaining: 0 s.
 [ 08:57:50 |  59% ] transition  77 / 128, remaining: 0 s.
 [ 08:57:50 |  70% ] transition  90 / 128, remaining: 0 s.
 [ 08:57:50 |  80% ] transition 103 / 128, remaining: 0 s.
 [ 08:57:50 |  90% ] transition 116 / 128, remaining: 0 s.
 Finished calculation of matrix elements at 08:57:50.
 Elapsed time: 0 s.
 
 Preparing simple convergence tests with 52 unoccupied bands.
 CHI summation GPU algorithm offloading all matrix elements to device.
 
 Started building polarizability matrix with 8 processor(s) at 08:57:50.
 [ 08:57:50 |   0% ] processor 1 / 8.
 [ 08:57:50 |  13% ] processor 2 / 8.
 [ 08:57:50 |  25% ] processor 3 / 8, remaining: 0 s.
 [ 08:57:50 |  38% ] processor 4 / 8, remaining: 0 s.
 [ 08:57:50 |  50% ] processor 5 / 8, remaining: 0 s.
 [ 08:57:50 |  63% ] processor 6 / 8, remaining: 0 s.
 [ 08:57:50 |  75% ] processor 7 / 8, remaining: 0 s.
 [ 08:57:50 |  88% ] processor 8 / 8, remaining: 0 s.
 Finished building polarizability matrix at 08:57:50.
 Elapsed time: 0 s.
 
 q-pt      8: Head of Epsilon         =    2.923836299992771E+000   3.615208819182516E-018
 q-pt      8: Epsilon(2,2)            =    2.923836299985185E+000   2.312482594495811E-018
 q-pt      8: Head of Epsilon Inverse =    3.732226516061078E-001  -4.741984750969817E-019
 q-pt      8: Epsilon Inverse(2,2)    =    3.732226516066319E-001  -4.003103894690204E-019

 Writing dielectric matrix to file
 Ok


********************************************************************************
*                                                                              *
* Your calculation employed methods and algorithms published in peer-reviewed  *
* papers. Please, cite the following references to give proper credit to their *
*          authors and help support future development of BerkeleyGW.          *
*                                                                              *
********************************************************************************

 J. Deslippe, G. Samsonidze, D. A. Strubbe, M. Jain, M. L. Cohen, and S. G.
 Louie, BerkeleyGW: A Massively Parallel Computer Package for the Calculation
 of the Quasiparticle and Optical Properties of Materials and Nanostructures,
 Computer Physics Communications 183, 1269 (2012).

 M. S. Hybertsen and S. G. Louie, Electron Correlation in Semiconductors and
 Insulators: Band Gaps and Quasiparticle Energies, Phys. Rev. B 34, 5390
 (1986).

 B. A. Barker, and S. G. Louie, Electronic and Optical Properties of Solids
 with Strong Spin-Orbit Coupling, U. C. Berkeley PhD dissertation (2018).

 M. D. Ben, C. Yang, Z. Li, F. H. da Jornada, S. G. Louie, and J. Deslippe,
 Accelerating Large-Scale Excited-State GW Calculations on Leadership HPC
 Systems, SC20: International Conference for High Performance Computing,
 Networking, Storage and Analysis (2020).

********************************************************************************

 
 Timing information
 
                                CPU time (s)          WALL time (s)       Number
 Routine                       min        max        min        max     of calls
 -------------------------  ---------  ---------  ---------  ---------  --------
 - Eps (I/O) Comm                0.04       0.30       0.04       0.30         8
 - Eps (I/O) IO                  0.48       0.71       0.48       0.71         8
 - I/O TOTAL                     0.94       1.44       0.94       1.44        15
 - INPUT                         0.23       0.24       0.23       0.24         1
 - INPUT_Q                       0.03       0.49       0.03       0.49         1
 - FULLBZ                        0.00       0.00       0.00       0.00         1
 - GVEC                          0.00       0.04       0.00       0.04         8
 - SUBGRP                        0.00       0.00       0.00       0.00         8
 - IRRBZ                         0.00       0.01       0.00       0.00         8
 - GENWF                         0.18       0.19       0.17       0.20      1328
 - MTXEL                         0.82       1.03       0.83       1.02      1328
 - RQSTAR                        0.00       0.00       0.00       0.00       166
 - GMAP                          0.02       0.02       0.01       0.03       166
 - EPSINV (TOTAL)                1.35       1.35       1.34       1.35         8
 - CHI SUM (COMM)                0.09       0.41       0.09       0.41        64
 - CHI SUM (TOTAL)               1.22       1.48       1.23       1.48         8
 - GENWF (VAL)                   0.11       0.11       0.10       0.12      1328
 - GENWF (COND)                  0.07       0.08       0.07       0.09       166
 - EPSINV (VCOUL)                0.01       0.01       0.01       0.01         8
 - JOB SETUP                     0.00       0.00       0.00       0.01         1
 - Q LOOP SETUP                  0.00       0.04       0.00       0.04         8
 - INIT CUTOFF                   0.00       0.00       0.00       0.00         8
 - INIT SCALAPACK                0.06       0.19       0.06       0.19         8
 - INIT ARRAYS                   1.69       1.72       1.69       1.72        16
 - CONVERGE TESTS                0.00       0.19       0.00       0.19         8
 - MTXEL (DENOM)                 0.00       0.01       0.00       0.01     18592
 - MTXEL (FFT)                   0.82       1.03       0.83       1.02      1328
 - GENWF (Ekin)                  0.00       0.00       0.00       0.01       332
 - GENWF (Sort)                  0.11       0.11       0.10       0.11       332
 - CHI SUM (zGEMM)               0.08       0.14       0.07       0.14        64
 - CHI SUM (PREP)                0.56       0.92       0.56       0.92        64
 - CHI SUM (ARRAY ALLOC)         0.00       0.00       0.00       0.01        64
 - EPSINV (I/O)                  0.79       0.80       0.79       0.80         8
 - EPSINV (INVERT)               0.53       0.54       0.53       0.54         8
 - CHI SUM (BAR)                 0.00       0.25       0.00       0.25         8
 - FFT MLTPLY                    0.04       0.20       0.04       0.19     18592
 - TOTAL                         6.54       6.54       6.54       6.54         1
 
 Job Done
 
