[run_shifter] nodes=nid008349 coordinator=nid008349:22022 alloc=async
[dist] devices=4 processes=4 mesh={'x': 2, 'y': 2}  eigh_backend=cusolvermp
[gpu] BFC bytes_limit = None GB (clean 80 GB card at MEM_FRACTION 0.95 ~= 77-78 GB; much less means a co-tenant holds VRAM and an OOM here is contention, not a ceiling)
  Streaming Galerkin: nk=144, nb=12, nr=174960, n_mu=2412, mesh=(2x2), band_chunk=7 (5.26 GB/chunk)
  load_centroids_band_chunked: 5.32s
  SVD of (1728, 4824): rank=1728, σ_max=1.598e+00, σ_min/1e-08=6.411e-07 (1.58s)
/opt/jax/jax/_src/interpreters/mlir.py:1178: UserWarning: Some donated buffers were not usable: ShapedArray(complex128[144,7,2,87480]).
See an explanation at https://jax.readthedocs.io/en/latest/faq.html#buffer-donation.
  warnings.warn("Some donated buffers were not usable:"
/opt/jax/jax/_src/interpreters/mlir.py:1178: UserWarning: Some donated buffers were not usable: ShapedArray(complex128[144,7,2,87480]).
See an explanation at https://jax.readthedocs.io/en/latest/faq.html#buffer-donation.
  warnings.warn("Some donated buffers were not usable:"
/opt/jax/jax/_src/interpreters/mlir.py:1178: UserWarning: Some donated buffers were not usable: ShapedArray(complex128[144,7,2,87480]).
See an explanation at https://jax.readthedocs.io/en/latest/faq.html#buffer-donation.
  warnings.warn("Some donated buffers were not usable:"
/opt/jax/jax/_src/interpreters/mlir.py:1178: UserWarning: Some donated buffers were not usable: ShapedArray(complex128[144,7,2,87480]).
See an explanation at https://jax.readthedocs.io/en/latest/faq.html#buffer-donation.
  warnings.warn("Some donated buffers were not usable:"
/opt/jax/jax/_src/interpreters/mlir.py:1178: UserWarning: Some donated buffers were not usable: ShapedArray(complex128[144,5,2,87480]).
See an explanation at https://jax.readthedocs.io/en/latest/faq.html#buffer-donation.
  warnings.warn("Some donated buffers were not usable:"
/opt/jax/jax/_src/interpreters/mlir.py:1178: UserWarning: Some donated buffers were not usable: ShapedArray(complex128[144,5,2,87480]).
See an explanation at https://jax.readthedocs.io/en/latest/faq.html#buffer-donation.
  warnings.warn("Some donated buffers were not usable:"
/opt/jax/jax/_src/interpreters/mlir.py:1178: UserWarning: Some donated buffers were not usable: ShapedArray(complex128[144,5,2,87480]).
See an explanation at https://jax.readthedocs.io/en/latest/faq.html#buffer-donation.
  warnings.warn("Some donated buffers were not usable:"
/opt/jax/jax/_src/interpreters/mlir.py:1178: UserWarning: Some donated buffers were not usable: ShapedArray(complex128[144,5,2,87480]).
See an explanation at https://jax.readthedocs.io/en/latest/faq.html#buffer-donation.
  warnings.warn("Some donated buffers were not usable:"
  G accumulation: 2 chunk(s), 2.66s
  Cholesky of G: 0.28s
  ctilde[0] orthogonality error: 1.243e-14
  Total Galerkin: 10.91s
Loaded wavefunctions: nk=144, nb=12, rank=1728
  bse_setup: (12, 12, 1) → explicit q-list (39 q-pts), bands [8, 10) of 1728, batch=32
  f-transform: a=0.242090 Ry, n=3.00, shift=-0.061731 Ry (a from band 9)
  fH_q eigh: cusolvermp FFI, ONE (rank 1728)² tile distributed over the 2x2 mesh, 39 q serially
[lorrax cusolverMp] library 0.7.2, NCCL 2.26.3, comm path: NCCL, grid: 2x2 (col-major)
    fH_q eigh 32/39 q  64s  2002 ms/q
    fH_q eigh 39/39 q  78s  1988 ms/q
  bundle: psi_rmu_Y=(39, 2, 2, 2412), psi_rmuT_X=(39, 2412, 2, 2)
    [mem] rank0 host VmHWM 2.5 GB, xla peak None GB
[window 8v+4c  nb=12  rank=1728  a_band=9  backend=cusolvermp]  91s (galerkin 12s, htransform 79s = 2030.2 ms/q over 39 q)  arena 0.0 GB  xla None GB  on-grid |deps| = 0.000 meV
    M-Gamma   eps 2nd-diff max   2606.10 mean   644.04 meV | min-transition 2nd-diff max   2606.10 mean   650.29 meV
    Gamma-K   eps 2nd-diff max   1997.85 mean   497.94 meV | min-transition 2nd-diff max   1997.85 mean   514.18 meV
Wrote /pscratch/sd/j/jackm/lorrax_sandbox/runs/MoS2/11_mos2_htransform_ffi_eigh_2026-07-21/02_timing/gate_t_cusolvermp_8v4_8v4.json
