
========================================================================
  COHSEX-JAX: Self-Energy Calculation
========================================================================
  Backend: GPU       Devices: 16  Mesh: 4×4  Processes: 16
  Device type: NVIDIA A100-SXM4-40GB
  XLA preallocate: false  mem_fraction: 0.95
  XLA pool: limit=40.29 GB, in_use=0.00 GB, avail=40.29 GB
========================================================================

  [TIMING-BOOT] input parsed: 0.000s
  [TIMING-BOOT] WFNReader: 0.017s
  [TIMING-BOOT] SymMaps: 0.001s
  [TIMING-BOOT] load_centroids: 0.001s
  ISDF basis: 640 centroids
  FFT grid: 24×24×80   Cell volume: 702.20 a.u.³

  Chunk target utilization: 0.97
  ISDF pair mode: spin_traced
  [TIMING-BOOT] runtime_config: 0.004s
  Band chunk size: disabled
  Using CHUNKED ISDF fitting (memory-efficient)
    Memory estimate: peak 9.11 GB (budget 28.00 GB), bottleneck=gather
    Chunk limit estimates (r-points):
      limit_pair: 1566852.6
      limit_zct: 1175139.4
      limit_reshard: 1175139.4
      limit_solve: 2113683.0
      limit_gather: 1007262.4

  Chunked ISDF fitting:
    Band chunks: 80
    R chunks:    46080 (contiguous r-space)
    Q chunks:    9
    Pair mode:   spin_traced
    G-space cache: enabled
    Zeta output: /pscratch/sd/j/jackm/lorrax_sandbox/runs/MoS2/02_mos2_3x3_nosym/07_lorrax_xonly_bgwhead/tmp/zeta_q.h5

============================================================
Zeta fitting: 1 r-chunks, 46080 points each
  Left bands:  (0, 80) (80 bands)
  Right bands: (0, 80) (80 bands)
  Full range:  (0, 80) (80 bands)
  Pair mode:   spin_traced
Output: /pscratch/sd/j/jackm/lorrax_sandbox/runs/MoS2/02_mos2_3x3_nosym/07_lorrax_xonly_bgwhead/tmp/zeta_q.h5
============================================================
  Left wfns:  (9, 80, 2, 640)
  Right wfns: (9, 80, 2, 640)

Computing spin-traced pair densities P_l and P_r...
Computing C_q from left/right cross-product...

Computing L_q = chol(C_q) using 2D blocked algorithm...
  L_q shape: (9, 640, 640)

Caching G-space wavefunctions for r-chunk loop...
  Cached 1 band chunks (sharded across devices)
Chunk 1/1: r=[0:46080]


Written to /pscratch/sd/j/jackm/lorrax_sandbox/runs/MoS2/02_mos2_3x3_nosym/07_lorrax_xonly_bgwhead/tmp/zeta_q.h5
============================================================
Zeta fitting complete!
  Shape: (3, 3, 1, 640, 46080)
============================================================

Timing Summary (1 r-chunks):
  Phase                     Total    Per-chunk      %
  --------------------------------------------------
  Load chunk                 0.87s      870.1ms   18.0%
  Pair density               0.02s       16.1ms    0.3%
  ZCT (FFT pipeline)         0.31s      314.4ms    6.5%
  Solve (L^-1 Z)             0.57s      565.6ms   11.7%
  H5 write                   2.78s     2775.8ms   57.4%
  --------------------------------------------------
  Chunk loop total           4.84s     4838.8ms
  Per r-point                          105.0us
    V_q budget:    27.15 GB
    V_q mu chunks: 640
    V_q q batches: 4
    V_q bare cutoff: 30.0 Ry
  q-points 1-4 / 9: (0,0,0), (0,1,0), (0,2,0), (1,0,0)
    batch FFT+contract: 0.172s (4 q's)
  q-points 5-8 / 9: (1,1,0), (1,2,0), (2,0,0), (2,1,0)
    batch FFT+contract: 0.079s (4 q's)
  q-points 9-9 / 9: (2,2,0)
    batch FFT+contract: 0.079s (1 q's)
    V_q timing breakdown (overlapped I/O):
      H5 read (waited): 4.318s
      GPU transfer:     0.766s
      FFT+contract:     0.331s
    G0 written to /pscratch/sd/j/jackm/lorrax_sandbox/runs/MoS2/02_mos2_3x3_nosym/07_lorrax_xonly_bgwhead/tmp/zeta_q.h5 (shape: (16, 3, 3, 1, 640))

  V_q computed:
    Shape: (1, 1, 1, 3, 3, 1, 640, 640)
    V_q=0 trace: 612960301.2681
  Wavefunction bundle built (b0:b4=80 bands, canonical X/Y storage)
  Chunked ISDF path complete
  [TIMING-BOOT] prepare_isdf_and_wavefunctions: 25.935s

------------------------------------------------------------------------
  FINITE-SIZE CORRECTIONS
------------------------------------------------------------------------
  Head source: override
  v(q→0)  =     1649.144 a.u.  (bare Coulomb head)

------------------------------------------------------------------------
  STATIC HEAD TERMS (exact COHSEX / BGW-style)
------------------------------------------------------------------------
  Head source: override
  v_h(q→0)           =  1649.143966 a.u.
  W_h(q→0, ω=0)      =   397.409958 a.u.
  W_h^c              = -1251.734008 a.u.
  Σ^X head (occ)     = -2.609483e-01 Ry
  Σ^SX head (occ)    = -6.288321e-02 Ry
  Σ^(SX-X) head(occ) = 1.980651e-01 Ry
  Σ^COH head (all)   = -9.903256e-02 Ry

------------------------------------------------------------------------
  OUTPUT FILES
------------------------------------------------------------------------
  Sigma matrix elements:  /pscratch/sd/j/jackm/lorrax_sandbox/runs/MoS2/02_mos2_3x3_nosym/07_lorrax_xonly_bgwhead/eqp0.dat
  QP rotations (h5):      /pscratch/sd/j/jackm/lorrax_sandbox/runs/MoS2/02_mos2_3x3_nosym/07_lorrax_xonly_bgwhead/qp_wfn_rotations.h5
  Restart arrays:         /pscratch/sd/j/jackm/lorrax_sandbox/runs/MoS2/02_mos2_3x3_nosym/07_lorrax_xonly_bgwhead/tmp/isdf_tensors_640.h5

--- Timing ---
Total recorded: 24.258 s
Section                                            Count    Total[s]     Self[s]      %
gw_jax.zeta_fit_chunked                                1      15.473       5.502   63.8
  zeta_fit.load_wfns                                   1       2.524       2.486   10.4
    load_wfns.precompute_owned                         1       0.000       0.000    0.0
    load_wfns.k_loop                                   1       0.005       0.005    0.0
    load_wfns.scatter                                  1       0.006       0.006    0.0
    load_wfns.make_global_array                        1       0.027       0.027    0.1
  zeta_fit.CCT                                         1       0.790       0.790    3.3
  zeta_fit.cholesky                                    1       1.807       1.807    7.4
  zeta_fit.cache_gspace                                1       0.011       0.000    0.0
    load_wfns.precompute_owned                         1       0.000       0.000    0.0
    load_wfns.k_loop                                   1       0.005       0.005    0.0
    load_wfns.scatter                                  1       0.006       0.006    0.0
    load_wfns.make_global_array                        1       0.001       0.001    0.0
  zeta_fit.chunk_loop                                  1       4.839       0.297   19.9
    zeta_fit.chunk.load                                1       0.870       0.870    3.6
    zeta_fit.chunk.pair_density                        1       0.016       0.016    0.1
    zeta_fit.chunk.ZCT                                 1       0.314       0.314    1.3
    zeta_fit.chunk.solve                               1       0.566       0.566    2.3
    zeta_fit.chunk.h5_write                            1       2.776       2.776   11.4
gw_jax.V_q_compute                                     1       6.362       0.872   26.2
  compute_all_V_q                                      1       5.490       5.490   22.6
gw_jax.wavefunction_setup                              1       1.030       1.030    4.2
gw_jax.pipeline                                        1       1.393       1.393    5.7
