NSCF: Davidson (60 bands) + pseudobands (k=2, M=1500, 100 windows)
  kgrid=(2, 2, 2), fft=(36, 36, 36), nspinor=2
  GPUs: 4  (processes: 4)
  Core density integral: 1.4485 e (from NLCC, 2 atoms)
  Core density integral: 1.4485 e (from NLCC, 2 atoms)
  Core density integral: 1.4485 e (from NLCC, 2 atoms)
  Core density integral: 1.4485 e (from NLCC, 2 atoms)
  Potentials: 8.70s
  nk=8 (full), ngkmax=2120

── Davidson ──
  JIT warmup: 6.33s
  [rank 0] k=  0/8: 1.305s  evals[0]=-0.418717 Ry
  Davidson: 4.94s (0.618s/k, 4 ranks) → /pscratch/sd/j/jackm/lorrax_sandbox/runs/Si_pseudobands/00_si_2x2x2_60Ry/pb_sweep/v2_100win_s2/WFN.h5

── Pseudobands v2 (k=2, M_max=1500, 100 windows) ──
  Computing KPM DOS...
  Estimating spectrum bounds via Lanczos...
  Spectrum: [-1.6085, 60.7164] (center=29.5539, half_width=31.1624)
  Computing 500 Chebyshev moments with 10 random vectors...
  Random vector 1/10...
  Random vector 2/10...
  Random vector 3/10...
  Random vector 4/10...
  Random vector 5/10...
  Random vector 6/10...
  Random vector 7/10...
  Random vector 8/10...
  Random vector 9/10...
  Random vector 10/10...
  DOS integral: 1.0 states (dim=4240)
  CJ resolution: 0.1305 Ry
  Protected: 28 bands (E < 1.2871 Ry)
  Available: 32 bands up to 3.2733 Ry
  100 windows [1.29, 60.72] Ry
  Widths: min=0.1653, max=1.9135
  Classification: 9 Davidson, 91 CJ
  Running 1500 Chebyshev iterations (block size 2)...
  Filter done: 91 CJ blocks
    w1/100 [empty]: [1.29,1.47] n_eff=0.0, E=[1.376,1.376]
    w2/100 [dav]: [1.47,1.76] n_eff=2.0, E=[1.594,1.594]
    w3/100 [dav]: [1.76,2.18] n_eff=6.0, E=[2.153,2.153]
    w4/100 [dav]: [2.18,2.35] n_eff=6.0, E=[2.229,2.350]
    w5/100 [dav]: [2.35,2.53] n_eff=4.0, E=[2.356,2.521]
    w10/100 [CJ ]: [3.22,3.39] n_eff=7.4, E=[3.290,3.341]
    w20/100 [CJ ]: [5.48,5.65] n_eff=13.8, E=[5.597,5.605]
    w30/100 [CJ ]: [7.97,8.34] n_eff=8.3, E=[8.193,8.336]
    w40/100 [CJ ]: [11.46,12.00] n_eff=10.6, E=[11.653,11.688]
    w50/100 [CJ ]: [15.90,16.30] n_eff=37.0, E=[16.071,16.088]
    w60/100 [CJ ]: [21.32,21.76] n_eff=80.4, E=[21.598,21.623]
    w70/100 [CJ ]: [28.21,29.28] n_eff=32.1, E=[28.216,28.268]
    w80/100 [CJ ]: [36.86,37.79] n_eff=74.5, E=[37.091,37.108]
    w90/100 [CJ ]: [47.68,48.58] n_eff=159.3, E=[48.379,48.398]
    w100/100 [CJ ]: [59.52,60.72] n_eff=33.7, E=[59.518,59.519]
  Total: 28 prot + 200 pseudo (18 dav + 182 CJ) = 228 bands (Σ w² = 4654.8)
  Total bands per k: 28 prot + 200 pseudo = 228
  k=  1/8: 24.9s
  k=  2/8: 23.9s
  k=  7/8: 24.0s
  Pseudobands: 199.0s → /pscratch/sd/j/jackm/lorrax_sandbox/runs/Si_pseudobands/00_si_2x2x2_60Ry/pb_sweep/v2_100win_s2/WFN_pseudobands.h5

Total NSCF: 221.5s
