[lxrun] JID 54548516 · 1 nodes · 54:12 left · 1/1 free · incoming: lx-C
  1  nid001104  free   —              —      —  ← starting lx-C  python3 -u -m gw.gw_jax 

========================================================================
  COHSEX-JAX: Self-Energy Calculation
========================================================================
  Backend: GPU       Devices: 4  Mesh: 2×2  Processes: 4
  Device type: NVIDIA A100-SXM4-40GB
  XLA preallocate: false  mem_fraction: unset
========================================================================

  ISDF basis: 641 centroids
  FFT grid: 30×30×120   Cell volume: 702.20 a.u.³

    Memory estimate: peak 29.09 GB (budget 30.00 GB), bottleneck=zct
    Per-stage: fft=13.79  zct=29.09  reshard=1.12  solve=0.86  gather=0.76 GB
    AOT fit_one_rchunk peak (driver-level): 1.52 GB

  G-flat memory model — chunk plan + HWM estimate
    band_chunk         = 16
    r_chunk            = 20964  (6 chunks)
    gflat_chunk_size   = 100
    budget             = 30.00 GB/dev
    HWM estimate       = 24.00 GB/dev (80% of budget) [bottleneck: C_fit_one_rchunk]
    peak totals (GB/dev):
      C_fit_one_rchunk........   24.00
      D_accumulate............    1.02
      B_CCT_chol..............    0.53
      A_centroid..............    0.47
      E_v_q...................    0.40
    per-peak components (GB/dev):
      [A]
        fft_box...............   0.442
        phase_table...........   0.016
        sphere_idx_replicated.   0.004
        centroid_out_filling..   0.004
      [B]
        P_l_plus_P_r_open_spin   0.478
        C_q...................   0.015
        L_q...................   0.015
        centroids_persistent..   0.015
        sphere_idx_replicated.   0.004
      [C]
        P_pair_concurrent_slots  23.329
        zeta_out..............   0.486
        gflat_acc.............   0.150
        L_q...................   0.015
        centroids_persist.....   0.015
        sphere_idx_replicated.   0.004
      [D]
        zeta_chunk............   0.486
        accumulate_fft_box....   0.346
        gflat_acc.............   0.150
        L_q...................   0.015
        centroids_persist.....   0.015
        sphere_idx_replicated.   0.004
      [E]
        zeta_L_all............   0.150
        zeta_R_all............   0.150
        zeta_L_on_x_axis......   0.033
        zeta_R_on_y_axis......   0.033
        V_acc.................   0.015
        V_acc_full_BZ.........   0.015
        psi_centroids_persistent   0.007
        sphere_idx_replicated.   0.004
        V_q_block.............   0.002
        v_q_table_replicated..   0.001
        lorentz_mix_buffer....   0.000

  Chunked ISDF fitting:
    Band chunks: 16
    R chunks:    20964 (contiguous r-space)
    Q chunks:    9
    GFlat cs:    100
    Zeta output: /pscratch/sd/j/jackm/lorrax_sandbox/runs/MoS2/C_60Ry_bispinor_fullibz_2026-06-16/tmp/zeta_q.h5
    cutoffs: zeta = 60.0 Ry, bare-Coulomb = 60.0 Ry  (ecutwfc=60.0, ecutrho=240.0)

  Zeta fitting: 6 r-chunks x 20964 r-points, 32 bands (30 left + 10 right)
  Output: /pscratch/sd/j/jackm/lorrax_sandbox/runs/MoS2/C_60Ry_bispinor_fullibz_2026-06-16/tmp/zeta_q.h5
  Left wfns:  (9, 30, 4, 644)
  Right wfns: (9, 10, 4, 644)
  Computing C_q via shard_map pipeline (open-spin, charge γ̃^0=I)
  Computing L_q = chol(C_q)  [PSD, charge channel, path=cusolvermp_cholesky]

  Zeta fitting: 6 r-chunks x 20964 r-points, 32 bands (30 left + 10 right)
  Output: /pscratch/sd/j/jackm/lorrax_sandbox/runs/MoS2/C_60Ry_bispinor_fullibz_2026-06-16/tmp/zeta_q.h5

  Zeta fitting: 6 r-chunks x 20964 r-points, 32 bands (30 left + 10 right)
  Output: /pscratch/sd/j/jackm/lorrax_sandbox/runs/MoS2/C_60Ry_bispinor_fullibz_2026-06-16/tmp/zeta_q.h5

  Zeta fitting: 6 r-chunks x 20964 r-points, 32 bands (30 left + 10 right)
  Output: /pscratch/sd/j/jackm/lorrax_sandbox/runs/MoS2/C_60Ry_bispinor_fullibz_2026-06-16/tmp/zeta_q.h5
  Left wfns:  (9, 30, 4, 644)
  Right wfns: (9, 10, 4, 644)
  Left wfns:  (9, 30, 4, 644)
  Right wfns: (9, 10, 4, 644)
  Left wfns:  (9, 30, 4, 644)
  Right wfns: (9, 10, 4, 644)
  Computing C_q via shard_map pipeline (open-spin, charge γ̃^0=I)
  Computing C_q via shard_map pipeline (open-spin, charge γ̃^0=I)
  Computing C_q via shard_map pipeline (open-spin, charge γ̃^0=I)
  Computing L_q = chol(C_q)  [PSD, charge channel, path=cusolvermp_cholesky]
  Computing L_q = chol(C_q)  [PSD, charge channel, path=cusolvermp_cholesky]
  Computing L_q = chol(C_q)  [PSD, charge channel, path=cusolvermp_cholesky]
[lorrax cusolverMp] library 0.7.2, NCCL 2.26.3, comm path: NCCL, grid: 2x2 (row-major)
  L_q: (5, 644, 644)
  L_q: (5, 644, 644)
  L_q: (5, 644, 644)
  L_q: (5, 644, 644)
  q-IBZ reduction: 5 IBZ q-points / 9 full-BZ (disk shrink 1.8×)
  q-IBZ reduction: 5 IBZ q-points / 9 full-BZ (disk shrink 1.8×)
  q-IBZ reduction: 5 IBZ q-points / 9 full-BZ (disk shrink 1.8×)
  q-IBZ reduction: 5 IBZ q-points / 9 full-BZ (disk shrink 1.8×)
  G-flat ζ sphere: ngkmax=5545, min ngk=5502, max ngk=5545 (5.134% of n_rtot)
/pscratch/sd/j/jackm/lorrax_sandbox/sources/lorrax_C/src/file_io/_slab_io_ffi.py:453: UserWarning: FFI backend: chunks/attrs on create_dataset currently no-op; pre-create with h5py if you need explicit chunking or attrs.
  warnings.warn(
/pscratch/sd/j/jackm/lorrax_sandbox/sources/lorrax_C/src/file_io/_slab_io_ffi.py:453: UserWarning: FFI backend: chunks/attrs on create_dataset currently no-op; pre-create with h5py if you need explicit chunking or attrs.
  warnings.warn(
/pscratch/sd/j/jackm/lorrax_sandbox/sources/lorrax_C/src/file_io/_slab_io_ffi.py:453: UserWarning: FFI backend: chunks/attrs on create_dataset currently no-op; pre-create with h5py if you need explicit chunking or attrs.
  warnings.warn(
/pscratch/sd/j/jackm/lorrax_sandbox/sources/lorrax_C/src/file_io/_slab_io_ffi.py:453: UserWarning: FFI backend: chunks/attrs on create_dataset currently no-op; pre-create with h5py if you need explicit chunking or attrs.
  warnings.warn(
  ψ(G-flat) host cache: 0.03 GB/process resident
  G-flat ζ accumulator: N=805 rows/rank (n_q=5 × n_mu_local=161); chunk_size=100 → per-iter FFT box 0.17 GB/rank
Started zeta fitting at 00:47:33.
[ 00:47:33 | ██░░░░░░░░ |  17% ] r-chunk 1 / 6 · ETA 0 s
[ 00:47:34 | ███░░░░░░░ |  33% ] r-chunk 2 / 6 · ETA 3 s
[ 00:47:35 | █████░░░░░ |  50% ] r-chunk 3 / 6 · ETA 2 s
[ 00:47:36 | ███████░░░ |  67% ] r-chunk 4 / 6 · ETA 2 s
[ 00:47:37 | ████████░░ |  83% ] r-chunk 5 / 6 · ETA 1 s
[ 00:47:38 | ██████████ | 100% ] r-chunk 6 / 6 · ETA 0 s
Finished zeta fitting at 00:47:38.  Elapsed: 6 s.
  [SlabIO.close] draining 1 pending writes for zeta_q.h5 …
  [SlabIO.close] Python dispatch drained in 0.3 s; joining writer thread
  [SlabIO.close] writer thread joined in 0.0 s; calling H5Fclose collectively
  [SlabIO.close] H5Fclose returned in 0.0 s
  Zeta output: /pscratch/sd/j/jackm/lorrax_sandbox/runs/MoS2/C_60Ry_bispinor_fullibz_2026-06-16/tmp/zeta_q.h5  shape: (n_q_disk=5 of 3·3·1=9 full-BZ, n_rtot=108000, n_rmu=641)
  Timing (6 r-chunks, 8.8s total):
    fit      7.43s  84.7%
    H5       1.28s  14.6%
  Zeta output: /pscratch/sd/j/jackm/lorrax_sandbox/runs/MoS2/C_60Ry_bispinor_fullibz_2026-06-16/tmp/zeta_q.h5  shape: (n_q_disk=5 of 3·3·1=9 full-BZ, n_rtot=108000, n_rmu=641)
  Timing (6 r-chunks, 8.8s total):
    fit      7.44s  84.6%
    H5       1.29s  14.7%
  Zeta output: /pscratch/sd/j/jackm/lorrax_sandbox/runs/MoS2/C_60Ry_bispinor_fullibz_2026-06-16/tmp/zeta_q.h5  shape: (n_q_disk=5 of 3·3·1=9 full-BZ, n_rtot=108000, n_rmu=641)
  Timing (6 r-chunks, 8.8s total):
    fit      7.45s  84.8%
    H5       1.28s  14.5%
  Zeta output: /pscratch/sd/j/jackm/lorrax_sandbox/runs/MoS2/C_60Ry_bispinor_fullibz_2026-06-16/tmp/zeta_q.h5  shape: (n_q_disk=5 of 3·3·1=9 full-BZ, n_rtot=108000, n_rmu=641)
  Timing (6 r-chunks, 8.5s total):
    fit      8.09s  94.7%
    H5       0.39s   4.6%
    GPU high-water mark: 3.49 GB / 30.00 GB budget (12%)
    γ (runtime / AOT-pred) = 2.298  (AOT predicted 1.52 GB)

  [bispinor] fitting ζ^{μ_L=1,2,3} on current-density centroids: centroids_frac_668_current.txt
  [bispinor] μ_L=1 → /pscratch/sd/j/jackm/lorrax_sandbox/runs/MoS2/C_60Ry_bispinor_fullibz_2026-06-16/tmp/zeta_q_mu1.h5

  Zeta fitting: 6 r-chunks x 20964 r-points, 32 bands (30 left + 10 right)
  Output: /pscratch/sd/j/jackm/lorrax_sandbox/runs/MoS2/C_60Ry_bispinor_fullibz_2026-06-16/tmp/zeta_q_mu1.h5

  Zeta fitting: 6 r-chunks x 20964 r-points, 32 bands (30 left + 10 right)
  Output: /pscratch/sd/j/jackm/lorrax_sandbox/runs/MoS2/C_60Ry_bispinor_fullibz_2026-06-16/tmp/zeta_q_mu1.h5

  Zeta fitting: 6 r-chunks x 20964 r-points, 32 bands (30 left + 10 right)
  Output: /pscratch/sd/j/jackm/lorrax_sandbox/runs/MoS2/C_60Ry_bispinor_fullibz_2026-06-16/tmp/zeta_q_mu1.h5

  Zeta fitting: 6 r-chunks x 20964 r-points, 32 bands (30 left + 10 right)
  Output: /pscratch/sd/j/jackm/lorrax_sandbox/runs/MoS2/C_60Ry_bispinor_fullibz_2026-06-16/tmp/zeta_q_mu1.h5
  Left wfns:  (9, 30, 4, 668)
  Right wfns: (9, 10, 4, 668)
  Computing C_q via shard_map pipeline (open-spin, transverse γ̃^1)
  Pass through C_q  [γ̃^1 indefinite — path=cusolvermp_lu]
  L_q: (5, 668, 668)
  Left wfns:  (9, 30, 4, 668)
  Right wfns: (9, 10, 4, 668)
  Left wfns:  (9, 30, 4, 668)
  Right wfns: (9, 10, 4, 668)
  Left wfns:  (9, 30, 4, 668)
  Right wfns: (9, 10, 4, 668)
  Computing C_q via shard_map pipeline (open-spin, transverse γ̃^1)
  Computing C_q via shard_map pipeline (open-spin, transverse γ̃^1)
  Computing C_q via shard_map pipeline (open-spin, transverse γ̃^1)
  Pass through C_q  [γ̃^1 indefinite — path=cusolvermp_lu]
  L_q: (5, 668, 668)
  Pass through C_q  [γ̃^1 indefinite — path=cusolvermp_lu]
  L_q: (5, 668, 668)
  Pass through C_q  [γ̃^1 indefinite — path=cusolvermp_lu]
  L_q: (5, 668, 668)
  q-IBZ reduction: 5 IBZ q-points / 9 full-BZ (disk shrink 1.8×)
  q-IBZ reduction: 5 IBZ q-points / 9 full-BZ (disk shrink 1.8×)
  q-IBZ reduction: 5 IBZ q-points / 9 full-BZ (disk shrink 1.8×)
  q-IBZ reduction: 5 IBZ q-points / 9 full-BZ (disk shrink 1.8×)
  G-flat ζ sphere: ngkmax=5545, min ngk=5502, max ngk=5545 (5.134% of n_rtot)
/pscratch/sd/j/jackm/lorrax_sandbox/sources/lorrax_C/src/file_io/_slab_io_ffi.py:453: UserWarning: FFI backend: chunks/attrs on create_dataset currently no-op; pre-create with h5py if you need explicit chunking or attrs.
  warnings.warn(
/pscratch/sd/j/jackm/lorrax_sandbox/sources/lorrax_C/src/file_io/_slab_io_ffi.py:453: UserWarning: FFI backend: chunks/attrs on create_dataset currently no-op; pre-create with h5py if you need explicit chunking or attrs.
  warnings.warn(
/pscratch/sd/j/jackm/lorrax_sandbox/sources/lorrax_C/src/file_io/_slab_io_ffi.py:453: UserWarning: FFI backend: chunks/attrs on create_dataset currently no-op; pre-create with h5py if you need explicit chunking or attrs.
  warnings.warn(
/pscratch/sd/j/jackm/lorrax_sandbox/sources/lorrax_C/src/file_io/_slab_io_ffi.py:453: UserWarning: FFI backend: chunks/attrs on create_dataset currently no-op; pre-create with h5py if you need explicit chunking or attrs.
  warnings.warn(
  ψ(G-flat) host cache: 0.03 GB/process resident
  G-flat ζ accumulator: N=835 rows/rank (n_q=5 × n_mu_local=167); chunk_size=100 → per-iter FFT box 0.17 GB/rank
Started zeta fitting at 00:47:46.
[ 00:47:46 | ██░░░░░░░░ |  17% ] r-chunk 1 / 6 · ETA 0 s
[ 00:47:48 | ███░░░░░░░ |  33% ] r-chunk 2 / 6 · ETA 3 s
[ 00:47:49 | █████░░░░░ |  50% ] r-chunk 3 / 6 · ETA 2 s
[ 00:47:50 | ███████░░░ |  67% ] r-chunk 4 / 6 · ETA 2 s
[ 00:47:51 | ████████░░ |  83% ] r-chunk 5 / 6 · ETA 1 s
[ 00:47:53 | ██████████ | 100% ] r-chunk 6 / 6 · ETA 0 s
Finished zeta fitting at 00:47:53.  Elapsed: 6 s.
  [SlabIO.close] draining 1 pending writes for zeta_q_mu1.h5 …
  [SlabIO.close] Python dispatch drained in 0.3 s; joining writer thread
  [SlabIO.close] writer thread joined in 0.0 s; calling H5Fclose collectively
  [SlabIO.close] H5Fclose returned in 0.0 s
  Zeta output: /pscratch/sd/j/jackm/lorrax_sandbox/runs/MoS2/C_60Ry_bispinor_fullibz_2026-06-16/tmp/zeta_q_mu1.h5  shape: (n_q_disk=5 of 3·3·1=9 full-BZ, n_rtot=108000, n_rmu=668)
  Timing (6 r-chunks, 10.1s total):
    fit      8.79s  86.8%
    H5       1.28s  12.6%
  Zeta output: /pscratch/sd/j/jackm/lorrax_sandbox/runs/MoS2/C_60Ry_bispinor_fullibz_2026-06-16/tmp/zeta_q_mu1.h5  shape: (n_q_disk=5 of 3·3·1=9 full-BZ, n_rtot=108000, n_rmu=668)
  Timing (6 r-chunks, 10.1s total):
    fit      8.79s  86.8%
    H5       1.28s  12.6%
  Zeta output: /pscratch/sd/j/jackm/lorrax_sandbox/runs/MoS2/C_60Ry_bispinor_fullibz_2026-06-16/tmp/zeta_q_mu1.h5  shape: (n_q_disk=5 of 3·3·1=9 full-BZ, n_rtot=108000, n_rmu=668)
  Timing (6 r-chunks, 10.1s total):
    fit      8.79s  86.9%
    H5       1.27s  12.6%
  Zeta output: /pscratch/sd/j/jackm/lorrax_sandbox/runs/MoS2/C_60Ry_bispinor_fullibz_2026-06-16/tmp/zeta_q_mu1.h5  shape: (n_q_disk=5 of 3·3·1=9 full-BZ, n_rtot=108000, n_rmu=668)
  Timing (6 r-chunks, 9.9s total):
    fit      9.47s  95.6%
    H5       0.38s   3.8%
  [bispinor] μ_L=2 → /pscratch/sd/j/jackm/lorrax_sandbox/runs/MoS2/C_60Ry_bispinor_fullibz_2026-06-16/tmp/zeta_q_mu2.h5

  Zeta fitting: 6 r-chunks x 20964 r-points, 32 bands (30 left + 10 right)
  Output: /pscratch/sd/j/jackm/lorrax_sandbox/runs/MoS2/C_60Ry_bispinor_fullibz_2026-06-16/tmp/zeta_q_mu2.h5

  Zeta fitting: 6 r-chunks x 20964 r-points, 32 bands (30 left + 10 right)
  Output: /pscratch/sd/j/jackm/lorrax_sandbox/runs/MoS2/C_60Ry_bispinor_fullibz_2026-06-16/tmp/zeta_q_mu2.h5

  Zeta fitting: 6 r-chunks x 20964 r-points, 32 bands (30 left + 10 right)
  Output: /pscratch/sd/j/jackm/lorrax_sandbox/runs/MoS2/C_60Ry_bispinor_fullibz_2026-06-16/tmp/zeta_q_mu2.h5

  Zeta fitting: 6 r-chunks x 20964 r-points, 32 bands (30 left + 10 right)
  Output: /pscratch/sd/j/jackm/lorrax_sandbox/runs/MoS2/C_60Ry_bispinor_fullibz_2026-06-16/tmp/zeta_q_mu2.h5
  Left wfns:  (9, 30, 4, 668)
  Right wfns: (9, 10, 4, 668)
  Computing C_q via shard_map pipeline (open-spin, transverse γ̃^2)
  Pass through C_q  [γ̃^2 indefinite — path=cusolvermp_lu]
  L_q: (5, 668, 668)
  Left wfns:  (9, 30, 4, 668)
  Right wfns: (9, 10, 4, 668)
  Left wfns:  (9, 30, 4, 668)
  Right wfns: (9, 10, 4, 668)
  Left wfns:  (9, 30, 4, 668)
  Right wfns: (9, 10, 4, 668)
  Computing C_q via shard_map pipeline (open-spin, transverse γ̃^2)
  Computing C_q via shard_map pipeline (open-spin, transverse γ̃^2)
  Computing C_q via shard_map pipeline (open-spin, transverse γ̃^2)
  Pass through C_q  [γ̃^2 indefinite — path=cusolvermp_lu]
  L_q: (5, 668, 668)
  Pass through C_q  [γ̃^2 indefinite — path=cusolvermp_lu]
  Pass through C_q  [γ̃^2 indefinite — path=cusolvermp_lu]
  L_q: (5, 668, 668)
  L_q: (5, 668, 668)
  q-IBZ reduction: 5 IBZ q-points / 9 full-BZ (disk shrink 1.8×)
  q-IBZ reduction: 5 IBZ q-points / 9 full-BZ (disk shrink 1.8×)
  q-IBZ reduction: 5 IBZ q-points / 9 full-BZ (disk shrink 1.8×)
  q-IBZ reduction: 5 IBZ q-points / 9 full-BZ (disk shrink 1.8×)
  G-flat ζ sphere: ngkmax=5545, min ngk=5502, max ngk=5545 (5.134% of n_rtot)
/pscratch/sd/j/jackm/lorrax_sandbox/sources/lorrax_C/src/file_io/_slab_io_ffi.py:453: UserWarning: FFI backend: chunks/attrs on create_dataset currently no-op; pre-create with h5py if you need explicit chunking or attrs.
  warnings.warn(
/pscratch/sd/j/jackm/lorrax_sandbox/sources/lorrax_C/src/file_io/_slab_io_ffi.py:453: UserWarning: FFI backend: chunks/attrs on create_dataset currently no-op; pre-create with h5py if you need explicit chunking or attrs.
  warnings.warn(
/pscratch/sd/j/jackm/lorrax_sandbox/sources/lorrax_C/src/file_io/_slab_io_ffi.py:453: UserWarning: FFI backend: chunks/attrs on create_dataset currently no-op; pre-create with h5py if you need explicit chunking or attrs.
  warnings.warn(
/pscratch/sd/j/jackm/lorrax_sandbox/sources/lorrax_C/src/file_io/_slab_io_ffi.py:453: UserWarning: FFI backend: chunks/attrs on create_dataset currently no-op; pre-create with h5py if you need explicit chunking or attrs.
  warnings.warn(
  ψ(G-flat) host cache: 0.03 GB/process resident
  G-flat ζ accumulator: N=835 rows/rank (n_q=5 × n_mu_local=167); chunk_size=100 → per-iter FFT box 0.17 GB/rank
Started zeta fitting at 00:47:59.
[ 00:47:59 | ██░░░░░░░░ |  17% ] r-chunk 1 / 6 · ETA 0 s
[ 00:48:00 | ███░░░░░░░ |  33% ] r-chunk 2 / 6 · ETA 2 s
[ 00:48:01 | █████░░░░░ |  50% ] r-chunk 3 / 6 · ETA 2 s
[ 00:48:02 | ███████░░░ |  67% ] r-chunk 4 / 6 · ETA 1 s
[ 00:48:03 | ████████░░ |  83% ] r-chunk 5 / 6 · ETA 1 s
[ 00:48:05 | ██████████ | 100% ] r-chunk 6 / 6 · ETA 0 s
Finished zeta fitting at 00:48:05.  Elapsed: 6 s.
  [SlabIO.close] draining 1 pending writes for zeta_q_mu2.h5 …
  [SlabIO.close] Python dispatch drained in 0.3 s; joining writer thread
  [SlabIO.close] writer thread joined in 0.0 s; calling H5Fclose collectively
  [SlabIO.close] H5Fclose returned in 0.1 s
  Zeta output: /pscratch/sd/j/jackm/lorrax_sandbox/runs/MoS2/C_60Ry_bispinor_fullibz_2026-06-16/tmp/zeta_q_mu2.h5  shape: (n_q_disk=5 of 3·3·1=9 full-BZ, n_rtot=108000, n_rmu=668)
  Timing (6 r-chunks, 9.3s total):
    fit      8.48s  91.5%
    H5       0.73s   7.8%
  Zeta output: /pscratch/sd/j/jackm/lorrax_sandbox/runs/MoS2/C_60Ry_bispinor_fullibz_2026-06-16/tmp/zeta_q_mu2.h5  shape: (n_q_disk=5 of 3·3·1=9 full-BZ, n_rtot=108000, n_rmu=668)
  Timing (6 r-chunks, 9.3s total):
    fit      8.48s  91.5%
    H5       0.73s   7.9%
  Zeta output: /pscratch/sd/j/jackm/lorrax_sandbox/runs/MoS2/C_60Ry_bispinor_fullibz_2026-06-16/tmp/zeta_q_mu2.h5  shape: (n_q_disk=5 of 3·3·1=9 full-BZ, n_rtot=108000, n_rmu=668)
  Timing (6 r-chunks, 9.3s total):
    fit      8.48s  91.5%
    H5       0.73s   7.9%
  Zeta output: /pscratch/sd/j/jackm/lorrax_sandbox/runs/MoS2/C_60Ry_bispinor_fullibz_2026-06-16/tmp/zeta_q_mu2.h5  shape: (n_q_disk=5 of 3·3·1=9 full-BZ, n_rtot=108000, n_rmu=668)
  Timing (6 r-chunks, 9.1s total):
    fit      8.70s  96.1%
    H5       0.30s   3.3%
  [bispinor] μ_L=3 → /pscratch/sd/j/jackm/lorrax_sandbox/runs/MoS2/C_60Ry_bispinor_fullibz_2026-06-16/tmp/zeta_q_mu3.h5

  Zeta fitting: 6 r-chunks x 20964 r-points, 32 bands (30 left + 10 right)
  Output: /pscratch/sd/j/jackm/lorrax_sandbox/runs/MoS2/C_60Ry_bispinor_fullibz_2026-06-16/tmp/zeta_q_mu3.h5

  Zeta fitting: 6 r-chunks x 20964 r-points, 32 bands (30 left + 10 right)
  Output: /pscratch/sd/j/jackm/lorrax_sandbox/runs/MoS2/C_60Ry_bispinor_fullibz_2026-06-16/tmp/zeta_q_mu3.h5

  Zeta fitting: 6 r-chunks x 20964 r-points, 32 bands (30 left + 10 right)
  Output: /pscratch/sd/j/jackm/lorrax_sandbox/runs/MoS2/C_60Ry_bispinor_fullibz_2026-06-16/tmp/zeta_q_mu3.h5

  Zeta fitting: 6 r-chunks x 20964 r-points, 32 bands (30 left + 10 right)
  Output: /pscratch/sd/j/jackm/lorrax_sandbox/runs/MoS2/C_60Ry_bispinor_fullibz_2026-06-16/tmp/zeta_q_mu3.h5
  Left wfns:  (9, 30, 4, 668)
  Right wfns: (9, 10, 4, 668)
  Computing C_q via shard_map pipeline (open-spin, transverse γ̃^3)
  Pass through C_q  [γ̃^3 indefinite — path=cusolvermp_lu]
  L_q: (5, 668, 668)
  Left wfns:  (9, 30, 4, 668)
  Right wfns: (9, 10, 4, 668)
  Left wfns:  (9, 30, 4, 668)
  Right wfns: (9, 10, 4, 668)
  Left wfns:  (9, 30, 4, 668)
  Right wfns: (9, 10, 4, 668)
  Computing C_q via shard_map pipeline (open-spin, transverse γ̃^3)
  Computing C_q via shard_map pipeline (open-spin, transverse γ̃^3)
  Computing C_q via shard_map pipeline (open-spin, transverse γ̃^3)
  Pass through C_q  [γ̃^3 indefinite — path=cusolvermp_lu]
  L_q: (5, 668, 668)
  Pass through C_q  [γ̃^3 indefinite — path=cusolvermp_lu]
  Pass through C_q  [γ̃^3 indefinite — path=cusolvermp_lu]
  L_q: (5, 668, 668)
  L_q: (5, 668, 668)
  q-IBZ reduction: 5 IBZ q-points / 9 full-BZ (disk shrink 1.8×)
  q-IBZ reduction: 5 IBZ q-points / 9 full-BZ (disk shrink 1.8×)
  q-IBZ reduction: 5 IBZ q-points / 9 full-BZ (disk shrink 1.8×)
  q-IBZ reduction: 5 IBZ q-points / 9 full-BZ (disk shrink 1.8×)
  G-flat ζ sphere: ngkmax=5545, min ngk=5502, max ngk=5545 (5.134% of n_rtot)
/pscratch/sd/j/jackm/lorrax_sandbox/sources/lorrax_C/src/file_io/_slab_io_ffi.py:453: UserWarning: FFI backend: chunks/attrs on create_dataset currently no-op; pre-create with h5py if you need explicit chunking or attrs.
  warnings.warn(
/pscratch/sd/j/jackm/lorrax_sandbox/sources/lorrax_C/src/file_io/_slab_io_ffi.py:453: UserWarning: FFI backend: chunks/attrs on create_dataset currently no-op; pre-create with h5py if you need explicit chunking or attrs.
  warnings.warn(
/pscratch/sd/j/jackm/lorrax_sandbox/sources/lorrax_C/src/file_io/_slab_io_ffi.py:453: UserWarning: FFI backend: chunks/attrs on create_dataset currently no-op; pre-create with h5py if you need explicit chunking or attrs.
  warnings.warn(
/pscratch/sd/j/jackm/lorrax_sandbox/sources/lorrax_C/src/file_io/_slab_io_ffi.py:453: UserWarning: FFI backend: chunks/attrs on create_dataset currently no-op; pre-create with h5py if you need explicit chunking or attrs.
  warnings.warn(
  ψ(G-flat) host cache: 0.03 GB/process resident
  G-flat ζ accumulator: N=835 rows/rank (n_q=5 × n_mu_local=167); chunk_size=100 → per-iter FFT box 0.17 GB/rank
Started zeta fitting at 00:48:11.
[ 00:48:11 | ██░░░░░░░░ |  17% ] r-chunk 1 / 6 · ETA 0 s
[ 00:48:12 | ███░░░░░░░ |  33% ] r-chunk 2 / 6 · ETA 2 s
[ 00:48:13 | █████░░░░░ |  50% ] r-chunk 3 / 6 · ETA 2 s
[ 00:48:14 | ███████░░░ |  67% ] r-chunk 4 / 6 · ETA 1 s
[ 00:48:15 | ████████░░ |  83% ] r-chunk 5 / 6 · ETA 1 s
[ 00:48:17 | ██████████ | 100% ] r-chunk 6 / 6 · ETA 0 s
Finished zeta fitting at 00:48:17.  Elapsed: 6 s.
  [SlabIO.close] draining 1 pending writes for zeta_q_mu3.h5 …
  [SlabIO.close] Python dispatch drained in 0.2 s; joining writer thread
  [SlabIO.close] writer thread joined in 0.0 s; calling H5Fclose collectively
  [SlabIO.close] H5Fclose returned in 0.1 s
  Zeta output: /pscratch/sd/j/jackm/lorrax_sandbox/runs/MoS2/C_60Ry_bispinor_fullibz_2026-06-16/tmp/zeta_q_mu3.h5  shape: (n_q_disk=5 of 3·3·1=9 full-BZ, n_rtot=108000, n_rmu=668)
  Timing (6 r-chunks, 9.3s total):
    fit      8.48s  91.4%
    H5       0.74s   8.0%
  Zeta output: /pscratch/sd/j/jackm/lorrax_sandbox/runs/MoS2/C_60Ry_bispinor_fullibz_2026-06-16/tmp/zeta_q_mu3.h5  shape: (n_q_disk=5 of 3·3·1=9 full-BZ, n_rtot=108000, n_rmu=668)
  Timing (6 r-chunks, 9.3s total):
    fit      8.48s  91.4%
    H5       0.74s   8.0%
  Zeta output: /pscratch/sd/j/jackm/lorrax_sandbox/runs/MoS2/C_60Ry_bispinor_fullibz_2026-06-16/tmp/zeta_q_mu3.h5  shape: (n_q_disk=5 of 3·3·1=9 full-BZ, n_rtot=108000, n_rmu=668)
  Timing (6 r-chunks, 9.3s total):
    fit      8.48s  91.4%
    H5       0.74s   7.9%
  Zeta output: /pscratch/sd/j/jackm/lorrax_sandbox/runs/MoS2/C_60Ry_bispinor_fullibz_2026-06-16/tmp/zeta_q_mu3.h5  shape: (n_q_disk=5 of 3·3·1=9 full-BZ, n_rtot=108000, n_rmu=668)
  Timing (6 r-chunks, 9.1s total):
    fit      8.70s  96.1%
    H5       0.30s   3.3%
    V_q bare cutoff: 60.0 Ry
    V_q budget:    29.09 GB

  [bispinor] V_q^{μ_L,ν_L} → /pscratch/sd/j/jackm/lorrax_sandbox/runs/MoS2/C_60Ry_bispinor_fullibz_2026-06-16/tmp/v_q_bispinor.h5
  [SlabIO.close] draining 0 pending writes for v_q_bispinor.h5 …
  [SlabIO.close] Python dispatch drained in 0.0 s; joining writer thread
  [SlabIO.close] writer thread joined in 0.0 s; calling H5Fclose collectively
  [SlabIO.close] H5Fclose returned in 0.0 s
  [bispinor g-flat] tile 1/7 (μ_L=0, ν_L=0)  n_rmu_L=641 n_rmu_R=641  same_zeta=True  use_ibz=True
  V_q g-flat [V_qmunu_CC]: n_q_ibz=5, ngkmax=5545, g_chunk=1109 (5/q), n_rmu_L=641→644, n_rmu_R=641→644, unfold=IBZ→full
    [V_qmunu_CC] pre-read all 5 IBZ ζ̃ slabs (1 batched call): 0.17s
2026-06-16 00:48:18.932070: E external/xla/xla/service/spmd/spmd_partitioner.cc:620] [spmd] Involuntary full rematerialization. The compiler was not able to go from sharding {devices=[4,1,1]<=[4]} to {devices=[1,2,1,2]<=[4] last_tile_dim_replicate} without doing a full rematerialization of the tensor for HLO operation: %copy.7 = c128[1,644,5545]{2,1,0} copy(%reshape), sharding={devices=[4,1,1]<=[4]}, metadata={op_name="jit(fn)/jit(main)/sharding_constraint" source_file="/pscratch/sd/j/jackm/lorrax_sandbox/sources/lorrax_C/src/gw/v_q_g_flat.py" source_line=94}. You probably want to enrich the sharding annotations to prevent this from happening.
2026-06-16 00:48:18.932180: E external/xla/xla/service/spmd/spmd_partitioner.cc:620] [spmd] Involuntary full rematerialization. The compiler was not able to go from sharding {devices=[4,1,1]<=[4]} to {devices=[1,2,1,2]<=[2,2]T(1,0) last_tile_dim_replicate} without doing a full rematerialization of the tensor for HLO operation: %copy.7 = c128[1,644,5545]{2,1,0} copy(%reshape), sharding={devices=[4,1,1]<=[4]}, metadata={op_name="jit(fn)/jit(main)/sharding_constraint" source_file="/pscratch/sd/j/jackm/lorrax_sandbox/sources/lorrax_C/src/gw/v_q_g_flat.py" source_line=94}. You probably want to enrich the sharding annotations to prevent this from happening.
2026-06-16 00:48:18.934685: E external/xla/xla/service/spmd/spmd_partitioner.cc:620] [spmd] Involuntary full rematerialization. The compiler was not able to go from sharding {devices=[4,1,1]<=[4]} to {devices=[1,2,1,2]<=[4] last_tile_dim_replicate} without doing a full rematerialization of the tensor for HLO operation: %copy.7 = c128[1,644,5545]{2,1,0} copy(%reshape), sharding={devices=[4,1,1]<=[4]}, metadata={op_name="jit(fn)/jit(main)/sharding_constraint" source_file="/pscratch/sd/j/jackm/lorrax_sandbox/sources/lorrax_C/src/gw/v_q_g_flat.py" source_line=94}. You probably want to enrich the sharding annotations to prevent this from happening.
2026-06-16 00:48:18.934794: E external/xla/xla/service/spmd/spmd_partitioner.cc:620] [spmd] Involuntary full rematerialization. The compiler was not able to go from sharding {devices=[4,1,1]<=[4]} to {devices=[1,2,1,2]<=[2,2]T(1,0) last_tile_dim_replicate} without doing a full rematerialization of the tensor for HLO operation: %copy.7 = c128[1,644,5545]{2,1,0} copy(%reshape), sharding={devices=[4,1,1]<=[4]}, metadata={op_name="jit(fn)/jit(main)/sharding_constraint" source_file="/pscratch/sd/j/jackm/lorrax_sandbox/sources/lorrax_C/src/gw/v_q_g_flat.py" source_line=94}. You probably want to enrich the sharding annotations to prevent this from happening.
2026-06-16 00:48:18.936047: E external/xla/xla/service/spmd/spmd_partitioner.cc:620] [spmd] Involuntary full rematerialization. The compiler was not able to go from sharding {devices=[4,1,1]<=[4]} to {devices=[1,2,1,2]<=[4] last_tile_dim_replicate} without doing a full rematerialization of the tensor for HLO operation: %copy.7 = c128[1,644,5545]{2,1,0} copy(%reshape), sharding={devices=[4,1,1]<=[4]}, metadata={op_name="jit(fn)/jit(main)/sharding_constraint" source_file="/pscratch/sd/j/jackm/lorrax_sandbox/sources/lorrax_C/src/gw/v_q_g_flat.py" source_line=94}. You probably want to enrich the sharding annotations to prevent this from happening.
2026-06-16 00:48:18.936146: E external/xla/xla/service/spmd/spmd_partitioner.cc:620] [spmd] Involuntary full rematerialization. The compiler was not able to go from sharding {devices=[4,1,1]<=[4]} to {devices=[1,2,1,2]<=[2,2]T(1,0) last_tile_dim_replicate} without doing a full rematerialization of the tensor for HLO operation: %copy.7 = c128[1,644,5545]{2,1,0} copy(%reshape), sharding={devices=[4,1,1]<=[4]}, metadata={op_name="jit(fn)/jit(main)/sharding_constraint" source_file="/pscratch/sd/j/jackm/lorrax_sandbox/sources/lorrax_C/src/gw/v_q_g_flat.py" source_line=94}. You probably want to enrich the sharding annotations to prevent this from happening.
    [V_qmunu_CC] q=0/5: kernel=0.58s
    [V_qmunu_CC] q=1/5: kernel=0.01s
    [V_qmunu_CC] q=2/5: kernel=0.01s
    [V_qmunu_CC] q=3/5: kernel=0.01s
    [V_qmunu_CC] q=4/5: kernel=0.00s
  [SlabIO.close] draining 1 pending writes for v_q_bispinor.h5 …
  [SlabIO.close] Python dispatch drained in 0.0 s; joining writer thread
  [SlabIO.close] writer thread joined in 0.0 s; calling H5Fclose collectively
  [SlabIO.close] H5Fclose returned in 0.0 s
  [bispinor g-flat] tile 2/7 (μ_L=1, ν_L=1)  n_rmu_L=668 n_rmu_R=668  same_zeta=True  use_ibz=True
  V_q g-flat [V_qmunu_TT_11]: n_q_ibz=5, ngkmax=5545, g_chunk=1109 (5/q), n_rmu_L=668→668, n_rmu_R=668→668, unfold=IBZ→full
    [V_qmunu_TT_11] pre-read all 5 IBZ ζ̃ slabs (1 batched call): 0.11s
2026-06-16 00:48:20.441751: E external/xla/xla/service/spmd/spmd_partitioner.cc:620] [spmd] Involuntary full rematerialization. The compiler was not able to go from sharding {devices=[4,1,1]<=[4]} to {devices=[1,2,1,2]<=[4] last_tile_dim_replicate} without doing a full rematerialization of the tensor for HLO operation: %copy.5 = c128[1,668,5545]{2,1,0} copy(%reshape), sharding={devices=[4,1,1]<=[4]}, metadata={op_name="jit(fn)/jit(main)/sharding_constraint" source_file="/pscratch/sd/j/jackm/lorrax_sandbox/sources/lorrax_C/src/gw/v_q_g_flat.py" source_line=94}. You probably want to enrich the sharding annotations to prevent this from happening.
2026-06-16 00:48:20.441841: E external/xla/xla/service/spmd/spmd_partitioner.cc:620] [spmd] Involuntary full rematerialization. The compiler was not able to go from sharding {devices=[4,1,1]<=[4]} to {devices=[1,2,1,2]<=[2,2]T(1,0) last_tile_dim_replicate} without doing a full rematerialization of the tensor for HLO operation: %copy.5 = c128[1,668,5545]{2,1,0} copy(%reshape), sharding={devices=[4,1,1]<=[4]}, metadata={op_name="jit(fn)/jit(main)/sharding_constraint" source_file="/pscratch/sd/j/jackm/lorrax_sandbox/sources/lorrax_C/src/gw/v_q_g_flat.py" source_line=94}. You probably want to enrich the sharding annotations to prevent this from happening.
2026-06-16 00:48:20.445257: E external/xla/xla/service/spmd/spmd_partitioner.cc:620] [spmd] Involuntary full rematerialization. The compiler was not able to go from sharding {devices=[4,1,1]<=[4]} to {devices=[1,2,1,2]<=[4] last_tile_dim_replicate} without doing a full rematerialization of the tensor for HLO operation: %copy.5 = c128[1,668,5545]{2,1,0} copy(%reshape), sharding={devices=[4,1,1]<=[4]}, metadata={op_name="jit(fn)/jit(main)/sharding_constraint" source_file="/pscratch/sd/j/jackm/lorrax_sandbox/sources/lorrax_C/src/gw/v_q_g_flat.py" source_line=94}. You probably want to enrich the sharding annotations to prevent this from happening.
2026-06-16 00:48:20.445348: E external/xla/xla/service/spmd/spmd_partitioner.cc:620] [spmd] Involuntary full rematerialization. The compiler was not able to go from sharding {devices=[4,1,1]<=[4]} to {devices=[1,2,1,2]<=[2,2]T(1,0) last_tile_dim_replicate} without doing a full rematerialization of the tensor for HLO operation: %copy.5 = c128[1,668,5545]{2,1,0} copy(%reshape), sharding={devices=[4,1,1]<=[4]}, metadata={op_name="jit(fn)/jit(main)/sharding_constraint" source_file="/pscratch/sd/j/jackm/lorrax_sandbox/sources/lorrax_C/src/gw/v_q_g_flat.py" source_line=94}. You probably want to enrich the sharding annotations to prevent this from happening.
2026-06-16 00:48:20.445613: E external/xla/xla/service/spmd/spmd_partitioner.cc:620] [spmd] Involuntary full rematerialization. The compiler was not able to go from sharding {devices=[4,1,1]<=[4]} to {devices=[1,2,1,2]<=[4] last_tile_dim_replicate} without doing a full rematerialization of the tensor for HLO operation: %copy.5 = c128[1,668,5545]{2,1,0} copy(%reshape), sharding={devices=[4,1,1]<=[4]}, metadata={op_name="jit(fn)/jit(main)/sharding_constraint" source_file="/pscratch/sd/j/jackm/lorrax_sandbox/sources/lorrax_C/src/gw/v_q_g_flat.py" source_line=94}. You probably want to enrich the sharding annotations to prevent this from happening.
2026-06-16 00:48:20.445705: E external/xla/xla/service/spmd/spmd_partitioner.cc:620] [spmd] Involuntary full rematerialization. The compiler was not able to go from sharding {devices=[4,1,1]<=[4]} to {devices=[1,2,1,2]<=[2,2]T(1,0) last_tile_dim_replicate} without doing a full rematerialization of the tensor for HLO operation: %copy.5 = c128[1,668,5545]{2,1,0} copy(%reshape), sharding={devices=[4,1,1]<=[4]}, metadata={op_name="jit(fn)/jit(main)/sharding_constraint" source_file="/pscratch/sd/j/jackm/lorrax_sandbox/sources/lorrax_C/src/gw/v_q_g_flat.py" source_line=94}. You probably want to enrich the sharding annotations to prevent this from happening.
    [V_qmunu_TT_11] q=0/5: kernel=0.22s
    [V_qmunu_TT_11] q=1/5: kernel=0.01s
    [V_qmunu_TT_11] q=2/5: kernel=0.00s
    [V_qmunu_TT_11] q=3/5: kernel=0.01s
    [V_qmunu_TT_11] q=4/5: kernel=0.00s
  [bispinor g-flat] tile 3/7 (μ_L=2, ν_L=2)  n_rmu_L=668 n_rmu_R=668  same_zeta=True  use_ibz=True
  V_q g-flat [V_qmunu_TT_22]: n_q_ibz=5, ngkmax=5545, g_chunk=1109 (5/q), n_rmu_L=668→668, n_rmu_R=668→668, unfold=IBZ→full
    [V_qmunu_TT_22] pre-read all 5 IBZ ζ̃ slabs (1 batched call): 0.11s
    [V_qmunu_TT_22] q=0/5: kernel=0.01s
    [V_qmunu_TT_22] q=1/5: kernel=0.01s
    [V_qmunu_TT_22] q=2/5: kernel=0.01s
    [V_qmunu_TT_22] q=3/5: kernel=0.01s
    [V_qmunu_TT_22] q=4/5: kernel=0.00s
  [bispinor g-flat] tile 4/7 (μ_L=3, ν_L=3)  n_rmu_L=668 n_rmu_R=668  same_zeta=True  use_ibz=True
  V_q g-flat [V_qmunu_TT_33]: n_q_ibz=5, ngkmax=5545, g_chunk=1109 (5/q), n_rmu_L=668→668, n_rmu_R=668→668, unfold=IBZ→full
    [V_qmunu_TT_33] pre-read all 5 IBZ ζ̃ slabs (1 batched call): 0.11s
    [V_qmunu_TT_33] q=0/5: kernel=0.01s
    [V_qmunu_TT_33] q=1/5: kernel=0.00s
    [V_qmunu_TT_33] q=2/5: kernel=0.01s
    [V_qmunu_TT_33] q=3/5: kernel=0.01s
    [V_qmunu_TT_33] q=4/5: kernel=0.01s
  [bispinor g-flat] tile 5/7 (μ_L=1, ν_L=2)  n_rmu_L=668 n_rmu_R=668  same_zeta=False  use_ibz=True
  V_q g-flat [V_qmunu_TT_12]: n_q_ibz=5, ngkmax=5545, g_chunk=1109 (5/q), n_rmu_L=668→668, n_rmu_R=668→668, unfold=IBZ→full
    [V_qmunu_TT_12] pre-read all 5 IBZ ζ̃ slabs (1 batched call): 0.11s
2026-06-16 00:48:21.637016: E external/xla/xla/service/spmd/spmd_partitioner.cc:620] [spmd] Involuntary full rematerialization. The compiler was not able to go from sharding {devices=[4,1,1]<=[4]} to {devices=[1,2,1,2]<=[4] last_tile_dim_replicate} without doing a full rematerialization of the tensor for HLO operation: %copy.6 = c128[1,668,5545]{2,1,0} copy(%reshape), sharding={devices=[4,1,1]<=[4]}, metadata={op_name="jit(fn)/jit(main)/sharding_constraint" source_file="/pscratch/sd/j/jackm/lorrax_sandbox/sources/lorrax_C/src/gw/v_q_g_flat.py" source_line=94}. You probably want to enrich the sharding annotations to prevent this from happening.
2026-06-16 00:48:21.637080: E external/xla/xla/service/spmd/spmd_partitioner.cc:620] [spmd] Involuntary full rematerialization. The compiler was not able to go from sharding {devices=[4,1,1]<=[4]} to {devices=[1,2,1,2]<=[4] last_tile_dim_replicate} without doing a full rematerialization of the tensor for HLO operation: %copy.6 = c128[1,668,5545]{2,1,0} copy(%reshape), sharding={devices=[4,1,1]<=[4]}, metadata={op_name="jit(fn)/jit(main)/sharding_constraint" source_file="/pscratch/sd/j/jackm/lorrax_sandbox/sources/lorrax_C/src/gw/v_q_g_flat.py" source_line=94}. You probably want to enrich the sharding annotations to prevent this from happening.
2026-06-16 00:48:21.637103: E external/xla/xla/service/spmd/spmd_partitioner.cc:620] [spmd] Involuntary full rematerialization. The compiler was not able to go from sharding {devices=[4,1,1]<=[4]} to {devices=[1,2,1,2]<=[4] last_tile_dim_replicate} without doing a full rematerialization of the tensor for HLO operation: %copy.6 = c128[1,668,5545]{2,1,0} copy(%reshape), sharding={devices=[4,1,1]<=[4]}, metadata={op_name="jit(fn)/jit(main)/sharding_constraint" source_file="/pscratch/sd/j/jackm/lorrax_sandbox/sources/lorrax_C/src/gw/v_q_g_flat.py" source_line=94}. You probably want to enrich the sharding annotations to prevent this from happening.
2026-06-16 00:48:21.637148: E external/xla/xla/service/spmd/spmd_partitioner.cc:620] [spmd] Involuntary full rematerialization. The compiler was not able to go from sharding {devices=[4,1,1]<=[4]} to {devices=[1,2,1,2]<=[2,2]T(1,0) last_tile_dim_replicate} without doing a full rematerialization of the tensor for HLO operation: %copy.4 = c128[1,668,5545]{2,1,0} copy(%reshape), sharding={devices=[4,1,1]<=[4]}, metadata={op_name="jit(fn)/jit(main)/sharding_constraint" source_file="/pscratch/sd/j/jackm/lorrax_sandbox/sources/lorrax_C/src/gw/v_q_g_flat.py" source_line=98}. You probably want to enrich the sharding annotations to prevent this from happening.
2026-06-16 00:48:21.637208: E external/xla/xla/service/spmd/spmd_partitioner.cc:620] [spmd] Involuntary full rematerialization. The compiler was not able to go from sharding {devices=[4,1,1]<=[4]} to {devices=[1,2,1,2]<=[2,2]T(1,0) last_tile_dim_replicate} without doing a full rematerialization of the tensor for HLO operation: %copy.4 = c128[1,668,5545]{2,1,0} copy(%reshape), sharding={devices=[4,1,1]<=[4]}, metadata={op_name="jit(fn)/jit(main)/sharding_constraint" source_file="/pscratch/sd/j/jackm/lorrax_sandbox/sources/lorrax_C/src/gw/v_q_g_flat.py" source_line=98}. You probably want to enrich the sharding annotations to prevent this from happening.
2026-06-16 00:48:21.637231: E external/xla/xla/service/spmd/spmd_partitioner.cc:620] [spmd] Involuntary full rematerialization. The compiler was not able to go from sharding {devices=[4,1,1]<=[4]} to {devices=[1,2,1,2]<=[2,2]T(1,0) last_tile_dim_replicate} without doing a full rematerialization of the tensor for HLO operation: %copy.4 = c128[1,668,5545]{2,1,0} copy(%reshape), sharding={devices=[4,1,1]<=[4]}, metadata={op_name="jit(fn)/jit(main)/sharding_constraint" source_file="/pscratch/sd/j/jackm/lorrax_sandbox/sources/lorrax_C/src/gw/v_q_g_flat.py" source_line=98}. You probably want to enrich the sharding annotations to prevent this from happening.
    [V_qmunu_TT_12] q=0/5: kernel=0.18s
    [V_qmunu_TT_12] q=1/5: kernel=0.01s
    [V_qmunu_TT_12] q=2/5: kernel=0.02s
    [V_qmunu_TT_12] q=3/5: kernel=0.03s
    [V_qmunu_TT_12] q=4/5: kernel=0.02s
  [bispinor g-flat] tile 6/7 (μ_L=1, ν_L=3)  n_rmu_L=668 n_rmu_R=668  same_zeta=False  use_ibz=True
  V_q g-flat [V_qmunu_TT_13]: n_q_ibz=5, ngkmax=5545, g_chunk=1109 (5/q), n_rmu_L=668→668, n_rmu_R=668→668, unfold=IBZ→full
    [V_qmunu_TT_13] pre-read all 5 IBZ ζ̃ slabs (1 batched call): 0.10s
    [V_qmunu_TT_13] q=0/5: kernel=0.01s
    [V_qmunu_TT_13] q=1/5: kernel=0.01s
    [V_qmunu_TT_13] q=2/5: kernel=0.01s
    [V_qmunu_TT_13] q=3/5: kernel=0.01s
    [V_qmunu_TT_13] q=4/5: kernel=0.01s
  [bispinor g-flat] tile 7/7 (μ_L=2, ν_L=3)  n_rmu_L=668 n_rmu_R=668  same_zeta=False  use_ibz=True
  V_q g-flat [V_qmunu_TT_23]: n_q_ibz=5, ngkmax=5545, g_chunk=1109 (5/q), n_rmu_L=668→668, n_rmu_R=668→668, unfold=IBZ→full
    [V_qmunu_TT_23] pre-read all 5 IBZ ζ̃ slabs (1 batched call): 0.10s
    [V_qmunu_TT_23] q=0/5: kernel=0.01s
    [V_qmunu_TT_23] q=1/5: kernel=0.01s
    [V_qmunu_TT_23] q=2/5: kernel=0.01s
    [V_qmunu_TT_23] q=3/5: kernel=0.01s
    [V_qmunu_TT_23] q=4/5: kernel=0.01s
  [SlabIO.close] draining 1 pending writes for v_q_bispinor.h5 …
  [SlabIO.close] Python dispatch drained in 0.2 s; joining writer thread
  [SlabIO.close] writer thread joined in 0.0 s; calling H5Fclose collectively
  [SlabIO.close] H5Fclose returned in 0.0 s
  [SlabIO.close] draining 1 pending writes for v_q_bispinor.h5 …
  [SlabIO.close] Python dispatch drained in 0.2 s; joining writer thread
  [SlabIO.close] writer thread joined in 0.0 s; calling H5Fclose collectively
  [SlabIO.close] H5Fclose returned in 0.0 s
  [SlabIO.close] draining 1 pending writes for v_q_bispinor.h5 …
  [SlabIO.close] Python dispatch drained in 0.3 s; joining writer thread
  [SlabIO.close] writer thread joined in 0.0 s; calling H5Fclose collectively
  [SlabIO.close] H5Fclose returned in 0.0 s
  [SlabIO.close] draining 1 pending writes for v_q_bispinor.h5 …
  [SlabIO.close] Python dispatch drained in 0.2 s; joining writer thread
  [SlabIO.close] writer thread joined in 0.0 s; calling H5Fclose collectively
  [SlabIO.close] H5Fclose returned in 0.0 s
  [SlabIO.close] draining 1 pending writes for v_q_bispinor.h5 …
  [SlabIO.close] Python dispatch drained in 0.2 s; joining writer thread
  [SlabIO.close] writer thread joined in 0.0 s; calling H5Fclose collectively
  [SlabIO.close] H5Fclose returned in 0.0 s
  [SlabIO.close] draining 1 pending writes for v_q_bispinor.h5 …
  [SlabIO.close] Python dispatch drained in 0.2 s; joining writer thread
  [SlabIO.close] writer thread joined in 0.0 s; calling H5Fclose collectively
  [SlabIO.close] H5Fclose returned in 0.0 s
  [SlabIO.close] draining 0 pending writes for zeta_q_mu3.h5 …
  [SlabIO.close] Python dispatch drained in 0.0 s; joining writer thread
  [SlabIO.close] writer thread joined in 0.0 s; calling H5Fclose collectively
  [SlabIO.close] H5Fclose returned in 0.0 s
  [SlabIO.close] draining 0 pending writes for zeta_q_mu2.h5 …
  [SlabIO.close] Python dispatch drained in 0.0 s; joining writer thread
  [SlabIO.close] writer thread joined in 0.0 s; calling H5Fclose collectively
  [SlabIO.close] H5Fclose returned in 0.0 s
  [SlabIO.close] draining 0 pending writes for zeta_q_mu1.h5 …
  [SlabIO.close] Python dispatch drained in 0.0 s; joining writer thread
  [SlabIO.close] writer thread joined in 0.0 s; calling H5Fclose collectively
  [SlabIO.close] H5Fclose returned in 0.0 s
  [SlabIO.close] draining 0 pending writes for zeta_q.h5 …
  [SlabIO.close] Python dispatch drained in 0.0 s; joining writer thread
  [SlabIO.close] writer thread joined in 0.0 s; calling H5Fclose collectively
  [SlabIO.close] H5Fclose returned in 0.0 s
  [SlabIO.close] draining 0 pending writes for v_q_bispinor.h5 …
  [SlabIO.close] Python dispatch drained in 0.0 s; joining writer thread
  [SlabIO.close] writer thread joined in 0.0 s; calling H5Fclose collectively
  [SlabIO.close] H5Fclose returned in 0.0 s

  V_q computed:
    Shape: (9, 644, 644)
    V_q=0 trace: 403741451.5751
  [SlabIO.close] draining 0 pending writes for isdf_tensors_641.h5 …
  [SlabIO.close] Python dispatch drained in 0.0 s; joining writer thread
  [SlabIO.close] writer thread joined in 0.0 s; calling H5Fclose collectively
  [SlabIO.close] H5Fclose returned in 0.0 s
  Wavefunctions built (b0:b4=32 bands, 4 sharded copies: xn/xr/yr/yn)
  Wavefunctions built (b0:b4=32 bands, 4 sharded copies: xn/xr/yr/yn)
  [bispinor] σ^B-side Wfns built on n_rmu_T=668 transverse centroids
  [SlabIO.close] draining 1 pending writes for isdf_tensors_641.h5 …
  [SlabIO.close] Python dispatch drained in 0.1 s; joining writer thread
  [SlabIO.close] writer thread joined in 0.0 s; calling H5Fclose collectively
  [SlabIO.close] H5Fclose returned in 0.0 s
  Chunked ISDF path complete
  Minimax static window: x=[1.221609e-01, 4.736784e+00] Ry, R=38.77, nodes=9, fit_err~2.139e-06
  [SlabIO.close] draining 1 pending writes for isdf_tensors_641.h5 …
  [SlabIO.close] Python dispatch drained in 0.2 s; joining writer thread
  [SlabIO.close] writer thread joined in 0.0 s; calling H5Fclose collectively
  [SlabIO.close] H5Fclose returned in 0.0 s
  Persisted W0_qmunu + q=0 head scalars: vhead=0.000 a.u.,  whead[ω=0]=0.000 a.u.

------------------------------------------------------------------------
  FINITE-SIZE CORRECTIONS
------------------------------------------------------------------------
  Head source: override
  v(q→0)  =        0.000 a.u.  (bare Coulomb head)
  W(q→0)  =        0.000 a.u.  (screened Coulomb head)
  ΔW      =        0.000 a.u.  (screening correction)

------------------------------------------------------------------------
  STATIC HEAD TERMS (exact COHSEX / BGW-style)
------------------------------------------------------------------------
  Head source: override
  v_h(q→0)           =     0.000000 a.u.
  W_h(q→0, ω=0)      =     0.000000 a.u.
  W_h^c              =     0.000000 a.u.
  Σ^X head (occ)     = 0.000000e+00 Ry
  Σ^SX head (occ)    = 0.000000e+00 Ry
  Σ^(SX-X) head(occ) = 0.000000e+00 Ry
  Σ^COH head (all)   = 0.000000e+00 Ry
  Σ^B tile (μ_L=1, ν_L=1): tr Σ = -0.152598 eV
  Σ^B tile (μ_L=1, ν_L=2): tr Σ = -0.012224 eV
  Σ^B tile (μ_L=1, ν_L=3): tr Σ = -0.012362 eV
  Σ^B tile (μ_L=2, ν_L=1): tr Σ = -0.012224 eV
  Σ^B tile (μ_L=2, ν_L=2): tr Σ = -0.152608 eV
  Σ^B tile (μ_L=2, ν_L=3): tr Σ = -0.012362 eV
  Σ^B tile (μ_L=3, ν_L=1): tr Σ = -0.012362 eV
  Σ^B tile (μ_L=3, ν_L=2): tr Σ = -0.012362 eV
  Σ^B tile (μ_L=3, ν_L=3): tr Σ = -0.143666 eV
  [SlabIO.close] draining 0 pending writes for v_q_bispinor.h5 …
  [SlabIO.close] Python dispatch drained in 0.0 s; joining writer thread
  [SlabIO.close] writer thread joined in 0.0 s; calling H5Fclose collectively
  [SlabIO.close] H5Fclose returned in 0.0 s
  Bare Σ_X diagonal (eV), k=0: -37.1128  -37.1128  -30.6620  -30.6620  -29.9855  -29.9855  -30.0487  -30.0487
  [SlabIO.close] draining 0 pending writes for kin_ion.h5 …
  [SlabIO.close] Python dispatch drained in 0.0 s; joining writer thread
  [SlabIO.close] writer thread joined in 0.0 s; calling H5Fclose collectively
  [SlabIO.close] H5Fclose returned in 0.0 s
  QP WFN (one-shot): /pscratch/sd/j/jackm/lorrax_sandbox/runs/MoS2/C_60Ry_bispinor_fullibz_2026-06-16/WFN_qp.h5

  Sigma diag:   /pscratch/sd/j/jackm/lorrax_sandbox/runs/MoS2/C_60Ry_bispinor_fullibz_2026-06-16/sigma_diag.dat
  BGW eqp0:     /pscratch/sd/j/jackm/lorrax_sandbox/runs/MoS2/C_60Ry_bispinor_fullibz_2026-06-16/eqp0.dat
  BGW eqp1:     /pscratch/sd/j/jackm/lorrax_sandbox/runs/MoS2/C_60Ry_bispinor_fullibz_2026-06-16/eqp1.dat
  Restart:      /pscratch/sd/j/jackm/lorrax_sandbox/runs/MoS2/C_60Ry_bispinor_fullibz_2026-06-16/tmp/isdf_tensors_641.h5

--- Timing ---
Total recorded: 65.455 s
Section                                            Count    Total[s]     Self[s]      %
gw_jax.load_centroid_wfns                              1       2.183       0.110    3.3
  load_centroids.loader_load                           1       0.425       0.425    0.6
  load_centroids.gflat_to_rmu                          1       0.311       0.311    0.5
  load_centroids.reshard                               1       1.338       1.338    2.0
gw_jax.zeta_fit_chunked                                1      14.008       0.188   21.4
  zeta_fit.slice_halves                                1       0.115       0.115    0.2
  zeta_fit.CCT                                         1       0.120       0.120    0.2
  zeta_fit.cholesky                                    1       3.545       3.545    5.4
  zeta_fit.gc_pre_chunk_loop                           1       0.111       0.111    0.2
  zeta_fit.write_headers                               1       0.046       0.046    0.1
  zeta_fit.open_file                                   1       0.011       0.011    0.0
  psi_G_store.populate.loader_load                     2       0.574       0.574    0.9
  psi_G_store.populate.shard_to_host                   2       0.010       0.010    0.0
  zeta_fit.chunk_loop                                  1       8.484       0.001   13.0
    zeta_fit.chunk.fit_one_rchunk                      6       8.089       0.051   12.4
      zeta_fit.chunk.z_q_build                         6       5.727       5.727    8.8
      zeta_fit.chunk.solve                             6       2.311       2.311    3.5
    zeta_fit.chunk.h5_write                            6       0.395       0.395    0.6
  zeta_fit.write_g_flat                                1       0.500       0.500    0.8
  zeta_fit.close_io                                    1       0.302       0.302    0.5
  zeta_fit.sync_global                                 1       0.001       0.001    0.0
gw_jax.load_centroid_wfns_current                      1       1.336       0.047    2.0
  load_centroids.loader_load                           1       0.094       0.094    0.1
  load_centroids.gflat_to_rmu                          1       0.208       0.208    0.3
  load_centroids.reshard                               1       0.988       0.988    1.5
gw_jax.zeta_fit_chunked_mu1                            1      13.022       0.146   19.9
  zeta_fit.slice_halves                                1       0.094       0.094    0.1
  zeta_fit.CCT                                         1       0.091       0.091    0.1
  zeta_fit.cholesky                                    1       0.000       0.000    0.0
  zeta_fit.trace_L_q                                   1       1.295       1.295    2.0
  zeta_fit.gc_pre_chunk_loop                           1       0.113       0.113    0.2
  zeta_fit.write_headers                               1       0.060       0.060    0.1
  zeta_fit.open_file                                   1       0.006       0.006    0.0
  psi_G_store.populate.loader_load                     2       0.581       0.581    0.9
  psi_G_store.populate.shard_to_host                   2       0.009       0.009    0.0
  zeta_fit.chunk_loop                                  1       9.851       0.001   15.1
    zeta_fit.chunk.fit_one_rchunk                      6       9.470       0.032   14.5
      zeta_fit.chunk.z_q_build                         6       5.978       5.978    9.1
      zeta_fit.chunk.solve                             6       3.461       3.461    5.3
    zeta_fit.chunk.h5_write                            6       0.381       0.381    0.6
  zeta_fit.write_g_flat                                1       0.466       0.466    0.7
  zeta_fit.close_io                                    1       0.309       0.309    0.5
  zeta_fit.sync_global                                 1       0.001       0.001    0.0
gw_jax.zeta_fit_chunked_mu2                            1      12.038       0.165   18.4
  zeta_fit.slice_halves                                1       0.083       0.083    0.1
  zeta_fit.CCT                                         1       0.122       0.122    0.2
  zeta_fit.cholesky                                    1       0.000       0.000    0.0
  zeta_fit.trace_L_q                                   1       1.159       1.159    1.8
  zeta_fit.gc_pre_chunk_loop                           1       0.103       0.103    0.2
  zeta_fit.write_headers                               1       0.060       0.060    0.1
  zeta_fit.open_file                                   1       0.006       0.006    0.0
  psi_G_store.populate.loader_load                     2       0.572       0.572    0.9
  psi_G_store.populate.shard_to_host                   2       0.011       0.011    0.0
  zeta_fit.chunk_loop                                  1       8.996       0.000   13.7
    zeta_fit.chunk.fit_one_rchunk                      6       8.698       0.032   13.3
      zeta_fit.chunk.z_q_build                         6       5.534       5.534    8.5
      zeta_fit.chunk.solve                             6       3.132       3.132    4.8
    zeta_fit.chunk.h5_write                            6       0.298       0.298    0.5
  zeta_fit.write_g_flat                                1       0.445       0.445    0.7
  zeta_fit.close_io                                    1       0.312       0.312    0.5
  zeta_fit.sync_global                                 1       0.002       0.002    0.0
gw_jax.zeta_fit_chunked_mu3                            1      12.038       0.173   18.4
  zeta_fit.slice_halves                                1       0.082       0.082    0.1
  zeta_fit.CCT                                         1       0.085       0.085    0.1
  zeta_fit.cholesky                                    1       0.000       0.000    0.0
  zeta_fit.trace_L_q                                   1       1.155       1.155    1.8
  zeta_fit.gc_pre_chunk_loop                           1       0.092       0.092    0.1
  zeta_fit.write_headers                               1       0.059       0.059    0.1
  zeta_fit.open_file                                   1       0.006       0.006    0.0
  psi_G_store.populate.loader_load                     2       0.613       0.613    0.9
  psi_G_store.populate.shard_to_host                   2       0.008       0.008    0.0
  zeta_fit.chunk_loop                                  1       8.997       0.001   13.7
    zeta_fit.chunk.fit_one_rchunk                      6       8.696       0.033   13.3
      zeta_fit.chunk.z_q_build                         6       5.511       5.511    8.4
      zeta_fit.chunk.solve                             6       3.153       3.153    4.8
    zeta_fit.chunk.h5_write                            6       0.300       0.300    0.5
  zeta_fit.write_g_flat                                1       0.455       0.455    0.7
  zeta_fit.close_io                                    1       0.310       0.310    0.5
  zeta_fit.sync_global                                 1       0.001       0.001    0.0
gw_jax.V_q_compute                                     1       6.031       6.031    9.2
gw_jax.wavefunction_setup                              1       0.058       0.058    0.1
gw_jax.chi0_W                                          1       1.910       0.033    2.9
  chi.compile                                          1       0.114       0.114    0.2
  chi.exec                                             1       0.070       0.070    0.1
  W.slice_to_ibz                                       1       0.034       0.034    0.1
  W.compile                                            1       0.423       0.423    0.6
  W.exec                                               1       0.873       0.873    1.3
  W.unfold_to_full_bz                                  1       0.363       0.363    0.6
gw_jax.sigma                                           1       2.832       2.832    4.3
