
========================================================================
  COHSEX-JAX: Self-Energy Calculation
========================================================================
  Backend: GPU       Devices: 4  Mesh: 2×2  Processes: 4
  Device type: NVIDIA A100-SXM4-40GB
  XLA preallocate: true  mem_fraction: 0.9
  XLA pool: limit=38.17 GB, in_use=0.00 GB, avail=38.17 GB
========================================================================

/global/u2/j/jackm/software/lorrax_A/src/common/symmetry_maps.py:324: UserWarning: SymMaps: 4/9 full-BZ k-points require time-reversal symmetry for unfolding. Non-symmorphic phases are NOT applied for these k-points. Use noinv=.true. in QE to avoid this.
  warnings.warn(
  ISDF basis: 640 centroids
  FFT grid: 24×24×80   Cell volume: 702.20 a.u.³

/global/u2/j/jackm/software/lorrax_A/src/common/symmetry_maps.py:324: UserWarning: SymMaps: 4/9 full-BZ k-points require time-reversal symmetry for unfolding. Non-symmorphic phases are NOT applied for these k-points. Use noinv=.true. in QE to avoid this.
  warnings.warn(
/global/u2/j/jackm/software/lorrax_A/src/common/symmetry_maps.py:324: UserWarning: SymMaps: 4/9 full-BZ k-points require time-reversal symmetry for unfolding. Non-symmorphic phases are NOT applied for these k-points. Use noinv=.true. in QE to avoid this.
  warnings.warn(
/global/u2/j/jackm/software/lorrax_A/src/common/symmetry_maps.py:324: UserWarning: SymMaps: 4/9 full-BZ k-points require time-reversal symmetry for unfolding. Non-symmorphic phases are NOT applied for these k-points. Use noinv=.true. in QE to avoid this.
  warnings.warn(
    Memory estimate: peak 10.93 GB (budget 28.00 GB), bottleneck=zct
    Per-stage: fft=0.93  pair=2.96  zct=4.56  reshard=4.56  solve=2.69  gather=2.43 GB
    AOT fit_one_rchunk peak (driver-level): 4.70 GB

  Chunked ISDF fitting:
    Band chunks: 80
    R chunks:    46080 (contiguous r-space)
    Q chunks:    9
    Zeta output: /pscratch/sd/j/jackm/lorrax_sandbox/runs/MoS2/00_mos2_3x3_cohsex/A_alloc_audit_lowmem_2026-04-22/tmp/zeta_q.h5

  Zeta fitting: 1 r-chunks x 46080 r-points, 80 bands (80 left + 80 right)
  Output: /pscratch/sd/j/jackm/lorrax_sandbox/runs/MoS2/00_mos2_3x3_cohsex/A_alloc_audit_lowmem_2026-04-22/tmp/zeta_q.h5
  Left wfns:  (9, 80, 2, 640)
  Right wfns: (9, 80, 2, 640)
  Pseudobands normalization: 0 weighted, 0 zero-weight (skipped)
  Computing pair densities P_l, P_r (spin_traced)
/opt/jax/jax/_src/interpreters/mlir.py:1178: UserWarning: Some donated buffers were not usable: ShapedArray(complex128[9,320,320]).
See an explanation at https://jax.readthedocs.io/en/latest/faq.html#buffer-donation.
  warnings.warn("Some donated buffers were not usable:"
/opt/jax/jax/_src/interpreters/mlir.py:1178: UserWarning: Some donated buffers were not usable: ShapedArray(complex128[9,320,320]).
See an explanation at https://jax.readthedocs.io/en/latest/faq.html#buffer-donation.
  warnings.warn("Some donated buffers were not usable:"
/opt/jax/jax/_src/interpreters/mlir.py:1178: UserWarning: Some donated buffers were not usable: ShapedArray(complex128[9,320,320]).
See an explanation at https://jax.readthedocs.io/en/latest/faq.html#buffer-donation.
  warnings.warn("Some donated buffers were not usable:"
/opt/jax/jax/_src/interpreters/mlir.py:1178: UserWarning: Some donated buffers were not usable: ShapedArray(complex128[9,320,320]).
See an explanation at https://jax.readthedocs.io/en/latest/faq.html#buffer-donation.
  warnings.warn("Some donated buffers were not usable:"
  Computing L_q = chol(C_q)
  L_q: (9, 640, 640)
/global/u2/j/jackm/software/lorrax_A/src/file_io/_slab_io_ffi.py:239: UserWarning: FFI backend: chunks/attrs on create_dataset currently no-op; pre-create with h5py if you need explicit chunking or attrs.
  warnings.warn(
/global/u2/j/jackm/software/lorrax_A/src/file_io/_slab_io_ffi.py:239: UserWarning: FFI backend: chunks/attrs on create_dataset currently no-op; pre-create with h5py if you need explicit chunking or attrs.
  warnings.warn(
/global/u2/j/jackm/software/lorrax_A/src/file_io/_slab_io_ffi.py:239: UserWarning: FFI backend: chunks/attrs on create_dataset currently no-op; pre-create with h5py if you need explicit chunking or attrs.
  warnings.warn(
/global/u2/j/jackm/software/lorrax_A/src/file_io/_slab_io_ffi.py:239: UserWarning: FFI backend: chunks/attrs on create_dataset currently no-op; pre-create with h5py if you need explicit chunking or attrs.
  warnings.warn(
  Caching G-space wavefunctions for r-chunk loop
  G-space cache: 1 band chunks (chunk_size=80, remainder=80)
Started zeta fitting at 17:54:52.
[ 17:54:52 | ██████████ | 100% ] r-chunk 1 / 1 · ETA 0 s
Finished zeta fitting at 17:54:52.  Elapsed: 0 s.
  [SlabIO.close] draining 1 pending writes for zeta_q.h5 …
  [SlabIO.close] Python dispatch drained in 3.4 s; joining writer thread
  [SlabIO.close] writer thread joined in 0.0 s; calling H5Fclose collectively
  [SlabIO.close] H5Fclose returned in 0.3 s
  Zeta output: /pscratch/sd/j/jackm/lorrax_sandbox/runs/MoS2/00_mos2_3x3_cohsex/A_alloc_audit_lowmem_2026-04-22/tmp/zeta_q.h5  shape: (3,3,1,640,46080)
  Timing (1 r-chunks, 1.1s total):
    fit      1.08s  97.6%
    H5       0.02s   1.5%
    GPU high-water mark: 39.83 GB / 28.00 GB budget (142%)
    γ (runtime / AOT-pred) = 8.468  (AOT predicted 4.70 GB)
    V_q bare cutoff: 120.0 Ry (auto: 4·ecutwfc)
    V_q budget:    27.13 GB
    V_q mu chunks: 640
    V_q q batches: 4
  V_q: 9 q-points, batch=4, mu=640 (single chunk), overlapped H5 I/O
Started V_q computation at 17:54:58.
[ 17:54:58 | █░░░░░░░░░ |  11% ] q-point 1 / 9 · ETA 0 s
[ 17:54:58 | ██░░░░░░░░ |  22% ] q-point 2 / 9 · ETA 0 s
[ 17:54:58 | ███░░░░░░░ |  33% ] q-point 3 / 9 · ETA 0 s
[ 17:54:58 | ████░░░░░░ |  44% ] q-point 4 / 9 · ETA 0 s
[ 17:54:59 | ██████░░░░ |  56% ] q-point 5 / 9 · ETA 1 s
[ 17:54:59 | ███████░░░ |  67% ] q-point 6 / 9 · ETA 1 s
[ 17:54:59 | ████████░░ |  78% ] q-point 7 / 9 · ETA 0 s
[ 17:54:59 | █████████░ |  89% ] q-point 8 / 9 · ETA 0 s
[ 17:55:00 | ██████████ | 100% ] q-point 9 / 9 · ETA 0 s
Finished V_q computation at 17:55:00.  Elapsed: 2 s.

  V_q computed:
    Shape: (1, 1, 1, 3, 3, 1, 640, 640)
    V_q=0 trace: 842800756.1333
  [SlabIO.close] draining 3 pending writes for isdf_tensors_640.h5 …
  [SlabIO.close] Python dispatch drained in 0.2 s; joining writer thread
  [SlabIO.close] writer thread joined in 0.0 s; calling H5Fclose collectively
  [SlabIO.close] H5Fclose returned in 0.0 s
  Wavefunctions built (b0:b4=80 bands, 4 sharded copies: xn/xr/yr/yn)
  [SlabIO.close] draining 1 pending writes for isdf_tensors_640.h5 …
  [SlabIO.close] Python dispatch drained in 0.1 s; joining writer thread
  [SlabIO.close] writer thread joined in 0.0 s; calling H5Fclose collectively
  [SlabIO.close] H5Fclose returned in 0.0 s
  Chunked ISDF path complete
  Minimax static window: x=[1.249527e-01, 6.336166e+00] Ry, R=50.71, nodes=10, fit_err~2.561e-06
[nid001065:0:1020553 - context.c:308][2026-04-22 17:55:03] ERROR Failed to parse ib device list: 
[nid001065:1:1020554 - context.c:308][2026-04-22 17:55:03] ERROR Failed to parse ib device list: 
[nid001065:2:1020556 - context.c:308][2026-04-22 17:55:03] ERROR Failed to parse ib device list: 
[nid001065:3:1020558 - context.c:308][2026-04-22 17:55:03] ERROR Failed to parse ib device list: 
[nid001065:0:1020553 - context.c:308][2026-04-22 17:55:03] ERROR Failed to parse ib device list: 
[nid001065:1:1020554 - context.c:308][2026-04-22 17:55:03] ERROR Failed to parse ib device list: 
[nid001065:2:1020556 - context.c:308][2026-04-22 17:55:03] ERROR Failed to parse ib device list: 
[nid001065:3:1020558 - context.c:308][2026-04-22 17:55:03] ERROR Failed to parse ib device list: 
NVSHMEM v3.2.5
/dvs/p4/build/sw/rel/gpgpu/toolkit/r12.8/main_nvshmem/src/host/init/init.cu:995: non-zero status: 27 nvshmem detect topo failed 

/dvs/p4/build/sw/rel/gpgpu/toolkit/r12.8/main_nvshmem/src/host/init/init.cu:995: non-zero status: 27 nvshmem detect topo failed 

/dvs/p4/build/sw/rel/gpgpu/toolkit/r12.8/main_nvshmem/src/host/init/init.cu:995: non-zero status: 27 nvshmem detect topo failed 

/dvs/p4/build/sw/rel/gpgpu/toolkit/r12.8/main_nvshmem/src/host/init/init.cu:995: non-zero status: 27 nvshmem detect topo failed 

  |χ(0)|_max = 1.662445e-04  (minimax, 10 nodes)
  Bare Σ_X diagonal (eV), k=0: -36.4900  -36.4885  -30.3363  -30.3354  -29.8169  -29.8173  -29.9552  -29.9576

------------------------------------------------------------------------
  GN-PPM + FREQUENCY-INTEGRATED SIGMA
------------------------------------------------------------------------
  PPM imag-freq quadrature (ωp=2.0000 Ry): R=50.7, nodes=6, err~5.5e-06
  GN-PPM fit: 0.81s, ωp=2.0000 Ry, unfulfilled=2.18%
  [pf] profiling hooks unavailable: [Errno 2] No such file or directory: 'profile/memprof/sigma_ppm_pre.prof'
  Σc(ω) grid: -10.000..10.000 eV, Nω=41, Δω=0.500 eV, ξ=0.250 eV
  GN invalid modes: 80512/3686400 (2.18%)
    ω≥E_F cond window "core" (crossing): 103 nodes, err<1e-06, E_A=[0.0625, 0.7490] Ry, project=imag
    ω≥E_F cond window "a_stripe" (Laplace): 10 nodes, err<1e-06, E_A=[0.7865, 1.8491] Ry, project=full
    ω≥E_F cond window "b_slab" (Laplace): 13 nodes, err<1e-06, E_A=[0.0625, 1.8491] Ry, project=full
Started sigma[ω≥E_F cond] at 17:55:10.
[ 17:55:10 | ░░░░░░░░░░ |   1% ] tau node   1 / 126 · ETA 0 s
[ 17:55:11 | █░░░░░░░░░ |  12% ] tau node  15 / 126 · ETA 2 s
[ 17:55:11 | ██░░░░░░░░ |  23% ] tau node  29 / 126 · ETA 1 s
[ 17:55:11 | ███░░░░░░░ |  34% ] tau node  43 / 126 · ETA 1 s
[ 17:55:11 | █████░░░░░ |  45% ] tau node  57 / 126 · ETA 1 s
[ 17:55:11 | ██████░░░░ |  56% ] tau node  70 / 126 · ETA 0 s
[ 17:55:11 | ███████░░░ |  67% ] tau node  84 / 126 · ETA 0 s
[ 17:55:11 | ████████░░ |  78% ] tau node  98 / 126 · ETA 0 s
[ 17:55:11 | █████████░ |  89% ] tau node 112 / 126 · ETA 0 s
[ 17:55:11 | ██████████ | 100% ] tau node 126 / 126 · ETA 0 s
Finished sigma[ω≥E_F cond] at 17:55:11.  Elapsed: 1 s.
    ω≥E_F val window "single" (Laplace): 13 nodes, err<1e-06, E_A=[0.0625, 4.4870] Ry, project=full
Started sigma[ω≥E_F val] at 17:55:11.
[ 17:55:11 | █░░░░░░░░░ |   8% ] tau node  1 / 13 · ETA 0 s
[ 17:55:11 | ██░░░░░░░░ |  15% ] tau node  2 / 13 · ETA 0 s
[ 17:55:11 | ███░░░░░░░ |  31% ] tau node  4 / 13 · ETA 0 s
[ 17:55:11 | ████░░░░░░ |  38% ] tau node  5 / 13 · ETA 0 s
[ 17:55:11 | █████░░░░░ |  46% ] tau node  6 / 13 · ETA 0 s
[ 17:55:11 | ██████░░░░ |  62% ] tau node  8 / 13 · ETA 0 s
[ 17:55:11 | ███████░░░ |  69% ] tau node  9 / 13 · ETA 0 s
[ 17:55:11 | ████████░░ |  77% ] tau node 10 / 13 · ETA 0 s
[ 17:55:11 | █████████░ |  92% ] tau node 12 / 13 · ETA 0 s
[ 17:55:11 | ██████████ | 100% ] tau node 13 / 13 · ETA 0 s
Finished sigma[ω≥E_F val] at 17:55:11.  Elapsed: 0 s.
    ω<E_F cond window "single" (Laplace): 13 nodes, err<1e-06, E_A=[0.0625, 1.8491] Ry, project=full
Started sigma[ω<E_F cond] at 17:55:11.
[ 17:55:11 | █░░░░░░░░░ |   8% ] tau node  1 / 13 · ETA 0 s
[ 17:55:12 | ██░░░░░░░░ |  15% ] tau node  2 / 13 · ETA 1 s
[ 17:55:12 | ███░░░░░░░ |  31% ] tau node  4 / 13 · ETA 0 s
[ 17:55:12 | ████░░░░░░ |  38% ] tau node  5 / 13 · ETA 0 s
[ 17:55:12 | █████░░░░░ |  46% ] tau node  6 / 13 · ETA 0 s
[ 17:55:12 | ██████░░░░ |  62% ] tau node  8 / 13 · ETA 0 s
[ 17:55:12 | ███████░░░ |  69% ] tau node  9 / 13 · ETA 0 s
[ 17:55:12 | ████████░░ |  77% ] tau node 10 / 13 · ETA 0 s
[ 17:55:12 | █████████░ |  92% ] tau node 12 / 13 · ETA 0 s
[ 17:55:12 | ██████████ | 100% ] tau node 13 / 13 · ETA 0 s
Finished sigma[ω<E_F cond] at 17:55:12.  Elapsed: 0 s.
    ω<E_F val window "core" (crossing): 103 nodes, err<1e-06, E_A=[0.0625, 0.4800] Ry, project=imag
    ω<E_F val window "a_stripe" (Laplace): 9 nodes, err<1e-06, E_A=[0.9457, 4.4870] Ry, project=full
    ω<E_F val window "b_slab" (Laplace): 13 nodes, err<1e-06, E_A=[0.0625, 4.4870] Ry, project=full
Started sigma[ω<E_F val] at 17:55:12.
[ 17:55:12 | ░░░░░░░░░░ |   1% ] tau node   1 / 125 · ETA 0 s
[ 17:55:12 | █░░░░░░░░░ |  12% ] tau node  15 / 125 · ETA 0 s
[ 17:55:12 | ██░░░░░░░░ |  23% ] tau node  29 / 125 · ETA 0 s
[ 17:55:12 | ███░░░░░░░ |  34% ] tau node  42 / 125 · ETA 0 s
[ 17:55:12 | ████░░░░░░ |  45% ] tau node  56 / 125 · ETA 0 s
[ 17:55:12 | ██████░░░░ |  56% ] tau node  70 / 125 · ETA 0 s
[ 17:55:12 | ███████░░░ |  67% ] tau node  84 / 125 · ETA 0 s
[ 17:55:12 | ████████░░ |  78% ] tau node  97 / 125 · ETA 0 s
[ 17:55:12 | █████████░ |  89% ] tau node 111 / 125 · ETA 0 s
[ 17:55:12 | ██████████ | 100% ] tau node 125 / 125 · ETA 0 s
Finished sigma[ω<E_F val] at 17:55:12.  Elapsed: 1 s.
  E_F(midgap) = -4.343581 eV  (VBM=-5.193615, CBM=-3.493546)
/global/u2/j/jackm/software/lorrax_A/src/file_io/_slab_io_ffi.py:239: UserWarning: FFI backend: chunks/attrs on create_dataset currently no-op; pre-create with h5py if you need explicit chunking or attrs.
  warnings.warn(
/global/u2/j/jackm/software/lorrax_A/src/file_io/_slab_io_ffi.py:239: UserWarning: FFI backend: chunks/attrs on create_dataset currently no-op; pre-create with h5py if you need explicit chunking or attrs.
  warnings.warn(
/global/u2/j/jackm/software/lorrax_A/src/file_io/_slab_io_ffi.py:239: UserWarning: FFI backend: chunks/attrs on create_dataset currently no-op; pre-create with h5py if you need explicit chunking or attrs.
  warnings.warn(
/global/u2/j/jackm/software/lorrax_A/src/file_io/_slab_io_ffi.py:239: UserWarning: FFI backend: chunks/attrs on create_dataset currently no-op; pre-create with h5py if you need explicit chunking or attrs.
  warnings.warn(
  [SlabIO.close] draining 3 pending writes for sigma_mnk.h5 …
  [SlabIO.close] Python dispatch drained in 0.1 s; joining writer thread
  [SlabIO.close] writer thread joined in 0.0 s; calling H5Fclose collectively
  [SlabIO.close] H5Fclose returned in 0.0 s
  Diagonal SC: 282/720 states in grid, 20 iterations
  QSGW: 720 clipped (100.0%)
  G0W0 diag (E_DFT):     /pscratch/sd/j/jackm/lorrax_sandbox/runs/MoS2/00_mos2_3x3_cohsex/A_alloc_audit_lowmem_2026-04-22/eqp_g0w0.dat

  Output: /pscratch/sd/j/jackm/lorrax_sandbox/runs/MoS2/00_mos2_3x3_cohsex/A_alloc_audit_lowmem_2026-04-22/eqp0.dat
  Sigma(ω): /pscratch/sd/j/jackm/lorrax_sandbox/runs/MoS2/00_mos2_3x3_cohsex/A_alloc_audit_lowmem_2026-04-22/sigma_mnk.h5
  Restart:  /pscratch/sd/j/jackm/lorrax_sandbox/runs/MoS2/00_mos2_3x3_cohsex/A_alloc_audit_lowmem_2026-04-22/tmp/isdf_tensors_640.h5

--- Timing ---
Total recorded: 26.125 s
Section                                            Count    Total[s]     Self[s]      %
gw_jax.load_centroid_wfns                              1       2.420       2.347    9.3
  load_wfns.precompute_owned                           1       0.000       0.000    0.0
  load_wfns.k_loop                                     1       0.011       0.011    0.0
  load_wfns.scatter                                    1       0.025       0.025    0.1
  load_wfns.make_global_array                          1       0.037       0.037    0.1
gw_jax.zeta_fit_chunked                                1       7.868       0.131   30.1
  zeta_fit.slice_halves                                1       0.039       0.039    0.1
  zeta_fit.CCT                                         1       0.381       0.381    1.5
  zeta_fit.cholesky                                    1       1.318       1.318    5.0
  zeta_fit.gc_pre_chunk_loop                           1       0.060       0.060    0.2
  zeta_fit.open_file                                   1       1.067       1.067    4.1
  zeta_fit.cache_gspace                                1       0.040       0.000    0.2
    load_wfns.precompute_owned                         1       0.000       0.000    0.0
    load_wfns.k_loop                                   1       0.013       0.013    0.1
    load_wfns.scatter                                  1       0.025       0.025    0.1
    load_wfns.make_global_array                        1       0.001       0.001    0.0
  zeta_fit.chunk_loop                                  1       1.106       0.006    4.2
    zeta_fit.chunk.fit_one_rchunk                      1       1.084       1.084    4.1
    zeta_fit.chunk.h5_write                            1       0.016       0.016    0.1
  zeta_fit.close_io                                    1       3.725       3.725   14.3
  zeta_fit.sync_global                                 1       0.001       0.001    0.0
gw_jax.V_q_compute                                     1       4.521       0.752   17.3
  compute_all_V_q                                      1       3.769       3.769   14.4
gw_jax.wavefunction_setup                              1       0.049       0.049    0.2
gw_jax.chi0_W                                          1       4.592       4.592   17.6
gw_jax.sigma                                           1       0.978       0.978    3.7
gw_jax.ppm_sigma                                       1       5.697       1.848   21.8
  sigma_ppm_body                                       1       3.849       3.849   14.7
