[lxrun] JID 52445098 · 1 nodes · 57:26 left · 1/1 free · incoming: lx-D
  1  nid001045  free   —              —      —  ← starting lx-D  python3 -u -m centroid.k
✓ JAX initialized: 4 device(s) (local: 1, proc 2/4)
Over-sampling: k-means M = 2400, prune to N_c = 1600 (ratio 1.5)
✓ JAX initialized: 4 device(s) (local: 1, proc 1/4)
✓ JAX initialized: 4 device(s) (local: 1, proc 0/4)
Over-sampling: k-means M = 2400, prune to N_c = 1600 (ratio 1.5)
Over-sampling: k-means M = 2400, prune to N_c = 1600 (ratio 1.5)
✓ JAX initialized: 4 device(s) (local: 1, proc 3/4)
Over-sampling: k-means M = 2400, prune to N_c = 1600 (ratio 1.5)
[charge_density] source='auto' → reading /pscratch/sd/j/jackm/lorrax_sandbox/runs/MoS2/02_mos2_3x3_nosym/qe/scf/MoS2.save/charge-density.hdf5
[charge_density] source='auto' → reading /pscratch/sd/j/jackm/lorrax_sandbox/runs/MoS2/02_mos2_3x3_nosym/qe/scf/MoS2.save/charge-density.hdf5
[charge_density] source='auto' → reading /pscratch/sd/j/jackm/lorrax_sandbox/runs/MoS2/02_mos2_3x3_nosym/qe/scf/MoS2.save/charge-density.hdf5
[charge_density] source='auto' → reading /pscratch/sd/j/jackm/lorrax_sandbox/runs/MoS2/02_mos2_3x3_nosym/qe/scf/MoS2.save/charge-density.hdf5
Charge density shape: (24, 24, 80)
Charge density shape: (24, 24, 80)
Charge density shape: (24, 24, 80)
Charge density shape: (24, 24, 80)
Lattice lengths: [ 3.164292    3.16428978 11.99999999] Å
Lattice lengths: [ 3.164292    3.16428978 11.99999999] Å
Lattice lengths: [ 3.164292    3.16428978 11.99999999] Å
Lattice lengths: [ 3.164292    3.16428978 11.99999999] Å
P/4 = 11520 < 100000; sharding anyway (multi-host: single-device fallback would deadlock).
Sharded mesh: ('x'=2, 'y'=2) over 4 devices
P/4 = 11520 < 100000; sharding anyway (multi-host: single-device fallback would deadlock).
Sharded mesh: ('x'=2, 'y'=2) over 4 devices
P/4 = 11520 < 100000; sharding anyway (multi-host: single-device fallback would deadlock).
Sharded mesh: ('x'=2, 'y'=2) over 4 devices
P/4 = 11520 < 100000; sharding anyway (multi-host: single-device fallback would deadlock).
Sharded mesh: ('x'=2, 'y'=2) over 4 devices
Orbit-aware mode: n_sym = 1, running kmeans for M_rep = 2400 representatives (unfolded ≈ 2400 centroids)
Orbit-aware mode: n_sym = 1, running kmeans for M_rep = 2400 representatives (unfolded ≈ 2400 centroids)
Orbit-aware mode: n_sym = 1, running kmeans for M_rep = 2400 representatives (unfolded ≈ 2400 centroids)
Orbit-aware mode: n_sym = 1, running kmeans for M_rep = 2400 representatives (unfolded ≈ 2400 centroids)
PBC min-image offsets: 5 (1 ⇒ orthorhombic); orbit mode: on (n_sym=1)
PBC min-image offsets: 5 (1 ⇒ orthorhombic); orbit mode: on (n_sym=1)
PBC min-image offsets: 5 (1 ⇒ orthorhombic); orbit mode: on (n_sym=1)
Grid: 24×24×80 = 46080 points; N_c = 2400
Grid: 24×24×80 = 46080 points; N_c = 2400
Grid: 24×24×80 = 46080 points; N_c = 2400
PBC min-image offsets: 5 (1 ⇒ orthorhombic); orbit mode: on (n_sym=1)
Grid: 24×24×80 = 46080 points; N_c = 2400
Lloyd: 43 steps, max movement = 0.002974
Lloyd: 43 steps, max movement = 0.002974
Lloyd: 43 steps, max movement = 0.002974
Lloyd: 43 steps, max movement = 0.002974

Unfolded 2400 reps → 2400 distinct centroids (n_sym=1)

Pivoted-Cholesky prune: 2400 → 1600 (target 1600 orbits)
[pivoted_cholesky] M=2400, n_keep=1600, n_val=26, n_cond=26 (load_wfns 2-D, mesh axes ('x', 'y'))

Unfolded 2400 reps → 2400 distinct centroids (n_sym=1)

Pivoted-Cholesky prune: 2400 → 1600 (target 1600 orbits)
[pivoted_cholesky] M=2400, n_keep=1600, n_val=26, n_cond=26 (load_wfns 2-D, mesh axes ('x', 'y'))

Unfolded 2400 reps → 2400 distinct centroids (n_sym=1)

Pivoted-Cholesky prune: 2400 → 1600 (target 1600 orbits)
[pivoted_cholesky] M=2400, n_keep=1600, n_val=26, n_cond=26 (load_wfns 2-D, mesh axes ('x', 'y'))

Unfolded 2400 reps → 2400 distinct centroids (n_sym=1)

Pivoted-Cholesky prune: 2400 → 1600 (target 1600 orbits)
[pivoted_cholesky] M=2400, n_keep=1600, n_val=26, n_cond=26 (load_wfns 2-D, mesh axes ('x', 'y'))
  [gpu_utils] WARNING: bytes_limit=None, falling back to nvidia-smi (pid=820677)
[pivoted_cholesky] 2-D Gram build via load_wfns: nk_tot=9, left=(0, 26) (nb=26), right=(26, 52) (nb=26), M=2400, norms=off, backend=WFNReader, budget=34.5814 GB/device, band_chunk_size=64
  [gpu_utils] WARNING: bytes_limit=None, falling back to nvidia-smi (pid=820682)
  [gpu_utils] WARNING: bytes_limit=None, falling back to nvidia-smi (pid=820678)
  [gpu_utils] WARNING: bytes_limit=None, falling back to nvidia-smi (pid=820680)
[pivoted_cholesky] 2-D Gram build via load_wfns: nk_tot=9, left=(0, 26) (nb=26), right=(26, 52) (nb=26), M=2400, norms=off, backend=WFNReader, budget=34.5498 GB/device, band_chunk_size=64
[pivoted_cholesky] 2-D Gram build via load_wfns: nk_tot=9, left=(0, 26) (nb=26), right=(26, 52) (nb=26), M=2400, norms=off, backend=WFNReader, budget=34.5498 GB/device, band_chunk_size=64
[pivoted_cholesky] 2-D Gram build via load_wfns: nk_tot=9, left=(0, 26) (nb=26), right=(26, 52) (nb=26), M=2400, norms=off, backend=WFNReader, budget=34.5498 GB/device, band_chunk_size=64
[pivoted_cholesky] G built, shape=(2400, 2400), diag range [2.249e-15, 6.561e-05]
[pivoted_cholesky] G built, shape=(2400, 2400), diag range [2.249e-15, 6.561e-05]
[pivoted_cholesky] G built, shape=(2400, 2400), diag range [2.249e-15, 6.561e-05]
[pivoted_cholesky] G built, shape=(2400, 2400), diag range [2.249e-15, 6.561e-05]
[pivoted_cholesky] picked-pivot residuals: first=6.561e-05, mid=3.302e-11, last=0.000e+00
[pivoted_cholesky] tr(R_k)/tr(G): first=9.481e-01, mid=1.568e-06, last=4.487e-09
[pivoted_cholesky] orbit-aware: 1600 orbits picked → 1600 unfolded centroids (orbit-closed)
[pivoted_cholesky] picked-pivot residuals: first=6.561e-05, mid=3.302e-11, last=0.000e+00
[pivoted_cholesky] picked-pivot residuals: first=6.561e-05, mid=3.302e-11, last=0.000e+00
[pivoted_cholesky] picked-pivot residuals: first=6.561e-05, mid=3.302e-11, last=0.000e+00
[pivoted_cholesky] tr(R_k)/tr(G): first=9.481e-01, mid=1.568e-06, last=4.487e-09
[pivoted_cholesky] orbit-aware: 1600 orbits picked → 1600 unfolded centroids (orbit-closed)
[pivoted_cholesky] tr(R_k)/tr(G): first=9.481e-01, mid=1.568e-06, last=4.487e-09
[pivoted_cholesky] orbit-aware: 1600 orbits picked → 1600 unfolded centroids (orbit-closed)
[pivoted_cholesky] tr(R_k)/tr(G): first=9.481e-01, mid=1.568e-06, last=4.487e-09
[pivoted_cholesky] orbit-aware: 1600 orbits picked → 1600 unfolded centroids (orbit-closed)
After pruning: 1600 centroids (rank=1440)
After pruning: 1600 centroids (rank=1440)
After pruning: 1600 centroids (rank=1440)
After pruning: 1600 centroids (rank=1440)
Saved centroids to centroids_frac_1600.txt
Saved centroids to centroids_frac_1600.txt
Saved centroids to centroids_frac_1600.txt
Saved centroids to centroids_frac_1600.txt
--- kmeans_cli timing (s) ---
Total recorded: 9.108 s
Section                                            Count    Total[s]     Self[s]      %
setup.wfn_io                                           1       0.023       0.023    0.2
setup.charge_density                                   1       0.017       0.017    0.2
kmeans                                                 1       5.509       2.050   60.5
  init                                                 1       1.428       1.428   15.7
  lloyd                                                1       1.566       1.566   17.2
  assign_labels                                        1       0.465       0.465    5.1
snap_unfold                                            1       0.008       0.008    0.1
prune                                                  1       3.551       0.298   39.0
  prune.gram                                           1       2.078       0.386   22.8
    left.load                                          1       1.470       1.435   16.1
      load_wfns.precompute_owned                       1       0.000       0.000    0.0
      load_wfns.k_loop                                 1       0.007       0.007    0.1
      load_wfns.scatter                                1       0.008       0.008    0.1
      load_wfns.make_global_array                      1       0.020       0.020    0.2
    left.pair                                          1       0.100       0.100    1.1
    right.load                                         1       0.089       0.074    1.0
      load_wfns.precompute_owned                       1       0.000       0.000    0.0
      load_wfns.k_loop                                 1       0.006       0.006    0.1
      load_wfns.scatter                                1       0.008       0.008    0.1
      load_wfns.make_global_array                      1       0.001       0.001    0.0
    right.pair                                         1       0.001       0.001    0.0
    q0_sum                                             1       0.032       0.032    0.3
  prune.select                                         1       1.175       1.175   12.9
