bash: cannot set terminal process group (-1): Inappropriate ioctl for device
bash: no job control in this shell
[lxrun] JID 52614093 · 4 nodes · 1:36:21 left · 4/4 free · incoming: lx-B
  1  nid008241  free   —              —      —  ← starting lx-B  python3 -u -m gw.gw_jax 
  2  nid008244  free   —              —      —
  3  nid008696  free   —              —      —
  4  nid008697  free   —              —      —

========================================================================
  COHSEX-JAX: Self-Energy Calculation
========================================================================
  Backend: GPU       Devices: 4  Mesh: 2×2  Processes: 4
  Device type: NVIDIA A100-SXM4-80GB
  XLA preallocate: false  mem_fraction: unset
========================================================================

/global/homes/j/jackm/software/lorrax_B/src/common/symmetry_maps.py:324: UserWarning: SymMaps: 4/9 full-BZ k-points require time-reversal symmetry for unfolding. Non-symmorphic phases are NOT applied for these k-points. Use noinv=.true. in QE to avoid this.
  warnings.warn(
/global/homes/j/jackm/software/lorrax_B/src/common/symmetry_maps.py:324: UserWarning: SymMaps: 4/9 full-BZ k-points require time-reversal symmetry for unfolding. Non-symmorphic phases are NOT applied for these k-points. Use noinv=.true. in QE to avoid this.
  warnings.warn(
/global/homes/j/jackm/software/lorrax_B/src/common/symmetry_maps.py:324: UserWarning: SymMaps: 4/9 full-BZ k-points require time-reversal symmetry for unfolding. Non-symmorphic phases are NOT applied for these k-points. Use noinv=.true. in QE to avoid this.
  warnings.warn(
/global/homes/j/jackm/software/lorrax_B/src/common/symmetry_maps.py:324: UserWarning: SymMaps: 4/9 full-BZ k-points require time-reversal symmetry for unfolding. Non-symmorphic phases are NOT applied for these k-points. Use noinv=.true. in QE to avoid this.
  warnings.warn(
  ISDF basis: 640 centroids
  FFT grid: 24×24×80   Cell volume: 702.20 a.u.³

    Memory estimate: peak 6.39 GB (budget 28.00 GB), bottleneck=fft
    Per-stage: fft=5.59  zct=3.26  reshard=3.26  solve=2.45  gather=2.20 GB
    AOT fit_one_rchunk peak (driver-level): 4.51 GB

  Chunked ISDF fitting:
    Band chunks: 64
    R chunks:    46080 (contiguous r-space)
    Q chunks:    9
    Zeta output: /pscratch/sd/j/jackm/lorrax_sandbox/runs/MoS2/H_lorrax_B_diag_2026-05-07/tmp/zeta_q.h5

  Zeta fitting: 1 r-chunks x 46080 r-points, 80 bands (80 left + 80 right)
  Output: /pscratch/sd/j/jackm/lorrax_sandbox/runs/MoS2/H_lorrax_B_diag_2026-05-07/tmp/zeta_q.h5
  Left wfns:  (9, 80, 4, 640)
  Right wfns: (9, 80, 4, 640)
  Pseudobands normalization: 0 weighted, 0 zero-weight (skipped)
  Computing pair densities P_l, P_r (spin_traced)
/opt/jax/jax/_src/interpreters/mlir.py:1178: UserWarning: Some donated buffers were not usable: ShapedArray(complex128[9,320,320]).
See an explanation at https://jax.readthedocs.io/en/latest/faq.html#buffer-donation.
  warnings.warn("Some donated buffers were not usable:"
/opt/jax/jax/_src/interpreters/mlir.py:1178: UserWarning: Some donated buffers were not usable: ShapedArray(complex128[9,320,320]).
See an explanation at https://jax.readthedocs.io/en/latest/faq.html#buffer-donation.
  warnings.warn("Some donated buffers were not usable:"
/opt/jax/jax/_src/interpreters/mlir.py:1178: UserWarning: Some donated buffers were not usable: ShapedArray(complex128[9,320,320]).
See an explanation at https://jax.readthedocs.io/en/latest/faq.html#buffer-donation.
  warnings.warn("Some donated buffers were not usable:"
/opt/jax/jax/_src/interpreters/mlir.py:1178: UserWarning: Some donated buffers were not usable: ShapedArray(complex128[9,320,320]).
See an explanation at https://jax.readthedocs.io/en/latest/faq.html#buffer-donation.
  warnings.warn("Some donated buffers were not usable:"
  Computing L_q = chol(C_q)
  L_q: (9, 640, 640)
/global/homes/j/jackm/software/lorrax_B/src/file_io/_slab_io_ffi.py:378: UserWarning: FFI backend: chunks/attrs on create_dataset currently no-op; pre-create with h5py if you need explicit chunking or attrs.
  warnings.warn(
/global/homes/j/jackm/software/lorrax_B/src/file_io/_slab_io_ffi.py:378: UserWarning: FFI backend: chunks/attrs on create_dataset currently no-op; pre-create with h5py if you need explicit chunking or attrs.
  warnings.warn(
/global/homes/j/jackm/software/lorrax_B/src/file_io/_slab_io_ffi.py:378: UserWarning: FFI backend: chunks/attrs on create_dataset currently no-op; pre-create with h5py if you need explicit chunking or attrs.
  warnings.warn(
/global/homes/j/jackm/software/lorrax_B/src/file_io/_slab_io_ffi.py:378: UserWarning: FFI backend: chunks/attrs on create_dataset currently no-op; pre-create with h5py if you need explicit chunking or attrs.
  warnings.warn(
  ψ(G) host cache: 0.53 GB/process resident
Started zeta fitting at 01:07:57.
[ 01:07:57 | ██████████ | 100% ] r-chunk 1 / 1 · ETA 0 s
Finished zeta fitting at 01:07:57.  Elapsed: 0 s.
  [SlabIO.close] draining 1 pending writes for zeta_q.h5 …
  [SlabIO.close] Python dispatch drained in 3.6 s; joining writer thread
  [SlabIO.close] writer thread joined in 0.0 s; calling H5Fclose collectively
  [SlabIO.close] H5Fclose returned in 0.2 s
  Zeta output: /pscratch/sd/j/jackm/lorrax_sandbox/runs/MoS2/H_lorrax_B_diag_2026-05-07/tmp/zeta_q.h5  shape: (3,3,1,640,46080)
  Timing (1 r-chunks, 1.3s total):
    fit      1.21s  93.3%
    H5       0.08s   6.1%
    GPU high-water mark: 2.99 GB / 28.00 GB budget (11%)
    γ (runtime / AOT-pred) = 0.663  (AOT predicted 4.51 GB)

  [bispinor] fitting ζ^{μ_L=1,2,3} on current-density centroids: /pscratch/sd/j/jackm/lorrax_sandbox/runs/MoS2/H_lorrax_B_diag_2026-05-07/centroids_frac_668_current.txt
  [bispinor] μ_L=1 → /pscratch/sd/j/jackm/lorrax_sandbox/runs/MoS2/H_lorrax_B_diag_2026-05-07/tmp/zeta_q_mu1.h5

  Zeta fitting: 1 r-chunks x 46080 r-points, 80 bands (80 left + 80 right)
  Output: /pscratch/sd/j/jackm/lorrax_sandbox/runs/MoS2/H_lorrax_B_diag_2026-05-07/tmp/zeta_q_mu1.h5
  Left wfns:  (9, 80, 4, 668)
  Right wfns: (9, 80, 4, 668)
  Pseudobands normalization: 0 weighted, 0 zero-weight (skipped)
  Computing pair densities P_l, P_r (spin_traced metric; γ̃^1 RHS)
/opt/jax/jax/_src/interpreters/mlir.py:1178: UserWarning: Some donated buffers were not usable: ShapedArray(complex128[9,334,334]).
See an explanation at https://jax.readthedocs.io/en/latest/faq.html#buffer-donation.
  warnings.warn("Some donated buffers were not usable:"
/opt/jax/jax/_src/interpreters/mlir.py:1178: UserWarning: Some donated buffers were not usable: ShapedArray(complex128[9,334,334]).
See an explanation at https://jax.readthedocs.io/en/latest/faq.html#buffer-donation.
  warnings.warn("Some donated buffers were not usable:"
/opt/jax/jax/_src/interpreters/mlir.py:1178: UserWarning: Some donated buffers were not usable: ShapedArray(complex128[9,334,334]).
See an explanation at https://jax.readthedocs.io/en/latest/faq.html#buffer-donation.
  warnings.warn("Some donated buffers were not usable:"
/opt/jax/jax/_src/interpreters/mlir.py:1178: UserWarning: Some donated buffers were not usable: ShapedArray(complex128[9,334,334]).
See an explanation at https://jax.readthedocs.io/en/latest/faq.html#buffer-donation.
  warnings.warn("Some donated buffers were not usable:"
  Computing L_q = chol(C_q) from scalar metric (vertex_mu_L=1 uses γ̃ RHS only)
  L_q: (9, 668, 668)
/global/homes/j/jackm/software/lorrax_B/src/file_io/_slab_io_ffi.py:378: UserWarning: FFI backend: chunks/attrs on create_dataset currently no-op; pre-create with h5py if you need explicit chunking or attrs.
  warnings.warn(
/global/homes/j/jackm/software/lorrax_B/src/file_io/_slab_io_ffi.py:378: UserWarning: FFI backend: chunks/attrs on create_dataset currently no-op; pre-create with h5py if you need explicit chunking or attrs.
  warnings.warn(
/global/homes/j/jackm/software/lorrax_B/src/file_io/_slab_io_ffi.py:378: UserWarning: FFI backend: chunks/attrs on create_dataset currently no-op; pre-create with h5py if you need explicit chunking or attrs.
  warnings.warn(
/global/homes/j/jackm/software/lorrax_B/src/file_io/_slab_io_ffi.py:378: UserWarning: FFI backend: chunks/attrs on create_dataset currently no-op; pre-create with h5py if you need explicit chunking or attrs.
  warnings.warn(
  ψ(G) host cache: 0.53 GB/process resident
Started zeta fitting at 01:08:08.
[ 01:08:08 | ██████████ | 100% ] r-chunk 1 / 1 · ETA 0 s
Finished zeta fitting at 01:08:08.  Elapsed: 0 s.
  [SlabIO.close] draining 1 pending writes for zeta_q_mu1.h5 …
  [SlabIO.close] Python dispatch drained in 3.7 s; joining writer thread
  [SlabIO.close] writer thread joined in 0.0 s; calling H5Fclose collectively
  [SlabIO.close] H5Fclose returned in 0.2 s
  Zeta output: /pscratch/sd/j/jackm/lorrax_sandbox/runs/MoS2/H_lorrax_B_diag_2026-05-07/tmp/zeta_q_mu1.h5  shape: (3,3,1,668,46080)
  Timing (1 r-chunks, 2.4s total):
    fit      2.34s  95.9%
    H5       0.10s   4.1%
  [bispinor] μ_L=2 → /pscratch/sd/j/jackm/lorrax_sandbox/runs/MoS2/H_lorrax_B_diag_2026-05-07/tmp/zeta_q_mu2.h5

  Zeta fitting: 1 r-chunks x 46080 r-points, 80 bands (80 left + 80 right)
  Output: /pscratch/sd/j/jackm/lorrax_sandbox/runs/MoS2/H_lorrax_B_diag_2026-05-07/tmp/zeta_q_mu2.h5
  Left wfns:  (9, 80, 4, 668)
  Right wfns: (9, 80, 4, 668)
  Pseudobands normalization: 0 weighted, 0 zero-weight (skipped)
  Computing pair densities P_l, P_r (spin_traced metric; γ̃^2 RHS)
/opt/jax/jax/_src/interpreters/mlir.py:1178: UserWarning: Some donated buffers were not usable: ShapedArray(complex128[9,334,334]).
See an explanation at https://jax.readthedocs.io/en/latest/faq.html#buffer-donation.
  warnings.warn("Some donated buffers were not usable:"
  Computing L_q = chol(C_q) from scalar metric (vertex_mu_L=2 uses γ̃ RHS only)
/opt/jax/jax/_src/interpreters/mlir.py:1178: UserWarning: Some donated buffers were not usable: ShapedArray(complex128[9,334,334]).
See an explanation at https://jax.readthedocs.io/en/latest/faq.html#buffer-donation.
  warnings.warn("Some donated buffers were not usable:"
/opt/jax/jax/_src/interpreters/mlir.py:1178: UserWarning: Some donated buffers were not usable: ShapedArray(complex128[9,334,334]).
See an explanation at https://jax.readthedocs.io/en/latest/faq.html#buffer-donation.
  warnings.warn("Some donated buffers were not usable:"
/opt/jax/jax/_src/interpreters/mlir.py:1178: UserWarning: Some donated buffers were not usable: ShapedArray(complex128[9,334,334]).
See an explanation at https://jax.readthedocs.io/en/latest/faq.html#buffer-donation.
  warnings.warn("Some donated buffers were not usable:"
  L_q: (9, 668, 668)
/global/homes/j/jackm/software/lorrax_B/src/file_io/_slab_io_ffi.py:378: UserWarning: FFI backend: chunks/attrs on create_dataset currently no-op; pre-create with h5py if you need explicit chunking or attrs.
  warnings.warn(
/global/homes/j/jackm/software/lorrax_B/src/file_io/_slab_io_ffi.py:378: UserWarning: FFI backend: chunks/attrs on create_dataset currently no-op; pre-create with h5py if you need explicit chunking or attrs.
  warnings.warn(
/global/homes/j/jackm/software/lorrax_B/src/file_io/_slab_io_ffi.py:378: UserWarning: FFI backend: chunks/attrs on create_dataset currently no-op; pre-create with h5py if you need explicit chunking or attrs.
  warnings.warn(
/global/homes/j/jackm/software/lorrax_B/src/file_io/_slab_io_ffi.py:378: UserWarning: FFI backend: chunks/attrs on create_dataset currently no-op; pre-create with h5py if you need explicit chunking or attrs.
  warnings.warn(
  ψ(G) host cache: 0.53 GB/process resident
Started zeta fitting at 01:08:16.
[ 01:08:16 | ██████████ | 100% ] r-chunk 1 / 1 · ETA 0 s
Finished zeta fitting at 01:08:16.  Elapsed: 0 s.
  [SlabIO.close] draining 1 pending writes for zeta_q_mu2.h5 …
  [SlabIO.close] Python dispatch drained in 3.7 s; joining writer thread
  [SlabIO.close] writer thread joined in 0.0 s; calling H5Fclose collectively
  [SlabIO.close] H5Fclose returned in 0.2 s
  Zeta output: /pscratch/sd/j/jackm/lorrax_sandbox/runs/MoS2/H_lorrax_B_diag_2026-05-07/tmp/zeta_q_mu2.h5  shape: (3,3,1,668,46080)
  Timing (1 r-chunks, 1.5s total):
    fit      1.44s  93.9%
    H5       0.09s   6.1%
  [bispinor] μ_L=3 → /pscratch/sd/j/jackm/lorrax_sandbox/runs/MoS2/H_lorrax_B_diag_2026-05-07/tmp/zeta_q_mu3.h5

  Zeta fitting: 1 r-chunks x 46080 r-points, 80 bands (80 left + 80 right)
  Output: /pscratch/sd/j/jackm/lorrax_sandbox/runs/MoS2/H_lorrax_B_diag_2026-05-07/tmp/zeta_q_mu3.h5
  Left wfns:  (9, 80, 4, 668)
  Right wfns: (9, 80, 4, 668)
  Pseudobands normalization: 0 weighted, 0 zero-weight (skipped)
  Computing pair densities P_l, P_r (spin_traced metric; γ̃^3 RHS)
/opt/jax/jax/_src/interpreters/mlir.py:1178: UserWarning: Some donated buffers were not usable: ShapedArray(complex128[9,334,334]).
See an explanation at https://jax.readthedocs.io/en/latest/faq.html#buffer-donation.
  warnings.warn("Some donated buffers were not usable:"
  Computing L_q = chol(C_q) from scalar metric (vertex_mu_L=3 uses γ̃ RHS only)
/opt/jax/jax/_src/interpreters/mlir.py:1178: UserWarning: Some donated buffers were not usable: ShapedArray(complex128[9,334,334]).
See an explanation at https://jax.readthedocs.io/en/latest/faq.html#buffer-donation.
  warnings.warn("Some donated buffers were not usable:"
/opt/jax/jax/_src/interpreters/mlir.py:1178: UserWarning: Some donated buffers were not usable: ShapedArray(complex128[9,334,334]).
See an explanation at https://jax.readthedocs.io/en/latest/faq.html#buffer-donation.
  warnings.warn("Some donated buffers were not usable:"
/opt/jax/jax/_src/interpreters/mlir.py:1178: UserWarning: Some donated buffers were not usable: ShapedArray(complex128[9,334,334]).
See an explanation at https://jax.readthedocs.io/en/latest/faq.html#buffer-donation.
  warnings.warn("Some donated buffers were not usable:"
  L_q: (9, 668, 668)
/global/homes/j/jackm/software/lorrax_B/src/file_io/_slab_io_ffi.py:378: UserWarning: FFI backend: chunks/attrs on create_dataset currently no-op; pre-create with h5py if you need explicit chunking or attrs.
  warnings.warn(
/global/homes/j/jackm/software/lorrax_B/src/file_io/_slab_io_ffi.py:378: UserWarning: FFI backend: chunks/attrs on create_dataset currently no-op; pre-create with h5py if you need explicit chunking or attrs.
  warnings.warn(
/global/homes/j/jackm/software/lorrax_B/src/file_io/_slab_io_ffi.py:378: UserWarning: FFI backend: chunks/attrs on create_dataset currently no-op; pre-create with h5py if you need explicit chunking or attrs.
  warnings.warn(
/global/homes/j/jackm/software/lorrax_B/src/file_io/_slab_io_ffi.py:378: UserWarning: FFI backend: chunks/attrs on create_dataset currently no-op; pre-create with h5py if you need explicit chunking or attrs.
  warnings.warn(
  ψ(G) host cache: 0.53 GB/process resident
Started zeta fitting at 01:08:25.
[ 01:08:25 | ██████████ | 100% ] r-chunk 1 / 1 · ETA 0 s
Finished zeta fitting at 01:08:25.  Elapsed: 0 s.
  [SlabIO.close] draining 1 pending writes for zeta_q_mu3.h5 …
  [SlabIO.close] Python dispatch drained in 3.7 s; joining writer thread
  [SlabIO.close] writer thread joined in 0.0 s; calling H5Fclose collectively
  [SlabIO.close] H5Fclose returned in 0.2 s
  Zeta output: /pscratch/sd/j/jackm/lorrax_sandbox/runs/MoS2/H_lorrax_B_diag_2026-05-07/tmp/zeta_q_mu3.h5  shape: (3,3,1,668,46080)
  Timing (1 r-chunks, 1.5s total):
    fit      1.43s  93.6%
    H5       0.10s   6.4%
    V_q bare cutoff: 30.0 Ry (auto: ecutwfc)
    V_q budget:    27.10 GB
    V_q mu chunks: 640
    V_q q batches: 4
    V_q (bispinor) channels: n_rmu={0: 640, 1: 668, 2: 668, 3: 668}
  V_q (bispinor): mesh=2x2, channels n_rmu={0: 640, 1: 668, 2: 668, 3: 668}, 7 unique tiles + 3 hermitian-transpose, 6 zero by Coulomb gauge
    tile (0,0) [scalar (0,0)]: n_rmu=640, same_zeta=True, write_g0=True
Started V_q tile at 01:08:33.
[ 01:08:33 | █░░░░░░░░░ |  11% ] q-point 1 / 9 · ETA 0 s
[ 01:08:33 | ██░░░░░░░░ |  22% ] q-point 2 / 9 · ETA 0 s
[ 01:08:33 | ███░░░░░░░ |  33% ] q-point 3 / 9 · ETA 0 s
[ 01:08:33 | ████░░░░░░ |  44% ] q-point 4 / 9 · ETA 0 s
[ 01:08:33 | ██████░░░░ |  56% ] q-point 5 / 9 · ETA 0 s
[ 01:08:33 | ███████░░░ |  67% ] q-point 6 / 9 · ETA 0 s
[ 01:08:33 | ████████░░ |  78% ] q-point 7 / 9 · ETA 0 s
[ 01:08:33 | █████████░ |  89% ] q-point 8 / 9 · ETA 0 s
[ 01:08:33 | ██████████ | 100% ] q-point 9 / 9 · ETA 0 s
Finished V_q tile at 01:08:33.  Elapsed: 0 s.
    tile (1,1) [transverse diag]: n_rmu=668, same_zeta=True, write_g0=False
Started V_q tile at 01:08:37.
[ 01:08:37 | █░░░░░░░░░ |  11% ] q-point 1 / 9 · ETA 0 s
[ 01:08:37 | ██░░░░░░░░ |  22% ] q-point 2 / 9 · ETA 0 s
[ 01:08:37 | ███░░░░░░░ |  33% ] q-point 3 / 9 · ETA 0 s
[ 01:08:37 | ████░░░░░░ |  44% ] q-point 4 / 9 · ETA 0 s
[ 01:08:37 | ██████░░░░ |  56% ] q-point 5 / 9 · ETA 0 s
[ 01:08:37 | ███████░░░ |  67% ] q-point 6 / 9 · ETA 0 s
[ 01:08:37 | ████████░░ |  78% ] q-point 7 / 9 · ETA 0 s
[ 01:08:37 | █████████░ |  89% ] q-point 8 / 9 · ETA 0 s
[ 01:08:37 | ██████████ | 100% ] q-point 9 / 9 · ETA 0 s
Finished V_q tile at 01:08:37.  Elapsed: 0 s.
    tile (2,2) [transverse diag]: n_rmu=668, same_zeta=True, write_g0=False
Started V_q tile at 01:08:41.
[ 01:08:41 | █░░░░░░░░░ |  11% ] q-point 1 / 9 · ETA 0 s
[ 01:08:41 | ██░░░░░░░░ |  22% ] q-point 2 / 9 · ETA 0 s
[ 01:08:41 | ███░░░░░░░ |  33% ] q-point 3 / 9 · ETA 0 s
[ 01:08:41 | ████░░░░░░ |  44% ] q-point 4 / 9 · ETA 0 s
[ 01:08:41 | ██████░░░░ |  56% ] q-point 5 / 9 · ETA 0 s
[ 01:08:41 | ███████░░░ |  67% ] q-point 6 / 9 · ETA 0 s
[ 01:08:41 | ████████░░ |  78% ] q-point 7 / 9 · ETA 0 s
[ 01:08:41 | █████████░ |  89% ] q-point 8 / 9 · ETA 0 s
[ 01:08:41 | ██████████ | 100% ] q-point 9 / 9 · ETA 0 s
Finished V_q tile at 01:08:41.  Elapsed: 0 s.
    tile (3,3) [transverse diag]: n_rmu=668, same_zeta=True, write_g0=False
Started V_q tile at 01:08:44.
[ 01:08:44 | █░░░░░░░░░ |  11% ] q-point 1 / 9 · ETA 0 s
[ 01:08:44 | ██░░░░░░░░ |  22% ] q-point 2 / 9 · ETA 0 s
[ 01:08:44 | ███░░░░░░░ |  33% ] q-point 3 / 9 · ETA 0 s
[ 01:08:44 | ████░░░░░░ |  44% ] q-point 4 / 9 · ETA 0 s
[ 01:08:44 | ██████░░░░ |  56% ] q-point 5 / 9 · ETA 0 s
[ 01:08:44 | ███████░░░ |  67% ] q-point 6 / 9 · ETA 0 s
[ 01:08:44 | ████████░░ |  78% ] q-point 7 / 9 · ETA 0 s
[ 01:08:44 | █████████░ |  89% ] q-point 8 / 9 · ETA 0 s
[ 01:08:44 | ██████████ | 100% ] q-point 9 / 9 · ETA 0 s
Finished V_q tile at 01:08:44.  Elapsed: 0 s.
    tile (1,2) [transverse off-diag]: n_rmu=668, same_zeta=False, write_g0=False
Started V_q tile at 01:08:50.
[ 01:08:50 | █░░░░░░░░░ |  11% ] q-point 1 / 9 · ETA 0 s
[ 01:08:50 | ██░░░░░░░░ |  22% ] q-point 2 / 9 · ETA 0 s
[ 01:08:50 | ███░░░░░░░ |  33% ] q-point 3 / 9 · ETA 0 s
[ 01:08:50 | ████░░░░░░ |  44% ] q-point 4 / 9 · ETA 0 s
[ 01:08:50 | ██████░░░░ |  56% ] q-point 5 / 9 · ETA 0 s
[ 01:08:50 | ███████░░░ |  67% ] q-point 6 / 9 · ETA 0 s
[ 01:08:50 | ████████░░ |  78% ] q-point 7 / 9 · ETA 0 s
[ 01:08:50 | █████████░ |  89% ] q-point 8 / 9 · ETA 0 s
[ 01:08:50 | ██████████ | 100% ] q-point 9 / 9 · ETA 0 s
Finished V_q tile at 01:08:50.  Elapsed: 0 s.
    tile (1,3) [transverse off-diag]: n_rmu=668, same_zeta=False, write_g0=False
Started V_q tile at 01:08:56.
[ 01:08:56 | █░░░░░░░░░ |  11% ] q-point 1 / 9 · ETA 0 s
[ 01:08:56 | ██░░░░░░░░ |  22% ] q-point 2 / 9 · ETA 0 s
[ 01:08:56 | ███░░░░░░░ |  33% ] q-point 3 / 9 · ETA 0 s
[ 01:08:56 | ████░░░░░░ |  44% ] q-point 4 / 9 · ETA 0 s
[ 01:08:56 | ██████░░░░ |  56% ] q-point 5 / 9 · ETA 0 s
[ 01:08:56 | ███████░░░ |  67% ] q-point 6 / 9 · ETA 0 s
[ 01:08:56 | ████████░░ |  78% ] q-point 7 / 9 · ETA 0 s
[ 01:08:56 | █████████░ |  89% ] q-point 8 / 9 · ETA 0 s
[ 01:08:56 | ██████████ | 100% ] q-point 9 / 9 · ETA 0 s
Finished V_q tile at 01:08:56.  Elapsed: 0 s.
    tile (2,3) [transverse off-diag]: n_rmu=668, same_zeta=False, write_g0=False
Started V_q tile at 01:09:01.
[ 01:09:01 | █░░░░░░░░░ |  11% ] q-point 1 / 9 · ETA 0 s
[ 01:09:01 | ██░░░░░░░░ |  22% ] q-point 2 / 9 · ETA 0 s
[ 01:09:01 | ███░░░░░░░ |  33% ] q-point 3 / 9 · ETA 0 s
[ 01:09:01 | ████░░░░░░ |  44% ] q-point 4 / 9 · ETA 0 s
[ 01:09:01 | ██████░░░░ |  56% ] q-point 5 / 9 · ETA 0 s
[ 01:09:01 | ███████░░░ |  67% ] q-point 6 / 9 · ETA 0 s
[ 01:09:01 | ████████░░ |  78% ] q-point 7 / 9 · ETA 0 s
[ 01:09:01 | █████████░ |  89% ] q-point 8 / 9 · ETA 0 s
[ 01:09:01 | ██████████ | 100% ] q-point 9 / 9 · ETA 0 s
Finished V_q tile at 01:09:01.  Elapsed: 0 s.
  V_q (bispinor) done: 10 non-zero tiles (7 computed + 3 hermitian-transpose), 6 (0,i)/(i,0) tiles omitted by Coulomb gauge.
  [SlabIO.close] draining 0 pending writes for zeta_q.h5 …
  [SlabIO.close] Python dispatch drained in 0.0 s; joining writer thread
  [SlabIO.close] writer thread joined in 0.0 s; calling H5Fclose collectively
  [SlabIO.close] H5Fclose returned in 0.2 s
  [SlabIO.close] draining 0 pending writes for zeta_q_mu1.h5 …
  [SlabIO.close] Python dispatch drained in 0.0 s; joining writer thread
  [SlabIO.close] writer thread joined in 0.0 s; calling H5Fclose collectively
  [SlabIO.close] H5Fclose returned in 0.2 s
  [SlabIO.close] draining 0 pending writes for zeta_q_mu2.h5 …
  [SlabIO.close] Python dispatch drained in 0.0 s; joining writer thread
  [SlabIO.close] writer thread joined in 0.0 s; calling H5Fclose collectively
  [SlabIO.close] H5Fclose returned in 0.2 s
  [SlabIO.close] draining 0 pending writes for zeta_q_mu3.h5 …
  [SlabIO.close] Python dispatch drained in 0.0 s; joining writer thread
  [SlabIO.close] writer thread joined in 0.0 s; calling H5Fclose collectively
  [SlabIO.close] H5Fclose returned in 0.2 s

  V_q (bispinor) computed:
    10 non-zero (μ_L, ν_L) tiles (7 unique kernel + 3 hermitian-transpose; 6 zero by Coulomb gauge).
      (0,0) shape=(9, 640, 640), V_q=0 trace=837436983.5563
      (1,1) shape=(9, 668, 668), V_q=0 trace=54263198.2061
      (1,2) shape=(9, 668, 668), V_q=0 trace=-562260.5874
      (1,3) shape=(9, 668, 668), V_q=0 trace=-0.1755
      (2,1) shape=(9, 668, 668), V_q=0 trace=-562260.5874
      (2,2) shape=(9, 668, 668), V_q=0 trace=53873051.6229
      (2,3) shape=(9, 668, 668), V_q=0 trace=-0.8725
      (3,1) shape=(9, 668, 668), V_q=0 trace=-0.1755
      (3,2) shape=(9, 668, 668), V_q=0 trace=-0.8725
      (3,3) shape=(9, 668, 668), V_q=0 trace=26639797.8116
  [SlabIO.close] draining 3 pending writes for isdf_tensors_640.h5 …
  [SlabIO.close] Python dispatch drained in 0.2 s; joining writer thread
  [SlabIO.close] writer thread joined in 0.0 s; calling H5Fclose collectively
  [SlabIO.close] H5Fclose returned in 0.0 s
  Wavefunctions built (b0:b4=80 bands, 4 sharded copies: xn/xr/yr/yn)
  Wavefunctions built (b0:b4=80 bands, 4 sharded copies: xn/xr/yr/yn)
  [SlabIO.close] draining 1 pending writes for isdf_tensors_640.h5 …
  [SlabIO.close] Python dispatch drained in 0.2 s; joining writer thread
  [SlabIO.close] writer thread joined in 0.0 s; calling H5Fclose collectively
  [SlabIO.close] H5Fclose returned in 0.0 s
  Chunked ISDF path complete

------------------------------------------------------------------------
  FINITE-SIZE CORRECTIONS
------------------------------------------------------------------------
  Head source: s_tensor
  v(q→0)  =     1655.335 a.u.  (bare Coulomb head)

------------------------------------------------------------------------
  STATIC HEAD TERMS (exact COHSEX / BGW-style)
------------------------------------------------------------------------
  Head source: s_tensor
  v_h(q→0)           =  1655.334970 a.u.
  W_h(q→0, ω=0)      =   343.784973 a.u.
  W_h^c              = -1311.549997 a.u.
  Σ^X head (occ)     = -2.619279e-01 Ry
  Σ^SX head (occ)    = -5.439799e-02 Ry
  Σ^(SX-X) head(occ) = 2.075300e-01 Ry
  Σ^COH head (all)   = -1.037650e-01 Ry

  Σ_H^B (bispinor) per-μ_L diagonal trace contributions:
      μ_L=0: tr Σ_H = +17734.596222 eV  (bundle = charge)
      μ_L=1: tr Σ_H = -0.000000 eV  (bundle = current)
      μ_L=2: tr Σ_H = -0.000000 eV  (bundle = current)
      μ_L=3: tr Σ_H = +0.000000 eV  (bundle = current)

  Σ_X^B (bispinor) per-tile diagonal trace contributions:
      (0,0): tr Σ = -534.650600 eV
      (1,1): tr Σ = -0.000061 eV
      (1,2): tr Σ = -0.000000 eV
      (1,3): tr Σ = -0.000000 eV
      (2,1): tr Σ = -0.000000 eV
      (2,2): tr Σ = -0.000057 eV
      (2,3): tr Σ = -0.000000 eV
      (3,1): tr Σ = -0.000000 eV
      (3,2): tr Σ = -0.000000 eV
      (3,3): tr Σ = -0.000062 eV
  Bare Σ_X diagonal (eV), k=0: -40.0318  -40.0318  -33.8702  -33.8702  -33.3561  -33.3561  -33.4942  -33.4942

  Sigma diag:   /pscratch/sd/j/jackm/lorrax_sandbox/runs/MoS2/H_lorrax_B_diag_2026-05-07/sigma_diag.dat
  BGW eqp0:     /pscratch/sd/j/jackm/lorrax_sandbox/runs/MoS2/H_lorrax_B_diag_2026-05-07/eqp0.dat
  BGW eqp1:     /pscratch/sd/j/jackm/lorrax_sandbox/runs/MoS2/H_lorrax_B_diag_2026-05-07/eqp1.dat
  Restart:      /pscratch/sd/j/jackm/lorrax_sandbox/runs/MoS2/H_lorrax_B_diag_2026-05-07/tmp/isdf_tensors_640.h5

--- Timing ---
Total recorded: 78.284 s
Section                                            Count    Total[s]     Self[s]      %
gw_jax.load_centroid_wfns                              1       4.276       1.612    5.5
  load_wfns.precompute_owned                           2       0.000       0.000    0.0
  load_wfns.k_loop                                     2       2.520       2.520    3.2
  load_wfns.scatter                                    2       0.068       0.068    0.1
  load_wfns.make_global_array                          2       0.076       0.076    0.1
gw_jax.load_centroid_wfns_current                      1       1.359       1.164    1.7
  load_wfns.precompute_owned                           2       0.000       0.000    0.0
  load_wfns.k_loop                                     2       0.133       0.133    0.2
  load_wfns.scatter                                    2       0.059       0.059    0.1
  load_wfns.make_global_array                          2       0.003       0.003    0.0
gw_jax.zeta_fit_chunked                                1       9.514       1.862   12.2
  zeta_fit.slice_halves                                1       0.218       0.218    0.3
  zeta_fit.CCT                                         1       0.192       0.192    0.2
  zeta_fit.cholesky                                    1       0.906       0.906    1.2
  zeta_fit.gc_pre_chunk_loop                           1       0.133       0.133    0.2
  zeta_fit.open_file                                   1       1.095       1.095    1.4
  zeta_fit.chunk_loop                                  1       1.291       0.005    1.6
    zeta_fit.chunk.fit_one_rchunk                      1       1.208       1.208    1.5
    zeta_fit.chunk.h5_write                            1       0.079       0.079    0.1
  zeta_fit.close_io                                    1       3.815       3.815    4.9
  zeta_fit.sync_global                                 1       0.001       0.001    0.0
gw_jax.zeta_fit_chunked_mu1                            1      10.316       1.343   13.2
  zeta_fit.slice_halves                                1       0.181       0.181    0.2
  zeta_fit.CCT                                         1       0.237       0.237    0.3
  zeta_fit.cholesky                                    1       0.989       0.989    1.3
  zeta_fit.gc_pre_chunk_loop                           1       0.043       0.043    0.1
  zeta_fit.open_file                                   1       1.123       1.123    1.4
  zeta_fit.chunk_loop                                  1       2.439       0.000    3.1
    zeta_fit.chunk.fit_one_rchunk                      1       2.339       2.339    3.0
    zeta_fit.chunk.h5_write                            1       0.099       0.099    0.1
  zeta_fit.close_io                                    1       3.960       3.960    5.1
  zeta_fit.sync_global                                 1       0.001       0.001    0.0
gw_jax.zeta_fit_chunked_mu2                            1       8.489       1.374   10.8
  zeta_fit.slice_halves                                1       0.032       0.032    0.0
  zeta_fit.CCT                                         1       0.057       0.057    0.1
  zeta_fit.cholesky                                    1       1.286       1.286    1.6
  zeta_fit.gc_pre_chunk_loop                           1       0.043       0.043    0.1
  zeta_fit.open_file                                   1       0.218       0.218    0.3
  zeta_fit.chunk_loop                                  1       1.533       0.000    2.0
    zeta_fit.chunk.fit_one_rchunk                      1       1.440       1.440    1.8
    zeta_fit.chunk.h5_write                            1       0.093       0.093    0.1
  zeta_fit.close_io                                    1       3.945       3.945    5.0
  zeta_fit.sync_global                                 1       0.002       0.002    0.0
gw_jax.zeta_fit_chunked_mu3                            1       8.420       1.357   10.8
  zeta_fit.slice_halves                                1       0.033       0.033    0.0
  zeta_fit.CCT                                         1       0.059       0.059    0.1
  zeta_fit.cholesky                                    1       1.286       1.286    1.6
  zeta_fit.gc_pre_chunk_loop                           1       0.045       0.045    0.1
  zeta_fit.open_file                                   1       0.215       0.215    0.3
  zeta_fit.chunk_loop                                  1       1.525       0.000    1.9
    zeta_fit.chunk.fit_one_rchunk                      1       1.428       1.428    1.8
    zeta_fit.chunk.h5_write                            1       0.097       0.097    0.1
  zeta_fit.close_io                                    1       3.900       3.900    5.0
  zeta_fit.sync_global                                 1       0.001       0.001    0.0
gw_jax.V_q_compute                                     1      33.121       0.866   42.3
  compute_all_V_q_lorentz_sharded                      1      32.255       0.303   41.2
    V_q_lorentz_(0,0)                                  1       3.891       0.001    5.0
      V_q_lorentz_(0,0)                                1       3.890       3.890    5.0
    V_q_lorentz_(1,1)                                  1       3.932       0.040    5.0
      V_q_lorentz_(1,1)                                1       3.892       3.892    5.0
    V_q_lorentz_(2,2)                                  1       3.500       0.007    4.5
      V_q_lorentz_(2,2)                                1       3.493       3.493    4.5
    V_q_lorentz_(3,3)                                  1       3.421       0.008    4.4
      V_q_lorentz_(3,3)                                1       3.414       3.414    4.4
    V_q_lorentz_(1,2)                                  1       5.979       0.007    7.6
      V_q_lorentz_(1,2)                                1       5.972       5.972    7.6
    V_q_lorentz_(1,3)                                  1       5.649       0.008    7.2
      V_q_lorentz_(1,3)                                1       5.642       5.642    7.2
    V_q_lorentz_(2,3)                                  1       5.579       0.006    7.1
      V_q_lorentz_(2,3)                                1       5.574       5.574    7.1
gw_jax.wavefunction_setup                              1       0.469       0.469    0.6
gw_jax.sigma                                           1       2.319       2.319    3.0
