srun: Step created for StepId=52562898.8
pid=496437 devices=[CudaDevice(id=0)]

=== current600_gordon ===
centroid_file=/pscratch/sd/j/jackm/lorrax_sandbox/runs/CrI3/B_nonbisp_baseline/centroids_frac_600_current.txt
nmu=600 band_range=(0,150) nk=36 fft_grid=(75, 75, 200)
  K-point chunking: 18 chunks of 2 (total 36 k-points)
same_point_occupied_density_and_gamma_ratios:
  gamma1_ratio_max: 3.493626e-09
  gamma1_ratio_median: 6.245276e-10
  gamma1_ratio_p95: 3.052138e-09
  gamma2_ratio_max: 3.333871e-09
  gamma2_ratio_median: 5.644342e-10
  gamma2_ratio_p95: 2.302885e-09
  gamma3_ratio_max: 3.741794e-09
  gamma3_ratio_median: 9.315063e-10
  gamma3_ratio_p95: 2.534343e-09
  rho_max: 3.504823e-01
  rho_median: 2.561654e-01
  rho_min: 1.013197e-02
/opt/jax/jax/_src/interpreters/mlir.py:1178: UserWarning: Some donated buffers were not usable: ShapedArray(complex128[36,600,600]).
See an explanation at https://jax.readthedocs.io/en/latest/faq.html#buffer-donation.
  warnings.warn("Some donated buffers were not usable:"
q0_scalar_metric_eigen_stats:
  trace: 1.853546e+00
  scale_trace_over_n: 3.089244e-03
  min_eval: 1.036117e-14
  min_pos_eval_rel1e-14: 1.036117e-14
  max_eval: 1.164165e-01
  condition_rel1e-14: 1.123585e+13
  count_eval_lt_1e-12_scale: 0
  count_eval_lt_1e-10_scale: 53
  count_eval_lt_1e-08_scale: 183
  count_eval_lt_1e-06_scale: 266

=== charge600_subset ===
centroid_file=/pscratch/sd/j/jackm/lorrax_sandbox/runs/CrI3/B_bispinor_charge600_probe_2026-05-06/centroids_frac_600_charge_subset.txt
nmu=600 band_range=(0,150) nk=36 fft_grid=(75, 75, 200)
  K-point chunking: 18 chunks of 2 (total 36 k-points)
same_point_occupied_density_and_gamma_ratios:
  gamma1_ratio_max: 3.594181e-09
  gamma1_ratio_median: 1.033295e-10
  gamma1_ratio_p95: 1.877977e-09
  gamma2_ratio_max: 3.261537e-09
  gamma2_ratio_median: 1.021811e-10
  gamma2_ratio_p95: 1.652129e-09
  gamma3_ratio_max: 3.018306e-09
  gamma3_ratio_median: 8.925455e-11
  gamma3_ratio_p95: 1.569945e-09
  rho_max: 3.504823e-01
  rho_median: 1.115671e-02
  rho_min: 2.186609e-03
q0_scalar_metric_eigen_stats:
  trace: 1.844398e-01
  scale_trace_over_n: 3.073996e-04
  min_eval: 7.827282e-12
  min_pos_eval_rel1e-14: 7.827282e-12
  max_eval: 2.500714e-02
  condition_rel1e-14: 3.194869e+09
  count_eval_lt_1e-12_scale: 0
  count_eval_lt_1e-10_scale: 0
  count_eval_lt_1e-08_scale: 0
  count_eval_lt_1e-06_scale: 98
