
     Program PW2BGW v.7.5 starts on 17Jun2026 at  5:39:26 

     This program is part of the open-source Quantum ESPRESSO suite
     for quantum simulation of materials; please cite
         "P. Giannozzi et al., J. Phys.:Condens. Matter 21 395502 (2009);
         "P. Giannozzi et al., J. Phys.:Condens. Matter 29 465901 (2017);
         "P. Giannozzi et al., J. Chem. Phys. 152 154105 (2020);
          URL http://www.quantum-espresso.org", 
     in publications or presentations arising from this work. More details at
     http://www.quantum-espresso.org/quote

     Parallel version (MPI & OpenMP), running on     128 processor cores
     Number of MPI processes:                 1
     Threads/MPI process:                   128

     MPI processes distributed on     1 nodes
     177976 MiB available memory on the printing compute node when the environment starts
 

     Reading xml data from directory:

     ./VI3.save/

     IMPORTANT: XC functional enforced from input :
     Exchange-correlation= PBE
                           (   1   4   3   4   0   0   0)
     Any further DFT definition will be discarded
     Please, verify this is what you really want

 
     G-vector sticks info
     --------------------
     sticks:   dense  smooth     PW     G-vecs:    dense   smooth      PW
     Sum        3679    3679    979               475783   475783   65975
 
     Using Slab Decomposition
 
 ----2D----2D----2D----2D----2D----2D----2D----2D----2D----2D----2D----2D
  The code is running with the 2D cutoff
  Please refer to:
  Sohier, T., Calandra, M., & Mauri, F. (2017), 
  Density functional perturbation theory for gated two-dimensional heterostructures:
  Theoretical developments and application to flexural phonons in graphene.
  Physical Review B, 96(7), 75448. https://doi.org/10.1103/PhysRevB.96.075448
 ----2D----2D----2D----2D----2D----2D----2D----2D----2D----2D----2D----2D

     negative rho (up, down):  0.000E+00 3.911E-04
     Reading collected, re-writing distributed wavefunctions

     Fixed quantization axis for GGA:     0.000000    0.000000    1.000000

     NLCC is present

     pw2bgw running with full spinors (non-collinear).

     call write_wfng

     WARNING: kgrid is set to zero in the wavefunction file.
              The resulting file will only be usable as the fine grid in inteqp.

     done write_wfng

 
     write_wfng   :    123.92s CPU    202.81s WALL (       1 calls)
 
     PW2BGW       :   2m58.73s CPU   3m52.75s WALL

 
   This run was terminated on:   5:43:19  17Jun2026            

=------------------------------------------------------------------------------=
   JOB DONE.
=------------------------------------------------------------------------------=
