Loading WFN: /pscratch/sd/j/jackm/lorrax_sandbox/runs/MoS2/03_mos2_3x3_soc_2026-05-14/qe/nscf/WFN.h5

  wfn.ntran                =    2  (spatial sym ops, no TRS)
  len(sym.sym_mats_k)      =    4  (should be 2*ntran with TRS)
  #k needing TRS           =    4  (sym_idx_k >= ntran)
  #q needing TRS           =    4  (sym_idx_q >= ntran)
  has_inversion (-I)       = False

  wfn.kpoints (IBZ, 9 points):
    [0]  +0.000000  +0.000000  +0.000000
    [1]  +0.000000  +0.333333  +0.000000
    [2]  +0.000000  +0.666667  +0.000000
    [3]  +0.333333  +0.000000  +0.000000
    [4]  +0.333333  +0.333333  +0.000000
    [5]  +0.333333  +0.666667  +0.000000
    [6]  +0.666667  -0.000000  +0.000000
    [7]  +0.666667  +0.333333  +0.000000
    [8]  +0.666667  +0.666667  +0.000000

  unfolded full-BZ k-points (9 total), sym_idx_k:
    full[ 0]  (+0.0000,+0.0000,+0.0000)  ← IBZ[0] via sym[0]     
    full[ 1]  (+0.0000,+0.3333,+0.0000)  ← IBZ[2] via sym[2] TRS
    full[ 2]  (+0.0000,+0.6667,+0.0000)  ← IBZ[2] via sym[0]     
    full[ 3]  (+0.3333,+0.0000,+0.0000)  ← IBZ[6] via sym[2] TRS
    full[ 4]  (+0.3333,+0.3333,+0.0000)  ← IBZ[8] via sym[2] TRS
    full[ 5]  (+0.3333,+0.6667,+0.0000)  ← IBZ[7] via sym[2] TRS
    full[ 6]  (+0.6667,+0.0000,+0.0000)  ← IBZ[6] via sym[0]     
    full[ 7]  (+0.6667,+0.3333,+0.0000)  ← IBZ[7] via sym[0]     
    full[ 8]  (+0.6667,+0.6667,+0.0000)  ← IBZ[8] via sym[0]     

  full-BZ q-points (9 total), sym_idx_q:
    q[ 0]  sym[ 0]       ← q_irr[0]
    q[ 1]  sym[ 0]       ← q_irr[1]
    q[ 2]  sym[ 2] TRS  ← q_irr[1]
    q[ 3]  sym[ 0]       ← q_irr[2]
    q[ 4]  sym[ 0]       ← q_irr[3]
    q[ 5]  sym[ 0]       ← q_irr[4]
    q[ 6]  sym[ 2] TRS  ← q_irr[2]
    q[ 7]  sym[ 2] TRS  ← q_irr[4]
    q[ 8]  sym[ 2] TRS  ← q_irr[3]

  spatial sym_matrices (wfn convention):
    [ 0]  +1 +0 +0 +0 +1 +0 +0 +0 +1
    [ 1]  +1 +0 +0 +0 +1 +0 +0 +0 -1

OK: non-inversion (has_inv=False) and 4 TRS-folded k-points
    --> suitable load-bearing test bed for PR3 (Agent 1 #5/#6/#7).
