Jax plugin configuration error: Exception when calling jax_plugins.xla_cuda13.initialize()
Traceback (most recent call last):
  File "/pscratch/sd/j/jackm/lorrax_sandbox/sources/lorrax_B/.venv/lib/python3.12/site-packages/jax/_src/xla_bridge.py", line 497, in discover_pjrt_plugins
    plugin_module.initialize()
  File "/pscratch/sd/j/jackm/lorrax_sandbox/sources/lorrax_B/.venv/lib/python3.12/site-packages/jax_plugins/xla_cuda13/__init__.py", line 348, in initialize
    _check_cuda_versions(raise_on_first_error=True)
  File "/pscratch/sd/j/jackm/lorrax_sandbox/sources/lorrax_B/.venv/lib/python3.12/site-packages/jax_plugins/xla_cuda13/__init__.py", line 274, in _check_cuda_versions
    for d in range(cuda_versions.cuda_device_count())
                   ^^^^^^^^^^^^^^^^^^^^^^^^^^^^^^^^^
RuntimeError: jaxlib/cuda/versions_helpers.cc:126: operation cuInit(0) failed: CUDA_ERROR_NO_DEVICE
Jax plugin configuration error: Exception when calling jax_plugins.xla_cuda13.initialize()
Traceback (most recent call last):
  File "/pscratch/sd/j/jackm/lorrax_sandbox/sources/lorrax_B/.venv/lib/python3.12/site-packages/jax/_src/xla_bridge.py", line 497, in discover_pjrt_plugins
    plugin_module.initialize()
  File "/pscratch/sd/j/jackm/lorrax_sandbox/sources/lorrax_B/.venv/lib/python3.12/site-packages/jax_plugins/xla_cuda13/__init__.py", line 348, in initialize
    _check_cuda_versions(raise_on_first_error=True)
  File "/pscratch/sd/j/jackm/lorrax_sandbox/sources/lorrax_B/.venv/lib/python3.12/site-packages/jax_plugins/xla_cuda13/__init__.py", line 274, in _check_cuda_versions
    for d in range(cuda_versions.cuda_device_count())
                   ^^^^^^^^^^^^^^^^^^^^^^^^^^^^^^^^^
RuntimeError: jaxlib/cuda/versions_helpers.cc:126: operation cuInit(0) failed: CUDA_ERROR_NO_DEVICE
Jax plugin configuration error: Exception when calling jax_plugins.xla_cuda13.initialize()
Traceback (most recent call last):
  File "/pscratch/sd/j/jackm/lorrax_sandbox/sources/lorrax_B/.venv/lib/python3.12/site-packages/jax/_src/xla_bridge.py", line 497, in discover_pjrt_plugins
    plugin_module.initialize()
  File "/pscratch/sd/j/jackm/lorrax_sandbox/sources/lorrax_B/.venv/lib/python3.12/site-packages/jax_plugins/xla_cuda13/__init__.py", line 348, in initialize
    _check_cuda_versions(raise_on_first_error=True)
  File "/pscratch/sd/j/jackm/lorrax_sandbox/sources/lorrax_B/.venv/lib/python3.12/site-packages/jax_plugins/xla_cuda13/__init__.py", line 274, in _check_cuda_versions
    for d in range(cuda_versions.cuda_device_count())
                   ^^^^^^^^^^^^^^^^^^^^^^^^^^^^^^^^^
RuntimeError: jaxlib/cuda/versions_helpers.cc:126: operation cuInit(0) failed: CUDA_ERROR_NO_DEVICE
Jax plugin configuration error: Exception when calling jax_plugins.xla_cuda13.initialize()
Traceback (most recent call last):
  File "/pscratch/sd/j/jackm/lorrax_sandbox/sources/lorrax_B/.venv/lib/python3.12/site-packages/jax/_src/xla_bridge.py", line 497, in discover_pjrt_plugins
    plugin_module.initialize()
  File "/pscratch/sd/j/jackm/lorrax_sandbox/sources/lorrax_B/.venv/lib/python3.12/site-packages/jax_plugins/xla_cuda13/__init__.py", line 348, in initialize
    _check_cuda_versions(raise_on_first_error=True)
  File "/pscratch/sd/j/jackm/lorrax_sandbox/sources/lorrax_B/.venv/lib/python3.12/site-packages/jax_plugins/xla_cuda13/__init__.py", line 274, in _check_cuda_versions
    for d in range(cuda_versions.cuda_device_count())
                   ^^^^^^^^^^^^^^^^^^^^^^^^^^^^^^^^^
RuntimeError: jaxlib/cuda/versions_helpers.cc:126: operation cuInit(0) failed: CUDA_ERROR_NO_DEVICE
[Gloo] Rank 0 is connected to 3 peer ranks. Expected number of connected peer ranks is : 3
[Gloo] Rank 1 is connected to 3 peer ranks. Expected number of connected peer ranks is : 3
[Gloo] Rank 3 is connected to 3 peer ranks. Expected number of connected peer ranks is : 3
[Gloo] Rank 2 is connected to 3 peer ranks. Expected number of connected peer ranks is : 3
[Gloo] Rank 1 is connected to 1 peer ranks. Expected number of connected peer ranks is : 1
[Gloo] Rank 1 is connected to 1 peer ranks. Expected number of connected peer ranks is : 1
[Gloo] Rank 0 is connected to 1 peer ranks. Expected number of connected peer ranks is : 1
[Gloo] Rank 0 is connected to 1 peer ranks. Expected number of connected peer ranks is : 1
[Gloo] Rank 0 is connected to 1 peer ranks. Expected number of connected peer ranks is : 1
[Gloo] Rank 1 is connected to 1 peer ranks. Expected number of connected peer ranks is : 1
[Gloo] Rank 0 is connected to 1 peer ranks. Expected number of connected peer ranks is : 1
[Gloo] Rank 1 is connected to 1 peer ranks. Expected number of connected peer ranks is : 1

========================================================================
  COHSEX-JAX: Self-Energy Calculation
========================================================================
  Backend: CPU       Devices: 4  Mesh: 2×2  Processes: 4
  Device type: cpu
  XLA preallocate: unset  mem_fraction: unset
========================================================================

  ISDF basis: 432 centroids
  FFT grid: 24×24×24   Cell volume: 270.11 a.u.³


  Zeta fitting: 1 r-chunks x 13824 r-points, 60 bands (60 left + 60 right)
  Output: /pscratch/sd/j/jackm/lorrax_sandbox/runs/Si/NONBISPINOR_CPU_2026-05-20/mu384/tmp/zeta_q.h5
  Left wfns:  (64, 60, 2, 432)
  Right wfns: (64, 60, 2, 432)

  Zeta fitting: 1 r-chunks x 13824 r-points, 60 bands (60 left + 60 right)
  Output: /pscratch/sd/j/jackm/lorrax_sandbox/runs/Si/NONBISPINOR_CPU_2026-05-20/mu384/tmp/zeta_q.h5
  Left wfns:  (64, 60, 2, 432)
  Right wfns: (64, 60, 2, 432)

  Zeta fitting: 1 r-chunks x 13824 r-points, 60 bands (60 left + 60 right)
  Output: /pscratch/sd/j/jackm/lorrax_sandbox/runs/Si/NONBISPINOR_CPU_2026-05-20/mu384/tmp/zeta_q.h5
  Left wfns:  (64, 60, 2, 432)
  Right wfns: (64, 60, 2, 432)
    Memory estimate: peak 30.73 GB (budget 70.00 GB), bottleneck=zct
    Per-stage: fft=14.93  zct=30.73  reshard=4.74  solve=3.27  gather=1.90 GB
    AOT fit_one_rchunk peak (driver-level): 6.59 GB
  Computing C_q via shard_map pipeline (open-spin, charge γ̃^0=I)
  Computing C_q via shard_map pipeline (open-spin, charge γ̃^0=I)

  G-flat memory model — chunk plan + HWM estimate
    band_chunk         = 64
    r_chunk            = 13824  (1 chunks)
    gflat_chunk_size   = 100
    budget             = 70.00 GB/dev
    HWM estimate       = 20.12 GB/dev (29% of budget) [bottleneck: C_fit_one_rchunk]
    peak totals (GB/dev):
      C_fit_one_rchunk........   20.12
      D_accumulate............    1.82
      B_CCT_chol..............    0.59
      E_v_q...................    0.20
      A_centroid..............    0.16
    per-peak components (GB/dev):
      [A]
        fft_box...............   0.113
        centroid_out_filling..   0.027
        phase_table...........   0.014
        sphere_idx_replicated.   0.004
      [B]
        P_l_plus_P_r_open_spin   0.382
        centroids_persistent..   0.106
        C_q...................   0.048
        L_q...................   0.048
        sphere_idx_replicated.   0.004
      [C]
        P_pair_concurrent_slots  18.346
        zeta_out..............   1.529
        centroids_persist.....   0.106
        gflat_acc.............   0.092
        L_q...................   0.048
        sphere_idx_replicated.   0.004
      [D]
        zeta_chunk............   1.529
        centroids_persist.....   0.106
        gflat_acc.............   0.092
        L_q...................   0.048
        accumulate_fft_box....   0.044
        sphere_idx_replicated.   0.004
      [E]
        zeta_L_all............   0.092
        psi_centroids_persistent   0.053
        V_acc.................   0.048
        V_acc_full_BZ.........   0.048
        sphere_idx_replicated.   0.004
        zeta_L_on_x_axis......   0.003
        zeta_R_on_y_axis......   0.003
        v_q_table_replicated..   0.001
        V_q_block.............   0.001
        g0_acc................   0.000
        lorentz_mix_buffer....   0.000

  Chunked ISDF fitting:
    Band chunks: 64
    R chunks:    13824 (contiguous r-space)
    Q chunks:    64
    GFlat cs:    100
    Zeta output: /pscratch/sd/j/jackm/lorrax_sandbox/runs/Si/NONBISPINOR_CPU_2026-05-20/mu384/tmp/zeta_q.h5
    cutoffs: zeta = 25.0 Ry, bare-Coulomb = 25.0 Ry  (ecutwfc=25.0, ecutrho=100.0)
  Computing C_q via shard_map pipeline (open-spin, charge γ̃^0=I)
[mem_probe zeta_fit_start] in_use=-0.00 GB  peak=-0.00 GB  live_count=43 live_total=0.11 GB  nvsmi=0.00 GB nvsmi_peak=0.00 GB
[mem_probe zeta_fit_start]   complex128 (64, 432, 60, 2) x 1 = 0.05 GB
[mem_probe zeta_fit_start]   complex128 (64, 60, 2, 432) x 1 = 0.05 GB
[mem_probe zeta_fit_start]   int32 (64, 24, 24, 24) x 1 = 0.00 GB
[mem_probe zeta_fit_start]   complex128 (64, 432) x 6 = 0.00 GB
[mem_probe zeta_fit_start]   int32 (432, 3) x 2 = 0.00 GB
[mem_probe zeta_fit_start]   complex128 (4, 4) x 6 = 0.00 GB
[mem_probe zeta_fit_start]   complex128 (4,) x 8 = 0.00 GB
[mem_probe zeta_fit_start]   int64 (4,) x 8 = 0.00 GB
[mem_probe zeta_fit_start]   complex128 (2, 2) x 3 = 0.00 GB
[mem_probe zeta_fit_start]   int32 (4, 4) x 1 = 0.00 GB

  Zeta fitting: 1 r-chunks x 13824 r-points, 60 bands (60 left + 60 right)
  Output: /pscratch/sd/j/jackm/lorrax_sandbox/runs/Si/NONBISPINOR_CPU_2026-05-20/mu384/tmp/zeta_q.h5
  Left wfns:  (64, 60, 2, 432)
  Right wfns: (64, 60, 2, 432)
  Computing C_q via shard_map pipeline (open-spin, charge γ̃^0=I)
  Computing L_q = chol(C_q)  [PSD, charge channel, path=sharded_cholesky]
  Computing L_q = chol(C_q)  [PSD, charge channel, path=sharded_cholesky]
  Computing L_q = chol(C_q)  [PSD, charge channel, path=sharded_cholesky]
  Computing L_q = chol(C_q)  [PSD, charge channel, path=sharded_cholesky]
Traceback (most recent call last):
  File "<frozen runpy>", line 198, in _run_module_as_main
  File "<frozen runpy>", line 88, in _run_code
  File "/pscratch/sd/j/jackm/lorrax_sandbox/sources/lorrax_B/src/gw/gw_jax.py", line 956, in <module>
    raise SystemExit(main())
                     ^^^^^^
  File "/pscratch/sd/j/jackm/lorrax_sandbox/sources/lorrax_B/src/gw/gw_jax.py", line 169, in main
    isdf = prepare_isdf_and_wavefunctions(
           ^^^^^^^^^^^^^^^^^^^^^^^^^^^^^^^
  File "/pscratch/sd/j/jackm/lorrax_sandbox/sources/lorrax_B/src/gw/gw_init.py", line 1228, in prepare_isdf_and_wavefunctions
    zeta_path, mem_est, transverse_wfn_data = fit_zeta(
                                              ^^^^^^^^^
  File "/pscratch/sd/j/jackm/lorrax_sandbox/sources/lorrax_B/src/gw/gw_init.py", line 708, in fit_zeta
    peak_bytes = fit_zeta_to_h5(
                 ^^^^^^^^^^^^^^^
  File "/pscratch/sd/j/jackm/lorrax_sandbox/sources/lorrax_B/src/common/isdf_fitting.py", line 2100, in fit_zeta_to_h5
    L_q = factor_c_q(
          ^^^^^^^^^^^
  File "/pscratch/sd/j/jackm/lorrax_sandbox/sources/lorrax_B/src/common/isdf_fitting.py", line 1155, in factor_c_q
    L_q_tiles = chol_fn(C_q_tiles)
                ^^^^^^^^^^^^^^^^^^
  File "/pscratch/sd/j/jackm/lorrax_sandbox/sources/lorrax_B/src/common/cholesky_2d.py", line 253, in _batched_chol
    return lax.map(chol_single, all_C_q)
           ^^^^^^^^^^^^^^^^^^^^^^^^^^^^^
  File "/pscratch/sd/j/jackm/lorrax_sandbox/sources/lorrax_B/src/common/cholesky_2d.py", line 221, in _chol_2d_local
    A_local, _ = lax.scan(body_k, A_local, jnp.arange(J))
                 ^^^^^^^^^^^^^^^^^^^^^^^^^^^^^^^^^^^^^^^^
  File "/pscratch/sd/j/jackm/lorrax_sandbox/sources/lorrax_B/src/common/cholesky_2d.py", line 193, in body_k
    panel_local = lax.fori_loop(0, J_row, fill_panel, panel_init)
                  ^^^^^^^^^^^^^^^^^^^^^^^^^^^^^^^^^^^^^^^^^^^^^^^
TypeError: scan body function carry input and carry output must have equal types, but they differ:

The input carry component loop_carry[1] has type complex128[2,216,216] but the corresponding output carry component has type complex128[2,216,216]{V:(x,y)}, so the varying manual axes do not match.

This might be fixed by applying `jax.lax.pcast(..., ('x', 'y'), to='varying')` to the initial carry value corresponding to the input carry component loop_carry[1].
See https://docs.jax.dev/en/latest/notebooks/shard_map.html#scan-vma for more information.

Revise the function so that all output types match the corresponding input types.
--------------------
For simplicity, JAX has removed its internal frames from the traceback of the following exception. Set JAX_TRACEBACK_FILTERING=off to include these.
Traceback (most recent call last):
  File "<frozen runpy>", line 198, in _run_module_as_main
  File "<frozen runpy>", line 88, in _run_code
  File "/pscratch/sd/j/jackm/lorrax_sandbox/sources/lorrax_B/src/gw/gw_jax.py", line 956, in <module>
    raise SystemExit(main())
                     ^^^^^^
  File "/pscratch/sd/j/jackm/lorrax_sandbox/sources/lorrax_B/src/gw/gw_jax.py", line 169, in main
    isdf = prepare_isdf_and_wavefunctions(
           ^^^^^^^^^^^^^^^^^^^^^^^^^^^^^^^
  File "/pscratch/sd/j/jackm/lorrax_sandbox/sources/lorrax_B/src/gw/gw_init.py", line 1228, in prepare_isdf_and_wavefunctions
    zeta_path, mem_est, transverse_wfn_data = fit_zeta(
                                              ^^^^^^^^^
  File "/pscratch/sd/j/jackm/lorrax_sandbox/sources/lorrax_B/src/gw/gw_init.py", line 708, in fit_zeta
    peak_bytes = fit_zeta_to_h5(
                 ^^^^^^^^^^^^^^^
  File "/pscratch/sd/j/jackm/lorrax_sandbox/sources/lorrax_B/src/common/isdf_fitting.py", line 2100, in fit_zeta_to_h5
    L_q = factor_c_q(
          ^^^^^^^^^^^
  File "/pscratch/sd/j/jackm/lorrax_sandbox/sources/lorrax_B/src/common/isdf_fitting.py", line 1155, in factor_c_q
    L_q_tiles = chol_fn(C_q_tiles)
                ^^^^^^^^^^^^^^^^^^
  File "/pscratch/sd/j/jackm/lorrax_sandbox/sources/lorrax_B/src/common/cholesky_2d.py", line 253, in _batched_chol
    return lax.map(chol_single, all_C_q)
           ^^^^^^^^^^^^^^^^^^^^^^^^^^^^^
  File "/pscratch/sd/j/jackm/lorrax_sandbox/sources/lorrax_B/src/common/cholesky_2d.py", line 221, in _chol_2d_local
Traceback (most recent call last):
  File "<frozen runpy>", line 198, in _run_module_as_main
  File "<frozen runpy>", line 88, in _run_code
  File "/pscratch/sd/j/jackm/lorrax_sandbox/sources/lorrax_B/src/gw/gw_jax.py", line 956, in <module>
    A_local, _ = lax.scan(body_k, A_local, jnp.arange(J))
                 ^^^^^^^^^^^^^^^^^^^^^^^^^^^^^^^^^^^^^^^^
  File "/pscratch/sd/j/jackm/lorrax_sandbox/sources/lorrax_B/src/common/cholesky_2d.py", line 193, in body_k
    raise SystemExit(main())
                     ^^^^^^
  File "/pscratch/sd/j/jackm/lorrax_sandbox/sources/lorrax_B/src/gw/gw_jax.py", line 169, in main
    panel_local = lax.fori_loop(0, J_row, fill_panel, panel_init)
                  ^^^^^^^^^^^^^^^^^^^^^^^^^^^^^^^^^^^^^^^^^^^^^^^
TypeError: scan body function carry input and carry output must have equal types, but they differ:

The input carry component loop_carry[1] has type complex128[2,216,216] but the corresponding output carry component has type complex128[2,216,216]{V:(x,y)}, so the varying manual axes do not match.

This might be fixed by applying `jax.lax.pcast(..., ('x', 'y'), to='varying')` to the initial carry value corresponding to the input carry component loop_carry[1].
See https://docs.jax.dev/en/latest/notebooks/shard_map.html#scan-vma for more information.

Revise the function so that all output types match the corresponding input types.
--------------------
For simplicity, JAX has removed its internal frames from the traceback of the following exception. Set JAX_TRACEBACK_FILTERING=off to include these.
    isdf = prepare_isdf_and_wavefunctions(
           ^^^^^^^^^^^^^^^^^^^^^^^^^^^^^^^
  File "/pscratch/sd/j/jackm/lorrax_sandbox/sources/lorrax_B/src/gw/gw_init.py", line 1228, in prepare_isdf_and_wavefunctions
    zeta_path, mem_est, transverse_wfn_data = fit_zeta(
                                              ^^^^^^^^^
  File "/pscratch/sd/j/jackm/lorrax_sandbox/sources/lorrax_B/src/gw/gw_init.py", line 708, in fit_zeta
    peak_bytes = fit_zeta_to_h5(
                 ^^^^^^^^^^^^^^^
  File "/pscratch/sd/j/jackm/lorrax_sandbox/sources/lorrax_B/src/common/isdf_fitting.py", line 2100, in fit_zeta_to_h5
    L_q = factor_c_q(
          ^^^^^^^^^^^
  File "/pscratch/sd/j/jackm/lorrax_sandbox/sources/lorrax_B/src/common/isdf_fitting.py", line 1155, in factor_c_q
    L_q_tiles = chol_fn(C_q_tiles)
                ^^^^^^^^^^^^^^^^^^
  File "/pscratch/sd/j/jackm/lorrax_sandbox/sources/lorrax_B/src/common/cholesky_2d.py", line 253, in _batched_chol
    return lax.map(chol_single, all_C_q)
           ^^^^^^^^^^^^^^^^^^^^^^^^^^^^^
  File "/pscratch/sd/j/jackm/lorrax_sandbox/sources/lorrax_B/src/common/cholesky_2d.py", line 221, in _chol_2d_local
    A_local, _ = lax.scan(body_k, A_local, jnp.arange(J))
                 ^^^^^^^^^^^^^^^^^^^^^^^^^^^^^^^^^^^^^^^^
  File "/pscratch/sd/j/jackm/lorrax_sandbox/sources/lorrax_B/src/common/cholesky_2d.py", line 193, in body_k
    panel_local = lax.fori_loop(0, J_row, fill_panel, panel_init)
                  ^^^^^^^^^^^^^^^^^^^^^^^^^^^^^^^^^^^^^^^^^^^^^^^
TypeError: scan body function carry input and carry output must have equal types, but they differ:

The input carry component loop_carry[1] has type complex128[2,216,216] but the corresponding output carry component has type complex128[2,216,216]{V:(x,y)}, so the varying manual axes do not match.

This might be fixed by applying `jax.lax.pcast(..., ('x', 'y'), to='varying')` to the initial carry value corresponding to the input carry component loop_carry[1].
See https://docs.jax.dev/en/latest/notebooks/shard_map.html#scan-vma for more information.

Revise the function so that all output types match the corresponding input types.
--------------------
For simplicity, JAX has removed its internal frames from the traceback of the following exception. Set JAX_TRACEBACK_FILTERING=off to include these.
Traceback (most recent call last):
  File "<frozen runpy>", line 198, in _run_module_as_main
  File "<frozen runpy>", line 88, in _run_code
  File "/pscratch/sd/j/jackm/lorrax_sandbox/sources/lorrax_B/src/gw/gw_jax.py", line 956, in <module>
    raise SystemExit(main())
                     ^^^^^^
  File "/pscratch/sd/j/jackm/lorrax_sandbox/sources/lorrax_B/src/gw/gw_jax.py", line 169, in main
    isdf = prepare_isdf_and_wavefunctions(
           ^^^^^^^^^^^^^^^^^^^^^^^^^^^^^^^
  File "/pscratch/sd/j/jackm/lorrax_sandbox/sources/lorrax_B/src/gw/gw_init.py", line 1228, in prepare_isdf_and_wavefunctions
    zeta_path, mem_est, transverse_wfn_data = fit_zeta(
                                              ^^^^^^^^^
  File "/pscratch/sd/j/jackm/lorrax_sandbox/sources/lorrax_B/src/gw/gw_init.py", line 708, in fit_zeta
    peak_bytes = fit_zeta_to_h5(
                 ^^^^^^^^^^^^^^^
  File "/pscratch/sd/j/jackm/lorrax_sandbox/sources/lorrax_B/src/common/isdf_fitting.py", line 2100, in fit_zeta_to_h5
    L_q = factor_c_q(
          ^^^^^^^^^^^
  File "/pscratch/sd/j/jackm/lorrax_sandbox/sources/lorrax_B/src/common/isdf_fitting.py", line 1155, in factor_c_q
    L_q_tiles = chol_fn(C_q_tiles)
                ^^^^^^^^^^^^^^^^^^
  File "/pscratch/sd/j/jackm/lorrax_sandbox/sources/lorrax_B/src/common/cholesky_2d.py", line 253, in _batched_chol
    return lax.map(chol_single, all_C_q)
           ^^^^^^^^^^^^^^^^^^^^^^^^^^^^^
  File "/pscratch/sd/j/jackm/lorrax_sandbox/sources/lorrax_B/src/common/cholesky_2d.py", line 221, in _chol_2d_local
    A_local, _ = lax.scan(body_k, A_local, jnp.arange(J))
                 ^^^^^^^^^^^^^^^^^^^^^^^^^^^^^^^^^^^^^^^^
  File "/pscratch/sd/j/jackm/lorrax_sandbox/sources/lorrax_B/src/common/cholesky_2d.py", line 193, in body_k
    panel_local = lax.fori_loop(0, J_row, fill_panel, panel_init)
                  ^^^^^^^^^^^^^^^^^^^^^^^^^^^^^^^^^^^^^^^^^^^^^^^
TypeError: scan body function carry input and carry output must have equal types, but they differ:

The input carry component loop_carry[1] has type complex128[2,216,216] but the corresponding output carry component has type complex128[2,216,216]{V:(x,y)}, so the varying manual axes do not match.

This might be fixed by applying `jax.lax.pcast(..., ('x', 'y'), to='varying')` to the initial carry value corresponding to the input carry component loop_carry[1].
See https://docs.jax.dev/en/latest/notebooks/shard_map.html#scan-vma for more information.

Revise the function so that all output types match the corresponding input types.
--------------------
For simplicity, JAX has removed its internal frames from the traceback of the following exception. Set JAX_TRACEBACK_FILTERING=off to include these.
srun: error: nid004148: tasks 0-3: Exited with exit code 1
srun: Terminating StepId=54408957.0
