/pscratch/sd/j/jackm/lorrax_sandbox/sources/worktrees/lorrax_A_exciton_bands/src/bse/exciton_bands.py:282: DeprecationWarning: Input key 'output_file' is no longer supported and will be ignored.  ``output_file`` (LORRAX-native eqp0) is now ``sigma_diag_file`` (defaults to ``sigma_diag.dat``); BGW-format ``eqp0.dat`` and ``eqp1.dat`` (with Z-linearization) are written automatically.  Remove 'output_file' from your input file.
  params = read_lorrax_input(args.input)
/pscratch/sd/j/jackm/lorrax_sandbox/sources/worktrees/lorrax_A_exciton_bands/src/bse/exciton_bands.py:282: DeprecationWarning: Input key 'self_consistent' is deprecated; it is honored via ``qp_solver = auto`` resolution.  Set 'qp_solver = self_consistent' instead.
  params = read_lorrax_input(args.input)
/pscratch/sd/j/jackm/lorrax_sandbox/sources/worktrees/lorrax_A_exciton_bands/src/bse/exciton_bands.py:282: DeprecationWarning: Input key 'sigma_at_dft_energies' is deprecated; it is honored via ``qp_solver = auto`` resolution.  Set 'qp_solver = one_shot_dft (the default)' instead.
  params = read_lorrax_input(args.input)
BSE-sharded: q=0 head injected (rank-1, dual-sharded G0, V_cell=702.20): vhead=9315.306, whead[0]=3499.067
  Streaming Galerkin: nk=144, nb=40, nr=46080, n_mu=640, mesh=(2x2)
  load_centroids_band_chunked: 3.52s
  SVD of (5760, 1280): rank=1280, σ_max=4.324e+00, σ_min/1e-08=4.400e-06 (1.69s)
2026-07-18 19:12:19.877309: W external/xla/xla/hlo/transforms/simplifiers/hlo_rematerialization.cc:3021] Can't reduce memory use below 22.16GiB (23789738218 bytes) by rematerialization; only reduced to 23.73GiB (25480396736 bytes), down from 23.73GiB (25481382912 bytes) originally
/opt/jax/jax/_src/interpreters/mlir.py:1178: UserWarning: Some donated buffers were not usable: ShapedArray(complex128[144,40,2,23040]).
See an explanation at https://jax.readthedocs.io/en/latest/faq.html#buffer-donation.
  warnings.warn("Some donated buffers were not usable:"
  G accumulation: 1 chunk(s), 1.55s
  Cholesky of G: 0.54s
  ctilde[0] orthogonality error: 4.325e-04
  Total Galerkin: 8.36s
Loaded wavefunctions: nk=144, nb=40, rank=1280
Q path: 40 points, nodes at [0, 15, 23, 39] labels ['Γ', 'M', 'K', 'Γ']
  full-band htransform: fH over 40 bands (26v + 14c); BSE conduction [26,30) = 4 band(s) + 10 guard(s)
  bse_setup: (12, 12, 1) → explicit q-list (5760 q-pts), bands [26, 30) of 1280, batch=32
  f-transform: a=0.211121 Ry, n=3.00, shift=0.352059 Ry (a from band 28)
  bundle: psi_rmu_Y=(5760, 4, 2, 640), psi_rmuT_X=(5760, 640, 4, 2)
  [gate] htransform@Γ vs stored: max|Δε_c| = 1.284 meV, conduction-subspace overlap min-sval = 0.8853
  [wrapfix] 4 of 144 q relabeled to the sphere-derived center
  [gates] vq_interp coarse data:
    [gate] recon_roundtrip_sphere_Gamma                 2.311e-16  OK
    [gate] sphere_max|q+G|^2_minus_cutoff               0.000e+00  OK
    [gate] makeVq_vs_disk_Vqmunu_allq_max               5.281e-09  OK
    [gate] XHX_vs_Cq_torus_q0                           1.714e-11  OK
    [gate] vSR+vLR==v_q0                                3.721e-18  OK
    [gate] vSR+vLR==v_q1                                1.453e-18  OK
    [gate] slab_axes_offdiag                            0.000e+00  OK
  [prep] gset(0.3) = 337 G; 0 out-of-sphere (q,G) channels zero-filled; sphere-tail bound 6.4e-37
  [fit] LR design: degrees {0: 3, 1: 2, 2: 0, 3: 0} -> 26 complex coefficients per mu (global)
    [null] exact_stencil_VSRc_train_point               1.207e-15  OK
    [null] exact_stencil_Fch_train_point                1.272e-15  OK
    [null] F_own_rebuild_vs_cleaned_LR_tile_max         1.871e-09  OK
solve_path: cold 570.68s (incl. ONE compile), warm 563.32s = 14082.9 ms/Q over 40 Q
solve_path memory_analysis: temp=2308.4 MiB args=748.9 MiB out=0.0 MiB
Wrote exciton_bands_fullbasis.dat
Wrote exciton_bands_fullbasis.png

--- timings (s) ---
  load_bse                    4.06
  htransform_setup            9.61
  htransform_psi_cQ         199.28
  vq_prepare                166.09
  vq_eval                     1.77
  solve_scan_cold           570.68
  solve_scan_warm           563.32
  TOTAL                    1520.79
