[lxrun] JID 52728775 · 4 nodes · 2:12:50 left · 4/4 free · incoming: lx-C
  1  nid001120  free   —              —      —  ← starting lx-C  python3 -u -m gw.gw_jax 
  2  nid001121  free   —              —      —
  3  nid001124  free   —              —      —
  4  nid001241  free   —              —      —

========================================================================
  COHSEX-JAX: Self-Energy Calculation
========================================================================
  Backend: GPU       Devices: 4  Mesh: 2×2  Processes: 4
  Device type: NVIDIA A100-SXM4-40GB
  XLA preallocate: false  mem_fraction: unset
========================================================================

/global/homes/j/jackm/software/lorrax_C/src/common/symmetry_maps.py:324: UserWarning: SymMaps: 6/16 full-BZ k-points require time-reversal symmetry for unfolding. Non-symmorphic phases are NOT applied for these k-points. Use noinv=.true. in QE to avoid this.
  warnings.warn(
/global/homes/j/jackm/software/lorrax_C/src/common/symmetry_maps.py:324: UserWarning: SymMaps: 6/16 full-BZ k-points require time-reversal symmetry for unfolding. Non-symmorphic phases are NOT applied for these k-points. Use noinv=.true. in QE to avoid this.
  warnings.warn(
/global/homes/j/jackm/software/lorrax_C/src/common/symmetry_maps.py:324: UserWarning: SymMaps: 6/16 full-BZ k-points require time-reversal symmetry for unfolding. Non-symmorphic phases are NOT applied for these k-points. Use noinv=.true. in QE to avoid this.
  warnings.warn(
/global/homes/j/jackm/software/lorrax_C/src/common/symmetry_maps.py:324: UserWarning: SymMaps: 6/16 full-BZ k-points require time-reversal symmetry for unfolding. Non-symmorphic phases are NOT applied for these k-points. Use noinv=.true. in QE to avoid this.
  warnings.warn(
  ISDF basis: 640 centroids
  FFT grid: 24×24×80   Cell volume: 702.20 a.u.³

    Memory estimate: peak 18.95 GB (budget 28.00 GB), bottleneck=zct
    Per-stage: fft=6.68  zct=9.52  reshard=5.74  solve=4.11  gather=3.03 GB

  Zeta fitting: 1 r-chunks x 46080 r-points, 80 bands (80 left + 80 right)
  Output: /pscratch/sd/j/jackm/lorrax_sandbox/runs/MoS2/01_mos2_4x4_cohsex_gnppm/C_lorrax_gnppm_replicated_postproc/tmp/zeta_q.h5
    AOT fit_one_rchunk peak (driver-level): 7.79 GB

  Chunked ISDF fitting:
    Band chunks: 80
    R chunks:    46080 (contiguous r-space)
    Q chunks:    16
    Zeta output: /pscratch/sd/j/jackm/lorrax_sandbox/runs/MoS2/01_mos2_4x4_cohsex_gnppm/C_lorrax_gnppm_replicated_postproc/tmp/zeta_q.h5

  Zeta fitting: 1 r-chunks x 46080 r-points, 80 bands (80 left + 80 right)
  Output: /pscratch/sd/j/jackm/lorrax_sandbox/runs/MoS2/01_mos2_4x4_cohsex_gnppm/C_lorrax_gnppm_replicated_postproc/tmp/zeta_q.h5

  Zeta fitting: 1 r-chunks x 46080 r-points, 80 bands (80 left + 80 right)
  Output: /pscratch/sd/j/jackm/lorrax_sandbox/runs/MoS2/01_mos2_4x4_cohsex_gnppm/C_lorrax_gnppm_replicated_postproc/tmp/zeta_q.h5

  Zeta fitting: 1 r-chunks x 46080 r-points, 80 bands (80 left + 80 right)
  Output: /pscratch/sd/j/jackm/lorrax_sandbox/runs/MoS2/01_mos2_4x4_cohsex_gnppm/C_lorrax_gnppm_replicated_postproc/tmp/zeta_q.h5
  Left wfns:  (16, 80, 2, 640)
  Right wfns: (16, 80, 2, 640)
  Left wfns:  (16, 80, 2, 640)
  Right wfns: (16, 80, 2, 640)
  Left wfns:  (16, 80, 2, 640)
  Right wfns: (16, 80, 2, 640)
  Left wfns:  (16, 80, 2, 640)
  Right wfns: (16, 80, 2, 640)
  Pseudobands normalization: 0 weighted, 0 zero-weight (skipped)
  Computing pair densities P_l, P_r (spin_traced)
/opt/jax/jax/_src/interpreters/mlir.py:1178: UserWarning: Some donated buffers were not usable: ShapedArray(complex128[16,320,320]).
See an explanation at https://jax.readthedocs.io/en/latest/faq.html#buffer-donation.
  warnings.warn("Some donated buffers were not usable:"
  Computing L_q = chol(C_q)
  Pseudobands normalization: 0 weighted, 0 zero-weight (skipped)
  Computing pair densities P_l, P_r (spin_traced)
  Pseudobands normalization: 0 weighted, 0 zero-weight (skipped)
  Computing pair densities P_l, P_r (spin_traced)
  Pseudobands normalization: 0 weighted, 0 zero-weight (skipped)
  Computing pair densities P_l, P_r (spin_traced)
/opt/jax/jax/_src/interpreters/mlir.py:1178: UserWarning: Some donated buffers were not usable: ShapedArray(complex128[16,320,320]).
See an explanation at https://jax.readthedocs.io/en/latest/faq.html#buffer-donation.
  warnings.warn("Some donated buffers were not usable:"
/opt/jax/jax/_src/interpreters/mlir.py:1178: UserWarning: Some donated buffers were not usable: ShapedArray(complex128[16,320,320]).
See an explanation at https://jax.readthedocs.io/en/latest/faq.html#buffer-donation.
  warnings.warn("Some donated buffers were not usable:"
/opt/jax/jax/_src/interpreters/mlir.py:1178: UserWarning: Some donated buffers were not usable: ShapedArray(complex128[16,320,320]).
See an explanation at https://jax.readthedocs.io/en/latest/faq.html#buffer-donation.
  warnings.warn("Some donated buffers were not usable:"
  Computing L_q = chol(C_q)
  Computing L_q = chol(C_q)
  Computing L_q = chol(C_q)
  L_q: (16, 640, 640)
  L_q: (16, 640, 640)
  L_q: (16, 640, 640)
  L_q: (16, 640, 640)
/global/homes/j/jackm/software/lorrax_C/src/file_io/_slab_io_ffi.py:239: UserWarning: FFI backend: chunks/attrs on create_dataset currently no-op; pre-create with h5py if you need explicit chunking or attrs.
  warnings.warn(
/global/homes/j/jackm/software/lorrax_C/src/file_io/_slab_io_ffi.py:239: UserWarning: FFI backend: chunks/attrs on create_dataset currently no-op; pre-create with h5py if you need explicit chunking or attrs.
  warnings.warn(
/global/homes/j/jackm/software/lorrax_C/src/file_io/_slab_io_ffi.py:239: UserWarning: FFI backend: chunks/attrs on create_dataset currently no-op; pre-create with h5py if you need explicit chunking or attrs.
  warnings.warn(
/global/homes/j/jackm/software/lorrax_C/src/file_io/_slab_io_ffi.py:239: UserWarning: FFI backend: chunks/attrs on create_dataset currently no-op; pre-create with h5py if you need explicit chunking or attrs.
  warnings.warn(
  ψ(G) host cache: 0.47 GB/process resident
Started zeta fitting at 18:59:13.
[ 18:59:13 | ██████████ | 100% ] r-chunk 1 / 1 · ETA 0 s
Finished zeta fitting at 18:59:13.  Elapsed: 0 s.
  [SlabIO.close] draining 1 pending writes for zeta_q.h5 …
  [SlabIO.close] Python dispatch drained in 6.1 s; joining writer thread
  [SlabIO.close] writer thread joined in 0.0 s; calling H5Fclose collectively
  [SlabIO.close] H5Fclose returned in 0.6 s
  Zeta output: /pscratch/sd/j/jackm/lorrax_sandbox/runs/MoS2/01_mos2_4x4_cohsex_gnppm/C_lorrax_gnppm_replicated_postproc/tmp/zeta_q.h5  shape: (4,4,1,640,46080)
  Timing (1 r-chunks, 1.2s total):
    fit      1.06s  86.3%
    H5       0.15s  12.5%
  Zeta output: /pscratch/sd/j/jackm/lorrax_sandbox/runs/MoS2/01_mos2_4x4_cohsex_gnppm/C_lorrax_gnppm_replicated_postproc/tmp/zeta_q.h5  shape: (4,4,1,640,46080)
  Timing (1 r-chunks, 1.2s total):
    fit      1.07s  86.8%
    H5       0.15s  12.3%
  Zeta output: /pscratch/sd/j/jackm/lorrax_sandbox/runs/MoS2/01_mos2_4x4_cohsex_gnppm/C_lorrax_gnppm_replicated_postproc/tmp/zeta_q.h5  shape: (4,4,1,640,46080)
  Timing (1 r-chunks, 1.2s total):
    fit      1.06s  86.4%
    H5       0.15s  12.4%
  Zeta output: /pscratch/sd/j/jackm/lorrax_sandbox/runs/MoS2/01_mos2_4x4_cohsex_gnppm/C_lorrax_gnppm_replicated_postproc/tmp/zeta_q.h5  shape: (4,4,1,640,46080)
  Timing (1 r-chunks, 1.5s total):
    fit      1.48s  97.8%
    H5       0.02s   1.6%
    GPU high-water mark: 3.77 GB / 28.00 GB budget (13%)
    γ (runtime / AOT-pred) = 0.485  (AOT predicted 7.79 GB)
    V_q bare cutoff: 30.0 Ry (auto: ecutwfc)
    V_q budget:    27.11 GB
    V_q mu chunks: 640
    V_q q batches: 4
  V_q (sharded): mesh=2x2, one-shot (Case A), q_chunk=16, μ_chunk=640 (1 μ-blocks), aligned=True, N_μ=640, N_G=2333, predicted peak/rank=3.80 GB (V_ref+g0_ref=0.03 GB)
Started V_q computation at 18:59:24.
[ 18:59:24 | █░░░░░░░░░ |   6% ] q-point  1 / 16 · ETA 0 s
[ 18:59:24 | █░░░░░░░░░ |  12% ] q-point  2 / 16 · ETA 0 s
[ 18:59:24 | ██░░░░░░░░ |  19% ] q-point  3 / 16 · ETA 0 s
[ 18:59:24 | ██░░░░░░░░ |  25% ] q-point  4 / 16 · ETA 0 s
[ 18:59:24 | ███░░░░░░░ |  31% ] q-point  5 / 16 · ETA 0 s
[ 18:59:24 | ████░░░░░░ |  38% ] q-point  6 / 16 · ETA 0 s
[ 18:59:24 | ████░░░░░░ |  44% ] q-point  7 / 16 · ETA 0 s
[ 18:59:24 | █████░░░░░ |  50% ] q-point  8 / 16 · ETA 0 s
[ 18:59:24 | ██████░░░░ |  56% ] q-point  9 / 16 · ETA 0 s
[ 18:59:24 | ██████░░░░ |  62% ] q-point 10 / 16 · ETA 0 s
[ 18:59:24 | ███████░░░ |  69% ] q-point 11 / 16 · ETA 0 s
[ 18:59:24 | ████████░░ |  75% ] q-point 12 / 16 · ETA 0 s
[ 18:59:24 | ████████░░ |  81% ] q-point 13 / 16 · ETA 0 s
[ 18:59:24 | █████████░ |  88% ] q-point 14 / 16 · ETA 0 s
[ 18:59:24 | █████████░ |  94% ] q-point 15 / 16 · ETA 0 s
[ 18:59:24 | ██████████ | 100% ] q-point 16 / 16 · ETA 0 s
Finished V_q computation at 18:59:24.  Elapsed: 0 s.
  [SlabIO.close] draining 0 pending writes for zeta_q.h5 …
  [SlabIO.close] Python dispatch drained in 0.0 s; joining writer thread
  [SlabIO.close] writer thread joined in 0.0 s; calling H5Fclose collectively
  [SlabIO.close] H5Fclose returned in 0.4 s

  V_q computed:
    Shape: (1, 1, 1, 4, 4, 1, 640, 640)
    V_q=0 trace: 767441350.8557
  [SlabIO.close] draining 3 pending writes for isdf_tensors_640.h5 …
  [SlabIO.close] Python dispatch drained in 0.3 s; joining writer thread
  [SlabIO.close] writer thread joined in 0.0 s; calling H5Fclose collectively
  [SlabIO.close] H5Fclose returned in 0.0 s
  Wavefunctions built (b0:b4=80 bands, 4 sharded copies: xn/xr/yr/yn)
  [SlabIO.close] draining 1 pending writes for isdf_tensors_640.h5 …
  [SlabIO.close] Python dispatch drained in 0.1 s; joining writer thread
  [SlabIO.close] writer thread joined in 0.0 s; calling H5Fclose collectively
  [SlabIO.close] H5Fclose returned in 0.0 s
  Chunked ISDF path complete
  Minimax static window: x=[1.633053e-01, 6.343519e+00] Ry, R=38.84, nodes=9, fit_err~1.600e-06
  [SlabIO.close] draining 1 pending writes for isdf_tensors_640.h5 …
  [SlabIO.close] Python dispatch drained in 0.1 s; joining writer thread
  [SlabIO.close] writer thread joined in 0.0 s; calling H5Fclose collectively
  [SlabIO.close] H5Fclose returned in 0.0 s
  Persisted W0_qmunu + q=0 head scalars: vhead=2443.340 a.u.,  whead[ω=0]=704.147 a.u.,  whead[iωp]=2124.092 a.u.

------------------------------------------------------------------------
  FINITE-SIZE CORRECTIONS
------------------------------------------------------------------------
  Head source: s_tensor
  v(q→0)  =     2443.340 a.u.  (bare Coulomb head)
  W(q→0)  =      704.147 a.u.  (screened Coulomb head)
  ΔW      =    -1739.193 a.u.  (screening correction)

------------------------------------------------------------------------
  STATIC HEAD TERMS (exact COHSEX / BGW-style)
------------------------------------------------------------------------
  Head source: s_tensor
  v_h(q→0)           =  2443.339832 a.u.
  W_h(q→0, ω=0)      =   704.146543 a.u.
  W_h^c              = -1739.193289 a.u.
  Σ^X head (occ)     = -2.174715e-01 Ry
  Σ^SX head (occ)    = -6.267315e-02 Ry
  Σ^(SX-X) head(occ) = 1.547983e-01 Ry
  Σ^COH head (all)   = -7.739917e-02 Ry
2026-05-08 18:59:31.726997: E external/xla/xla/service/spmd/spmd_partitioner.cc:620] [spmd] Involuntary full rematerialization. The compiler was not able to go from sharding {devices=[4,1,1]<=[4]} to {devices=[1,2,2]<=[4]} without doing a full rematerialization of the tensor for HLO operation: %param = c128[4,640,640]{2,1,0} parameter(5), sharding={devices=[4,1,1]<=[4]}, metadata={op_name="W_q"}. You probably want to enrich the sharding annotations to prevent this from happening.
2026-05-08 18:59:31.727605: E external/xla/xla/service/spmd/spmd_partitioner.cc:620] [spmd] Involuntary full rematerialization. The compiler was not able to go from sharding {devices=[4,1,1]<=[4]} to {devices=[1,2,2]<=[4]} without doing a full rematerialization of the tensor for HLO operation: %param = c128[4,640,640]{2,1,0} parameter(5), sharding={devices=[4,1,1]<=[4]}, metadata={op_name="W_q"}. You probably want to enrich the sharding annotations to prevent this from happening.
2026-05-08 18:59:31.728090: E external/xla/xla/service/spmd/spmd_partitioner.cc:620] [spmd] Involuntary full rematerialization. The compiler was not able to go from sharding {devices=[4,1,1]<=[4]} to {devices=[1,2,2]<=[4]} without doing a full rematerialization of the tensor for HLO operation: %param = c128[4,640,640]{2,1,0} parameter(5), sharding={devices=[4,1,1]<=[4]}, metadata={op_name="W_q"}. You probably want to enrich the sharding annotations to prevent this from happening.
2026-05-08 18:59:32.120808: E external/xla/xla/service/spmd/spmd_partitioner.cc:620] [spmd] Involuntary full rematerialization. The compiler was not able to go from sharding {devices=[1,2,2]<=[4]} to {devices=[4,1,1]<=[4]} without doing a full rematerialization of the tensor for HLO operation: %param = c128[16,320,320]{2,1,0} parameter(5), sharding={devices=[1,2,2]<=[4]}, metadata={op_name="V_q"}. You probably want to enrich the sharding annotations to prevent this from happening.
2026-05-08 18:59:32.120864: E external/xla/xla/service/spmd/spmd_partitioner.cc:620] [spmd] Involuntary full rematerialization. The compiler was not able to go from sharding {devices=[4,1,1]<=[4]} to {devices=[1,2,2]<=[4]} without doing a full rematerialization of the tensor for HLO operation: %subtract.13 = c128[4,640,640]{2,1,0} subtract(%param, %dynamic-slice), sharding={devices=[4,1,1]<=[4]}, metadata={op_name="jit(sigma_coh)/jit(main)/sub" source_file="/global/homes/j/jackm/software/lorrax_C/src/gw/cohsex_sigma.py" source_line=106}. You probably want to enrich the sharding annotations to prevent this from happening.
2026-05-08 18:59:32.120996: E external/xla/xla/service/spmd/spmd_partitioner.cc:620] [spmd] Involuntary full rematerialization. The compiler was not able to go from sharding {devices=[1,2,2]<=[4]} to {devices=[4,1,1]<=[4]} without doing a full rematerialization of the tensor for HLO operation: %param = c128[16,320,320]{2,1,0} parameter(5), sharding={devices=[1,2,2]<=[4]}, metadata={op_name="V_q"}. You probably want to enrich the sharding annotations to prevent this from happening.
2026-05-08 18:59:32.121051: E external/xla/xla/service/spmd/spmd_partitioner.cc:620] [spmd] Involuntary full rematerialization. The compiler was not able to go from sharding {devices=[4,1,1]<=[4]} to {devices=[1,2,2]<=[4]} without doing a full rematerialization of the tensor for HLO operation: %subtract.13 = c128[4,640,640]{2,1,0} subtract(%param, %dynamic-slice), sharding={devices=[4,1,1]<=[4]}, metadata={op_name="jit(sigma_coh)/jit(main)/sub" source_file="/global/homes/j/jackm/software/lorrax_C/src/gw/cohsex_sigma.py" source_line=106}. You probably want to enrich the sharding annotations to prevent this from happening.
2026-05-08 18:59:32.121546: E external/xla/xla/service/spmd/spmd_partitioner.cc:620] [spmd] Involuntary full rematerialization. The compiler was not able to go from sharding {devices=[1,2,2]<=[4]} to {devices=[4,1,1]<=[4]} without doing a full rematerialization of the tensor for HLO operation: %param = c128[16,320,320]{2,1,0} parameter(5), sharding={devices=[1,2,2]<=[4]}, metadata={op_name="V_q"}. You probably want to enrich the sharding annotations to prevent this from happening.
2026-05-08 18:59:32.121601: E external/xla/xla/service/spmd/spmd_partitioner.cc:620] [spmd] Involuntary full rematerialization. The compiler was not able to go from sharding {devices=[4,1,1]<=[4]} to {devices=[1,2,2]<=[4]} without doing a full rematerialization of the tensor for HLO operation: %subtract.13 = c128[4,640,640]{2,1,0} subtract(%param, %dynamic-slice), sharding={devices=[4,1,1]<=[4]}, metadata={op_name="jit(sigma_coh)/jit(main)/sub" source_file="/global/homes/j/jackm/software/lorrax_C/src/gw/cohsex_sigma.py" source_line=106}. You probably want to enrich the sharding annotations to prevent this from happening.
  Bare Σ_X diagonal (eV), k=0: -39.5813  -39.5813  -33.3461  -33.3461  -32.8380  -32.8380  -32.8708  -32.8708

------------------------------------------------------------------------
  GN-PPM + FREQUENCY-INTEGRATED SIGMA
------------------------------------------------------------------------
  PPM imag-freq quadrature (ωp=2.0000 Ry): R=38.8, nodes=7, err~2.5e-07
2026-05-08 18:59:33.683026: E external/xla/xla/service/spmd/spmd_partitioner.cc:620] [spmd] Involuntary full rematerialization. The compiler was not able to go from sharding {devices=[1,2,2]<=[4]} to {devices=[4,1,1]<=[4]} without doing a full rematerialization of the tensor for HLO operation: %param = c128[16,320,320]{2,1,0} parameter(1), sharding={devices=[1,2,2]<=[4]}, metadata={op_name="y"}. You probably want to enrich the sharding annotations to prevent this from happening.
2026-05-08 18:59:33.683766: E external/xla/xla/service/spmd/spmd_partitioner.cc:620] [spmd] Involuntary full rematerialization. The compiler was not able to go from sharding {devices=[1,2,2]<=[4]} to {devices=[4,1,1]<=[4]} without doing a full rematerialization of the tensor for HLO operation: %param = c128[16,320,320]{2,1,0} parameter(1), sharding={devices=[1,2,2]<=[4]}, metadata={op_name="y"}. You probably want to enrich the sharding annotations to prevent this from happening.
2026-05-08 18:59:33.683756: E external/xla/xla/service/spmd/spmd_partitioner.cc:620] [spmd] Involuntary full rematerialization. The compiler was not able to go from sharding {devices=[1,2,2]<=[4]} to {devices=[4,1,1]<=[4]} without doing a full rematerialization of the tensor for HLO operation: %param = c128[16,320,320]{2,1,0} parameter(1), sharding={devices=[1,2,2]<=[4]}, metadata={op_name="y"}. You probably want to enrich the sharding annotations to prevent this from happening.
2026-05-08 18:59:34.621092: E external/xla/xla/service/spmd/spmd_partitioner.cc:620] [spmd] Involuntary full rematerialization. The compiler was not able to go from sharding {devices=[4,1,1]<=[4]} to {devices=[1,2,2]<=[4]} without doing a full rematerialization of the tensor for HLO operation: %get-tuple-element = f64[4,640,640]{2,1,0} get-tuple-element(%tuple), index=0, sharding={devices=[4,1,1]<=[4]}. You probably want to enrich the sharding annotations to prevent this from happening.
2026-05-08 18:59:34.621231: E external/xla/xla/service/spmd/spmd_partitioner.cc:620] [spmd] Involuntary full rematerialization. The compiler was not able to go from sharding {devices=[4,1,1]<=[4]} to {devices=[1,2,2]<=[4]} without doing a full rematerialization of the tensor for HLO operation: %get-tuple-element = f64[4,640,640]{2,1,0} get-tuple-element(%tuple), index=0, sharding={devices=[4,1,1]<=[4]}. You probably want to enrich the sharding annotations to prevent this from happening.
2026-05-08 18:59:34.621321: E external/xla/xla/service/spmd/spmd_partitioner.cc:620] [spmd] Involuntary full rematerialization. The compiler was not able to go from sharding {devices=[4,1,1]<=[4]} to {devices=[1,2,2]<=[4]} without doing a full rematerialization of the tensor for HLO operation: %get-tuple-element = f64[4,640,640]{2,1,0} get-tuple-element(%tuple), index=0, sharding={devices=[4,1,1]<=[4]}. You probably want to enrich the sharding annotations to prevent this from happening.
2026-05-08 18:59:34.669793: E external/xla/xla/service/spmd/spmd_partitioner.cc:620] [spmd] Involuntary full rematerialization. The compiler was not able to go from sharding {devices=[4,1,1]<=[4]} to {devices=[1,2,2]<=[4]} without doing a full rematerialization of the tensor for HLO operation: %get-tuple-element = c128[4,640,640]{2,1,0} get-tuple-element(%tuple), index=0, sharding={devices=[4,1,1]<=[4]}. You probably want to enrich the sharding annotations to prevent this from happening.
2026-05-08 18:59:34.669840: E external/xla/xla/service/spmd/spmd_partitioner.cc:620] [spmd] Involuntary full rematerialization. The compiler was not able to go from sharding {devices=[4,1,1]<=[4]} to {devices=[1,2,2]<=[4]} without doing a full rematerialization of the tensor for HLO operation: %get-tuple-element = c128[4,640,640]{2,1,0} get-tuple-element(%tuple), index=0, sharding={devices=[4,1,1]<=[4]}. You probably want to enrich the sharding annotations to prevent this from happening.
2026-05-08 18:59:34.669878: E external/xla/xla/service/spmd/spmd_partitioner.cc:620] [spmd] Involuntary full rematerialization. The compiler was not able to go from sharding {devices=[4,1,1]<=[4]} to {devices=[1,2,2]<=[4]} without doing a full rematerialization of the tensor for HLO operation: %get-tuple-element = c128[4,640,640]{2,1,0} get-tuple-element(%tuple), index=0, sharding={devices=[4,1,1]<=[4]}. You probably want to enrich the sharding annotations to prevent this from happening.
2026-05-08 18:59:34.719506: E external/xla/xla/service/spmd/spmd_partitioner.cc:620] [spmd] Involuntary full rematerialization. The compiler was not able to go from sharding {devices=[4,1,1]<=[4]} to {devices=[1,2,2]<=[4]} without doing a full rematerialization of the tensor for HLO operation: %get-tuple-element = pred[4,640,640]{2,1,0} get-tuple-element(%tuple), index=0, sharding={devices=[4,1,1]<=[4]}. You probably want to enrich the sharding annotations to prevent this from happening.
2026-05-08 18:59:34.719594: E external/xla/xla/service/spmd/spmd_partitioner.cc:620] [spmd] Involuntary full rematerialization. The compiler was not able to go from sharding {devices=[4,1,1]<=[4]} to {devices=[1,2,2]<=[4]} without doing a full rematerialization of the tensor for HLO operation: %get-tuple-element = pred[4,640,640]{2,1,0} get-tuple-element(%tuple), index=0, sharding={devices=[4,1,1]<=[4]}. You probably want to enrich the sharding annotations to prevent this from happening.
2026-05-08 18:59:34.719760: E external/xla/xla/service/spmd/spmd_partitioner.cc:620] [spmd] Involuntary full rematerialization. The compiler was not able to go from sharding {devices=[4,1,1]<=[4]} to {devices=[1,2,2]<=[4]} without doing a full rematerialization of the tensor for HLO operation: %get-tuple-element = pred[4,640,640]{2,1,0} get-tuple-element(%tuple), index=0, sharding={devices=[4,1,1]<=[4]}. You probably want to enrich the sharding annotations to prevent this from happening.
  GN-PPM fit: 1.09s, iωp=2.0000 Ry, unfulfilled=3.54%
[pf] ▶ sigma_ppm
[pf] ▶ sigma_ppm
[pf] ▶ sigma_ppm
[pf] ▶ sigma_ppm
  Σc(ω) grid: -10.000..10.000 eV, Nω=41, Δω=0.500 eV, ξ=0.250 eV
  GN invalid modes: 232276/6553600 (3.54%)
  [DBG-PPM] post-print rank=0/4
  [DBG-PPM] post-print rank=3/4
  [DBG-PPM] post-print rank=1/4
  [DBG-PPM] entering branches loop, n=4 rank=0
  [DBG-PPM] post-print rank=2/4
  [DBG-PPM] branch 0 ω≥E_F cond start rank=0
  [DBG-PPM] entering branches loop, n=4 rank=1
  [DBG-PPM] branch 0 ω≥E_F cond start rank=1
  [DBG-PPM] entering branches loop, n=4 rank=3
  [DBG-PPM] branch 0 ω≥E_F cond start rank=3
  [DBG-PPM] entering branches loop, n=4 rank=2
  [DBG-PPM] branch 0 ω≥E_F cond start rank=2
  [DBG-PPM-WIN] ω≥E_F cond pre E_A allgather rank=0
  [DBG-PPM-WIN] ω≥E_F cond pre E_A allgather rank=1
  [DBG-PPM-WIN] ω≥E_F cond pre E_A allgather rank=2
  [DBG-PPM-WIN] ω≥E_F cond pre E_A allgather rank=3
  [DBG-PPM-WIN] ω≥E_F cond post E_A shape=(16, 80) rank=0
  [DBG-PPM-WIN] ω≥E_F cond post base_A shape=(16, 80) rank=0
  [DBG-PPM-WIN] ω≥E_F cond post E_A shape=(16, 80) rank=2
  [DBG-PPM-WIN] ω≥E_F cond post E_A shape=(16, 80) rank=1
  [DBG-PPM-WIN] ω≥E_F cond post E_A shape=(16, 80) rank=3
  [DBG-PPM-WIN] ω≥E_F cond post base_A shape=(16, 80) rank=2
  [DBG-PPM-WIN] ω≥E_F cond post base_A shape=(16, 80) rank=1
  [DBG-PPM-WIN] ω≥E_F cond post base_A shape=(16, 80) rank=3
  [DBG-PPM-WIN] ω≥E_F cond post masked_stats rank=0
  [DBG-PPM-WIN] ω≥E_F cond post masked_stats rank=2
  [DBG-PPM-WIN] ω≥E_F cond post masked_stats rank=3
  [DBG-PPM-WIN] ω≥E_F cond post masked_stats rank=1
    ω≥E_F cond window "core" (crossing): 103 nodes, err<1e-06, E_A=[0.0817, 0.7568] Ry, project=imag
    ω≥E_F cond window "a_stripe" (Laplace): 10 nodes, err<1e-06, E_A=[0.7780, 1.8449] Ry, project=full
    ω≥E_F cond window "b_slab" (Laplace): 13 nodes, err<1e-06, E_A=[0.0817, 1.8449] Ry, project=full
  [DBG-PPM] _run_sigma_branch[ω≥E_F cond] post-windows nwin=3 rank=0
  [DBG-PPM] _run_sigma_branch[ω≥E_F cond] tau_kernel ready rank=0
  [DBG-PPM] _run_sigma_branch[ω≥E_F cond] post-windows nwin=3 rank=2
  [DBG-PPM] _run_sigma_branch[ω≥E_F cond] tau_kernel ready rank=2
  [DBG-PPM] _run_sigma_branch[ω≥E_F cond] post-windows nwin=3 rank=3
  [DBG-PPM] _run_sigma_branch[ω≥E_F cond] tau_kernel ready rank=3
  [DBG-PPM] _run_sigma_branch[ω≥E_F cond] post-windows nwin=3 rank=1
  [DBG-PPM] _run_sigma_branch[ω≥E_F cond] tau_kernel ready rank=1
Started sigma[ω≥E_F cond] at 18:59:36.
[ 18:59:36 | ░░░░░░░░░░ |   1% ] tau node   1 / 126 · ETA 0 s
[ 18:59:36 | █░░░░░░░░░ |  12% ] tau node  15 / 126 · ETA 1 s
[ 18:59:36 | ██░░░░░░░░ |  23% ] tau node  29 / 126 · ETA 1 s
[ 18:59:37 | ███░░░░░░░ |  34% ] tau node  43 / 126 · ETA 1 s
[ 18:59:37 | █████░░░░░ |  45% ] tau node  57 / 126 · ETA 1 s
[ 18:59:37 | ██████░░░░ |  56% ] tau node  70 / 126 · ETA 0 s
[ 18:59:37 | ███████░░░ |  67% ] tau node  84 / 126 · ETA 0 s
[ 18:59:37 | ████████░░ |  78% ] tau node  98 / 126 · ETA 0 s
[ 18:59:37 | █████████░ |  89% ] tau node 112 / 126 · ETA 0 s
[ 18:59:37 | ██████████ | 100% ] tau node 126 / 126 · ETA 0 s
Finished sigma[ω≥E_F cond] at 18:59:37.  Elapsed: 1 s.
  [DBG-PPM] branch 1 ω≥E_F val start rank=1
  [DBG-PPM] branch 1 ω≥E_F val start rank=2
  [DBG-PPM] branch 1 ω≥E_F val start rank=3
  [DBG-PPM] branch 1 ω≥E_F val start rank=0
  [DBG-PPM-WIN] ω≥E_F val pre E_A allgather rank=1
  [DBG-PPM-WIN] ω≥E_F val pre E_A allgather rank=3
  [DBG-PPM-WIN] ω≥E_F val pre E_A allgather rank=2
  [DBG-PPM-WIN] ω≥E_F val pre E_A allgather rank=0
  [DBG-PPM-WIN] ω≥E_F val post E_A shape=(16, 80) rank=1
  [DBG-PPM-WIN] ω≥E_F val post E_A shape=(16, 80) rank=3
  [DBG-PPM-WIN] ω≥E_F val post E_A shape=(16, 80) rank=2
  [DBG-PPM-WIN] ω≥E_F val post base_A shape=(16, 80) rank=1
  [DBG-PPM-WIN] ω≥E_F val post base_A shape=(16, 80) rank=3
  [DBG-PPM-WIN] ω≥E_F val post E_A shape=(16, 80) rank=0
  [DBG-PPM-WIN] ω≥E_F val post base_A shape=(16, 80) rank=2
  [DBG-PPM-WIN] ω≥E_F val post base_A shape=(16, 80) rank=0
  [DBG-PPM-WIN] ω≥E_F val post masked_stats rank=1
  [DBG-PPM-WIN] ω≥E_F val post masked_stats rank=2
  [DBG-PPM-WIN] ω≥E_F val post masked_stats rank=0
  [DBG-PPM-WIN] ω≥E_F val post masked_stats rank=3
    ω≥E_F val window "single" (Laplace): 14 nodes, err<1e-06, E_A=[0.0817, 4.4986] Ry, project=full
  [DBG-PPM] _run_sigma_branch[ω≥E_F val] post-windows nwin=1 rank=0
  [DBG-PPM] _run_sigma_branch[ω≥E_F val] tau_kernel ready rank=0
  [DBG-PPM] _run_sigma_branch[ω≥E_F val] post-windows nwin=1 rank=2
  [DBG-PPM] _run_sigma_branch[ω≥E_F val] tau_kernel ready rank=2
  [DBG-PPM] _run_sigma_branch[ω≥E_F val] post-windows nwin=1 rank=3
  [DBG-PPM] _run_sigma_branch[ω≥E_F val] tau_kernel ready rank=3
  [DBG-PPM] _run_sigma_branch[ω≥E_F val] post-windows nwin=1 rank=1
  [DBG-PPM] _run_sigma_branch[ω≥E_F val] tau_kernel ready rank=1
Started sigma[ω≥E_F val] at 18:59:37.
[ 18:59:37 | █░░░░░░░░░ |   7% ] tau node  1 / 14 · ETA 0 s
[ 18:59:37 | █░░░░░░░░░ |  14% ] tau node  2 / 14 · ETA 0 s
[ 18:59:37 | ███░░░░░░░ |  29% ] tau node  4 / 14 · ETA 0 s
[ 18:59:37 | ████░░░░░░ |  36% ] tau node  5 / 14 · ETA 0 s
[ 18:59:37 | █████░░░░░ |  50% ] tau node  7 / 14 · ETA 0 s
[ 18:59:37 | ██████░░░░ |  57% ] tau node  8 / 14 · ETA 0 s
[ 18:59:37 | ███████░░░ |  71% ] tau node 10 / 14 · ETA 0 s
[ 18:59:37 | ████████░░ |  79% ] tau node 11 / 14 · ETA 0 s
[ 18:59:37 | █████████░ |  93% ] tau node 13 / 14 · ETA 0 s
[ 18:59:37 | ██████████ | 100% ] tau node 14 / 14 · ETA 0 s
Finished sigma[ω≥E_F val] at 18:59:37.  Elapsed: 0 s.
  [DBG-PPM] branch 2 ω<E_F cond start rank=0
  [DBG-PPM-WIN] ω<E_F cond pre E_A allgather rank=0
  [DBG-PPM-WIN] ω<E_F cond post E_A shape=(16, 80) rank=0
  [DBG-PPM-WIN] ω<E_F cond post base_A shape=(16, 80) rank=0
  [DBG-PPM] branch 2 ω<E_F cond start rank=2
  [DBG-PPM] branch 2 ω<E_F cond start rank=3
  [DBG-PPM-WIN] ω<E_F cond pre E_A allgather rank=2
  [DBG-PPM-WIN] ω<E_F cond post E_A shape=(16, 80) rank=2
  [DBG-PPM-WIN] ω<E_F cond pre E_A allgather rank=3
  [DBG-PPM-WIN] ω<E_F cond post base_A shape=(16, 80) rank=2
  [DBG-PPM] branch 2 ω<E_F cond start rank=1
  [DBG-PPM-WIN] ω<E_F cond post E_A shape=(16, 80) rank=3
  [DBG-PPM-WIN] ω<E_F cond post base_A shape=(16, 80) rank=3
  [DBG-PPM-WIN] ω<E_F cond pre E_A allgather rank=1
  [DBG-PPM-WIN] ω<E_F cond post E_A shape=(16, 80) rank=1
  [DBG-PPM-WIN] ω<E_F cond post base_A shape=(16, 80) rank=1
  [DBG-PPM-WIN] ω<E_F cond post masked_stats rank=0
  [DBG-PPM-WIN] ω<E_F cond post masked_stats rank=2
  [DBG-PPM-WIN] ω<E_F cond post masked_stats rank=1
  [DBG-PPM-WIN] ω<E_F cond post masked_stats rank=3
    ω<E_F cond window "single" (Laplace): 14 nodes, err<1e-06, E_A=[0.0817, 1.8449] Ry, project=full
  [DBG-PPM] _run_sigma_branch[ω<E_F cond] post-windows nwin=1 rank=0
  [DBG-PPM] _run_sigma_branch[ω<E_F cond] tau_kernel ready rank=0
  [DBG-PPM] _run_sigma_branch[ω<E_F cond] post-windows nwin=1 rank=1
  [DBG-PPM] _run_sigma_branch[ω<E_F cond] tau_kernel ready rank=1
  [DBG-PPM] _run_sigma_branch[ω<E_F cond] post-windows nwin=1 rank=2
  [DBG-PPM] _run_sigma_branch[ω<E_F cond] post-windows nwin=1 rank=3
  [DBG-PPM] _run_sigma_branch[ω<E_F cond] tau_kernel ready rank=2
  [DBG-PPM] _run_sigma_branch[ω<E_F cond] tau_kernel ready rank=3
Started sigma[ω<E_F cond] at 18:59:38.
[ 18:59:38 | █░░░░░░░░░ |   7% ] tau node  1 / 14 · ETA 0 s
[ 18:59:38 | █░░░░░░░░░ |  14% ] tau node  2 / 14 · ETA 0 s
[ 18:59:38 | ███░░░░░░░ |  29% ] tau node  4 / 14 · ETA 0 s
[ 18:59:38 | ████░░░░░░ |  36% ] tau node  5 / 14 · ETA 0 s
[ 18:59:38 | █████░░░░░ |  50% ] tau node  7 / 14 · ETA 0 s
[ 18:59:38 | ██████░░░░ |  57% ] tau node  8 / 14 · ETA 0 s
[ 18:59:38 | ███████░░░ |  71% ] tau node 10 / 14 · ETA 0 s
[ 18:59:38 | ████████░░ |  79% ] tau node 11 / 14 · ETA 0 s
[ 18:59:38 | █████████░ |  93% ] tau node 13 / 14 · ETA 0 s
[ 18:59:38 | ██████████ | 100% ] tau node 14 / 14 · ETA 0 s
Finished sigma[ω<E_F cond] at 18:59:38.  Elapsed: 0 s.
  [DBG-PPM] branch 3 ω<E_F val start rank=1
  [DBG-PPM] branch 3 ω<E_F val start rank=0
  [DBG-PPM] branch 3 ω<E_F val start rank=2
  [DBG-PPM-WIN] ω<E_F val pre E_A allgather rank=1
  [DBG-PPM] branch 3 ω<E_F val start rank=3
  [DBG-PPM-WIN] ω<E_F val pre E_A allgather rank=0
  [DBG-PPM-WIN] ω<E_F val post E_A shape=(16, 80) rank=1
  [DBG-PPM-WIN] ω<E_F val post E_A shape=(16, 80) rank=0
  [DBG-PPM-WIN] ω<E_F val pre E_A allgather rank=2
  [DBG-PPM-WIN] ω<E_F val post base_A shape=(16, 80) rank=1
  [DBG-PPM-WIN] ω<E_F val post base_A shape=(16, 80) rank=0
  [DBG-PPM-WIN] ω<E_F val post E_A shape=(16, 80) rank=2
  [DBG-PPM-WIN] ω<E_F val post base_A shape=(16, 80) rank=2
  [DBG-PPM-WIN] ω<E_F val pre E_A allgather rank=3
  [DBG-PPM-WIN] ω<E_F val post E_A shape=(16, 80) rank=3
  [DBG-PPM-WIN] ω<E_F val post base_A shape=(16, 80) rank=3
  [DBG-PPM-WIN] ω<E_F val post masked_stats rank=3
  [DBG-PPM-WIN] ω<E_F val post masked_stats rank=0
  [DBG-PPM-WIN] ω<E_F val post masked_stats rank=2
  [DBG-PPM-WIN] ω<E_F val post masked_stats rank=1
    ω<E_F val window "core" (crossing): 103 nodes, err<1e-06, E_A=[0.0817, 0.4999] Ry, project=imag
    ω<E_F val window "a_stripe" (Laplace): 9 nodes, err<1e-06, E_A=[0.9611, 4.4986] Ry, project=full
    ω<E_F val window "b_slab" (Laplace): 13 nodes, err<1e-06, E_A=[0.0817, 4.4986] Ry, project=full
  [DBG-PPM] _run_sigma_branch[ω<E_F val] post-windows nwin=3 rank=0
  [DBG-PPM] _run_sigma_branch[ω<E_F val] tau_kernel ready rank=0
  [DBG-PPM] _run_sigma_branch[ω<E_F val] post-windows nwin=3 rank=3
  [DBG-PPM] _run_sigma_branch[ω<E_F val] post-windows nwin=3 rank=2
  [DBG-PPM] _run_sigma_branch[ω<E_F val] tau_kernel ready rank=3
  [DBG-PPM] _run_sigma_branch[ω<E_F val] tau_kernel ready rank=2
  [DBG-PPM] _run_sigma_branch[ω<E_F val] post-windows nwin=3 rank=1
  [DBG-PPM] _run_sigma_branch[ω<E_F val] tau_kernel ready rank=1
Started sigma[ω<E_F val] at 18:59:38.
[ 18:59:38 | ░░░░░░░░░░ |   1% ] tau node   1 / 125 · ETA 0 s
[ 18:59:38 | █░░░░░░░░░ |  12% ] tau node  15 / 125 · ETA 1 s
[ 18:59:38 | ██░░░░░░░░ |  23% ] tau node  29 / 125 · ETA 1 s
[ 18:59:38 | ███░░░░░░░ |  34% ] tau node  42 / 125 · ETA 1 s
[ 18:59:38 | ████░░░░░░ |  45% ] tau node  56 / 125 · ETA 1 s
[ 18:59:38 | ██████░░░░ |  56% ] tau node  70 / 125 · ETA 0 s
[ 18:59:38 | ███████░░░ |  67% ] tau node  84 / 125 · ETA 0 s
[ 18:59:39 | ████████░░ |  78% ] tau node  97 / 125 · ETA 0 s
[ 18:59:39 | █████████░ |  89% ] tau node 111 / 125 · ETA 0 s
[ 18:59:39 | ██████████ | 100% ] tau node 125 / 125 · ETA 0 s
Finished sigma[ω<E_F val] at 18:59:39.  Elapsed: 1 s.
[pf] ■ sigma_ppm  4.162s
[pf] ■ sigma_ppm  4.162s
[pf] ■ sigma_ppm  4.662s

------------------------------------------------------------------------
  HEAD CORRECTION (scalar GN, separate from ISDF body)
------------------------------------------------------------------------
  v(q→0)             =     2443.340 a.u.
  W^c(q→0, ω=0)      =    -1739.193 a.u.
  W^c(q→0, ω=iωp)    =     -319.248 a.u.  [ωp=2.0000 Ry]
  Ω_h²               =     0.899324 Ry²
  Ω_h                =     0.948327 Ry  (12.902647 eV)
  B_h                =  1564.097510 Ry² · a.u.
  R_h                =   824.661733 Ry · a.u.
  R_h / (Ω_h · vol)  = 1.238387e+00 (Ry)
[pf] ■ sigma_ppm  4.169s
  Σ_c head shift: max|Σ^head_diag| = 3.3853 eV (on-shell occ band → -1.0531 eV)
  E_F(midgap) = -4.270480 eV  (VBM=-5.381421, CBM=-3.159539)
/global/homes/j/jackm/software/lorrax_C/src/file_io/_slab_io_ffi.py:239: UserWarning: FFI backend: chunks/attrs on create_dataset currently no-op; pre-create with h5py if you need explicit chunking or attrs.
  warnings.warn(
/global/homes/j/jackm/software/lorrax_C/src/file_io/_slab_io_ffi.py:239: UserWarning: FFI backend: chunks/attrs on create_dataset currently no-op; pre-create with h5py if you need explicit chunking or attrs.
  warnings.warn(
/global/homes/j/jackm/software/lorrax_C/src/file_io/_slab_io_ffi.py:239: UserWarning: FFI backend: chunks/attrs on create_dataset currently no-op; pre-create with h5py if you need explicit chunking or attrs.
  warnings.warn(
/global/homes/j/jackm/software/lorrax_C/src/file_io/_slab_io_ffi.py:239: UserWarning: FFI backend: chunks/attrs on create_dataset currently no-op; pre-create with h5py if you need explicit chunking or attrs.
  warnings.warn(
  [SlabIO.close] draining 3 pending writes for sigma_mnk.h5 …
  [SlabIO.close] Python dispatch drained in 0.2 s; joining writer thread
  [SlabIO.close] writer thread joined in 0.0 s; calling H5Fclose collectively
  [SlabIO.close] H5Fclose returned in 0.2 s
  [SlabIO.close] draining 0 pending writes for kin_ion.h5 …
  [SlabIO.close] Python dispatch drained in 0.0 s; joining writer thread
  [SlabIO.close] writer thread joined in 0.0 s; calling H5Fclose collectively
  [SlabIO.close] H5Fclose returned in 0.0 s
  Diagonal SC: 32/80 bands fully in grid, 20 iterations
  Scissor fit: ScissorFit(val: α=+1.2433, β=+0.8850 eV, n=224, rmse=0.861 eV; cond: α=+0.7833, β=+0.3989 eV, n=288, rmse=1.148 eV)  [α=1 ⇔ rigid shift]
  QSGW: 704 clipped (55.0%)
  Sigma freq debug: sigma_freq_debug.dat
  G0W0 diag (E_DFT):     /pscratch/sd/j/jackm/lorrax_sandbox/runs/MoS2/01_mos2_4x4_cohsex_gnppm/C_lorrax_gnppm_replicated_postproc/eqp_g0w0.dat

  Sigma diag:   /pscratch/sd/j/jackm/lorrax_sandbox/runs/MoS2/01_mos2_4x4_cohsex_gnppm/C_lorrax_gnppm_replicated_postproc/sigma_diag.dat
  BGW eqp0:     /pscratch/sd/j/jackm/lorrax_sandbox/runs/MoS2/01_mos2_4x4_cohsex_gnppm/C_lorrax_gnppm_replicated_postproc/eqp0.dat
  BGW eqp1:     /pscratch/sd/j/jackm/lorrax_sandbox/runs/MoS2/01_mos2_4x4_cohsex_gnppm/C_lorrax_gnppm_replicated_postproc/eqp1.dat
  Sigma(ω):     /pscratch/sd/j/jackm/lorrax_sandbox/runs/MoS2/01_mos2_4x4_cohsex_gnppm/C_lorrax_gnppm_replicated_postproc/sigma_mnk.h5
  Restart:      /pscratch/sd/j/jackm/lorrax_sandbox/runs/MoS2/01_mos2_4x4_cohsex_gnppm/C_lorrax_gnppm_replicated_postproc/tmp/isdf_tensors_640.h5

--- Timing ---
Total recorded: 26.421 s
Section                                            Count    Total[s]     Self[s]      %
gw_jax.load_centroid_wfns                              1       1.282       1.148    4.9
  load_wfns.precompute_owned                           1       0.000       0.000    0.0
  load_wfns.k_loop                                     1       0.019       0.019    0.1
  load_wfns.scatter                                    1       0.042       0.042    0.2
  load_wfns.make_global_array                          1       0.074       0.074    0.3
gw_jax.zeta_fit_chunked                                1      10.688       0.883   40.5
  zeta_fit.slice_halves                                1       0.031       0.031    0.1
  zeta_fit.CCT                                         1       0.168       0.168    0.6
  zeta_fit.cholesky                                    1       1.194       1.194    4.5
  zeta_fit.gc_pre_chunk_loop                           1       0.071       0.071    0.3
  zeta_fit.open_file                                   1       0.091       0.091    0.3
  zeta_fit.chunk_loop                                  1       1.502       0.000    5.7
    zeta_fit.chunk.fit_one_rchunk                      1       1.478       1.478    5.6
    zeta_fit.chunk.h5_write                            1       0.024       0.024    0.1
  zeta_fit.close_io                                    1       6.745       6.745   25.5
  zeta_fit.sync_global                                 1       0.002       0.002    0.0
gw_jax.V_q_compute                                     1       4.078       0.468   15.4
  compute_all_V_q_sharded                              1       3.610       3.610   13.7
gw_jax.wavefunction_setup                              1       0.038       0.038    0.1
gw_jax.chi0_W                                          1       1.180       0.147    4.5
  chi.compile                                          1       0.114       0.114    0.4
  chi.exec                                             1       0.083       0.083    0.3
  W.compile                                            1       0.070       0.070    0.3
  W.exec                                               1       0.765       0.765    2.9
gw_jax.sigma                                           1       1.771       1.771    6.7
gw_jax.ppm_sigma                                       1       7.384       2.521   27.9
  sigma.compile                                        1       0.194       0.194    0.7
  sigma.exec                                           1       4.669       4.669   17.7
