JAX: 4 gpu devices
JAX: 4 gpu devices
JAX: 4 gpu devices
JAX: 4 gpu devices

Creating system metadata...

Creating system metadata...

Creating system metadata...

Creating system metadata...

Loading wavefunction coefficients to devices...

Loading wavefunction coefficients to devices...

Loading wavefunction coefficients to devices...

Loading wavefunction coefficients to devices...
Traceback (most recent call last):
  File "<frozen runpy>", line 198, in _run_module_as_main
  File "<frozen runpy>", line 88, in _run_code
  File "/global/homes/j/jackm/software/lorrax_B/src/psp/get_dipole_mtxels.py", line 363, in <module>
    main()
  File "/global/homes/j/jackm/software/lorrax_B/src/psp/get_dipole_mtxels.py", line 191, in main
    global_psi_G, nb_actual = read_Gvecs_to_devices(wfn, sym, brange, meta, bispinor, mesh_xy)
                              ^^^^^^^^^^^^^^^^^^^^^^^^^^^^^^^^^^^^^^^^^^^^^^^^^^^^^^^^^^^^^^^^
  File "/global/homes/j/jackm/software/lorrax_B/src/common/load_wfns.py", line 212, in read_Gvecs_to_devices
    psi_local_jax = jax.device_put(psi_Gtot_local)
                    ^^^^^^^^^^^^^^^^^^^^^^^^^^^^^^
  File "/opt/jax/jax/_src/api.py", line 2376, in device_put
    out_flat = dispatch.device_put_p.bind(
               ^^^^^^^^^^^^^^^^^^^^^^^^^^^
  File "/opt/jax/jax/_src/core.py", line 502, in bind
    return self._true_bind(*args, **params)
           ^^^^^^^^^^^^^^^^^^^^^^^^^^^^^^^^
  File "/opt/jax/jax/_src/core.py", line 520, in _true_bind
    return self.bind_with_trace(prev_trace, args, params)
           ^^^^^^^^^^^^^^^^^^^^^^^^^^^^^^^^^^^^^^^^^^^^^^
  File "/opt/jax/jax/_src/core.py", line 525, in bind_with_trace
    return trace.process_primitive(self, args, params)
           ^^^^^^^^^^^^^^^^^^^^^^^^^^^^^^^^^^^^^^^^^^^
  File "/opt/jax/jax/_src/core.py", line 1029, in process_primitive
    return primitive.impl(*args, **params)
           ^^^^^^^^^^^^^^^^^^^^^^^^^^^^^^^
  File "/opt/jax/jax/_src/dispatch.py", line 566, in _batched_device_put_impl
    shard_arg_results = pxla.shard_args(dsa_shardings, [None] * len(dsa_xs),
                        ^^^^^^^^^^^^^^^^^^^^^^^^^^^^^^^^^^^^^^^^^^^^^^^^^^^^
  File "/opt/jax/jax/_src/profiler.py", line 334, in wrapper
    return func(*args, **kwargs)
           ^^^^^^^^^^^^^^^^^^^^^
  File "/opt/jax/jax/_src/interpreters/pxla.py", line 134, in shard_args
    return shard_arg_handlers[type(arg)]([arg], shardings, layouts,
           ^^^^^^^^^^^^^^^^^^^^^^^^^^^^^^^^^^^^^^^^^^^^^^^^^^^^^^^^
  File "/opt/jax/jax/_src/interpreters/pxla.py", line 216, in _shard_np_array
    results.append(batched_device_put(aval, sharding, shards, devices))
                   ^^^^^^^^^^^^^^^^^^^^^^^^^^^^^^^^^^^^^^^^^^^^^^^^^^^
  File "/opt/jax/jax/_src/interpreters/pxla.py", line 243, in batched_device_put
    return xc.batched_device_put(aval, sharding, xs, list(devices), committed)
           ^^^^^^^^^^^^^^^^^^^^^^^^^^^^^^^^^^^^^^^^^^^^^^^^^^^^^^^^^^^^^^^^^^^
jaxlib.xla_extension.XlaRuntimeError: RESOURCE_EXHAUSTED: Failed to allocate request for 11.21GiB (12039487488B) on device ordinal 0
srun: error: nid001077: task 2: Exited with exit code 1
srun: Terminating StepId=51771717.54
2026-04-19 10:58:32.381912: W external/xla/xla/hlo/transforms/simplifiers/hlo_rematerialization.cc:3021] Can't reduce memory use below 8.71GiB (9353423718 bytes) by rematerialization; only reduced to 11.21GiB (12039487520 bytes), down from 11.21GiB (12039487520 bytes) originally
2026-04-19 10:58:32.381910: W external/xla/xla/hlo/transforms/simplifiers/hlo_rematerialization.cc:3021] Can't reduce memory use below 8.71GiB (9353423718 bytes) by rematerialization; only reduced to 11.21GiB (12039487520 bytes), down from 11.21GiB (12039487520 bytes) originally
2026-04-19 10:58:32.394238: W external/xla/xla/hlo/transforms/simplifiers/hlo_rematerialization.cc:3021] Can't reduce memory use below 8.71GiB (9353423718 bytes) by rematerialization; only reduced to 11.21GiB (12039487520 bytes), down from 11.21GiB (12039487520 bytes) originally
E0419 10:58:32.618815 1841101 pjrt_stream_executor_client.cc:3077] Execution of replica 0 failed: RESOURCE_EXHAUSTED: Failed to allocate request for 2.80GiB (3009871872B) on device ordinal 0
E0419 10:58:32.619942 1841100 pjrt_stream_executor_client.cc:3077] Execution of replica 0 failed: RESOURCE_EXHAUSTED: Failed to allocate request for 2.80GiB (3009871872B) on device ordinal 0
E0419 10:58:32.637760 1841105 pjrt_stream_executor_client.cc:3077] Execution of replica 0 failed: RESOURCE_EXHAUSTED: Failed to allocate request for 2.80GiB (3009871872B) on device ordinal 0
Traceback (most recent call last):
  File "<frozen runpy>", line 198, in _run_module_as_main
  File "<frozen runpy>", line 88, in _run_code
  File "/global/homes/j/jackm/software/lorrax_B/src/psp/get_dipole_mtxels.py", line 363, in <module>
Traceback (most recent call last):
  File "<frozen runpy>", line 198, in _run_module_as_main
  File "<frozen runpy>", line 88, in _run_code
  File "/global/homes/j/jackm/software/lorrax_B/src/psp/get_dipole_mtxels.py", line 363, in <module>
    main()
  File "/global/homes/j/jackm/software/lorrax_B/src/psp/get_dipole_mtxels.py", line 191, in main
    main()
  File "/global/homes/j/jackm/software/lorrax_B/src/psp/get_dipole_mtxels.py", line 191, in main
    global_psi_G, nb_actual = read_Gvecs_to_devices(wfn, sym, brange, meta, bispinor, mesh_xy)
                              ^^^^^^^^^^^^^^^^^^^^^^^^^^^^^^^^^^^^^^^^^^^^^^^^^^^^^^^^^^^^^^^^
  File "/global/homes/j/jackm/software/lorrax_B/src/common/load_wfns.py", line 213, in read_Gvecs_to_devices
    global_psi_G, nb_actual = read_Gvecs_to_devices(wfn, sym, brange, meta, bispinor, mesh_xy)
                              ^^^^^^^^^^^^^^^^^^^^^^^^^^^^^^^^^^^^^^^^^^^^^^^^^^^^^^^^^^^^^^^^
  File "/global/homes/j/jackm/software/lorrax_B/src/common/load_wfns.py", line 213, in read_Gvecs_to_devices
    global_psi_Gtot = jax.make_array_from_process_local_data(
                      ^^^^^^^^^^^^^^^^^^^^^^^^^^^^^^^^^^^^^^^
  File "/opt/jax/jax/_src/array.py", line 956, in make_array_from_process_local_data
    global_psi_Gtot = jax.make_array_from_process_local_data(
    return api.device_put(local_data, sharding)
                      ^^^^^^^^^^^^^^^^^^^^^^^^^^^^^^^^^^^^^^^
  File "/opt/jax/jax/_src/array.py", line 956, in make_array_from_process_local_data
           ^^^^^^^^^^^^^^^^^^^^^^^^^^^^^^^^^^^^
  File "/opt/jax/jax/_src/api.py", line 2376, in device_put
    return api.device_put(local_data, sharding)
           ^^^^^^^^^^^^^^^^^^^^^^^^^^^^^^^^^^^^
  File "/opt/jax/jax/_src/api.py", line 2376, in device_put
    out_flat = dispatch.device_put_p.bind(
               ^^^^^^^^^^^^^^^^^^^^^^^^^^^
  File "/opt/jax/jax/_src/core.py", line 502, in bind
    return self._true_bind(*args, **params)
    out_flat = dispatch.device_put_p.bind(
           ^^^^^^^^^^^^^^^^^^^^^^^^^^^^^^^^
  File "/opt/jax/jax/_src/core.py", line 520, in _true_bind
               ^^^^^^^^^^^^^^^^^^^^^^^^^^^
  File "/opt/jax/jax/_src/core.py", line 502, in bind
    return self.bind_with_trace(prev_trace, args, params)
    return self._true_bind(*args, **params)
           ^^^^^^^^^^^^^^^^^^^^^^^^^^^^^^^^^^^^^^^^^^^^^^
  File "/opt/jax/jax/_src/core.py", line 525, in bind_with_trace
           ^^^^^^^^^^^^^^^^^^^^^^^^^^^^^^^^
  File "/opt/jax/jax/_src/core.py", line 520, in _true_bind
    return trace.process_primitive(self, args, params)
    return self.bind_with_trace(prev_trace, args, params)
           ^^^^^^^^^^^^^^^^^^^^^^^^^^^^^^^^^^^^^^^^^^^
  File "/opt/jax/jax/_src/core.py", line 1029, in process_primitive
           ^^^^^^^^^^^^^^^^^^^^^^^^^^^^^^^^^^^^^^^^^^^^^^
  File "/opt/jax/jax/_src/core.py", line 525, in bind_with_trace
    return trace.process_primitive(self, args, params)
    return primitive.impl(*args, **params)
           ^^^^^^^^^^^^^^^^^^^^^^^^^^^^^^^
  File "/opt/jax/jax/_src/dispatch.py", line 566, in _batched_device_put_impl
           ^^^^^^^^^^^^^^^^^^^^^^^^^^^^^^^^^^^^^^^^^^^
  File "/opt/jax/jax/_src/core.py", line 1029, in process_primitive
    shard_arg_results = pxla.shard_args(dsa_shardings, [None] * len(dsa_xs),
    return primitive.impl(*args, **params)
                        ^^^^^^^^^^^^^^^^^^^^^^^^^^^^^^^^^^^^^^^^^^^^^^^^^^^^
  File "/opt/jax/jax/_src/profiler.py", line 334, in wrapper
           ^^^^^^^^^^^^^^^^^^^^^^^^^^^^^^^
  File "/opt/jax/jax/_src/dispatch.py", line 566, in _batched_device_put_impl
    return func(*args, **kwargs)
Traceback (most recent call last):
  File "<frozen runpy>", line 198, in _run_module_as_main
  File "<frozen runpy>", line 88, in _run_code
  File "/global/homes/j/jackm/software/lorrax_B/src/psp/get_dipole_mtxels.py", line 363, in <module>
    shard_arg_results = pxla.shard_args(dsa_shardings, [None] * len(dsa_xs),
           ^^^^^^^^^^^^^^^^^^^^^
  File "/opt/jax/jax/_src/interpreters/pxla.py", line 134, in shard_args
    return shard_arg_handlers[type(arg)]([arg], shardings, layouts,
                        ^^^^^^^^^^^^^^^^^^^^^^^^^^^^^^^^^^^^^^^^^^^^^^^^^^^^
  File "/opt/jax/jax/_src/profiler.py", line 334, in wrapper
           ^^^^^^^^^^^^^^^^^^^^^^^^^^^^^^^^^^^^^^^^^^^^^^^^^^^^^^^^
  File "/opt/jax/jax/_src/array.py", line 1224, in _array_shard_arg
    return func(*args, **kwargs)
           ^^^^^^^^^^^^^^^^^^^^^
  File "/opt/jax/jax/_src/interpreters/pxla.py", line 134, in shard_args
    return shard_arg_handlers[type(arg)]([arg], shardings, layouts,
    results.append(shard_device_array(x, devices, indices, sharding))
           ^^^^^^^^^^^^^^^^^^^^^^^^^^^^^^^^^^^^^^^^^^^^^^^^^^^^^^^^
  File "/opt/jax/jax/_src/array.py", line 1224, in _array_shard_arg
                   ^^^^^^^^^^^^^^^^^^^^^^^^^^^^^^^^^^^^^^^^^^^^^^^^^
  File "/opt/jax/jax/_src/array.py", line 1153, in shard_device_array
    results.append(shard_device_array(x, devices, indices, sharding))
    shards = x._multi_slice(start_indices, limit_indices, removed_dims)
                   ^^^^^^^^^^^^^^^^^^^^^^^^^^^^^^^^^^^^^^^^^^^^^^^^^
  File "/opt/jax/jax/_src/array.py", line 1153, in shard_device_array
             ^^^^^^^^^^^^^^^^^^^^^^^^^^^^^^^^^^^^^^^^^^^^^^^^^^^^^^^^^^
jaxlib.xla_extension.XlaRuntimeError: RESOURCE_EXHAUSTED: Failed to allocate request for 2.80GiB (3009871872B) on device ordinal 0
--------------------
For simplicity, JAX has removed its internal frames from the traceback of the following exception. Set JAX_TRACEBACK_FILTERING=off to include these.
    shards = x._multi_slice(start_indices, limit_indices, removed_dims)
             ^^^^^^^^^^^^^^^^^^^^^^^^^^^^^^^^^^^^^^^^^^^^^^^^^^^^^^^^^^
jaxlib.xla_extension.XlaRuntimeError: RESOURCE_EXHAUSTED: Failed to allocate request for 2.80GiB (3009871872B) on device ordinal 0
--------------------
For simplicity, JAX has removed its internal frames from the traceback of the following exception. Set JAX_TRACEBACK_FILTERING=off to include these.
    main()
  File "/global/homes/j/jackm/software/lorrax_B/src/psp/get_dipole_mtxels.py", line 191, in main
    global_psi_G, nb_actual = read_Gvecs_to_devices(wfn, sym, brange, meta, bispinor, mesh_xy)
                              ^^^^^^^^^^^^^^^^^^^^^^^^^^^^^^^^^^^^^^^^^^^^^^^^^^^^^^^^^^^^^^^^
  File "/global/homes/j/jackm/software/lorrax_B/src/common/load_wfns.py", line 213, in read_Gvecs_to_devices
    global_psi_Gtot = jax.make_array_from_process_local_data(
                      ^^^^^^^^^^^^^^^^^^^^^^^^^^^^^^^^^^^^^^^
  File "/opt/jax/jax/_src/array.py", line 956, in make_array_from_process_local_data
    return api.device_put(local_data, sharding)
           ^^^^^^^^^^^^^^^^^^^^^^^^^^^^^^^^^^^^
  File "/opt/jax/jax/_src/api.py", line 2376, in device_put
    out_flat = dispatch.device_put_p.bind(
               ^^^^^^^^^^^^^^^^^^^^^^^^^^^
  File "/opt/jax/jax/_src/core.py", line 502, in bind
    return self._true_bind(*args, **params)
           ^^^^^^^^^^^^^^^^^^^^^^^^^^^^^^^^
  File "/opt/jax/jax/_src/core.py", line 520, in _true_bind
    return self.bind_with_trace(prev_trace, args, params)
           ^^^^^^^^^^^^^^^^^^^^^^^^^^^^^^^^^^^^^^^^^^^^^^
  File "/opt/jax/jax/_src/core.py", line 525, in bind_with_trace
    return trace.process_primitive(self, args, params)
           ^^^^^^^^^^^^^^^^^^^^^^^^^^^^^^^^^^^^^^^^^^^
  File "/opt/jax/jax/_src/core.py", line 1029, in process_primitive
    return primitive.impl(*args, **params)
           ^^^^^^^^^^^^^^^^^^^^^^^^^^^^^^^
  File "/opt/jax/jax/_src/dispatch.py", line 566, in _batched_device_put_impl
    shard_arg_results = pxla.shard_args(dsa_shardings, [None] * len(dsa_xs),
                        ^^^^^^^^^^^^^^^^^^^^^^^^^^^^^^^^^^^^^^^^^^^^^^^^^^^^
  File "/opt/jax/jax/_src/profiler.py", line 334, in wrapper
    return func(*args, **kwargs)
           ^^^^^^^^^^^^^^^^^^^^^
  File "/opt/jax/jax/_src/interpreters/pxla.py", line 134, in shard_args
    return shard_arg_handlers[type(arg)]([arg], shardings, layouts,
           ^^^^^^^^^^^^^^^^^^^^^^^^^^^^^^^^^^^^^^^^^^^^^^^^^^^^^^^^
  File "/opt/jax/jax/_src/array.py", line 1224, in _array_shard_arg
    results.append(shard_device_array(x, devices, indices, sharding))
                   ^^^^^^^^^^^^^^^^^^^^^^^^^^^^^^^^^^^^^^^^^^^^^^^^^
  File "/opt/jax/jax/_src/array.py", line 1153, in shard_device_array
    shards = x._multi_slice(start_indices, limit_indices, removed_dims)
             ^^^^^^^^^^^^^^^^^^^^^^^^^^^^^^^^^^^^^^^^^^^^^^^^^^^^^^^^^^
jaxlib.xla_extension.XlaRuntimeError: RESOURCE_EXHAUSTED: Failed to allocate request for 2.80GiB (3009871872B) on device ordinal 0
--------------------
For simplicity, JAX has removed its internal frames from the traceback of the following exception. Set JAX_TRACEBACK_FILTERING=off to include these.
[2026-04-19T17:58:34.100] error: *** STEP 51771717.54 ON nid001077 CANCELLED AT 2026-04-19T17:58:34 DUE TO TASK FAILURE ***
srun: error: nid001077: tasks 0-1: Exited with exit code 1
srun: error: nid001077: task 3: Exited with exit code 1
