
========================================================================
  COHSEX-JAX: Self-Energy Calculation
========================================================================
  Backend: GPU       Devices: 4  Mesh: 2×2  Processes: 4
  Device type: NVIDIA A100-SXM4-40GB
  XLA preallocate: false  mem_fraction: unset
========================================================================

  ISDF basis: 640 centroids
  FFT grid: 24×24×80   Cell volume: 702.20 a.u.³

    Memory estimate: peak 3.88 GB (budget 4.00 GB), bottleneck=zct
    Per-stage: fft=0.85  pair=2.54  zct=3.88  reshard=3.88  solve=2.31  gather=2.09 GB
    AOT chooser: chunk_r=23040 band_chunk=40 (2×2 jits, peak=2.82 GB / 3.88 GB = 73%, total=0.0 GF)

  Chunked ISDF fitting:
    Band chunks: 40
    R chunks:    23040 (contiguous r-space)
    Q chunks:    8
    Zeta output: /pscratch/sd/j/jackm/lorrax_sandbox/runs/MoS2/02_mos2_3x3_nosym/C_hang_repro/tmp/zeta_q.h5

  Zeta fitting: 2 r-chunks x 23040 r-points, 80 bands (80 left + 80 right)
  Output: /pscratch/sd/j/jackm/lorrax_sandbox/runs/MoS2/02_mos2_3x3_nosym/C_hang_repro/tmp/zeta_q.h5
  [load_centroids] bc iter 0/2 bands 0:40
  [load_centroids] bc iter 1/2 bands 40:80
2026-04-22 01:15:30.455386: W external/xla/xla/tsl/distributed_runtime/preemption/preemption_notifier.cc:89] SIGTERM caught at 2026-04-22T01:15:30.45533357-07:00
2026-04-22 01:15:30.455685: W external/xla/xla/tsl/distributed_runtime/preemption/preemption_notifier.cc:89] SIGTERM caught at 2026-04-22T01:15:30.455627059-07:00
2026-04-22 01:15:30.456312: W external/xla/xla/tsl/distributed_runtime/preemption/preemption_notifier.cc:89] SIGTERM caught at 2026-04-22T01:15:30.456235188-07:00
2026-04-22 01:15:30.457022: W external/xla/xla/tsl/distributed_runtime/preemption/preemption_notifier.cc:89] SIGTERM caught at 2026-04-22T01:15:30.456989711-07:00
srun: error: nid001044: tasks 0-3: Killed
srun: Terminating StepId=51877141.8
srun: Force Terminated StepId=51877141.8
