=== r_chunk=24576 band_chunk=64 gflat_chunk=360 ===
[cohsex]
wfn_file = WFN.h5
nval = 70
ncond = 80
nband = 150
sys_dim = 2
bispinor = true
centroids_file = centroids_frac_1508.txt
centroids_file_current = centroids_frac_1504_current.txt
bare_coulomb_cutoff = 80.0
memory_per_device_gb = 70.0
restart = false
band_chunk_size = 64
r_chunk_size = 24576
gflat_chunk_size = 360
max_r_chunks = -1
x_only = true
do_screened = false
screening = cohsex
vhead = 0.0
whead_0freq = 0.0
write_wfn_h5 = false
===
Using nodes: nid001185,nid001188,nid001189,nid001192
Launched srun PID=891015 for config B6 (16 ranks across nid001185,nid001188,nid001189,nid001192)

========================================================================
  COHSEX-JAX: Self-Energy Calculation
========================================================================
  Backend: GPU       Devices: 16  Mesh: 4×4  Processes: 16
  Device type: NVIDIA A100-SXM4-40GB
  XLA preallocate: false  mem_fraction: unset
========================================================================

  ISDF basis: 1508 centroids
  FFT grid: 75×75×200   Cell volume: 4960.60 a.u.³

2026-05-17 00:05:35.275352: E external/xla/xla/service/gpu/gpu_hlo_schedule.cc:654] The byte size of input/output arguments (41472000000) exceeds the base limit (33924684185). This indicates an error in the calculation!
2026-05-17 00:05:35.275667: W external/xla/xla/hlo/transforms/simplifiers/hlo_rematerialization.cc:3021] Can't reduce memory use below 0B (0 bytes) by rematerialization; only reduced to 57.94GiB (62208000000 bytes), down from 57.94GiB (62208000000 bytes) originally
2026-05-17 00:05:35.287458: E external/xla/xla/service/gpu/gpu_hlo_schedule.cc:654] The byte size of input/output arguments (41472000000) exceeds the base limit (33924684185). This indicates an error in the calculation!
2026-05-17 00:05:35.287507: E external/xla/xla/service/gpu/gpu_hlo_schedule.cc:654] The byte size of input/output arguments (41472000000) exceeds the base limit (33924684185). This indicates an error in the calculation!
2026-05-17 00:05:35.287776: W external/xla/xla/hlo/transforms/simplifiers/hlo_rematerialization.cc:3021] Can't reduce memory use below 0B (0 bytes) by rematerialization; only reduced to 57.94GiB (62208000000 bytes), down from 57.94GiB (62208000000 bytes) originally
2026-05-17 00:05:35.287812: W external/xla/xla/hlo/transforms/simplifiers/hlo_rematerialization.cc:3021] Can't reduce memory use below 0B (0 bytes) by rematerialization; only reduced to 57.94GiB (62208000000 bytes), down from 57.94GiB (62208000000 bytes) originally
2026-05-17 00:05:35.291590: E external/xla/xla/service/gpu/gpu_hlo_schedule.cc:654] The byte size of input/output arguments (41472000000) exceeds the base limit (33924684185). This indicates an error in the calculation!
2026-05-17 00:05:35.291905: W external/xla/xla/hlo/transforms/simplifiers/hlo_rematerialization.cc:3021] Can't reduce memory use below 0B (0 bytes) by rematerialization; only reduced to 57.94GiB (62208000000 bytes), down from 57.94GiB (62208000000 bytes) originally
2026-05-17 00:05:35.291919: E external/xla/xla/service/gpu/gpu_hlo_schedule.cc:654] The byte size of input/output arguments (41472000000) exceeds the base limit (33924684185). This indicates an error in the calculation!
2026-05-17 00:05:35.292231: W external/xla/xla/hlo/transforms/simplifiers/hlo_rematerialization.cc:3021] Can't reduce memory use below 0B (0 bytes) by rematerialization; only reduced to 57.94GiB (62208000000 bytes), down from 57.94GiB (62208000000 bytes) originally
2026-05-17 00:05:35.294728: E external/xla/xla/service/gpu/gpu_hlo_schedule.cc:654] The byte size of input/output arguments (41472000000) exceeds the base limit (33924684185). This indicates an error in the calculation!
2026-05-17 00:05:35.295046: W external/xla/xla/hlo/transforms/simplifiers/hlo_rematerialization.cc:3021] Can't reduce memory use below 0B (0 bytes) by rematerialization; only reduced to 57.94GiB (62208000000 bytes), down from 57.94GiB (62208000000 bytes) originally
2026-05-17 00:05:35.296541: E external/xla/xla/service/gpu/gpu_hlo_schedule.cc:654] The byte size of input/output arguments (41472000000) exceeds the base limit (33924684185). This indicates an error in the calculation!
2026-05-17 00:05:35.296858: W external/xla/xla/hlo/transforms/simplifiers/hlo_rematerialization.cc:3021] Can't reduce memory use below 0B (0 bytes) by rematerialization; only reduced to 57.94GiB (62208000000 bytes), down from 57.94GiB (62208000000 bytes) originally
2026-05-17 00:05:35.300319: E external/xla/xla/service/gpu/gpu_hlo_schedule.cc:654] The byte size of input/output arguments (41472000000) exceeds the base limit (33924684185). This indicates an error in the calculation!
2026-05-17 00:05:35.300630: W external/xla/xla/hlo/transforms/simplifiers/hlo_rematerialization.cc:3021] Can't reduce memory use below 0B (0 bytes) by rematerialization; only reduced to 57.94GiB (62208000000 bytes), down from 57.94GiB (62208000000 bytes) originally
2026-05-17 00:05:35.301756: E external/xla/xla/service/gpu/gpu_hlo_schedule.cc:654] The byte size of input/output arguments (41472000000) exceeds the base limit (33924684185). This indicates an error in the calculation!
2026-05-17 00:05:35.302062: W external/xla/xla/hlo/transforms/simplifiers/hlo_rematerialization.cc:3021] Can't reduce memory use below 0B (0 bytes) by rematerialization; only reduced to 57.94GiB (62208000000 bytes), down from 57.94GiB (62208000000 bytes) originally
2026-05-17 00:05:35.304360: E external/xla/xla/service/gpu/gpu_hlo_schedule.cc:654] The byte size of input/output arguments (41472000000) exceeds the base limit (33924684185). This indicates an error in the calculation!
2026-05-17 00:05:35.304667: W external/xla/xla/hlo/transforms/simplifiers/hlo_rematerialization.cc:3021] Can't reduce memory use below 0B (0 bytes) by rematerialization; only reduced to 57.94GiB (62208000000 bytes), down from 57.94GiB (62208000000 bytes) originally
2026-05-17 00:05:35.307021: E external/xla/xla/service/gpu/gpu_hlo_schedule.cc:654] The byte size of input/output arguments (41472000000) exceeds the base limit (33924684185). This indicates an error in the calculation!
2026-05-17 00:05:35.307324: W external/xla/xla/hlo/transforms/simplifiers/hlo_rematerialization.cc:3021] Can't reduce memory use below 0B (0 bytes) by rematerialization; only reduced to 57.94GiB (62208000000 bytes), down from 57.94GiB (62208000000 bytes) originally
2026-05-17 00:05:35.309225: E external/xla/xla/service/gpu/gpu_hlo_schedule.cc:654] The byte size of input/output arguments (41472000000) exceeds the base limit (33924684185). This indicates an error in the calculation!
2026-05-17 00:05:35.309528: W external/xla/xla/hlo/transforms/simplifiers/hlo_rematerialization.cc:3021] Can't reduce memory use below 0B (0 bytes) by rematerialization; only reduced to 57.94GiB (62208000000 bytes), down from 57.94GiB (62208000000 bytes) originally
2026-05-17 00:05:35.311139: E external/xla/xla/service/gpu/gpu_hlo_schedule.cc:654] The byte size of input/output arguments (41472000000) exceeds the base limit (33924684185). This indicates an error in the calculation!
2026-05-17 00:05:35.311449: W external/xla/xla/hlo/transforms/simplifiers/hlo_rematerialization.cc:3021] Can't reduce memory use below 0B (0 bytes) by rematerialization; only reduced to 57.94GiB (62208000000 bytes), down from 57.94GiB (62208000000 bytes) originally
2026-05-17 00:05:35.313308: E external/xla/xla/service/gpu/gpu_hlo_schedule.cc:654] The byte size of input/output arguments (41472000000) exceeds the base limit (33924684185). This indicates an error in the calculation!
2026-05-17 00:05:35.313609: W external/xla/xla/hlo/transforms/simplifiers/hlo_rematerialization.cc:3021] Can't reduce memory use below 0B (0 bytes) by rematerialization; only reduced to 57.94GiB (62208000000 bytes), down from 57.94GiB (62208000000 bytes) originally
2026-05-17 00:05:35.315828: E external/xla/xla/service/gpu/gpu_hlo_schedule.cc:654] The byte size of input/output arguments (41472000000) exceeds the base limit (33924684185). This indicates an error in the calculation!
2026-05-17 00:05:35.316134: W external/xla/xla/hlo/transforms/simplifiers/hlo_rematerialization.cc:3021] Can't reduce memory use below 0B (0 bytes) by rematerialization; only reduced to 57.94GiB (62208000000 bytes), down from 57.94GiB (62208000000 bytes) originally
2026-05-17 00:05:35.325216: E external/xla/xla/service/gpu/gpu_hlo_schedule.cc:654] The byte size of input/output arguments (41472000000) exceeds the base limit (33924684185). This indicates an error in the calculation!
2026-05-17 00:05:35.325517: W external/xla/xla/hlo/transforms/simplifiers/hlo_rematerialization.cc:3021] Can't reduce memory use below 0B (0 bytes) by rematerialization; only reduced to 57.94GiB (62208000000 bytes), down from 57.94GiB (62208000000 bytes) originally
    K-point chunking: 6 k-pts per FFT batch (total 36)
    K-point chunking: 6 k-pts per FFT batch (total 36)
    K-point chunking: 6 k-pts per FFT batch (total 36)
    K-point chunking: 6 k-pts per FFT batch (total 36)
    K-point chunking: 6 k-pts per FFT batch (total 36)
    K-point chunking: 6 k-pts per FFT batch (total 36)
    K-point chunking: 6 k-pts per FFT batch (total 36)
    K-point chunking: 6 k-pts per FFT batch (total 36)
    K-point chunking: 6 k-pts per FFT batch (total 36)
    K-point chunking: 6 k-pts per FFT batch (total 36)
    K-point chunking: 6 k-pts per FFT batch (total 36)
    K-point chunking: 6 k-pts per FFT batch (total 36)
    K-point chunking: 6 k-pts per FFT batch (total 36)
    K-point chunking: 6 k-pts per FFT batch (total 36)
    K-point chunking: 6 k-pts per FFT batch (total 36)
    K-point chunking: 6 k-pts per FFT batch (total 36)
    Memory estimate: peak 129.88 GB (budget 70.00 GB), bottleneck=fft
    Per-stage: fft=129.88  zct=107.35  reshard=4.62  solve=3.47  gather=3.18 GB
    AOT fit_one_rchunk peak (driver-level): 7.76 GB

  G-flat memory model — chunk plan + HWM estimate
    band_chunk         = 64
    r_chunk            = 24576  (46 chunks)
    gflat_chunk_size   = 704
    budget             = 70.00 GB/dev
    HWM estimate       = 65.99 GB/dev (94% of budget) [bottleneck: C_fit_one_rchunk]
    peak breakdown (GB/dev):
      C_fit_one_rchunk........   65.99
      D_accumulate............   55.73
      A_centroid..............   42.19
      B_CCT_chol..............    2.83

  Chunked ISDF fitting:
    Band chunks: 64
    R chunks:    24576 (contiguous r-space)
    Q chunks:    36
    GFlat cs:    360
    Zeta output: /pscratch/sd/j/jackm/lorrax_sandbox/runs/CrI3/M_6x6_80Ry_2026-05-07/sweep_B_workdir_2026-05-16/tmp/zeta_q.h5
    cutoffs: zeta = 80.0 Ry, bare-Coulomb = 80.0 Ry  (ecutwfc=80.0, ecutrho=320.0)

  Zeta fitting: 46 r-chunks x 24576 r-points, 160 bands (150 left + 160 right)
  Output: /pscratch/sd/j/jackm/lorrax_sandbox/runs/CrI3/M_6x6_80Ry_2026-05-07/sweep_B_workdir_2026-05-16/tmp/zeta_q.h5
  Left wfns:  (36, 150, 4, 1520)
  Right wfns: (36, 160, 4, 1520)
  Computing C_q via shard_map pipeline (open-spin, charge γ̃^0=I)
  Computing L_q = chol(C_q)  [PSD, charge channel, path=cusolvermp_cholesky]

  Zeta fitting: 46 r-chunks x 24576 r-points, 160 bands (150 left + 160 right)
  Output: /pscratch/sd/j/jackm/lorrax_sandbox/runs/CrI3/M_6x6_80Ry_2026-05-07/sweep_B_workdir_2026-05-16/tmp/zeta_q.h5

  Zeta fitting: 46 r-chunks x 24576 r-points, 160 bands (150 left + 160 right)
  Output: /pscratch/sd/j/jackm/lorrax_sandbox/runs/CrI3/M_6x6_80Ry_2026-05-07/sweep_B_workdir_2026-05-16/tmp/zeta_q.h5

  Zeta fitting: 46 r-chunks x 24576 r-points, 160 bands (150 left + 160 right)
  Output: /pscratch/sd/j/jackm/lorrax_sandbox/runs/CrI3/M_6x6_80Ry_2026-05-07/sweep_B_workdir_2026-05-16/tmp/zeta_q.h5

  Zeta fitting: 46 r-chunks x 24576 r-points, 160 bands (150 left + 160 right)
  Output: /pscratch/sd/j/jackm/lorrax_sandbox/runs/CrI3/M_6x6_80Ry_2026-05-07/sweep_B_workdir_2026-05-16/tmp/zeta_q.h5

  Zeta fitting: 46 r-chunks x 24576 r-points, 160 bands (150 left + 160 right)
  Output: /pscratch/sd/j/jackm/lorrax_sandbox/runs/CrI3/M_6x6_80Ry_2026-05-07/sweep_B_workdir_2026-05-16/tmp/zeta_q.h5

  Zeta fitting: 46 r-chunks x 24576 r-points, 160 bands (150 left + 160 right)
  Output: /pscratch/sd/j/jackm/lorrax_sandbox/runs/CrI3/M_6x6_80Ry_2026-05-07/sweep_B_workdir_2026-05-16/tmp/zeta_q.h5

  Zeta fitting: 46 r-chunks x 24576 r-points, 160 bands (150 left + 160 right)
  Output: /pscratch/sd/j/jackm/lorrax_sandbox/runs/CrI3/M_6x6_80Ry_2026-05-07/sweep_B_workdir_2026-05-16/tmp/zeta_q.h5

  Zeta fitting: 46 r-chunks x 24576 r-points, 160 bands (150 left + 160 right)
  Output: /pscratch/sd/j/jackm/lorrax_sandbox/runs/CrI3/M_6x6_80Ry_2026-05-07/sweep_B_workdir_2026-05-16/tmp/zeta_q.h5

  Zeta fitting: 46 r-chunks x 24576 r-points, 160 bands (150 left + 160 right)
  Output: /pscratch/sd/j/jackm/lorrax_sandbox/runs/CrI3/M_6x6_80Ry_2026-05-07/sweep_B_workdir_2026-05-16/tmp/zeta_q.h5

  Zeta fitting: 46 r-chunks x 24576 r-points, 160 bands (150 left + 160 right)
  Output: /pscratch/sd/j/jackm/lorrax_sandbox/runs/CrI3/M_6x6_80Ry_2026-05-07/sweep_B_workdir_2026-05-16/tmp/zeta_q.h5

  Zeta fitting: 46 r-chunks x 24576 r-points, 160 bands (150 left + 160 right)
  Output: /pscratch/sd/j/jackm/lorrax_sandbox/runs/CrI3/M_6x6_80Ry_2026-05-07/sweep_B_workdir_2026-05-16/tmp/zeta_q.h5
  Left wfns:  (36, 150, 4, 1520)
  Right wfns: (36, 160, 4, 1520)
  Left wfns:  (36, 150, 4, 1520)
  Right wfns: (36, 160, 4, 1520)

  Zeta fitting: 46 r-chunks x 24576 r-points, 160 bands (150 left + 160 right)
  Output: /pscratch/sd/j/jackm/lorrax_sandbox/runs/CrI3/M_6x6_80Ry_2026-05-07/sweep_B_workdir_2026-05-16/tmp/zeta_q.h5
  Left wfns:  (36, 150, 4, 1520)
  Right wfns: (36, 160, 4, 1520)
  Left wfns:  (36, 150, 4, 1520)
  Right wfns: (36, 160, 4, 1520)
  Left wfns:  (36, 150, 4, 1520)
  Right wfns: (36, 160, 4, 1520)
  Left wfns:  (36, 150, 4, 1520)
  Right wfns: (36, 160, 4, 1520)
  Left wfns:  (36, 150, 4, 1520)
  Right wfns: (36, 160, 4, 1520)

  Zeta fitting: 46 r-chunks x 24576 r-points, 160 bands (150 left + 160 right)
  Output: /pscratch/sd/j/jackm/lorrax_sandbox/runs/CrI3/M_6x6_80Ry_2026-05-07/sweep_B_workdir_2026-05-16/tmp/zeta_q.h5
  Left wfns:  (36, 150, 4, 1520)
  Right wfns: (36, 160, 4, 1520)
  Left wfns:  (36, 150, 4, 1520)
  Right wfns: (36, 160, 4, 1520)

  Zeta fitting: 46 r-chunks x 24576 r-points, 160 bands (150 left + 160 right)
  Output: /pscratch/sd/j/jackm/lorrax_sandbox/runs/CrI3/M_6x6_80Ry_2026-05-07/sweep_B_workdir_2026-05-16/tmp/zeta_q.h5
  Left wfns:  (36, 150, 4, 1520)
  Right wfns: (36, 160, 4, 1520)
  Left wfns:  (36, 150, 4, 1520)
  Right wfns: (36, 160, 4, 1520)
  Left wfns:  (36, 150, 4, 1520)
  Right wfns: (36, 160, 4, 1520)
  Left wfns:  (36, 150, 4, 1520)
  Right wfns: (36, 160, 4, 1520)
  Left wfns:  (36, 150, 4, 1520)
  Right wfns: (36, 160, 4, 1520)

  Zeta fitting: 46 r-chunks x 24576 r-points, 160 bands (150 left + 160 right)
  Output: /pscratch/sd/j/jackm/lorrax_sandbox/runs/CrI3/M_6x6_80Ry_2026-05-07/sweep_B_workdir_2026-05-16/tmp/zeta_q.h5
  Left wfns:  (36, 150, 4, 1520)
  Right wfns: (36, 160, 4, 1520)
  Computing C_q via shard_map pipeline (open-spin, charge γ̃^0=I)
  Computing C_q via shard_map pipeline (open-spin, charge γ̃^0=I)
  Computing C_q via shard_map pipeline (open-spin, charge γ̃^0=I)
  Computing C_q via shard_map pipeline (open-spin, charge γ̃^0=I)
  Computing C_q via shard_map pipeline (open-spin, charge γ̃^0=I)
  Computing C_q via shard_map pipeline (open-spin, charge γ̃^0=I)
  Computing C_q via shard_map pipeline (open-spin, charge γ̃^0=I)
  Computing C_q via shard_map pipeline (open-spin, charge γ̃^0=I)
  Computing C_q via shard_map pipeline (open-spin, charge γ̃^0=I)
  Computing C_q via shard_map pipeline (open-spin, charge γ̃^0=I)
  Computing C_q via shard_map pipeline (open-spin, charge γ̃^0=I)
  Computing C_q via shard_map pipeline (open-spin, charge γ̃^0=I)
  Computing C_q via shard_map pipeline (open-spin, charge γ̃^0=I)
  Computing C_q via shard_map pipeline (open-spin, charge γ̃^0=I)
  Computing C_q via shard_map pipeline (open-spin, charge γ̃^0=I)
  Computing L_q = chol(C_q)  [PSD, charge channel, path=cusolvermp_cholesky]
  Computing L_q = chol(C_q)  [PSD, charge channel, path=cusolvermp_cholesky]
  Computing L_q = chol(C_q)  [PSD, charge channel, path=cusolvermp_cholesky]
  Computing L_q = chol(C_q)  [PSD, charge channel, path=cusolvermp_cholesky]
  Computing L_q = chol(C_q)  [PSD, charge channel, path=cusolvermp_cholesky]
  Computing L_q = chol(C_q)  [PSD, charge channel, path=cusolvermp_cholesky]
  Computing L_q = chol(C_q)  [PSD, charge channel, path=cusolvermp_cholesky]
  Computing L_q = chol(C_q)  [PSD, charge channel, path=cusolvermp_cholesky]
  Computing L_q = chol(C_q)  [PSD, charge channel, path=cusolvermp_cholesky]
  Computing L_q = chol(C_q)  [PSD, charge channel, path=cusolvermp_cholesky]
  Computing L_q = chol(C_q)  [PSD, charge channel, path=cusolvermp_cholesky]
  Computing L_q = chol(C_q)  [PSD, charge channel, path=cusolvermp_cholesky]
  Computing L_q = chol(C_q)  [PSD, charge channel, path=cusolvermp_cholesky]
  Computing L_q = chol(C_q)  [PSD, charge channel, path=cusolvermp_cholesky]
  Computing L_q = chol(C_q)  [PSD, charge channel, path=cusolvermp_cholesky]
[lorrax cusolverMp] library 0.7.2, NCCL 2.26.3, comm path: NCCL, grid: 4x4 (row-major)
  L_q: (36, 1520, 1520)
  L_q: (36, 1520, 1520)
  L_q: (36, 1520, 1520)
  L_q: (36, 1520, 1520)
  L_q: (36, 1520, 1520)
  L_q: (36, 1520, 1520)
  L_q: (36, 1520, 1520)
  L_q: (36, 1520, 1520)
  L_q: (36, 1520, 1520)
  L_q: (36, 1520, 1520)
  L_q: (36, 1520, 1520)
  L_q: (36, 1520, 1520)
  L_q: (36, 1520, 1520)
  L_q: (36, 1520, 1520)
  L_q: (36, 1520, 1520)
  L_q: (36, 1520, 1520)
  q axis on disk: full BZ (36 q-points) (write_ibz_only=False or closure check failed)
  q axis on disk: full BZ (36 q-points) (write_ibz_only=False or closure check failed)
  q axis on disk: full BZ (36 q-points) (write_ibz_only=False or closure check failed)
  q axis on disk: full BZ (36 q-points) (write_ibz_only=False or closure check failed)
  q axis on disk: full BZ (36 q-points) (write_ibz_only=False or closure check failed)
  q axis on disk: full BZ (36 q-points) (write_ibz_only=False or closure check failed)
  q axis on disk: full BZ (36 q-points) (write_ibz_only=False or closure check failed)
  q axis on disk: full BZ (36 q-points) (write_ibz_only=False or closure check failed)
  q axis on disk: full BZ (36 q-points) (write_ibz_only=False or closure check failed)
  q axis on disk: full BZ (36 q-points) (write_ibz_only=False or closure check failed)
  q axis on disk: full BZ (36 q-points) (write_ibz_only=False or closure check failed)
  q axis on disk: full BZ (36 q-points) (write_ibz_only=False or closure check failed)
  q axis on disk: full BZ (36 q-points) (write_ibz_only=False or closure check failed)
  q axis on disk: full BZ (36 q-points) (write_ibz_only=False or closure check failed)
  q axis on disk: full BZ (36 q-points) (write_ibz_only=False or closure check failed)
  q axis on disk: full BZ (36 q-points) (write_ibz_only=False or closure check failed)
  G-flat ζ sphere: ngkmax=59990, min ngk=59826, max ngk=59990 (5.332% of n_rtot)
/global/homes/j/jackm/software/lorrax_B/src/file_io/_slab_io_ffi.py:453: UserWarning: FFI backend: chunks/attrs on create_dataset currently no-op; pre-create with h5py if you need explicit chunking or attrs.
  warnings.warn(
/global/homes/j/jackm/software/lorrax_B/src/file_io/_slab_io_ffi.py:453: UserWarning: FFI backend: chunks/attrs on create_dataset currently no-op; pre-create with h5py if you need explicit chunking or attrs.
  warnings.warn(
/global/homes/j/jackm/software/lorrax_B/src/file_io/_slab_io_ffi.py:453: UserWarning: FFI backend: chunks/attrs on create_dataset currently no-op; pre-create with h5py if you need explicit chunking or attrs.
  warnings.warn(
/global/homes/j/jackm/software/lorrax_B/src/file_io/_slab_io_ffi.py:453: UserWarning: FFI backend: chunks/attrs on create_dataset currently no-op; pre-create with h5py if you need explicit chunking or attrs.
  warnings.warn(
/global/homes/j/jackm/software/lorrax_B/src/file_io/_slab_io_ffi.py:453: UserWarning: FFI backend: chunks/attrs on create_dataset currently no-op; pre-create with h5py if you need explicit chunking or attrs.
  warnings.warn(
/global/homes/j/jackm/software/lorrax_B/src/file_io/_slab_io_ffi.py:453: UserWarning: FFI backend: chunks/attrs on create_dataset currently no-op; pre-create with h5py if you need explicit chunking or attrs.
  warnings.warn(
/global/homes/j/jackm/software/lorrax_B/src/file_io/_slab_io_ffi.py:453: UserWarning: FFI backend: chunks/attrs on create_dataset currently no-op; pre-create with h5py if you need explicit chunking or attrs.
  warnings.warn(
/global/homes/j/jackm/software/lorrax_B/src/file_io/_slab_io_ffi.py:453: UserWarning: FFI backend: chunks/attrs on create_dataset currently no-op; pre-create with h5py if you need explicit chunking or attrs.
  warnings.warn(
/global/homes/j/jackm/software/lorrax_B/src/file_io/_slab_io_ffi.py:453: UserWarning: FFI backend: chunks/attrs on create_dataset currently no-op; pre-create with h5py if you need explicit chunking or attrs.
  warnings.warn(
/global/homes/j/jackm/software/lorrax_B/src/file_io/_slab_io_ffi.py:453: UserWarning: FFI backend: chunks/attrs on create_dataset currently no-op; pre-create with h5py if you need explicit chunking or attrs.
  warnings.warn(
/global/homes/j/jackm/software/lorrax_B/src/file_io/_slab_io_ffi.py:453: UserWarning: FFI backend: chunks/attrs on create_dataset currently no-op; pre-create with h5py if you need explicit chunking or attrs.
  warnings.warn(
/global/homes/j/jackm/software/lorrax_B/src/file_io/_slab_io_ffi.py:453: UserWarning: FFI backend: chunks/attrs on create_dataset currently no-op; pre-create with h5py if you need explicit chunking or attrs.
  warnings.warn(
/global/homes/j/jackm/software/lorrax_B/src/file_io/_slab_io_ffi.py:453: UserWarning: FFI backend: chunks/attrs on create_dataset currently no-op; pre-create with h5py if you need explicit chunking or attrs.
  warnings.warn(
/global/homes/j/jackm/software/lorrax_B/src/file_io/_slab_io_ffi.py:453: UserWarning: FFI backend: chunks/attrs on create_dataset currently no-op; pre-create with h5py if you need explicit chunking or attrs.
  warnings.warn(
/global/homes/j/jackm/software/lorrax_B/src/file_io/_slab_io_ffi.py:453: UserWarning: FFI backend: chunks/attrs on create_dataset currently no-op; pre-create with h5py if you need explicit chunking or attrs.
  warnings.warn(
/global/homes/j/jackm/software/lorrax_B/src/file_io/_slab_io_ffi.py:453: UserWarning: FFI backend: chunks/attrs on create_dataset currently no-op; pre-create with h5py if you need explicit chunking or attrs.
  warnings.warn(
  ψ(G-flat) host cache: 1.38 GB/process resident
  G-flat ζ accumulator: N=3420 rows/rank (n_q=36 × n_mu_local=95); chunk_size=360 → per-iter FFT box 6.48 GB/rank
2026-05-17 00:05:58.186953: W external/xla/xla/hlo/transforms/simplifiers/hlo_rematerialization.cc:3021] Can't reduce memory use below 28.44GiB (30539149727 bytes) by rematerialization; only reduced to 61.37GiB (65895137280 bytes), down from 61.37GiB (65895137280 bytes) originally
2026-05-17 00:05:58.616571: W external/xla/xla/hlo/transforms/simplifiers/hlo_rematerialization.cc:3021] Can't reduce memory use below 28.44GiB (30539149727 bytes) by rematerialization; only reduced to 61.37GiB (65895137280 bytes), down from 61.37GiB (65895137280 bytes) originally
2026-05-17 00:05:58.618007: W external/xla/xla/hlo/transforms/simplifiers/hlo_rematerialization.cc:3021] Can't reduce memory use below 28.44GiB (30539149727 bytes) by rematerialization; only reduced to 61.37GiB (65895137280 bytes), down from 61.37GiB (65895137280 bytes) originally
2026-05-17 00:05:58.622306: W external/xla/xla/hlo/transforms/simplifiers/hlo_rematerialization.cc:3021] Can't reduce memory use below 28.44GiB (30539149727 bytes) by rematerialization; only reduced to 61.37GiB (65895137280 bytes), down from 61.37GiB (65895137280 bytes) originally
2026-05-17 00:05:58.623204: W external/xla/xla/hlo/transforms/simplifiers/hlo_rematerialization.cc:3021] Can't reduce memory use below 28.44GiB (30539149727 bytes) by rematerialization; only reduced to 61.37GiB (65895137280 bytes), down from 61.37GiB (65895137280 bytes) originally
2026-05-17 00:05:58.623869: W external/xla/xla/hlo/transforms/simplifiers/hlo_rematerialization.cc:3021] Can't reduce memory use below 28.44GiB (30539149727 bytes) by rematerialization; only reduced to 61.37GiB (65895137280 bytes), down from 61.37GiB (65895137280 bytes) originally
2026-05-17 00:05:58.624374: W external/xla/xla/hlo/transforms/simplifiers/hlo_rematerialization.cc:3021] Can't reduce memory use below 28.44GiB (30539149727 bytes) by rematerialization; only reduced to 61.37GiB (65895137280 bytes), down from 61.37GiB (65895137280 bytes) originally
2026-05-17 00:05:58.626196: W external/xla/xla/hlo/transforms/simplifiers/hlo_rematerialization.cc:3021] Can't reduce memory use below 28.44GiB (30539149727 bytes) by rematerialization; only reduced to 61.37GiB (65895137280 bytes), down from 61.37GiB (65895137280 bytes) originally
2026-05-17 00:05:58.627307: W external/xla/xla/hlo/transforms/simplifiers/hlo_rematerialization.cc:3021] Can't reduce memory use below 28.44GiB (30539149727 bytes) by rematerialization; only reduced to 61.37GiB (65895137280 bytes), down from 61.37GiB (65895137280 bytes) originally
2026-05-17 00:05:58.630279: W external/xla/xla/hlo/transforms/simplifiers/hlo_rematerialization.cc:3021] Can't reduce memory use below 28.44GiB (30539149727 bytes) by rematerialization; only reduced to 61.37GiB (65895137280 bytes), down from 61.37GiB (65895137280 bytes) originally
2026-05-17 00:05:58.630587: W external/xla/xla/hlo/transforms/simplifiers/hlo_rematerialization.cc:3021] Can't reduce memory use below 28.44GiB (30539149727 bytes) by rematerialization; only reduced to 61.37GiB (65895137280 bytes), down from 61.37GiB (65895137280 bytes) originally
2026-05-17 00:05:58.630794: W external/xla/xla/hlo/transforms/simplifiers/hlo_rematerialization.cc:3021] Can't reduce memory use below 28.44GiB (30539149727 bytes) by rematerialization; only reduced to 61.37GiB (65895137280 bytes), down from 61.37GiB (65895137280 bytes) originally
2026-05-17 00:05:58.630862: W external/xla/xla/hlo/transforms/simplifiers/hlo_rematerialization.cc:3021] Can't reduce memory use below 28.44GiB (30539149727 bytes) by rematerialization; only reduced to 61.37GiB (65895137280 bytes), down from 61.37GiB (65895137280 bytes) originally
2026-05-17 00:05:58.676861: W external/xla/xla/hlo/transforms/simplifiers/hlo_rematerialization.cc:3021] Can't reduce memory use below 28.44GiB (30539149727 bytes) by rematerialization; only reduced to 61.37GiB (65895137280 bytes), down from 61.37GiB (65895137280 bytes) originally
2026-05-17 00:05:58.693373: W external/xla/xla/hlo/transforms/simplifiers/hlo_rematerialization.cc:3021] Can't reduce memory use below 28.44GiB (30539149727 bytes) by rematerialization; only reduced to 61.37GiB (65895137280 bytes), down from 61.37GiB (65895137280 bytes) originally
2026-05-17 00:05:58.693570: W external/xla/xla/hlo/transforms/simplifiers/hlo_rematerialization.cc:3021] Can't reduce memory use below 28.44GiB (30539149727 bytes) by rematerialization; only reduced to 61.37GiB (65895137280 bytes), down from 61.37GiB (65895137280 bytes) originally
E0517 00:05:58.832638 1866530 pjrt_stream_executor_client.cc:3077] Execution of replica 0 failed: RESOURCE_EXHAUSTED: Failed to allocate request for 60.12GiB (64550340712B) on device ordinal 0
Traceback (most recent call last):
  File "<frozen runpy>", line 198, in _run_module_as_main
  File "<frozen runpy>", line 88, in _run_code
  File "/global/homes/j/jackm/software/lorrax_B/src/gw/gw_jax.py", line 956, in <module>
    raise SystemExit(main())
                     ^^^^^^
  File "/global/homes/j/jackm/software/lorrax_B/src/gw/gw_jax.py", line 169, in main
    isdf = prepare_isdf_and_wavefunctions(
           ^^^^^^^^^^^^^^^^^^^^^^^^^^^^^^^
  File "/global/homes/j/jackm/software/lorrax_B/src/gw/gw_init.py", line 1211, in prepare_isdf_and_wavefunctions
    zeta_path, mem_est, transverse_wfn_data = fit_zeta(
                                              ^^^^^^^^^
  File "/global/homes/j/jackm/software/lorrax_B/src/gw/gw_init.py", line 691, in fit_zeta
    peak_bytes = fit_zeta_to_h5(
                 ^^^^^^^^^^^^^^^
  File "/global/homes/j/jackm/software/lorrax_B/src/common/isdf_fitting.py", line 2435, in fit_zeta_to_h5
    zeta_chunk = fit_one_rchunk(
                 ^^^^^^^^^^^^^^^
  File "/global/homes/j/jackm/software/lorrax_B/src/common/isdf_fitting.py", line 1689, in fit_one_rchunk
    Z_q = fn.z_q_phase(
          ^^^^^^^^^^^^^
  File "/global/homes/j/jackm/software/lorrax_B/src/common/isdf_fitting.py", line 1544, in z_q_phase
    return z_q_from_psi_sm(
           ^^^^^^^^^^^^^^^^
  File "/global/homes/j/jackm/software/lorrax_B/src/common/isdf_fitting.py", line 758, in z_q_from_psi_sm
    return _pair_pipeline_sm_cache[cache_key](
           ^^^^^^^^^^^^^^^^^^^^^^^^^^^^^^^^^^^
jaxlib.xla_extension.XlaRuntimeError: RESOURCE_EXHAUSTED: Failed to allocate request for 60.12GiB (64550340712B) on device ordinal 0
--------------------
For simplicity, JAX has removed its internal frames from the traceback of the following exception. Set JAX_TRACEBACK_FILTERING=off to include these.
E0517 00:05:59.240532    3188 pjrt_stream_executor_client.cc:3077] Execution of replica 0 failed: RESOURCE_EXHAUSTED: Failed to allocate request for 60.12GiB (64550340712B) on device ordinal 0
E0517 00:05:59.241882    3193 pjrt_stream_executor_client.cc:3077] Execution of replica 0 failed: RESOURCE_EXHAUSTED: Failed to allocate request for 60.12GiB (64550340712B) on device ordinal 0
E0517 00:05:59.243229    3191 pjrt_stream_executor_client.cc:3077] Execution of replica 0 failed: RESOURCE_EXHAUSTED: Failed to allocate request for 60.12GiB (64550340712B) on device ordinal 0
E0517 00:05:59.245672    3189 pjrt_stream_executor_client.cc:3077] Execution of replica 0 failed: RESOURCE_EXHAUSTED: Failed to allocate request for 60.12GiB (64550340712B) on device ordinal 0
E0517 00:05:59.247083  509718 pjrt_stream_executor_client.cc:3077] Execution of replica 0 failed: RESOURCE_EXHAUSTED: Failed to allocate request for 60.12GiB (64550340712B) on device ordinal 0
E0517 00:05:59.248336 1947925 pjrt_stream_executor_client.cc:3077] Execution of replica 0 failed: RESOURCE_EXHAUSTED: Failed to allocate request for 60.12GiB (64550340712B) on device ordinal 0
E0517 00:05:59.249411 1947920 pjrt_stream_executor_client.cc:3077] Execution of replica 0 failed: RESOURCE_EXHAUSTED: Failed to allocate request for 60.12GiB (64550340712B) on device ordinal 0
E0517 00:05:59.252153 1947921 pjrt_stream_executor_client.cc:3077] Execution of replica 0 failed: RESOURCE_EXHAUSTED: Failed to allocate request for 60.12GiB (64550340712B) on device ordinal 0
E0517 00:05:59.254248 1947923 pjrt_stream_executor_client.cc:3077] Execution of replica 0 failed: RESOURCE_EXHAUSTED: Failed to allocate request for 60.12GiB (64550340712B) on device ordinal 0
E0517 00:05:59.254709  509723 pjrt_stream_executor_client.cc:3077] Execution of replica 0 failed: RESOURCE_EXHAUSTED: Failed to allocate request for 60.12GiB (64550340712B) on device ordinal 0
E0517 00:05:59.257166  509719 pjrt_stream_executor_client.cc:3077] Execution of replica 0 failed: RESOURCE_EXHAUSTED: Failed to allocate request for 60.12GiB (64550340712B) on device ordinal 0
E0517 00:05:59.259356  509721 pjrt_stream_executor_client.cc:3077] Execution of replica 0 failed: RESOURCE_EXHAUSTED: Failed to allocate request for 60.12GiB (64550340712B) on device ordinal 0
Traceback (most recent call last):
  File "<frozen runpy>", line 198, in _run_module_as_main
  File "<frozen runpy>", line 88, in _run_code
  File "/global/homes/j/jackm/software/lorrax_B/src/gw/gw_jax.py", line 956, in <module>
Traceback (most recent call last):
  File "<frozen runpy>", line 198, in _run_module_as_main
  File "<frozen runpy>", line 88, in _run_code
  File "/global/homes/j/jackm/software/lorrax_B/src/gw/gw_jax.py", line 956, in <module>
Traceback (most recent call last):
  File "<frozen runpy>", line 198, in _run_module_as_main
  File "<frozen runpy>", line 88, in _run_code
  File "/global/homes/j/jackm/software/lorrax_B/src/gw/gw_jax.py", line 956, in <module>
Traceback (most recent call last):
  File "<frozen runpy>", line 198, in _run_module_as_main
  File "<frozen runpy>", line 88, in _run_code
  File "/global/homes/j/jackm/software/lorrax_B/src/gw/gw_jax.py", line 956, in <module>
Traceback (most recent call last):
  File "<frozen runpy>", line 198, in _run_module_as_main
  File "<frozen runpy>", line 88, in _run_code
  File "/global/homes/j/jackm/software/lorrax_B/src/gw/gw_jax.py", line 956, in <module>
Traceback (most recent call last):
  File "<frozen runpy>", line 198, in _run_module_as_main
  File "<frozen runpy>", line 88, in _run_code
Traceback (most recent call last):
  File "<frozen runpy>", line 198, in _run_module_as_main
  File "/global/homes/j/jackm/software/lorrax_B/src/gw/gw_jax.py", line 956, in <module>
  File "<frozen runpy>", line 88, in _run_code
  File "/global/homes/j/jackm/software/lorrax_B/src/gw/gw_jax.py", line 956, in <module>
    raise SystemExit(main())
Traceback (most recent call last):
  File "<frozen runpy>", line 198, in _run_module_as_main
  File "<frozen runpy>", line 88, in _run_code
  File "/global/homes/j/jackm/software/lorrax_B/src/gw/gw_jax.py", line 956, in <module>
                     ^^^^^^
  File "/global/homes/j/jackm/software/lorrax_B/src/gw/gw_jax.py", line 169, in main
    raise SystemExit(main())
                     ^^^^^^
  File "/global/homes/j/jackm/software/lorrax_B/src/gw/gw_jax.py", line 169, in main
Traceback (most recent call last):
  File "<frozen runpy>", line 198, in _run_module_as_main
  File "<frozen runpy>", line 88, in _run_code
  File "/global/homes/j/jackm/software/lorrax_B/src/gw/gw_jax.py", line 956, in <module>
    raise SystemExit(main())
                     ^^^^^^
  File "/global/homes/j/jackm/software/lorrax_B/src/gw/gw_jax.py", line 169, in main
Traceback (most recent call last):
  File "<frozen runpy>", line 198, in _run_module_as_main
  File "<frozen runpy>", line 88, in _run_code
  File "/global/homes/j/jackm/software/lorrax_B/src/gw/gw_jax.py", line 956, in <module>
    raise SystemExit(main())
                     ^^^^^^
    raise SystemExit(main())
  File "/global/homes/j/jackm/software/lorrax_B/src/gw/gw_jax.py", line 169, in main
                     ^^^^^^
  File "/global/homes/j/jackm/software/lorrax_B/src/gw/gw_jax.py", line 169, in main
    isdf = prepare_isdf_and_wavefunctions(
           ^^^^^^^^^^^^^^^^^^^^^^^^^^^^^^^
  File "/global/homes/j/jackm/software/lorrax_B/src/gw/gw_init.py", line 1211, in prepare_isdf_and_wavefunctions
    isdf = prepare_isdf_and_wavefunctions(
           ^^^^^^^^^^^^^^^^^^^^^^^^^^^^^^^
  File "/global/homes/j/jackm/software/lorrax_B/src/gw/gw_init.py", line 1211, in prepare_isdf_and_wavefunctions
    raise SystemExit(main())
                     ^^^^^^
  File "/global/homes/j/jackm/software/lorrax_B/src/gw/gw_jax.py", line 169, in main
    raise SystemExit(main())
                     ^^^^^^
  File "/global/homes/j/jackm/software/lorrax_B/src/gw/gw_jax.py", line 169, in main
    isdf = prepare_isdf_and_wavefunctions(
           ^^^^^^^^^^^^^^^^^^^^^^^^^^^^^^^
  File "/global/homes/j/jackm/software/lorrax_B/src/gw/gw_init.py", line 1211, in prepare_isdf_and_wavefunctions
    isdf = prepare_isdf_and_wavefunctions(
    isdf = prepare_isdf_and_wavefunctions(
           ^^^^^^^^^^^^^^^^^^^^^^^^^^^^^^^
  File "/global/homes/j/jackm/software/lorrax_B/src/gw/gw_init.py", line 1211, in prepare_isdf_and_wavefunctions
    isdf = prepare_isdf_and_wavefunctions(
           ^^^^^^^^^^^^^^^^^^^^^^^^^^^^^^^
           ^^^^^^^^^^^^^^^^^^^^^^^^^^^^^^^
  File "/global/homes/j/jackm/software/lorrax_B/src/gw/gw_init.py", line 1211, in prepare_isdf_and_wavefunctions
  File "/global/homes/j/jackm/software/lorrax_B/src/gw/gw_init.py", line 1211, in prepare_isdf_and_wavefunctions
Traceback (most recent call last):
  File "<frozen runpy>", line 198, in _run_module_as_main
  File "<frozen runpy>", line 88, in _run_code
  File "/global/homes/j/jackm/software/lorrax_B/src/gw/gw_jax.py", line 956, in <module>
    raise SystemExit(main())
                     ^^^^^^
  File "/global/homes/j/jackm/software/lorrax_B/src/gw/gw_jax.py", line 169, in main
    zeta_path, mem_est, transverse_wfn_data = fit_zeta(
                                              ^^^^^^^^^
    raise SystemExit(main())
  File "/global/homes/j/jackm/software/lorrax_B/src/gw/gw_init.py", line 691, in fit_zeta
                     ^^^^^^
  File "/global/homes/j/jackm/software/lorrax_B/src/gw/gw_jax.py", line 169, in main
Traceback (most recent call last):
  File "<frozen runpy>", line 198, in _run_module_as_main
  File "<frozen runpy>", line 88, in _run_code
  File "/global/homes/j/jackm/software/lorrax_B/src/gw/gw_jax.py", line 956, in <module>
    zeta_path, mem_est, transverse_wfn_data = fit_zeta(
                                              ^^^^^^^^^
  File "/global/homes/j/jackm/software/lorrax_B/src/gw/gw_init.py", line 691, in fit_zeta
    raise SystemExit(main())
                     ^^^^^^
  File "/global/homes/j/jackm/software/lorrax_B/src/gw/gw_jax.py", line 169, in main
    isdf = prepare_isdf_and_wavefunctions(
           ^^^^^^^^^^^^^^^^^^^^^^^^^^^^^^^
  File "/global/homes/j/jackm/software/lorrax_B/src/gw/gw_init.py", line 1211, in prepare_isdf_and_wavefunctions
    zeta_path, mem_est, transverse_wfn_data = fit_zeta(
                                              ^^^^^^^^^
  File "/global/homes/j/jackm/software/lorrax_B/src/gw/gw_init.py", line 691, in fit_zeta
    zeta_path, mem_est, transverse_wfn_data = fit_zeta(
    peak_bytes = fit_zeta_to_h5(
                 ^^^^^^^^^^^^^^^
  File "/global/homes/j/jackm/software/lorrax_B/src/common/isdf_fitting.py", line 2435, in fit_zeta_to_h5
                                              ^^^^^^^^^
  File "/global/homes/j/jackm/software/lorrax_B/src/gw/gw_init.py", line 691, in fit_zeta
    zeta_path, mem_est, transverse_wfn_data = fit_zeta(
                                              ^^^^^^^^^
  File "/global/homes/j/jackm/software/lorrax_B/src/gw/gw_init.py", line 691, in fit_zeta
    zeta_path, mem_est, transverse_wfn_data = fit_zeta(
                                              ^^^^^^^^^
  File "/global/homes/j/jackm/software/lorrax_B/src/gw/gw_init.py", line 691, in fit_zeta
    peak_bytes = fit_zeta_to_h5(
                 ^^^^^^^^^^^^^^^
  File "/global/homes/j/jackm/software/lorrax_B/src/common/isdf_fitting.py", line 2435, in fit_zeta_to_h5
    isdf = prepare_isdf_and_wavefunctions(
           ^^^^^^^^^^^^^^^^^^^^^^^^^^^^^^^
  File "/global/homes/j/jackm/software/lorrax_B/src/gw/gw_init.py", line 1211, in prepare_isdf_and_wavefunctions
    raise SystemExit(main())
                     ^^^^^^
  File "/global/homes/j/jackm/software/lorrax_B/src/gw/gw_jax.py", line 169, in main
    isdf = prepare_isdf_and_wavefunctions(
           ^^^^^^^^^^^^^^^^^^^^^^^^^^^^^^^
  File "/global/homes/j/jackm/software/lorrax_B/src/gw/gw_init.py", line 1211, in prepare_isdf_and_wavefunctions
    peak_bytes = fit_zeta_to_h5(
                 ^^^^^^^^^^^^^^^
  File "/global/homes/j/jackm/software/lorrax_B/src/common/isdf_fitting.py", line 2435, in fit_zeta_to_h5
    peak_bytes = fit_zeta_to_h5(
                 ^^^^^^^^^^^^^^^
  File "/global/homes/j/jackm/software/lorrax_B/src/common/isdf_fitting.py", line 2435, in fit_zeta_to_h5
    zeta_path, mem_est, transverse_wfn_data = fit_zeta(
                                              ^^^^^^^^^
  File "/global/homes/j/jackm/software/lorrax_B/src/gw/gw_init.py", line 691, in fit_zeta
    raise SystemExit(main())
                     ^^^^^^
  File "/global/homes/j/jackm/software/lorrax_B/src/gw/gw_jax.py", line 169, in main
    peak_bytes = fit_zeta_to_h5(
                 ^^^^^^^^^^^^^^^
  File "/global/homes/j/jackm/software/lorrax_B/src/common/isdf_fitting.py", line 2435, in fit_zeta_to_h5
    peak_bytes = fit_zeta_to_h5(
                 ^^^^^^^^^^^^^^^
  File "/global/homes/j/jackm/software/lorrax_B/src/common/isdf_fitting.py", line 2435, in fit_zeta_to_h5
    isdf = prepare_isdf_and_wavefunctions(
           ^^^^^^^^^^^^^^^^^^^^^^^^^^^^^^^
  File "/global/homes/j/jackm/software/lorrax_B/src/gw/gw_init.py", line 1211, in prepare_isdf_and_wavefunctions
    zeta_path, mem_est, transverse_wfn_data = fit_zeta(
                                              ^^^^^^^^^
  File "/global/homes/j/jackm/software/lorrax_B/src/gw/gw_init.py", line 691, in fit_zeta
    peak_bytes = fit_zeta_to_h5(
                 ^^^^^^^^^^^^^^^
  File "/global/homes/j/jackm/software/lorrax_B/src/common/isdf_fitting.py", line 2435, in fit_zeta_to_h5
    zeta_path, mem_est, transverse_wfn_data = fit_zeta(
                                              ^^^^^^^^^
  File "/global/homes/j/jackm/software/lorrax_B/src/gw/gw_init.py", line 691, in fit_zeta
    isdf = prepare_isdf_and_wavefunctions(
           ^^^^^^^^^^^^^^^^^^^^^^^^^^^^^^^
  File "/global/homes/j/jackm/software/lorrax_B/src/gw/gw_init.py", line 1211, in prepare_isdf_and_wavefunctions
    isdf = prepare_isdf_and_wavefunctions(
           ^^^^^^^^^^^^^^^^^^^^^^^^^^^^^^^
  File "/global/homes/j/jackm/software/lorrax_B/src/gw/gw_init.py", line 1211, in prepare_isdf_and_wavefunctions
    peak_bytes = fit_zeta_to_h5(
                 ^^^^^^^^^^^^^^^
  File "/global/homes/j/jackm/software/lorrax_B/src/common/isdf_fitting.py", line 2435, in fit_zeta_to_h5
    zeta_path, mem_est, transverse_wfn_data = fit_zeta(
                                              ^^^^^^^^^
  File "/global/homes/j/jackm/software/lorrax_B/src/gw/gw_init.py", line 691, in fit_zeta
    peak_bytes = fit_zeta_to_h5(
                 ^^^^^^^^^^^^^^^
  File "/global/homes/j/jackm/software/lorrax_B/src/common/isdf_fitting.py", line 2435, in fit_zeta_to_h5
    zeta_path, mem_est, transverse_wfn_data = fit_zeta(
                                              ^^^^^^^^^
  File "/global/homes/j/jackm/software/lorrax_B/src/gw/gw_init.py", line 691, in fit_zeta
    zeta_chunk = fit_one_rchunk(
                 ^^^^^^^^^^^^^^^
  File "/global/homes/j/jackm/software/lorrax_B/src/common/isdf_fitting.py", line 1689, in fit_one_rchunk
    zeta_path, mem_est, transverse_wfn_data = fit_zeta(
                                              ^^^^^^^^^
  File "/global/homes/j/jackm/software/lorrax_B/src/gw/gw_init.py", line 691, in fit_zeta
    peak_bytes = fit_zeta_to_h5(
                 ^^^^^^^^^^^^^^^
  File "/global/homes/j/jackm/software/lorrax_B/src/common/isdf_fitting.py", line 2435, in fit_zeta_to_h5
    peak_bytes = fit_zeta_to_h5(
                 ^^^^^^^^^^^^^^^
  File "/global/homes/j/jackm/software/lorrax_B/src/common/isdf_fitting.py", line 2435, in fit_zeta_to_h5
    zeta_chunk = fit_one_rchunk(
                 ^^^^^^^^^^^^^^^
  File "/global/homes/j/jackm/software/lorrax_B/src/common/isdf_fitting.py", line 1689, in fit_one_rchunk
    zeta_chunk = fit_one_rchunk(
                 ^^^^^^^^^^^^^^^
  File "/global/homes/j/jackm/software/lorrax_B/src/common/isdf_fitting.py", line 1689, in fit_one_rchunk
    zeta_chunk = fit_one_rchunk(
                 ^^^^^^^^^^^^^^^
  File "/global/homes/j/jackm/software/lorrax_B/src/common/isdf_fitting.py", line 1689, in fit_one_rchunk
    zeta_chunk = fit_one_rchunk(
                 ^^^^^^^^^^^^^^^
  File "/global/homes/j/jackm/software/lorrax_B/src/common/isdf_fitting.py", line 1689, in fit_one_rchunk
    peak_bytes = fit_zeta_to_h5(
                 ^^^^^^^^^^^^^^^
  File "/global/homes/j/jackm/software/lorrax_B/src/common/isdf_fitting.py", line 2435, in fit_zeta_to_h5
    zeta_chunk = fit_one_rchunk(
                 ^^^^^^^^^^^^^^^
  File "/global/homes/j/jackm/software/lorrax_B/src/common/isdf_fitting.py", line 1689, in fit_one_rchunk
    Z_q = fn.z_q_phase(
          ^^^^^^^^^^^^^
  File "/global/homes/j/jackm/software/lorrax_B/src/common/isdf_fitting.py", line 1544, in z_q_phase
    Z_q = fn.z_q_phase(
          ^^^^^^^^^^^^^
  File "/global/homes/j/jackm/software/lorrax_B/src/common/isdf_fitting.py", line 1544, in z_q_phase
    Z_q = fn.z_q_phase(
          ^^^^^^^^^^^^^
  File "/global/homes/j/jackm/software/lorrax_B/src/common/isdf_fitting.py", line 1544, in z_q_phase
    zeta_chunk = fit_one_rchunk(
                 ^^^^^^^^^^^^^^^
  File "/global/homes/j/jackm/software/lorrax_B/src/common/isdf_fitting.py", line 1689, in fit_one_rchunk
E0517 00:05:59.296477 1866533 pjrt_stream_executor_client.cc:3077] Execution of replica 0 failed: RESOURCE_EXHAUSTED: Failed to allocate request for 60.12GiB (64550340712B) on device ordinal 0
    zeta_chunk = fit_one_rchunk(
                 ^^^^^^^^^^^^^^^
  File "/global/homes/j/jackm/software/lorrax_B/src/common/isdf_fitting.py", line 1689, in fit_one_rchunk
    return z_q_from_psi_sm(
           ^^^^^^^^^^^^^^^^
  File "/global/homes/j/jackm/software/lorrax_B/src/common/isdf_fitting.py", line 758, in z_q_from_psi_sm
    zeta_chunk = fit_one_rchunk(
                 ^^^^^^^^^^^^^^^
  File "/global/homes/j/jackm/software/lorrax_B/src/common/isdf_fitting.py", line 1689, in fit_one_rchunk
    Z_q = fn.z_q_phase(
    return z_q_from_psi_sm(
          ^^^^^^^^^^^^^
  File "/global/homes/j/jackm/software/lorrax_B/src/common/isdf_fitting.py", line 1544, in z_q_phase
    return z_q_from_psi_sm(
           ^^^^^^^^^^^^^^^^
  File "/global/homes/j/jackm/software/lorrax_B/src/common/isdf_fitting.py", line 758, in z_q_from_psi_sm
           ^^^^^^^^^^^^^^^^
  File "/global/homes/j/jackm/software/lorrax_B/src/common/isdf_fitting.py", line 758, in z_q_from_psi_sm
    Z_q = fn.z_q_phase(
          ^^^^^^^^^^^^^
  File "/global/homes/j/jackm/software/lorrax_B/src/common/isdf_fitting.py", line 1544, in z_q_phase
    return _pair_pipeline_sm_cache[cache_key](
           ^^^^^^^^^^^^^^^^^^^^^^^^^^^^^^^^^^^
jaxlib.xla_extension.XlaRuntimeError: RESOURCE_EXHAUSTED: Failed to allocate request for 60.12GiB (64550340712B) on device ordinal 0
--------------------
For simplicity, JAX has removed its internal frames from the traceback of the following exception. Set JAX_TRACEBACK_FILTERING=off to include these.
    return _pair_pipeline_sm_cache[cache_key](
    return _pair_pipeline_sm_cache[cache_key](
           ^^^^^^^^^^^^^^^^^^^^^^^^^^^^^^^^^^^
    zeta_chunk = fit_one_rchunk(
jaxlib.xla_extension.XlaRuntimeError: RESOURCE_EXHAUSTED: Failed to allocate request for 60.12GiB (64550340712B) on device ordinal 0
--------------------
For simplicity, JAX has removed its internal frames from the traceback of the following exception. Set JAX_TRACEBACK_FILTERING=off to include these.
                 ^^^^^^^^^^^^^^^
           ^^^^^^^^^^^^^^^^^^^^^^^^^^^^^^^^^^^
  File "/global/homes/j/jackm/software/lorrax_B/src/common/isdf_fitting.py", line 1689, in fit_one_rchunk
jaxlib.xla_extension.XlaRuntimeError: RESOURCE_EXHAUSTED: Failed to allocate request for 60.12GiB (64550340712B) on device ordinal 0
--------------------
For simplicity, JAX has removed its internal frames from the traceback of the following exception. Set JAX_TRACEBACK_FILTERING=off to include these.
    Z_q = fn.z_q_phase(
          ^^^^^^^^^^^^^
  File "/global/homes/j/jackm/software/lorrax_B/src/common/isdf_fitting.py", line 1544, in z_q_phase
    return z_q_from_psi_sm(
           ^^^^^^^^^^^^^^^^
  File "/global/homes/j/jackm/software/lorrax_B/src/common/isdf_fitting.py", line 758, in z_q_from_psi_sm
    Z_q = fn.z_q_phase(
          ^^^^^^^^^^^^^
  File "/global/homes/j/jackm/software/lorrax_B/src/common/isdf_fitting.py", line 1544, in z_q_phase
    Z_q = fn.z_q_phase(
          ^^^^^^^^^^^^^
  File "/global/homes/j/jackm/software/lorrax_B/src/common/isdf_fitting.py", line 1544, in z_q_phase
    return z_q_from_psi_sm(
           ^^^^^^^^^^^^^^^^
  File "/global/homes/j/jackm/software/lorrax_B/src/common/isdf_fitting.py", line 758, in z_q_from_psi_sm
    zeta_chunk = fit_one_rchunk(
                 ^^^^^^^^^^^^^^^
  File "/global/homes/j/jackm/software/lorrax_B/src/common/isdf_fitting.py", line 1689, in fit_one_rchunk
    return _pair_pipeline_sm_cache[cache_key](
           ^^^^^^^^^^^^^^^^^^^^^^^^^^^^^^^^^^^
jaxlib.xla_extension.XlaRuntimeError: RESOURCE_EXHAUSTED: Failed to allocate request for 60.12GiB (64550340712B) on device ordinal 0
--------------------
For simplicity, JAX has removed its internal frames from the traceback of the following exception. Set JAX_TRACEBACK_FILTERING=off to include these.
E0517 00:05:59.304592 1866535 pjrt_stream_executor_client.cc:3077] Execution of replica 0 failed: RESOURCE_EXHAUSTED: Failed to allocate request for 60.12GiB (64550340712B) on device ordinal 0
    Z_q = fn.z_q_phase(
          ^^^^^^^^^^^^^
  File "/global/homes/j/jackm/software/lorrax_B/src/common/isdf_fitting.py", line 1544, in z_q_phase
Traceback (most recent call last):
  File "<frozen runpy>", line 198, in _run_module_as_main
  File "<frozen runpy>", line 88, in _run_code
  File "/global/homes/j/jackm/software/lorrax_B/src/gw/gw_jax.py", line 956, in <module>
    return _pair_pipeline_sm_cache[cache_key](
           ^^^^^^^^^^^^^^^^^^^^^^^^^^^^^^^^^^^
jaxlib.xla_extension.XlaRuntimeError: RESOURCE_EXHAUSTED: Failed to allocate request for 60.12GiB (64550340712B) on device ordinal 0
--------------------
    return z_q_from_psi_sm(
For simplicity, JAX has removed its internal frames from the traceback of the following exception. Set JAX_TRACEBACK_FILTERING=off to include these.
           ^^^^^^^^^^^^^^^^
  File "/global/homes/j/jackm/software/lorrax_B/src/common/isdf_fitting.py", line 758, in z_q_from_psi_sm
    return z_q_from_psi_sm(
           ^^^^^^^^^^^^^^^^
  File "/global/homes/j/jackm/software/lorrax_B/src/common/isdf_fitting.py", line 758, in z_q_from_psi_sm
E0517 00:05:59.305934 1866531 pjrt_stream_executor_client.cc:3077] Execution of replica 0 failed: RESOURCE_EXHAUSTED: Failed to allocate request for 60.12GiB (64550340712B) on device ordinal 0
    return z_q_from_psi_sm(
           ^^^^^^^^^^^^^^^^
  File "/global/homes/j/jackm/software/lorrax_B/src/common/isdf_fitting.py", line 758, in z_q_from_psi_sm
    Z_q = fn.z_q_phase(
          ^^^^^^^^^^^^^
  File "/global/homes/j/jackm/software/lorrax_B/src/common/isdf_fitting.py", line 1544, in z_q_phase
    return _pair_pipeline_sm_cache[cache_key](
           ^^^^^^^^^^^^^^^^^^^^^^^^^^^^^^^^^^^
    raise SystemExit(main())
jaxlib.xla_extension.XlaRuntimeError: RESOURCE_EXHAUSTED: Failed to allocate request for 60.12GiB (64550340712B) on device ordinal 0
--------------------
For simplicity, JAX has removed its internal frames from the traceback of the following exception. Set JAX_TRACEBACK_FILTERING=off to include these.
                     ^^^^^^
  File "/global/homes/j/jackm/software/lorrax_B/src/gw/gw_jax.py", line 169, in main
    return _pair_pipeline_sm_cache[cache_key](
           ^^^^^^^^^^^^^^^^^^^^^^^^^^^^^^^^^^^
jaxlib.xla_extension.XlaRuntimeError: RESOURCE_EXHAUSTED: Failed to allocate request for 60.12GiB (64550340712B) on device ordinal 0
--------------------
For simplicity, JAX has removed its internal frames from the traceback of the following exception. Set JAX_TRACEBACK_FILTERING=off to include these.
    return z_q_from_psi_sm(
           ^^^^^^^^^^^^^^^^
  File "/global/homes/j/jackm/software/lorrax_B/src/common/isdf_fitting.py", line 758, in z_q_from_psi_sm
    Z_q = fn.z_q_phase(
          ^^^^^^^^^^^^^
  File "/global/homes/j/jackm/software/lorrax_B/src/common/isdf_fitting.py", line 1544, in z_q_phase
    zeta_chunk = fit_one_rchunk(
                 ^^^^^^^^^^^^^^^
  File "/global/homes/j/jackm/software/lorrax_B/src/common/isdf_fitting.py", line 1689, in fit_one_rchunk
    return _pair_pipeline_sm_cache[cache_key](
           ^^^^^^^^^^^^^^^^^^^^^^^^^^^^^^^^^^^
jaxlib.xla_extension.XlaRuntimeError: RESOURCE_EXHAUSTED: Failed to allocate request for 60.12GiB (64550340712B) on device ordinal 0
--------------------
For simplicity, JAX has removed its internal frames from the traceback of the following exception. Set JAX_TRACEBACK_FILTERING=off to include these.
    isdf = prepare_isdf_and_wavefunctions(
           ^^^^^^^^^^^^^^^^^^^^^^^^^^^^^^^
  File "/global/homes/j/jackm/software/lorrax_B/src/gw/gw_init.py", line 1211, in prepare_isdf_and_wavefunctions
    return z_q_from_psi_sm(
           ^^^^^^^^^^^^^^^^
  File "/global/homes/j/jackm/software/lorrax_B/src/common/isdf_fitting.py", line 758, in z_q_from_psi_sm
    return _pair_pipeline_sm_cache[cache_key](
           ^^^^^^^^^^^^^^^^^^^^^^^^^^^^^^^^^^^
jaxlib.xla_extension.XlaRuntimeError: RESOURCE_EXHAUSTED: Failed to allocate request for 60.12GiB (64550340712B) on device ordinal 0
--------------------
For simplicity, JAX has removed its internal frames from the traceback of the following exception. Set JAX_TRACEBACK_FILTERING=off to include these.
    Z_q = fn.z_q_phase(
          ^^^^^^^^^^^^^
  File "/global/homes/j/jackm/software/lorrax_B/src/common/isdf_fitting.py", line 1544, in z_q_phase
    return z_q_from_psi_sm(
           ^^^^^^^^^^^^^^^^
  File "/global/homes/j/jackm/software/lorrax_B/src/common/isdf_fitting.py", line 758, in z_q_from_psi_sm
    zeta_path, mem_est, transverse_wfn_data = fit_zeta(
                                              ^^^^^^^^^
  File "/global/homes/j/jackm/software/lorrax_B/src/gw/gw_init.py", line 691, in fit_zeta
    return _pair_pipeline_sm_cache[cache_key](
           ^^^^^^^^^^^^^^^^^^^^^^^^^^^^^^^^^^^
jaxlib.xla_extension.XlaRuntimeError: RESOURCE_EXHAUSTED: Failed to allocate request for 60.12GiB (64550340712B) on device ordinal 0
--------------------
For simplicity, JAX has removed its internal frames from the traceback of the following exception. Set JAX_TRACEBACK_FILTERING=off to include these.
Traceback (most recent call last):
  File "<frozen runpy>", line 198, in _run_module_as_main
  File "<frozen runpy>", line 88, in _run_code
  File "/global/homes/j/jackm/software/lorrax_B/src/gw/gw_jax.py", line 956, in <module>
Traceback (most recent call last):
  File "<frozen runpy>", line 198, in _run_module_as_main
  File "<frozen runpy>", line 88, in _run_code
  File "/global/homes/j/jackm/software/lorrax_B/src/gw/gw_jax.py", line 956, in <module>
    return _pair_pipeline_sm_cache[cache_key](
           ^^^^^^^^^^^^^^^^^^^^^^^^^^^^^^^^^^^
jaxlib.xla_extension.XlaRuntimeError: RESOURCE_EXHAUSTED: Failed to allocate request for 60.12GiB (64550340712B) on device ordinal 0
--------------------
For simplicity, JAX has removed its internal frames from the traceback of the following exception. Set JAX_TRACEBACK_FILTERING=off to include these.
    return z_q_from_psi_sm(
           ^^^^^^^^^^^^^^^^
  File "/global/homes/j/jackm/software/lorrax_B/src/common/isdf_fitting.py", line 758, in z_q_from_psi_sm
    peak_bytes = fit_zeta_to_h5(
                 ^^^^^^^^^^^^^^^
  File "/global/homes/j/jackm/software/lorrax_B/src/common/isdf_fitting.py", line 2435, in fit_zeta_to_h5
    zeta_chunk = fit_one_rchunk(
                 ^^^^^^^^^^^^^^^
  File "/global/homes/j/jackm/software/lorrax_B/src/common/isdf_fitting.py", line 1689, in fit_one_rchunk
    return _pair_pipeline_sm_cache[cache_key](
           ^^^^^^^^^^^^^^^^^^^^^^^^^^^^^^^^^^^
jaxlib.xla_extension.XlaRuntimeError: RESOURCE_EXHAUSTED: Failed to allocate request for 60.12GiB (64550340712B) on device ordinal 0
--------------------
For simplicity, JAX has removed its internal frames from the traceback of the following exception. Set JAX_TRACEBACK_FILTERING=off to include these.
    raise SystemExit(main())
                     ^^^^^^
  File "/global/homes/j/jackm/software/lorrax_B/src/gw/gw_jax.py", line 169, in main
    raise SystemExit(main())
                     ^^^^^^
  File "/global/homes/j/jackm/software/lorrax_B/src/gw/gw_jax.py", line 169, in main
    isdf = prepare_isdf_and_wavefunctions(
           ^^^^^^^^^^^^^^^^^^^^^^^^^^^^^^^
  File "/global/homes/j/jackm/software/lorrax_B/src/gw/gw_init.py", line 1211, in prepare_isdf_and_wavefunctions
    isdf = prepare_isdf_and_wavefunctions(
           ^^^^^^^^^^^^^^^^^^^^^^^^^^^^^^^
  File "/global/homes/j/jackm/software/lorrax_B/src/gw/gw_init.py", line 1211, in prepare_isdf_and_wavefunctions
    Z_q = fn.z_q_phase(
          ^^^^^^^^^^^^^
  File "/global/homes/j/jackm/software/lorrax_B/src/common/isdf_fitting.py", line 1544, in z_q_phase
    zeta_path, mem_est, transverse_wfn_data = fit_zeta(
                                              ^^^^^^^^^
  File "/global/homes/j/jackm/software/lorrax_B/src/gw/gw_init.py", line 691, in fit_zeta
    peak_bytes = fit_zeta_to_h5(
                 ^^^^^^^^^^^^^^^
  File "/global/homes/j/jackm/software/lorrax_B/src/common/isdf_fitting.py", line 2435, in fit_zeta_to_h5
    zeta_path, mem_est, transverse_wfn_data = fit_zeta(
                                              ^^^^^^^^^
  File "/global/homes/j/jackm/software/lorrax_B/src/gw/gw_init.py", line 691, in fit_zeta
    return z_q_from_psi_sm(
           ^^^^^^^^^^^^^^^^
  File "/global/homes/j/jackm/software/lorrax_B/src/common/isdf_fitting.py", line 758, in z_q_from_psi_sm
    peak_bytes = fit_zeta_to_h5(
                 ^^^^^^^^^^^^^^^
  File "/global/homes/j/jackm/software/lorrax_B/src/common/isdf_fitting.py", line 2435, in fit_zeta_to_h5
    return _pair_pipeline_sm_cache[cache_key](
           ^^^^^^^^^^^^^^^^^^^^^^^^^^^^^^^^^^^
jaxlib.xla_extension.XlaRuntimeError: RESOURCE_EXHAUSTED: Failed to allocate request for 60.12GiB (64550340712B) on device ordinal 0
--------------------
For simplicity, JAX has removed its internal frames from the traceback of the following exception. Set JAX_TRACEBACK_FILTERING=off to include these.
    zeta_chunk = fit_one_rchunk(
                 ^^^^^^^^^^^^^^^
  File "/global/homes/j/jackm/software/lorrax_B/src/common/isdf_fitting.py", line 1689, in fit_one_rchunk
    zeta_chunk = fit_one_rchunk(
                 ^^^^^^^^^^^^^^^
  File "/global/homes/j/jackm/software/lorrax_B/src/common/isdf_fitting.py", line 1689, in fit_one_rchunk
    Z_q = fn.z_q_phase(
          ^^^^^^^^^^^^^
  File "/global/homes/j/jackm/software/lorrax_B/src/common/isdf_fitting.py", line 1544, in z_q_phase
    return z_q_from_psi_sm(
           ^^^^^^^^^^^^^^^^
  File "/global/homes/j/jackm/software/lorrax_B/src/common/isdf_fitting.py", line 758, in z_q_from_psi_sm
    Z_q = fn.z_q_phase(
          ^^^^^^^^^^^^^
  File "/global/homes/j/jackm/software/lorrax_B/src/common/isdf_fitting.py", line 1544, in z_q_phase
    return _pair_pipeline_sm_cache[cache_key](
           ^^^^^^^^^^^^^^^^^^^^^^^^^^^^^^^^^^^
jaxlib.xla_extension.XlaRuntimeError: RESOURCE_EXHAUSTED: Failed to allocate request for 60.12GiB (64550340712B) on device ordinal 0
--------------------
For simplicity, JAX has removed its internal frames from the traceback of the following exception. Set JAX_TRACEBACK_FILTERING=off to include these.
    return z_q_from_psi_sm(
           ^^^^^^^^^^^^^^^^
  File "/global/homes/j/jackm/software/lorrax_B/src/common/isdf_fitting.py", line 758, in z_q_from_psi_sm
    return _pair_pipeline_sm_cache[cache_key](
           ^^^^^^^^^^^^^^^^^^^^^^^^^^^^^^^^^^^
jaxlib.xla_extension.XlaRuntimeError: RESOURCE_EXHAUSTED: Failed to allocate request for 60.12GiB (64550340712B) on device ordinal 0
--------------------
For simplicity, JAX has removed its internal frames from the traceback of the following exception. Set JAX_TRACEBACK_FILTERING=off to include these.
srun: forcing job termination
srun: Job step aborted: Waiting up to 32 seconds for job step to finish.
[2026-05-17T07:06:00.052] error: *** STEP 53058097.5 ON nid001185 CANCELLED AT 2026-05-17T07:06:00 DUE to SIGNAL Killed ***
srun: error: nid001185: tasks 0,2-3: Killed
srun: Terminating StepId=53058097.5
srun: error: nid001189: tasks 8-10: Killed
srun: error: nid001188: tasks 4-5,7: Killed
srun: error: nid001192: tasks 12-14: Killed
srun: error: nid001192: task 15: Killed
srun: error: nid001185: task 1: Killed
srun: error: nid001189: task 11: Killed
srun: error: nid001188: task 6: Killed
