[lxrun] JID 53075110 · 4 nodes · 2:14:33 left · 4/4 free · incoming: lx-B
  1  nid008596  free   —              —      —  ← starting lx-B  python3 -u -m gw.gw_jax 
  2  nid008600  free   —              —      —  ← starting lx-B  python3 -u -m gw.gw_jax 
  3  nid008645  free   —              —      —  ← starting lx-B  python3 -u -m gw.gw_jax 
  4  nid008657  free   —              —      —  ← starting lx-B  python3 -u -m gw.gw_jax 

========================================================================
  COHSEX-JAX: Self-Energy Calculation
========================================================================
  Backend: GPU       Devices: 16  Mesh: 4×4  Processes: 16
  Device type: NVIDIA A100-SXM4-80GB
  XLA preallocate: false  mem_fraction: unset
========================================================================

  ISDF basis: 1508 centroids
  FFT grid: 75×75×200   Cell volume: 4960.60 a.u.³

    Reducing band_chunk to 64 (bands/device=4)
    K-point chunking: 24 k-pts per FFT batch (total 36)
    Reducing band_chunk to 64 (bands/device=4)
    K-point chunking: 24 k-pts per FFT batch (total 36)
    Reducing band_chunk to 64 (bands/device=4)
    K-point chunking: 24 k-pts per FFT batch (total 36)
    Reducing band_chunk to 64 (bands/device=4)
    K-point chunking: 24 k-pts per FFT batch (total 36)
    Reducing band_chunk to 64 (bands/device=4)
    K-point chunking: 24 k-pts per FFT batch (total 36)
    Reducing band_chunk to 64 (bands/device=4)
    K-point chunking: 24 k-pts per FFT batch (total 36)
    Reducing band_chunk to 64 (bands/device=4)
    K-point chunking: 24 k-pts per FFT batch (total 36)
    Reducing band_chunk to 64 (bands/device=4)
    K-point chunking: 24 k-pts per FFT batch (total 36)
    Reducing band_chunk to 64 (bands/device=4)
    K-point chunking: 24 k-pts per FFT batch (total 36)
    Reducing band_chunk to 64 (bands/device=4)
    K-point chunking: 24 k-pts per FFT batch (total 36)
    Reducing band_chunk to 64 (bands/device=4)
    K-point chunking: 24 k-pts per FFT batch (total 36)
    Reducing band_chunk to 64 (bands/device=4)
    K-point chunking: 24 k-pts per FFT batch (total 36)
    Reducing band_chunk to 64 (bands/device=4)
    K-point chunking: 24 k-pts per FFT batch (total 36)
    Reducing band_chunk to 64 (bands/device=4)
    K-point chunking: 24 k-pts per FFT batch (total 36)
    Reducing band_chunk to 64 (bands/device=4)
    K-point chunking: 24 k-pts per FFT batch (total 36)
    Reducing band_chunk to 64 (bands/device=4)
    K-point chunking: 24 k-pts per FFT batch (total 36)
    Memory estimate: peak 67.88 GB (budget 70.00 GB), bottleneck=fft
    Per-stage: fft=67.88  zct=57.81  reshard=2.76  solve=2.20  gather=1.99 GB
    AOT fit_one_rchunk peak (driver-level): 5.28 GB

  G-flat memory model — chunk plan + HWM estimate
    band_chunk         = 64
    r_chunk            = 21232  (53 chunks)
    gflat_chunk_size   = 1414
    budget             = 70.00 GB/dev
    HWM estimate       = 57.03 GB/dev (81% of budget) [bottleneck: C_fit_one_rchunk]
    peak totals (GB/dev):
      C_fit_one_rchunk........   57.03
      D_accumulate............   55.76
      A_centroid..............   19.15
      B_CCT_chol..............    2.83
    per-peak components (GB/dev):
      [A]
        fft_box...............  18.432
        phase_table...........   0.648
        centroid_out_filling..   0.068
      [B]
        P_l_plus_P_r_open_spin   2.662
        C_q...................   0.083
        L_q...................   0.083
        centroids_persistent..   0.002
      [C]
        P_pair_concurrent_slots  55.767
        zeta_out..............   1.162
        L_q...................   0.083
        centroids_persist.....   0.016
      [D]
        accumulate_fft_box....  50.904
        gflat_acc.............   3.694
        zeta_chunk............   1.162

  Chunked ISDF fitting:
    Band chunks: 64
    R chunks:    21232 (contiguous r-space)
    Q chunks:    36
    GFlat cs:    1414
    Zeta output: /pscratch/sd/j/jackm/lorrax_sandbox/runs/CrI3/M_6x6_80Ry_2026-05-07/0X_lorrax_bispinor_fullbz_16gpu_2026-05-16/tmp/zeta_q.h5
    cutoffs: zeta = 80.0 Ry, bare-Coulomb = 80.0 Ry  (ecutwfc=80.0, ecutrho=320.0)

  Zeta fitting: 53 r-chunks x 21232 r-points, 160 bands (150 left + 160 right)
  Output: /pscratch/sd/j/jackm/lorrax_sandbox/runs/CrI3/M_6x6_80Ry_2026-05-07/0X_lorrax_bispinor_fullbz_16gpu_2026-05-16/tmp/zeta_q.h5
  Left wfns:  (36, 150, 4, 1520)
  Right wfns: (36, 160, 4, 1520)
  Computing C_q via shard_map pipeline (open-spin, charge γ̃^0=I)
  Computing L_q = chol(C_q)  [PSD, charge channel, path=cusolvermp_cholesky]

  Zeta fitting: 53 r-chunks x 21232 r-points, 160 bands (150 left + 160 right)
  Output: /pscratch/sd/j/jackm/lorrax_sandbox/runs/CrI3/M_6x6_80Ry_2026-05-07/0X_lorrax_bispinor_fullbz_16gpu_2026-05-16/tmp/zeta_q.h5
  Left wfns:  (36, 150, 4, 1520)
  Right wfns: (36, 160, 4, 1520)

  Zeta fitting: 53 r-chunks x 21232 r-points, 160 bands (150 left + 160 right)
  Output: /pscratch/sd/j/jackm/lorrax_sandbox/runs/CrI3/M_6x6_80Ry_2026-05-07/0X_lorrax_bispinor_fullbz_16gpu_2026-05-16/tmp/zeta_q.h5

  Zeta fitting: 53 r-chunks x 21232 r-points, 160 bands (150 left + 160 right)
  Output: /pscratch/sd/j/jackm/lorrax_sandbox/runs/CrI3/M_6x6_80Ry_2026-05-07/0X_lorrax_bispinor_fullbz_16gpu_2026-05-16/tmp/zeta_q.h5

  Zeta fitting: 53 r-chunks x 21232 r-points, 160 bands (150 left + 160 right)
  Output: /pscratch/sd/j/jackm/lorrax_sandbox/runs/CrI3/M_6x6_80Ry_2026-05-07/0X_lorrax_bispinor_fullbz_16gpu_2026-05-16/tmp/zeta_q.h5

  Zeta fitting: 53 r-chunks x 21232 r-points, 160 bands (150 left + 160 right)
  Output: /pscratch/sd/j/jackm/lorrax_sandbox/runs/CrI3/M_6x6_80Ry_2026-05-07/0X_lorrax_bispinor_fullbz_16gpu_2026-05-16/tmp/zeta_q.h5

  Zeta fitting: 53 r-chunks x 21232 r-points, 160 bands (150 left + 160 right)
  Output: /pscratch/sd/j/jackm/lorrax_sandbox/runs/CrI3/M_6x6_80Ry_2026-05-07/0X_lorrax_bispinor_fullbz_16gpu_2026-05-16/tmp/zeta_q.h5

  Zeta fitting: 53 r-chunks x 21232 r-points, 160 bands (150 left + 160 right)
  Output: /pscratch/sd/j/jackm/lorrax_sandbox/runs/CrI3/M_6x6_80Ry_2026-05-07/0X_lorrax_bispinor_fullbz_16gpu_2026-05-16/tmp/zeta_q.h5
  Left wfns:  (36, 150, 4, 1520)
  Right wfns: (36, 160, 4, 1520)
  Left wfns:  (36, 150, 4, 1520)
  Right wfns: (36, 160, 4, 1520)
  Left wfns:  (36, 150, 4, 1520)
  Right wfns: (36, 160, 4, 1520)

  Zeta fitting: 53 r-chunks x 21232 r-points, 160 bands (150 left + 160 right)
  Output: /pscratch/sd/j/jackm/lorrax_sandbox/runs/CrI3/M_6x6_80Ry_2026-05-07/0X_lorrax_bispinor_fullbz_16gpu_2026-05-16/tmp/zeta_q.h5

  Zeta fitting: 53 r-chunks x 21232 r-points, 160 bands (150 left + 160 right)
  Output: /pscratch/sd/j/jackm/lorrax_sandbox/runs/CrI3/M_6x6_80Ry_2026-05-07/0X_lorrax_bispinor_fullbz_16gpu_2026-05-16/tmp/zeta_q.h5

  Zeta fitting: 53 r-chunks x 21232 r-points, 160 bands (150 left + 160 right)
  Output: /pscratch/sd/j/jackm/lorrax_sandbox/runs/CrI3/M_6x6_80Ry_2026-05-07/0X_lorrax_bispinor_fullbz_16gpu_2026-05-16/tmp/zeta_q.h5

  Zeta fitting: 53 r-chunks x 21232 r-points, 160 bands (150 left + 160 right)
  Output: /pscratch/sd/j/jackm/lorrax_sandbox/runs/CrI3/M_6x6_80Ry_2026-05-07/0X_lorrax_bispinor_fullbz_16gpu_2026-05-16/tmp/zeta_q.h5
  Left wfns:  (36, 150, 4, 1520)
  Right wfns: (36, 160, 4, 1520)
  Left wfns:  (36, 150, 4, 1520)
  Right wfns: (36, 160, 4, 1520)

  Zeta fitting: 53 r-chunks x 21232 r-points, 160 bands (150 left + 160 right)
  Output: /pscratch/sd/j/jackm/lorrax_sandbox/runs/CrI3/M_6x6_80Ry_2026-05-07/0X_lorrax_bispinor_fullbz_16gpu_2026-05-16/tmp/zeta_q.h5
  Left wfns:  (36, 150, 4, 1520)
  Right wfns: (36, 160, 4, 1520)

  Zeta fitting: 53 r-chunks x 21232 r-points, 160 bands (150 left + 160 right)
  Output: /pscratch/sd/j/jackm/lorrax_sandbox/runs/CrI3/M_6x6_80Ry_2026-05-07/0X_lorrax_bispinor_fullbz_16gpu_2026-05-16/tmp/zeta_q.h5

  Zeta fitting: 53 r-chunks x 21232 r-points, 160 bands (150 left + 160 right)
  Output: /pscratch/sd/j/jackm/lorrax_sandbox/runs/CrI3/M_6x6_80Ry_2026-05-07/0X_lorrax_bispinor_fullbz_16gpu_2026-05-16/tmp/zeta_q.h5

  Zeta fitting: 53 r-chunks x 21232 r-points, 160 bands (150 left + 160 right)
  Output: /pscratch/sd/j/jackm/lorrax_sandbox/runs/CrI3/M_6x6_80Ry_2026-05-07/0X_lorrax_bispinor_fullbz_16gpu_2026-05-16/tmp/zeta_q.h5
  Computing C_q via shard_map pipeline (open-spin, charge γ̃^0=I)
  Left wfns:  (36, 150, 4, 1520)
  Right wfns: (36, 160, 4, 1520)
  Left wfns:  (36, 150, 4, 1520)
  Right wfns: (36, 160, 4, 1520)
  Left wfns:  (36, 150, 4, 1520)
  Right wfns: (36, 160, 4, 1520)
  Left wfns:  (36, 150, 4, 1520)
  Right wfns: (36, 160, 4, 1520)
  Left wfns:  (36, 150, 4, 1520)
  Right wfns: (36, 160, 4, 1520)
  Left wfns:  (36, 150, 4, 1520)
  Right wfns: (36, 160, 4, 1520)
  Left wfns:  (36, 150, 4, 1520)
  Right wfns: (36, 160, 4, 1520)
  Left wfns:  (36, 150, 4, 1520)
  Right wfns: (36, 160, 4, 1520)
  Computing C_q via shard_map pipeline (open-spin, charge γ̃^0=I)
  Computing C_q via shard_map pipeline (open-spin, charge γ̃^0=I)
  Computing C_q via shard_map pipeline (open-spin, charge γ̃^0=I)
  Computing C_q via shard_map pipeline (open-spin, charge γ̃^0=I)
  Computing C_q via shard_map pipeline (open-spin, charge γ̃^0=I)
  Computing C_q via shard_map pipeline (open-spin, charge γ̃^0=I)
  Computing C_q via shard_map pipeline (open-spin, charge γ̃^0=I)
  Computing C_q via shard_map pipeline (open-spin, charge γ̃^0=I)
  Computing L_q = chol(C_q)  [PSD, charge channel, path=cusolvermp_cholesky]
  Computing C_q via shard_map pipeline (open-spin, charge γ̃^0=I)
  Computing C_q via shard_map pipeline (open-spin, charge γ̃^0=I)
  Computing C_q via shard_map pipeline (open-spin, charge γ̃^0=I)
  Computing C_q via shard_map pipeline (open-spin, charge γ̃^0=I)
  Computing C_q via shard_map pipeline (open-spin, charge γ̃^0=I)
  Computing C_q via shard_map pipeline (open-spin, charge γ̃^0=I)
  Computing L_q = chol(C_q)  [PSD, charge channel, path=cusolvermp_cholesky]
  Computing L_q = chol(C_q)  [PSD, charge channel, path=cusolvermp_cholesky]
  Computing L_q = chol(C_q)  [PSD, charge channel, path=cusolvermp_cholesky]
  Computing L_q = chol(C_q)  [PSD, charge channel, path=cusolvermp_cholesky]
  Computing L_q = chol(C_q)  [PSD, charge channel, path=cusolvermp_cholesky]
  Computing L_q = chol(C_q)  [PSD, charge channel, path=cusolvermp_cholesky]
  Computing L_q = chol(C_q)  [PSD, charge channel, path=cusolvermp_cholesky]
  Computing L_q = chol(C_q)  [PSD, charge channel, path=cusolvermp_cholesky]
  Computing L_q = chol(C_q)  [PSD, charge channel, path=cusolvermp_cholesky]
  Computing L_q = chol(C_q)  [PSD, charge channel, path=cusolvermp_cholesky]
  Computing L_q = chol(C_q)  [PSD, charge channel, path=cusolvermp_cholesky]
  Computing L_q = chol(C_q)  [PSD, charge channel, path=cusolvermp_cholesky]
  Computing L_q = chol(C_q)  [PSD, charge channel, path=cusolvermp_cholesky]
  Computing L_q = chol(C_q)  [PSD, charge channel, path=cusolvermp_cholesky]
[lorrax cusolverMp] library 0.7.2, NCCL 2.26.3, comm path: NCCL, grid: 4x4 (row-major)
  L_q: (36, 1520, 1520)
  L_q: (36, 1520, 1520)
  L_q: (36, 1520, 1520)
  L_q: (36, 1520, 1520)
  L_q: (36, 1520, 1520)
  L_q: (36, 1520, 1520)
  L_q: (36, 1520, 1520)
  L_q: (36, 1520, 1520)
  L_q: (36, 1520, 1520)
  L_q: (36, 1520, 1520)
  L_q: (36, 1520, 1520)
  L_q: (36, 1520, 1520)
  L_q: (36, 1520, 1520)
  L_q: (36, 1520, 1520)
  L_q: (36, 1520, 1520)
  L_q: (36, 1520, 1520)
  q axis on disk: full BZ (36 q-points) (write_ibz_only=False or closure check failed)
  q axis on disk: full BZ (36 q-points) (write_ibz_only=False or closure check failed)
  q axis on disk: full BZ (36 q-points) (write_ibz_only=False or closure check failed)
  q axis on disk: full BZ (36 q-points) (write_ibz_only=False or closure check failed)
  q axis on disk: full BZ (36 q-points) (write_ibz_only=False or closure check failed)
  q axis on disk: full BZ (36 q-points) (write_ibz_only=False or closure check failed)
  q axis on disk: full BZ (36 q-points) (write_ibz_only=False or closure check failed)
  q axis on disk: full BZ (36 q-points) (write_ibz_only=False or closure check failed)
  q axis on disk: full BZ (36 q-points) (write_ibz_only=False or closure check failed)
  q axis on disk: full BZ (36 q-points) (write_ibz_only=False or closure check failed)
  q axis on disk: full BZ (36 q-points) (write_ibz_only=False or closure check failed)
  q axis on disk: full BZ (36 q-points) (write_ibz_only=False or closure check failed)
  q axis on disk: full BZ (36 q-points) (write_ibz_only=False or closure check failed)
  q axis on disk: full BZ (36 q-points) (write_ibz_only=False or closure check failed)
  q axis on disk: full BZ (36 q-points) (write_ibz_only=False or closure check failed)
  q axis on disk: full BZ (36 q-points) (write_ibz_only=False or closure check failed)
  G-flat ζ sphere: ngkmax=59990, min ngk=59826, max ngk=59990 (5.332% of n_rtot)
/global/homes/j/jackm/software/lorrax_B/src/file_io/_slab_io_ffi.py:453: UserWarning: FFI backend: chunks/attrs on create_dataset currently no-op; pre-create with h5py if you need explicit chunking or attrs.
  warnings.warn(
/global/homes/j/jackm/software/lorrax_B/src/file_io/_slab_io_ffi.py:453: UserWarning: FFI backend: chunks/attrs on create_dataset currently no-op; pre-create with h5py if you need explicit chunking or attrs.
  warnings.warn(
/global/homes/j/jackm/software/lorrax_B/src/file_io/_slab_io_ffi.py:453: UserWarning: FFI backend: chunks/attrs on create_dataset currently no-op; pre-create with h5py if you need explicit chunking or attrs.
  warnings.warn(
/global/homes/j/jackm/software/lorrax_B/src/file_io/_slab_io_ffi.py:453: UserWarning: FFI backend: chunks/attrs on create_dataset currently no-op; pre-create with h5py if you need explicit chunking or attrs.
  warnings.warn(
/global/homes/j/jackm/software/lorrax_B/src/file_io/_slab_io_ffi.py:453: UserWarning: FFI backend: chunks/attrs on create_dataset currently no-op; pre-create with h5py if you need explicit chunking or attrs.
  warnings.warn(
/global/homes/j/jackm/software/lorrax_B/src/file_io/_slab_io_ffi.py:453: UserWarning: FFI backend: chunks/attrs on create_dataset currently no-op; pre-create with h5py if you need explicit chunking or attrs.
  warnings.warn(
/global/homes/j/jackm/software/lorrax_B/src/file_io/_slab_io_ffi.py:453: UserWarning: FFI backend: chunks/attrs on create_dataset currently no-op; pre-create with h5py if you need explicit chunking or attrs.
  warnings.warn(
/global/homes/j/jackm/software/lorrax_B/src/file_io/_slab_io_ffi.py:453: UserWarning: FFI backend: chunks/attrs on create_dataset currently no-op; pre-create with h5py if you need explicit chunking or attrs.
  warnings.warn(
/global/homes/j/jackm/software/lorrax_B/src/file_io/_slab_io_ffi.py:453: UserWarning: FFI backend: chunks/attrs on create_dataset currently no-op; pre-create with h5py if you need explicit chunking or attrs.
  warnings.warn(
/global/homes/j/jackm/software/lorrax_B/src/file_io/_slab_io_ffi.py:453: UserWarning: FFI backend: chunks/attrs on create_dataset currently no-op; pre-create with h5py if you need explicit chunking or attrs.
  warnings.warn(
/global/homes/j/jackm/software/lorrax_B/src/file_io/_slab_io_ffi.py:453: UserWarning: FFI backend: chunks/attrs on create_dataset currently no-op; pre-create with h5py if you need explicit chunking or attrs.
  warnings.warn(
/global/homes/j/jackm/software/lorrax_B/src/file_io/_slab_io_ffi.py:453: UserWarning: FFI backend: chunks/attrs on create_dataset currently no-op; pre-create with h5py if you need explicit chunking or attrs.
  warnings.warn(
/global/homes/j/jackm/software/lorrax_B/src/file_io/_slab_io_ffi.py:453: UserWarning: FFI backend: chunks/attrs on create_dataset currently no-op; pre-create with h5py if you need explicit chunking or attrs.
  warnings.warn(
/global/homes/j/jackm/software/lorrax_B/src/file_io/_slab_io_ffi.py:453: UserWarning: FFI backend: chunks/attrs on create_dataset currently no-op; pre-create with h5py if you need explicit chunking or attrs.
  warnings.warn(
/global/homes/j/jackm/software/lorrax_B/src/file_io/_slab_io_ffi.py:453: UserWarning: FFI backend: chunks/attrs on create_dataset currently no-op; pre-create with h5py if you need explicit chunking or attrs.
  warnings.warn(
/global/homes/j/jackm/software/lorrax_B/src/file_io/_slab_io_ffi.py:453: UserWarning: FFI backend: chunks/attrs on create_dataset currently no-op; pre-create with h5py if you need explicit chunking or attrs.
  warnings.warn(
  ψ(G-flat) host cache: 1.38 GB/process resident
  G-flat ζ accumulator: N=3420 rows/rank (n_q=36 × n_mu_local=95); chunk_size=1414 → per-iter FFT box 25.45 GB/rank
[rchunk_dbg]   z_q_build=5401ms solve=15587ms
2026-05-17 14:11:28.256839: E external/xla/xla/stream_executor/cuda/cuda_fft.cc:269] Failed to allocate work area.
2026-05-17 14:11:28.256872: E external/xla/xla/stream_executor/cuda/cuda_fft.cc:320] Initialize Params: rank: 3 elem_count: 75 input_embed: 75 input_stride: 1 input_distance: 1125000 output_embed: 75 output_stride: 1 output_distance: 1125000 batch_count: 1414
2026-05-17 14:11:28.256876: E external/xla/xla/stream_executor/cuda/cuda_fft.cc:329] Failed to initialize batched cufft plan with customized allocator: Failed to allocate request for 23.70GiB (25452000000B) on device ordinal 0
E0517 14:11:28.260628 1606583 status_macros.cc:57] INTERNAL: RET_CHECK failure (external/xla/xla/backends/gpu/runtime/fft_thunk.cc:176) fft_plan != nullptr Failed to create cuFFT batched plan with scratch allocator
*** Begin stack trace ***
	
	
	
	
	
	
	
	
	
	
	
	
	
	
	
	
	
	
	
	
	
	
	PyObject_Vectorcall
	_PyEval_EvalFrameDefault
	_PyObject_Call_Prepend
	
	PyObject_Call
	_PyEval_EvalFrameDefault
	PyObject_Vectorcall
	
	
	PyObject_Vectorcall
	_PyEval_EvalFrameDefault
	PyEval_EvalCode
	
	
	PyObject_Vectorcall
	_PyEval_EvalFrameDefault
	
	Py_RunMain
	Py_BytesMain
	
	__libc_start_main
	_start
*** End stack trace ***

E0517 14:11:28.260649 1606583 pjrt_stream_executor_client.cc:3077] Execution of replica 0 failed: INTERNAL: RET_CHECK failure (external/xla/xla/backends/gpu/runtime/fft_thunk.cc:176) fft_plan != nullptr Failed to create cuFFT batched plan with scratch allocator
Traceback (most recent call last):
  File "<frozen runpy>", line 198, in _run_module_as_main
  File "<frozen runpy>", line 88, in _run_code
  File "/global/homes/j/jackm/software/lorrax_B/src/gw/gw_jax.py", line 956, in <module>
    raise SystemExit(main())
                     ^^^^^^
  File "/global/homes/j/jackm/software/lorrax_B/src/gw/gw_jax.py", line 169, in main
    isdf = prepare_isdf_and_wavefunctions(
           ^^^^^^^^^^^^^^^^^^^^^^^^^^^^^^^
  File "/global/homes/j/jackm/software/lorrax_B/src/gw/gw_init.py", line 1211, in prepare_isdf_and_wavefunctions
    zeta_path, mem_est, transverse_wfn_data = fit_zeta(
                                              ^^^^^^^^^
  File "/global/homes/j/jackm/software/lorrax_B/src/gw/gw_init.py", line 691, in fit_zeta
    peak_bytes = fit_zeta_to_h5(
                 ^^^^^^^^^^^^^^^
  File "/global/homes/j/jackm/software/lorrax_B/src/common/isdf_fitting.py", line 2487, in fit_zeta_to_h5
    gflat_acc = accumulate_rchunk_to_gflat(
                ^^^^^^^^^^^^^^^^^^^^^^^^^^^
  File "/global/homes/j/jackm/software/lorrax_B/src/common/wfn_transforms.py", line 1113, in accumulate_rchunk_to_gflat
    return fn(rchunk, gflat_acc, r0_arg)
           ^^^^^^^^^^^^^^^^^^^^^^^^^^^^^
jaxlib.xla_extension.XlaRuntimeError: INTERNAL: RET_CHECK failure (external/xla/xla/backends/gpu/runtime/fft_thunk.cc:176) fft_plan != nullptr Failed to create cuFFT batched plan with scratch allocator
--------------------
For simplicity, JAX has removed its internal frames from the traceback of the following exception. Set JAX_TRACEBACK_FILTERING=off to include these.
2026-05-17 14:11:28.994304: E external/xla/xla/stream_executor/cuda/cuda_fft.cc:269] Failed to allocate work area.
2026-05-17 14:11:28.994340: E external/xla/xla/stream_executor/cuda/cuda_fft.cc:320] Initialize Params: rank: 3 elem_count: 75 input_embed: 75 input_stride: 1 input_distance: 1125000 output_embed: 75 output_stride: 1 output_distance: 1125000 batch_count: 1414
2026-05-17 14:11:28.994344: E external/xla/xla/stream_executor/cuda/cuda_fft.cc:329] Failed to initialize batched cufft plan with customized allocator: Failed to allocate request for 23.70GiB (25452000000B) on device ordinal 0
E0517 14:11:29.001706 1606588 status_macros.cc:57] INTERNAL: RET_CHECK failure (external/xla/xla/backends/gpu/runtime/fft_thunk.cc:176) fft_plan != nullptr Failed to create cuFFT batched plan with scratch allocator
*** Begin stack trace ***
	
	
	
	
	
	
	
	
	
	
	
	
	
	
	
	
	
	
	
	
	
	
	PyObject_Vectorcall
	_PyEval_EvalFrameDefault
	_PyObject_Call_Prepend
	
	PyObject_Call
	_PyEval_EvalFrameDefault
	PyObject_Vectorcall
	
	
	PyObject_Vectorcall
	_PyEval_EvalFrameDefault
	PyEval_EvalCode
	
	
	PyObject_Vectorcall
	_PyEval_EvalFrameDefault
	
	Py_RunMain
	Py_BytesMain
	
	__libc_start_main
	_start
*** End stack trace ***

E0517 14:11:29.001727 1606588 pjrt_stream_executor_client.cc:3077] Execution of replica 0 failed: INTERNAL: RET_CHECK failure (external/xla/xla/backends/gpu/runtime/fft_thunk.cc:176) fft_plan != nullptr Failed to create cuFFT batched plan with scratch allocator
2026-05-17 14:11:29.071719: E external/xla/xla/stream_executor/cuda/cuda_fft.cc:269] Failed to allocate work area.
2026-05-17 14:11:29.071743: E external/xla/xla/stream_executor/cuda/cuda_fft.cc:320] Initialize Params: rank: 3 elem_count: 75 input_embed: 75 input_stride: 1 input_distance: 1125000 output_embed: 75 output_stride: 1 output_distance: 1125000 batch_count: 1414
2026-05-17 14:11:29.071747: E external/xla/xla/stream_executor/cuda/cuda_fft.cc:329] Failed to initialize batched cufft plan with customized allocator: Failed to allocate request for 23.70GiB (25452000000B) on device ordinal 0
E0517 14:11:29.072896 1606584 status_macros.cc:57] INTERNAL: RET_CHECK failure (external/xla/xla/backends/gpu/runtime/fft_thunk.cc:176) fft_plan != nullptr Failed to create cuFFT batched plan with scratch allocator
*** Begin stack trace ***
	
	
	
	
	
	
	
	
	
	
	
	
	
	
	
	
	
	
	
	
	
	
	PyObject_Vectorcall
	_PyEval_EvalFrameDefault
	_PyObject_Call_Prepend
	
	PyObject_Call
	_PyEval_EvalFrameDefault
	PyObject_Vectorcall
	
	
	PyObject_Vectorcall
	_PyEval_EvalFrameDefault
	PyEval_EvalCode
	
	
	PyObject_Vectorcall
	_PyEval_EvalFrameDefault
	
	Py_RunMain
	Py_BytesMain
	
	__libc_start_main
	_start
*** End stack trace ***

E0517 14:11:29.072918 1606584 pjrt_stream_executor_client.cc:3077] Execution of replica 0 failed: INTERNAL: RET_CHECK failure (external/xla/xla/backends/gpu/runtime/fft_thunk.cc:176) fft_plan != nullptr Failed to create cuFFT batched plan with scratch allocator
2026-05-17 14:11:29.073693: E external/xla/xla/stream_executor/cuda/cuda_fft.cc:269] Failed to allocate work area.
2026-05-17 14:11:29.073726: E external/xla/xla/stream_executor/cuda/cuda_fft.cc:320] Initialize Params: rank: 3 elem_count: 75 input_embed: 75 input_stride: 1 input_distance: 1125000 output_embed: 75 output_stride: 1 output_distance: 1125000 batch_count: 1414
2026-05-17 14:11:29.073730: E external/xla/xla/stream_executor/cuda/cuda_fft.cc:329] Failed to initialize batched cufft plan with customized allocator: Failed to allocate request for 23.70GiB (25452000000B) on device ordinal 0
E0517 14:11:29.077405 2008199 status_macros.cc:57] INTERNAL: RET_CHECK failure (external/xla/xla/backends/gpu/runtime/fft_thunk.cc:176) fft_plan != nullptr Failed to create cuFFT batched plan with scratch allocator
*** Begin stack trace ***
	
	
	
	
	
	
	
	
	
	
	
	
	
	
	
	
	
	
	
	
	
	
	PyObject_Vectorcall
	_PyEval_EvalFrameDefault
	_PyObject_Call_Prepend
	
	PyObject_Call
	_PyEval_EvalFrameDefault
	PyObject_Vectorcall
	
	
	PyObject_Vectorcall
	_PyEval_EvalFrameDefault
	PyEval_EvalCode
	
	
	PyObject_Vectorcall
	_PyEval_EvalFrameDefault
	
	Py_RunMain
	Py_BytesMain
	
	__libc_start_main
	_start
*** End stack trace ***

E0517 14:11:29.077424 2008199 pjrt_stream_executor_client.cc:3077] Execution of replica 0 failed: INTERNAL: RET_CHECK failure (external/xla/xla/backends/gpu/runtime/fft_thunk.cc:176) fft_plan != nullptr Failed to create cuFFT batched plan with scratch allocator
Traceback (most recent call last):
  File "<frozen runpy>", line 198, in _run_module_as_main
  File "<frozen runpy>", line 88, in _run_code
  File "/global/homes/j/jackm/software/lorrax_B/src/gw/gw_jax.py", line 956, in <module>
2026-05-17 14:11:29.098634: E external/xla/xla/stream_executor/cuda/cuda_fft.cc:269] Failed to allocate work area.
2026-05-17 14:11:29.098657: E external/xla/xla/stream_executor/cuda/cuda_fft.cc:320] Initialize Params: rank: 3 elem_count: 75 input_embed: 75 input_stride: 1 input_distance: 1125000 output_embed: 75 output_stride: 1 output_distance: 1125000 batch_count: 1414
2026-05-17 14:11:29.098661: E external/xla/xla/stream_executor/cuda/cuda_fft.cc:329] Failed to initialize batched cufft plan with customized allocator: Failed to allocate request for 23.70GiB (25452000000B) on device ordinal 0
E0517 14:11:29.099801 1606586 status_macros.cc:57] INTERNAL: RET_CHECK failure (external/xla/xla/backends/gpu/runtime/fft_thunk.cc:176) fft_plan != nullptr Failed to create cuFFT batched plan with scratch allocator
*** Begin stack trace ***
	
	
	
	
	
	
	
	
	
	
	
	
	
	
	
	
	
	
	
	
	
	
	PyObject_Vectorcall
	_PyEval_EvalFrameDefault
	_PyObject_Call_Prepend
	
	PyObject_Call
	_PyEval_EvalFrameDefault
	PyObject_Vectorcall
	
	
	PyObject_Vectorcall
	_PyEval_EvalFrameDefault
	PyEval_EvalCode
	
	
	PyObject_Vectorcall
	_PyEval_EvalFrameDefault
	
	Py_RunMain
	Py_BytesMain
	
	__libc_start_main
	_start
*** End stack trace ***

E0517 14:11:29.099822 1606586 pjrt_stream_executor_client.cc:3077] Execution of replica 0 failed: INTERNAL: RET_CHECK failure (external/xla/xla/backends/gpu/runtime/fft_thunk.cc:176) fft_plan != nullptr Failed to create cuFFT batched plan with scratch allocator
    raise SystemExit(main())
                     ^^^^^^
  File "/global/homes/j/jackm/software/lorrax_B/src/gw/gw_jax.py", line 169, in main
2026-05-17 14:11:29.134300: E external/xla/xla/stream_executor/cuda/cuda_fft.cc:269] Failed to allocate work area.
2026-05-17 14:11:29.134334: E external/xla/xla/stream_executor/cuda/cuda_fft.cc:320] Initialize Params: rank: 3 elem_count: 75 input_embed: 75 input_stride: 1 input_distance: 1125000 output_embed: 75 output_stride: 1 output_distance: 1125000 batch_count: 1414
2026-05-17 14:11:29.134338: E external/xla/xla/stream_executor/cuda/cuda_fft.cc:329] Failed to initialize batched cufft plan with customized allocator: Failed to allocate request for 23.70GiB (25452000000B) on device ordinal 0
2026-05-17 14:11:29.134634: E external/xla/xla/stream_executor/cuda/cuda_fft.cc:269] Failed to allocate work area.
2026-05-17 14:11:29.134656: E external/xla/xla/stream_executor/cuda/cuda_fft.cc:320] Initialize Params: rank: 3 elem_count: 75 input_embed: 75 input_stride: 1 input_distance: 1125000 output_embed: 75 output_stride: 1 output_distance: 1125000 batch_count: 1414
2026-05-17 14:11:29.134660: E external/xla/xla/stream_executor/cuda/cuda_fft.cc:329] Failed to initialize batched cufft plan with customized allocator: Failed to allocate request for 23.70GiB (25452000000B) on device ordinal 0
E0517 14:11:29.137595 2008201 status_macros.cc:57] INTERNAL: RET_CHECK failure (external/xla/xla/backends/gpu/runtime/fft_thunk.cc:176) fft_plan != nullptr Failed to create cuFFT batched plan with scratch allocator
*** Begin stack trace ***
	
	
	
	
	
	
	
	
	
	
	
	
	
	
	
	
	
	
	
	
	
	
	PyObject_Vectorcall
	_PyEval_EvalFrameDefault
	_PyObject_Call_Prepend
	
	PyObject_Call
	_PyEval_EvalFrameDefault
	PyObject_Vectorcall
	
	
	PyObject_Vectorcall
	_PyEval_EvalFrameDefault
	PyEval_EvalCode
	
	
	PyObject_Vectorcall
	_PyEval_EvalFrameDefault
	
	Py_RunMain
	Py_BytesMain
	
	__libc_start_main
	_start
*** End stack trace ***

E0517 14:11:29.137619 2008201 pjrt_stream_executor_client.cc:3077] Execution of replica 0 failed: INTERNAL: RET_CHECK failure (external/xla/xla/backends/gpu/runtime/fft_thunk.cc:176) fft_plan != nullptr Failed to create cuFFT batched plan with scratch allocator
E0517 14:11:29.139838 2008203 status_macros.cc:57] INTERNAL: RET_CHECK failure (external/xla/xla/backends/gpu/runtime/fft_thunk.cc:176) fft_plan != nullptr Failed to create cuFFT batched plan with scratch allocator
*** Begin stack trace ***
	
	
	
	
	
	
	
	
	
	
	
	
	
	
	
	
	
	
	
	
	
	
	PyObject_Vectorcall
	_PyEval_EvalFrameDefault
	_PyObject_Call_Prepend
	
	PyObject_Call
	_PyEval_EvalFrameDefault
	PyObject_Vectorcall
	
	
	PyObject_Vectorcall
	_PyEval_EvalFrameDefault
	PyEval_EvalCode
	
	
	PyObject_Vectorcall
	_PyEval_EvalFrameDefault
	
	Py_RunMain
	Py_BytesMain
	
	__libc_start_main
	_start
*** End stack trace ***

E0517 14:11:29.139861 2008203 pjrt_stream_executor_client.cc:3077] Execution of replica 0 failed: INTERNAL: RET_CHECK failure (external/xla/xla/backends/gpu/runtime/fft_thunk.cc:176) fft_plan != nullptr Failed to create cuFFT batched plan with scratch allocator
2026-05-17 14:11:29.148018: E external/xla/xla/stream_executor/cuda/cuda_fft.cc:269] Failed to allocate work area.
2026-05-17 14:11:29.148050: E external/xla/xla/stream_executor/cuda/cuda_fft.cc:320] Initialize Params: rank: 3 elem_count: 75 input_embed: 75 input_stride: 1 input_distance: 1125000 output_embed: 75 output_stride: 1 output_distance: 1125000 batch_count: 1414
2026-05-17 14:11:29.148054: E external/xla/xla/stream_executor/cuda/cuda_fft.cc:329] Failed to initialize batched cufft plan with customized allocator: Failed to allocate request for 23.70GiB (25452000000B) on device ordinal 0
E0517 14:11:29.151724 1282283 status_macros.cc:57] INTERNAL: RET_CHECK failure (external/xla/xla/backends/gpu/runtime/fft_thunk.cc:176) fft_plan != nullptr Failed to create cuFFT batched plan with scratch allocator
*** Begin stack trace ***
	
	
	
	
	
	
	
	
	
	
	
	
	
	
	
	
	
	
	
	
	
	
	PyObject_Vectorcall
	_PyEval_EvalFrameDefault
	_PyObject_Call_Prepend
	
	PyObject_Call
	_PyEval_EvalFrameDefault
	PyObject_Vectorcall
	
	
	PyObject_Vectorcall
	_PyEval_EvalFrameDefault
	PyEval_EvalCode
	
	
	PyObject_Vectorcall
	_PyEval_EvalFrameDefault
	
	Py_RunMain
	Py_BytesMain
	
	__libc_start_main
	_start
*** End stack trace ***

E0517 14:11:29.151746 1282283 pjrt_stream_executor_client.cc:3077] Execution of replica 0 failed: INTERNAL: RET_CHECK failure (external/xla/xla/backends/gpu/runtime/fft_thunk.cc:176) fft_plan != nullptr Failed to create cuFFT batched plan with scratch allocator
Traceback (most recent call last):
  File "<frozen runpy>", line 198, in _run_module_as_main
  File "<frozen runpy>", line 88, in _run_code
  File "/global/homes/j/jackm/software/lorrax_B/src/gw/gw_jax.py", line 956, in <module>
2026-05-17 14:11:29.170244: E external/xla/xla/stream_executor/cuda/cuda_fft.cc:269] Failed to allocate work area.
2026-05-17 14:11:29.170276: E external/xla/xla/stream_executor/cuda/cuda_fft.cc:320] Initialize Params: rank: 3 elem_count: 75 input_embed: 75 input_stride: 1 input_distance: 1125000 output_embed: 75 output_stride: 1 output_distance: 1125000 batch_count: 1414
2026-05-17 14:11:29.170280: E external/xla/xla/stream_executor/cuda/cuda_fft.cc:329] Failed to initialize batched cufft plan with customized allocator: Failed to allocate request for 23.70GiB (25452000000B) on device ordinal 0
E0517 14:11:29.173809  598702 status_macros.cc:57] INTERNAL: RET_CHECK failure (external/xla/xla/backends/gpu/runtime/fft_thunk.cc:176) fft_plan != nullptr Failed to create cuFFT batched plan with scratch allocator
*** Begin stack trace ***
	
	
	
	
	
	
	
	
	
	
	
	
	
	
	
	
	
	
	
	
	
	
	PyObject_Vectorcall
	_PyEval_EvalFrameDefault
	_PyObject_Call_Prepend
	
	PyObject_Call
	_PyEval_EvalFrameDefault
	PyObject_Vectorcall
	
	
	PyObject_Vectorcall
	_PyEval_EvalFrameDefault
	PyEval_EvalCode
	
	
	PyObject_Vectorcall
	_PyEval_EvalFrameDefault
	
	Py_RunMain
	Py_BytesMain
	
	__libc_start_main
	_start
*** End stack trace ***

E0517 14:11:29.173830  598702 pjrt_stream_executor_client.cc:3077] Execution of replica 0 failed: INTERNAL: RET_CHECK failure (external/xla/xla/backends/gpu/runtime/fft_thunk.cc:176) fft_plan != nullptr Failed to create cuFFT batched plan with scratch allocator
    isdf = prepare_isdf_and_wavefunctions(
           ^^^^^^^^^^^^^^^^^^^^^^^^^^^^^^^
  File "/global/homes/j/jackm/software/lorrax_B/src/gw/gw_init.py", line 1211, in prepare_isdf_and_wavefunctions
2026-05-17 14:11:29.203358: E external/xla/xla/stream_executor/cuda/cuda_fft.cc:269] Failed to allocate work area.
2026-05-17 14:11:29.203392: E external/xla/xla/stream_executor/cuda/cuda_fft.cc:320] Initialize Params: rank: 3 elem_count: 75 input_embed: 75 input_stride: 1 input_distance: 1125000 output_embed: 75 output_stride: 1 output_distance: 1125000 batch_count: 1414
2026-05-17 14:11:29.203396: E external/xla/xla/stream_executor/cuda/cuda_fft.cc:329] Failed to initialize batched cufft plan with customized allocator: Failed to allocate request for 23.70GiB (25452000000B) on device ordinal 0
    raise SystemExit(main())
                     ^^^^^^
  File "/global/homes/j/jackm/software/lorrax_B/src/gw/gw_jax.py", line 169, in main
E0517 14:11:29.207041 2008198 status_macros.cc:57] INTERNAL: RET_CHECK failure (external/xla/xla/backends/gpu/runtime/fft_thunk.cc:176) fft_plan != nullptr Failed to create cuFFT batched plan with scratch allocator
*** Begin stack trace ***
	
	
	
	
	
	
	
	
	
	
	
	
	
	
	
	
	
	
	
	
	
	
	PyObject_Vectorcall
	_PyEval_EvalFrameDefault
	_PyObject_Call_Prepend
	
	PyObject_Call
	_PyEval_EvalFrameDefault
	PyObject_Vectorcall
	
	
	PyObject_Vectorcall
	_PyEval_EvalFrameDefault
	PyEval_EvalCode
	
	
	PyObject_Vectorcall
	_PyEval_EvalFrameDefault
	
	Py_RunMain
	Py_BytesMain
	
	__libc_start_main
	_start
*** End stack trace ***

E0517 14:11:29.207063 2008198 pjrt_stream_executor_client.cc:3077] Execution of replica 0 failed: INTERNAL: RET_CHECK failure (external/xla/xla/backends/gpu/runtime/fft_thunk.cc:176) fft_plan != nullptr Failed to create cuFFT batched plan with scratch allocator
    zeta_path, mem_est, transverse_wfn_data = fit_zeta(
                                              ^^^^^^^^^
  File "/global/homes/j/jackm/software/lorrax_B/src/gw/gw_init.py", line 691, in fit_zeta
Traceback (most recent call last):
  File "<frozen runpy>", line 198, in _run_module_as_main
  File "<frozen runpy>", line 88, in _run_code
  File "/global/homes/j/jackm/software/lorrax_B/src/gw/gw_jax.py", line 956, in <module>
    isdf = prepare_isdf_and_wavefunctions(
           ^^^^^^^^^^^^^^^^^^^^^^^^^^^^^^^
  File "/global/homes/j/jackm/software/lorrax_B/src/gw/gw_init.py", line 1211, in prepare_isdf_and_wavefunctions
Traceback (most recent call last):
  File "<frozen runpy>", line 198, in _run_module_as_main
  File "<frozen runpy>", line 88, in _run_code
  File "/global/homes/j/jackm/software/lorrax_B/src/gw/gw_jax.py", line 956, in <module>
Traceback (most recent call last):
  File "<frozen runpy>", line 198, in _run_module_as_main
  File "<frozen runpy>", line 88, in _run_code
  File "/global/homes/j/jackm/software/lorrax_B/src/gw/gw_jax.py", line 956, in <module>
    peak_bytes = fit_zeta_to_h5(
                 ^^^^^^^^^^^^^^^
  File "/global/homes/j/jackm/software/lorrax_B/src/common/isdf_fitting.py", line 2487, in fit_zeta_to_h5
Traceback (most recent call last):
  File "<frozen runpy>", line 198, in _run_module_as_main
  File "<frozen runpy>", line 88, in _run_code
  File "/global/homes/j/jackm/software/lorrax_B/src/gw/gw_jax.py", line 956, in <module>
    zeta_path, mem_est, transverse_wfn_data = fit_zeta(
                                              ^^^^^^^^^
  File "/global/homes/j/jackm/software/lorrax_B/src/gw/gw_init.py", line 691, in fit_zeta
    peak_bytes = fit_zeta_to_h5(
                 ^^^^^^^^^^^^^^^
  File "/global/homes/j/jackm/software/lorrax_B/src/common/isdf_fitting.py", line 2487, in fit_zeta_to_h5
    raise SystemExit(main())
                     ^^^^^^
  File "/global/homes/j/jackm/software/lorrax_B/src/gw/gw_jax.py", line 169, in main
    raise SystemExit(main())
                     ^^^^^^
  File "/global/homes/j/jackm/software/lorrax_B/src/gw/gw_jax.py", line 169, in main
    raise SystemExit(main())
                     ^^^^^^
  File "/global/homes/j/jackm/software/lorrax_B/src/gw/gw_jax.py", line 169, in main
    isdf = prepare_isdf_and_wavefunctions(
           ^^^^^^^^^^^^^^^^^^^^^^^^^^^^^^^
  File "/global/homes/j/jackm/software/lorrax_B/src/gw/gw_init.py", line 1211, in prepare_isdf_and_wavefunctions
    raise SystemExit(main())
                     ^^^^^^
  File "/global/homes/j/jackm/software/lorrax_B/src/gw/gw_jax.py", line 169, in main
    gflat_acc = accumulate_rchunk_to_gflat(
                ^^^^^^^^^^^^^^^^^^^^^^^^^^^
  File "/global/homes/j/jackm/software/lorrax_B/src/common/wfn_transforms.py", line 1113, in accumulate_rchunk_to_gflat
    gflat_acc = accumulate_rchunk_to_gflat(
                ^^^^^^^^^^^^^^^^^^^^^^^^^^^
  File "/global/homes/j/jackm/software/lorrax_B/src/common/wfn_transforms.py", line 1113, in accumulate_rchunk_to_gflat
    isdf = prepare_isdf_and_wavefunctions(
    zeta_path, mem_est, transverse_wfn_data = fit_zeta(
           ^^^^^^^^^^^^^^^^^^^^^^^^^^^^^^^
  File "/global/homes/j/jackm/software/lorrax_B/src/gw/gw_init.py", line 1211, in prepare_isdf_and_wavefunctions
                                              ^^^^^^^^^
  File "/global/homes/j/jackm/software/lorrax_B/src/gw/gw_init.py", line 691, in fit_zeta
    peak_bytes = fit_zeta_to_h5(
                 ^^^^^^^^^^^^^^^
  File "/global/homes/j/jackm/software/lorrax_B/src/common/isdf_fitting.py", line 2487, in fit_zeta_to_h5
    zeta_path, mem_est, transverse_wfn_data = fit_zeta(
                                              ^^^^^^^^^
  File "/global/homes/j/jackm/software/lorrax_B/src/gw/gw_init.py", line 691, in fit_zeta
    peak_bytes = fit_zeta_to_h5(
                 ^^^^^^^^^^^^^^^
  File "/global/homes/j/jackm/software/lorrax_B/src/common/isdf_fitting.py", line 2487, in fit_zeta_to_h5
    isdf = prepare_isdf_and_wavefunctions(
           ^^^^^^^^^^^^^^^^^^^^^^^^^^^^^^^
  File "/global/homes/j/jackm/software/lorrax_B/src/gw/gw_init.py", line 1211, in prepare_isdf_and_wavefunctions
    isdf = prepare_isdf_and_wavefunctions(
           ^^^^^^^^^^^^^^^^^^^^^^^^^^^^^^^
  File "/global/homes/j/jackm/software/lorrax_B/src/gw/gw_init.py", line 1211, in prepare_isdf_and_wavefunctions
    zeta_path, mem_est, transverse_wfn_data = fit_zeta(
                                              ^^^^^^^^^
  File "/global/homes/j/jackm/software/lorrax_B/src/gw/gw_init.py", line 691, in fit_zeta
    zeta_path, mem_est, transverse_wfn_data = fit_zeta(
                                              ^^^^^^^^^
  File "/global/homes/j/jackm/software/lorrax_B/src/gw/gw_init.py", line 691, in fit_zeta
Traceback (most recent call last):
  File "<frozen runpy>", line 198, in _run_module_as_main
  File "<frozen runpy>", line 88, in _run_code
  File "/global/homes/j/jackm/software/lorrax_B/src/gw/gw_jax.py", line 956, in <module>
Traceback (most recent call last):
  File "<frozen runpy>", line 198, in _run_module_as_main
  File "<frozen runpy>", line 88, in _run_code
  File "/global/homes/j/jackm/software/lorrax_B/src/gw/gw_jax.py", line 956, in <module>
    peak_bytes = fit_zeta_to_h5(
                 ^^^^^^^^^^^^^^^
  File "/global/homes/j/jackm/software/lorrax_B/src/common/isdf_fitting.py", line 2487, in fit_zeta_to_h5
    peak_bytes = fit_zeta_to_h5(
                 ^^^^^^^^^^^^^^^
  File "/global/homes/j/jackm/software/lorrax_B/src/common/isdf_fitting.py", line 2487, in fit_zeta_to_h5
    gflat_acc = accumulate_rchunk_to_gflat(
    gflat_acc = accumulate_rchunk_to_gflat(
                ^^^^^^^^^^^^^^^^^^^^^^^^^^^
                ^^^^^^^^^^^^^^^^^^^^^^^^^^^
  File "/global/homes/j/jackm/software/lorrax_B/src/common/wfn_transforms.py", line 1113, in accumulate_rchunk_to_gflat
  File "/global/homes/j/jackm/software/lorrax_B/src/common/wfn_transforms.py", line 1113, in accumulate_rchunk_to_gflat
    gflat_acc = accumulate_rchunk_to_gflat(
                ^^^^^^^^^^^^^^^^^^^^^^^^^^^
  File "/global/homes/j/jackm/software/lorrax_B/src/common/wfn_transforms.py", line 1113, in accumulate_rchunk_to_gflat
    gflat_acc = accumulate_rchunk_to_gflat(
                ^^^^^^^^^^^^^^^^^^^^^^^^^^^
  File "/global/homes/j/jackm/software/lorrax_B/src/common/wfn_transforms.py", line 1113, in accumulate_rchunk_to_gflat
    return fn(rchunk, gflat_acc, r0_arg)
           ^^^^^^^^^^^^^^^^^^^^^^^^^^^^^
jaxlib.xla_extension.XlaRuntimeError: INTERNAL: RET_CHECK failure (external/xla/xla/backends/gpu/runtime/fft_thunk.cc:176) fft_plan != nullptr Failed to create cuFFT batched plan with scratch allocator
--------------------
For simplicity, JAX has removed its internal frames from the traceback of the following exception. Set JAX_TRACEBACK_FILTERING=off to include these.
Traceback (most recent call last):
  File "<frozen runpy>", line 198, in _run_module_as_main
  File "<frozen runpy>", line 88, in _run_code
  File "/global/homes/j/jackm/software/lorrax_B/src/gw/gw_jax.py", line 956, in <module>
    return fn(rchunk, gflat_acc, r0_arg)
           ^^^^^^^^^^^^^^^^^^^^^^^^^^^^^
jaxlib.xla_extension.XlaRuntimeError: INTERNAL: RET_CHECK failure (external/xla/xla/backends/gpu/runtime/fft_thunk.cc:176) fft_plan != nullptr Failed to create cuFFT batched plan with scratch allocator
--------------------
For simplicity, JAX has removed its internal frames from the traceback of the following exception. Set JAX_TRACEBACK_FILTERING=off to include these.
2026-05-17 14:11:29.364901: E external/xla/xla/stream_executor/cuda/cuda_fft.cc:269] Failed to allocate work area.
2026-05-17 14:11:29.364922: E external/xla/xla/stream_executor/cuda/cuda_fft.cc:320] Initialize Params: rank: 3 elem_count: 75 input_embed: 75 input_stride: 1 input_distance: 1125000 output_embed: 75 output_stride: 1 output_distance: 1125000 batch_count: 1414
2026-05-17 14:11:29.364926: E external/xla/xla/stream_executor/cuda/cuda_fft.cc:329] Failed to initialize batched cufft plan with customized allocator: Failed to allocate request for 23.70GiB (25452000000B) on device ordinal 0
E0517 14:11:29.365372  598700 status_macros.cc:57] INTERNAL: RET_CHECK failure (external/xla/xla/backends/gpu/runtime/fft_thunk.cc:176) fft_plan != nullptr Failed to create cuFFT batched plan with scratch allocator
*** Begin stack trace ***
	
	
	
	
	
	
	
	
	
	
	
	
	
	
	
	
	
	
	
	
	
	
	PyObject_Vectorcall
	_PyEval_EvalFrameDefault
	_PyObject_Call_Prepend
	
	PyObject_Call
	_PyEval_EvalFrameDefault
	PyObject_Vectorcall
	
	
	PyObject_Vectorcall
	_PyEval_EvalFrameDefault
	PyEval_EvalCode
	
	
	PyObject_Vectorcall
	_PyEval_EvalFrameDefault
	
	Py_RunMain
	Py_BytesMain
	
	__libc_start_main
	_start
*** End stack trace ***

E0517 14:11:29.365390  598700 pjrt_stream_executor_client.cc:3077] Execution of replica 0 failed: INTERNAL: RET_CHECK failure (external/xla/xla/backends/gpu/runtime/fft_thunk.cc:176) fft_plan != nullptr Failed to create cuFFT batched plan with scratch allocator
    raise SystemExit(main())
                     ^^^^^^
  File "/global/homes/j/jackm/software/lorrax_B/src/gw/gw_jax.py", line 169, in main
2026-05-17 14:11:29.372737: E external/xla/xla/stream_executor/cuda/cuda_fft.cc:269] Failed to allocate work area.
2026-05-17 14:11:29.372773: E external/xla/xla/stream_executor/cuda/cuda_fft.cc:320] Initialize Params: rank: 3 elem_count: 75 input_embed: 75 input_stride: 1 input_distance: 1125000 output_embed: 75 output_stride: 1 output_distance: 1125000 batch_count: 1414
2026-05-17 14:11:29.372778: E external/xla/xla/stream_executor/cuda/cuda_fft.cc:329] Failed to initialize batched cufft plan with customized allocator: Failed to allocate request for 23.70GiB (25452000000B) on device ordinal 0
2026-05-17 14:11:29.376064: E external/xla/xla/stream_executor/cuda/cuda_fft.cc:269] Failed to allocate work area.
2026-05-17 14:11:29.376096: E external/xla/xla/stream_executor/cuda/cuda_fft.cc:320] Initialize Params: rank: 3 elem_count: 75 input_embed: 75 input_stride: 1 input_distance: 1125000 output_embed: 75 output_stride: 1 output_distance: 1125000 batch_count: 1414
2026-05-17 14:11:29.376100: E external/xla/xla/stream_executor/cuda/cuda_fft.cc:329] Failed to initialize batched cufft plan with customized allocator: Failed to allocate request for 23.70GiB (25452000000B) on device ordinal 0
2026-05-17 14:11:29.376352: E external/xla/xla/stream_executor/cuda/cuda_fft.cc:269] Failed to allocate work area.
2026-05-17 14:11:29.376382: E external/xla/xla/stream_executor/cuda/cuda_fft.cc:320] Initialize Params: rank: 3 elem_count: 75 input_embed: 75 input_stride: 1 input_distance: 1125000 output_embed: 75 output_stride: 1 output_distance: 1125000 batch_count: 1414
2026-05-17 14:11:29.376386: E external/xla/xla/stream_executor/cuda/cuda_fft.cc:329] Failed to initialize batched cufft plan with customized allocator: Failed to allocate request for 23.70GiB (25452000000B) on device ordinal 0
E0517 14:11:29.376527  598699 status_macros.cc:57] INTERNAL: RET_CHECK failure (external/xla/xla/backends/gpu/runtime/fft_thunk.cc:176) fft_plan != nullptr Failed to create cuFFT batched plan with scratch allocator
*** Begin stack trace ***
	
	
	
	
	
	
	
	
	
	
	
	
	
	
	
	
	
	
	
	
	
	
	PyObject_Vectorcall
	_PyEval_EvalFrameDefault
	_PyObject_Call_Prepend
	
	PyObject_Call
	_PyEval_EvalFrameDefault
	PyObject_Vectorcall
	
	
	PyObject_Vectorcall
	_PyEval_EvalFrameDefault
	PyEval_EvalCode
	
	
	PyObject_Vectorcall
	_PyEval_EvalFrameDefault
	
	Py_RunMain
	Py_BytesMain
	
	__libc_start_main
	_start
*** End stack trace ***

E0517 14:11:29.376547  598699 pjrt_stream_executor_client.cc:3077] Execution of replica 0 failed: INTERNAL: RET_CHECK failure (external/xla/xla/backends/gpu/runtime/fft_thunk.cc:176) fft_plan != nullptr Failed to create cuFFT batched plan with scratch allocator
2026-05-17 14:11:29.376663: E external/xla/xla/stream_executor/cuda/cuda_fft.cc:269] Failed to allocate work area.
2026-05-17 14:11:29.376694: E external/xla/xla/stream_executor/cuda/cuda_fft.cc:320] Initialize Params: rank: 3 elem_count: 75 input_embed: 75 input_stride: 1 input_distance: 1125000 output_embed: 75 output_stride: 1 output_distance: 1125000 batch_count: 1414
2026-05-17 14:11:29.376698: E external/xla/xla/stream_executor/cuda/cuda_fft.cc:329] Failed to initialize batched cufft plan with customized allocator: Failed to allocate request for 23.70GiB (25452000000B) on device ordinal 0
E0517 14:11:29.379847 1282281 status_macros.cc:57] INTERNAL: RET_CHECK failure (external/xla/xla/backends/gpu/runtime/fft_thunk.cc:176) fft_plan != nullptr Failed to create cuFFT batched plan with scratch allocator
*** Begin stack trace ***
	
	
	
	
	
	
	
	
	
	
	
	
	
	
	
	
	
	
	
	
	
	
	PyObject_Vectorcall
	_PyEval_EvalFrameDefault
	_PyObject_Call_Prepend
	
	PyObject_Call
	_PyEval_EvalFrameDefault
	PyObject_Vectorcall
	
	
	PyObject_Vectorcall
	_PyEval_EvalFrameDefault
	PyEval_EvalCode
	
	
	PyObject_Vectorcall
	_PyEval_EvalFrameDefault
	
	Py_RunMain
	Py_BytesMain
	
	__libc_start_main
	_start
*** End stack trace ***

E0517 14:11:29.379866 1282281 pjrt_stream_executor_client.cc:3077] Execution of replica 0 failed: INTERNAL: RET_CHECK failure (external/xla/xla/backends/gpu/runtime/fft_thunk.cc:176) fft_plan != nullptr Failed to create cuFFT batched plan with scratch allocator
E0517 14:11:29.380062 1282279 status_macros.cc:57] INTERNAL: RET_CHECK failure (external/xla/xla/backends/gpu/runtime/fft_thunk.cc:176) fft_plan != nullptr Failed to create cuFFT batched plan with scratch allocator
*** Begin stack trace ***
	
	
	
	
	
	
	
	
	
	
	
	
	
	
	
	
	
	
	
	
	
	
	PyObject_Vectorcall
	_PyEval_EvalFrameDefault
	_PyObject_Call_Prepend
	
	PyObject_Call
	_PyEval_EvalFrameDefault
	PyObject_Vectorcall
	
	
	PyObject_Vectorcall
	_PyEval_EvalFrameDefault
	PyEval_EvalCode
	
	
	PyObject_Vectorcall
	_PyEval_EvalFrameDefault
	
	Py_RunMain
	Py_BytesMain
	
	__libc_start_main
	_start
*** End stack trace ***

E0517 14:11:29.380083 1282279 pjrt_stream_executor_client.cc:3077] Execution of replica 0 failed: INTERNAL: RET_CHECK failure (external/xla/xla/backends/gpu/runtime/fft_thunk.cc:176) fft_plan != nullptr Failed to create cuFFT batched plan with scratch allocator
E0517 14:11:29.380393 1282278 status_macros.cc:57] INTERNAL: RET_CHECK failure (external/xla/xla/backends/gpu/runtime/fft_thunk.cc:176) fft_plan != nullptr Failed to create cuFFT batched plan with scratch allocator
*** Begin stack trace ***
	
	
	
	
	
	
	
	
	
	
	
	
	
	
	
	
	
	
	
	
	
	
	PyObject_Vectorcall
	_PyEval_EvalFrameDefault
	_PyObject_Call_Prepend
	
	PyObject_Call
	_PyEval_EvalFrameDefault
	PyObject_Vectorcall
	
	
	PyObject_Vectorcall
	_PyEval_EvalFrameDefault
	PyEval_EvalCode
	
	
	PyObject_Vectorcall
	_PyEval_EvalFrameDefault
	
	Py_RunMain
	Py_BytesMain
	
	__libc_start_main
	_start
*** End stack trace ***

E0517 14:11:29.380414 1282278 pjrt_stream_executor_client.cc:3077] Execution of replica 0 failed: INTERNAL: RET_CHECK failure (external/xla/xla/backends/gpu/runtime/fft_thunk.cc:176) fft_plan != nullptr Failed to create cuFFT batched plan with scratch allocator
    return fn(rchunk, gflat_acc, r0_arg)
           ^^^^^^^^^^^^^^^^^^^^^^^^^^^^^
jaxlib.xla_extension.XlaRuntimeError: INTERNAL: RET_CHECK failure (external/xla/xla/backends/gpu/runtime/fft_thunk.cc:176) fft_plan != nullptr Failed to create cuFFT batched plan with scratch allocator
--------------------
For simplicity, JAX has removed its internal frames from the traceback of the following exception. Set JAX_TRACEBACK_FILTERING=off to include these.
    return fn(rchunk, gflat_acc, r0_arg)
           ^^^^^^^^^^^^^^^^^^^^^^^^^^^^^
jaxlib.xla_extension.XlaRuntimeError: INTERNAL: RET_CHECK failure (external/xla/xla/backends/gpu/runtime/fft_thunk.cc:176) fft_plan != nullptr Failed to create cuFFT batched plan with scratch allocator
--------------------
For simplicity, JAX has removed its internal frames from the traceback of the following exception. Set JAX_TRACEBACK_FILTERING=off to include these.
    raise SystemExit(main())
                     ^^^^^^
  File "/global/homes/j/jackm/software/lorrax_B/src/gw/gw_jax.py", line 169, in main
    return fn(rchunk, gflat_acc, r0_arg)
           ^^^^^^^^^^^^^^^^^^^^^^^^^^^^^
jaxlib.xla_extension.XlaRuntimeError: INTERNAL: RET_CHECK failure (external/xla/xla/backends/gpu/runtime/fft_thunk.cc:176) fft_plan != nullptr Failed to create cuFFT batched plan with scratch allocator
--------------------
For simplicity, JAX has removed its internal frames from the traceback of the following exception. Set JAX_TRACEBACK_FILTERING=off to include these.
    return fn(rchunk, gflat_acc, r0_arg)
           ^^^^^^^^^^^^^^^^^^^^^^^^^^^^^
jaxlib.xla_extension.XlaRuntimeError: INTERNAL: RET_CHECK failure (external/xla/xla/backends/gpu/runtime/fft_thunk.cc:176) fft_plan != nullptr Failed to create cuFFT batched plan with scratch allocator
--------------------
For simplicity, JAX has removed its internal frames from the traceback of the following exception. Set JAX_TRACEBACK_FILTERING=off to include these.
    isdf = prepare_isdf_and_wavefunctions(
           ^^^^^^^^^^^^^^^^^^^^^^^^^^^^^^^
  File "/global/homes/j/jackm/software/lorrax_B/src/gw/gw_init.py", line 1211, in prepare_isdf_and_wavefunctions
2026-05-17 14:11:29.399562: E external/xla/xla/stream_executor/cuda/cuda_fft.cc:269] Failed to allocate work area.
2026-05-17 14:11:29.399594: E external/xla/xla/stream_executor/cuda/cuda_fft.cc:320] Initialize Params: rank: 3 elem_count: 75 input_embed: 75 input_stride: 1 input_distance: 1125000 output_embed: 75 output_stride: 1 output_distance: 1125000 batch_count: 1414
2026-05-17 14:11:29.399598: E external/xla/xla/stream_executor/cuda/cuda_fft.cc:329] Failed to initialize batched cufft plan with customized allocator: Failed to allocate request for 23.70GiB (25452000000B) on device ordinal 0
    zeta_path, mem_est, transverse_wfn_data = fit_zeta(
                                              ^^^^^^^^^
  File "/global/homes/j/jackm/software/lorrax_B/src/gw/gw_init.py", line 691, in fit_zeta
E0517 14:11:29.403802  598704 status_macros.cc:57] INTERNAL: RET_CHECK failure (external/xla/xla/backends/gpu/runtime/fft_thunk.cc:176) fft_plan != nullptr Failed to create cuFFT batched plan with scratch allocator
*** Begin stack trace ***
	
	
	
	
	
	
	
	
	
	
	
	
	
	
	
	
	
	
	
	
	
	
	PyObject_Vectorcall
	_PyEval_EvalFrameDefault
	_PyObject_Call_Prepend
	
	PyObject_Call
	_PyEval_EvalFrameDefault
	PyObject_Vectorcall
	
	
	PyObject_Vectorcall
	_PyEval_EvalFrameDefault
	PyEval_EvalCode
	
	
	PyObject_Vectorcall
	_PyEval_EvalFrameDefault
	
	Py_RunMain
	Py_BytesMain
	
	__libc_start_main
	_start
*** End stack trace ***

E0517 14:11:29.403825  598704 pjrt_stream_executor_client.cc:3077] Execution of replica 0 failed: INTERNAL: RET_CHECK failure (external/xla/xla/backends/gpu/runtime/fft_thunk.cc:176) fft_plan != nullptr Failed to create cuFFT batched plan with scratch allocator
    raise SystemExit(main())
                     ^^^^^^
  File "/global/homes/j/jackm/software/lorrax_B/src/gw/gw_jax.py", line 169, in main
    isdf = prepare_isdf_and_wavefunctions(
           ^^^^^^^^^^^^^^^^^^^^^^^^^^^^^^^
  File "/global/homes/j/jackm/software/lorrax_B/src/gw/gw_init.py", line 1211, in prepare_isdf_and_wavefunctions
    peak_bytes = fit_zeta_to_h5(
                 ^^^^^^^^^^^^^^^
  File "/global/homes/j/jackm/software/lorrax_B/src/common/isdf_fitting.py", line 2487, in fit_zeta_to_h5
    isdf = prepare_isdf_and_wavefunctions(
           ^^^^^^^^^^^^^^^^^^^^^^^^^^^^^^^
  File "/global/homes/j/jackm/software/lorrax_B/src/gw/gw_init.py", line 1211, in prepare_isdf_and_wavefunctions
    zeta_path, mem_est, transverse_wfn_data = fit_zeta(
                                              ^^^^^^^^^
  File "/global/homes/j/jackm/software/lorrax_B/src/gw/gw_init.py", line 691, in fit_zeta
    zeta_path, mem_est, transverse_wfn_data = fit_zeta(
                                              ^^^^^^^^^
  File "/global/homes/j/jackm/software/lorrax_B/src/gw/gw_init.py", line 691, in fit_zeta
    gflat_acc = accumulate_rchunk_to_gflat(
                ^^^^^^^^^^^^^^^^^^^^^^^^^^^
  File "/global/homes/j/jackm/software/lorrax_B/src/common/wfn_transforms.py", line 1113, in accumulate_rchunk_to_gflat
    peak_bytes = fit_zeta_to_h5(
                 ^^^^^^^^^^^^^^^
  File "/global/homes/j/jackm/software/lorrax_B/src/common/isdf_fitting.py", line 2487, in fit_zeta_to_h5
    peak_bytes = fit_zeta_to_h5(
                 ^^^^^^^^^^^^^^^
  File "/global/homes/j/jackm/software/lorrax_B/src/common/isdf_fitting.py", line 2487, in fit_zeta_to_h5
Traceback (most recent call last):
  File "<frozen runpy>", line 198, in _run_module_as_main
  File "<frozen runpy>", line 88, in _run_code
  File "/global/homes/j/jackm/software/lorrax_B/src/gw/gw_jax.py", line 956, in <module>
Traceback (most recent call last):
  File "<frozen runpy>", line 198, in _run_module_as_main
  File "<frozen runpy>", line 88, in _run_code
  File "/global/homes/j/jackm/software/lorrax_B/src/gw/gw_jax.py", line 956, in <module>
Traceback (most recent call last):
  File "<frozen runpy>", line 198, in _run_module_as_main
  File "<frozen runpy>", line 88, in _run_code
  File "/global/homes/j/jackm/software/lorrax_B/src/gw/gw_jax.py", line 956, in <module>
    gflat_acc = accumulate_rchunk_to_gflat(
                ^^^^^^^^^^^^^^^^^^^^^^^^^^^
  File "/global/homes/j/jackm/software/lorrax_B/src/common/wfn_transforms.py", line 1113, in accumulate_rchunk_to_gflat
Traceback (most recent call last):
  File "<frozen runpy>", line 198, in _run_module_as_main
  File "<frozen runpy>", line 88, in _run_code
  File "/global/homes/j/jackm/software/lorrax_B/src/gw/gw_jax.py", line 956, in <module>
    gflat_acc = accumulate_rchunk_to_gflat(
                ^^^^^^^^^^^^^^^^^^^^^^^^^^^
  File "/global/homes/j/jackm/software/lorrax_B/src/common/wfn_transforms.py", line 1113, in accumulate_rchunk_to_gflat
    raise SystemExit(main())
                     ^^^^^^
  File "/global/homes/j/jackm/software/lorrax_B/src/gw/gw_jax.py", line 169, in main
Traceback (most recent call last):
  File "<frozen runpy>", line 198, in _run_module_as_main
  File "<frozen runpy>", line 88, in _run_code
  File "/global/homes/j/jackm/software/lorrax_B/src/gw/gw_jax.py", line 956, in <module>
    return fn(rchunk, gflat_acc, r0_arg)
           ^^^^^^^^^^^^^^^^^^^^^^^^^^^^^
jaxlib.xla_extension.XlaRuntimeError: INTERNAL: RET_CHECK failure (external/xla/xla/backends/gpu/runtime/fft_thunk.cc:176) fft_plan != nullptr Failed to create cuFFT batched plan with scratch allocator
--------------------
For simplicity, JAX has removed its internal frames from the traceback of the following exception. Set JAX_TRACEBACK_FILTERING=off to include these.
    return fn(rchunk, gflat_acc, r0_arg)
           ^^^^^^^^^^^^^^^^^^^^^^^^^^^^^
jaxlib.xla_extension.XlaRuntimeError: INTERNAL: RET_CHECK failure (external/xla/xla/backends/gpu/runtime/fft_thunk.cc:176) fft_plan != nullptr Failed to create cuFFT batched plan with scratch allocator
--------------------
For simplicity, JAX has removed its internal frames from the traceback of the following exception. Set JAX_TRACEBACK_FILTERING=off to include these.
    return fn(rchunk, gflat_acc, r0_arg)
           ^^^^^^^^^^^^^^^^^^^^^^^^^^^^^
jaxlib.xla_extension.XlaRuntimeError: INTERNAL: RET_CHECK failure (external/xla/xla/backends/gpu/runtime/fft_thunk.cc:176) fft_plan != nullptr Failed to create cuFFT batched plan with scratch allocator
--------------------
For simplicity, JAX has removed its internal frames from the traceback of the following exception. Set JAX_TRACEBACK_FILTERING=off to include these.
    isdf = prepare_isdf_and_wavefunctions(
           ^^^^^^^^^^^^^^^^^^^^^^^^^^^^^^^
  File "/global/homes/j/jackm/software/lorrax_B/src/gw/gw_init.py", line 1211, in prepare_isdf_and_wavefunctions
Traceback (most recent call last):
  File "<frozen runpy>", line 198, in _run_module_as_main
  File "<frozen runpy>", line 88, in _run_code
  File "/global/homes/j/jackm/software/lorrax_B/src/gw/gw_jax.py", line 956, in <module>
    raise SystemExit(main())
                     ^^^^^^
  File "/global/homes/j/jackm/software/lorrax_B/src/gw/gw_jax.py", line 169, in main
    raise SystemExit(main())
                     ^^^^^^
  File "/global/homes/j/jackm/software/lorrax_B/src/gw/gw_jax.py", line 169, in main
    raise SystemExit(main())
                     ^^^^^^
  File "/global/homes/j/jackm/software/lorrax_B/src/gw/gw_jax.py", line 169, in main
    zeta_path, mem_est, transverse_wfn_data = fit_zeta(
                                              ^^^^^^^^^
  File "/global/homes/j/jackm/software/lorrax_B/src/gw/gw_init.py", line 691, in fit_zeta
    raise SystemExit(main())
                     ^^^^^^
  File "/global/homes/j/jackm/software/lorrax_B/src/gw/gw_jax.py", line 169, in main
    isdf = prepare_isdf_and_wavefunctions(
           ^^^^^^^^^^^^^^^^^^^^^^^^^^^^^^^
  File "/global/homes/j/jackm/software/lorrax_B/src/gw/gw_init.py", line 1211, in prepare_isdf_and_wavefunctions
    peak_bytes = fit_zeta_to_h5(
                 ^^^^^^^^^^^^^^^
  File "/global/homes/j/jackm/software/lorrax_B/src/common/isdf_fitting.py", line 2487, in fit_zeta_to_h5
    raise SystemExit(main())
    zeta_path, mem_est, transverse_wfn_data = fit_zeta(
                     ^^^^^^
  File "/global/homes/j/jackm/software/lorrax_B/src/gw/gw_jax.py", line 169, in main
                                              ^^^^^^^^^
  File "/global/homes/j/jackm/software/lorrax_B/src/gw/gw_init.py", line 691, in fit_zeta
    isdf = prepare_isdf_and_wavefunctions(
           ^^^^^^^^^^^^^^^^^^^^^^^^^^^^^^^
  File "/global/homes/j/jackm/software/lorrax_B/src/gw/gw_init.py", line 1211, in prepare_isdf_and_wavefunctions
    peak_bytes = fit_zeta_to_h5(
                 ^^^^^^^^^^^^^^^
  File "/global/homes/j/jackm/software/lorrax_B/src/common/isdf_fitting.py", line 2487, in fit_zeta_to_h5
    zeta_path, mem_est, transverse_wfn_data = fit_zeta(
                                              ^^^^^^^^^
  File "/global/homes/j/jackm/software/lorrax_B/src/gw/gw_init.py", line 691, in fit_zeta
    peak_bytes = fit_zeta_to_h5(
                 ^^^^^^^^^^^^^^^
  File "/global/homes/j/jackm/software/lorrax_B/src/common/isdf_fitting.py", line 2487, in fit_zeta_to_h5
    isdf = prepare_isdf_and_wavefunctions(
           ^^^^^^^^^^^^^^^^^^^^^^^^^^^^^^^
  File "/global/homes/j/jackm/software/lorrax_B/src/gw/gw_init.py", line 1211, in prepare_isdf_and_wavefunctions
    zeta_path, mem_est, transverse_wfn_data = fit_zeta(
                                              ^^^^^^^^^
  File "/global/homes/j/jackm/software/lorrax_B/src/gw/gw_init.py", line 691, in fit_zeta
    peak_bytes = fit_zeta_to_h5(
                 ^^^^^^^^^^^^^^^
  File "/global/homes/j/jackm/software/lorrax_B/src/common/isdf_fitting.py", line 2487, in fit_zeta_to_h5
    isdf = prepare_isdf_and_wavefunctions(
           ^^^^^^^^^^^^^^^^^^^^^^^^^^^^^^^
  File "/global/homes/j/jackm/software/lorrax_B/src/gw/gw_init.py", line 1211, in prepare_isdf_and_wavefunctions
    zeta_path, mem_est, transverse_wfn_data = fit_zeta(
                                              ^^^^^^^^^
  File "/global/homes/j/jackm/software/lorrax_B/src/gw/gw_init.py", line 691, in fit_zeta
    peak_bytes = fit_zeta_to_h5(
                 ^^^^^^^^^^^^^^^
  File "/global/homes/j/jackm/software/lorrax_B/src/common/isdf_fitting.py", line 2487, in fit_zeta_to_h5
    isdf = prepare_isdf_and_wavefunctions(
           ^^^^^^^^^^^^^^^^^^^^^^^^^^^^^^^
  File "/global/homes/j/jackm/software/lorrax_B/src/gw/gw_init.py", line 1211, in prepare_isdf_and_wavefunctions
    zeta_path, mem_est, transverse_wfn_data = fit_zeta(
                                              ^^^^^^^^^
  File "/global/homes/j/jackm/software/lorrax_B/src/gw/gw_init.py", line 691, in fit_zeta
    peak_bytes = fit_zeta_to_h5(
                 ^^^^^^^^^^^^^^^
  File "/global/homes/j/jackm/software/lorrax_B/src/common/isdf_fitting.py", line 2487, in fit_zeta_to_h5
    gflat_acc = accumulate_rchunk_to_gflat(
                ^^^^^^^^^^^^^^^^^^^^^^^^^^^
  File "/global/homes/j/jackm/software/lorrax_B/src/common/wfn_transforms.py", line 1113, in accumulate_rchunk_to_gflat
    gflat_acc = accumulate_rchunk_to_gflat(
                ^^^^^^^^^^^^^^^^^^^^^^^^^^^
  File "/global/homes/j/jackm/software/lorrax_B/src/common/wfn_transforms.py", line 1113, in accumulate_rchunk_to_gflat
    gflat_acc = accumulate_rchunk_to_gflat(
                ^^^^^^^^^^^^^^^^^^^^^^^^^^^
  File "/global/homes/j/jackm/software/lorrax_B/src/common/wfn_transforms.py", line 1113, in accumulate_rchunk_to_gflat
    gflat_acc = accumulate_rchunk_to_gflat(
                ^^^^^^^^^^^^^^^^^^^^^^^^^^^
  File "/global/homes/j/jackm/software/lorrax_B/src/common/wfn_transforms.py", line 1113, in accumulate_rchunk_to_gflat
    gflat_acc = accumulate_rchunk_to_gflat(
                ^^^^^^^^^^^^^^^^^^^^^^^^^^^
  File "/global/homes/j/jackm/software/lorrax_B/src/common/wfn_transforms.py", line 1113, in accumulate_rchunk_to_gflat
    return fn(rchunk, gflat_acc, r0_arg)
           ^^^^^^^^^^^^^^^^^^^^^^^^^^^^^
jaxlib.xla_extension.XlaRuntimeError: INTERNAL: RET_CHECK failure (external/xla/xla/backends/gpu/runtime/fft_thunk.cc:176) fft_plan != nullptr Failed to create cuFFT batched plan with scratch allocator
--------------------
For simplicity, JAX has removed its internal frames from the traceback of the following exception. Set JAX_TRACEBACK_FILTERING=off to include these.
    return fn(rchunk, gflat_acc, r0_arg)
           ^^^^^^^^^^^^^^^^^^^^^^^^^^^^^
jaxlib.xla_extension.XlaRuntimeError: INTERNAL: RET_CHECK failure (external/xla/xla/backends/gpu/runtime/fft_thunk.cc:176) fft_plan != nullptr Failed to create cuFFT batched plan with scratch allocator
--------------------
For simplicity, JAX has removed its internal frames from the traceback of the following exception. Set JAX_TRACEBACK_FILTERING=off to include these.
    return fn(rchunk, gflat_acc, r0_arg)
           ^^^^^^^^^^^^^^^^^^^^^^^^^^^^^
jaxlib.xla_extension.XlaRuntimeError: INTERNAL: RET_CHECK failure (external/xla/xla/backends/gpu/runtime/fft_thunk.cc:176) fft_plan != nullptr Failed to create cuFFT batched plan with scratch allocator
--------------------
For simplicity, JAX has removed its internal frames from the traceback of the following exception. Set JAX_TRACEBACK_FILTERING=off to include these.
    gflat_acc = accumulate_rchunk_to_gflat(
                ^^^^^^^^^^^^^^^^^^^^^^^^^^^
  File "/global/homes/j/jackm/software/lorrax_B/src/common/wfn_transforms.py", line 1113, in accumulate_rchunk_to_gflat
    return fn(rchunk, gflat_acc, r0_arg)
           ^^^^^^^^^^^^^^^^^^^^^^^^^^^^^
jaxlib.xla_extension.XlaRuntimeError: INTERNAL: RET_CHECK failure (external/xla/xla/backends/gpu/runtime/fft_thunk.cc:176) fft_plan != nullptr Failed to create cuFFT batched plan with scratch allocator
--------------------
For simplicity, JAX has removed its internal frames from the traceback of the following exception. Set JAX_TRACEBACK_FILTERING=off to include these.
    return fn(rchunk, gflat_acc, r0_arg)
           ^^^^^^^^^^^^^^^^^^^^^^^^^^^^^
jaxlib.xla_extension.XlaRuntimeError: INTERNAL: RET_CHECK failure (external/xla/xla/backends/gpu/runtime/fft_thunk.cc:176) fft_plan != nullptr Failed to create cuFFT batched plan with scratch allocator
--------------------
For simplicity, JAX has removed its internal frames from the traceback of the following exception. Set JAX_TRACEBACK_FILTERING=off to include these.
    return fn(rchunk, gflat_acc, r0_arg)
           ^^^^^^^^^^^^^^^^^^^^^^^^^^^^^
jaxlib.xla_extension.XlaRuntimeError: INTERNAL: RET_CHECK failure (external/xla/xla/backends/gpu/runtime/fft_thunk.cc:176) fft_plan != nullptr Failed to create cuFFT batched plan with scratch allocator
--------------------
For simplicity, JAX has removed its internal frames from the traceback of the following exception. Set JAX_TRACEBACK_FILTERING=off to include these.
srun: error: nid008657: task 15: Exited with exit code 1
srun: Terminating StepId=53075110.0
[2026-05-17T21:11:32.212] error: *** STEP 53075110.0 ON nid008596 CANCELLED AT 2026-05-17T21:11:32 DUE TO TASK FAILURE ***
srun: error: nid008600: tasks 6-7: Exited with exit code 1
srun: error: nid008645: tasks 9,11: Exited with exit code 1
srun: error: nid008600: task 5: Exited with exit code 1
srun: error: nid008596: tasks 1-3: Exited with exit code 1
srun: error: nid008645: task 8: Exited with exit code 1
srun: error: nid008657: tasks 13-14: Exited with exit code 1
srun: error: nid008600: task 4: Exited with exit code 1
srun: error: nid008596: task 0: Exited with exit code 1
srun: error: nid008657: task 12: Exited with exit code 1
srun: error: nid008645: task 10: Exited with exit code 1
