[lxrun] JID 55938480 · 1 nodes · 1:36:03 left · 1/1 free · incoming: lx-D
  1  nid001060  free   —              —      —  ← starting lx-D  python3 -m gw.gw_jax -i 

========================================================================
  COHSEX-JAX: Self-Energy Calculation
========================================================================
  Backend: GPU       Devices: 1  Mesh: 1×1  Processes: 1
  Device type: NVIDIA A100-SXM4-40GB
  XLA preallocate: false  mem_fraction: unset
========================================================================

  ISDF basis: 256 centroids
  FFT grid: 20×20×75   Cell volume: 702.20 a.u.³


  ISDF memory model — chunk plan + HWM estimate
    band_chunk    = 16
    r_chunk       = 12899  (3 chunks)
    q_chunk       = 9
    gflat_cs      = 100
    P_min (floor) = 1
    budget        = 30.00 GB/dev  (util 0.78)
    persistent    = 0.10 GB/dev
    HWM estimate  = 23.40 GB/dev (78% of budget) [binder: C_fit_one_rchunk]
    per-stage peaks (persistent + transient, GB/dev):
      C_fit_one_rchunk....   23.40 <=
      A_centroid_load.....    1.21
      D_accumulate........    0.67
      B_cct_chol..........    0.41
      E_v_q...............    0.17

  Chunked ISDF fitting:
    Band chunks: 16
    R chunks:    12899 (contiguous r-space)
    Q chunks:    9
    GFlat cs:    100
    Zeta output: /pscratch/sd/j/jackm/lorrax_sandbox/runs/MoS2/D_25Ry_bispinor_fixture_2026-07-15/tmp/zeta_q.h5
    cutoffs: zeta = 25.0 Ry, bare-Coulomb = 25.0 Ry  (ecutwfc=25.0, ecutrho=100.0)
/pscratch/sd/j/jackm/lorrax_sandbox/sources/lorrax_D/src/file_io/_slab_io_ffi.py:457: UserWarning: FFI backend: chunks/attrs on create_dataset currently no-op; pre-create with h5py if you need explicit chunking or attrs.
  warnings.warn(

  Zeta fitting: 3 r-chunks x 12899 r-points, 32 bands (30 left + 10 right)
  Output: /pscratch/sd/j/jackm/lorrax_sandbox/runs/MoS2/D_25Ry_bispinor_fixture_2026-07-15/tmp/zeta_q.h5
  Left wfns:  (9, 30, 4, 256)
  Right wfns: (9, 10, 4, 256)
  q-IBZ reduction: centroid orbit closure failed — falling back to full-BZ on disk.  Reason: compute_centroid_sym_perm: centroid orbit closure failed.  sym 1 maps centroid μ=0 (at fft_idx [12, 4, 73]) to fft_idx [12, 4, 2], which is NOT in the centroid table.  Total failures: 228 / 512.  Regenerate centroids with orbit-aware kmeans or fall back to identity-only sym.
  Computing C_q via shard_map pipeline (open-spin, charge γ̃^0=I)
  Computing L_q = chol(C_q)  [PSD, charge channel, path=sharded_cholesky]
  L_q: (9, 256, 256)
  q axis on disk: full BZ (9 q-points) (write_ibz_only=False or closure check failed)
  G-flat ζ sphere: ngkmax=1485, min ngk=1477, max ngk=1485 (4.950% of n_rtot)
  ψ(G-flat) host cache: 0.03 GB/process resident
  G-flat ζ accumulator: N=2304 rows/rank (n_q=9 × n_mu_local=256); chunk_size=100 → per-iter FFT box 0.05 GB/rank
Started zeta fitting at 08:12:32.
[ 08:12:32 | ███░░░░░░░ |  33% ] r-chunk 1 / 3 · ETA 0 s
[ 08:12:32 | ███████░░░ |  67% ] r-chunk 2 / 3 · ETA 0 s
[ 08:12:33 | ██████████ | 100% ] r-chunk 3 / 3 · ETA 0 s
Finished zeta fitting at 08:12:33.  Elapsed: 2 s.
  [SlabIO.close] draining 1 pending writes for zeta_q.h5 …
  [SlabIO.close] Python dispatch drained in 0.1 s; joining writer thread
  [SlabIO.close] writer thread joined in 0.0 s; calling H5Fclose collectively
  [SlabIO.close] H5Fclose returned in 0.0 s
  Zeta output: /pscratch/sd/j/jackm/lorrax_sandbox/runs/MoS2/D_25Ry_bispinor_fixture_2026-07-15/tmp/zeta_q.h5  shape: (n_q_disk=9 of 3·3·1=9 full-BZ, n_rtot=30000, n_rmu=256)
  Timing (3 r-chunks, 4.0s total):
    fit      3.53s  89.1%
    H5       0.42s  10.6%
    GPU high-water mark: 0.62 GB / 30.00 GB budget (2%)  [cuda_async under-reports — rerun with XLA_PYTHON_CLIENT_ALLOCATOR=default for the true peak]

  [bispinor] fitting ζ^{μ_L=1,2,3} on current-density centroids: centroids_frac_208_current.txt
  [bispinor] μ_L=1 → /pscratch/sd/j/jackm/lorrax_sandbox/runs/MoS2/D_25Ry_bispinor_fixture_2026-07-15/tmp/zeta_q_mu1.h5
/pscratch/sd/j/jackm/lorrax_sandbox/sources/lorrax_D/src/file_io/_slab_io_ffi.py:457: UserWarning: FFI backend: chunks/attrs on create_dataset currently no-op; pre-create with h5py if you need explicit chunking or attrs.
  warnings.warn(

  Zeta fitting: 3 r-chunks x 12899 r-points, 32 bands (30 left + 10 right)
  Output: /pscratch/sd/j/jackm/lorrax_sandbox/runs/MoS2/D_25Ry_bispinor_fixture_2026-07-15/tmp/zeta_q_mu1.h5
  Left wfns:  (9, 30, 4, 208)
  Right wfns: (9, 10, 4, 208)
  Computing C_q via shard_map pipeline (open-spin, transverse γ̃^1)
  Pass through C_q  [γ̃^1 indefinite — path=lu]
  L_q: (5, 208, 208)
  q-IBZ reduction: 5 IBZ q-points / 9 full-BZ (disk shrink 1.8×)
  G-flat ζ sphere: ngkmax=1485, min ngk=1477, max ngk=1485 (4.950% of n_rtot)
  ψ(G-flat) host cache: 0.03 GB/process resident
  G-flat ζ accumulator: N=1040 rows/rank (n_q=5 × n_mu_local=208); chunk_size=100 → per-iter FFT box 0.05 GB/rank
Started zeta fitting at 08:12:38.
[ 08:12:38 | ███░░░░░░░ |  33% ] r-chunk 1 / 3 · ETA 0 s
[ 08:12:38 | ███████░░░ |  67% ] r-chunk 2 / 3 · ETA 0 s
[ 08:12:40 | ██████████ | 100% ] r-chunk 3 / 3 · ETA 0 s
Finished zeta fitting at 08:12:40.  Elapsed: 2 s.
  [SlabIO.close] draining 1 pending writes for zeta_q_mu1.h5 …
  [SlabIO.close] Python dispatch drained in 0.1 s; joining writer thread
  [SlabIO.close] writer thread joined in 0.0 s; calling H5Fclose collectively
  [SlabIO.close] H5Fclose returned in 0.0 s
  Zeta output: /pscratch/sd/j/jackm/lorrax_sandbox/runs/MoS2/D_25Ry_bispinor_fixture_2026-07-15/tmp/zeta_q_mu1.h5  shape: (n_q_disk=5 of 3·3·1=9 full-BZ, n_rtot=30000, n_rmu=208)
  Timing (3 r-chunks, 3.6s total):
    fit      3.17s  87.6%
    H5       0.44s  12.2%
  [bispinor] μ_L=2 → /pscratch/sd/j/jackm/lorrax_sandbox/runs/MoS2/D_25Ry_bispinor_fixture_2026-07-15/tmp/zeta_q_mu2.h5
/pscratch/sd/j/jackm/lorrax_sandbox/sources/lorrax_D/src/file_io/_slab_io_ffi.py:457: UserWarning: FFI backend: chunks/attrs on create_dataset currently no-op; pre-create with h5py if you need explicit chunking or attrs.
  warnings.warn(

  Zeta fitting: 3 r-chunks x 12899 r-points, 32 bands (30 left + 10 right)
  Output: /pscratch/sd/j/jackm/lorrax_sandbox/runs/MoS2/D_25Ry_bispinor_fixture_2026-07-15/tmp/zeta_q_mu2.h5
  Left wfns:  (9, 30, 4, 208)
  Right wfns: (9, 10, 4, 208)
  Computing C_q via shard_map pipeline (open-spin, transverse γ̃^2)
  Pass through C_q  [γ̃^2 indefinite — path=lu]
  L_q: (5, 208, 208)
  q-IBZ reduction: 5 IBZ q-points / 9 full-BZ (disk shrink 1.8×)
  G-flat ζ sphere: ngkmax=1485, min ngk=1477, max ngk=1485 (4.950% of n_rtot)
  ψ(G-flat) host cache: 0.03 GB/process resident
  G-flat ζ accumulator: N=1040 rows/rank (n_q=5 × n_mu_local=208); chunk_size=100 → per-iter FFT box 0.05 GB/rank
Started zeta fitting at 08:12:42.
[ 08:12:42 | ███░░░░░░░ |  33% ] r-chunk 1 / 3 · ETA 0 s
[ 08:12:43 | ███████░░░ |  67% ] r-chunk 2 / 3 · ETA 0 s
[ 08:12:44 | ██████████ | 100% ] r-chunk 3 / 3 · ETA 0 s
Finished zeta fitting at 08:12:44.  Elapsed: 2 s.
  [SlabIO.close] draining 1 pending writes for zeta_q_mu2.h5 …
  [SlabIO.close] Python dispatch drained in 0.1 s; joining writer thread
  [SlabIO.close] writer thread joined in 0.0 s; calling H5Fclose collectively
  [SlabIO.close] H5Fclose returned in 0.0 s
  Zeta output: /pscratch/sd/j/jackm/lorrax_sandbox/runs/MoS2/D_25Ry_bispinor_fixture_2026-07-15/tmp/zeta_q_mu2.h5  shape: (n_q_disk=5 of 3·3·1=9 full-BZ, n_rtot=30000, n_rmu=208)
  Timing (3 r-chunks, 3.4s total):
    fit      3.06s  91.1%
    H5       0.29s   8.6%
  [bispinor] μ_L=3 → /pscratch/sd/j/jackm/lorrax_sandbox/runs/MoS2/D_25Ry_bispinor_fixture_2026-07-15/tmp/zeta_q_mu3.h5
/pscratch/sd/j/jackm/lorrax_sandbox/sources/lorrax_D/src/file_io/_slab_io_ffi.py:457: UserWarning: FFI backend: chunks/attrs on create_dataset currently no-op; pre-create with h5py if you need explicit chunking or attrs.
  warnings.warn(

  Zeta fitting: 3 r-chunks x 12899 r-points, 32 bands (30 left + 10 right)
  Output: /pscratch/sd/j/jackm/lorrax_sandbox/runs/MoS2/D_25Ry_bispinor_fixture_2026-07-15/tmp/zeta_q_mu3.h5
  Left wfns:  (9, 30, 4, 208)
  Right wfns: (9, 10, 4, 208)
  Computing C_q via shard_map pipeline (open-spin, transverse γ̃^3)
  Pass through C_q  [γ̃^3 indefinite — path=lu]
  L_q: (5, 208, 208)
  q-IBZ reduction: 5 IBZ q-points / 9 full-BZ (disk shrink 1.8×)
  G-flat ζ sphere: ngkmax=1485, min ngk=1477, max ngk=1485 (4.950% of n_rtot)
  ψ(G-flat) host cache: 0.03 GB/process resident
  G-flat ζ accumulator: N=1040 rows/rank (n_q=5 × n_mu_local=208); chunk_size=100 → per-iter FFT box 0.05 GB/rank
Started zeta fitting at 08:12:47.
[ 08:12:47 | ███░░░░░░░ |  33% ] r-chunk 1 / 3 · ETA 0 s
[ 08:12:47 | ███████░░░ |  67% ] r-chunk 2 / 3 · ETA 0 s
[ 08:12:49 | ██████████ | 100% ] r-chunk 3 / 3 · ETA 0 s
Finished zeta fitting at 08:12:49.  Elapsed: 2 s.
  [SlabIO.close] draining 1 pending writes for zeta_q_mu3.h5 …
  [SlabIO.close] Python dispatch drained in 0.1 s; joining writer thread
  [SlabIO.close] writer thread joined in 0.0 s; calling H5Fclose collectively
  [SlabIO.close] H5Fclose returned in 0.0 s
  Zeta output: /pscratch/sd/j/jackm/lorrax_sandbox/runs/MoS2/D_25Ry_bispinor_fixture_2026-07-15/tmp/zeta_q_mu3.h5  shape: (n_q_disk=5 of 3·3·1=9 full-BZ, n_rtot=30000, n_rmu=208)
  Timing (3 r-chunks, 3.4s total):
    fit      3.13s  90.9%
    H5       0.30s   8.7%
    V_q bare cutoff: 25.0 Ry
    V_q budget:    29.90 GB

  [bispinor] V_q^{μ_L,ν_L} → /pscratch/sd/j/jackm/lorrax_sandbox/runs/MoS2/D_25Ry_bispinor_fixture_2026-07-15/tmp/v_q_bispinor.h5
  [SlabIO.close] draining 0 pending writes for v_q_bispinor.h5 …
  [SlabIO.close] Python dispatch drained in 0.0 s; joining writer thread
  [SlabIO.close] writer thread joined in 0.0 s; calling H5Fclose collectively
  [SlabIO.close] H5Fclose returned in 0.0 s
  [bispinor g-flat] charge-centroid orbit closure failed — falling back to full-BZ for charge tiles.  Regenerate centroids with ``kmeans_cli --orbit-aware`` to enable the IBZ cascade.
  [bispinor g-flat] tile 1/7 (μ_L=0, ν_L=0)  n_rmu_L=256 n_rmu_R=256  same_zeta=True  use_ibz=False
  V_q g-flat [V_qmunu_CC]: n_q_ibz=9, ngkmax=1485, g_chunk=1485 (1/q), n_rmu_L=256→256, n_rmu_R=256→256, unfold=full-BZ
    [V_qmunu_CC] pre-read all 9 IBZ ζ̃ slabs (1 batched call): 0.09s
    [V_qmunu_CC] q=0/9: kernel=0.08s
    [V_qmunu_CC] q=1/9: kernel=0.00s
    [V_qmunu_CC] q=2/9: kernel=0.00s
    [V_qmunu_CC] q=3/9: kernel=0.00s
    [V_qmunu_CC] q=4/9: kernel=0.00s
    [V_qmunu_CC] q=5/9: kernel=0.00s
    [V_qmunu_CC] q=6/9: kernel=0.00s
    [V_qmunu_CC] q=7/9: kernel=0.00s
    [V_qmunu_CC] q=8/9: kernel=0.00s
  [SlabIO.close] draining 1 pending writes for v_q_bispinor.h5 …
  [SlabIO.close] Python dispatch drained in 0.0 s; joining writer thread
  [SlabIO.close] writer thread joined in 0.0 s; calling H5Fclose collectively
  [SlabIO.close] H5Fclose returned in 0.0 s
  [bispinor g-flat] tile 2/7 (μ_L=1, ν_L=1)  n_rmu_L=208 n_rmu_R=208  same_zeta=True  use_ibz=True
  V_q g-flat [V_qmunu_TT_11]: n_q_ibz=5, ngkmax=1485, g_chunk=1485 (1/q), n_rmu_L=208→208, n_rmu_R=208→208, unfold=IBZ→full
    [V_qmunu_TT_11] pre-read all 5 IBZ ζ̃ slabs (1 batched call): 0.05s
    [V_qmunu_TT_11] q=0/5: kernel=0.04s
    [V_qmunu_TT_11] q=1/5: kernel=0.00s
    [V_qmunu_TT_11] q=2/5: kernel=0.00s
    [V_qmunu_TT_11] q=3/5: kernel=0.00s
    [V_qmunu_TT_11] q=4/5: kernel=0.00s
  [bispinor g-flat] tile 3/7 (μ_L=2, ν_L=2)  n_rmu_L=208 n_rmu_R=208  same_zeta=True  use_ibz=True
  V_q g-flat [V_qmunu_TT_22]: n_q_ibz=5, ngkmax=1485, g_chunk=1485 (1/q), n_rmu_L=208→208, n_rmu_R=208→208, unfold=IBZ→full
    [V_qmunu_TT_22] pre-read all 5 IBZ ζ̃ slabs (1 batched call): 0.05s
    [V_qmunu_TT_22] q=0/5: kernel=0.00s
    [V_qmunu_TT_22] q=1/5: kernel=0.00s
    [V_qmunu_TT_22] q=2/5: kernel=0.00s
    [V_qmunu_TT_22] q=3/5: kernel=0.00s
    [V_qmunu_TT_22] q=4/5: kernel=0.00s
  [bispinor g-flat] tile 4/7 (μ_L=3, ν_L=3)  n_rmu_L=208 n_rmu_R=208  same_zeta=True  use_ibz=True
  V_q g-flat [V_qmunu_TT_33]: n_q_ibz=5, ngkmax=1485, g_chunk=1485 (1/q), n_rmu_L=208→208, n_rmu_R=208→208, unfold=IBZ→full
    [V_qmunu_TT_33] pre-read all 5 IBZ ζ̃ slabs (1 batched call): 0.04s
    [V_qmunu_TT_33] q=0/5: kernel=0.00s
    [V_qmunu_TT_33] q=1/5: kernel=0.00s
    [V_qmunu_TT_33] q=2/5: kernel=0.00s
    [V_qmunu_TT_33] q=3/5: kernel=0.00s
    [V_qmunu_TT_33] q=4/5: kernel=0.00s
  [bispinor g-flat] tile 5/7 (μ_L=1, ν_L=2)  n_rmu_L=208 n_rmu_R=208  same_zeta=False  use_ibz=True
  V_q g-flat [V_qmunu_TT_12]: n_q_ibz=5, ngkmax=1485, g_chunk=1485 (1/q), n_rmu_L=208→208, n_rmu_R=208→208, unfold=IBZ→full
    [V_qmunu_TT_12] pre-read all 5 IBZ ζ̃ slabs (1 batched call): 0.02s
    [V_qmunu_TT_12] q=0/5: kernel=0.03s
    [V_qmunu_TT_12] q=1/5: kernel=0.01s
    [V_qmunu_TT_12] q=2/5: kernel=0.00s
    [V_qmunu_TT_12] q=3/5: kernel=0.00s
    [V_qmunu_TT_12] q=4/5: kernel=0.00s
  [bispinor g-flat] tile 6/7 (μ_L=1, ν_L=3)  n_rmu_L=208 n_rmu_R=208  same_zeta=False  use_ibz=True
  V_q g-flat [V_qmunu_TT_13]: n_q_ibz=5, ngkmax=1485, g_chunk=1485 (1/q), n_rmu_L=208→208, n_rmu_R=208→208, unfold=IBZ→full
    [V_qmunu_TT_13] pre-read all 5 IBZ ζ̃ slabs (1 batched call): 0.03s
    [V_qmunu_TT_13] q=0/5: kernel=0.00s
    [V_qmunu_TT_13] q=1/5: kernel=0.00s
    [V_qmunu_TT_13] q=2/5: kernel=0.00s
    [V_qmunu_TT_13] q=3/5: kernel=0.00s
    [V_qmunu_TT_13] q=4/5: kernel=0.00s
  [bispinor g-flat] tile 7/7 (μ_L=2, ν_L=3)  n_rmu_L=208 n_rmu_R=208  same_zeta=False  use_ibz=True
  V_q g-flat [V_qmunu_TT_23]: n_q_ibz=5, ngkmax=1485, g_chunk=1485 (1/q), n_rmu_L=208→208, n_rmu_R=208→208, unfold=IBZ→full
    [V_qmunu_TT_23] pre-read all 5 IBZ ζ̃ slabs (1 batched call): 0.02s
    [V_qmunu_TT_23] q=0/5: kernel=0.00s
    [V_qmunu_TT_23] q=1/5: kernel=0.00s
    [V_qmunu_TT_23] q=2/5: kernel=0.00s
    [V_qmunu_TT_23] q=3/5: kernel=0.00s
    [V_qmunu_TT_23] q=4/5: kernel=0.00s
  [SlabIO.close] draining 1 pending writes for v_q_bispinor.h5 …
  [SlabIO.close] Python dispatch drained in 0.0 s; joining writer thread
  [SlabIO.close] writer thread joined in 0.0 s; calling H5Fclose collectively
  [SlabIO.close] H5Fclose returned in 0.0 s
  [SlabIO.close] draining 1 pending writes for v_q_bispinor.h5 …
  [SlabIO.close] Python dispatch drained in 0.0 s; joining writer thread
  [SlabIO.close] writer thread joined in 0.0 s; calling H5Fclose collectively
  [SlabIO.close] H5Fclose returned in 0.0 s
  [SlabIO.close] draining 1 pending writes for v_q_bispinor.h5 …
  [SlabIO.close] Python dispatch drained in 0.0 s; joining writer thread
  [SlabIO.close] writer thread joined in 0.0 s; calling H5Fclose collectively
  [SlabIO.close] H5Fclose returned in 0.0 s
  [SlabIO.close] draining 1 pending writes for v_q_bispinor.h5 …
  [SlabIO.close] Python dispatch drained in 0.0 s; joining writer thread
  [SlabIO.close] writer thread joined in 0.0 s; calling H5Fclose collectively
  [SlabIO.close] H5Fclose returned in 0.0 s
  [SlabIO.close] draining 1 pending writes for v_q_bispinor.h5 …
  [SlabIO.close] Python dispatch drained in 0.0 s; joining writer thread
  [SlabIO.close] writer thread joined in 0.0 s; calling H5Fclose collectively
  [SlabIO.close] H5Fclose returned in 0.0 s
  [SlabIO.close] draining 1 pending writes for v_q_bispinor.h5 …
  [SlabIO.close] Python dispatch drained in 0.0 s; joining writer thread
  [SlabIO.close] writer thread joined in 0.0 s; calling H5Fclose collectively
  [SlabIO.close] H5Fclose returned in 0.0 s
  [SlabIO.close] draining 0 pending writes for zeta_q_mu3.h5 …
  [SlabIO.close] Python dispatch drained in 0.0 s; joining writer thread
  [SlabIO.close] writer thread joined in 0.0 s; calling H5Fclose collectively
  [SlabIO.close] H5Fclose returned in 0.0 s
  [SlabIO.close] draining 0 pending writes for zeta_q_mu2.h5 …
  [SlabIO.close] Python dispatch drained in 0.0 s; joining writer thread
  [SlabIO.close] writer thread joined in 0.0 s; calling H5Fclose collectively
  [SlabIO.close] H5Fclose returned in 0.0 s
  [SlabIO.close] draining 0 pending writes for zeta_q_mu1.h5 …
  [SlabIO.close] Python dispatch drained in 0.0 s; joining writer thread
  [SlabIO.close] writer thread joined in 0.0 s; calling H5Fclose collectively
  [SlabIO.close] H5Fclose returned in 0.0 s
  [SlabIO.close] draining 0 pending writes for zeta_q.h5 …
  [SlabIO.close] Python dispatch drained in 0.0 s; joining writer thread
  [SlabIO.close] writer thread joined in 0.0 s; calling H5Fclose collectively
  [SlabIO.close] H5Fclose returned in 0.0 s
  [SlabIO.close] draining 0 pending writes for v_q_bispinor.h5 …
  [SlabIO.close] Python dispatch drained in 0.0 s; joining writer thread
  [SlabIO.close] writer thread joined in 0.0 s; calling H5Fclose collectively
  [SlabIO.close] H5Fclose returned in 0.0 s

  V_q computed:
    Shape: (9, 256, 256)
    V_q=0 trace: 16175732.5008
  [SlabIO.close] draining 0 pending writes for isdf_tensors_256.h5 …
  [SlabIO.close] Python dispatch drained in 0.0 s; joining writer thread
  [SlabIO.close] writer thread joined in 0.0 s; calling H5Fclose collectively
  [SlabIO.close] H5Fclose returned in 1.5 s
  Wavefunctions built (b0:b4=32 bands, 4 sharded copies: xn/xr/yr/yn)
  Wavefunctions built (b0:b4=32 bands, 4 sharded copies: xn/xr/yr/yn)
  [bispinor] σ^B-side Wfns built on n_rmu_T=208 transverse centroids
  [SlabIO.close] draining 1 pending writes for isdf_tensors_256.h5 …
  [SlabIO.close] Python dispatch drained in 0.1 s; joining writer thread
  [SlabIO.close] writer thread joined in 0.0 s; calling H5Fclose collectively
  [SlabIO.close] H5Fclose returned in 0.0 s
  Chunked ISDF path complete
  Minimax static window: x=[1.309251e-01, 4.633946e+00] Ry, R=35.39, nodes=9, fit_err~1.996e-06
  PPM imag-freq quadrature (ωp=2.0000 Ry): R=35.4, nodes=6, err~6.0e-06
  [SlabIO.close] draining 1 pending writes for isdf_tensors_256.h5 …
  [SlabIO.close] Python dispatch drained in 0.0 s; joining writer thread
  [SlabIO.close] writer thread joined in 0.0 s; calling H5Fclose collectively
  [SlabIO.close] H5Fclose returned in 0.0 s
  Persisted W0_qmunu + q=0 head scalars: vhead=0.000 a.u.,  whead[ω=0]=0.000 a.u.,  whead[iωp]=0.000 a.u.

------------------------------------------------------------------------
  FINITE-SIZE CORRECTIONS
------------------------------------------------------------------------
  Head source: override
  v(q→0)  =        0.000 a.u.  (bare Coulomb head)
  W(q→0)  =        0.000 a.u.  (screened Coulomb head)
  ΔW      =        0.000 a.u.  (screening correction)

------------------------------------------------------------------------
  STATIC HEAD TERMS (exact COHSEX / BGW-style)
------------------------------------------------------------------------
  Head source: override
  v_h(q→0)           =     0.000000 a.u.
  W_h(q→0, ω=0)      =     0.000000 a.u.
  W_h^c              =     0.000000 a.u.
  Σ^X head (occ)     = 0.000000e+00 Ry
  Σ^SX head (occ)    = 0.000000e+00 Ry
  Σ^(SX-X) head(occ) = 0.000000e+00 Ry
  Σ^COH head (all)   = 0.000000e+00 Ry
  Σ^B tile (μ_L=1, ν_L=1): tr Σ = -0.145800 eV
  Σ^B tile (μ_L=1, ν_L=2): tr Σ = -0.011603 eV
  Σ^B tile (μ_L=1, ν_L=3): tr Σ = -0.011747 eV
  Σ^B tile (μ_L=2, ν_L=1): tr Σ = -0.011603 eV
  Σ^B tile (μ_L=2, ν_L=2): tr Σ = -0.146081 eV
  Σ^B tile (μ_L=2, ν_L=3): tr Σ = -0.011725 eV
  Σ^B tile (μ_L=3, ν_L=1): tr Σ = -0.011747 eV
  Σ^B tile (μ_L=3, ν_L=2): tr Σ = -0.011725 eV
  Σ^B tile (μ_L=3, ν_L=3): tr Σ = -0.137433 eV
  [SlabIO.close] draining 0 pending writes for v_q_bispinor.h5 …
  [SlabIO.close] Python dispatch drained in 0.0 s; joining writer thread
  [SlabIO.close] writer thread joined in 0.0 s; calling H5Fclose collectively
  [SlabIO.close] H5Fclose returned in 0.0 s

------------------------------------------------------------------------
  GN-PPM + FREQUENCY-INTEGRATED SIGMA
------------------------------------------------------------------------
  GN-PPM fit: 0.29s, iωp=2.0000 Ry, unfulfilled=3.16%
[pf] ▶ sigma_ppm
  Σc(ω) grid: -4.000..4.000 eV, Nω=9, Δω=1.000 eV, ξ=0.250 eV
  GN invalid modes: 18614/589824 (3.16%)
  GN invalid modes per q: min=1182 max=4764 counts=[1666 1272 1272 1256 4764 1182 1256 1182 4764]
  GN invalid modes → static COHSEX: max|Σ_static| = 0.1329 eV (diag max 0.1329 eV)
    ω≥E_F cond window "core" (crossing): 48 nodes, err<1e-06, E_A=[0.0655, 0.2005] Ry, project=imag
    ω≥E_F cond window "b_slab" (Laplace): 12 nodes, err<1e-06, E_A=[0.0655, 0.2005] Ry, project=full
Started sigma[ω≥E_F cond] at 08:14:21.
[ 08:14:21 | ░░░░░░░░░░ |   2% ] tau node  1 / 60 · ETA 0 s
[ 08:14:21 | █░░░░░░░░░ |  13% ] tau node  8 / 60 · ETA 0 s
[ 08:14:21 | ██░░░░░░░░ |  23% ] tau node 14 / 60 · ETA 0 s
[ 08:14:21 | ████░░░░░░ |  35% ] tau node 21 / 60 · ETA 0 s
[ 08:14:21 | ████░░░░░░ |  45% ] tau node 27 / 60 · ETA 0 s
[ 08:14:21 | ██████░░░░ |  57% ] tau node 34 / 60 · ETA 0 s
[ 08:14:21 | ███████░░░ |  67% ] tau node 40 / 60 · ETA 0 s
[ 08:14:22 | ████████░░ |  78% ] tau node 47 / 60 · ETA 0 s
[ 08:14:22 | █████████░ |  88% ] tau node 53 / 60 · ETA 0 s
[ 08:14:22 | ██████████ | 100% ] tau node 60 / 60 · ETA 0 s
Finished sigma[ω≥E_F cond] at 08:14:22.  Elapsed: 0 s.
    ω≥E_F val window "single" (Laplace): 12 nodes, err<1e-06, E_A=[0.0655, 4.4334] Ry, project=full
Started sigma[ω≥E_F val] at 08:14:22.
[ 08:14:22 | █░░░░░░░░░ |   8% ] tau node  1 / 12 · ETA 0 s
[ 08:14:22 | ██░░░░░░░░ |  17% ] tau node  2 / 12 · ETA 0 s
[ 08:14:22 | ██░░░░░░░░ |  25% ] tau node  3 / 12 · ETA 0 s
[ 08:14:22 | ████░░░░░░ |  42% ] tau node  5 / 12 · ETA 0 s
[ 08:14:22 | █████░░░░░ |  50% ] tau node  6 / 12 · ETA 0 s
[ 08:14:22 | ██████░░░░ |  58% ] tau node  7 / 12 · ETA 0 s
[ 08:14:22 | ███████░░░ |  67% ] tau node  8 / 12 · ETA 0 s
[ 08:14:22 | ████████░░ |  83% ] tau node 10 / 12 · ETA 0 s
[ 08:14:22 | █████████░ |  92% ] tau node 11 / 12 · ETA 0 s
[ 08:14:22 | ██████████ | 100% ] tau node 12 / 12 · ETA 0 s
Finished sigma[ω≥E_F val] at 08:14:22.  Elapsed: 0 s.
    ω<E_F cond window "single" (Laplace): 12 nodes, err<1e-06, E_A=[0.0655, 0.2005] Ry, project=full
Started sigma[ω<E_F cond] at 08:14:22.
[ 08:14:22 | █░░░░░░░░░ |   8% ] tau node  1 / 12 · ETA 0 s
[ 08:14:22 | ██░░░░░░░░ |  17% ] tau node  2 / 12 · ETA 0 s
[ 08:14:22 | ██░░░░░░░░ |  25% ] tau node  3 / 12 · ETA 0 s
[ 08:14:22 | ████░░░░░░ |  42% ] tau node  5 / 12 · ETA 0 s
[ 08:14:22 | █████░░░░░ |  50% ] tau node  6 / 12 · ETA 0 s
[ 08:14:22 | ██████░░░░ |  58% ] tau node  7 / 12 · ETA 0 s
[ 08:14:22 | ███████░░░ |  67% ] tau node  8 / 12 · ETA 0 s
[ 08:14:22 | ████████░░ |  83% ] tau node 10 / 12 · ETA 0 s
[ 08:14:22 | █████████░ |  92% ] tau node 11 / 12 · ETA 0 s
[ 08:14:22 | ██████████ | 100% ] tau node 12 / 12 · ETA 0 s
Finished sigma[ω<E_F cond] at 08:14:22.  Elapsed: 0 s.
    ω<E_F val window "core" (crossing): 48 nodes, err<1e-06, E_A=[0.0655, 0.2959] Ry, project=imag
    ω<E_F val window "a_stripe" (Laplace): 10 nodes, err<1e-06, E_A=[0.3339, 4.4334] Ry, project=full
    ω<E_F val window "b_slab" (Laplace): 12 nodes, err<1e-06, E_A=[0.0655, 4.4334] Ry, project=full
Started sigma[ω<E_F val] at 08:14:22.
[ 08:14:22 | ░░░░░░░░░░ |   1% ] tau node  1 / 70 · ETA 0 s
[ 08:14:22 | █░░░░░░░░░ |  13% ] tau node  9 / 70 · ETA 0 s
[ 08:14:22 | ██░░░░░░░░ |  23% ] tau node 16 / 70 · ETA 0 s
[ 08:14:22 | ███░░░░░░░ |  34% ] tau node 24 / 70 · ETA 0 s
[ 08:14:22 | █████░░░░░ |  46% ] tau node 32 / 70 · ETA 0 s
[ 08:14:22 | ██████░░░░ |  56% ] tau node 39 / 70 · ETA 0 s
[ 08:14:22 | ███████░░░ |  67% ] tau node 47 / 70 · ETA 0 s
[ 08:14:22 | ████████░░ |  79% ] tau node 55 / 70 · ETA 0 s
[ 08:14:22 | █████████░ |  89% ] tau node 62 / 70 · ETA 0 s
[ 08:14:22 | ██████████ | 100% ] tau node 70 / 70 · ETA 0 s
Finished sigma[ω<E_F val] at 08:14:22.  Elapsed: 0 s.
[pf] ■ sigma_ppm  1.177s

------------------------------------------------------------------------
  HEAD CORRECTION (scalar GN, separate from ISDF body)
------------------------------------------------------------------------
  v(q→0)             =        0.000 a.u.
  W^c(q→0, ω=0)      =        0.000 a.u.
  W^c(q→0, ω=iωp)    =        0.000 a.u.  [ωp=2.0000 Ry]
  Ω_h²               =     1.000000 Ry²
  Ω_h                =     1.000000 Ry  (13.605698 eV)
  B_h                =     0.000000 Ry² · a.u.
  R_h                =     0.000000 Ry · a.u.
  R_h / (Ω_h · vol)  = 0.000000e+00 (Ry)
  Σ_c head shift: max|Σ^head_diag| = 0.0000 eV (on-shell occ band → -0.0000 eV)
  E_F(midgap) = -4.343619 eV  (VBM=-5.234282, CBM=-3.452956)
/pscratch/sd/j/jackm/lorrax_sandbox/sources/lorrax_D/src/file_io/_slab_io_ffi.py:457: UserWarning: FFI backend: chunks/attrs on create_dataset currently no-op; pre-create with h5py if you need explicit chunking or attrs.
  warnings.warn(
  [SlabIO.close] draining 1 pending writes for sigma_mnk.h5 …
  [SlabIO.close] Python dispatch drained in 0.0 s; joining writer thread
  [SlabIO.close] writer thread joined in 0.0 s; calling H5Fclose collectively
  [SlabIO.close] H5Fclose returned in 0.0 s
  QSGW: 164 clipped (60.7%)
  Bare Σ_X diagonal (eV), k=0: -35.8625  -35.8625  -30.4612  -30.4612  -29.7853  -29.7853  -29.6774  -29.6774
  [SlabIO.close] draining 0 pending writes for kin_ion.h5 …
  [SlabIO.close] Python dispatch drained in 0.0 s; joining writer thread
  [SlabIO.close] writer thread joined in 0.0 s; calling H5Fclose collectively
  [SlabIO.close] H5Fclose returned in 0.0 s
  QP solver: one_shot_dft — QSGW build evaluated at E_DFT (standard G0W0)
  QP WFN (one-shot): /pscratch/sd/j/jackm/lorrax_sandbox/runs/MoS2/D_25Ry_bispinor_fixture_2026-07-15/WFN_qp.h5
  G0W0 diag (E_DFT):     /pscratch/sd/j/jackm/lorrax_sandbox/runs/MoS2/D_25Ry_bispinor_fixture_2026-07-15/eqp_g0w0.dat

  Sigma diag:   /pscratch/sd/j/jackm/lorrax_sandbox/runs/MoS2/D_25Ry_bispinor_fixture_2026-07-15/sigma_diag_bispinor_test.dat
  BGW eqp0:     /pscratch/sd/j/jackm/lorrax_sandbox/runs/MoS2/D_25Ry_bispinor_fixture_2026-07-15/eqp0.dat
  BGW eqp1:     /pscratch/sd/j/jackm/lorrax_sandbox/runs/MoS2/D_25Ry_bispinor_fixture_2026-07-15/eqp1.dat
  Sigma(ω):     /pscratch/sd/j/jackm/lorrax_sandbox/runs/MoS2/D_25Ry_bispinor_fixture_2026-07-15/sigma_mnk.h5
  Restart:      /pscratch/sd/j/jackm/lorrax_sandbox/runs/MoS2/D_25Ry_bispinor_fixture_2026-07-15/tmp/isdf_tensors_256.h5

--- Timing ---
Total recorded: 28.979 s
Section                                            Count    Total[s]     Self[s]      %
gw_jax.load_centroid_wfns                              1       0.762       0.040    2.6
  load_centroids.loader_load                           1       0.180       0.180    0.6
  load_centroids.gflat_to_rmu                          1       0.524       0.524    1.8
  load_centroids.reshard                               1       0.017       0.017    0.1
gw_jax.zeta_fit_chunked                                1       6.236       1.468   21.5
  zeta_fit.slice_halves                                1       0.148       0.148    0.5
  zeta_fit.CCT                                         1       0.128       0.128    0.4
  zeta_fit.cholesky                                    1       0.182       0.182    0.6
  zeta_fit.gc_pre_chunk_loop                           1       0.081       0.081    0.3
  zeta_fit.write_headers                               1       0.022       0.022    0.1
  zeta_fit.open_file                                   1       0.011       0.011    0.0
  psi_G_store.populate.loader_load                     2       0.046       0.046    0.2
  psi_G_store.populate.shard_to_host                   2       0.010       0.010    0.0
  zeta_fit.chunk_loop                                  1       3.954       0.000   13.6
    zeta_fit.chunk.fit_one_rchunk                      3       3.535       0.056   12.2
      zeta_fit.chunk.z_q_build                         3       3.303       3.303   11.4
      zeta_fit.chunk.solve                             3       0.176       0.176    0.6
    zeta_fit.chunk.h5_write                            3       0.419       0.419    1.4
  zeta_fit.write_g_flat                                1       0.051       0.051    0.2
  zeta_fit.close_io                                    1       0.135       0.135    0.5
  zeta_fit.sync_global                                 1       0.000       0.000    0.0
gw_jax.load_centroid_wfns_current                      1       0.360       0.045    1.2
  load_centroids.loader_load                           1       0.052       0.052    0.2
  load_centroids.gflat_to_rmu                          1       0.250       0.250    0.9
  load_centroids.reshard                               1       0.013       0.013    0.0
gw_jax.zeta_fit_chunked_mu1                            1       6.270       0.452   21.6
  zeta_fit.slice_halves                                1       0.107       0.107    0.4
  zeta_fit.CCT                                         1       0.154       0.154    0.5
  zeta_fit.cholesky                                    1       0.000       0.000    0.0
  zeta_fit.trace_L_q                                   1       0.009       0.009    0.0
  zeta_fit.gc_pre_chunk_loop                           1       0.081       0.081    0.3
  zeta_fit.write_headers                               1       1.615       1.615    5.6
  zeta_fit.open_file                                   1       0.004       0.004    0.0
  psi_G_store.populate.loader_load                     2       0.093       0.093    0.3
  psi_G_store.populate.shard_to_host                   2       0.014       0.014    0.0
  zeta_fit.chunk_loop                                  1       3.614       0.000   12.5
    zeta_fit.chunk.fit_one_rchunk                      3       3.173       0.040   11.0
      zeta_fit.chunk.z_q_build                         3       2.874       2.874    9.9
      zeta_fit.chunk.solve                             3       0.260       0.260    0.9
    zeta_fit.chunk.h5_write                            3       0.441       0.441    1.5
  zeta_fit.write_g_flat                                1       0.057       0.057    0.2
  zeta_fit.close_io                                    1       0.069       0.069    0.2
  zeta_fit.sync_global                                 1       0.000       0.000    0.0
gw_jax.zeta_fit_chunked_mu2                            1       4.253       0.402   14.7
  zeta_fit.slice_halves                                1       0.091       0.091    0.3
  zeta_fit.CCT                                         1       0.092       0.092    0.3
  zeta_fit.cholesky                                    1       0.000       0.000    0.0
  zeta_fit.trace_L_q                                   1       0.009       0.009    0.0
  zeta_fit.gc_pre_chunk_loop                           1       0.093       0.093    0.3
  zeta_fit.write_headers                               1       0.013       0.013    0.0
  zeta_fit.open_file                                   1       0.003       0.003    0.0
  psi_G_store.populate.loader_load                     2       0.063       0.063    0.2
  psi_G_store.populate.shard_to_host                   2       0.011       0.011    0.0
  zeta_fit.chunk_loop                                  1       3.351       0.000   11.6
    zeta_fit.chunk.fit_one_rchunk                      3       3.061       0.044   10.6
      zeta_fit.chunk.z_q_build                         3       2.780       2.780    9.6
      zeta_fit.chunk.solve                             3       0.237       0.237    0.8
    zeta_fit.chunk.h5_write                            3       0.290       0.290    1.0
  zeta_fit.write_g_flat                                1       0.053       0.053    0.2
  zeta_fit.close_io                                    1       0.072       0.072    0.2
  zeta_fit.sync_global                                 1       0.000       0.000    0.0
gw_jax.zeta_fit_chunked_mu3                            1       4.048       0.099   14.0
  zeta_fit.slice_halves                                1       0.113       0.113    0.4
  zeta_fit.CCT                                         1       0.117       0.117    0.4
  zeta_fit.cholesky                                    1       0.000       0.000    0.0
  zeta_fit.trace_L_q                                   1       0.012       0.012    0.0
  zeta_fit.gc_pre_chunk_loop                           1       0.079       0.079    0.3
  zeta_fit.write_headers                               1       0.013       0.013    0.0
  zeta_fit.open_file                                   1       0.003       0.003    0.0
  psi_G_store.populate.loader_load                     2       0.050       0.050    0.2
  psi_G_store.populate.shard_to_host                   2       0.011       0.011    0.0
  zeta_fit.chunk_loop                                  1       3.426       0.000   11.8
    zeta_fit.chunk.fit_one_rchunk                      3       3.127       0.039   10.8
      zeta_fit.chunk.z_q_build                         3       2.832       2.832    9.8
      zeta_fit.chunk.solve                             3       0.257       0.257    0.9
    zeta_fit.chunk.h5_write                            3       0.298       0.298    1.0
  zeta_fit.write_g_flat                                1       0.052       0.052    0.2
  zeta_fit.close_io                                    1       0.072       0.072    0.2
  zeta_fit.sync_global                                 1       0.000       0.000    0.0
gw_jax.V_q_compute                                     1       4.104       4.104   14.2
gw_jax.wavefunction_setup                              1       0.072       0.072    0.2
gw_jax.chi0_W                                          1       0.345       0.000    1.2
  chi.compile                                          1       0.126       0.126    0.4
  chi.exec                                             1       0.064       0.064    0.2
  W.compile                                            1       0.054       0.054    0.2
  W.exec                                               1       0.100       0.100    0.3
gw_jax.sigma                                           1       2.528       0.705    8.7
  gw_jax.ppm_sigma                                     1       1.823       0.502    6.3
    sigma.compile                                      1       0.136       0.136    0.5
    sigma.exec                                         1       1.185       1.185    4.1
