Fri May  8 05:19:41 PM PDT 2026
[lxrun] JID 52728775 · 4 nodes · 3:52:05 left · 4/4 free · incoming: lx-A
  1  nid001120  free   —              —      —  ← starting lx-A  python3 -u /pscratch/sd/
  2  nid001121  free   —              —      —  ← starting lx-A  python3 -u /pscratch/sd/
  3  nid001124  free   —              —      —  ← starting lx-A  python3 -u /pscratch/sd/
  4  nid001241  free   —              —      —  ← starting lx-A  python3 -u /pscratch/sd/
2026-05-08 17:19:53.180924: E external/xla/xla/python/profiler/internal/python_hooks.cc:412] Can't import tensorflow.python.profiler.trace
2026-05-08 17:19:53.182758: E external/xla/xla/python/profiler/internal/python_hooks.cc:412] Can't import tensorflow.python.profiler.trace
2026-05-08 17:19:53.182932: E external/xla/xla/python/profiler/internal/python_hooks.cc:412] Can't import tensorflow.python.profiler.trace
2026-05-08 17:19:53.182939: E external/xla/xla/python/profiler/internal/python_hooks.cc:412] Can't import tensorflow.python.profiler.trace
2026-05-08 17:19:53.188671: E external/xla/xla/python/profiler/internal/python_hooks.cc:412] Can't import tensorflow.python.profiler.trace
2026-05-08 17:19:53.189080: E external/xla/xla/python/profiler/internal/python_hooks.cc:412] Can't import tensorflow.python.profiler.trace
2026-05-08 17:19:53.190736: E external/xla/xla/python/profiler/internal/python_hooks.cc:412] Can't import tensorflow.python.profiler.trace
2026-05-08 17:19:53.191310: E external/xla/xla/python/profiler/internal/python_hooks.cc:412] Can't import tensorflow.python.profiler.trace
2026-05-08 17:19:53.202590: E external/xla/xla/python/profiler/internal/python_hooks.cc:412] Can't import tensorflow.python.profiler.trace
2026-05-08 17:19:53.213153: E external/xla/xla/python/profiler/internal/python_hooks.cc:412] Can't import tensorflow.python.profiler.trace
2026-05-08 17:19:53.221908: E external/xla/xla/python/profiler/internal/python_hooks.cc:412] Can't import tensorflow.python.profiler.trace
[pf] ▶ run_module:gw.gw_jax
[pf] ▶ run_module:gw.gw_jax
[pf] ▶ run_module:gw.gw_jax
[pf] ▶ run_module:gw.gw_jax
[pf] ▶ run_module:gw.gw_jax
[pf] ▶ run_module:gw.gw_jax
2026-05-08 17:19:53.236368: E external/xla/xla/python/profiler/internal/python_hooks.cc:412] Can't import tensorflow.python.profiler.trace
2026-05-08 17:19:53.238675: E external/xla/xla/python/profiler/internal/python_hooks.cc:412] Can't import tensorflow.python.profiler.trace
2026-05-08 17:19:53.240520: E external/xla/xla/python/profiler/internal/python_hooks.cc:412] Can't import tensorflow.python.profiler.trace
2026-05-08 17:19:53.241255: E external/xla/xla/python/profiler/internal/python_hooks.cc:412] Can't import tensorflow.python.profiler.trace
[pf] ▶ run_module:gw.gw_jax
[pf] ▶ run_module:gw.gw_jax
[pf] ▶ run_module:gw.gw_jax
2026-05-08 17:19:53.268622: E external/xla/xla/python/profiler/internal/python_hooks.cc:412] Can't import tensorflow.python.profiler.trace
[pf] ▶ run_module:gw.gw_jax
[pf] ▶ run_module:gw.gw_jax
[pf] ▶ run_module:gw.gw_jax
[pf] ▶ run_module:gw.gw_jax
[pf] ▶ run_module:gw.gw_jax
[pf] ▶ run_module:gw.gw_jax
[pf] ▶ run_module:gw.gw_jax

========================================================================
  COHSEX-JAX: Self-Energy Calculation
========================================================================
  Backend: GPU       Devices: 16  Mesh: 4×4  Processes: 16
  Device type: NVIDIA A100-SXM4-40GB
  XLA preallocate: false  mem_fraction: unset
========================================================================

/global/u2/j/jackm/software/lorrax_A/src/common/symmetry_maps.py:324: UserWarning: SymMaps: 6/16 full-BZ k-points require time-reversal symmetry for unfolding. Non-symmorphic phases are NOT applied for these k-points. Use noinv=.true. in QE to avoid this.
  warnings.warn(
/global/u2/j/jackm/software/lorrax_A/src/common/symmetry_maps.py:324: UserWarning: SymMaps: 6/16 full-BZ k-points require time-reversal symmetry for unfolding. Non-symmorphic phases are NOT applied for these k-points. Use noinv=.true. in QE to avoid this.
  warnings.warn(
/global/u2/j/jackm/software/lorrax_A/src/common/symmetry_maps.py:324: UserWarning: SymMaps: 6/16 full-BZ k-points require time-reversal symmetry for unfolding. Non-symmorphic phases are NOT applied for these k-points. Use noinv=.true. in QE to avoid this.
  warnings.warn(
/global/u2/j/jackm/software/lorrax_A/src/common/symmetry_maps.py:324: UserWarning: SymMaps: 6/16 full-BZ k-points require time-reversal symmetry for unfolding. Non-symmorphic phases are NOT applied for these k-points. Use noinv=.true. in QE to avoid this.
  warnings.warn(
/global/u2/j/jackm/software/lorrax_A/src/common/symmetry_maps.py:324: UserWarning: SymMaps: 6/16 full-BZ k-points require time-reversal symmetry for unfolding. Non-symmorphic phases are NOT applied for these k-points. Use noinv=.true. in QE to avoid this.
  warnings.warn(
/global/u2/j/jackm/software/lorrax_A/src/common/symmetry_maps.py:324: UserWarning: SymMaps: 6/16 full-BZ k-points require time-reversal symmetry for unfolding. Non-symmorphic phases are NOT applied for these k-points. Use noinv=.true. in QE to avoid this.
  warnings.warn(
  ISDF basis: 640 centroids
  FFT grid: 24×24×80   Cell volume: 702.20 a.u.³

/global/u2/j/jackm/software/lorrax_A/src/common/symmetry_maps.py:324: UserWarning: SymMaps: 6/16 full-BZ k-points require time-reversal symmetry for unfolding. Non-symmorphic phases are NOT applied for these k-points. Use noinv=.true. in QE to avoid this.
  warnings.warn(
/global/u2/j/jackm/software/lorrax_A/src/common/symmetry_maps.py:324: UserWarning: SymMaps: 6/16 full-BZ k-points require time-reversal symmetry for unfolding. Non-symmorphic phases are NOT applied for these k-points. Use noinv=.true. in QE to avoid this.
  warnings.warn(
/global/u2/j/jackm/software/lorrax_A/src/common/symmetry_maps.py:324: UserWarning: SymMaps: 6/16 full-BZ k-points require time-reversal symmetry for unfolding. Non-symmorphic phases are NOT applied for these k-points. Use noinv=.true. in QE to avoid this.
  warnings.warn(
/global/u2/j/jackm/software/lorrax_A/src/common/symmetry_maps.py:324: UserWarning: SymMaps: 6/16 full-BZ k-points require time-reversal symmetry for unfolding. Non-symmorphic phases are NOT applied for these k-points. Use noinv=.true. in QE to avoid this.
  warnings.warn(
/global/u2/j/jackm/software/lorrax_A/src/common/symmetry_maps.py:324: UserWarning: SymMaps: 6/16 full-BZ k-points require time-reversal symmetry for unfolding. Non-symmorphic phases are NOT applied for these k-points. Use noinv=.true. in QE to avoid this.
  warnings.warn(
/global/u2/j/jackm/software/lorrax_A/src/common/symmetry_maps.py:324: UserWarning: SymMaps: 6/16 full-BZ k-points require time-reversal symmetry for unfolding. Non-symmorphic phases are NOT applied for these k-points. Use noinv=.true. in QE to avoid this.
  warnings.warn(
/global/u2/j/jackm/software/lorrax_A/src/common/symmetry_maps.py:324: UserWarning: SymMaps: 6/16 full-BZ k-points require time-reversal symmetry for unfolding. Non-symmorphic phases are NOT applied for these k-points. Use noinv=.true. in QE to avoid this.
  warnings.warn(
/global/u2/j/jackm/software/lorrax_A/src/common/symmetry_maps.py:324: UserWarning: SymMaps: 6/16 full-BZ k-points require time-reversal symmetry for unfolding. Non-symmorphic phases are NOT applied for these k-points. Use noinv=.true. in QE to avoid this.
  warnings.warn(
/global/u2/j/jackm/software/lorrax_A/src/common/symmetry_maps.py:324: UserWarning: SymMaps: 6/16 full-BZ k-points require time-reversal symmetry for unfolding. Non-symmorphic phases are NOT applied for these k-points. Use noinv=.true. in QE to avoid this.
  warnings.warn(
/global/u2/j/jackm/software/lorrax_A/src/common/symmetry_maps.py:324: UserWarning: SymMaps: 6/16 full-BZ k-points require time-reversal symmetry for unfolding. Non-symmorphic phases are NOT applied for these k-points. Use noinv=.true. in QE to avoid this.
  warnings.warn(
WARNING:2026-05-08 17:19:59,033:jax._src.compilation_cache:265: Writing jit__local_fft to persistent compilation cache with key 'jit__local_fft-203467d87c866d4a48ba6924bd73fd7f9ce3976fa9d0bcc35709a827869e0841'
WARNING:jax._src.compilation_cache:Writing jit__local_fft to persistent compilation cache with key 'jit__local_fft-203467d87c866d4a48ba6924bd73fd7f9ce3976fa9d0bcc35709a827869e0841'
WARNING:2026-05-08 17:19:59,164:jax._src.compilation_cache:265: Writing jit_broadcast_in_dim to persistent compilation cache with key 'jit_broadcast_in_dim-b341984416878dead4545c631a0863ed22719535fd5ca1b08628db10066bd0dc'
WARNING:jax._src.compilation_cache:Writing jit_broadcast_in_dim to persistent compilation cache with key 'jit_broadcast_in_dim-b341984416878dead4545c631a0863ed22719535fd5ca1b08628db10066bd0dc'
WARNING:2026-05-08 17:19:59,223:jax._src.compilation_cache:265: Writing jit_broadcast_in_dim to persistent compilation cache with key 'jit_broadcast_in_dim-5ea93945d938441257394fda03e16d8dc4d3c18f36bbbbd82d5800e5d963a9a2'
WARNING:jax._src.compilation_cache:Writing jit_broadcast_in_dim to persistent compilation cache with key 'jit_broadcast_in_dim-5ea93945d938441257394fda03e16d8dc4d3c18f36bbbbd82d5800e5d963a9a2'
WARNING:2026-05-08 17:19:59,257:jax._src.compilation_cache:265: Writing jit__identity_fn to persistent compilation cache with key 'jit__identity_fn-8eab81b706e09ccf0fcc9358e1f3f61d943b922917edde4be9873507d99dddb1'
WARNING:jax._src.compilation_cache:Writing jit__identity_fn to persistent compilation cache with key 'jit__identity_fn-8eab81b706e09ccf0fcc9358e1f3f61d943b922917edde4be9873507d99dddb1'
WARNING:2026-05-08 17:19:59,319:jax._src.compilation_cache:265: Writing jit__multi_slice to persistent compilation cache with key 'jit__multi_slice-69445debaff008e9838431c918fec8e92abbabd2820acd8eddbc753add6cd311'
WARNING:jax._src.compilation_cache:Writing jit__multi_slice to persistent compilation cache with key 'jit__multi_slice-69445debaff008e9838431c918fec8e92abbabd2820acd8eddbc753add6cd311'
WARNING:2026-05-08 17:19:59,353:jax._src.compilation_cache:265: Writing jit__identity_fn to persistent compilation cache with key 'jit__identity_fn-9fbd4eb2afedcc69b528377472dca4d922a00384b23973584bb12a9c72f6cf45'
WARNING:jax._src.compilation_cache:Writing jit__identity_fn to persistent compilation cache with key 'jit__identity_fn-9fbd4eb2afedcc69b528377472dca4d922a00384b23973584bb12a9c72f6cf45'
WARNING:2026-05-08 17:19:59,416:jax._src.compilation_cache:265: Writing jit__multi_slice to persistent compilation cache with key 'jit__multi_slice-7018fc23db822ad306b646c9ff15d2346de211e3336262421616d710a1b153d8'
WARNING:jax._src.compilation_cache:Writing jit__multi_slice to persistent compilation cache with key 'jit__multi_slice-7018fc23db822ad306b646c9ff15d2346de211e3336262421616d710a1b153d8'
WARNING:2026-05-08 17:19:59,805:jax._src.compilation_cache:265: Writing jit__fft_gather_reshard to persistent compilation cache with key 'jit__fft_gather_reshard-b28d773c0cd8f42bbc6567d5586182d1d2dfb617a90f7a004b10fd65e629177f'
WARNING:jax._src.compilation_cache:Writing jit__fft_gather_reshard to persistent compilation cache with key 'jit__fft_gather_reshard-b28d773c0cd8f42bbc6567d5586182d1d2dfb617a90f7a004b10fd65e629177f'
WARNING:2026-05-08 17:20:01,657:jax._src.compilation_cache:265: Writing jit__squeeze to persistent compilation cache with key 'jit__squeeze-3181a15dd36837efa9cd1c5b82ac2e16ed732d22f996ab57084c818abb364576'
WARNING:jax._src.compilation_cache:Writing jit__squeeze to persistent compilation cache with key 'jit__squeeze-3181a15dd36837efa9cd1c5b82ac2e16ed732d22f996ab57084c818abb364576'
WARNING:2026-05-08 17:20:01,709:jax._src.compilation_cache:265: Writing jit_scatter to persistent compilation cache with key 'jit_scatter-7c82d5b84cf05999ba73766ae85ddef65252cc55e6152a80e1b154199f3bf746'
WARNING:jax._src.compilation_cache:Writing jit_scatter to persistent compilation cache with key 'jit_scatter-7c82d5b84cf05999ba73766ae85ddef65252cc55e6152a80e1b154199f3bf746'
WARNING:2026-05-08 17:20:01,779:jax._src.compilation_cache:265: Writing jit__squeeze to persistent compilation cache with key 'jit__squeeze-a2bf399babc7fb856e7e218d1c0f73b129bfa6a1f6f54cef8eaf7ccb83eab29c'
WARNING:jax._src.compilation_cache:Writing jit__squeeze to persistent compilation cache with key 'jit__squeeze-a2bf399babc7fb856e7e218d1c0f73b129bfa6a1f6f54cef8eaf7ccb83eab29c'
WARNING:2026-05-08 17:20:01,826:jax._src.compilation_cache:265: Writing jit_scatter to persistent compilation cache with key 'jit_scatter-0fc70c0cc8ed07c0bfed4781a4f9e483eb89f9c395d76d9932af5251f0e05a70'
WARNING:jax._src.compilation_cache:Writing jit_scatter to persistent compilation cache with key 'jit_scatter-0fc70c0cc8ed07c0bfed4781a4f9e483eb89f9c395d76d9932af5251f0e05a70'
    Memory estimate: peak 16.08 GB (budget 28.00 GB), bottleneck=zct
    Per-stage: fft=1.92  zct=2.39  reshard=1.45  solve=1.06  gather=1.48 GB

  Zeta fitting: 1 r-chunks x 46080 r-points, 80 bands (80 left + 80 right)
  Output: /pscratch/sd/j/jackm/lorrax_sandbox/runs/MoS2/01_mos2_4x4_cohsex_gnppm/A_phase0_hlo_chi0w_2026-05-08/tmp/zeta_q.h5
  Left wfns:  (16, 80, 2, 640)
  Right wfns: (16, 80, 2, 640)

  Zeta fitting: 1 r-chunks x 46080 r-points, 80 bands (80 left + 80 right)
  Output: /pscratch/sd/j/jackm/lorrax_sandbox/runs/MoS2/01_mos2_4x4_cohsex_gnppm/A_phase0_hlo_chi0w_2026-05-08/tmp/zeta_q.h5
  Left wfns:  (16, 80, 2, 640)
  Right wfns: (16, 80, 2, 640)

  Zeta fitting: 1 r-chunks x 46080 r-points, 80 bands (80 left + 80 right)
  Output: /pscratch/sd/j/jackm/lorrax_sandbox/runs/MoS2/01_mos2_4x4_cohsex_gnppm/A_phase0_hlo_chi0w_2026-05-08/tmp/zeta_q.h5
  Left wfns:  (16, 80, 2, 640)
  Right wfns: (16, 80, 2, 640)

  Zeta fitting: 1 r-chunks x 46080 r-points, 80 bands (80 left + 80 right)
  Output: /pscratch/sd/j/jackm/lorrax_sandbox/runs/MoS2/01_mos2_4x4_cohsex_gnppm/A_phase0_hlo_chi0w_2026-05-08/tmp/zeta_q.h5

  Zeta fitting: 1 r-chunks x 46080 r-points, 80 bands (80 left + 80 right)
  Output: /pscratch/sd/j/jackm/lorrax_sandbox/runs/MoS2/01_mos2_4x4_cohsex_gnppm/A_phase0_hlo_chi0w_2026-05-08/tmp/zeta_q.h5
  Left wfns:  (16, 80, 2, 640)
  Right wfns: (16, 80, 2, 640)
  Left wfns:  (16, 80, 2, 640)
  Right wfns: (16, 80, 2, 640)

  Zeta fitting: 1 r-chunks x 46080 r-points, 80 bands (80 left + 80 right)
  Output: /pscratch/sd/j/jackm/lorrax_sandbox/runs/MoS2/01_mos2_4x4_cohsex_gnppm/A_phase0_hlo_chi0w_2026-05-08/tmp/zeta_q.h5
  Left wfns:  (16, 80, 2, 640)
  Right wfns: (16, 80, 2, 640)

  Zeta fitting: 1 r-chunks x 46080 r-points, 80 bands (80 left + 80 right)
  Output: /pscratch/sd/j/jackm/lorrax_sandbox/runs/MoS2/01_mos2_4x4_cohsex_gnppm/A_phase0_hlo_chi0w_2026-05-08/tmp/zeta_q.h5
  Left wfns:  (16, 80, 2, 640)
  Right wfns: (16, 80, 2, 640)

  Zeta fitting: 1 r-chunks x 46080 r-points, 80 bands (80 left + 80 right)
  Output: /pscratch/sd/j/jackm/lorrax_sandbox/runs/MoS2/01_mos2_4x4_cohsex_gnppm/A_phase0_hlo_chi0w_2026-05-08/tmp/zeta_q.h5
  Left wfns:  (16, 80, 2, 640)
  Right wfns: (16, 80, 2, 640)

  Zeta fitting: 1 r-chunks x 46080 r-points, 80 bands (80 left + 80 right)
  Output: /pscratch/sd/j/jackm/lorrax_sandbox/runs/MoS2/01_mos2_4x4_cohsex_gnppm/A_phase0_hlo_chi0w_2026-05-08/tmp/zeta_q.h5
  Left wfns:  (16, 80, 2, 640)
  Right wfns: (16, 80, 2, 640)

  Zeta fitting: 1 r-chunks x 46080 r-points, 80 bands (80 left + 80 right)
  Output: /pscratch/sd/j/jackm/lorrax_sandbox/runs/MoS2/01_mos2_4x4_cohsex_gnppm/A_phase0_hlo_chi0w_2026-05-08/tmp/zeta_q.h5
  Left wfns:  (16, 80, 2, 640)
  Right wfns: (16, 80, 2, 640)

  Zeta fitting: 1 r-chunks x 46080 r-points, 80 bands (80 left + 80 right)
  Output: /pscratch/sd/j/jackm/lorrax_sandbox/runs/MoS2/01_mos2_4x4_cohsex_gnppm/A_phase0_hlo_chi0w_2026-05-08/tmp/zeta_q.h5

  Zeta fitting: 1 r-chunks x 46080 r-points, 80 bands (80 left + 80 right)
  Output: /pscratch/sd/j/jackm/lorrax_sandbox/runs/MoS2/01_mos2_4x4_cohsex_gnppm/A_phase0_hlo_chi0w_2026-05-08/tmp/zeta_q.h5
  Left wfns:  (16, 80, 2, 640)
  Right wfns: (16, 80, 2, 640)
  Left wfns:  (16, 80, 2, 640)
  Right wfns: (16, 80, 2, 640)

  Zeta fitting: 1 r-chunks x 46080 r-points, 80 bands (80 left + 80 right)
  Output: /pscratch/sd/j/jackm/lorrax_sandbox/runs/MoS2/01_mos2_4x4_cohsex_gnppm/A_phase0_hlo_chi0w_2026-05-08/tmp/zeta_q.h5
  Left wfns:  (16, 80, 2, 640)
  Right wfns: (16, 80, 2, 640)
    AOT fit_one_rchunk peak (driver-level): 2.01 GB

  Chunked ISDF fitting:
    Band chunks: 80
    R chunks:    46080 (contiguous r-space)
    Q chunks:    16
    Zeta output: /pscratch/sd/j/jackm/lorrax_sandbox/runs/MoS2/01_mos2_4x4_cohsex_gnppm/A_phase0_hlo_chi0w_2026-05-08/tmp/zeta_q.h5

  Zeta fitting: 1 r-chunks x 46080 r-points, 80 bands (80 left + 80 right)
  Output: /pscratch/sd/j/jackm/lorrax_sandbox/runs/MoS2/01_mos2_4x4_cohsex_gnppm/A_phase0_hlo_chi0w_2026-05-08/tmp/zeta_q.h5
  Left wfns:  (16, 80, 2, 640)
  Right wfns: (16, 80, 2, 640)

  Zeta fitting: 1 r-chunks x 46080 r-points, 80 bands (80 left + 80 right)
  Output: /pscratch/sd/j/jackm/lorrax_sandbox/runs/MoS2/01_mos2_4x4_cohsex_gnppm/A_phase0_hlo_chi0w_2026-05-08/tmp/zeta_q.h5
  Left wfns:  (16, 80, 2, 640)
  Right wfns: (16, 80, 2, 640)

  Zeta fitting: 1 r-chunks x 46080 r-points, 80 bands (80 left + 80 right)
  Output: /pscratch/sd/j/jackm/lorrax_sandbox/runs/MoS2/01_mos2_4x4_cohsex_gnppm/A_phase0_hlo_chi0w_2026-05-08/tmp/zeta_q.h5
  Left wfns:  (16, 80, 2, 640)
  Right wfns: (16, 80, 2, 640)
WARNING:2026-05-08 17:20:02,275:jax._src.compilation_cache:265: Writing jit_true_divide to persistent compilation cache with key 'jit_true_divide-7651abcae589b10e6d661d7cbc0a183507c23cf1832e1c27279ccf1630fe5ff6'
WARNING:jax._src.compilation_cache:Writing jit_true_divide to persistent compilation cache with key 'jit_true_divide-7651abcae589b10e6d661d7cbc0a183507c23cf1832e1c27279ccf1630fe5ff6'
  Pseudobands normalization: 0 weighted, 0 zero-weight (skipped)
  Computing pair densities P_l, P_r (spin_traced)
WARNING:2026-05-08 17:20:02,395:jax._src.compilation_cache:265: Writing jit_true_divide to persistent compilation cache with key 'jit_true_divide-9c2d64a05f69d59ad9914d3e893d72164eb951f74ff5e0bd1f3be68ada9f9311'
WARNING:jax._src.compilation_cache:Writing jit_true_divide to persistent compilation cache with key 'jit_true_divide-9c2d64a05f69d59ad9914d3e893d72164eb951f74ff5e0bd1f3be68ada9f9311'
  Pseudobands normalization: 0 weighted, 0 zero-weight (skipped)
  Computing pair densities P_l, P_r (spin_traced)
WARNING:2026-05-08 17:20:02,443:jax._src.compilation_cache:265: Writing jit__compute_P_traced to persistent compilation cache with key 'jit__compute_P_traced-450e81f47ea2acefe48497f5f58e5370ba051b42615652f3b017d9f3d97c5755'
WARNING:jax._src.compilation_cache:Writing jit__compute_P_traced to persistent compilation cache with key 'jit__compute_P_traced-450e81f47ea2acefe48497f5f58e5370ba051b42615652f3b017d9f3d97c5755'
  Pseudobands normalization: 0 weighted, 0 zero-weight (skipped)
  Pseudobands normalization: 0 weighted, 0 zero-weight (skipped)
  Computing pair densities P_l, P_r (spin_traced)
  Computing pair densities P_l, P_r (spin_traced)
  Pseudobands normalization: 0 weighted, 0 zero-weight (skipped)
  Computing pair densities P_l, P_r (spin_traced)
  Pseudobands normalization: 0 weighted, 0 zero-weight (skipped)
  Computing pair densities P_l, P_r (spin_traced)
/opt/jax/jax/_src/interpreters/mlir.py:1178: UserWarning: Some donated buffers were not usable: ShapedArray(complex128[16,160,160]).
See an explanation at https://jax.readthedocs.io/en/latest/faq.html#buffer-donation.
  warnings.warn("Some donated buffers were not usable:"
  Pseudobands normalization: 0 weighted, 0 zero-weight (skipped)
  Computing pair densities P_l, P_r (spin_traced)
  Pseudobands normalization: 0 weighted, 0 zero-weight (skipped)
  Computing pair densities P_l, P_r (spin_traced)
  Pseudobands normalization: 0 weighted, 0 zero-weight (skipped)
  Computing pair densities P_l, P_r (spin_traced)
  Pseudobands normalization: 0 weighted, 0 zero-weight (skipped)
  Computing pair densities P_l, P_r (spin_traced)
  Pseudobands normalization: 0 weighted, 0 zero-weight (skipped)
  Computing pair densities P_l, P_r (spin_traced)
  Pseudobands normalization: 0 weighted, 0 zero-weight (skipped)
  Pseudobands normalization: 0 weighted, 0 zero-weight (skipped)
  Computing pair densities P_l, P_r (spin_traced)
  Computing pair densities P_l, P_r (spin_traced)
/opt/jax/jax/_src/interpreters/mlir.py:1178: UserWarning: Some donated buffers were not usable: ShapedArray(complex128[16,160,160]).
See an explanation at https://jax.readthedocs.io/en/latest/faq.html#buffer-donation.
  warnings.warn("Some donated buffers were not usable:"
  Pseudobands normalization: 0 weighted, 0 zero-weight (skipped)
  Computing pair densities P_l, P_r (spin_traced)
  Pseudobands normalization: 0 weighted, 0 zero-weight (skipped)
  Computing pair densities P_l, P_r (spin_traced)
  Pseudobands normalization: 0 weighted, 0 zero-weight (skipped)
  Computing pair densities P_l, P_r (spin_traced)
/opt/jax/jax/_src/interpreters/mlir.py:1178: UserWarning: Some donated buffers were not usable: ShapedArray(complex128[16,160,160]).
See an explanation at https://jax.readthedocs.io/en/latest/faq.html#buffer-donation.
  warnings.warn("Some donated buffers were not usable:"
/opt/jax/jax/_src/interpreters/mlir.py:1178: UserWarning: Some donated buffers were not usable: ShapedArray(complex128[16,160,160]).
See an explanation at https://jax.readthedocs.io/en/latest/faq.html#buffer-donation.
  warnings.warn("Some donated buffers were not usable:"
/opt/jax/jax/_src/interpreters/mlir.py:1178: UserWarning: Some donated buffers were not usable: ShapedArray(complex128[16,160,160]).
See an explanation at https://jax.readthedocs.io/en/latest/faq.html#buffer-donation.
  warnings.warn("Some donated buffers were not usable:"
/opt/jax/jax/_src/interpreters/mlir.py:1178: UserWarning: Some donated buffers were not usable: ShapedArray(complex128[16,160,160]).
See an explanation at https://jax.readthedocs.io/en/latest/faq.html#buffer-donation.
  warnings.warn("Some donated buffers were not usable:"
/opt/jax/jax/_src/interpreters/mlir.py:1178: UserWarning: Some donated buffers were not usable: ShapedArray(complex128[16,160,160]).
See an explanation at https://jax.readthedocs.io/en/latest/faq.html#buffer-donation.
  warnings.warn("Some donated buffers were not usable:"
/opt/jax/jax/_src/interpreters/mlir.py:1178: UserWarning: Some donated buffers were not usable: ShapedArray(complex128[16,160,160]).
See an explanation at https://jax.readthedocs.io/en/latest/faq.html#buffer-donation.
  warnings.warn("Some donated buffers were not usable:"
/opt/jax/jax/_src/interpreters/mlir.py:1178: UserWarning: Some donated buffers were not usable: ShapedArray(complex128[16,160,160]).
See an explanation at https://jax.readthedocs.io/en/latest/faq.html#buffer-donation.
  warnings.warn("Some donated buffers were not usable:"
/opt/jax/jax/_src/interpreters/mlir.py:1178: UserWarning: Some donated buffers were not usable: ShapedArray(complex128[16,160,160]).
See an explanation at https://jax.readthedocs.io/en/latest/faq.html#buffer-donation.
  warnings.warn("Some donated buffers were not usable:"
/opt/jax/jax/_src/interpreters/mlir.py:1178: UserWarning: Some donated buffers were not usable: ShapedArray(complex128[16,160,160]).
See an explanation at https://jax.readthedocs.io/en/latest/faq.html#buffer-donation.
  warnings.warn("Some donated buffers were not usable:"
WARNING:2026-05-08 17:20:02,703:jax._src.compilation_cache:265: Writing jit__compute_CCT_LR to persistent compilation cache with key 'jit__compute_CCT_LR-0a2d81b9d4667f9005553f82ae925f38ada26480d18079fcb108278cd406d005'
WARNING:jax._src.compilation_cache:Writing jit__compute_CCT_LR to persistent compilation cache with key 'jit__compute_CCT_LR-0a2d81b9d4667f9005553f82ae925f38ada26480d18079fcb108278cd406d005'
/opt/jax/jax/_src/interpreters/mlir.py:1178: UserWarning: Some donated buffers were not usable: ShapedArray(complex128[16,160,160]).
See an explanation at https://jax.readthedocs.io/en/latest/faq.html#buffer-donation.
  warnings.warn("Some donated buffers were not usable:"
/opt/jax/jax/_src/interpreters/mlir.py:1178: UserWarning: Some donated buffers were not usable: ShapedArray(complex128[16,160,160]).
See an explanation at https://jax.readthedocs.io/en/latest/faq.html#buffer-donation.
  warnings.warn("Some donated buffers were not usable:"
/opt/jax/jax/_src/interpreters/mlir.py:1178: UserWarning: Some donated buffers were not usable: ShapedArray(complex128[16,160,160]).
See an explanation at https://jax.readthedocs.io/en/latest/faq.html#buffer-donation.
  warnings.warn("Some donated buffers were not usable:"
/opt/jax/jax/_src/interpreters/mlir.py:1178: UserWarning: Some donated buffers were not usable: ShapedArray(complex128[16,160,160]).
See an explanation at https://jax.readthedocs.io/en/latest/faq.html#buffer-donation.
  warnings.warn("Some donated buffers were not usable:"
/opt/jax/jax/_src/interpreters/mlir.py:1178: UserWarning: Some donated buffers were not usable: ShapedArray(complex128[16,160,160]).
See an explanation at https://jax.readthedocs.io/en/latest/faq.html#buffer-donation.
  warnings.warn("Some donated buffers were not usable:"
  Computing L_q = chol(C_q)
  Computing L_q = chol(C_q)
WARNING:2026-05-08 17:20:02,807:jax._src.compilation_cache:265: Writing jit_reshape to persistent compilation cache with key 'jit_reshape-8cb90a87c630f957805b6f5a7bc9f3cdb001ed6ad6c04dc94248a1ed801e2d4e'
WARNING:jax._src.compilation_cache:Writing jit_reshape to persistent compilation cache with key 'jit_reshape-8cb90a87c630f957805b6f5a7bc9f3cdb001ed6ad6c04dc94248a1ed801e2d4e'
WARNING:2026-05-08 17:20:02,840:jax._src.compilation_cache:265: Writing jit__moveaxis to persistent compilation cache with key 'jit__moveaxis-6307053a232ed8b6cf89f3ac19628103699c35765da5f20c371a9765b933a042'
WARNING:jax._src.compilation_cache:Writing jit__moveaxis to persistent compilation cache with key 'jit__moveaxis-6307053a232ed8b6cf89f3ac19628103699c35765da5f20c371a9765b933a042'
  Computing L_q = chol(C_q)
  Computing L_q = chol(C_q)
  Computing L_q = chol(C_q)
  Computing L_q = chol(C_q)
  Computing L_q = chol(C_q)
  Computing L_q = chol(C_q)
  Computing L_q = chol(C_q)
  Computing L_q = chol(C_q)
  Computing L_q = chol(C_q)
  Computing L_q = chol(C_q)
WARNING:2026-05-08 17:20:02,987:jax._src.compilation_cache:265: Writing jit__where to persistent compilation cache with key 'jit__where-d12ffcb1bd9c0bc5f8ab41a314005eb8b3a085c71d3907e6ec297dfe629bb39c'
WARNING:jax._src.compilation_cache:Writing jit__where to persistent compilation cache with key 'jit__where-d12ffcb1bd9c0bc5f8ab41a314005eb8b3a085c71d3907e6ec297dfe629bb39c'
  Computing L_q = chol(C_q)
  Computing L_q = chol(C_q)
  Computing L_q = chol(C_q)
  Computing L_q = chol(C_q)
WARNING:2026-05-08 17:20:03,551:jax._src.compilation_cache:265: Writing jit__batched_chol to persistent compilation cache with key 'jit__batched_chol-3d4330034331fdc773a6275e3634a5780152e3d9e83f8eb4eebc9a6c7627a79a'
WARNING:jax._src.compilation_cache:Writing jit__batched_chol to persistent compilation cache with key 'jit__batched_chol-3d4330034331fdc773a6275e3634a5780152e3d9e83f8eb4eebc9a6c7627a79a'
WARNING:2026-05-08 17:20:04,612:jax._src.compilation_cache:265: Writing jit__moveaxis to persistent compilation cache with key 'jit__moveaxis-4605ad2154d031d23578597fb456d59a44a25f6ac5cc97770b3656f60812d56b'
WARNING:jax._src.compilation_cache:Writing jit__moveaxis to persistent compilation cache with key 'jit__moveaxis-4605ad2154d031d23578597fb456d59a44a25f6ac5cc97770b3656f60812d56b'
WARNING:2026-05-08 17:20:04,648:jax._src.compilation_cache:265: Writing jit_reshape to persistent compilation cache with key 'jit_reshape-d43a3f989289546f25d40eb9273517dee814cc12aa25fadc05d5baff8e6589bf'
WARNING:jax._src.compilation_cache:Writing jit_reshape to persistent compilation cache with key 'jit_reshape-d43a3f989289546f25d40eb9273517dee814cc12aa25fadc05d5baff8e6589bf'
  L_q: (16, 640, 640)
  L_q: (16, 640, 640)
  L_q: (16, 640, 640)
  L_q: (16, 640, 640)
  L_q: (16, 640, 640)
  L_q: (16, 640, 640)
  L_q: (16, 640, 640)
  L_q: (16, 640, 640)
  L_q: (16, 640, 640)
  L_q: (16, 640, 640)
  L_q: (16, 640, 640)
  L_q: (16, 640, 640)
  L_q: (16, 640, 640)
  L_q: (16, 640, 640)
  L_q: (16, 640, 640)
  L_q: (16, 640, 640)
/global/u2/j/jackm/software/lorrax_A/src/file_io/_slab_io_ffi.py:385: UserWarning: FFI backend: chunks/attrs on create_dataset currently no-op; pre-create with h5py if you need explicit chunking or attrs.
  warnings.warn(
/global/u2/j/jackm/software/lorrax_A/src/file_io/_slab_io_ffi.py:385: UserWarning: FFI backend: chunks/attrs on create_dataset currently no-op; pre-create with h5py if you need explicit chunking or attrs.
  warnings.warn(
/global/u2/j/jackm/software/lorrax_A/src/file_io/_slab_io_ffi.py:385: UserWarning: FFI backend: chunks/attrs on create_dataset currently no-op; pre-create with h5py if you need explicit chunking or attrs.
  warnings.warn(
/global/u2/j/jackm/software/lorrax_A/src/file_io/_slab_io_ffi.py:385: UserWarning: FFI backend: chunks/attrs on create_dataset currently no-op; pre-create with h5py if you need explicit chunking or attrs.
  warnings.warn(
/global/u2/j/jackm/software/lorrax_A/src/file_io/_slab_io_ffi.py:385: UserWarning: FFI backend: chunks/attrs on create_dataset currently no-op; pre-create with h5py if you need explicit chunking or attrs.
  warnings.warn(
/global/u2/j/jackm/software/lorrax_A/src/file_io/_slab_io_ffi.py:385: UserWarning: FFI backend: chunks/attrs on create_dataset currently no-op; pre-create with h5py if you need explicit chunking or attrs.
  warnings.warn(
/global/u2/j/jackm/software/lorrax_A/src/file_io/_slab_io_ffi.py:385: UserWarning: FFI backend: chunks/attrs on create_dataset currently no-op; pre-create with h5py if you need explicit chunking or attrs.
  warnings.warn(
/global/u2/j/jackm/software/lorrax_A/src/file_io/_slab_io_ffi.py:385: UserWarning: FFI backend: chunks/attrs on create_dataset currently no-op; pre-create with h5py if you need explicit chunking or attrs.
  warnings.warn(
/global/u2/j/jackm/software/lorrax_A/src/file_io/_slab_io_ffi.py:385: UserWarning: FFI backend: chunks/attrs on create_dataset currently no-op; pre-create with h5py if you need explicit chunking or attrs.
  warnings.warn(
/global/u2/j/jackm/software/lorrax_A/src/file_io/_slab_io_ffi.py:385: UserWarning: FFI backend: chunks/attrs on create_dataset currently no-op; pre-create with h5py if you need explicit chunking or attrs.
  warnings.warn(
/global/u2/j/jackm/software/lorrax_A/src/file_io/_slab_io_ffi.py:385: UserWarning: FFI backend: chunks/attrs on create_dataset currently no-op; pre-create with h5py if you need explicit chunking or attrs.
  warnings.warn(
/global/u2/j/jackm/software/lorrax_A/src/file_io/_slab_io_ffi.py:385: UserWarning: FFI backend: chunks/attrs on create_dataset currently no-op; pre-create with h5py if you need explicit chunking or attrs.
  warnings.warn(
/global/u2/j/jackm/software/lorrax_A/src/file_io/_slab_io_ffi.py:385: UserWarning: FFI backend: chunks/attrs on create_dataset currently no-op; pre-create with h5py if you need explicit chunking or attrs.
  warnings.warn(
/global/u2/j/jackm/software/lorrax_A/src/file_io/_slab_io_ffi.py:385: UserWarning: FFI backend: chunks/attrs on create_dataset currently no-op; pre-create with h5py if you need explicit chunking or attrs.
  warnings.warn(
/global/u2/j/jackm/software/lorrax_A/src/file_io/_slab_io_ffi.py:385: UserWarning: FFI backend: chunks/attrs on create_dataset currently no-op; pre-create with h5py if you need explicit chunking or attrs.
  warnings.warn(
/global/u2/j/jackm/software/lorrax_A/src/file_io/_slab_io_ffi.py:385: UserWarning: FFI backend: chunks/attrs on create_dataset currently no-op; pre-create with h5py if you need explicit chunking or attrs.
  warnings.warn(
WARNING:2026-05-08 17:20:05,339:jax._src.compilation_cache:265: Writing jit__psum to persistent compilation cache with key 'jit__psum-609ac578670a7db9fbc77c20aec4f2d0e816ac4fab4faaee05676705ff48293a'
WARNING:jax._src.compilation_cache:Writing jit__psum to persistent compilation cache with key 'jit__psum-609ac578670a7db9fbc77c20aec4f2d0e816ac4fab4faaee05676705ff48293a'
WARNING:2026-05-08 17:20:05,460:jax._src.compilation_cache:265: Writing jit__psum to persistent compilation cache with key 'jit__psum-16ef166ce593b46f62585df0cc59862dae4ebb30f880024f8169eed68d2f00b4'
WARNING:jax._src.compilation_cache:Writing jit__psum to persistent compilation cache with key 'jit__psum-16ef166ce593b46f62585df0cc59862dae4ebb30f880024f8169eed68d2f00b4'
WARNING:2026-05-08 17:20:05,551:jax._src.compilation_cache:265: Writing jit__psum to persistent compilation cache with key 'jit__psum-b0a132de6d0d312eac73c12c8f7308630bd267c073316d6af962c8cff340a2ca'
WARNING:jax._src.compilation_cache:Writing jit__psum to persistent compilation cache with key 'jit__psum-b0a132de6d0d312eac73c12c8f7308630bd267c073316d6af962c8cff340a2ca'
WARNING:2026-05-08 17:20:05,692:jax._src.compilation_cache:265: Writing jit__psum to persistent compilation cache with key 'jit__psum-25edc081b37d643c7f1729dbc3bb5432a86819c79fa83b7614c54293d40ca6a8'
WARNING:jax._src.compilation_cache:Writing jit__psum to persistent compilation cache with key 'jit__psum-25edc081b37d643c7f1729dbc3bb5432a86819c79fa83b7614c54293d40ca6a8'
WARNING:2026-05-08 17:20:05,840:jax._src.compilation_cache:265: Writing jit__psum to persistent compilation cache with key 'jit__psum-3ae19b77894304d9623d8c54b70e78b414cf33ba71006dbbabc27ee247256d68'
WARNING:jax._src.compilation_cache:Writing jit__psum to persistent compilation cache with key 'jit__psum-3ae19b77894304d9623d8c54b70e78b414cf33ba71006dbbabc27ee247256d68'
WARNING:2026-05-08 17:20:06,335:jax._src.compilation_cache:265: Writing jit__psum to persistent compilation cache with key 'jit__psum-0824c862563483ed20537d9a139ac9a233ab9983db628c4296fa3786c332f6e7'
WARNING:jax._src.compilation_cache:Writing jit__psum to persistent compilation cache with key 'jit__psum-0824c862563483ed20537d9a139ac9a233ab9983db628c4296fa3786c332f6e7'
WARNING:2026-05-08 17:20:06,487:jax._src.compilation_cache:265: Writing jit__per_rank to persistent compilation cache with key 'jit__per_rank-83db6d3742dd7f0278a40542dd00a59d74fccbce3b5e37d447df3f4bce5d7049'
WARNING:jax._src.compilation_cache:Writing jit__per_rank to persistent compilation cache with key 'jit__per_rank-83db6d3742dd7f0278a40542dd00a59d74fccbce3b5e37d447df3f4bce5d7049'
WARNING:2026-05-08 17:20:06,694:jax._src.compilation_cache:265: Writing jit__psum to persistent compilation cache with key 'jit__psum-4e0e82e35e601ca260d20a7fa259df0a3db4ace2f5c29441aec13e7db4a51842'
WARNING:jax._src.compilation_cache:Writing jit__psum to persistent compilation cache with key 'jit__psum-4e0e82e35e601ca260d20a7fa259df0a3db4ace2f5c29441aec13e7db4a51842'
WARNING:2026-05-08 17:20:06,849:jax._src.compilation_cache:265: Writing jit__take to persistent compilation cache with key 'jit__take-3989a68b1d1ab9932251fe6c7967058c50e6d803b092e715b4c88baa4c6f549c'
WARNING:jax._src.compilation_cache:Writing jit__take to persistent compilation cache with key 'jit__take-3989a68b1d1ab9932251fe6c7967058c50e6d803b092e715b4c88baa4c6f549c'
WARNING:2026-05-08 17:20:06,930:jax._src.compilation_cache:265: Writing jit__take to persistent compilation cache with key 'jit__take-ee42ca332907873b75a542d457a374c3d74acbe581a8882915859bc14de504e2'
WARNING:jax._src.compilation_cache:Writing jit__take to persistent compilation cache with key 'jit__take-ee42ca332907873b75a542d457a374c3d74acbe581a8882915859bc14de504e2'
WARNING:2026-05-08 17:20:07,010:jax._src.compilation_cache:265: Writing jit__take to persistent compilation cache with key 'jit__take-41315ab2f2bb6cb85064bcffea86e3623e43bb3ff768d5c2bb65b3aa4194de7b'
WARNING:jax._src.compilation_cache:Writing jit__take to persistent compilation cache with key 'jit__take-41315ab2f2bb6cb85064bcffea86e3623e43bb3ff768d5c2bb65b3aa4194de7b'
WARNING:2026-05-08 17:20:07,181:jax._src.compilation_cache:265: Writing jit__per_rank to persistent compilation cache with key 'jit__per_rank-3c7be09f4a27a08eb9d4abac02d34db8d8d9021b3e28c522bb2c8db409466d0e'
WARNING:jax._src.compilation_cache:Writing jit__per_rank to persistent compilation cache with key 'jit__per_rank-3c7be09f4a27a08eb9d4abac02d34db8d8d9021b3e28c522bb2c8db409466d0e'
WARNING:2026-05-08 17:20:07,271:jax._src.compilation_cache:265: Writing jit__take to persistent compilation cache with key 'jit__take-33f754175add8f1ff320a7cc9163df2613f4bfd13aed516716d384a8bf055e47'
WARNING:jax._src.compilation_cache:Writing jit__take to persistent compilation cache with key 'jit__take-33f754175add8f1ff320a7cc9163df2613f4bfd13aed516716d384a8bf055e47'
WARNING:2026-05-08 17:20:07,467:jax._src.compilation_cache:265: Writing jit__per_rank to persistent compilation cache with key 'jit__per_rank-9c68a5269a9888506e5a7dddaa1138e130087d3ab0932dd1d5eb27fa30990c2c'
WARNING:jax._src.compilation_cache:Writing jit__per_rank to persistent compilation cache with key 'jit__per_rank-9c68a5269a9888506e5a7dddaa1138e130087d3ab0932dd1d5eb27fa30990c2c'
  ψ(G) host cache: 0.12 GB/process resident
WARNING:2026-05-08 17:20:09,960:jax._src.compilation_cache:265: Writing jit_transpose to persistent compilation cache with key 'jit_transpose-9382199a1e59e54b43a37f9011d729c439d244ee7e55b802d906e89908aa79fc'
WARNING:jax._src.compilation_cache:Writing jit_transpose to persistent compilation cache with key 'jit_transpose-9382199a1e59e54b43a37f9011d729c439d244ee7e55b802d906e89908aa79fc'
Started zeta fitting at 17:20:10.
[ 17:20:10 | ██████████ | 100% ] r-chunk 1 / 1 · ETA 0 s
Finished zeta fitting at 17:20:10.  Elapsed: 0 s.
WARNING:2026-05-08 17:20:10,510:jax._src.compilation_cache:265: Writing jit__per_rank to persistent compilation cache with key 'jit__per_rank-fca150ea6823f8533efd723f72c344a4d75e18e36dcd3e5eef830956284a243c'
WARNING:jax._src.compilation_cache:Writing jit__per_rank to persistent compilation cache with key 'jit__per_rank-fca150ea6823f8533efd723f72c344a4d75e18e36dcd3e5eef830956284a243c'
  [SlabIO.close] draining 1 pending writes for zeta_q.h5 …
  [SlabIO.close] Python dispatch drained in 1.9 s; joining writer thread
  [SlabIO.close] writer thread joined in 0.0 s; calling H5Fclose collectively
  [SlabIO.close] H5Fclose returned in 0.2 s
  Zeta output: /pscratch/sd/j/jackm/lorrax_sandbox/runs/MoS2/01_mos2_4x4_cohsex_gnppm/A_phase0_hlo_chi0w_2026-05-08/tmp/zeta_q.h5  shape: (4,4,1,640,46080)
  Timing (1 r-chunks, 2.8s total):
    fit      2.64s  93.4%
    H5       0.18s   6.3%
  Zeta output: /pscratch/sd/j/jackm/lorrax_sandbox/runs/MoS2/01_mos2_4x4_cohsex_gnppm/A_phase0_hlo_chi0w_2026-05-08/tmp/zeta_q.h5  shape: (4,4,1,640,46080)
  Timing (1 r-chunks, 2.9s total):
    fit      2.31s  78.6%
    H5       0.61s  20.9%
  Zeta output: /pscratch/sd/j/jackm/lorrax_sandbox/runs/MoS2/01_mos2_4x4_cohsex_gnppm/A_phase0_hlo_chi0w_2026-05-08/tmp/zeta_q.h5  shape: (4,4,1,640,46080)
  Timing (1 r-chunks, 2.6s total):
    fit      2.36s  91.1%
    H5       0.22s   8.4%
  Zeta output: /pscratch/sd/j/jackm/lorrax_sandbox/runs/MoS2/01_mos2_4x4_cohsex_gnppm/A_phase0_hlo_chi0w_2026-05-08/tmp/zeta_q.h5  shape: (4,4,1,640,46080)
  Timing (1 r-chunks, 2.6s total):
    fit      2.34s  90.6%
    H5       0.23s   9.1%
  Zeta output: /pscratch/sd/j/jackm/lorrax_sandbox/runs/MoS2/01_mos2_4x4_cohsex_gnppm/A_phase0_hlo_chi0w_2026-05-08/tmp/zeta_q.h5  shape: (4,4,1,640,46080)
  Timing (1 r-chunks, 2.6s total):
    fit      2.41s  92.4%
    H5       0.19s   7.4%
  Zeta output: /pscratch/sd/j/jackm/lorrax_sandbox/runs/MoS2/01_mos2_4x4_cohsex_gnppm/A_phase0_hlo_chi0w_2026-05-08/tmp/zeta_q.h5  shape: (4,4,1,640,46080)
  Timing (1 r-chunks, 2.6s total):
    fit      2.35s  90.8%
    H5       0.23s   9.0%
  Zeta output: /pscratch/sd/j/jackm/lorrax_sandbox/runs/MoS2/01_mos2_4x4_cohsex_gnppm/A_phase0_hlo_chi0w_2026-05-08/tmp/zeta_q.h5  shape: (4,4,1,640,46080)
  Timing (1 r-chunks, 2.8s total):
    fit      2.20s  78.4%
    H5       0.58s  20.7%
  Zeta output: /pscratch/sd/j/jackm/lorrax_sandbox/runs/MoS2/01_mos2_4x4_cohsex_gnppm/A_phase0_hlo_chi0w_2026-05-08/tmp/zeta_q.h5  shape: (4,4,1,640,46080)
  Timing (1 r-chunks, 2.7s total):
    fit      2.53s  93.0%
    H5       0.19s   6.9%
  Zeta output: /pscratch/sd/j/jackm/lorrax_sandbox/runs/MoS2/01_mos2_4x4_cohsex_gnppm/A_phase0_hlo_chi0w_2026-05-08/tmp/zeta_q.h5  shape: (4,4,1,640,46080)
  Timing (1 r-chunks, 2.8s total):
  Zeta output: /pscratch/sd/j/jackm/lorrax_sandbox/runs/MoS2/01_mos2_4x4_cohsex_gnppm/A_phase0_hlo_chi0w_2026-05-08/tmp/zeta_q.h5  shape: (4,4,1,640,46080)
  Timing (1 r-chunks, 2.6s total):
    fit      2.35s  90.7%
    H5       0.23s   8.8%
  Zeta output: /pscratch/sd/j/jackm/lorrax_sandbox/runs/MoS2/01_mos2_4x4_cohsex_gnppm/A_phase0_hlo_chi0w_2026-05-08/tmp/zeta_q.h5  shape: (4,4,1,640,46080)
  Zeta output: /pscratch/sd/j/jackm/lorrax_sandbox/runs/MoS2/01_mos2_4x4_cohsex_gnppm/A_phase0_hlo_chi0w_2026-05-08/tmp/zeta_q.h5  shape: (4,4,1,640,46080)
  Timing (1 r-chunks, 2.9s total):
    fit      2.65s  91.8%
    H5       0.23s   8.0%
  Zeta output: /pscratch/sd/j/jackm/lorrax_sandbox/runs/MoS2/01_mos2_4x4_cohsex_gnppm/A_phase0_hlo_chi0w_2026-05-08/tmp/zeta_q.h5  shape: (4,4,1,640,46080)
  Timing (1 r-chunks, 2.6s total):
  Timing (1 r-chunks, 2.7s total):
    fit      2.11s  77.6%
    fit      2.60s  92.2%
    H5       0.21s   7.5%
  Zeta output: /pscratch/sd/j/jackm/lorrax_sandbox/runs/MoS2/01_mos2_4x4_cohsex_gnppm/A_phase0_hlo_chi0w_2026-05-08/tmp/zeta_q.h5  shape: (4,4,1,640,46080)
  Timing (1 r-chunks, 2.8s total):
    H5       0.60s  22.1%
    fit      2.40s  92.5%
    H5       0.19s   7.3%
  Zeta output: /pscratch/sd/j/jackm/lorrax_sandbox/runs/MoS2/01_mos2_4x4_cohsex_gnppm/A_phase0_hlo_chi0w_2026-05-08/tmp/zeta_q.h5  shape: (4,4,1,640,46080)
  Timing (1 r-chunks, 2.7s total):
    fit      2.52s  92.2%
    fit      2.13s  76.5%
    H5       0.63s  22.7%
  Zeta output: /pscratch/sd/j/jackm/lorrax_sandbox/runs/MoS2/01_mos2_4x4_cohsex_gnppm/A_phase0_hlo_chi0w_2026-05-08/tmp/zeta_q.h5  shape: (4,4,1,640,46080)
  Timing (1 r-chunks, 2.7s total):
    fit      2.50s  91.3%
    H5       0.23s   8.4%
    H5       0.21s   7.7%
    GPU high-water mark: 2.35 GB / 28.00 GB budget (8%)
    γ (runtime / AOT-pred) = 1.173  (AOT predicted 2.01 GB)
    V_q bare cutoff: 30.0 Ry (auto: ecutwfc)
    V_q budget:    27.13 GB
WARNING:2026-05-08 17:20:13,404:jax._src.compilation_cache:265: Writing jit__kernel to persistent compilation cache with key 'jit__kernel-7e0e85cb8b06ab6d852a78eb7a7292515f3a02be6916bd69b899de5d28172205'
WARNING:jax._src.compilation_cache:Writing jit__kernel to persistent compilation cache with key 'jit__kernel-7e0e85cb8b06ab6d852a78eb7a7292515f3a02be6916bd69b899de5d28172205'
  V_q tile: mesh=4x4, same ζ, q_chunk=16, μ_chunk=640 (1×1 blocks), aligned=True, N_μ_L=640, N_μ_R=640, N_G=2333, predicted peak/rank=1.44 GB (V_ref+g0_ref=0.01 GB)
WARNING:2026-05-08 17:20:13,528:jax._src.compilation_cache:265: Writing jit__init_V to persistent compilation cache with key 'jit__init_V-1491283b850738e954c6813f04be309f258ea4275c7f301e33df54e2c8d6067a'
WARNING:jax._src.compilation_cache:Writing jit__init_V to persistent compilation cache with key 'jit__init_V-1491283b850738e954c6813f04be309f258ea4275c7f301e33df54e2c8d6067a'
WARNING:2026-05-08 17:20:13,637:jax._src.compilation_cache:265: Writing jit__init_g0 to persistent compilation cache with key 'jit__init_g0-3b0d9b48db68fab30c835f22fa587ebea936a272ecc539d290644d8fdf3f2a0e'
WARNING:jax._src.compilation_cache:Writing jit__init_g0 to persistent compilation cache with key 'jit__init_g0-3b0d9b48db68fab30c835f22fa587ebea936a272ecc539d290644d8fdf3f2a0e'
WARNING:2026-05-08 17:20:14,123:jax._src.compilation_cache:265: Writing jit_get_sqrt_v_and_phase to persistent compilation cache with key 'jit_get_sqrt_v_and_phase-4d878362af26f93adf0edf53b72bfeb74bfed06e77af8eb79f92685b12eb3444'
WARNING:jax._src.compilation_cache:Writing jit_get_sqrt_v_and_phase to persistent compilation cache with key 'jit_get_sqrt_v_and_phase-4d878362af26f93adf0edf53b72bfeb74bfed06e77af8eb79f92685b12eb3444'
WARNING:2026-05-08 17:20:14,196:jax._src.compilation_cache:265: Writing jit_multiply to persistent compilation cache with key 'jit_multiply-6dd746eb2e34235b25f6215e141bc7f1c5e266ecf48a8e3c2510f3426600bd5e'
WARNING:jax._src.compilation_cache:Writing jit_multiply to persistent compilation cache with key 'jit_multiply-6dd746eb2e34235b25f6215e141bc7f1c5e266ecf48a8e3c2510f3426600bd5e'
WARNING:2026-05-08 17:20:14,794:jax._src.compilation_cache:265: Writing jit__per_rank to persistent compilation cache with key 'jit__per_rank-c004c77c6dd22c96f17e7f768038a00f439849391af3e595dcae60f0da7f70b7'
WARNING:jax._src.compilation_cache:Writing jit__per_rank to persistent compilation cache with key 'jit__per_rank-c004c77c6dd22c96f17e7f768038a00f439849391af3e595dcae60f0da7f70b7'
WARNING:2026-05-08 17:20:19,651:jax._src.compilation_cache:265: Writing jit__kernel to persistent compilation cache with key 'jit__kernel-5454e7fbd1108fac574a5f0cc79e3dd6d2cda4897bcb3939e71ce9f92f2cf425'
WARNING:jax._src.compilation_cache:Writing jit__kernel to persistent compilation cache with key 'jit__kernel-5454e7fbd1108fac574a5f0cc79e3dd6d2cda4897bcb3939e71ce9f92f2cf425'
Started V_q tile at 17:20:19.
[ 17:20:19 | █░░░░░░░░░ |   6% ] q-point  1 / 16 · ETA 0 s
[ 17:20:19 | █░░░░░░░░░ |  12% ] q-point  2 / 16 · ETA 0 s
[ 17:20:19 | ██░░░░░░░░ |  19% ] q-point  3 / 16 · ETA 0 s
[ 17:20:19 | ██░░░░░░░░ |  25% ] q-point  4 / 16 · ETA 0 s
[ 17:20:19 | ███░░░░░░░ |  31% ] q-point  5 / 16 · ETA 0 s
[ 17:20:19 | ████░░░░░░ |  38% ] q-point  6 / 16 · ETA 0 s
[ 17:20:19 | ████░░░░░░ |  44% ] q-point  7 / 16 · ETA 0 s
[ 17:20:19 | █████░░░░░ |  50% ] q-point  8 / 16 · ETA 0 s
[ 17:20:19 | ██████░░░░ |  56% ] q-point  9 / 16 · ETA 0 s
[ 17:20:19 | ██████░░░░ |  62% ] q-point 10 / 16 · ETA 0 s
[ 17:20:19 | ███████░░░ |  69% ] q-point 11 / 16 · ETA 0 s
[ 17:20:19 | ████████░░ |  75% ] q-point 12 / 16 · ETA 0 s
[ 17:20:19 | ████████░░ |  81% ] q-point 13 / 16 · ETA 0 s
[ 17:20:19 | █████████░ |  88% ] q-point 14 / 16 · ETA 0 s
[ 17:20:19 | █████████░ |  94% ] q-point 15 / 16 · ETA 0 s
[ 17:20:19 | ██████████ | 100% ] q-point 16 / 16 · ETA 0 s
Finished V_q tile at 17:20:19.  Elapsed: 0 s.
  [SlabIO.close] draining 0 pending writes for zeta_q.h5 …
  [SlabIO.close] Python dispatch drained in 0.0 s; joining writer thread
  [SlabIO.close] writer thread joined in 0.0 s; calling H5Fclose collectively
  [SlabIO.close] H5Fclose returned in 0.1 s
WARNING:2026-05-08 17:20:20,067:jax._src.compilation_cache:265: Writing jit__identity_fn to persistent compilation cache with key 'jit__identity_fn-8e217d0eac5ffc5a5683e1b7cd04d3dbf9fb15c8c82337379876f4d9b22a9c3e'
WARNING:jax._src.compilation_cache:Writing jit__identity_fn to persistent compilation cache with key 'jit__identity_fn-8e217d0eac5ffc5a5683e1b7cd04d3dbf9fb15c8c82337379876f4d9b22a9c3e'

  V_q computed:
    Shape: (16, 640, 640)
WARNING:2026-05-08 17:20:20,209:jax._src.compilation_cache:265: Writing jit_gather to persistent compilation cache with key 'jit_gather-f2f11d8ceb59b6b0dda038398cd73daeb09f02dcfb1cfe6337a9c81f59b43cf0'
WARNING:jax._src.compilation_cache:Writing jit_gather to persistent compilation cache with key 'jit_gather-f2f11d8ceb59b6b0dda038398cd73daeb09f02dcfb1cfe6337a9c81f59b43cf0'
    V_q=0 trace: 767441350.8594
WARNING:2026-05-08 17:20:20,782:jax._src.compilation_cache:265: Writing jit__per_rank to persistent compilation cache with key 'jit__per_rank-0d92722004a2caeb15720381fd734c61945e090957e5742159065be78cfbd125'
WARNING:jax._src.compilation_cache:Writing jit__per_rank to persistent compilation cache with key 'jit__per_rank-0d92722004a2caeb15720381fd734c61945e090957e5742159065be78cfbd125'
WARNING:2026-05-08 17:20:21,554:jax._src.compilation_cache:265: Writing jit__per_rank to persistent compilation cache with key 'jit__per_rank-2adfe4de6d50ec048e178493a2b5c024b58dd1ae66bf1798d91a1083da871b40'
WARNING:jax._src.compilation_cache:Writing jit__per_rank to persistent compilation cache with key 'jit__per_rank-2adfe4de6d50ec048e178493a2b5c024b58dd1ae66bf1798d91a1083da871b40'
WARNING:2026-05-08 17:20:21,599:jax._src.compilation_cache:265: Writing jit__psum to persistent compilation cache with key 'jit__psum-48c4f41e565fe244c4881a8a7378f7beb66568affd685bd49738aabbd0180fa0'
WARNING:jax._src.compilation_cache:Writing jit__psum to persistent compilation cache with key 'jit__psum-48c4f41e565fe244c4881a8a7378f7beb66568affd685bd49738aabbd0180fa0'
WARNING:2026-05-08 17:20:21,832:jax._src.compilation_cache:265: Writing jit__per_rank to persistent compilation cache with key 'jit__per_rank-aaf64f421244c6b14ca0caf0bb2547c6c81b1788b5a291836068e2375e0cfe92'
WARNING:jax._src.compilation_cache:Writing jit__per_rank to persistent compilation cache with key 'jit__per_rank-aaf64f421244c6b14ca0caf0bb2547c6c81b1788b5a291836068e2375e0cfe92'
  [SlabIO.close] draining 0 pending writes for isdf_tensors_640.h5 …
  [SlabIO.close] Python dispatch drained in 0.0 s; joining writer thread
  [SlabIO.close] writer thread joined in 0.0 s; calling H5Fclose collectively
  [SlabIO.close] H5Fclose returned in 0.2 s
WARNING:2026-05-08 17:20:22,100:jax._src.compilation_cache:265: Writing jit_transpose to persistent compilation cache with key 'jit_transpose-46c26217303a4fbcd1e65f539399f47023471b3bee0d10448acf7f693fe73d6d'
WARNING:jax._src.compilation_cache:Writing jit_transpose to persistent compilation cache with key 'jit_transpose-46c26217303a4fbcd1e65f539399f47023471b3bee0d10448acf7f693fe73d6d'
WARNING:2026-05-08 17:20:22,168:jax._src.compilation_cache:265: Writing jit_conjugate to persistent compilation cache with key 'jit_conjugate-900193f28a4b6d9a5d8a603460968bbe0fa510d21cd55b294d5f6e54410eac2b'
WARNING:jax._src.compilation_cache:Writing jit_conjugate to persistent compilation cache with key 'jit_conjugate-900193f28a4b6d9a5d8a603460968bbe0fa510d21cd55b294d5f6e54410eac2b'
WARNING:2026-05-08 17:20:22,238:jax._src.compilation_cache:265: Writing jit_transpose to persistent compilation cache with key 'jit_transpose-eb7d4516b791413d20106a668c5e91bc4394389ea82937a90fb1d48a0ad120ae'
WARNING:jax._src.compilation_cache:Writing jit_transpose to persistent compilation cache with key 'jit_transpose-eb7d4516b791413d20106a668c5e91bc4394389ea82937a90fb1d48a0ad120ae'
WARNING:2026-05-08 17:20:22,324:jax._src.compilation_cache:265: Writing jit_transpose to persistent compilation cache with key 'jit_transpose-7d10d3f9f866476470e784881364dc3afe312c64b12d010dbeb471ba42d9f76a'
WARNING:jax._src.compilation_cache:Writing jit_transpose to persistent compilation cache with key 'jit_transpose-7d10d3f9f866476470e784881364dc3afe312c64b12d010dbeb471ba42d9f76a'
WARNING:2026-05-08 17:20:22,359:jax._src.compilation_cache:265: Writing jit__identity_fn to persistent compilation cache with key 'jit__identity_fn-e14557a03bd1e202ecfe642d329ea0c1c34881bf15eb3ee9a2c2f00f5d21e5ac'
WARNING:jax._src.compilation_cache:Writing jit__identity_fn to persistent compilation cache with key 'jit__identity_fn-e14557a03bd1e202ecfe642d329ea0c1c34881bf15eb3ee9a2c2f00f5d21e5ac'
  Wavefunctions built (b0:b4=80 bands, 4 sharded copies: xn/xr/yr/yn)
  [SlabIO.close] draining 1 pending writes for isdf_tensors_640.h5 …
WARNING:2026-05-08 17:20:22,659:jax._src.compilation_cache:265: Writing jit__per_rank to persistent compilation cache with key 'jit__per_rank-f9c7f806a7257815de95fbdab067d27592a95d2f13e83154201220f3a8f59d28'
WARNING:jax._src.compilation_cache:Writing jit__per_rank to persistent compilation cache with key 'jit__per_rank-f9c7f806a7257815de95fbdab067d27592a95d2f13e83154201220f3a8f59d28'
  [SlabIO.close] Python dispatch drained in 0.1 s; joining writer thread
  [SlabIO.close] writer thread joined in 0.0 s; calling H5Fclose collectively
  [SlabIO.close] H5Fclose returned in 1.3 s
WARNING:2026-05-08 17:20:24,174:jax._src.compilation_cache:265: Writing jit_gather to persistent compilation cache with key 'jit_gather-a659e26e49343333f92d20f53b1ca6485d0acd99af257504d2441e33df0079c8'
WARNING:jax._src.compilation_cache:Writing jit_gather to persistent compilation cache with key 'jit_gather-a659e26e49343333f92d20f53b1ca6485d0acd99af257504d2441e33df0079c8'
WARNING:2026-05-08 17:20:24,523:jax._src.compilation_cache:265: Writing jit_broadcast_in_dim to persistent compilation cache with key 'jit_broadcast_in_dim-62475bec972f65d7ee2193ad20bdf2a224ea0e34a48572cc1d032b6c3e0ef36d'
WARNING:jax._src.compilation_cache:Writing jit_broadcast_in_dim to persistent compilation cache with key 'jit_broadcast_in_dim-62475bec972f65d7ee2193ad20bdf2a224ea0e34a48572cc1d032b6c3e0ef36d'
WARNING:2026-05-08 17:20:24,639:jax._src.compilation_cache:265: Writing jit_gather to persistent compilation cache with key 'jit_gather-e5f468d1f395a04d02061063acf4eb0b4dda5fd43dc574b8936b31e8a283ec66'
WARNING:jax._src.compilation_cache:Writing jit_gather to persistent compilation cache with key 'jit_gather-e5f468d1f395a04d02061063acf4eb0b4dda5fd43dc574b8936b31e8a283ec66'
WARNING:2026-05-08 17:20:24,736:jax._src.compilation_cache:265: Writing jit_broadcast_in_dim to persistent compilation cache with key 'jit_broadcast_in_dim-13ef405727581822a538e3c3743a422b2dd8973c2fab23b2fcd8625f40de1aff'
WARNING:jax._src.compilation_cache:Writing jit_broadcast_in_dim to persistent compilation cache with key 'jit_broadcast_in_dim-13ef405727581822a538e3c3743a422b2dd8973c2fab23b2fcd8625f40de1aff'
  Chunked ISDF path complete
WARNING:2026-05-08 17:20:24,835:jax._src.compilation_cache:265: Writing jit_gather to persistent compilation cache with key 'jit_gather-e1e680c8ae1c33abc7a84d127df21cb85de19719af6db697997a6042f8a15f59'
WARNING:jax._src.compilation_cache:Writing jit_gather to persistent compilation cache with key 'jit_gather-e1e680c8ae1c33abc7a84d127df21cb85de19719af6db697997a6042f8a15f59'
WARNING:2026-05-08 17:20:24,871:jax._src.compilation_cache:265: Writing jit_broadcast_in_dim to persistent compilation cache with key 'jit_broadcast_in_dim-35c684fcbaf5c8c7ac50c6162f0f84a976c14414feb124bc6190057d5d3f6b30'
WARNING:jax._src.compilation_cache:Writing jit_broadcast_in_dim to persistent compilation cache with key 'jit_broadcast_in_dim-35c684fcbaf5c8c7ac50c6162f0f84a976c14414feb124bc6190057d5d3f6b30'
WARNING:2026-05-08 17:20:24,936:jax._src.compilation_cache:265: Writing jit_gather to persistent compilation cache with key 'jit_gather-c09c5dd6bae4b4289def4fdd7248cbb40e7e376770a9761397b28c4d509a0a9f'
WARNING:jax._src.compilation_cache:Writing jit_gather to persistent compilation cache with key 'jit_gather-c09c5dd6bae4b4289def4fdd7248cbb40e7e376770a9761397b28c4d509a0a9f'
WARNING:2026-05-08 17:20:24,969:jax._src.compilation_cache:265: Writing jit_broadcast_in_dim to persistent compilation cache with key 'jit_broadcast_in_dim-e984a680efaedf18a0e406d6769ebe4c2c6a8156f6b34883dfb37bdf80197803'
WARNING:jax._src.compilation_cache:Writing jit_broadcast_in_dim to persistent compilation cache with key 'jit_broadcast_in_dim-e984a680efaedf18a0e406d6769ebe4c2c6a8156f6b34883dfb37bdf80197803'
  Minimax static window: x=[1.633053e-01, 6.343519e+00] Ry, R=38.84, nodes=9, fit_err~1.600e-06
WARNING:2026-05-08 17:20:25,040:jax._src.compilation_cache:265: Writing jit_convert_element_type to persistent compilation cache with key 'jit_convert_element_type-f53ba4da92593ac1eec1fbfdb8b72c1b6c295e7b3bc905c82fdd0dcbdc534b50'
WARNING:jax._src.compilation_cache:Writing jit_convert_element_type to persistent compilation cache with key 'jit_convert_element_type-f53ba4da92593ac1eec1fbfdb8b72c1b6c295e7b3bc905c82fdd0dcbdc534b50'
WARNING:2026-05-08 17:20:25,104:jax._src.compilation_cache:265: Writing jit_xn to persistent compilation cache with key 'jit_xn-2e97ee68ab10e42ae236ea8e20c8de5262b5eb50151e1e36065386ec31ef70f2'
WARNING:jax._src.compilation_cache:Writing jit_xn to persistent compilation cache with key 'jit_xn-2e97ee68ab10e42ae236ea8e20c8de5262b5eb50151e1e36065386ec31ef70f2'
WARNING:2026-05-08 17:20:25,176:jax._src.compilation_cache:265: Writing jit_yr to persistent compilation cache with key 'jit_yr-0de148f6333dd9651b0effd1a9bc2f4fbc744119a4e01ed0f95c11c50211be14'
WARNING:jax._src.compilation_cache:Writing jit_yr to persistent compilation cache with key 'jit_yr-0de148f6333dd9651b0effd1a9bc2f4fbc744119a4e01ed0f95c11c50211be14'
WARNING:2026-05-08 17:20:25,244:jax._src.compilation_cache:265: Writing jit_yr to persistent compilation cache with key 'jit_yr-0c4b6e9ccda9e6cd5fcde0a4b4efb9e03170943e3a18fc8b969fc821828a6a81'
WARNING:jax._src.compilation_cache:Writing jit_yr to persistent compilation cache with key 'jit_yr-0c4b6e9ccda9e6cd5fcde0a4b4efb9e03170943e3a18fc8b969fc821828a6a81'
WARNING:2026-05-08 17:20:25,312:jax._src.compilation_cache:265: Writing jit_xn to persistent compilation cache with key 'jit_xn-4bb3807f9db57d85621067f58395b1def08ce8f9e55c4d4dfbaed5ee016dadce'
WARNING:jax._src.compilation_cache:Writing jit_xn to persistent compilation cache with key 'jit_xn-4bb3807f9db57d85621067f58395b1def08ce8f9e55c4d4dfbaed5ee016dadce'
WARNING:2026-05-08 17:20:25,382:jax._src.compilation_cache:265: Writing jit_subtract to persistent compilation cache with key 'jit_subtract-627fabff9fa3bd08b6481d0e1c2e902674e1c9f4ce490dcb4675b8d51a032de4'
WARNING:jax._src.compilation_cache:Writing jit_subtract to persistent compilation cache with key 'jit_subtract-627fabff9fa3bd08b6481d0e1c2e902674e1c9f4ce490dcb4675b8d51a032de4'
WARNING:2026-05-08 17:20:25,451:jax._src.compilation_cache:265: Writing jit_subtract to persistent compilation cache with key 'jit_subtract-22ec6c6b475528e8ab29a786541b8082ae6aa27e9357e8985aa932211e7c7187'
WARNING:jax._src.compilation_cache:Writing jit_subtract to persistent compilation cache with key 'jit_subtract-22ec6c6b475528e8ab29a786541b8082ae6aa27e9357e8985aa932211e7c7187'
WARNING:2026-05-08 17:20:25,858:jax._src.compilation_cache:265: Writing jit_minimax_tau_integrate_chi to persistent compilation cache with key 'jit_minimax_tau_integrate_chi-96e7c97d829b0d7fe9a694c5fab47c5b161ee417b2a09d233c7df0253218a308'
WARNING:jax._src.compilation_cache:Writing jit_minimax_tau_integrate_chi to persistent compilation cache with key 'jit_minimax_tau_integrate_chi-96e7c97d829b0d7fe9a694c5fab47c5b161ee417b2a09d233c7df0253218a308'
WARNING:2026-05-08 17:20:26,186:jax._src.compilation_cache:265: Writing jit__solve_w to persistent compilation cache with key 'jit__solve_w-b3d288623c0011e72bbd350a7a3f3ad60239e2ac4ae06ca301f4f0c357383617'
WARNING:jax._src.compilation_cache:Writing jit__solve_w to persistent compilation cache with key 'jit__solve_w-b3d288623c0011e72bbd350a7a3f3ad60239e2ac4ae06ca301f4f0c357383617'
WARNING:2026-05-08 17:20:26,708:jax._src.compilation_cache:265: Writing jit_reshape to persistent compilation cache with key 'jit_reshape-407ae722e87225652e7f51c43cb6799b2adec6b42cb937428cfca6eb1badf060'
WARNING:jax._src.compilation_cache:Writing jit_reshape to persistent compilation cache with key 'jit_reshape-407ae722e87225652e7f51c43cb6799b2adec6b42cb937428cfca6eb1badf060'
  [SlabIO.close] draining 1 pending writes for isdf_tensors_640.h5 …
WARNING:2026-05-08 17:20:26,934:jax._src.compilation_cache:265: Writing jit__per_rank to persistent compilation cache with key 'jit__per_rank-ad5ac50ca0febcf81ec30f378fc5debb794c94430e0c90373c26339dd0949280'
WARNING:jax._src.compilation_cache:Writing jit__per_rank to persistent compilation cache with key 'jit__per_rank-ad5ac50ca0febcf81ec30f378fc5debb794c94430e0c90373c26339dd0949280'
E0508 17:20:26.942406  641354 pjrt_stream_executor_client.cc:3077] Execution of replica 0 failed: INTERNAL: phdf5 async write: dataset rank mismatch ds=/W0_qmunu file_rank=3 write_rank=8
[pf] ■ run_module:gw.gw_jax  33.670s
E0508 17:20:26.981342 1201547 pjrt_stream_executor_client.cc:3077] Execution of replica 0 failed: INTERNAL: phdf5 async write: dataset rank mismatch ds=/W0_qmunu file_rank=3 write_rank=8
E0508 17:20:26.981933 1201549 pjrt_stream_executor_client.cc:3077] Execution of replica 0 failed: INTERNAL: phdf5 async write: dataset rank mismatch ds=/W0_qmunu file_rank=3 write_rank=8
2026-05-08 17:20:26.989455: E external/xla/xla/python/profiler/internal/python_hooks.cc:412] Can't import tensorflow.python.profiler.trace
[pf] ■ run_module:gw.gw_jax  33.732s
[pf] ■ run_module:gw.gw_jax  33.731s
E0508 17:20:26.993708  641357 pjrt_stream_executor_client.cc:3077] Execution of replica 0 failed: INTERNAL: phdf5 async write: dataset rank mismatch ds=/W0_qmunu file_rank=3 write_rank=8
E0508 17:20:26.993791  641356 pjrt_stream_executor_client.cc:3077] Execution of replica 0 failed: INTERNAL: phdf5 async write: dataset rank mismatch ds=/W0_qmunu file_rank=3 write_rank=8
E0508 17:20:26.997625  641358 pjrt_stream_executor_client.cc:3077] Execution of replica 0 failed: INTERNAL: phdf5 async write: dataset rank mismatch ds=/W0_qmunu file_rank=3 write_rank=8
[pf] ■ run_module:gw.gw_jax  33.767s
[pf] ■ run_module:gw.gw_jax  33.714s
2026-05-08 17:20:27.000052: E external/xla/xla/python/profiler/internal/python_hooks.cc:412] Can't import tensorflow.python.profiler.trace
[pf] ■ run_module:gw.gw_jax  33.769s
E0508 17:20:27.002952 1201548 pjrt_stream_executor_client.cc:3077] Execution of replica 0 failed: INTERNAL: phdf5 async write: dataset rank mismatch ds=/W0_qmunu file_rank=3 write_rank=8
2026-05-08 17:20:27.003560: E external/xla/xla/python/profiler/internal/python_hooks.cc:412] Can't import tensorflow.python.profiler.trace
2026-05-08 17:20:27.004693: E external/xla/xla/python/profiler/internal/python_hooks.cc:412] Can't import tensorflow.python.profiler.trace
[pf] ■ run_module:gw.gw_jax  33.729s
E0508 17:20:27.007819  678809 pjrt_stream_executor_client.cc:3077] Execution of replica 0 failed: INTERNAL: phdf5 async write: dataset rank mismatch ds=/W0_qmunu file_rank=3 write_rank=8
E0508 17:20:27.008338   20106 pjrt_stream_executor_client.cc:3077] Execution of replica 0 failed: INTERNAL: phdf5 async write: dataset rank mismatch ds=/W0_qmunu file_rank=3 write_rank=8
E0508 17:20:27.008806 1201546 pjrt_stream_executor_client.cc:3077] Execution of replica 0 failed: INTERNAL: phdf5 async write: dataset rank mismatch ds=/W0_qmunu file_rank=3 write_rank=8
E0508 17:20:27.009844   20107 pjrt_stream_executor_client.cc:3077] Execution of replica 0 failed: INTERNAL: phdf5 async write: dataset rank mismatch ds=/W0_qmunu file_rank=3 write_rank=8
E0508 17:20:27.010026   20103 pjrt_stream_executor_client.cc:3077] Execution of replica 0 failed: INTERNAL: phdf5 async write: dataset rank mismatch ds=/W0_qmunu file_rank=3 write_rank=8
[pf] ■ run_module:gw.gw_jax  33.751s
[pf] ■ run_module:gw.gw_jax  33.742s
[pf] ■ run_module:gw.gw_jax  33.791s
2026-05-08 17:20:27.015181: E external/xla/xla/python/profiler/internal/python_hooks.cc:412] Can't import tensorflow.python.profiler.trace
[pf] ■ run_module:gw.gw_jax  33.706s
[pf] ■ run_module:gw.gw_jax  33.731s
E0508 17:20:27.015624  678808 pjrt_stream_executor_client.cc:3077] Execution of replica 0 failed: INTERNAL: phdf5 async write: dataset rank mismatch ds=/W0_qmunu file_rank=3 write_rank=8
E0508 17:20:27.015692  678812 pjrt_stream_executor_client.cc:3077] Execution of replica 0 failed: INTERNAL: phdf5 async write: dataset rank mismatch ds=/W0_qmunu file_rank=3 write_rank=8
E0508 17:20:27.016469  678813 pjrt_stream_executor_client.cc:3077] Execution of replica 0 failed: INTERNAL: phdf5 async write: dataset rank mismatch ds=/W0_qmunu file_rank=3 write_rank=8
2026-05-08 17:20:27.016841: E external/xla/xla/python/profiler/internal/python_hooks.cc:412] Can't import tensorflow.python.profiler.trace
[pf] ■ run_module:gw.gw_jax  33.793s
[pf] ■ run_module:gw.gw_jax  33.794s
E0508 17:20:27.018961   20104 pjrt_stream_executor_client.cc:3077] Execution of replica 0 failed: INTERNAL: phdf5 async write: dataset rank mismatch ds=/W0_qmunu file_rank=3 write_rank=8
[pf] ■ run_module:gw.gw_jax  33.793s
2026-05-08 17:20:27.021615: E external/xla/xla/python/profiler/internal/python_hooks.cc:412] Can't import tensorflow.python.profiler.trace
[pf] ■ run_module:gw.gw_jax  33.749s
2026-05-08 17:20:27.027046: E external/xla/xla/python/profiler/internal/python_hooks.cc:412] Can't import tensorflow.python.profiler.trace
2026-05-08 17:20:27.028942: E external/xla/xla/python/profiler/internal/python_hooks.cc:412] Can't import tensorflow.python.profiler.trace
2026-05-08 17:20:27.029004: E external/xla/xla/python/profiler/internal/python_hooks.cc:412] Can't import tensorflow.python.profiler.trace
2026-05-08 17:20:27.029466: E external/xla/xla/python/profiler/internal/python_hooks.cc:412] Can't import tensorflow.python.profiler.trace
2026-05-08 17:20:27.031308: E external/xla/xla/python/profiler/internal/python_hooks.cc:412] Can't import tensorflow.python.profiler.trace
2026-05-08 17:20:27.032241: E external/xla/xla/python/profiler/internal/python_hooks.cc:412] Can't import tensorflow.python.profiler.trace
2026-05-08 17:20:27.032709: E external/xla/xla/python/profiler/internal/python_hooks.cc:412] Can't import tensorflow.python.profiler.trace
2026-05-08 17:20:27.035561: E external/xla/xla/python/profiler/internal/python_hooks.cc:412] Can't import tensorflow.python.profiler.trace
2026-05-08 17:20:27.037579: E external/xla/xla/python/profiler/internal/python_hooks.cc:412] Can't import tensorflow.python.profiler.trace
Traceback (most recent call last):
  File "/pscratch/sd/j/jackm/lorrax_sandbox/scripts/profiling/run_profiled.py", line 155, in <module>
    raise SystemExit(main())
                     ^^^^^^
  File "/pscratch/sd/j/jackm/lorrax_sandbox/scripts/profiling/run_profiled.py", line 126, in main
    runpy.run_module(module, run_name="__main__", alter_sys=True)
  File "<frozen runpy>", line 226, in run_module
  File "<frozen runpy>", line 98, in _run_module_code
  File "<frozen runpy>", line 88, in _run_code
  File "/global/u2/j/jackm/software/lorrax_A/src/gw/gw_jax.py", line 529, in <module>
    raise SystemExit(main())
                     ^^^^^^
  File "/global/u2/j/jackm/software/lorrax_A/src/gw/gw_jax.py", line 244, in main
    write_w0_qmunu_to_h5(tensors_filename, W_q_8d,
  File "/global/u2/j/jackm/software/lorrax_A/src/file_io/tagged_arrays.py", line 111, in write_w0_qmunu_to_h5
    with SlabIO(filename, mode="a", mesh=mesh,
         ^^^^^^^^^^^^^^^^^^^^^^^^^^^^^^^^^^^^^
  File "/global/u2/j/jackm/software/lorrax_A/src/file_io/slab_io.py", line 150, in __exit__
    self.close()
  File "/global/u2/j/jackm/software/lorrax_A/src/file_io/slab_io.py", line 153, in close
    self._backend.close()
  File "/global/u2/j/jackm/software/lorrax_A/src/file_io/_slab_io_ffi.py", line 745, in close
    self._drain_pending()
  File "/global/u2/j/jackm/software/lorrax_A/src/file_io/_slab_io_ffi.py", line 429, in _drain_pending
    raise err
  File "/global/u2/j/jackm/software/lorrax_A/src/file_io/_slab_io_ffi.py", line 411, in _dispatch_loop
    task()
  File "/global/u2/j/jackm/software/lorrax_A/src/file_io/_slab_io_ffi.py", line 585, in _task
    tok = sm(A, offset_arr, valid_shape_arr)
          ^^^^^^^^^^^^^^^^^^^^^^^^^^^^^^^^^^
jaxlib.xla_extension.XlaRuntimeError: INTERNAL: phdf5 async write: dataset rank mismatch ds=/W0_qmunu file_rank=3 write_rank=8
--------------------
For simplicity, JAX has removed its internal frames from the traceback of the following exception. Set JAX_TRACEBACK_FILTERING=off to include these.
Traceback (most recent call last):
  File "/pscratch/sd/j/jackm/lorrax_sandbox/scripts/profiling/run_profiled.py", line 155, in <module>
    raise SystemExit(main())
                     ^^^^^^
  File "/pscratch/sd/j/jackm/lorrax_sandbox/scripts/profiling/run_profiled.py", line 126, in main
    runpy.run_module(module, run_name="__main__", alter_sys=True)
  File "<frozen runpy>", line 226, in run_module
  File "<frozen runpy>", line 98, in _run_module_code
  File "<frozen runpy>", line 88, in _run_code
  File "/global/u2/j/jackm/software/lorrax_A/src/gw/gw_jax.py", line 529, in <module>
    raise SystemExit(main())
                     ^^^^^^
  File "/global/u2/j/jackm/software/lorrax_A/src/gw/gw_jax.py", line 244, in main
    write_w0_qmunu_to_h5(tensors_filename, W_q_8d,
  File "/global/u2/j/jackm/software/lorrax_A/src/file_io/tagged_arrays.py", line 111, in write_w0_qmunu_to_h5
Traceback (most recent call last):
  File "/pscratch/sd/j/jackm/lorrax_sandbox/scripts/profiling/run_profiled.py", line 155, in <module>
    raise SystemExit(main())
                     ^^^^^^
  File "/pscratch/sd/j/jackm/lorrax_sandbox/scripts/profiling/run_profiled.py", line 126, in main
    runpy.run_module(module, run_name="__main__", alter_sys=True)
  File "<frozen runpy>", line 226, in run_module
  File "<frozen runpy>", line 98, in _run_module_code
  File "<frozen runpy>", line 88, in _run_code
  File "/global/u2/j/jackm/software/lorrax_A/src/gw/gw_jax.py", line 529, in <module>
    raise SystemExit(main())
                     ^^^^^^
  File "/global/u2/j/jackm/software/lorrax_A/src/gw/gw_jax.py", line 244, in main
Traceback (most recent call last):
  File "/pscratch/sd/j/jackm/lorrax_sandbox/scripts/profiling/run_profiled.py", line 155, in <module>
    raise SystemExit(main())
                     ^^^^^^
  File "/pscratch/sd/j/jackm/lorrax_sandbox/scripts/profiling/run_profiled.py", line 126, in main
    write_w0_qmunu_to_h5(tensors_filename, W_q_8d,
  File "/global/u2/j/jackm/software/lorrax_A/src/file_io/tagged_arrays.py", line 111, in write_w0_qmunu_to_h5
    runpy.run_module(module, run_name="__main__", alter_sys=True)
  File "<frozen runpy>", line 226, in run_module
  File "<frozen runpy>", line 98, in _run_module_code
  File "<frozen runpy>", line 88, in _run_code
  File "/global/u2/j/jackm/software/lorrax_A/src/gw/gw_jax.py", line 529, in <module>
Traceback (most recent call last):
  File "/pscratch/sd/j/jackm/lorrax_sandbox/scripts/profiling/run_profiled.py", line 155, in <module>
    raise SystemExit(main())
                     ^^^^^^
  File "/pscratch/sd/j/jackm/lorrax_sandbox/scripts/profiling/run_profiled.py", line 126, in main
    runpy.run_module(module, run_name="__main__", alter_sys=True)
  File "<frozen runpy>", line 226, in run_module
  File "<frozen runpy>", line 98, in _run_module_code
  File "<frozen runpy>", line 88, in _run_code
  File "/global/u2/j/jackm/software/lorrax_A/src/gw/gw_jax.py", line 529, in <module>
    raise SystemExit(main())
                     ^^^^^^
  File "/global/u2/j/jackm/software/lorrax_A/src/gw/gw_jax.py", line 244, in main
    with SlabIO(filename, mode="a", mesh=mesh,
         ^^^^^^^^^^^^^^^^^^^^^^^^^^^^^^^^^^^^^
  File "/global/u2/j/jackm/software/lorrax_A/src/file_io/slab_io.py", line 150, in __exit__
    with SlabIO(filename, mode="a", mesh=mesh,
         ^^^^^^^^^^^^^^^^^^^^^^^^^^^^^^^^^^^^^
  File "/global/u2/j/jackm/software/lorrax_A/src/file_io/slab_io.py", line 150, in __exit__
Traceback (most recent call last):
  File "/pscratch/sd/j/jackm/lorrax_sandbox/scripts/profiling/run_profiled.py", line 155, in <module>
    raise SystemExit(main())
                     ^^^^^^
  File "/pscratch/sd/j/jackm/lorrax_sandbox/scripts/profiling/run_profiled.py", line 126, in main
    runpy.run_module(module, run_name="__main__", alter_sys=True)
  File "<frozen runpy>", line 226, in run_module
  File "<frozen runpy>", line 98, in _run_module_code
  File "<frozen runpy>", line 88, in _run_code
  File "/global/u2/j/jackm/software/lorrax_A/src/gw/gw_jax.py", line 529, in <module>
Traceback (most recent call last):
  File "/pscratch/sd/j/jackm/lorrax_sandbox/scripts/profiling/run_profiled.py", line 155, in <module>
    raise SystemExit(main())
                     ^^^^^^
  File "/pscratch/sd/j/jackm/lorrax_sandbox/scripts/profiling/run_profiled.py", line 126, in main
    runpy.run_module(module, run_name="__main__", alter_sys=True)
  File "<frozen runpy>", line 226, in run_module
  File "<frozen runpy>", line 98, in _run_module_code
  File "<frozen runpy>", line 88, in _run_code
  File "/global/u2/j/jackm/software/lorrax_A/src/gw/gw_jax.py", line 529, in <module>
Traceback (most recent call last):
  File "/pscratch/sd/j/jackm/lorrax_sandbox/scripts/profiling/run_profiled.py", line 155, in <module>
    raise SystemExit(main())
                     ^^^^^^
  File "/pscratch/sd/j/jackm/lorrax_sandbox/scripts/profiling/run_profiled.py", line 126, in main
    runpy.run_module(module, run_name="__main__", alter_sys=True)
  File "<frozen runpy>", line 226, in run_module
  File "<frozen runpy>", line 98, in _run_module_code
  File "<frozen runpy>", line 88, in _run_code
  File "/global/u2/j/jackm/software/lorrax_A/src/gw/gw_jax.py", line 529, in <module>
    self.close()
  File "/global/u2/j/jackm/software/lorrax_A/src/file_io/slab_io.py", line 153, in close
    write_w0_qmunu_to_h5(tensors_filename, W_q_8d,
  File "/global/u2/j/jackm/software/lorrax_A/src/file_io/tagged_arrays.py", line 111, in write_w0_qmunu_to_h5
    self._backend.close()
  File "/global/u2/j/jackm/software/lorrax_A/src/file_io/_slab_io_ffi.py", line 745, in close
Traceback (most recent call last):
  File "/pscratch/sd/j/jackm/lorrax_sandbox/scripts/profiling/run_profiled.py", line 155, in <module>
    raise SystemExit(main())
                     ^^^^^^
  File "/pscratch/sd/j/jackm/lorrax_sandbox/scripts/profiling/run_profiled.py", line 126, in main
    runpy.run_module(module, run_name="__main__", alter_sys=True)
  File "<frozen runpy>", line 226, in run_module
  File "<frozen runpy>", line 98, in _run_module_code
  File "<frozen runpy>", line 88, in _run_code
  File "/global/u2/j/jackm/software/lorrax_A/src/gw/gw_jax.py", line 529, in <module>
    self._drain_pending()
  File "/global/u2/j/jackm/software/lorrax_A/src/file_io/_slab_io_ffi.py", line 429, in _drain_pending
    raise err
  File "/global/u2/j/jackm/software/lorrax_A/src/file_io/_slab_io_ffi.py", line 411, in _dispatch_loop
    task()
  File "/global/u2/j/jackm/software/lorrax_A/src/file_io/_slab_io_ffi.py", line 585, in _task
Traceback (most recent call last):
  File "/pscratch/sd/j/jackm/lorrax_sandbox/scripts/profiling/run_profiled.py", line 155, in <module>
    raise SystemExit(main())
                     ^^^^^^
  File "/pscratch/sd/j/jackm/lorrax_sandbox/scripts/profiling/run_profiled.py", line 126, in main
    runpy.run_module(module, run_name="__main__", alter_sys=True)
  File "<frozen runpy>", line 226, in run_module
  File "<frozen runpy>", line 98, in _run_module_code
  File "<frozen runpy>", line 88, in _run_code
  File "/global/u2/j/jackm/software/lorrax_A/src/gw/gw_jax.py", line 529, in <module>
    raise SystemExit(main())
                     ^^^^^^
  File "/global/u2/j/jackm/software/lorrax_A/src/gw/gw_jax.py", line 244, in main
    raise SystemExit(main())
                     ^^^^^^
  File "/global/u2/j/jackm/software/lorrax_A/src/gw/gw_jax.py", line 244, in main
    raise SystemExit(main())
                     ^^^^^^
  File "/global/u2/j/jackm/software/lorrax_A/src/gw/gw_jax.py", line 244, in main
    write_w0_qmunu_to_h5(tensors_filename, W_q_8d,
  File "/global/u2/j/jackm/software/lorrax_A/src/file_io/tagged_arrays.py", line 111, in write_w0_qmunu_to_h5
    raise SystemExit(main())
                     ^^^^^^
    write_w0_qmunu_to_h5(tensors_filename, W_q_8d,
  File "/global/u2/j/jackm/software/lorrax_A/src/file_io/tagged_arrays.py", line 111, in write_w0_qmunu_to_h5
  File "/global/u2/j/jackm/software/lorrax_A/src/gw/gw_jax.py", line 244, in main
    tok = sm(A, offset_arr, valid_shape_arr)
          ^^^^^^^^^^^^^^^^^^^^^^^^^^^^^^^^^^
jaxlib.xla_extension.XlaRuntimeError: INTERNAL: phdf5 async write: dataset rank mismatch ds=/W0_qmunu file_rank=3 write_rank=8
--------------------
For simplicity, JAX has removed its internal frames from the traceback of the following exception. Set JAX_TRACEBACK_FILTERING=off to include these.
Traceback (most recent call last):
  File "/pscratch/sd/j/jackm/lorrax_sandbox/scripts/profiling/run_profiled.py", line 155, in <module>
    write_w0_qmunu_to_h5(tensors_filename, W_q_8d,
  File "/global/u2/j/jackm/software/lorrax_A/src/file_io/tagged_arrays.py", line 111, in write_w0_qmunu_to_h5
    self.close()
    raise SystemExit(main())
  File "/global/u2/j/jackm/software/lorrax_A/src/file_io/slab_io.py", line 153, in close
                     ^^^^^^
  File "/global/u2/j/jackm/software/lorrax_A/src/gw/gw_jax.py", line 244, in main
    raise SystemExit(main())
                     ^^^^^^
  File "/pscratch/sd/j/jackm/lorrax_sandbox/scripts/profiling/run_profiled.py", line 126, in main
    runpy.run_module(module, run_name="__main__", alter_sys=True)
  File "<frozen runpy>", line 226, in run_module
  File "<frozen runpy>", line 98, in _run_module_code
  File "<frozen runpy>", line 88, in _run_code
  File "/global/u2/j/jackm/software/lorrax_A/src/gw/gw_jax.py", line 529, in <module>
    with SlabIO(filename, mode="a", mesh=mesh,
         ^^^^^^^^^^^^^^^^^^^^^^^^^^^^^^^^^^^^^
  File "/global/u2/j/jackm/software/lorrax_A/src/file_io/slab_io.py", line 150, in __exit__
Traceback (most recent call last):
  File "/pscratch/sd/j/jackm/lorrax_sandbox/scripts/profiling/run_profiled.py", line 155, in <module>
    raise SystemExit(main())
                     ^^^^^^
  File "/pscratch/sd/j/jackm/lorrax_sandbox/scripts/profiling/run_profiled.py", line 126, in main
    runpy.run_module(module, run_name="__main__", alter_sys=True)
  File "<frozen runpy>", line 226, in run_module
  File "<frozen runpy>", line 98, in _run_module_code
  File "<frozen runpy>", line 88, in _run_code
  File "/global/u2/j/jackm/software/lorrax_A/src/gw/gw_jax.py", line 529, in <module>
    write_w0_qmunu_to_h5(tensors_filename, W_q_8d,
    self.close()
  File "/global/u2/j/jackm/software/lorrax_A/src/file_io/tagged_arrays.py", line 111, in write_w0_qmunu_to_h5
  File "/global/u2/j/jackm/software/lorrax_A/src/file_io/slab_io.py", line 153, in close
    raise SystemExit(main())
                     ^^^^^^
  File "/global/u2/j/jackm/software/lorrax_A/src/gw/gw_jax.py", line 244, in main
    write_w0_qmunu_to_h5(tensors_filename, W_q_8d,
  File "/global/u2/j/jackm/software/lorrax_A/src/file_io/tagged_arrays.py", line 111, in write_w0_qmunu_to_h5
Traceback (most recent call last):
  File "/pscratch/sd/j/jackm/lorrax_sandbox/scripts/profiling/run_profiled.py", line 155, in <module>
    self._backend.close()
    raise SystemExit(main())
  File "/global/u2/j/jackm/software/lorrax_A/src/file_io/_slab_io_ffi.py", line 745, in close
                     ^^^^^^
  File "/pscratch/sd/j/jackm/lorrax_sandbox/scripts/profiling/run_profiled.py", line 126, in main
    runpy.run_module(module, run_name="__main__", alter_sys=True)
  File "<frozen runpy>", line 226, in run_module
  File "<frozen runpy>", line 98, in _run_module_code
  File "<frozen runpy>", line 88, in _run_code
  File "/global/u2/j/jackm/software/lorrax_A/src/gw/gw_jax.py", line 529, in <module>
Traceback (most recent call last):
  File "/pscratch/sd/j/jackm/lorrax_sandbox/scripts/profiling/run_profiled.py", line 155, in <module>
    write_w0_qmunu_to_h5(tensors_filename, W_q_8d,
  File "/global/u2/j/jackm/software/lorrax_A/src/file_io/tagged_arrays.py", line 111, in write_w0_qmunu_to_h5
    raise SystemExit(main())
                     ^^^^^^
  File "/pscratch/sd/j/jackm/lorrax_sandbox/scripts/profiling/run_profiled.py", line 126, in main
    runpy.run_module(module, run_name="__main__", alter_sys=True)
  File "<frozen runpy>", line 226, in run_module
  File "<frozen runpy>", line 98, in _run_module_code
  File "<frozen runpy>", line 88, in _run_code
  File "/global/u2/j/jackm/software/lorrax_A/src/gw/gw_jax.py", line 529, in <module>
Traceback (most recent call last):
  File "/pscratch/sd/j/jackm/lorrax_sandbox/scripts/profiling/run_profiled.py", line 155, in <module>
    raise SystemExit(main())
                     ^^^^^^
  File "/pscratch/sd/j/jackm/lorrax_sandbox/scripts/profiling/run_profiled.py", line 126, in main
    runpy.run_module(module, run_name="__main__", alter_sys=True)
  File "<frozen runpy>", line 226, in run_module
  File "<frozen runpy>", line 98, in _run_module_code
  File "<frozen runpy>", line 88, in _run_code
  File "/global/u2/j/jackm/software/lorrax_A/src/gw/gw_jax.py", line 529, in <module>
    raise SystemExit(main())
                     ^^^^^^
  File "/global/u2/j/jackm/software/lorrax_A/src/gw/gw_jax.py", line 244, in main
    raise SystemExit(main())
                     ^^^^^^
  File "/global/u2/j/jackm/software/lorrax_A/src/gw/gw_jax.py", line 244, in main
    raise SystemExit(main())
                     ^^^^^^
  File "/global/u2/j/jackm/software/lorrax_A/src/gw/gw_jax.py", line 244, in main
    self._drain_pending()
  File "/global/u2/j/jackm/software/lorrax_A/src/file_io/_slab_io_ffi.py", line 429, in _drain_pending
    raise SystemExit(main())
                     ^^^^^^
  File "/global/u2/j/jackm/software/lorrax_A/src/gw/gw_jax.py", line 244, in main
    self._backend.close()
  File "/global/u2/j/jackm/software/lorrax_A/src/file_io/_slab_io_ffi.py", line 745, in close
    write_w0_qmunu_to_h5(tensors_filename, W_q_8d,
  File "/global/u2/j/jackm/software/lorrax_A/src/file_io/tagged_arrays.py", line 111, in write_w0_qmunu_to_h5
    raise SystemExit(main())
                     ^^^^^^
    write_w0_qmunu_to_h5(tensors_filename, W_q_8d,
  File "/global/u2/j/jackm/software/lorrax_A/src/gw/gw_jax.py", line 244, in main
  File "/global/u2/j/jackm/software/lorrax_A/src/file_io/tagged_arrays.py", line 111, in write_w0_qmunu_to_h5
Traceback (most recent call last):
  File "/pscratch/sd/j/jackm/lorrax_sandbox/scripts/profiling/run_profiled.py", line 155, in <module>
    write_w0_qmunu_to_h5(tensors_filename, W_q_8d,
  File "/global/u2/j/jackm/software/lorrax_A/src/file_io/tagged_arrays.py", line 111, in write_w0_qmunu_to_h5
    raise SystemExit(main())
                     ^^^^^^
  File "/pscratch/sd/j/jackm/lorrax_sandbox/scripts/profiling/run_profiled.py", line 126, in main
    runpy.run_module(module, run_name="__main__", alter_sys=True)
  File "<frozen runpy>", line 226, in run_module
  File "<frozen runpy>", line 98, in _run_module_code
  File "<frozen runpy>", line 88, in _run_code
  File "/global/u2/j/jackm/software/lorrax_A/src/gw/gw_jax.py", line 529, in <module>
    write_w0_qmunu_to_h5(tensors_filename, W_q_8d,
  File "/global/u2/j/jackm/software/lorrax_A/src/file_io/tagged_arrays.py", line 111, in write_w0_qmunu_to_h5
    with SlabIO(filename, mode="a", mesh=mesh,
         ^^^^^^^^^^^^^^^^^^^^^^^^^^^^^^^^^^^^^
  File "/global/u2/j/jackm/software/lorrax_A/src/file_io/slab_io.py", line 150, in __exit__
    write_w0_qmunu_to_h5(tensors_filename, W_q_8d,
  File "/global/u2/j/jackm/software/lorrax_A/src/file_io/tagged_arrays.py", line 111, in write_w0_qmunu_to_h5
    raise SystemExit(main())
                     ^^^^^^
  File "/global/u2/j/jackm/software/lorrax_A/src/gw/gw_jax.py", line 244, in main
    write_w0_qmunu_to_h5(tensors_filename, W_q_8d,
  File "/global/u2/j/jackm/software/lorrax_A/src/file_io/tagged_arrays.py", line 111, in write_w0_qmunu_to_h5
    self.close()
  File "/global/u2/j/jackm/software/lorrax_A/src/file_io/slab_io.py", line 153, in close
    raise err
  File "/global/u2/j/jackm/software/lorrax_A/src/file_io/_slab_io_ffi.py", line 411, in _dispatch_loop
    self._backend.close()
  File "/global/u2/j/jackm/software/lorrax_A/src/file_io/_slab_io_ffi.py", line 745, in close
    task()
  File "/global/u2/j/jackm/software/lorrax_A/src/file_io/_slab_io_ffi.py", line 585, in _task
    self._drain_pending()
  File "/global/u2/j/jackm/software/lorrax_A/src/file_io/_slab_io_ffi.py", line 429, in _drain_pending
    self._drain_pending()
  File "/global/u2/j/jackm/software/lorrax_A/src/file_io/_slab_io_ffi.py", line 429, in _drain_pending
    with SlabIO(filename, mode="a", mesh=mesh,
         ^^^^^^^^^^^^^^^^^^^^^^^^^^^^^^^^^^^^^
  File "/global/u2/j/jackm/software/lorrax_A/src/file_io/slab_io.py", line 150, in __exit__
    tok = sm(A, offset_arr, valid_shape_arr)
    raise err
          ^^^^^^^^^^^^^^^^^^^^^^^^^^^^^^^^^^
  File "/global/u2/j/jackm/software/lorrax_A/src/file_io/_slab_io_ffi.py", line 411, in _dispatch_loop
    raise err
jaxlib.xla_extension.XlaRuntimeError: INTERNAL: phdf5 async write: dataset rank mismatch ds=/W0_qmunu file_rank=3 write_rank=8
--------------------
For simplicity, JAX has removed its internal frames from the traceback of the following exception. Set JAX_TRACEBACK_FILTERING=off to include these.
  File "/global/u2/j/jackm/software/lorrax_A/src/file_io/_slab_io_ffi.py", line 411, in _dispatch_loop
    task()
  File "/global/u2/j/jackm/software/lorrax_A/src/file_io/_slab_io_ffi.py", line 585, in _task
    task()
  File "/global/u2/j/jackm/software/lorrax_A/src/file_io/_slab_io_ffi.py", line 585, in _task
    with SlabIO(filename, mode="a", mesh=mesh,
         ^^^^^^^^^^^^^^^^^^^^^^^^^^^^^^^^^^^^^
  File "/global/u2/j/jackm/software/lorrax_A/src/file_io/slab_io.py", line 150, in __exit__
    with SlabIO(filename, mode="a", mesh=mesh,
         ^^^^^^^^^^^^^^^^^^^^^^^^^^^^^^^^^^^^^
  File "/global/u2/j/jackm/software/lorrax_A/src/file_io/slab_io.py", line 150, in __exit__
    with SlabIO(filename, mode="a", mesh=mesh,
         ^^^^^^^^^^^^^^^^^^^^^^^^^^^^^^^^^^^^^
  File "/global/u2/j/jackm/software/lorrax_A/src/file_io/slab_io.py", line 150, in __exit__
    self.close()
  File "/global/u2/j/jackm/software/lorrax_A/src/file_io/slab_io.py", line 153, in close
    tok = sm(A, offset_arr, valid_shape_arr)
          ^^^^^^^^^^^^^^^^^^^^^^^^^^^^^^^^^^
jaxlib.xla_extension.XlaRuntimeError: INTERNAL: phdf5 async write: dataset rank mismatch ds=/W0_qmunu file_rank=3 write_rank=8
--------------------
For simplicity, JAX has removed its internal frames from the traceback of the following exception. Set JAX_TRACEBACK_FILTERING=off to include these.
    tok = sm(A, offset_arr, valid_shape_arr)
          ^^^^^^^^^^^^^^^^^^^^^^^^^^^^^^^^^^
jaxlib.xla_extension.XlaRuntimeError: INTERNAL: phdf5 async write: dataset rank mismatch ds=/W0_qmunu file_rank=3 write_rank=8
--------------------
For simplicity, JAX has removed its internal frames from the traceback of the following exception. Set JAX_TRACEBACK_FILTERING=off to include these.
    with SlabIO(filename, mode="a", mesh=mesh,
         ^^^^^^^^^^^^^^^^^^^^^^^^^^^^^^^^^^^^^
  File "/global/u2/j/jackm/software/lorrax_A/src/file_io/slab_io.py", line 150, in __exit__
    self.close()
  File "/global/u2/j/jackm/software/lorrax_A/src/file_io/slab_io.py", line 153, in close
    self.close()
  File "/global/u2/j/jackm/software/lorrax_A/src/file_io/slab_io.py", line 153, in close
    self.close()
  File "/global/u2/j/jackm/software/lorrax_A/src/file_io/slab_io.py", line 153, in close
    self.close()
  File "/global/u2/j/jackm/software/lorrax_A/src/file_io/slab_io.py", line 153, in close
    self._backend.close()
  File "/global/u2/j/jackm/software/lorrax_A/src/file_io/_slab_io_ffi.py", line 745, in close
    self._backend.close()
  File "/global/u2/j/jackm/software/lorrax_A/src/file_io/_slab_io_ffi.py", line 745, in close
    self._backend.close()
  File "/global/u2/j/jackm/software/lorrax_A/src/file_io/_slab_io_ffi.py", line 745, in close
    with SlabIO(filename, mode="a", mesh=mesh,
         ^^^^^^^^^^^^^^^^^^^^^^^^^^^^^^^^^^^^^
  File "/global/u2/j/jackm/software/lorrax_A/src/file_io/slab_io.py", line 150, in __exit__
    with SlabIO(filename, mode="a", mesh=mesh,
         ^^^^^^^^^^^^^^^^^^^^^^^^^^^^^^^^^^^^^
    with SlabIO(filename, mode="a", mesh=mesh,
  File "/global/u2/j/jackm/software/lorrax_A/src/file_io/slab_io.py", line 150, in __exit__
         ^^^^^^^^^^^^^^^^^^^^^^^^^^^^^^^^^^^^^
  File "/global/u2/j/jackm/software/lorrax_A/src/file_io/slab_io.py", line 150, in __exit__
    self._drain_pending()
  File "/global/u2/j/jackm/software/lorrax_A/src/file_io/_slab_io_ffi.py", line 429, in _drain_pending
    self._drain_pending()
  File "/global/u2/j/jackm/software/lorrax_A/src/file_io/_slab_io_ffi.py", line 429, in _drain_pending
    self._drain_pending()
  File "/global/u2/j/jackm/software/lorrax_A/src/file_io/_slab_io_ffi.py", line 429, in _drain_pending
    self.close()
  File "/global/u2/j/jackm/software/lorrax_A/src/file_io/slab_io.py", line 153, in close
    raise err
  File "/global/u2/j/jackm/software/lorrax_A/src/file_io/_slab_io_ffi.py", line 411, in _dispatch_loop
    raise err
  File "/global/u2/j/jackm/software/lorrax_A/src/file_io/_slab_io_ffi.py", line 411, in _dispatch_loop
    raise err
  File "/global/u2/j/jackm/software/lorrax_A/src/file_io/_slab_io_ffi.py", line 411, in _dispatch_loop
    task()
  File "/global/u2/j/jackm/software/lorrax_A/src/file_io/_slab_io_ffi.py", line 585, in _task
    task()
  File "/global/u2/j/jackm/software/lorrax_A/src/file_io/_slab_io_ffi.py", line 585, in _task
    task()
  File "/global/u2/j/jackm/software/lorrax_A/src/file_io/_slab_io_ffi.py", line 585, in _task
    with SlabIO(filename, mode="a", mesh=mesh,
    with SlabIO(filename, mode="a", mesh=mesh,
         ^^^^^^^^^^^^^^^^^^^^^^^^^^^^^^^^^^^^^
  File "/global/u2/j/jackm/software/lorrax_A/src/file_io/slab_io.py", line 150, in __exit__
         ^^^^^^^^^^^^^^^^^^^^^^^^^^^^^^^^^^^^^
  File "/global/u2/j/jackm/software/lorrax_A/src/file_io/slab_io.py", line 150, in __exit__
    tok = sm(A, offset_arr, valid_shape_arr)
    tok = sm(A, offset_arr, valid_shape_arr)
          ^^^^^^^^^^^^^^^^^^^^^^^^^^^^^^^^^^
jaxlib.xla_extension.XlaRuntimeError: INTERNAL: phdf5 async write: dataset rank mismatch ds=/W0_qmunu file_rank=3 write_rank=8
--------------------
For simplicity, JAX has removed its internal frames from the traceback of the following exception. Set JAX_TRACEBACK_FILTERING=off to include these.
          ^^^^^^^^^^^^^^^^^^^^^^^^^^^^^^^^^^
    tok = sm(A, offset_arr, valid_shape_arr)
jaxlib.xla_extension.XlaRuntimeError: INTERNAL: phdf5 async write: dataset rank mismatch ds=/W0_qmunu file_rank=3 write_rank=8
--------------------
For simplicity, JAX has removed its internal frames from the traceback of the following exception. Set JAX_TRACEBACK_FILTERING=off to include these.
          ^^^^^^^^^^^^^^^^^^^^^^^^^^^^^^^^^^
jaxlib.xla_extension.XlaRuntimeError: INTERNAL: phdf5 async write: dataset rank mismatch ds=/W0_qmunu file_rank=3 write_rank=8
--------------------
For simplicity, JAX has removed its internal frames from the traceback of the following exception. Set JAX_TRACEBACK_FILTERING=off to include these.
    self._backend.close()
  File "/global/u2/j/jackm/software/lorrax_A/src/file_io/_slab_io_ffi.py", line 745, in close
    with SlabIO(filename, mode="a", mesh=mesh,
         ^^^^^^^^^^^^^^^^^^^^^^^^^^^^^^^^^^^^^
  File "/global/u2/j/jackm/software/lorrax_A/src/file_io/slab_io.py", line 150, in __exit__
    self._drain_pending()
  File "/global/u2/j/jackm/software/lorrax_A/src/file_io/_slab_io_ffi.py", line 429, in _drain_pending
    raise err
  File "/global/u2/j/jackm/software/lorrax_A/src/file_io/_slab_io_ffi.py", line 411, in _dispatch_loop
    task()
  File "/global/u2/j/jackm/software/lorrax_A/src/file_io/_slab_io_ffi.py", line 585, in _task
    self._backend.close()
  File "/global/u2/j/jackm/software/lorrax_A/src/file_io/_slab_io_ffi.py", line 745, in close
    self._backend.close()
  File "/global/u2/j/jackm/software/lorrax_A/src/file_io/_slab_io_ffi.py", line 745, in close
    tok = sm(A, offset_arr, valid_shape_arr)
          ^^^^^^^^^^^^^^^^^^^^^^^^^^^^^^^^^^
jaxlib.xla_extension.XlaRuntimeError: INTERNAL: phdf5 async write: dataset rank mismatch ds=/W0_qmunu file_rank=3 write_rank=8
--------------------
For simplicity, JAX has removed its internal frames from the traceback of the following exception. Set JAX_TRACEBACK_FILTERING=off to include these.
    self._drain_pending()
  File "/global/u2/j/jackm/software/lorrax_A/src/file_io/_slab_io_ffi.py", line 429, in _drain_pending
    self._drain_pending()
  File "/global/u2/j/jackm/software/lorrax_A/src/file_io/_slab_io_ffi.py", line 429, in _drain_pending
    raise err
  File "/global/u2/j/jackm/software/lorrax_A/src/file_io/_slab_io_ffi.py", line 411, in _dispatch_loop
    raise err
  File "/global/u2/j/jackm/software/lorrax_A/src/file_io/_slab_io_ffi.py", line 411, in _dispatch_loop
    self.close()
  File "/global/u2/j/jackm/software/lorrax_A/src/file_io/slab_io.py", line 153, in close
    task()
  File "/global/u2/j/jackm/software/lorrax_A/src/file_io/_slab_io_ffi.py", line 585, in _task
    task()
  File "/global/u2/j/jackm/software/lorrax_A/src/file_io/_slab_io_ffi.py", line 585, in _task
    self.close()
  File "/global/u2/j/jackm/software/lorrax_A/src/file_io/slab_io.py", line 153, in close
    self.close()
  File "/global/u2/j/jackm/software/lorrax_A/src/file_io/slab_io.py", line 153, in close
    tok = sm(A, offset_arr, valid_shape_arr)
          ^^^^^^^^^^^^^^^^^^^^^^^^^^^^^^^^^^
jaxlib.xla_extension.XlaRuntimeError: INTERNAL: phdf5 async write: dataset rank mismatch ds=/W0_qmunu file_rank=3 write_rank=8
--------------------
For simplicity, JAX has removed its internal frames from the traceback of the following exception. Set JAX_TRACEBACK_FILTERING=off to include these.
    tok = sm(A, offset_arr, valid_shape_arr)
          ^^^^^^^^^^^^^^^^^^^^^^^^^^^^^^^^^^
jaxlib.xla_extension.XlaRuntimeError: INTERNAL: phdf5 async write: dataset rank mismatch ds=/W0_qmunu file_rank=3 write_rank=8
--------------------
For simplicity, JAX has removed its internal frames from the traceback of the following exception. Set JAX_TRACEBACK_FILTERING=off to include these.
    self._backend.close()
  File "/global/u2/j/jackm/software/lorrax_A/src/file_io/_slab_io_ffi.py", line 745, in close
    self.close()
  File "/global/u2/j/jackm/software/lorrax_A/src/file_io/slab_io.py", line 153, in close
    self.close()
  File "/global/u2/j/jackm/software/lorrax_A/src/file_io/slab_io.py", line 153, in close
    self._backend.close()
  File "/global/u2/j/jackm/software/lorrax_A/src/file_io/_slab_io_ffi.py", line 745, in close
    self._drain_pending()
  File "/global/u2/j/jackm/software/lorrax_A/src/file_io/_slab_io_ffi.py", line 429, in _drain_pending
    self._backend.close()
  File "/global/u2/j/jackm/software/lorrax_A/src/file_io/_slab_io_ffi.py", line 745, in close
    self._backend.close()
  File "/global/u2/j/jackm/software/lorrax_A/src/file_io/_slab_io_ffi.py", line 745, in close
    self._backend.close()
  File "/global/u2/j/jackm/software/lorrax_A/src/file_io/_slab_io_ffi.py", line 745, in close
    self._drain_pending()
  File "/global/u2/j/jackm/software/lorrax_A/src/file_io/_slab_io_ffi.py", line 429, in _drain_pending
    raise err
  File "/global/u2/j/jackm/software/lorrax_A/src/file_io/_slab_io_ffi.py", line 411, in _dispatch_loop
    raise err
  File "/global/u2/j/jackm/software/lorrax_A/src/file_io/_slab_io_ffi.py", line 411, in _dispatch_loop
    self._drain_pending()
    self._drain_pending()
  File "/global/u2/j/jackm/software/lorrax_A/src/file_io/_slab_io_ffi.py", line 429, in _drain_pending
  File "/global/u2/j/jackm/software/lorrax_A/src/file_io/_slab_io_ffi.py", line 429, in _drain_pending
    self._drain_pending()
  File "/global/u2/j/jackm/software/lorrax_A/src/file_io/_slab_io_ffi.py", line 429, in _drain_pending
    task()
  File "/global/u2/j/jackm/software/lorrax_A/src/file_io/_slab_io_ffi.py", line 585, in _task
    task()
  File "/global/u2/j/jackm/software/lorrax_A/src/file_io/_slab_io_ffi.py", line 585, in _task
    raise err
  File "/global/u2/j/jackm/software/lorrax_A/src/file_io/_slab_io_ffi.py", line 411, in _dispatch_loop
    raise err
  File "/global/u2/j/jackm/software/lorrax_A/src/file_io/_slab_io_ffi.py", line 411, in _dispatch_loop
    raise err
  File "/global/u2/j/jackm/software/lorrax_A/src/file_io/_slab_io_ffi.py", line 411, in _dispatch_loop
    task()
    task()
  File "/global/u2/j/jackm/software/lorrax_A/src/file_io/_slab_io_ffi.py", line 585, in _task
  File "/global/u2/j/jackm/software/lorrax_A/src/file_io/_slab_io_ffi.py", line 585, in _task
    tok = sm(A, offset_arr, valid_shape_arr)
          ^^^^^^^^^^^^^^^^^^^^^^^^^^^^^^^^^^
jaxlib.xla_extension.XlaRuntimeError: INTERNAL: phdf5 async write: dataset rank mismatch ds=/W0_qmunu file_rank=3 write_rank=8
--------------------
For simplicity, JAX has removed its internal frames from the traceback of the following exception. Set JAX_TRACEBACK_FILTERING=off to include these.
    tok = sm(A, offset_arr, valid_shape_arr)
    task()
  File "/global/u2/j/jackm/software/lorrax_A/src/file_io/_slab_io_ffi.py", line 585, in _task
          ^^^^^^^^^^^^^^^^^^^^^^^^^^^^^^^^^^
jaxlib.xla_extension.XlaRuntimeError: INTERNAL: phdf5 async write: dataset rank mismatch ds=/W0_qmunu file_rank=3 write_rank=8
--------------------
For simplicity, JAX has removed its internal frames from the traceback of the following exception. Set JAX_TRACEBACK_FILTERING=off to include these.
    tok = sm(A, offset_arr, valid_shape_arr)
    tok = sm(A, offset_arr, valid_shape_arr)
          ^^^^^^^^^^^^^^^^^^^^^^^^^^^^^^^^^^
jaxlib.xla_extension.XlaRuntimeError: INTERNAL: phdf5 async write: dataset rank mismatch ds=/W0_qmunu file_rank=3 write_rank=8
--------------------
For simplicity, JAX has removed its internal frames from the traceback of the following exception. Set JAX_TRACEBACK_FILTERING=off to include these.
          ^^^^^^^^^^^^^^^^^^^^^^^^^^^^^^^^^^
jaxlib.xla_extension.XlaRuntimeError: INTERNAL: phdf5 async write: dataset rank mismatch ds=/W0_qmunu file_rank=3 write_rank=8
--------------------
For simplicity, JAX has removed its internal frames from the traceback of the following exception. Set JAX_TRACEBACK_FILTERING=off to include these.
    tok = sm(A, offset_arr, valid_shape_arr)
          ^^^^^^^^^^^^^^^^^^^^^^^^^^^^^^^^^^
jaxlib.xla_extension.XlaRuntimeError: INTERNAL: phdf5 async write: dataset rank mismatch ds=/W0_qmunu file_rank=3 write_rank=8
--------------------
For simplicity, JAX has removed its internal frames from the traceback of the following exception. Set JAX_TRACEBACK_FILTERING=off to include these.
terminate called after throwing an instance of '%'
FATAL: exception not rethrown
srun: error: nid001241: task 15: Aborted
srun: Terminating StepId=52728775.1
[2026-05-09T00:20:28.787] error: *** STEP 52728775.1 ON nid001120 CANCELLED AT 2026-05-09T00:20:28 DUE TO TASK FAILURE ***
srun: error: nid001124: task 11: Exited with exit code 1
srun: error: nid001241: tasks 12-13: Exited with exit code 1
srun: error: nid001120: tasks 1,3: Exited with exit code 1
srun: error: nid001120: task 2: Exited with exit code 1
srun: error: nid001241: task 14: Exited with exit code 1
srun: error: nid001124: tasks 9-10: Exited with exit code 1
srun: error: nid001121: tasks 4-6: Exited with exit code 1
srun: error: nid001120: task 0: Exited with exit code 1
srun: error: nid001124: task 8: Exited with exit code 1
srun: error: nid001121: task 7: Exited with exit code 1
