NSCF: Davidson (60 bands) + pseudobands (k=6, M=1500, 30 windows)
  kgrid=(2, 2, 2), fft=(36, 36, 36), nspinor=2
  GPUs: 4  (processes: 4)
  Core density integral: 1.4485 e (from NLCC, 2 atoms)
  Core density integral: 1.4485 e (from NLCC, 2 atoms)
  Core density integral: 1.4485 e (from NLCC, 2 atoms)
  Core density integral: 1.4485 e (from NLCC, 2 atoms)
  Potentials: 13.61s
  nk=8 (full), ngkmax=2120

── Davidson ──
  JIT warmup: 9.48s
  [rank 0] k=  0/8: 1.661s  evals[0]=-0.418717 Ry
  Davidson: 6.39s (0.799s/k, 4 ranks) → /pscratch/sd/j/jackm/lorrax_sandbox/runs/Si_pseudobands/00_si_2x2x2_60Ry/pb_sweep3/v1_k6_30w_s1/WFN.h5

── Pseudobands v1 (k=6, M_max=1500, 30 windows) ──
Pseudobands: computing KPM DOS...
  Estimating spectrum bounds via Lanczos...
  Spectrum: [-1.5853, 60.7174] (center=29.5661, half_width=31.1514)
  Computing 500 Chebyshev moments with 10 random vectors...
  Random vector 1/10...
  Random vector 2/10...
  Random vector 3/10...
  Random vector 4/10...
  Random vector 5/10...
  Random vector 6/10...
  Random vector 7/10...
  Random vector 8/10...
  Random vector 9/10...
  Random vector 10/10...
  DOS integral: 1.0 states (dim=4240)
  CJ resolution: π·B/M = 0.1305 Ry
  Crossover energy: ε_cross = 1.3049 (E_F + ε_cross = 1.3049)
  Det bands: 28 protected (E < 1.3049), 32 available for stochastic
  29 spectral windows from 1.3049 to 60.7174
  Window widths: min=0.4096, max=5.4824, first 3: [0.4162, 0.5314, 0.4096]
  Window classification: 4 stochastic, 25 CJ-Ritz
  Running 1500 Chebyshev iterations (block size 6)...
  Filtered blocks: (29, 6, 4240)
    window 1/29 [stoch]: [1.30,1.72] n_eff=3.4, w=0.577, θ=[1.5942, 1.5942]
    window 2/29 [stoch]: [1.72,2.25] n_eff=8.2, w=1.291, θ=[2.1832, 2.1832]
    window 3/29 [stoch]: [2.25,2.66] n_eff=10.3, w=1.414, θ=[2.4865, 2.4865]
    window 4/29 [stoch]: [2.66,3.30] n_eff=11.2, w=1.155, θ=[3.0670, 3.0670]
    window 5/29 [CJ   ]: [3.30,3.82] n_eff=26.7, w=2.109, θ=[3.6007, 3.7502]
    window 10/29 [CJ   ]: [6.94,7.86] n_eff=49.3, w=2.867, θ=[7.2296, 7.4410]
    window 20/29 [CJ   ]: [23.74,26.51] n_eff=188.5, w=5.605, θ=[25.0082, 25.2516]
    window 29/29 [CJ   ]: [59.15,60.72] n_eff=47.9, w=2.824, θ=[59.5156, 59.5222]
  Total: 28 protected + 174 pseudo (24 stochastic + 150 CJ) = 202 bands (Σ n_eff = 4180.2)
  Total bands per k: 28 prot + 174 pseudo = 202
  k=  1/8: 1.5s
  k=  2/8: 1.4s
  k=  7/8: 1.1s
  Pseudobands: 26.7s → /pscratch/sd/j/jackm/lorrax_sandbox/runs/Si_pseudobands/00_si_2x2x2_60Ry/pb_sweep3/v1_k6_30w_s1/WFN_pseudobands.h5

Total NSCF: 58.7s
