/opt/jax/jax/_src/compiler.py:723: UserWarning: Error reading persistent compilation cache entry for 'jit_convert_element_type': XlaRuntimeError: INVALID_ARGUMENT: Device assignment (Computations: 1 Replicas: 1
Computation 0: 0 
) does not have any local devices.
  warnings.warn(
/opt/jax/jax/_src/compiler.py:723: UserWarning: Error reading persistent compilation cache entry for 'jit_convert_element_type': XlaRuntimeError: INVALID_ARGUMENT: Device assignment (Computations: 1 Replicas: 1
Computation 0: 0 
) does not have any local devices.
  warnings.warn(
/opt/jax/jax/_src/compiler.py:723: UserWarning: Error reading persistent compilation cache entry for 'jit_convert_element_type': XlaRuntimeError: INVALID_ARGUMENT: Device assignment (Computations: 1 Replicas: 1
Computation 0: 0 
) does not have any local devices.
  warnings.warn(
/opt/jax/jax/_src/compiler.py:723: UserWarning: Error reading persistent compilation cache entry for 'jit_broadcast_in_dim': XlaRuntimeError: INVALID_ARGUMENT: Device assignment (Computations: 1 Replicas: 1
Computation 0: 0 
) does not have any local devices.
  warnings.warn(
/opt/jax/jax/_src/compiler.py:723: UserWarning: Error reading persistent compilation cache entry for 'jit_broadcast_in_dim': XlaRuntimeError: INVALID_ARGUMENT: Device assignment (Computations: 1 Replicas: 1
Computation 0: 0 
) does not have any local devices.
  warnings.warn(
/opt/jax/jax/_src/compiler.py:723: UserWarning: Error reading persistent compilation cache entry for 'jit_broadcast_in_dim': XlaRuntimeError: INVALID_ARGUMENT: Device assignment (Computations: 1 Replicas: 1
Computation 0: 0 
) does not have any local devices.
  warnings.warn(
/opt/jax/jax/_src/compiler.py:723: UserWarning: Error reading persistent compilation cache entry for 'jit__multi_slice': XlaRuntimeError: INVALID_ARGUMENT: Device assignment (Computations: 1 Replicas: 1
Computation 0: 0 
) does not have any local devices.
  warnings.warn(
/opt/jax/jax/_src/compiler.py:723: UserWarning: Error reading persistent compilation cache entry for 'jit__multi_slice': XlaRuntimeError: INVALID_ARGUMENT: Device assignment (Computations: 1 Replicas: 1
Computation 0: 0 
) does not have any local devices.
  warnings.warn(

========================================================================
  COHSEX-JAX: Self-Energy Calculation
========================================================================
  Backend: GPU       Devices: 4  Mesh: 2×2  Processes: 4
  Device type: NVIDIA A100-SXM4-40GB
  XLA preallocate: false  mem_fraction: 0.95
  XLA pool: limit=40.28 GB, in_use=0.00 GB, avail=40.28 GB
========================================================================

  ISDF basis: 1496 centroids
  FFT grid: 24×24×80   Cell volume: 702.20 a.u.³


  ISDF memory model — chunk plan + HWM estimate
    band_chunk    = 16
    r_chunk       = 7800  (6 chunks)
    q_chunk       = 36
    gflat_cs      = 100
    P_min (floor) = 1
    budget        = 28.00 GB/dev  (util 0.85)
    persistent    = 1.95 GB/dev
    HWM estimate  = 23.80 GB/dev (85% of budget) [binder: C_fit_one_rchunk]
    per-stage peaks (persistent + transient, GB/dev):
      C_fit_one_rchunk....   23.80 <=
      B_cct_chol..........    4.85
      D_accumulate........    3.78
      A_centroid_load.....    2.80
      E_v_q...............    1.50

  Chunked ISDF fitting:
    Band chunks: 16
    R chunks:    7800 (contiguous r-space)
    Q chunks:    36
    GFlat cs:    100
    Zeta output: /pscratch/sd/j/jackm/lorrax_sandbox/runs/MoS2/A_bse_figures_2026-07-20/_vhsym_exp/run_cohsex_fix/tmp/zeta_q.h5
    cutoffs: zeta = 30.0 Ry, bare-Coulomb = 30.0 Ry  (ecutwfc=30.0, ecutrho=120.0)

  Zeta fitting: 6 r-chunks x 7800 r-points, 200 bands (100 left + 200 right)
  Output: /pscratch/sd/j/jackm/lorrax_sandbox/runs/MoS2/A_bse_figures_2026-07-20/_vhsym_exp/run_cohsex_fix/tmp/zeta_q.h5
  Left wfns:  (36, 100, 2, 1496)
  Right wfns: (36, 200, 2, 1496)
  Computing C_q via shard_map pipeline (open-spin, charge γ̃^0=I)
  Computing L_q = chol(C_q)  [PSD, charge channel, path=cusolvermp_cholesky]

  Zeta fitting: 6 r-chunks x 7800 r-points, 200 bands (100 left + 200 right)
  Output: /pscratch/sd/j/jackm/lorrax_sandbox/runs/MoS2/A_bse_figures_2026-07-20/_vhsym_exp/run_cohsex_fix/tmp/zeta_q.h5

  Zeta fitting: 6 r-chunks x 7800 r-points, 200 bands (100 left + 200 right)
  Output: /pscratch/sd/j/jackm/lorrax_sandbox/runs/MoS2/A_bse_figures_2026-07-20/_vhsym_exp/run_cohsex_fix/tmp/zeta_q.h5

  Zeta fitting: 6 r-chunks x 7800 r-points, 200 bands (100 left + 200 right)
  Output: /pscratch/sd/j/jackm/lorrax_sandbox/runs/MoS2/A_bse_figures_2026-07-20/_vhsym_exp/run_cohsex_fix/tmp/zeta_q.h5
  Left wfns:  (36, 100, 2, 1496)
  Right wfns: (36, 200, 2, 1496)
  Left wfns:  (36, 100, 2, 1496)
  Right wfns: (36, 200, 2, 1496)
  Left wfns:  (36, 100, 2, 1496)
  Right wfns: (36, 200, 2, 1496)
  Computing C_q via shard_map pipeline (open-spin, charge γ̃^0=I)
  Computing C_q via shard_map pipeline (open-spin, charge γ̃^0=I)
  Computing C_q via shard_map pipeline (open-spin, charge γ̃^0=I)
  Computing L_q = chol(C_q)  [PSD, charge channel, path=cusolvermp_cholesky]
  Computing L_q = chol(C_q)  [PSD, charge channel, path=cusolvermp_cholesky]
  Computing L_q = chol(C_q)  [PSD, charge channel, path=cusolvermp_cholesky]
[lorrax cusolverMp] library 0.7.2, NCCL 2.26.3, comm path: NCCL, grid: 2x2 (row-major)
  L_q: (20, 1496, 1496)
  L_q: (20, 1496, 1496)
  L_q: (20, 1496, 1496)
  L_q: (20, 1496, 1496)
  q-IBZ reduction: 20 IBZ q-points / 36 full-BZ (disk shrink 1.8×)
  q-IBZ reduction: 20 IBZ q-points / 36 full-BZ (disk shrink 1.8×)
  q-IBZ reduction: 20 IBZ q-points / 36 full-BZ (disk shrink 1.8×)
  q-IBZ reduction: 20 IBZ q-points / 36 full-BZ (disk shrink 1.8×)
  G-flat ζ sphere: ngkmax=1964, min ngk=1917, max ngk=1964 (4.262% of n_rtot)
/pscratch/sd/j/jackm/lorrax_sandbox/sources/worktrees/lorrax_A_vh_sym/src/file_io/_slab_io_ffi.py:457: UserWarning: FFI backend: chunks/attrs on create_dataset currently no-op; pre-create with h5py if you need explicit chunking or attrs.
  warnings.warn(
/pscratch/sd/j/jackm/lorrax_sandbox/sources/worktrees/lorrax_A_vh_sym/src/file_io/_slab_io_ffi.py:457: UserWarning: FFI backend: chunks/attrs on create_dataset currently no-op; pre-create with h5py if you need explicit chunking or attrs.
  warnings.warn(
/pscratch/sd/j/jackm/lorrax_sandbox/sources/worktrees/lorrax_A_vh_sym/src/file_io/_slab_io_ffi.py:457: UserWarning: FFI backend: chunks/attrs on create_dataset currently no-op; pre-create with h5py if you need explicit chunking or attrs.
  warnings.warn(
/pscratch/sd/j/jackm/lorrax_sandbox/sources/worktrees/lorrax_A_vh_sym/src/file_io/_slab_io_ffi.py:457: UserWarning: FFI backend: chunks/attrs on create_dataset currently no-op; pre-create with h5py if you need explicit chunking or attrs.
  warnings.warn(
  ψ(G-flat) host cache: 0.11 GB/process resident
  G-flat ζ accumulator: N=7480 rows/rank (n_q=20 × n_mu_local=374); chunk_size=100 → per-iter FFT box 0.07 GB/rank
Started zeta fitting at 16:37:07.
[ 16:37:07 | ██░░░░░░░░ |  17% ] r-chunk 1 / 6 · ETA 0 s
[ 16:37:10 | ███░░░░░░░ |  33% ] r-chunk 2 / 6 · ETA 4 s
[ 16:37:11 | █████░░░░░ |  50% ] r-chunk 3 / 6 · ETA 4 s
[ 16:37:12 | ███████░░░ |  67% ] r-chunk 4 / 6 · ETA 3 s
[ 16:37:14 | ████████░░ |  83% ] r-chunk 5 / 6 · ETA 1 s
[ 16:37:16 | ██████████ | 100% ] r-chunk 6 / 6 · ETA 0 s
Finished zeta fitting at 16:37:16.  Elapsed: 9 s.
  [SlabIO.close] draining 1 pending writes for zeta_q.h5 …
  [SlabIO.close] Python dispatch drained in 0.8 s; joining writer thread
  [SlabIO.close] writer thread joined in 0.0 s; calling H5Fclose collectively
  [SlabIO.close] H5Fclose returned in 0.1 s
  Zeta output: /pscratch/sd/j/jackm/lorrax_sandbox/runs/MoS2/A_bse_figures_2026-07-20/_vhsym_exp/run_cohsex_fix/tmp/zeta_q.h5  shape: (n_q_disk=20 of 6·6·1=36 full-BZ, n_rtot=46080, n_rmu=1496)
  Timing (6 r-chunks, 12.9s total):
    fit     11.51s  89.4%
  Zeta output: /pscratch/sd/j/jackm/lorrax_sandbox/runs/MoS2/A_bse_figures_2026-07-20/_vhsym_exp/run_cohsex_fix/tmp/zeta_q.h5  shape: (n_q_disk=20 of 6·6·1=36 full-BZ, n_rtot=46080, n_rmu=1496)
  Timing (6 r-chunks, 12.9s total):
    fit     11.51s  89.4%
    H5       1.29s  10.0%
  Zeta output: /pscratch/sd/j/jackm/lorrax_sandbox/runs/MoS2/A_bse_figures_2026-07-20/_vhsym_exp/run_cohsex_fix/tmp/zeta_q.h5  shape: (n_q_disk=20 of 6·6·1=36 full-BZ, n_rtot=46080, n_rmu=1496)
  Timing (6 r-chunks, 12.9s total):
    fit     11.52s  89.5%
    H5       1.28s   9.9%
    H5       1.29s  10.0%
  Zeta output: /pscratch/sd/j/jackm/lorrax_sandbox/runs/MoS2/A_bse_figures_2026-07-20/_vhsym_exp/run_cohsex_fix/tmp/zeta_q.h5  shape: (n_q_disk=20 of 6·6·1=36 full-BZ, n_rtot=46080, n_rmu=1496)
  Timing (6 r-chunks, 12.7s total):
    fit     12.28s  97.0%
    H5       0.31s   2.4%
    GPU high-water mark: 23.67 GB / 28.00 GB budget (85%)
    V_q bare cutoff: 30.0 Ry
    V_q budget:    26.05 GB
  V_q g-flat [CC]: n_q_ibz=20, ngkmax=1964, g_chunk=1964 (1/q), n_rmu_L=1496→1496, n_rmu_R=1496→1496, unfold=IBZ→full
    [CC] pre-read all 20 IBZ ζ̃ slabs (1 batched call): 0.46s
2026-07-20 16:37:19.192136: E external/xla/xla/service/spmd/spmd_partitioner.cc:620] [spmd] Involuntary full rematerialization. The compiler was not able to go from sharding {devices=[4,1,1]<=[4]} to {devices=[1,2,1,2]<=[4] last_tile_dim_replicate} without doing a full rematerialization of the tensor for HLO operation: %copy.7 = c128[1,1496,1964]{2,1,0} copy(%reshape), sharding={devices=[4,1,1]<=[4]}, metadata={op_name="jit(fn)/jit(main)/sharding_constraint" source_file="/pscratch/sd/j/jackm/lorrax_sandbox/sources/worktrees/lorrax_A_vh_sym/src/gw/v_q_g_flat.py" source_line=93}. You probably want to enrich the sharding annotations to prevent this from happening.
2026-07-20 16:37:19.192271: E external/xla/xla/service/spmd/spmd_partitioner.cc:620] [spmd] Involuntary full rematerialization. The compiler was not able to go from sharding {devices=[4,1,1]<=[4]} to {devices=[1,2,1,2]<=[2,2]T(1,0) last_tile_dim_replicate} without doing a full rematerialization of the tensor for HLO operation: %copy.7 = c128[1,1496,1964]{2,1,0} copy(%reshape), sharding={devices=[4,1,1]<=[4]}, metadata={op_name="jit(fn)/jit(main)/sharding_constraint" source_file="/pscratch/sd/j/jackm/lorrax_sandbox/sources/worktrees/lorrax_A_vh_sym/src/gw/v_q_g_flat.py" source_line=93}. You probably want to enrich the sharding annotations to prevent this from happening.
2026-07-20 16:37:19.192414: E external/xla/xla/service/spmd/spmd_partitioner.cc:620] [spmd] Involuntary full rematerialization. The compiler was not able to go from sharding {devices=[4,1,1]<=[4]} to {devices=[1,2,1,2]<=[4] last_tile_dim_replicate} without doing a full rematerialization of the tensor for HLO operation: %copy.7 = c128[1,1496,1964]{2,1,0} copy(%reshape), sharding={devices=[4,1,1]<=[4]}, metadata={op_name="jit(fn)/jit(main)/sharding_constraint" source_file="/pscratch/sd/j/jackm/lorrax_sandbox/sources/worktrees/lorrax_A_vh_sym/src/gw/v_q_g_flat.py" source_line=93}. You probably want to enrich the sharding annotations to prevent this from happening.
2026-07-20 16:37:19.192536: E external/xla/xla/service/spmd/spmd_partitioner.cc:620] [spmd] Involuntary full rematerialization. The compiler was not able to go from sharding {devices=[4,1,1]<=[4]} to {devices=[1,2,1,2]<=[2,2]T(1,0) last_tile_dim_replicate} without doing a full rematerialization of the tensor for HLO operation: %copy.7 = c128[1,1496,1964]{2,1,0} copy(%reshape), sharding={devices=[4,1,1]<=[4]}, metadata={op_name="jit(fn)/jit(main)/sharding_constraint" source_file="/pscratch/sd/j/jackm/lorrax_sandbox/sources/worktrees/lorrax_A_vh_sym/src/gw/v_q_g_flat.py" source_line=93}. You probably want to enrich the sharding annotations to prevent this from happening.
2026-07-20 16:37:19.196689: E external/xla/xla/service/spmd/spmd_partitioner.cc:620] [spmd] Involuntary full rematerialization. The compiler was not able to go from sharding {devices=[4,1,1]<=[4]} to {devices=[1,2,1,2]<=[4] last_tile_dim_replicate} without doing a full rematerialization of the tensor for HLO operation: %copy.7 = c128[1,1496,1964]{2,1,0} copy(%reshape), sharding={devices=[4,1,1]<=[4]}, metadata={op_name="jit(fn)/jit(main)/sharding_constraint" source_file="/pscratch/sd/j/jackm/lorrax_sandbox/sources/worktrees/lorrax_A_vh_sym/src/gw/v_q_g_flat.py" source_line=93}. You probably want to enrich the sharding annotations to prevent this from happening.
2026-07-20 16:37:19.196811: E external/xla/xla/service/spmd/spmd_partitioner.cc:620] [spmd] Involuntary full rematerialization. The compiler was not able to go from sharding {devices=[4,1,1]<=[4]} to {devices=[1,2,1,2]<=[2,2]T(1,0) last_tile_dim_replicate} without doing a full rematerialization of the tensor for HLO operation: %copy.7 = c128[1,1496,1964]{2,1,0} copy(%reshape), sharding={devices=[4,1,1]<=[4]}, metadata={op_name="jit(fn)/jit(main)/sharding_constraint" source_file="/pscratch/sd/j/jackm/lorrax_sandbox/sources/worktrees/lorrax_A_vh_sym/src/gw/v_q_g_flat.py" source_line=93}. You probably want to enrich the sharding annotations to prevent this from happening.
    [CC] q=0/20: kernel=0.60s
    [CC] q=1/20: kernel=0.00s
    [CC] q=2/20: kernel=0.00s
    [CC] q=3/20: kernel=0.00s
    [CC] q=4/20: kernel=0.01s
    [CC] q=5/20: kernel=0.00s
    [CC] q=6/20: kernel=0.00s
    [CC] q=7/20: kernel=0.00s
    [CC] q=8/20: kernel=0.00s
    [CC] q=9/20: kernel=0.00s
    [CC] q=10/20: kernel=0.00s
    [CC] q=11/20: kernel=0.00s
    [CC] q=12/20: kernel=0.00s
    [CC] q=13/20: kernel=0.00s
    [CC] q=14/20: kernel=0.00s
    [CC] q=15/20: kernel=0.00s
    [CC] q=16/20: kernel=0.00s
    [CC] q=17/20: kernel=0.00s
    [CC] q=18/20: kernel=0.00s
    [CC] q=19/20: kernel=0.00s
  [SlabIO.close] draining 0 pending writes for zeta_q.h5 …
  [SlabIO.close] Python dispatch drained in 0.0 s; joining writer thread
  [SlabIO.close] writer thread joined in 0.0 s; calling H5Fclose collectively
  [SlabIO.close] H5Fclose returned in 0.2 s

  V_q computed:
    Shape: (36, 1496, 1496)
    V_q=0 trace: 2809098868.3510
  [SlabIO.close] draining 0 pending writes for isdf_tensors_1496.h5 …
  [SlabIO.close] Python dispatch drained in 0.0 s; joining writer thread
  [SlabIO.close] writer thread joined in 0.0 s; calling H5Fclose collectively
  [SlabIO.close] H5Fclose returned in 0.1 s
  Wavefunctions built (b0:b4=200 bands, 4 sharded copies: xn/xr/yr/yn)
  [SlabIO.close] draining 1 pending writes for isdf_tensors_1496.h5 …
  [SlabIO.close] Python dispatch drained in 1.0 s; joining writer thread
  [SlabIO.close] writer thread joined in 0.0 s; calling H5Fclose collectively
  [SlabIO.close] H5Fclose returned in 0.0 s
  Chunked ISDF path complete
  Minimax static window: x=[1.273112e-01, 8.289919e+00] Ry, R=65.12, nodes=10, fit_err~2.513e-06
2026-07-20 16:37:28.585226: E external/xla/xla/service/spmd/spmd_partitioner.cc:620] [spmd] Involuntary full rematerialization. The compiler was not able to go from sharding {devices=[4,1,1]<=[4]} to {devices=[1,2,2]<=[4]} without doing a full rematerialization of the tensor for HLO operation: %param = c128[5,1496,1496]{2,1,0} parameter(0), sharding={devices=[4,1,1]<=[4]}, metadata={op_name="V_ibz"}. You probably want to enrich the sharding annotations to prevent this from happening.
2026-07-20 16:37:28.585680: E external/xla/xla/service/spmd/spmd_partitioner.cc:620] [spmd] Involuntary full rematerialization. The compiler was not able to go from sharding {devices=[4,1,1]<=[4]} to {devices=[1,2,2]<=[4]} without doing a full rematerialization of the tensor for HLO operation: %param = c128[5,1496,1496]{2,1,0} parameter(0), sharding={devices=[4,1,1]<=[4]}, metadata={op_name="V_ibz"}. You probably want to enrich the sharding annotations to prevent this from happening.
2026-07-20 16:37:28.587295: E external/xla/xla/service/spmd/spmd_partitioner.cc:620] [spmd] Involuntary full rematerialization. The compiler was not able to go from sharding {devices=[4,1,1]<=[4]} to {devices=[1,2,2]<=[4]} without doing a full rematerialization of the tensor for HLO operation: %param = c128[5,1496,1496]{2,1,0} parameter(0), sharding={devices=[4,1,1]<=[4]}, metadata={op_name="V_ibz"}. You probably want to enrich the sharding annotations to prevent this from happening.
  [SlabIO.close] draining 1 pending writes for isdf_tensors_1496.h5 …
  [SlabIO.close] Python dispatch drained in 3.2 s; joining writer thread
  [SlabIO.close] writer thread joined in 0.0 s; calling H5Fclose collectively
  [SlabIO.close] H5Fclose returned in 0.1 s
  Persisted W0_qmunu + q=0 head scalars: vhead=4104.113 a.u.,  whead[ω=0]=1126.351 a.u.

------------------------------------------------------------------------
  FINITE-SIZE CORRECTIONS
------------------------------------------------------------------------
  Head source: s_tensor
  v(q→0)  =     4104.113 a.u.  (bare Coulomb head)
  W(q→0)  =     1126.351 a.u.  (screened Coulomb head)
  ΔW      =    -2977.762 a.u.  (screening correction)

------------------------------------------------------------------------
  STATIC HEAD TERMS (exact COHSEX / BGW-style)
------------------------------------------------------------------------
  Head source: s_tensor
  v_h(q→0)           =  4104.112581 a.u.
  W_h(q→0, ω=0)      =  1126.350928 a.u.
  W_h^c              = -2977.761654 a.u.
  Σ^X head (occ)     = -1.623511e-01 Ry
  Σ^SX head (occ)    = -4.455636e-02 Ry
  Σ^(SX-X) head(occ) = 1.177947e-01 Ry
  Σ^COH head (all)   = -5.889737e-02 Ry
  Bare Σ_X diagonal (eV), k=0: -39.4675  -39.4675  -33.3016  -33.3016  -32.5237  -32.5237  -32.5110  -32.5110
  [SlabIO.close] draining 0 pending writes for kin_ion.h5 …
  [SlabIO.close] Python dispatch drained in 0.0 s; joining writer thread
  [SlabIO.close] writer thread joined in 0.0 s; calling H5Fclose collectively
  [SlabIO.close] H5Fclose returned in 0.0 s
  QP WFN (one-shot): /pscratch/sd/j/jackm/lorrax_sandbox/runs/MoS2/A_bse_figures_2026-07-20/_vhsym_exp/run_cohsex_fix/WFN_qp.h5
  Sigma freq debug: sigma_freq_debug.dat

  Sigma diag:   /pscratch/sd/j/jackm/lorrax_sandbox/runs/MoS2/A_bse_figures_2026-07-20/_vhsym_exp/run_cohsex_fix/sigma_diag.dat
  BGW eqp0:     /pscratch/sd/j/jackm/lorrax_sandbox/runs/MoS2/A_bse_figures_2026-07-20/_vhsym_exp/run_cohsex_fix/eqp0.dat
  BGW eqp1:     /pscratch/sd/j/jackm/lorrax_sandbox/runs/MoS2/A_bse_figures_2026-07-20/_vhsym_exp/run_cohsex_fix/eqp1.dat
  Restart:      /pscratch/sd/j/jackm/lorrax_sandbox/runs/MoS2/A_bse_figures_2026-07-20/_vhsym_exp/run_cohsex_fix/tmp/isdf_tensors_1496.h5

--- Timing ---
Total recorded: 27.611 s
Section                                            Count    Total[s]     Self[s]      %
gw_jax.load_centroid_wfns                              1       2.535       0.130    9.2
  load_centroids.loader_load                           1       0.574       0.574    2.1
  load_centroids.gflat_to_rmu                          1       0.438       0.438    1.6
  load_centroids.reshard                               1       1.393       1.393    5.0
gw_jax.zeta_fit_chunked                                1      19.021       0.244   68.9
  zeta_fit.slice_halves                                1       0.099       0.099    0.4
  zeta_fit.CCT                                         1       0.149       0.149    0.5
  zeta_fit.cholesky                                    1       3.668       3.668   13.3
  zeta_fit.gc_pre_chunk_loop                           1       0.094       0.094    0.3
  zeta_fit.write_headers                               1       0.078       0.078    0.3
  zeta_fit.open_file                                   1       0.014       0.014    0.1
  psi_G_store.populate.loader_load                    13       0.691       0.691    2.5
  psi_G_store.populate.shard_to_host                  13       0.034       0.034    0.1
  zeta_fit.chunk_loop                                  1      12.594       0.001   45.6
    zeta_fit.chunk.fit_one_rchunk                      6      12.285       0.038   44.5
      zeta_fit.chunk.z_q_build                         6       6.248       6.248   22.6
      zeta_fit.chunk.solve                             6       5.999       5.999   21.7
    zeta_fit.chunk.h5_write                            6       0.309       0.309    1.1
  zeta_fit.write_g_flat                                1       0.527       0.527    1.9
  zeta_fit.close_io                                    1       0.828       0.828    3.0
  zeta_fit.sync_global                                 1       0.001       0.001    0.0
gw_jax.V_q_compute                                     1       2.160       2.160    7.8
gw_jax.wavefunction_setup                              1       0.035       0.035    0.1
gw_jax.chi0_W                                          1       2.269       0.000    8.2
  chi.compile                                          1       0.125       0.125    0.5
  chi.exec                                             1       0.332       0.332    1.2
  W.slice_to_ibz                                       1       0.037       0.037    0.1
  W.compile                                            1       0.064       0.064    0.2
  W.exec                                               1       1.316       1.316    4.8
  W.unfold_to_full_bz                                  1       0.394       0.394    1.4
gw_jax.sigma                                           1       1.592       1.592    5.8
