[lxrun] JID 54594656 · 1 nodes · 1:34:28 left · 1/1 free · incoming: lx-C
  1  nid001212  free   —              —      —  ← starting lx-C  python3 -u -m centroid.k
✓ JAX initialized: 1 device(s) (local: 1, proc 0/1)
Over-sampling: k-means M = 306, prune to N_c = 204 (ratio 1.5)
  density-mode=current: building bispinor j² weight with n_occ=70 (nspinor_wfn=2)
    [j^Gordon] 3/36 k-points after 6.4s
    [j^Gordon] 9/36 k-points after 12.5s
    [j^Gordon] 15/36 k-points after 17.5s
    [j^Gordon] 24/36 k-points after 22.6s
    [j^Gordon] 33/36 k-points after 27.8s
  ρ_current (Gordon Pauli) built in 29.57s; max=3.367e-04, mean=3.002e-07
Charge density shape: (45, 45, 120)
Lattice lengths: [ 6.867       6.86699961 17.99999999] Å
Orbit-aware mode: n_sym = 6, running kmeans for M_rep = 51 representatives (unfolded ≈ 306 centroids)
PBC min-image offsets: 5 (1 ⇒ orthorhombic); orbit mode: on (n_sym=6)
Grid: 45×45×120 = 243000 points; N_c = 51
Lloyd: 39 steps, max movement = 0.004894

Unfolded 51 reps → 302 distinct centroids (n_sym=6)

Pivoted-Cholesky prune: 302 → 204 (target 35 orbits)
  prune window: v×(v+c)  left=(0,70) right=(0,86)  [covers |ψ_v|² + v×c]
[pivoted_cholesky] M=302, n_keep=35, left=(0, 70), right=(0, 86), norms=off (load_wfns 2-D, mesh axes ('x', 'y'))
  [gpu_utils] WARNING: bytes_limit=None, falling back to nvidia-smi (pid=717520)
[pivoted_cholesky] 2-D Gram build via load_wfns: nk_tot=36, left=(0, 70) (nb=70), right=(0, 86) (nb=86), M=302, norms=off, backend=WFNReader, budget=35.1448 GB/device, band_chunk_size=64
[pivoted_cholesky] G built, shape=(302, 302), diag range [1.950e-06, 7.380e-04]
[pivoted_cholesky] picked-pivot residuals: first=7.380e-04, mid=4.167e-04, last=6.102e-05
[pivoted_cholesky] tr(R_k)/tr(G): first=9.533e-01, mid=1.413e-01, last=1.266e-02
[pivoted_cholesky] orbit-aware: 35 orbits picked → 206 unfolded centroids (orbit-closed)
After pruning: 206 centroids (rank=35)
Saved centroids to centroids_frac_206_current.txt
--- kmeans_cli timing (s) ---
Total recorded: 47.258 s
Section                                            Count    Total[s]     Self[s]      %
setup.wfn_io                                           1       0.315       0.315    0.7
setup.charge_density                                   1      32.703      32.703   69.2
kmeans                                                 1       5.793       0.643   12.3
  init                                                 1       2.038       2.038    4.3
  lloyd                                                1       2.400       2.400    5.1
  assign_labels                                        1       0.711       0.711    1.5
snap_unfold                                            1       0.002       0.002    0.0
prune                                                  1       8.446       0.906   17.9
  prune.gram                                           1       6.866       0.390   14.5
    left.load                                          1       3.512       0.205    7.4
      load_centroids.loader_load                       1       0.903       0.903    1.9
      load_centroids.gflat_to_rmu                      1       2.198       2.198    4.7
      load_centroids.reshard                           1       0.206       0.206    0.4
    left.pair                                          1       0.201       0.201    0.4
    right.load                                         1       2.174       0.034    4.6
      load_centroids.loader_load                       1       1.193       1.193    2.5
      load_centroids.gflat_to_rmu                      1       0.779       0.779    1.6
      load_centroids.reshard                           1       0.168       0.168    0.4
    right.pair                                         1       0.215       0.215    0.5
    q0_sum                                             1       0.375       0.375    0.8
  prune.select                                         1       0.674       0.674    1.4
