[lxrun] JID 52119327 · 1 nodes · 3:45 left · 1/1 free · incoming: lx-B
  1  nid001172  free   —              —      —  ← starting lx-B  python3 -u -m gw.gw_jax 

========================================================================
  COHSEX-JAX: Self-Energy Calculation
========================================================================
  Backend: GPU       Devices: 4  Mesh: 2×2  Processes: 4
  Device type: NVIDIA A100-SXM4-40GB
  XLA preallocate: false  mem_fraction: unset
========================================================================

  ISDF basis: 336 centroids
  FFT grid: 24×24×24   Cell volume: 270.11 a.u.³

    Memory estimate: peak 12.00 GB (budget 28.00 GB), bottleneck=zct
    Per-stage: fft=5.04  zct=6.06  reshard=3.68  solve=2.53  gather=1.47 GB
    AOT fit_one_rchunk peak (driver-level): 5.13 GB

  Chunked ISDF fitting:
    Band chunks: 60
    R chunks:    13824 (contiguous r-space)
    Q chunks:    64
    Zeta output: /pscratch/sd/j/jackm/lorrax_sandbox/runs/Si/B_centroid_sweep_2026-04-27/N_336/tmp/zeta_q.h5

  Zeta fitting: 1 r-chunks x 13824 r-points, 60 bands (60 left + 60 right)
  Output: /pscratch/sd/j/jackm/lorrax_sandbox/runs/Si/B_centroid_sweep_2026-04-27/N_336/tmp/zeta_q.h5
  Left wfns:  (64, 60, 2, 336)
  Right wfns: (64, 60, 2, 336)
  Pseudobands normalization: 0 weighted, 0 zero-weight (skipped)
  Computing pair densities P_l, P_r (spin_traced)
/opt/jax/jax/_src/interpreters/mlir.py:1178: UserWarning: Some donated buffers were not usable: ShapedArray(complex128[64,168,168]).
See an explanation at https://jax.readthedocs.io/en/latest/faq.html#buffer-donation.
  warnings.warn("Some donated buffers were not usable:"
/opt/jax/jax/_src/interpreters/mlir.py:1178: UserWarning: Some donated buffers were not usable: ShapedArray(complex128[64,168,168]).
See an explanation at https://jax.readthedocs.io/en/latest/faq.html#buffer-donation.
  warnings.warn("Some donated buffers were not usable:"
/opt/jax/jax/_src/interpreters/mlir.py:1178: UserWarning: Some donated buffers were not usable: ShapedArray(complex128[64,168,168]).
See an explanation at https://jax.readthedocs.io/en/latest/faq.html#buffer-donation.
  warnings.warn("Some donated buffers were not usable:"
/opt/jax/jax/_src/interpreters/mlir.py:1178: UserWarning: Some donated buffers were not usable: ShapedArray(complex128[64,168,168]).
See an explanation at https://jax.readthedocs.io/en/latest/faq.html#buffer-donation.
  warnings.warn("Some donated buffers were not usable:"
  Computing L_q = chol(C_q)
  L_q: (64, 336, 336)
/global/homes/j/jackm/software/lorrax_B/src/file_io/_slab_io_ffi.py:239: UserWarning: FFI backend: chunks/attrs on create_dataset currently no-op; pre-create with h5py if you need explicit chunking or attrs.
  warnings.warn(
/global/homes/j/jackm/software/lorrax_B/src/file_io/_slab_io_ffi.py:239: UserWarning: FFI backend: chunks/attrs on create_dataset currently no-op; pre-create with h5py if you need explicit chunking or attrs.
  warnings.warn(
/global/homes/j/jackm/software/lorrax_B/src/file_io/_slab_io_ffi.py:239: UserWarning: FFI backend: chunks/attrs on create_dataset currently no-op; pre-create with h5py if you need explicit chunking or attrs.
  warnings.warn(
/global/homes/j/jackm/software/lorrax_B/src/file_io/_slab_io_ffi.py:239: UserWarning: FFI backend: chunks/attrs on create_dataset currently no-op; pre-create with h5py if you need explicit chunking or attrs.
  warnings.warn(
  ψ(G) host cache: 0.42 GB/process resident
Started zeta fitting at 01:14:26.
[ 01:14:26 | ██████████ | 100% ] r-chunk 1 / 1 · ETA 0 s
Finished zeta fitting at 01:14:26.  Elapsed: 0 s.
  [SlabIO.close] draining 1 pending writes for zeta_q.h5 …
  [SlabIO.close] Python dispatch drained in 3.9 s; joining writer thread
  [SlabIO.close] writer thread joined in 0.0 s; calling H5Fclose collectively
  [SlabIO.close] H5Fclose returned in 0.3 s
  Zeta output: /pscratch/sd/j/jackm/lorrax_sandbox/runs/Si/B_centroid_sweep_2026-04-27/N_336/tmp/zeta_q.h5  shape: (4,4,4,336,13824)
  Timing (1 r-chunks, 1.2s total):
    fit      1.14s  92.6%
    H5       0.09s   6.9%
    GPU high-water mark: 3.11 GB / 28.00 GB budget (11%)
    γ (runtime / AOT-pred) = 0.607  (AOT predicted 5.13 GB)
    V_q bare cutoff: 100.0 Ry (auto: 4·ecutwfc)
    V_q budget:    27.08 GB
    V_q mu chunks: 336
    V_q q batches: 4
  V_q (sharded): mesh=2x2, one-shot (Case A), q_chunk=64, μ_chunk=336 (1 μ-blocks), aligned=True, N_μ=336, N_G=4957, predicted peak/rank=3.79 GB (V_ref+g0_ref=0.03 GB)
Started V_q computation at 01:14:34.
[ 01:14:34 | ░░░░░░░░░░ |   2% ] q-point  1 / 64 · ETA 0 s
[ 01:14:34 | █░░░░░░░░░ |   6% ] q-point  4 / 64 · ETA 0 s
[ 01:14:34 | █░░░░░░░░░ |  12% ] q-point  8 / 64 · ETA 0 s
[ 01:14:34 | ██░░░░░░░░ |  17% ] q-point 11 / 64 · ETA 0 s
[ 01:14:34 | ██░░░░░░░░ |  22% ] q-point 14 / 64 · ETA 0 s
[ 01:14:34 | ███░░░░░░░ |  28% ] q-point 18 / 64 · ETA 0 s
[ 01:14:34 | ███░░░░░░░ |  33% ] q-point 21 / 64 · ETA 0 s
[ 01:14:34 | ████░░░░░░ |  38% ] q-point 24 / 64 · ETA 0 s
[ 01:14:34 | ████░░░░░░ |  44% ] q-point 28 / 64 · ETA 0 s
[ 01:14:34 | █████░░░░░ |  48% ] q-point 31 / 64 · ETA 0 s
[ 01:14:34 | █████░░░░░ |  53% ] q-point 34 / 64 · ETA 0 s
[ 01:14:34 | ██████░░░░ |  58% ] q-point 37 / 64 · ETA 0 s
[ 01:14:34 | ██████░░░░ |  64% ] q-point 41 / 64 · ETA 0 s
[ 01:14:34 | ███████░░░ |  69% ] q-point 44 / 64 · ETA 0 s
[ 01:14:34 | ███████░░░ |  73% ] q-point 47 / 64 · ETA 0 s
[ 01:14:34 | ████████░░ |  80% ] q-point 51 / 64 · ETA 0 s
[ 01:14:34 | ████████░░ |  84% ] q-point 54 / 64 · ETA 0 s
[ 01:14:34 | █████████░ |  89% ] q-point 57 / 64 · ETA 0 s
[ 01:14:34 | ██████████ |  95% ] q-point 61 / 64 · ETA 0 s
[ 01:14:34 | ██████████ | 100% ] q-point 64 / 64 · ETA 0 s
Finished V_q computation at 01:14:34.  Elapsed: 0 s.
  [SlabIO.close] draining 0 pending writes for zeta_q.h5 …
  [SlabIO.close] Python dispatch drained in 0.0 s; joining writer thread
  [SlabIO.close] writer thread joined in 0.0 s; calling H5Fclose collectively
  [SlabIO.close] H5Fclose returned in 0.2 s

  V_q computed:
    Shape: (1, 1, 1, 4, 4, 4, 336, 336)
    V_q=0 trace: 50476903.0694
  [SlabIO.close] draining 3 pending writes for isdf_tensors_336.h5 …
  [SlabIO.close] Python dispatch drained in 0.7 s; joining writer thread
  [SlabIO.close] writer thread joined in 0.0 s; calling H5Fclose collectively
  [SlabIO.close] H5Fclose returned in 0.0 s
  Wavefunctions built (b0:b4=60 bands, 4 sharded copies: xn/xr/yr/yn)
  [SlabIO.close] draining 1 pending writes for isdf_tensors_336.h5 …
  [SlabIO.close] Python dispatch drained in 0.6 s; joining writer thread
  [SlabIO.close] writer thread joined in 0.0 s; calling H5Fclose collectively
  [SlabIO.close] H5Fclose returned in 0.0 s
  Chunked ISDF path complete
  Minimax static window: x=[4.973381e-02, 3.704181e+00] Ry, R=74.48, nodes=10, fit_err~6.434e-06

------------------------------------------------------------------------
  FINITE-SIZE CORRECTIONS
------------------------------------------------------------------------
  Head source: s_tensor
  v(q→0)  =     3291.885 a.u.  (bare Coulomb head)
  W(q→0)  =      118.100 a.u.  (screened Coulomb head)
  ΔW      =    -3173.785 a.u.  (screening correction)

------------------------------------------------------------------------
  STATIC HEAD TERMS (exact COHSEX / BGW-style)
------------------------------------------------------------------------
  Head source: s_tensor
  v_h(q→0)           =  3291.885355 a.u.
  W_h(q→0, ω=0)      =   118.100038 a.u.
  W_h^c              = -3173.785317 a.u.
  Σ^X head (occ)     = -1.904270e-01 Ry
  Σ^SX head (occ)    = -6.831781e-03 Ry
  Σ^(SX-X) head(occ) = 1.835953e-01 Ry
  Σ^COH head (all)   = -9.179763e-02 Ry
2026-04-27 01:14:41.457137: E external/xla/xla/service/spmd/spmd_partitioner.cc:620] [spmd] Involuntary full rematerialization. The compiler was not able to go from sharding {devices=[4,1,1]<=[4]} to {devices=[1,2,2]<=[4]} without doing a full rematerialization of the tensor for HLO operation: %param = c128[16,336,336]{2,1,0} parameter(5), sharding={devices=[4,1,1]<=[4]}, metadata={op_name="W_q"}. You probably want to enrich the sharding annotations to prevent this from happening.
2026-04-27 01:14:41.539135: E external/xla/xla/service/spmd/spmd_partitioner.cc:620] [spmd] Involuntary full rematerialization. The compiler was not able to go from sharding {devices=[4,1,1]<=[4]} to {devices=[1,2,2]<=[4]} without doing a full rematerialization of the tensor for HLO operation: %param = c128[16,336,336]{2,1,0} parameter(5), sharding={devices=[4,1,1]<=[4]}, metadata={op_name="W_q"}. You probably want to enrich the sharding annotations to prevent this from happening.
2026-04-27 01:14:41.545334: E external/xla/xla/service/spmd/spmd_partitioner.cc:620] [spmd] Involuntary full rematerialization. The compiler was not able to go from sharding {devices=[4,1,1]<=[4]} to {devices=[1,2,2]<=[4]} without doing a full rematerialization of the tensor for HLO operation: %param = c128[16,336,336]{2,1,0} parameter(5), sharding={devices=[4,1,1]<=[4]}, metadata={op_name="W_q"}. You probably want to enrich the sharding annotations to prevent this from happening.
2026-04-27 01:14:41.549620: E external/xla/xla/service/spmd/spmd_partitioner.cc:620] [spmd] Involuntary full rematerialization. The compiler was not able to go from sharding {devices=[4,1,1]<=[4]} to {devices=[1,2,2]<=[4]} without doing a full rematerialization of the tensor for HLO operation: %param = c128[16,336,336]{2,1,0} parameter(5), sharding={devices=[4,1,1]<=[4]}, metadata={op_name="W_q"}. You probably want to enrich the sharding annotations to prevent this from happening.
2026-04-27 01:14:41.983463: E external/xla/xla/service/spmd/spmd_partitioner.cc:620] [spmd] Involuntary full rematerialization. The compiler was not able to go from sharding {devices=[1,2,2]<=[4]} to {devices=[4,1,1]<=[4]} without doing a full rematerialization of the tensor for HLO operation: %param = c128[64,168,168]{2,1,0} parameter(5), sharding={devices=[1,2,2]<=[4]}, metadata={op_name="V_q"}. You probably want to enrich the sharding annotations to prevent this from happening.
2026-04-27 01:14:41.983529: E external/xla/xla/service/spmd/spmd_partitioner.cc:620] [spmd] Involuntary full rematerialization. The compiler was not able to go from sharding {devices=[4,1,1]<=[4]} to {devices=[1,2,2]<=[4]} without doing a full rematerialization of the tensor for HLO operation: %subtract.13 = c128[16,336,336]{2,1,0} subtract(%param, %dynamic-slice), sharding={devices=[4,1,1]<=[4]}, metadata={op_name="jit(sigma_coh)/jit(main)/sub" source_file="/global/homes/j/jackm/software/lorrax_B/src/gw/cohsex_sigma.py" source_line=106}. You probably want to enrich the sharding annotations to prevent this from happening.
2026-04-27 01:14:41.983573: E external/xla/xla/service/spmd/spmd_partitioner.cc:620] [spmd] Involuntary full rematerialization. The compiler was not able to go from sharding {devices=[1,2,2]<=[4]} to {devices=[4,1,1]<=[4]} without doing a full rematerialization of the tensor for HLO operation: %param = c128[64,168,168]{2,1,0} parameter(5), sharding={devices=[1,2,2]<=[4]}, metadata={op_name="V_q"}. You probably want to enrich the sharding annotations to prevent this from happening.
2026-04-27 01:14:41.983636: E external/xla/xla/service/spmd/spmd_partitioner.cc:620] [spmd] Involuntary full rematerialization. The compiler was not able to go from sharding {devices=[4,1,1]<=[4]} to {devices=[1,2,2]<=[4]} without doing a full rematerialization of the tensor for HLO operation: %subtract.13 = c128[16,336,336]{2,1,0} subtract(%param, %dynamic-slice), sharding={devices=[4,1,1]<=[4]}, metadata={op_name="jit(sigma_coh)/jit(main)/sub" source_file="/global/homes/j/jackm/software/lorrax_B/src/gw/cohsex_sigma.py" source_line=106}. You probably want to enrich the sharding annotations to prevent this from happening.
2026-04-27 01:14:41.983923: E external/xla/xla/service/spmd/spmd_partitioner.cc:620] [spmd] Involuntary full rematerialization. The compiler was not able to go from sharding {devices=[1,2,2]<=[4]} to {devices=[4,1,1]<=[4]} without doing a full rematerialization of the tensor for HLO operation: %param = c128[64,168,168]{2,1,0} parameter(5), sharding={devices=[1,2,2]<=[4]}, metadata={op_name="V_q"}. You probably want to enrich the sharding annotations to prevent this from happening.
2026-04-27 01:14:41.983984: E external/xla/xla/service/spmd/spmd_partitioner.cc:620] [spmd] Involuntary full rematerialization. The compiler was not able to go from sharding {devices=[4,1,1]<=[4]} to {devices=[1,2,2]<=[4]} without doing a full rematerialization of the tensor for HLO operation: %subtract.13 = c128[16,336,336]{2,1,0} subtract(%param, %dynamic-slice), sharding={devices=[4,1,1]<=[4]}, metadata={op_name="jit(sigma_coh)/jit(main)/sub" source_file="/global/homes/j/jackm/software/lorrax_B/src/gw/cohsex_sigma.py" source_line=106}. You probably want to enrich the sharding annotations to prevent this from happening.
2026-04-27 01:14:41.984864: E external/xla/xla/service/spmd/spmd_partitioner.cc:620] [spmd] Involuntary full rematerialization. The compiler was not able to go from sharding {devices=[1,2,2]<=[4]} to {devices=[4,1,1]<=[4]} without doing a full rematerialization of the tensor for HLO operation: %param = c128[64,168,168]{2,1,0} parameter(5), sharding={devices=[1,2,2]<=[4]}, metadata={op_name="V_q"}. You probably want to enrich the sharding annotations to prevent this from happening.
2026-04-27 01:14:41.984926: E external/xla/xla/service/spmd/spmd_partitioner.cc:620] [spmd] Involuntary full rematerialization. The compiler was not able to go from sharding {devices=[4,1,1]<=[4]} to {devices=[1,2,2]<=[4]} without doing a full rematerialization of the tensor for HLO operation: %subtract.13 = c128[16,336,336]{2,1,0} subtract(%param, %dynamic-slice), sharding={devices=[4,1,1]<=[4]}, metadata={op_name="jit(sigma_coh)/jit(main)/sub" source_file="/global/homes/j/jackm/software/lorrax_B/src/gw/cohsex_sigma.py" source_line=106}. You probably want to enrich the sharding annotations to prevent this from happening.
  Bare Σ_X diagonal (eV), k=0: -17.4207  -17.4207  -12.9094  -12.9095  -12.8833  -12.8834  -12.8835  -12.8835

  Output: /pscratch/sd/j/jackm/lorrax_sandbox/runs/Si/B_centroid_sweep_2026-04-27/N_336/eqp0.dat
  Restart:  /pscratch/sd/j/jackm/lorrax_sandbox/runs/Si/B_centroid_sweep_2026-04-27/N_336/tmp/isdf_tensors_336.h5

--- Timing ---
Total recorded: 16.587 s
Section                                            Count    Total[s]     Self[s]      %
gw_jax.load_centroid_wfns                              1       1.305       1.170    7.9
  load_wfns.precompute_owned                           1       0.000       0.000    0.0
  load_wfns.k_loop                                     1       0.020       0.020    0.1
  load_wfns.scatter                                    1       0.045       0.045    0.3
  load_wfns.make_global_array                          1       0.070       0.070    0.4
gw_jax.zeta_fit_chunked                                1       8.112       0.748   48.9
  zeta_fit.slice_halves                                1       0.220       0.220    1.3
  zeta_fit.CCT                                         1       0.372       0.372    2.2
  zeta_fit.cholesky                                    1       1.159       1.159    7.0
  zeta_fit.gc_pre_chunk_loop                           1       0.070       0.070    0.4
  zeta_fit.open_file                                   1       0.118       0.118    0.7
  zeta_fit.chunk_loop                                  1       1.223       0.000    7.4
    zeta_fit.chunk.fit_one_rchunk                      1       1.137       1.137    6.9
    zeta_fit.chunk.h5_write                            1       0.085       0.085    0.5
  zeta_fit.close_io                                    1       4.202       4.202   25.3
  zeta_fit.sync_global                                 1       0.001       0.001    0.0
gw_jax.V_q_compute                                     1       3.913       0.682   23.6
  compute_all_V_q_sharded                              1       3.231       3.231   19.5
gw_jax.wavefunction_setup                              1       0.246       0.246    1.5
gw_jax.chi0_W                                          1       1.216       0.124    7.3
  chi.compile                                          1       0.683       0.683    4.1
  chi.exec                                             1       0.086       0.086    0.5
  W.compile                                            1       0.285       0.285    1.7
  W.exec                                               1       0.038       0.038    0.2
gw_jax.sigma                                           1       1.796       1.796   10.8
