
========================================================================
  COHSEX-JAX: Self-Energy Calculation
========================================================================
  Backend: GPU       Devices: 16  Mesh: 4×4  Processes: 16
  Device type: NVIDIA A100-SXM4-40GB
  XLA preallocate: false  mem_fraction: 0.95
  XLA pool: limit=40.29 GB, in_use=0.00 GB, avail=40.29 GB
========================================================================

  [TIMING-BOOT] input parsed: 0.000s
  [TIMING-BOOT] WFNReader: 0.217s
  [TIMING-BOOT] SymMaps: 1.066s
  [TIMING-BOOT] load_centroids: 0.001s
  ISDF basis: 480 centroids
  FFT grid: 24×24×24   Cell volume: 270.11 a.u.³

  Chunk target utilization: 0.97
  ISDF pair mode: spin_traced (ignored when restart=true)
  [TIMING-BOOT] runtime_config: 0.004s
  Band chunk size: disabled
  Loaded restart tensors from h5.
  Wavefunction bundle built (b0:b4=60 bands, canonical X/Y storage)
  [TIMING-BOOT] prepare_isdf_and_wavefunctions: 7.086s

  Minimax screening path enabled at ω = 0.0000 eV (0.000000 Ry)
  Minimax static window: x=[4.144792e-02, 3.702740e+00] Ry, R=89.33, nodes=10, fit_err~7.720e-06
  |χ(0)|_max = 2.234940e-04   (minimax, 10 nodes)
  minimax χ→W time:    12.639 s

------------------------------------------------------------------------
  FINITE-SIZE CORRECTIONS
------------------------------------------------------------------------
  Head source: s_tensor
  v(q→0)  =    20423.666 a.u.  (bare Coulomb head)
  W(q→0)  =     1271.365 a.u.  (screened Coulomb head)
  ΔW      =   -19152.301 a.u.  (screening correction)

------------------------------------------------------------------------
  GN-PPM + FREQUENCY-INTEGRATED SIGMA
------------------------------------------------------------------------
  NOTE: using midgap reference for Σ^c windowing
  epsinv head (ω=0):       0.062250+1.363790e-20i  [source=s_tensor]
  epsinv head (ω=iωp):     0.726335-6.639650e-20i  [ωp=2.000000 Ry, source=s_tensor(omega=2j Ry)]
  Minimax static window: x=[4.144792e-02, 3.702740e+00] Ry, R=89.33, nodes=10, fit_err~7.720e-06
  Minimax imag-freq window (ωp=2.0000 Ry): x=[4.144792e-02, 3.702740e+00] Ry, R=89.33, ω̂=48.25, nodes=6, fit_err~1.426e-05
  [TIMING-PPM] chi(0): 0.367s
  [TIMING-PPM] chi(iωp): 0.245s
  [TIMING-PPM] W(0): 13.574s
  [TIMING-PPM] W(iωp): 4.869s
  PPM finite-size heads:
    v(q→0)          =    20423.666 a.u.
    W(q→0, ω=0)     =     1271.365 a.u.
    W(q→0, ω=iωp)   =    14834.415 a.u.  [ωp=2.0000 Ry]
    W^c(q→0, ω=0)   =   -19152.301 a.u.
    W^c(q→0, ω=iωp) =    -5589.251 a.u.
  [W(0)] hermitian residual=5.897e-10 max|Im diag|=1.128e-10 diag range=[1.3138e+03, 2.0001e+05]
  [W(iωp=2.000 Ry)] hermitian residual=7.480e-09 max|Im diag|=3.740e-09 diag range=[1.4028e+03, 1.9192e+06]
  [TIMING-PPM] GN fit: 0.746s
  [TIMING-PPM] q->mu,nu layout: 0.178s
  GN-PPM from W^c(0), W^c(iωp): ωp=2.000000 Ry, unfulfilled=0.81%
  PPM W^c(0) check (+2B/Ω): max|Δ|=4.856e+06, rel=2.000e+00 (ref max|W^c(0)|=2.428e+06)
  PPM W^c(0) check (-2B/Ω): max|Δ|=2.328e-10, rel=9.589e-17
  [TIMING] PPM build: 21.8s
  [TIMING] W-debug write: 0.0s
  Σc(ω) grid: -10.000 .. 10.000 eV, Nω=41, Δω=0.500 eV, ξ=0.250 eV
  Σc(ω) axes (vacuum): Ev=[-4.213114e-01,4.596298e-01] Ry, Ec=[5.010777e-01,3.281428e+00] Ry, Omega=[3.980222e-04,5.509519e+01] Ry
  GN invalid modes: 1869498/230400000 (0.81%), policy=static_limit
  WARNING: omega_accumulation=kij_stream without sigma_kij_h5_path; falling back to kij.
  Σc(ω) accumulation: kij (single-pass), est=2252.2 MiB
  ω>=E_F Σ^- windows: core=1, exterior=2
  ω>=E_F Σ^+ windows: count=1, total nodes=14
  ω<E_F Σ^+ windows: count=1, total nodes=14
  ω<E_F Σ^- windows: core=1, exterior=2
  GN invalid-mode static correction: max|Σ|=1.126938e-04 Ry
  [TIMING] compute_sigma_c_ppm_omega_grid: 170.2s
  Sigma(E_DFT) reference: E_F(midgap)=6.535548 eV from VBM=6.253584 eV, CBM=6.817512 eV
  Replacing static COH with PPM-integrated Σ^c(ω=0.000000 Ry)
  Σ^c difference vs static COH: abs=1.413241e+03, rel=2.107300e+03
  Bare Σ^X vs screened Σ^SX: abs=9.614473e-01, rel=2.916398e+00
  [Σ^X + Σ^c(0)] vs [Σ^SX + Σ^COH]: abs=1.413241e+03 Ry (1.922814e+04 eV), rel=1.420149e+03
  Sigma(E_DFT) in-grid states: 18244/60000 within [-10.000, 10.000] eV
  Gap@k=0 (E9-E8): static=0.005041 eV, omega0=0.005051 eV, diag-SC=-0.793647 eV
  Gap shifts: omega0-static=+0.000010 eV, diagSC-static=-0.798688 eV
  Diagonal Sigma(E) fixed point: in-grid=13532/60000, converged=100.0% in-grid states in 20 iterations
  QSGW Σ_xc interpolation: clipped=47182/60000 (78.64%) outside [-10.000, 10.000] eV
  QP energy plot:         /global/homes/j/jackm/scratchperl/lorrax_sandbox/runs/Si/03_si_10x10x10_nosym_timing/14_lorrax_gnppm_chunked_sigma_writer/qp_energy_compare.png
  Sigma frequency debug:  /global/homes/j/jackm/scratchperl/lorrax_sandbox/runs/Si/03_si_10x10x10_nosym_timing/14_lorrax_gnppm_chunked_sigma_writer/sigma_freq_debug.dat
  G0W0 diag (E_DFT):     /global/homes/j/jackm/scratchperl/lorrax_sandbox/runs/Si/03_si_10x10x10_nosym_timing/14_lorrax_gnppm_chunked_sigma_writer/eqp_g0w0.dat

------------------------------------------------------------------------
  OUTPUT FILES
------------------------------------------------------------------------
  Sigma matrix elements:  /global/homes/j/jackm/scratchperl/lorrax_sandbox/runs/Si/03_si_10x10x10_nosym_timing/14_lorrax_gnppm_chunked_sigma_writer/eqp0.dat
  Sigma_mnk(ω) h5:        /global/homes/j/jackm/scratchperl/lorrax_sandbox/runs/Si/03_si_10x10x10_nosym_timing/14_lorrax_gnppm_chunked_sigma_writer/sigma_mnk.h5
  QP rotations (h5):      /global/homes/j/jackm/scratchperl/lorrax_sandbox/runs/Si/03_si_10x10x10_nosym_timing/14_lorrax_gnppm_chunked_sigma_writer/qp_wfn_rotations.h5
  Restart arrays:         /global/homes/j/jackm/scratchperl/lorrax_sandbox/runs/Si/03_si_10x10x10_nosym_timing/14_lorrax_gnppm_chunked_sigma_writer/tmp/isdf_tensors_480.h5

--- Timing ---
Total recorded: 245.525 s
Section                                            Count    Total[s]     Self[s]      %
gw_jax.restart_load                                    1       7.086       7.086    2.9
gw_jax.chi0_W                                          1      22.570      22.570    9.2
gw_jax.pipeline                                        1       1.437       1.437    0.6
gw_jax.ppm_sigma                                       1     214.432     214.432   87.3
