srun: Step created for StepId=51710852.45
JAX: 1 gpu devices
== Chunked kin_ion_io ==
Loading WFN: WFN.h5
Bands: 328, FFT grid: (36, 36, 36), k-points: 8
sys_dim: 3
Devices: 1
Pseudopotentials: ['Si']
Coulomb truncation: 3D bulk
Building V_loc...
Building unified V_NL setup...

Processing 8 k-points...
  k=1/8...

Writing to /pscratch/sd/j/jackm/lorrax_sandbox/runs/Si_pseudobands/00_si_2x2x2_60Ry/cohsex_sweep5/v1_k4_75w_s1/kin_ion.h5...
Wrote kin_ion.h5: shape (8, 328, 328), sys_dim=3
--- Timing (seconds) ---
Total recorded: 7.332 s
Section                                            Count    Total[s]     Self[s]      %
load_wfn                                               1       0.053       0.053    0.7
build_V_loc                                            1       0.789       0.789   10.8
k0                                                     1       2.384       2.384   32.5
k1                                                     1       1.664       1.664   22.7
k2                                                     1       0.144       0.144    2.0
k3                                                     1       1.689       1.689   23.0
k4                                                     1       0.143       0.143    2.0
k5                                                     1       0.153       0.153    2.1
k6                                                     1       0.157       0.157    2.1
k7                                                     1       0.139       0.139    1.9
write_h5                                               1       0.018       0.018    0.2
