[lxrun] JID 52197940 · 4 nodes · 1:36:29 left · 4/4 free · incoming: lx-C
  1  nid003584  free   —              —      —  ← starting lx-C  python3 -u absorption_co
  2  nid003989  free   —              —      —
  3  nid003992  free   —              —      —
  4  nid008229  free   —              —      —
V_cell = 270.1072 bohr^3
V_cell = 270.1072 bohr^3
Reading BGW eigenvectors.h5 + vmtxel ...
Reading BGW eigenvectors.h5 + vmtxel ...
V_cell = 270.1072 bohr^3
Reading BGW eigenvectors.h5 + vmtxel ...
V_cell = 270.1072 bohr^3
Reading BGW eigenvectors.h5 + vmtxel ...
  BGW: 500 eigvals, A shape (500, 64, 8, 8), vmtxel (64, 8, 8), opr=1
  BGW: 500 eigvals, A shape (500, 64, 8, 8), vmtxel (64, 8, 8), opr=1
  BGW: 500 eigvals, A shape (500, 64, 8, 8), vmtxel (64, 8, 8), opr=1
  BGW: 500 eigvals, A shape (500, 64, 8, 8), vmtxel (64, 8, 8), opr=1
  BGW Σ|d|² over first 100 = 8.1195e+03
  BGW Σ|d|² over first 400 = 2.5346e+04
  BGW Σ|d|² over first 100 = 8.1195e+03
  BGW lowest 5 eigvals (eV): [2.93277308 2.93277325 2.93277511 2.9348019  2.93480203]

Running LORRAX BSE Lanczos (n_eig=100) ...
  BGW Σ|d|² over first 400 = 2.5346e+04
  BGW lowest 5 eigvals (eV): [2.93277308 2.93277325 2.93277511 2.9348019  2.93480203]

Running LORRAX BSE Lanczos (n_eig=100) ...
  BGW Σ|d|² over first 100 = 8.1195e+03
  BGW Σ|d|² over first 400 = 2.5346e+04
  BGW lowest 5 eigvals (eV): [2.93277308 2.93277325 2.93277511 2.9348019  2.93480203]

Running LORRAX BSE Lanczos (n_eig=100) ...
  BGW Σ|d|² over first 100 = 8.1195e+03
  BGW Σ|d|² over first 400 = 2.5346e+04
  BGW lowest 5 eigvals (eV): [2.93277308 2.93277325 2.93277511 2.9348019  2.93480203]

Running LORRAX BSE Lanczos (n_eig=100) ...
BSE-sharded: q=0 head injected (rank-1, dual-sharded G0, V_cell=270.11): vhead=3303.748, whead[0]=150.205
  LORRAX original eps_v shape: (64, 8); eps_c: (64, 8)
BSE-sharded: q=0 head injected (rank-1, dual-sharded G0, V_cell=270.11): vhead=3303.748, whead[0]=150.205
  LORRAX original eps_v shape: (64, 8); eps_c: (64, 8)
BSE-sharded: q=0 head injected (rank-1, dual-sharded G0, V_cell=270.11): vhead=3303.748, whead[0]=150.205
  LORRAX original eps_v shape: (64, 8); eps_c: (64, 8)
BSE-sharded: q=0 head injected (rank-1, dual-sharded G0, V_cell=270.11): vhead=3303.748, whead[0]=150.205
  LORRAX original eps_v shape: (64, 8); eps_c: (64, 8)
  LORRAX val band indices in enk_full: [0 1 2 3 4 5 6 7]
  LORRAX cond band indices in enk_full: [ 8  9 10 11 12 13 14 15]
  Applied BGW eqp.dat. mean Δval=-0.010 eV, mean Δcond=0.665 eV
  LORRAX val band indices in enk_full: [0 1 2 3 4 5 6 7]
  LORRAX cond band indices in enk_full: [ 8  9 10 11 12 13 14 15]
  Applied BGW eqp.dat. mean Δval=-0.010 eV, mean Δcond=0.665 eV
  LORRAX val band indices in enk_full: [0 1 2 3 4 5 6 7]
  LORRAX cond band indices in enk_full: [ 8  9 10 11 12 13 14 15]
  Applied BGW eqp.dat. mean Δval=-0.010 eV, mean Δcond=0.665 eV
  LORRAX val band indices in enk_full: [0 1 2 3 4 5 6 7]
  LORRAX cond band indices in enk_full: [ 8  9 10 11 12 13 14 15]
  Applied BGW eqp.dat. mean Δval=-0.010 eV, mean Δcond=0.665 eV
/opt/jax/jax/_src/interpreters/mlir.py:1178: UserWarning: Some donated buffers were not usable: ShapedArray(complex128[480,480,4,4,4]).
See an explanation at https://jax.readthedocs.io/en/latest/faq.html#buffer-donation.
  warnings.warn("Some donated buffers were not usable:"
/opt/jax/jax/_src/interpreters/mlir.py:1178: UserWarning: Some donated buffers were not usable: ShapedArray(complex128[480,480,4,4,4]).
See an explanation at https://jax.readthedocs.io/en/latest/faq.html#buffer-donation.
  warnings.warn("Some donated buffers were not usable:"
/opt/jax/jax/_src/interpreters/mlir.py:1178: UserWarning: Some donated buffers were not usable: ShapedArray(complex128[480,480,4,4,4]).
See an explanation at https://jax.readthedocs.io/en/latest/faq.html#buffer-donation.
  warnings.warn("Some donated buffers were not usable:"
/opt/jax/jax/_src/interpreters/mlir.py:1178: UserWarning: Some donated buffers were not usable: ShapedArray(complex128[480,480,4,4,4]).
See an explanation at https://jax.readthedocs.io/en/latest/faq.html#buffer-donation.
  warnings.warn("Some donated buffers were not usable:"
  LORRAX eigvecs shape: (100, 1, 8, 8, 64)
  LORRAX lowest 5 eigvals (eV): [2.93320423 2.93402244 2.93432988 2.9358936  2.93653444]
  LORRAX eigvecs shape: (100, 1, 8, 8, 64)
  LORRAX lowest 5 eigvals (eV): [2.93320423 2.93402244 2.93432988 2.9358936  2.93653444]
  LORRAX nc=8 nv=8 nk=64; dipole shape=(3, 64, 60, 60)
  d_alpha sliced shape: (3, 64, 8, 8)
  LORRAX nc=8 nv=8 nk=64; dipole shape=(3, 64, 60, 60)
  d_alpha sliced shape: (3, 64, 8, 8)
  LORRAX Σ|d|² over first 100 = 4.2171e+02
  LORRAX Σ|d|² (all 100) total = 4.2171e+02

Saved data to /pscratch/sd/j/jackm/lorrax_sandbox/runs/Si/C_bse_davidson_profile_2026-04-28/compare/absorption_data.npz
  LORRAX Σ|d|² over first 100 = 4.2171e+02
  LORRAX Σ|d|² (all 100) total = 4.2171e+02

Saved data to /pscratch/sd/j/jackm/lorrax_sandbox/runs/Si/C_bse_davidson_profile_2026-04-28/compare/absorption_data.npz
  LORRAX eigvecs shape: (100, 1, 8, 8, 64)
  LORRAX lowest 5 eigvals (eV): [2.93320423 2.93402244 2.93432988 2.9358936  2.93653444]
  LORRAX nc=8 nv=8 nk=64; dipole shape=(3, 64, 60, 60)
  d_alpha sliced shape: (3, 64, 8, 8)
  LORRAX eigvecs shape: (100, 1, 8, 8, 64)
  LORRAX lowest 5 eigvals (eV): [2.93320423 2.93402244 2.93432988 2.9358936  2.93653444]
  LORRAX nc=8 nv=8 nk=64; dipole shape=(3, 64, 60, 60)
  d_alpha sliced shape: (3, 64, 8, 8)
  LORRAX Σ|d|² over first 100 = 4.2171e+02
  LORRAX Σ|d|² (all 100) total = 4.2171e+02

Saved data to /pscratch/sd/j/jackm/lorrax_sandbox/runs/Si/C_bse_davidson_profile_2026-04-28/compare/absorption_data.npz
  LORRAX Σ|d|² over first 100 = 4.2171e+02
  LORRAX Σ|d|² (all 100) total = 4.2171e+02

Saved data to /pscratch/sd/j/jackm/lorrax_sandbox/runs/Si/C_bse_davidson_profile_2026-04-28/compare/absorption_data.npz
Wrote /pscratch/sd/j/jackm/lorrax_sandbox/runs/Si/C_bse_davidson_profile_2026-04-28/compare/absorption_compare.png
Wrote /pscratch/sd/j/jackm/lorrax_sandbox/runs/Si/C_bse_davidson_profile_2026-04-28/compare/absorption_compare.png
Wrote /pscratch/sd/j/jackm/lorrax_sandbox/runs/Si/C_bse_davidson_profile_2026-04-28/compare/absorption_compare.png
Wrote /pscratch/sd/j/jackm/lorrax_sandbox/runs/Si/C_bse_davidson_profile_2026-04-28/compare/absorption_compare.png
