bash: cannot set terminal process group (71222): Inappropriate ioctl for device
bash: no job control in this shell
[lxrun] JID 52648527 · 4 nodes · 1:16:35 left · 4/4 free · incoming: lx-B
  1  nid008461  free   —              —      —  ← starting lx-B  python3 -u -m gw.gw_jax 
  2  nid008464  free   —              —      —  ← starting lx-B  python3 -u -m gw.gw_jax 
  3  nid008465  free   —              —      —  ← starting lx-B  python3 -u -m gw.gw_jax 
  4  nid008468  free   —              —      —  ← starting lx-B  python3 -u -m gw.gw_jax 

========================================================================
  COHSEX-JAX: Self-Energy Calculation
========================================================================
  Backend: GPU       Devices: 16  Mesh: 4×4  Processes: 16
  Device type: NVIDIA A100-SXM4-80GB
  XLA preallocate: false  mem_fraction: unset
========================================================================

  ISDF basis: 1800 centroids
  FFT grid: 75×75×200   Cell volume: 4960.60 a.u.³

    K-point chunking: 23 k-pts per FFT batch (total 36)
  K-point chunking: 2 chunks of 22 (total 36 k-points)
    Memory estimate: peak 43.65 GB (budget 45.00 GB), bottleneck=fft
    Per-stage: fft=42.85  zct=21.48  reshard=21.48  solve=14.97  gather=13.83 GB
    AOT fit_one_rchunk peak (driver-level): 29.01 GB

  Chunked ISDF fitting:
    Band chunks: 80
    R chunks:    109056 (contiguous r-space)
    Q chunks:    36
    Zeta output: /pscratch/sd/j/jackm/lorrax_sandbox/runs/CrI3/N_6x6_80Ry_nband80_2026-05-07/lorrax_B/tmp/zeta_q.h5

  Zeta fitting: 11 r-chunks x 109056 r-points, 80 bands (80 left + 80 right)
  Output: /pscratch/sd/j/jackm/lorrax_sandbox/runs/CrI3/N_6x6_80Ry_nband80_2026-05-07/lorrax_B/tmp/zeta_q.h5
  Left wfns:  (36, 80, 2, 1800)
  Right wfns: (36, 80, 2, 1800)
  Pseudobands normalization: 0 weighted, 0 zero-weight (skipped)
  Computing pair densities P_l, P_r (spin_traced)
/opt/jax/jax/_src/interpreters/mlir.py:1178: UserWarning: Some donated buffers were not usable: ShapedArray(complex128[36,450,450]).
See an explanation at https://jax.readthedocs.io/en/latest/faq.html#buffer-donation.
  warnings.warn("Some donated buffers were not usable:"
/opt/jax/jax/_src/interpreters/mlir.py:1178: UserWarning: Some donated buffers were not usable: ShapedArray(complex128[36,450,450]).
See an explanation at https://jax.readthedocs.io/en/latest/faq.html#buffer-donation.
  warnings.warn("Some donated buffers were not usable:"
/opt/jax/jax/_src/interpreters/mlir.py:1178: UserWarning: Some donated buffers were not usable: ShapedArray(complex128[36,450,450]).
See an explanation at https://jax.readthedocs.io/en/latest/faq.html#buffer-donation.
  warnings.warn("Some donated buffers were not usable:"
/opt/jax/jax/_src/interpreters/mlir.py:1178: UserWarning: Some donated buffers were not usable: ShapedArray(complex128[36,450,450]).
See an explanation at https://jax.readthedocs.io/en/latest/faq.html#buffer-donation.
  warnings.warn("Some donated buffers were not usable:"
/opt/jax/jax/_src/interpreters/mlir.py:1178: UserWarning: Some donated buffers were not usable: ShapedArray(complex128[36,450,450]).
See an explanation at https://jax.readthedocs.io/en/latest/faq.html#buffer-donation.
  warnings.warn("Some donated buffers were not usable:"
/opt/jax/jax/_src/interpreters/mlir.py:1178: UserWarning: Some donated buffers were not usable: ShapedArray(complex128[36,450,450]).
See an explanation at https://jax.readthedocs.io/en/latest/faq.html#buffer-donation.
  warnings.warn("Some donated buffers were not usable:"
/opt/jax/jax/_src/interpreters/mlir.py:1178: UserWarning: Some donated buffers were not usable: ShapedArray(complex128[36,450,450]).
See an explanation at https://jax.readthedocs.io/en/latest/faq.html#buffer-donation.
  warnings.warn("Some donated buffers were not usable:"
/opt/jax/jax/_src/interpreters/mlir.py:1178: UserWarning: Some donated buffers were not usable: ShapedArray(complex128[36,450,450]).
See an explanation at https://jax.readthedocs.io/en/latest/faq.html#buffer-donation.
  warnings.warn("Some donated buffers were not usable:"
/opt/jax/jax/_src/interpreters/mlir.py:1178: UserWarning: Some donated buffers were not usable: ShapedArray(complex128[36,450,450]).
See an explanation at https://jax.readthedocs.io/en/latest/faq.html#buffer-donation.
  warnings.warn("Some donated buffers were not usable:"
/opt/jax/jax/_src/interpreters/mlir.py:1178: UserWarning: Some donated buffers were not usable: ShapedArray(complex128[36,450,450]).
See an explanation at https://jax.readthedocs.io/en/latest/faq.html#buffer-donation.
  warnings.warn("Some donated buffers were not usable:"
/opt/jax/jax/_src/interpreters/mlir.py:1178: UserWarning: Some donated buffers were not usable: ShapedArray(complex128[36,450,450]).
See an explanation at https://jax.readthedocs.io/en/latest/faq.html#buffer-donation.
  warnings.warn("Some donated buffers were not usable:"
/opt/jax/jax/_src/interpreters/mlir.py:1178: UserWarning: Some donated buffers were not usable: ShapedArray(complex128[36,450,450]).
See an explanation at https://jax.readthedocs.io/en/latest/faq.html#buffer-donation.
  warnings.warn("Some donated buffers were not usable:"
/opt/jax/jax/_src/interpreters/mlir.py:1178: UserWarning: Some donated buffers were not usable: ShapedArray(complex128[36,450,450]).
See an explanation at https://jax.readthedocs.io/en/latest/faq.html#buffer-donation.
  warnings.warn("Some donated buffers were not usable:"
/opt/jax/jax/_src/interpreters/mlir.py:1178: UserWarning: Some donated buffers were not usable: ShapedArray(complex128[36,450,450]).
See an explanation at https://jax.readthedocs.io/en/latest/faq.html#buffer-donation.
  warnings.warn("Some donated buffers were not usable:"
/opt/jax/jax/_src/interpreters/mlir.py:1178: UserWarning: Some donated buffers were not usable: ShapedArray(complex128[36,450,450]).
See an explanation at https://jax.readthedocs.io/en/latest/faq.html#buffer-donation.
  warnings.warn("Some donated buffers were not usable:"
/opt/jax/jax/_src/interpreters/mlir.py:1178: UserWarning: Some donated buffers were not usable: ShapedArray(complex128[36,450,450]).
See an explanation at https://jax.readthedocs.io/en/latest/faq.html#buffer-donation.
  warnings.warn("Some donated buffers were not usable:"
  Computing L_q = chol(C_q)
  L_q: (36, 1800, 1800)
/global/homes/j/jackm/software/lorrax_B/src/file_io/_slab_io_ffi.py:378: UserWarning: FFI backend: chunks/attrs on create_dataset currently no-op; pre-create with h5py if you need explicit chunking or attrs.
  warnings.warn(
/global/homes/j/jackm/software/lorrax_B/src/file_io/_slab_io_ffi.py:378: UserWarning: FFI backend: chunks/attrs on create_dataset currently no-op; pre-create with h5py if you need explicit chunking or attrs.
  warnings.warn(
/global/homes/j/jackm/software/lorrax_B/src/file_io/_slab_io_ffi.py:378: UserWarning: FFI backend: chunks/attrs on create_dataset currently no-op; pre-create with h5py if you need explicit chunking or attrs.
  warnings.warn(
/global/homes/j/jackm/software/lorrax_B/src/file_io/_slab_io_ffi.py:378: UserWarning: FFI backend: chunks/attrs on create_dataset currently no-op; pre-create with h5py if you need explicit chunking or attrs.
  warnings.warn(
/global/homes/j/jackm/software/lorrax_B/src/file_io/_slab_io_ffi.py:378: UserWarning: FFI backend: chunks/attrs on create_dataset currently no-op; pre-create with h5py if you need explicit chunking or attrs.
  warnings.warn(
/global/homes/j/jackm/software/lorrax_B/src/file_io/_slab_io_ffi.py:378: UserWarning: FFI backend: chunks/attrs on create_dataset currently no-op; pre-create with h5py if you need explicit chunking or attrs.
  warnings.warn(
/global/homes/j/jackm/software/lorrax_B/src/file_io/_slab_io_ffi.py:378: UserWarning: FFI backend: chunks/attrs on create_dataset currently no-op; pre-create with h5py if you need explicit chunking or attrs.
  warnings.warn(
/global/homes/j/jackm/software/lorrax_B/src/file_io/_slab_io_ffi.py:378: UserWarning: FFI backend: chunks/attrs on create_dataset currently no-op; pre-create with h5py if you need explicit chunking or attrs.
  warnings.warn(
/global/homes/j/jackm/software/lorrax_B/src/file_io/_slab_io_ffi.py:378: UserWarning: FFI backend: chunks/attrs on create_dataset currently no-op; pre-create with h5py if you need explicit chunking or attrs.
  warnings.warn(
/global/homes/j/jackm/software/lorrax_B/src/file_io/_slab_io_ffi.py:378: UserWarning: FFI backend: chunks/attrs on create_dataset currently no-op; pre-create with h5py if you need explicit chunking or attrs.
  warnings.warn(
/global/homes/j/jackm/software/lorrax_B/src/file_io/_slab_io_ffi.py:378: UserWarning: FFI backend: chunks/attrs on create_dataset currently no-op; pre-create with h5py if you need explicit chunking or attrs.
  warnings.warn(
/global/homes/j/jackm/software/lorrax_B/src/file_io/_slab_io_ffi.py:378: UserWarning: FFI backend: chunks/attrs on create_dataset currently no-op; pre-create with h5py if you need explicit chunking or attrs.
  warnings.warn(
/global/homes/j/jackm/software/lorrax_B/src/file_io/_slab_io_ffi.py:378: UserWarning: FFI backend: chunks/attrs on create_dataset currently no-op; pre-create with h5py if you need explicit chunking or attrs.
  warnings.warn(
/global/homes/j/jackm/software/lorrax_B/src/file_io/_slab_io_ffi.py:378: UserWarning: FFI backend: chunks/attrs on create_dataset currently no-op; pre-create with h5py if you need explicit chunking or attrs.
  warnings.warn(
/global/homes/j/jackm/software/lorrax_B/src/file_io/_slab_io_ffi.py:378: UserWarning: FFI backend: chunks/attrs on create_dataset currently no-op; pre-create with h5py if you need explicit chunking or attrs.
  warnings.warn(
/global/homes/j/jackm/software/lorrax_B/src/file_io/_slab_io_ffi.py:378: UserWarning: FFI backend: chunks/attrs on create_dataset currently no-op; pre-create with h5py if you need explicit chunking or attrs.
  warnings.warn(
  ψ(G) host cache: 6.48 GB/process resident
Started zeta fitting at 12:16:55.
[ 12:16:55 | █░░░░░░░░░ |   9% ] r-chunk  1 / 11 · ETA 0 s
[ 12:17:22 | ██░░░░░░░░ |  18% ] r-chunk  2 / 11 · ETA 119 s
[ 12:17:45 | ███░░░░░░░ |  27% ] r-chunk  3 / 11 · ETA 131 s
[ 12:18:08 | ████░░░░░░ |  36% ] r-chunk  4 / 11 · ETA 127 s
[ 12:18:31 | █████░░░░░ |  45% ] r-chunk  5 / 11 · ETA 115 s
[ 12:18:54 | █████░░░░░ |  55% ] r-chunk  6 / 11 · ETA 99 s
[ 12:19:17 | ██████░░░░ |  64% ] r-chunk  7 / 11 · ETA 81 s
[ 12:19:41 | ███████░░░ |  73% ] r-chunk  8 / 11 · ETA 62 s
[ 12:20:18 | ████████░░ |  82% ] r-chunk  9 / 11 · ETA 45 s
[ 12:20:47 | █████████░ |  91% ] r-chunk 10 / 11 · ETA 23 s
2026-05-07 12:20:53.479794: W external/xla/xla/hlo/transforms/simplifiers/hlo_rematerialization.cc:3021] Can't reduce memory use below 28.46GiB (30560439312 bytes) by rematerialization; only reduced to 101.86GiB (109370995248 bytes), down from 101.86GiB (109370995248 bytes) originally
2026-05-07 12:20:53.496525: W external/xla/xla/hlo/transforms/simplifiers/hlo_rematerialization.cc:3021] Can't reduce memory use below 28.46GiB (30560439312 bytes) by rematerialization; only reduced to 101.86GiB (109370995248 bytes), down from 101.86GiB (109370995248 bytes) originally
2026-05-07 12:20:53.501041: W external/xla/xla/hlo/transforms/simplifiers/hlo_rematerialization.cc:3021] Can't reduce memory use below 28.46GiB (30560439312 bytes) by rematerialization; only reduced to 101.86GiB (109370995248 bytes), down from 101.86GiB (109370995248 bytes) originally
2026-05-07 12:20:53.540694: W external/xla/xla/hlo/transforms/simplifiers/hlo_rematerialization.cc:3021] Can't reduce memory use below 28.46GiB (30560439312 bytes) by rematerialization; only reduced to 101.86GiB (109370995248 bytes), down from 101.86GiB (109370995248 bytes) originally
2026-05-07 12:20:53.542553: W external/xla/xla/hlo/transforms/simplifiers/hlo_rematerialization.cc:3021] Can't reduce memory use below 28.46GiB (30560439312 bytes) by rematerialization; only reduced to 101.86GiB (109370995248 bytes), down from 101.86GiB (109370995248 bytes) originally
2026-05-07 12:20:53.541569: W external/xla/xla/hlo/transforms/simplifiers/hlo_rematerialization.cc:3021] Can't reduce memory use below 28.46GiB (30560439312 bytes) by rematerialization; only reduced to 101.86GiB (109370995248 bytes), down from 101.86GiB (109370995248 bytes) originally
2026-05-07 12:20:53.586849: W external/xla/xla/hlo/transforms/simplifiers/hlo_rematerialization.cc:3021] Can't reduce memory use below 28.46GiB (30560439312 bytes) by rematerialization; only reduced to 101.86GiB (109370995248 bytes), down from 101.86GiB (109370995248 bytes) originally
2026-05-07 12:20:53.941538: W external/xla/xla/hlo/transforms/simplifiers/hlo_rematerialization.cc:3021] Can't reduce memory use below 28.46GiB (30560439312 bytes) by rematerialization; only reduced to 101.86GiB (109370995248 bytes), down from 101.86GiB (109370995248 bytes) originally
2026-05-07 12:20:56.605666: E external/xla/xla/service/slow_operation_alarm.cc:73] Constant folding an instruction is taking > 1s:

  %exponential.0 = f64[36,75,75,200]{3,2,1,0} exponential(%constant.28), metadata={op_name="jit(_kernel)/jit(main)/jit(_fft_and_rslice)/exp" source_file="/global/homes/j/jackm/software/lorrax_B/src/common/load_wfns.py" source_line=383}

This isn't necessarily a bug; constant-folding is inherently a trade-off between compilation time and speed at runtime. XLA has some guards that attempt to keep constant folding from taking too long, but fundamentally you'll always be able to come up with an input program that takes a long time.

If you'd like to file a bug, run with envvar XLA_FLAGS=--xla_dump_to=/tmp/foo and attach the results.
2026-05-07 12:20:56.646621: W external/xla/xla/hlo/transforms/simplifiers/hlo_rematerialization.cc:3021] Can't reduce memory use below 28.46GiB (30560439312 bytes) by rematerialization; only reduced to 101.86GiB (109370995248 bytes), down from 101.86GiB (109370995248 bytes) originally
2026-05-07 12:20:56.629038: W external/xla/xla/hlo/transforms/simplifiers/hlo_rematerialization.cc:3021] Can't reduce memory use below 28.46GiB (30560439312 bytes) by rematerialization; only reduced to 101.86GiB (109370995248 bytes), down from 101.86GiB (109370995248 bytes) originally
2026-05-07 12:20:57.114526: E external/xla/xla/service/slow_operation_alarm.cc:140] The operation took 1.519223339s
Constant folding an instruction is taking > 1s:

  %exponential.0 = f64[36,75,75,200]{3,2,1,0} exponential(%constant.28), metadata={op_name="jit(_kernel)/jit(main)/jit(_fft_and_rslice)/exp" source_file="/global/homes/j/jackm/software/lorrax_B/src/common/load_wfns.py" source_line=383}

This isn't necessarily a bug; constant-folding is inherently a trade-off between compilation time and speed at runtime. XLA has some guards that attempt to keep constant folding from taking too long, but fundamentally you'll always be able to come up with an input program that takes a long time.

If you'd like to file a bug, run with envvar XLA_FLAGS=--xla_dump_to=/tmp/foo and attach the results.
2026-05-07 12:20:57.229668: W external/xla/xla/hlo/transforms/simplifiers/hlo_rematerialization.cc:3021] Can't reduce memory use below 28.46GiB (30560439312 bytes) by rematerialization; only reduced to 101.86GiB (109370995248 bytes), down from 101.86GiB (109370995248 bytes) originally
2026-05-07 12:20:57.378193: W external/xla/xla/hlo/transforms/simplifiers/hlo_rematerialization.cc:3021] Can't reduce memory use below 28.46GiB (30560439312 bytes) by rematerialization; only reduced to 101.86GiB (109370995248 bytes), down from 101.86GiB (109370995248 bytes) originally
2026-05-07 12:20:57.588108: W external/xla/xla/hlo/transforms/simplifiers/hlo_rematerialization.cc:3021] Can't reduce memory use below 28.46GiB (30560439312 bytes) by rematerialization; only reduced to 101.86GiB (109370995248 bytes), down from 101.86GiB (109370995248 bytes) originally
E0507 12:20:58.003726  592393 pjrt_stream_executor_client.cc:3077] Execution of replica 0 failed: RESOURCE_EXHAUSTED: Failed to allocate request for 33.26GiB (35715689216B) on device ordinal 0
Traceback (most recent call last):
  File "<frozen runpy>", line 198, in _run_module_as_main
  File "<frozen runpy>", line 88, in _run_code
  File "/global/homes/j/jackm/software/lorrax_B/src/gw/gw_jax.py", line 571, in <module>
    raise SystemExit(main())
                     ^^^^^^
  File "/global/homes/j/jackm/software/lorrax_B/src/gw/gw_jax.py", line 175, in main
    isdf = prepare_isdf_and_wavefunctions(
           ^^^^^^^^^^^^^^^^^^^^^^^^^^^^^^^
  File "/global/homes/j/jackm/software/lorrax_B/src/gw/gw_init.py", line 1087, in prepare_isdf_and_wavefunctions
    zeta_path, mem_est = fit_zeta(
                         ^^^^^^^^^
  File "/global/homes/j/jackm/software/lorrax_B/src/gw/gw_init.py", line 685, in fit_zeta
    peak_bytes = fit_zeta_chunked_to_h5(
                 ^^^^^^^^^^^^^^^^^^^^^^^
  File "/global/homes/j/jackm/software/lorrax_B/src/common/isdf_fitting.py", line 1480, in fit_zeta_chunked_to_h5
    zeta_chunk = fit_one_rchunk(
                 ^^^^^^^^^^^^^^^
  File "/global/homes/j/jackm/software/lorrax_B/src/common/isdf_fitting.py", line 1067, in fit_one_rchunk
    return fn(
           ^^^
jaxlib.xla_extension.XlaRuntimeError: RESOURCE_EXHAUSTED: Failed to allocate request for 33.26GiB (35715689216B) on device ordinal 0
--------------------
For simplicity, JAX has removed its internal frames from the traceback of the following exception. Set JAX_TRACEBACK_FILTERING=off to include these.
2026-05-07 12:20:58.417293: E external/xla/xla/stream_executor/cuda/cuda_fft.cc:269] Failed to allocate work area.
2026-05-07 12:20:58.417316: E external/xla/xla/stream_executor/cuda/cuda_fft.cc:320] Initialize Params: rank: 3 elem_count: 75 input_embed: 75 input_stride: 1 input_distance: 1125000 output_embed: 75 output_stride: 1 output_distance: 1125000 batch_count: 360
2026-05-07 12:20:58.417319: E external/xla/xla/stream_executor/cuda/cuda_fft.cc:329] Failed to initialize batched cufft plan with customized allocator: Failed to allocate request for 6.03GiB (6480000000B) on device ordinal 0
E0507 12:20:58.426296  615113 status_macros.cc:57] INTERNAL: RET_CHECK failure (external/xla/xla/backends/gpu/runtime/fft_thunk.cc:176) fft_plan != nullptr Failed to create cuFFT batched plan with scratch allocator
*** Begin stack trace ***
	
	
	
	
	
	
	
	
	
	
	
	
	
	
	
	
	
	
	
	
	PyObject_Vectorcall
	_PyEval_EvalFrameDefault
	_PyObject_Call_Prepend
	
	PyObject_Call
	_PyEval_EvalFrameDefault
	PyObject_Vectorcall
	
	
	PyObject_Vectorcall
	_PyEval_EvalFrameDefault
	PyEval_EvalCode
	
	
	PyObject_Vectorcall
	_PyEval_EvalFrameDefault
	
	Py_RunMain
	Py_BytesMain
	
	__libc_start_main
	_start
*** End stack trace ***

E0507 12:20:58.446597  615113 pjrt_stream_executor_client.cc:3077] Execution of replica 0 failed: INTERNAL: RET_CHECK failure (external/xla/xla/backends/gpu/runtime/fft_thunk.cc:176) fft_plan != nullptr Failed to create cuFFT batched plan with scratch allocator
Traceback (most recent call last):
  File "<frozen runpy>", line 198, in _run_module_as_main
  File "<frozen runpy>", line 88, in _run_code
  File "/global/homes/j/jackm/software/lorrax_B/src/gw/gw_jax.py", line 571, in <module>
    raise SystemExit(main())
                     ^^^^^^
  File "/global/homes/j/jackm/software/lorrax_B/src/gw/gw_jax.py", line 175, in main
    isdf = prepare_isdf_and_wavefunctions(
           ^^^^^^^^^^^^^^^^^^^^^^^^^^^^^^^
  File "/global/homes/j/jackm/software/lorrax_B/src/gw/gw_init.py", line 1087, in prepare_isdf_and_wavefunctions
    zeta_path, mem_est = fit_zeta(
                         ^^^^^^^^^
  File "/global/homes/j/jackm/software/lorrax_B/src/gw/gw_init.py", line 685, in fit_zeta
2026-05-07 12:20:58.470560: E external/xla/xla/stream_executor/cuda/cuda_fft.cc:269] Failed to allocate work area.
2026-05-07 12:20:58.470579: E external/xla/xla/stream_executor/cuda/cuda_fft.cc:320] Initialize Params: rank: 3 elem_count: 75 input_embed: 75 input_stride: 1 input_distance: 1125000 output_embed: 75 output_stride: 1 output_distance: 1125000 batch_count: 360
2026-05-07 12:20:58.470586: E external/xla/xla/stream_executor/cuda/cuda_fft.cc:329] Failed to initialize batched cufft plan with customized allocator: Failed to allocate request for 6.03GiB (6480000000B) on device ordinal 0
    peak_bytes = fit_zeta_chunked_to_h5(
                 ^^^^^^^^^^^^^^^^^^^^^^^
  File "/global/homes/j/jackm/software/lorrax_B/src/common/isdf_fitting.py", line 1480, in fit_zeta_chunked_to_h5
    zeta_chunk = fit_one_rchunk(
                 ^^^^^^^^^^^^^^^
  File "/global/homes/j/jackm/software/lorrax_B/src/common/isdf_fitting.py", line 1067, in fit_one_rchunk
2026-05-07 12:20:58.475232: E external/xla/xla/stream_executor/cuda/cuda_fft.cc:269] Failed to allocate work area.
2026-05-07 12:20:58.475252: E external/xla/xla/stream_executor/cuda/cuda_fft.cc:320] Initialize Params: rank: 3 elem_count: 75 input_embed: 75 input_stride: 1 input_distance: 1125000 output_embed: 75 output_stride: 1 output_distance: 1125000 batch_count: 360
2026-05-07 12:20:58.475258: E external/xla/xla/stream_executor/cuda/cuda_fft.cc:329] Failed to initialize batched cufft plan with customized allocator: Failed to allocate request for 6.03GiB (6480000000B) on device ordinal 0
    return fn(
           ^^^
jaxlib.xla_extension.XlaRuntimeError: INTERNAL: RET_CHECK failure (external/xla/xla/backends/gpu/runtime/fft_thunk.cc:176) fft_plan != nullptr Failed to create cuFFT batched plan with scratch allocator
--------------------
For simplicity, JAX has removed its internal frames from the traceback of the following exception. Set JAX_TRACEBACK_FILTERING=off to include these.
E0507 12:20:58.479398  615109 status_macros.cc:57] INTERNAL: RET_CHECK failure (external/xla/xla/backends/gpu/runtime/fft_thunk.cc:176) fft_plan != nullptr Failed to create cuFFT batched plan with scratch allocator
*** Begin stack trace ***
	
	
	
	
	
	
	
	
	
	
	
	
	
	
	
	
	
	
	
	
	PyObject_Vectorcall
	_PyEval_EvalFrameDefault
	_PyObject_Call_Prepend
	
	PyObject_Call
	_PyEval_EvalFrameDefault
	PyObject_Vectorcall
	
	
	PyObject_Vectorcall
	_PyEval_EvalFrameDefault
	PyEval_EvalCode
	
	
	PyObject_Vectorcall
	_PyEval_EvalFrameDefault
	
	Py_RunMain
	Py_BytesMain
	
	__libc_start_main
	_start
*** End stack trace ***

2026-05-07 12:20:58.492860: E external/xla/xla/stream_executor/cuda/cuda_fft.cc:269] Failed to allocate work area.
2026-05-07 12:20:58.492880: E external/xla/xla/stream_executor/cuda/cuda_fft.cc:320] Initialize Params: rank: 3 elem_count: 75 input_embed: 75 input_stride: 1 input_distance: 1125000 output_embed: 75 output_stride: 1 output_distance: 1125000 batch_count: 360
2026-05-07 12:20:58.492884: E external/xla/xla/stream_executor/cuda/cuda_fft.cc:329] Failed to initialize batched cufft plan with customized allocator: Failed to allocate request for 6.03GiB (6480000000B) on device ordinal 0
E0507 12:20:58.496345  592395 status_macros.cc:57] INTERNAL: RET_CHECK failure (external/xla/xla/backends/gpu/runtime/fft_thunk.cc:176) fft_plan != nullptr Failed to create cuFFT batched plan with scratch allocator
*** Begin stack trace ***
	
	
	
	
	
	
	
	
	
	
	
	
	
	
	
	
	
	
	
	
	PyObject_Vectorcall
	_PyEval_EvalFrameDefault
	_PyObject_Call_Prepend
	
	PyObject_Call
	_PyEval_EvalFrameDefault
	PyObject_Vectorcall
	
	
	PyObject_Vectorcall
	_PyEval_EvalFrameDefault
	PyEval_EvalCode
	
	
	PyObject_Vectorcall
	_PyEval_EvalFrameDefault
	
	Py_RunMain
	Py_BytesMain
	
	__libc_start_main
	_start
*** End stack trace ***

E0507 12:20:58.496870  592397 status_macros.cc:57] INTERNAL: RET_CHECK failure (external/xla/xla/backends/gpu/runtime/fft_thunk.cc:176) fft_plan != nullptr Failed to create cuFFT batched plan with scratch allocator
*** Begin stack trace ***
	
	
	
	
	
	
	
	
	
	
	
	
	
	
	
	
	
	
	
	
	PyObject_Vectorcall
	_PyEval_EvalFrameDefault
	_PyObject_Call_Prepend
	
	PyObject_Call
	_PyEval_EvalFrameDefault
	PyObject_Vectorcall
	
	
	PyObject_Vectorcall
	_PyEval_EvalFrameDefault
	PyEval_EvalCode
	
	
	PyObject_Vectorcall
	_PyEval_EvalFrameDefault
	
	Py_RunMain
	Py_BytesMain
	
	__libc_start_main
	_start
*** End stack trace ***

E0507 12:20:58.500576  615109 pjrt_stream_executor_client.cc:3077] Execution of replica 0 failed: INTERNAL: RET_CHECK failure (external/xla/xla/backends/gpu/runtime/fft_thunk.cc:176) fft_plan != nullptr Failed to create cuFFT batched plan with scratch allocator
2026-05-07 12:20:58.501298: E external/xla/xla/stream_executor/cuda/cuda_fft.cc:269] Failed to allocate work area.
2026-05-07 12:20:58.501315: E external/xla/xla/stream_executor/cuda/cuda_fft.cc:320] Initialize Params: rank: 3 elem_count: 75 input_embed: 75 input_stride: 1 input_distance: 1125000 output_embed: 75 output_stride: 1 output_distance: 1125000 batch_count: 360
2026-05-07 12:20:58.501319: E external/xla/xla/stream_executor/cuda/cuda_fft.cc:329] Failed to initialize batched cufft plan with customized allocator: Failed to allocate request for 6.03GiB (6480000000B) on device ordinal 0
E0507 12:20:58.505121  615111 status_macros.cc:57] INTERNAL: RET_CHECK failure (external/xla/xla/backends/gpu/runtime/fft_thunk.cc:176) fft_plan != nullptr Failed to create cuFFT batched plan with scratch allocator
*** Begin stack trace ***
	
	
	
	
	
	
	
	
	
	
	
	
	
	
	
	
	
	
	
	
	PyObject_Vectorcall
	_PyEval_EvalFrameDefault
	_PyObject_Call_Prepend
	
	PyObject_Call
	_PyEval_EvalFrameDefault
	PyObject_Vectorcall
	
	
	PyObject_Vectorcall
	_PyEval_EvalFrameDefault
	PyEval_EvalCode
	
	
	PyObject_Vectorcall
	_PyEval_EvalFrameDefault
	
	Py_RunMain
	Py_BytesMain
	
	__libc_start_main
	_start
*** End stack trace ***

Traceback (most recent call last):
  File "<frozen runpy>", line 198, in _run_module_as_main
  File "<frozen runpy>", line 88, in _run_code
  File "/global/homes/j/jackm/software/lorrax_B/src/gw/gw_jax.py", line 571, in <module>
    raise SystemExit(main())
                     ^^^^^^
  File "/global/homes/j/jackm/software/lorrax_B/src/gw/gw_jax.py", line 175, in main
    isdf = prepare_isdf_and_wavefunctions(
           ^^^^^^^^^^^^^^^^^^^^^^^^^^^^^^^
  File "/global/homes/j/jackm/software/lorrax_B/src/gw/gw_init.py", line 1087, in prepare_isdf_and_wavefunctions
    zeta_path, mem_est = fit_zeta(
                         ^^^^^^^^^
  File "/global/homes/j/jackm/software/lorrax_B/src/gw/gw_init.py", line 685, in fit_zeta
E0507 12:20:58.516658  592395 pjrt_stream_executor_client.cc:3077] Execution of replica 0 failed: INTERNAL: RET_CHECK failure (external/xla/xla/backends/gpu/runtime/fft_thunk.cc:176) fft_plan != nullptr Failed to create cuFFT batched plan with scratch allocator
    peak_bytes = fit_zeta_chunked_to_h5(
                 ^^^^^^^^^^^^^^^^^^^^^^^
  File "/global/homes/j/jackm/software/lorrax_B/src/common/isdf_fitting.py", line 1480, in fit_zeta_chunked_to_h5
    zeta_chunk = fit_one_rchunk(
                 ^^^^^^^^^^^^^^^
  File "/global/homes/j/jackm/software/lorrax_B/src/common/isdf_fitting.py", line 1067, in fit_one_rchunk
    return fn(
           ^^^
jaxlib.xla_extension.XlaRuntimeError: INTERNAL: RET_CHECK failure (external/xla/xla/backends/gpu/runtime/fft_thunk.cc:176) fft_plan != nullptr Failed to create cuFFT batched plan with scratch allocator
--------------------
For simplicity, JAX has removed its internal frames from the traceback of the following exception. Set JAX_TRACEBACK_FILTERING=off to include these.
E0507 12:20:58.530416  615111 pjrt_stream_executor_client.cc:3077] Execution of replica 0 failed: INTERNAL: RET_CHECK failure (external/xla/xla/backends/gpu/runtime/fft_thunk.cc:176) fft_plan != nullptr Failed to create cuFFT batched plan with scratch allocator
Traceback (most recent call last):
  File "<frozen runpy>", line 198, in _run_module_as_main
  File "<frozen runpy>", line 88, in _run_code
  File "/global/homes/j/jackm/software/lorrax_B/src/gw/gw_jax.py", line 571, in <module>
E0507 12:20:58.537353  592397 pjrt_stream_executor_client.cc:3077] Execution of replica 0 failed: INTERNAL: RET_CHECK failure (external/xla/xla/backends/gpu/runtime/fft_thunk.cc:176) fft_plan != nullptr Failed to create cuFFT batched plan with scratch allocator
    raise SystemExit(main())
                     ^^^^^^
  File "/global/homes/j/jackm/software/lorrax_B/src/gw/gw_jax.py", line 175, in main
Traceback (most recent call last):
  File "<frozen runpy>", line 198, in _run_module_as_main
  File "<frozen runpy>", line 88, in _run_code
  File "/global/homes/j/jackm/software/lorrax_B/src/gw/gw_jax.py", line 571, in <module>
    isdf = prepare_isdf_and_wavefunctions(
           ^^^^^^^^^^^^^^^^^^^^^^^^^^^^^^^
  File "/global/homes/j/jackm/software/lorrax_B/src/gw/gw_init.py", line 1087, in prepare_isdf_and_wavefunctions
    raise SystemExit(main())
                     ^^^^^^
  File "/global/homes/j/jackm/software/lorrax_B/src/gw/gw_jax.py", line 175, in main
    zeta_path, mem_est = fit_zeta(
                         ^^^^^^^^^
  File "/global/homes/j/jackm/software/lorrax_B/src/gw/gw_init.py", line 685, in fit_zeta
    isdf = prepare_isdf_and_wavefunctions(
           ^^^^^^^^^^^^^^^^^^^^^^^^^^^^^^^
  File "/global/homes/j/jackm/software/lorrax_B/src/gw/gw_init.py", line 1087, in prepare_isdf_and_wavefunctions
    peak_bytes = fit_zeta_chunked_to_h5(
                 ^^^^^^^^^^^^^^^^^^^^^^^
  File "/global/homes/j/jackm/software/lorrax_B/src/common/isdf_fitting.py", line 1480, in fit_zeta_chunked_to_h5
    zeta_path, mem_est = fit_zeta(
Traceback (most recent call last):
  File "<frozen runpy>", line 198, in _run_module_as_main
  File "<frozen runpy>", line 88, in _run_code
                         ^^^^^^^^^
  File "/global/homes/j/jackm/software/lorrax_B/src/gw/gw_jax.py", line 571, in <module>
  File "/global/homes/j/jackm/software/lorrax_B/src/gw/gw_init.py", line 685, in fit_zeta
    peak_bytes = fit_zeta_chunked_to_h5(
                 ^^^^^^^^^^^^^^^^^^^^^^^
  File "/global/homes/j/jackm/software/lorrax_B/src/common/isdf_fitting.py", line 1480, in fit_zeta_chunked_to_h5
    raise SystemExit(main())
                     ^^^^^^
  File "/global/homes/j/jackm/software/lorrax_B/src/gw/gw_jax.py", line 175, in main
    isdf = prepare_isdf_and_wavefunctions(
           ^^^^^^^^^^^^^^^^^^^^^^^^^^^^^^^
  File "/global/homes/j/jackm/software/lorrax_B/src/gw/gw_init.py", line 1087, in prepare_isdf_and_wavefunctions
    zeta_chunk = fit_one_rchunk(
                 ^^^^^^^^^^^^^^^
  File "/global/homes/j/jackm/software/lorrax_B/src/common/isdf_fitting.py", line 1067, in fit_one_rchunk
    zeta_chunk = fit_one_rchunk(
                 ^^^^^^^^^^^^^^^
  File "/global/homes/j/jackm/software/lorrax_B/src/common/isdf_fitting.py", line 1067, in fit_one_rchunk
    zeta_path, mem_est = fit_zeta(
                         ^^^^^^^^^
  File "/global/homes/j/jackm/software/lorrax_B/src/gw/gw_init.py", line 685, in fit_zeta
    return fn(
           ^^^
jaxlib.xla_extension.XlaRuntimeError: INTERNAL: RET_CHECK failure (external/xla/xla/backends/gpu/runtime/fft_thunk.cc:176) fft_plan != nullptr Failed to create cuFFT batched plan with scratch allocator
--------------------
For simplicity, JAX has removed its internal frames from the traceback of the following exception. Set JAX_TRACEBACK_FILTERING=off to include these.
    peak_bytes = fit_zeta_chunked_to_h5(
                 ^^^^^^^^^^^^^^^^^^^^^^^
  File "/global/homes/j/jackm/software/lorrax_B/src/common/isdf_fitting.py", line 1480, in fit_zeta_chunked_to_h5
    return fn(
           ^^^
jaxlib.xla_extension.XlaRuntimeError: INTERNAL: RET_CHECK failure (external/xla/xla/backends/gpu/runtime/fft_thunk.cc:176) fft_plan != nullptr Failed to create cuFFT batched plan with scratch allocator
--------------------
For simplicity, JAX has removed its internal frames from the traceback of the following exception. Set JAX_TRACEBACK_FILTERING=off to include these.
    zeta_chunk = fit_one_rchunk(
                 ^^^^^^^^^^^^^^^
  File "/global/homes/j/jackm/software/lorrax_B/src/common/isdf_fitting.py", line 1067, in fit_one_rchunk
    return fn(
           ^^^
jaxlib.xla_extension.XlaRuntimeError: INTERNAL: RET_CHECK failure (external/xla/xla/backends/gpu/runtime/fft_thunk.cc:176) fft_plan != nullptr Failed to create cuFFT batched plan with scratch allocator
--------------------
For simplicity, JAX has removed its internal frames from the traceback of the following exception. Set JAX_TRACEBACK_FILTERING=off to include these.
2026-05-07 12:20:59.077136: E external/xla/xla/stream_executor/cuda/cuda_fft.cc:269] Failed to allocate work area.
2026-05-07 12:20:59.077249: E external/xla/xla/stream_executor/cuda/cuda_fft.cc:320] Initialize Params: rank: 3 elem_count: 75 input_embed: 75 input_stride: 1 input_distance: 1125000 output_embed: 75 output_stride: 1 output_distance: 1125000 batch_count: 360
2026-05-07 12:20:59.077297: E external/xla/xla/stream_executor/cuda/cuda_fft.cc:329] Failed to initialize batched cufft plan with customized allocator: Failed to allocate request for 6.03GiB (6480000000B) on device ordinal 0
E0507 12:20:59.167878  616481 status_macros.cc:57] INTERNAL: RET_CHECK failure (external/xla/xla/backends/gpu/runtime/fft_thunk.cc:176) fft_plan != nullptr Failed to create cuFFT batched plan with scratch allocator
*** Begin stack trace ***
	
	
	
	
	
	
	
	
	
	
	
	
	
	
	
	
	
	
	
	
	PyObject_Vectorcall
	_PyEval_EvalFrameDefault
	_PyObject_Call_Prepend
	
	PyObject_Call
	_PyEval_EvalFrameDefault
	PyObject_Vectorcall
	
	
	PyObject_Vectorcall
	_PyEval_EvalFrameDefault
	PyEval_EvalCode
	
	
	PyObject_Vectorcall
	_PyEval_EvalFrameDefault
	
	Py_RunMain
	Py_BytesMain
	
	__libc_start_main
	_start
*** End stack trace ***

E0507 12:20:59.192093  616481 pjrt_stream_executor_client.cc:3077] Execution of replica 0 failed: INTERNAL: RET_CHECK failure (external/xla/xla/backends/gpu/runtime/fft_thunk.cc:176) fft_plan != nullptr Failed to create cuFFT batched plan with scratch allocator
Traceback (most recent call last):
  File "<frozen runpy>", line 198, in _run_module_as_main
  File "<frozen runpy>", line 88, in _run_code
  File "/global/homes/j/jackm/software/lorrax_B/src/gw/gw_jax.py", line 571, in <module>
    raise SystemExit(main())
                     ^^^^^^
  File "/global/homes/j/jackm/software/lorrax_B/src/gw/gw_jax.py", line 175, in main
    isdf = prepare_isdf_and_wavefunctions(
           ^^^^^^^^^^^^^^^^^^^^^^^^^^^^^^^
  File "/global/homes/j/jackm/software/lorrax_B/src/gw/gw_init.py", line 1087, in prepare_isdf_and_wavefunctions
    zeta_path, mem_est = fit_zeta(
                         ^^^^^^^^^
  File "/global/homes/j/jackm/software/lorrax_B/src/gw/gw_init.py", line 685, in fit_zeta
    peak_bytes = fit_zeta_chunked_to_h5(
                 ^^^^^^^^^^^^^^^^^^^^^^^
  File "/global/homes/j/jackm/software/lorrax_B/src/common/isdf_fitting.py", line 1480, in fit_zeta_chunked_to_h5
    zeta_chunk = fit_one_rchunk(
                 ^^^^^^^^^^^^^^^
  File "/global/homes/j/jackm/software/lorrax_B/src/common/isdf_fitting.py", line 1067, in fit_one_rchunk
    return fn(
           ^^^
jaxlib.xla_extension.XlaRuntimeError: INTERNAL: RET_CHECK failure (external/xla/xla/backends/gpu/runtime/fft_thunk.cc:176) fft_plan != nullptr Failed to create cuFFT batched plan with scratch allocator
--------------------
For simplicity, JAX has removed its internal frames from the traceback of the following exception. Set JAX_TRACEBACK_FILTERING=off to include these.
2026-05-07 12:20:59.481764: E external/xla/xla/stream_executor/cuda/cuda_fft.cc:269] Failed to allocate work area.
2026-05-07 12:20:59.481784: E external/xla/xla/stream_executor/cuda/cuda_fft.cc:320] Initialize Params: rank: 3 elem_count: 75 input_embed: 75 input_stride: 1 input_distance: 1125000 output_embed: 75 output_stride: 1 output_distance: 1125000 batch_count: 360
2026-05-07 12:20:59.481789: E external/xla/xla/stream_executor/cuda/cuda_fft.cc:329] Failed to initialize batched cufft plan with customized allocator: Failed to allocate request for 6.03GiB (6480000000B) on device ordinal 0
E0507 12:20:59.506887  616479 status_macros.cc:57] INTERNAL: RET_CHECK failure (external/xla/xla/backends/gpu/runtime/fft_thunk.cc:176) fft_plan != nullptr Failed to create cuFFT batched plan with scratch allocator
*** Begin stack trace ***
	
	
	
	
	
	
	
	
	
	
	
	
	
	
	
	
	
	
	
	
	PyObject_Vectorcall
	_PyEval_EvalFrameDefault
	_PyObject_Call_Prepend
	
	PyObject_Call
	_PyEval_EvalFrameDefault
	PyObject_Vectorcall
	
	
	PyObject_Vectorcall
	_PyEval_EvalFrameDefault
	PyEval_EvalCode
	
	
	PyObject_Vectorcall
	_PyEval_EvalFrameDefault
	
	Py_RunMain
	Py_BytesMain
	
	__libc_start_main
	_start
*** End stack trace ***

E0507 12:20:59.532533  616479 pjrt_stream_executor_client.cc:3077] Execution of replica 0 failed: INTERNAL: RET_CHECK failure (external/xla/xla/backends/gpu/runtime/fft_thunk.cc:176) fft_plan != nullptr Failed to create cuFFT batched plan with scratch allocator
Traceback (most recent call last):
  File "<frozen runpy>", line 198, in _run_module_as_main
  File "<frozen runpy>", line 88, in _run_code
  File "/global/homes/j/jackm/software/lorrax_B/src/gw/gw_jax.py", line 571, in <module>
    raise SystemExit(main())
                     ^^^^^^
  File "/global/homes/j/jackm/software/lorrax_B/src/gw/gw_jax.py", line 175, in main
    isdf = prepare_isdf_and_wavefunctions(
           ^^^^^^^^^^^^^^^^^^^^^^^^^^^^^^^
  File "/global/homes/j/jackm/software/lorrax_B/src/gw/gw_init.py", line 1087, in prepare_isdf_and_wavefunctions
    zeta_path, mem_est = fit_zeta(
                         ^^^^^^^^^
  File "/global/homes/j/jackm/software/lorrax_B/src/gw/gw_init.py", line 685, in fit_zeta
    peak_bytes = fit_zeta_chunked_to_h5(
                 ^^^^^^^^^^^^^^^^^^^^^^^
  File "/global/homes/j/jackm/software/lorrax_B/src/common/isdf_fitting.py", line 1480, in fit_zeta_chunked_to_h5
    zeta_chunk = fit_one_rchunk(
                 ^^^^^^^^^^^^^^^
  File "/global/homes/j/jackm/software/lorrax_B/src/common/isdf_fitting.py", line 1067, in fit_one_rchunk
    return fn(
           ^^^
jaxlib.xla_extension.XlaRuntimeError: INTERNAL: RET_CHECK failure (external/xla/xla/backends/gpu/runtime/fft_thunk.cc:176) fft_plan != nullptr Failed to create cuFFT batched plan with scratch allocator
--------------------
For simplicity, JAX has removed its internal frames from the traceback of the following exception. Set JAX_TRACEBACK_FILTERING=off to include these.
E0507 12:21:01.798496  592392 pjrt_stream_executor_client.cc:3077] Execution of replica 0 failed: RESOURCE_EXHAUSTED: Failed to allocate request for 33.26GiB (35715689216B) on device ordinal 0
Traceback (most recent call last):
  File "<frozen runpy>", line 198, in _run_module_as_main
  File "<frozen runpy>", line 88, in _run_code
  File "/global/homes/j/jackm/software/lorrax_B/src/gw/gw_jax.py", line 571, in <module>
    raise SystemExit(main())
                     ^^^^^^
  File "/global/homes/j/jackm/software/lorrax_B/src/gw/gw_jax.py", line 175, in main
    isdf = prepare_isdf_and_wavefunctions(
           ^^^^^^^^^^^^^^^^^^^^^^^^^^^^^^^
  File "/global/homes/j/jackm/software/lorrax_B/src/gw/gw_init.py", line 1087, in prepare_isdf_and_wavefunctions
    zeta_path, mem_est = fit_zeta(
                         ^^^^^^^^^
  File "/global/homes/j/jackm/software/lorrax_B/src/gw/gw_init.py", line 685, in fit_zeta
    peak_bytes = fit_zeta_chunked_to_h5(
                 ^^^^^^^^^^^^^^^^^^^^^^^
  File "/global/homes/j/jackm/software/lorrax_B/src/common/isdf_fitting.py", line 1480, in fit_zeta_chunked_to_h5
    zeta_chunk = fit_one_rchunk(
                 ^^^^^^^^^^^^^^^
  File "/global/homes/j/jackm/software/lorrax_B/src/common/isdf_fitting.py", line 1067, in fit_one_rchunk
    return fn(
           ^^^
jaxlib.xla_extension.XlaRuntimeError: RESOURCE_EXHAUSTED: Failed to allocate request for 33.26GiB (35715689216B) on device ordinal 0
--------------------
For simplicity, JAX has removed its internal frames from the traceback of the following exception. Set JAX_TRACEBACK_FILTERING=off to include these.
E0507 12:21:01.902633  615108 pjrt_stream_executor_client.cc:3077] Execution of replica 0 failed: RESOURCE_EXHAUSTED: Failed to allocate request for 33.26GiB (35715689216B) on device ordinal 0
Traceback (most recent call last):
  File "<frozen runpy>", line 198, in _run_module_as_main
  File "<frozen runpy>", line 88, in _run_code
  File "/global/homes/j/jackm/software/lorrax_B/src/gw/gw_jax.py", line 571, in <module>
    raise SystemExit(main())
                     ^^^^^^
  File "/global/homes/j/jackm/software/lorrax_B/src/gw/gw_jax.py", line 175, in main
    isdf = prepare_isdf_and_wavefunctions(
           ^^^^^^^^^^^^^^^^^^^^^^^^^^^^^^^
  File "/global/homes/j/jackm/software/lorrax_B/src/gw/gw_init.py", line 1087, in prepare_isdf_and_wavefunctions
    zeta_path, mem_est = fit_zeta(
                         ^^^^^^^^^
  File "/global/homes/j/jackm/software/lorrax_B/src/gw/gw_init.py", line 685, in fit_zeta
    peak_bytes = fit_zeta_chunked_to_h5(
                 ^^^^^^^^^^^^^^^^^^^^^^^
  File "/global/homes/j/jackm/software/lorrax_B/src/common/isdf_fitting.py", line 1480, in fit_zeta_chunked_to_h5
    zeta_chunk = fit_one_rchunk(
                 ^^^^^^^^^^^^^^^
  File "/global/homes/j/jackm/software/lorrax_B/src/common/isdf_fitting.py", line 1067, in fit_one_rchunk
    return fn(
           ^^^
jaxlib.xla_extension.XlaRuntimeError: RESOURCE_EXHAUSTED: Failed to allocate request for 33.26GiB (35715689216B) on device ordinal 0
--------------------
For simplicity, JAX has removed its internal frames from the traceback of the following exception. Set JAX_TRACEBACK_FILTERING=off to include these.
E0507 12:21:02.946471  616477 pjrt_stream_executor_client.cc:3077] Execution of replica 0 failed: RESOURCE_EXHAUSTED: Failed to allocate request for 33.26GiB (35715689216B) on device ordinal 0
Traceback (most recent call last):
  File "<frozen runpy>", line 198, in _run_module_as_main
  File "<frozen runpy>", line 88, in _run_code
  File "/global/homes/j/jackm/software/lorrax_B/src/gw/gw_jax.py", line 571, in <module>
    raise SystemExit(main())
                     ^^^^^^
  File "/global/homes/j/jackm/software/lorrax_B/src/gw/gw_jax.py", line 175, in main
    isdf = prepare_isdf_and_wavefunctions(
           ^^^^^^^^^^^^^^^^^^^^^^^^^^^^^^^
  File "/global/homes/j/jackm/software/lorrax_B/src/gw/gw_init.py", line 1087, in prepare_isdf_and_wavefunctions
    zeta_path, mem_est = fit_zeta(
                         ^^^^^^^^^
  File "/global/homes/j/jackm/software/lorrax_B/src/gw/gw_init.py", line 685, in fit_zeta
    peak_bytes = fit_zeta_chunked_to_h5(
                 ^^^^^^^^^^^^^^^^^^^^^^^
  File "/global/homes/j/jackm/software/lorrax_B/src/common/isdf_fitting.py", line 1480, in fit_zeta_chunked_to_h5
    zeta_chunk = fit_one_rchunk(
                 ^^^^^^^^^^^^^^^
  File "/global/homes/j/jackm/software/lorrax_B/src/common/isdf_fitting.py", line 1067, in fit_one_rchunk
    return fn(
           ^^^
jaxlib.xla_extension.XlaRuntimeError: RESOURCE_EXHAUSTED: Failed to allocate request for 33.26GiB (35715689216B) on device ordinal 0
--------------------
For simplicity, JAX has removed its internal frames from the traceback of the following exception. Set JAX_TRACEBACK_FILTERING=off to include these.
2026-05-07 12:21:03.214564: W external/xla/xla/hlo/transforms/simplifiers/hlo_rematerialization.cc:3021] Can't reduce memory use below 28.46GiB (30560439312 bytes) by rematerialization; only reduced to 101.86GiB (109370995248 bytes), down from 101.86GiB (109370995248 bytes) originally
2026-05-07 12:21:04.562050: W external/xla/xla/hlo/transforms/simplifiers/hlo_rematerialization.cc:3021] Can't reduce memory use below 28.46GiB (30560439312 bytes) by rematerialization; only reduced to 101.86GiB (109370995248 bytes), down from 101.86GiB (109370995248 bytes) originally
2026-05-07 12:21:06.663422: E external/xla/xla/stream_executor/cuda/cuda_fft.cc:269] Failed to allocate work area.
2026-05-07 12:21:06.663441: E external/xla/xla/stream_executor/cuda/cuda_fft.cc:320] Initialize Params: rank: 3 elem_count: 75 input_embed: 75 input_stride: 1 input_distance: 1125000 output_embed: 75 output_stride: 1 output_distance: 1125000 batch_count: 360
2026-05-07 12:21:06.663445: E external/xla/xla/stream_executor/cuda/cuda_fft.cc:329] Failed to initialize batched cufft plan with customized allocator: Failed to allocate request for 6.03GiB (6480000000B) on device ordinal 0
E0507 12:21:06.671592 1783064 status_macros.cc:57] INTERNAL: RET_CHECK failure (external/xla/xla/backends/gpu/runtime/fft_thunk.cc:176) fft_plan != nullptr Failed to create cuFFT batched plan with scratch allocator
*** Begin stack trace ***
	
	
	
	
	
	
	
	
	
	
	
	
	
	
	
	
	
	
	
	
	PyObject_Vectorcall
	_PyEval_EvalFrameDefault
	_PyObject_Call_Prepend
	
	PyObject_Call
	_PyEval_EvalFrameDefault
	PyObject_Vectorcall
	
	
	PyObject_Vectorcall
	_PyEval_EvalFrameDefault
	PyEval_EvalCode
	
	
	PyObject_Vectorcall
	_PyEval_EvalFrameDefault
	
	Py_RunMain
	Py_BytesMain
	
	__libc_start_main
	_start
*** End stack trace ***

E0507 12:21:06.693346 1783064 pjrt_stream_executor_client.cc:3077] Execution of replica 0 failed: INTERNAL: RET_CHECK failure (external/xla/xla/backends/gpu/runtime/fft_thunk.cc:176) fft_plan != nullptr Failed to create cuFFT batched plan with scratch allocator
Traceback (most recent call last):
  File "<frozen runpy>", line 198, in _run_module_as_main
  File "<frozen runpy>", line 88, in _run_code
  File "/global/homes/j/jackm/software/lorrax_B/src/gw/gw_jax.py", line 571, in <module>
    raise SystemExit(main())
                     ^^^^^^
  File "/global/homes/j/jackm/software/lorrax_B/src/gw/gw_jax.py", line 175, in main
    isdf = prepare_isdf_and_wavefunctions(
           ^^^^^^^^^^^^^^^^^^^^^^^^^^^^^^^
  File "/global/homes/j/jackm/software/lorrax_B/src/gw/gw_init.py", line 1087, in prepare_isdf_and_wavefunctions
    zeta_path, mem_est = fit_zeta(
                         ^^^^^^^^^
  File "/global/homes/j/jackm/software/lorrax_B/src/gw/gw_init.py", line 685, in fit_zeta
    peak_bytes = fit_zeta_chunked_to_h5(
                 ^^^^^^^^^^^^^^^^^^^^^^^
  File "/global/homes/j/jackm/software/lorrax_B/src/common/isdf_fitting.py", line 1480, in fit_zeta_chunked_to_h5
    zeta_chunk = fit_one_rchunk(
                 ^^^^^^^^^^^^^^^
  File "/global/homes/j/jackm/software/lorrax_B/src/common/isdf_fitting.py", line 1067, in fit_one_rchunk
    return fn(
           ^^^
jaxlib.xla_extension.XlaRuntimeError: INTERNAL: RET_CHECK failure (external/xla/xla/backends/gpu/runtime/fft_thunk.cc:176) fft_plan != nullptr Failed to create cuFFT batched plan with scratch allocator
--------------------
For simplicity, JAX has removed its internal frames from the traceback of the following exception. Set JAX_TRACEBACK_FILTERING=off to include these.
E0507 12:21:06.855403  595836 pjrt_stream_executor_client.cc:3077] Execution of replica 0 failed: INVALID_ARGUMENT: phdf5 write: ds_id is invalid
2026-05-07 12:21:06.953904: W external/xla/xla/hlo/transforms/simplifiers/hlo_rematerialization.cc:3021] Can't reduce memory use below 28.46GiB (30560439312 bytes) by rematerialization; only reduced to 101.86GiB (109370995248 bytes), down from 101.86GiB (109370995248 bytes) originally
2026-05-07 12:21:07.869708: E external/xla/xla/stream_executor/cuda/cuda_fft.cc:269] Failed to allocate work area.
2026-05-07 12:21:07.869726: E external/xla/xla/stream_executor/cuda/cuda_fft.cc:320] Initialize Params: rank: 3 elem_count: 75 input_embed: 75 input_stride: 1 input_distance: 1125000 output_embed: 75 output_stride: 1 output_distance: 1125000 batch_count: 360
2026-05-07 12:21:07.869730: E external/xla/xla/stream_executor/cuda/cuda_fft.cc:329] Failed to initialize batched cufft plan with customized allocator: Failed to allocate request for 6.03GiB (6480000000B) on device ordinal 0
E0507 12:21:07.870308 1783066 status_macros.cc:57] INTERNAL: RET_CHECK failure (external/xla/xla/backends/gpu/runtime/fft_thunk.cc:176) fft_plan != nullptr Failed to create cuFFT batched plan with scratch allocator
*** Begin stack trace ***
	
	
	
	
	
	
	
	
	
	
	
	
	
	
	
	
	
	
	
	
	PyObject_Vectorcall
	_PyEval_EvalFrameDefault
	_PyObject_Call_Prepend
	
	PyObject_Call
	_PyEval_EvalFrameDefault
	PyObject_Vectorcall
	
	
	PyObject_Vectorcall
	_PyEval_EvalFrameDefault
	PyEval_EvalCode
	
	
	PyObject_Vectorcall
	_PyEval_EvalFrameDefault
	
	Py_RunMain
	Py_BytesMain
	
	__libc_start_main
	_start
*** End stack trace ***

E0507 12:21:07.890952 1783066 pjrt_stream_executor_client.cc:3077] Execution of replica 0 failed: INTERNAL: RET_CHECK failure (external/xla/xla/backends/gpu/runtime/fft_thunk.cc:176) fft_plan != nullptr Failed to create cuFFT batched plan with scratch allocator
Traceback (most recent call last):
  File "<frozen runpy>", line 198, in _run_module_as_main
  File "<frozen runpy>", line 88, in _run_code
  File "/global/homes/j/jackm/software/lorrax_B/src/gw/gw_jax.py", line 571, in <module>
    raise SystemExit(main())
                     ^^^^^^
  File "/global/homes/j/jackm/software/lorrax_B/src/gw/gw_jax.py", line 175, in main
    isdf = prepare_isdf_and_wavefunctions(
           ^^^^^^^^^^^^^^^^^^^^^^^^^^^^^^^
  File "/global/homes/j/jackm/software/lorrax_B/src/gw/gw_init.py", line 1087, in prepare_isdf_and_wavefunctions
    zeta_path, mem_est = fit_zeta(
                         ^^^^^^^^^
  File "/global/homes/j/jackm/software/lorrax_B/src/gw/gw_init.py", line 685, in fit_zeta
    peak_bytes = fit_zeta_chunked_to_h5(
                 ^^^^^^^^^^^^^^^^^^^^^^^
  File "/global/homes/j/jackm/software/lorrax_B/src/common/isdf_fitting.py", line 1480, in fit_zeta_chunked_to_h5
    zeta_chunk = fit_one_rchunk(
                 ^^^^^^^^^^^^^^^
  File "/global/homes/j/jackm/software/lorrax_B/src/common/isdf_fitting.py", line 1067, in fit_one_rchunk
    return fn(
           ^^^
jaxlib.xla_extension.XlaRuntimeError: INTERNAL: RET_CHECK failure (external/xla/xla/backends/gpu/runtime/fft_thunk.cc:176) fft_plan != nullptr Failed to create cuFFT batched plan with scratch allocator
--------------------
For simplicity, JAX has removed its internal frames from the traceback of the following exception. Set JAX_TRACEBACK_FILTERING=off to include these.
E0507 12:21:09.249753  618571 pjrt_stream_executor_client.cc:3077] Execution of replica 0 failed: INVALID_ARGUMENT: phdf5 write: ds_id is invalid
E0507 12:21:09.265789  618571 pjrt_stream_executor_client.cc:3077] Execution of replica 0 failed: INVALID_ARGUMENT: phdf5 write: ds_id is invalid
E0507 12:21:09.711744  616476 pjrt_stream_executor_client.cc:3077] Execution of replica 0 failed: RESOURCE_EXHAUSTED: Failed to allocate request for 33.26GiB (35715689216B) on device ordinal 0
Traceback (most recent call last):
  File "<frozen runpy>", line 198, in _run_module_as_main
  File "<frozen runpy>", line 88, in _run_code
  File "/global/homes/j/jackm/software/lorrax_B/src/gw/gw_jax.py", line 571, in <module>
    raise SystemExit(main())
                     ^^^^^^
  File "/global/homes/j/jackm/software/lorrax_B/src/gw/gw_jax.py", line 175, in main
    isdf = prepare_isdf_and_wavefunctions(
           ^^^^^^^^^^^^^^^^^^^^^^^^^^^^^^^
  File "/global/homes/j/jackm/software/lorrax_B/src/gw/gw_init.py", line 1087, in prepare_isdf_and_wavefunctions
    zeta_path, mem_est = fit_zeta(
                         ^^^^^^^^^
  File "/global/homes/j/jackm/software/lorrax_B/src/gw/gw_init.py", line 685, in fit_zeta
    peak_bytes = fit_zeta_chunked_to_h5(
                 ^^^^^^^^^^^^^^^^^^^^^^^
  File "/global/homes/j/jackm/software/lorrax_B/src/common/isdf_fitting.py", line 1480, in fit_zeta_chunked_to_h5
    zeta_chunk = fit_one_rchunk(
                 ^^^^^^^^^^^^^^^
  File "/global/homes/j/jackm/software/lorrax_B/src/common/isdf_fitting.py", line 1067, in fit_one_rchunk
    return fn(
           ^^^
jaxlib.xla_extension.XlaRuntimeError: RESOURCE_EXHAUSTED: Failed to allocate request for 33.26GiB (35715689216B) on device ordinal 0
--------------------
For simplicity, JAX has removed its internal frames from the traceback of the following exception. Set JAX_TRACEBACK_FILTERING=off to include these.
E0507 12:21:10.184289 1783061 pjrt_stream_executor_client.cc:3077] Execution of replica 0 failed: RESOURCE_EXHAUSTED: Failed to allocate request for 33.26GiB (35715689216B) on device ordinal 0
Traceback (most recent call last):
  File "<frozen runpy>", line 198, in _run_module_as_main
  File "<frozen runpy>", line 88, in _run_code
  File "/global/homes/j/jackm/software/lorrax_B/src/gw/gw_jax.py", line 571, in <module>
    raise SystemExit(main())
                     ^^^^^^
  File "/global/homes/j/jackm/software/lorrax_B/src/gw/gw_jax.py", line 175, in main
    isdf = prepare_isdf_and_wavefunctions(
           ^^^^^^^^^^^^^^^^^^^^^^^^^^^^^^^
  File "/global/homes/j/jackm/software/lorrax_B/src/gw/gw_init.py", line 1087, in prepare_isdf_and_wavefunctions
    zeta_path, mem_est = fit_zeta(
                         ^^^^^^^^^
  File "/global/homes/j/jackm/software/lorrax_B/src/gw/gw_init.py", line 685, in fit_zeta
    peak_bytes = fit_zeta_chunked_to_h5(
                 ^^^^^^^^^^^^^^^^^^^^^^^
  File "/global/homes/j/jackm/software/lorrax_B/src/common/isdf_fitting.py", line 1480, in fit_zeta_chunked_to_h5
    zeta_chunk = fit_one_rchunk(
                 ^^^^^^^^^^^^^^^
  File "/global/homes/j/jackm/software/lorrax_B/src/common/isdf_fitting.py", line 1067, in fit_one_rchunk
    return fn(
           ^^^
jaxlib.xla_extension.XlaRuntimeError: RESOURCE_EXHAUSTED: Failed to allocate request for 33.26GiB (35715689216B) on device ordinal 0
--------------------
For simplicity, JAX has removed its internal frames from the traceback of the following exception. Set JAX_TRACEBACK_FILTERING=off to include these.
E0507 12:21:11.037399  619912 pjrt_stream_executor_client.cc:3077] Execution of replica 0 failed: INVALID_ARGUMENT: phdf5 write: ds_id is invalid
E0507 12:21:11.045094  619912 pjrt_stream_executor_client.cc:3077] Execution of replica 0 failed: INVALID_ARGUMENT: phdf5 write: ds_id is invalid
E0507 12:21:11.421033 1783062 pjrt_stream_executor_client.cc:3077] Execution of replica 0 failed: RESOURCE_EXHAUSTED: Failed to allocate request for 33.26GiB (35715689216B) on device ordinal 0
Traceback (most recent call last):
  File "<frozen runpy>", line 198, in _run_module_as_main
  File "<frozen runpy>", line 88, in _run_code
  File "/global/homes/j/jackm/software/lorrax_B/src/gw/gw_jax.py", line 571, in <module>
    raise SystemExit(main())
                     ^^^^^^
  File "/global/homes/j/jackm/software/lorrax_B/src/gw/gw_jax.py", line 175, in main
    isdf = prepare_isdf_and_wavefunctions(
           ^^^^^^^^^^^^^^^^^^^^^^^^^^^^^^^
  File "/global/homes/j/jackm/software/lorrax_B/src/gw/gw_init.py", line 1087, in prepare_isdf_and_wavefunctions
    zeta_path, mem_est = fit_zeta(
                         ^^^^^^^^^
  File "/global/homes/j/jackm/software/lorrax_B/src/gw/gw_init.py", line 685, in fit_zeta
    peak_bytes = fit_zeta_chunked_to_h5(
                 ^^^^^^^^^^^^^^^^^^^^^^^
  File "/global/homes/j/jackm/software/lorrax_B/src/common/isdf_fitting.py", line 1480, in fit_zeta_chunked_to_h5
    zeta_chunk = fit_one_rchunk(
                 ^^^^^^^^^^^^^^^
  File "/global/homes/j/jackm/software/lorrax_B/src/common/isdf_fitting.py", line 1067, in fit_one_rchunk
    return fn(
           ^^^
jaxlib.xla_extension.XlaRuntimeError: RESOURCE_EXHAUSTED: Failed to allocate request for 33.26GiB (35715689216B) on device ordinal 0
--------------------
For simplicity, JAX has removed its internal frames from the traceback of the following exception. Set JAX_TRACEBACK_FILTERING=off to include these.
E0507 12:21:16.361949  595837 pjrt_stream_executor_client.cc:3077] Execution of replica 0 failed: INVALID_ARGUMENT: phdf5 write: ds_id is invalid
E0507 12:21:18.223820 1786816 pjrt_stream_executor_client.cc:3077] Execution of replica 0 failed: INVALID_ARGUMENT: phdf5 write: ds_id is invalid
E0507 12:21:18.446324  619915 pjrt_stream_executor_client.cc:3077] Execution of replica 0 failed: INVALID_ARGUMENT: phdf5 write: ds_id is invalid
E0507 12:21:21.198747 1786814 pjrt_stream_executor_client.cc:3077] Execution of replica 0 failed: INVALID_ARGUMENT: phdf5 write: ds_id is invalid
E0507 12:21:21.214986 1786814 pjrt_stream_executor_client.cc:3077] Execution of replica 0 failed: INVALID_ARGUMENT: phdf5 write: ds_id is invalid
srun: error: nid008461: task 2: Exited with exit code 1
srun: Terminating StepId=52648527.38
srun: error: nid008465: task 10: Exited with exit code 1
srun: error: nid008464: task 5: Exited with exit code 1
srun: error: nid008468: tasks 12-14: Exited with exit code 1
srun: error: nid008468: task 15: Exited with exit code 1
[2026-05-07T19:21:43.821] error: *** STEP 52648527.38 ON nid008461 CANCELLED AT 2026-05-07T19:21:43 DUE TO TASK FAILURE ***
srun: error: nid008464: tasks 4,6-7: Exited with exit code 1
srun: error: nid008461: tasks 0-1,3: Exited with exit code 1
srun: error: nid008465: tasks 8-9,11: Exited with exit code 1
