NSCF: Davidson (60 bands) + pseudobands (k=2, M=1500, 50 windows)
  kgrid=(2, 2, 2), fft=(36, 36, 36), nspinor=2
  GPUs: 4  (processes: 4)
  Core density integral: 1.4485 e (from NLCC, 2 atoms)
  Core density integral: 1.4485 e (from NLCC, 2 atoms)
  Core density integral: 1.4485 e (from NLCC, 2 atoms)
  Core density integral: 1.4485 e (from NLCC, 2 atoms)
  Potentials: 8.88s
  nk=8 (full), ngkmax=2120

── Davidson ──
  JIT warmup: 6.58s
  [rank 0] k=  0/8: 1.306s  evals[0]=-0.418717 Ry
  Davidson: 5.60s (0.700s/k, 4 ranks) → /pscratch/sd/j/jackm/lorrax_sandbox/runs/Si_pseudobands/00_si_2x2x2_60Ry/pb_sweep/v2_50win_s1/WFN.h5

── Pseudobands v2 (k=2, M_max=1500, 50 windows) ──
  Computing KPM DOS...
  Estimating spectrum bounds via Lanczos...
  Spectrum: [-1.5853, 60.7174] (center=29.5661, half_width=31.1514)
  Computing 500 Chebyshev moments with 10 random vectors...
  Random vector 1/10...
  Random vector 2/10...
  Random vector 3/10...
  Random vector 4/10...
  Random vector 5/10...
  Random vector 6/10...
  Random vector 7/10...
  Random vector 8/10...
  Random vector 9/10...
  Random vector 10/10...
  DOS integral: 1.0 states (dim=4240)
  CJ resolution: 0.1305 Ry
  Protected: 28 bands (E < 1.2871 Ry)
  Available: 32 bands up to 3.2733 Ry
  50 windows [1.29, 60.72] Ry
  Widths: min=0.1759, max=3.1406
  Classification: 6 Davidson, 44 CJ
  Running 1500 Chebyshev iterations (block size 2)...
  Filter done: 44 CJ blocks
    w1/50 [empty]: [1.29,1.47] n_eff=0.0, E=[1.376,1.376]
    w2/50 [dav]: [1.47,2.12] n_eff=2.0, E=[1.594,1.594]
    w3/50 [dav]: [2.12,2.29] n_eff=10.0, E=[2.153,2.229]
    w4/50 [dav]: [2.29,2.59] n_eff=6.0, E=[2.350,2.356]
    w5/50 [dav]: [2.59,2.88] n_eff=6.0, E=[2.619,2.732]
    w10/50 [CJ ]: [4.03,4.31] n_eff=14.8, E=[4.239,4.255]
    w20/50 [CJ ]: [9.35,9.91] n_eff=42.8, E=[9.685,9.736]
    w30/50 [CJ ]: [18.85,20.06] n_eff=75.4, E=[19.310,19.359]
    w40/50 [CJ ]: [34.17,36.48] n_eff=118.4, E=[35.806,35.913]
    w50/50 [CJ ]: [58.29,60.72] n_eff=47.9, E=[59.518,59.519]
  Total: 28 prot + 100 pseudo (12 dav + 88 CJ) = 128 bands (Σ w² = 4370.1)
  Total bands per k: 28 prot + 100 pseudo = 128
  k=  1/8: 12.3s
  k=  2/8: 11.8s
  k=  7/8: 11.9s
  Pseudobands: 103.8s → /pscratch/sd/j/jackm/lorrax_sandbox/runs/Si_pseudobands/00_si_2x2x2_60Ry/pb_sweep/v2_50win_s1/WFN_pseudobands.h5

Total NSCF: 127.5s
