...........................................................              [100%]
=============================== warnings summary ===============================
tests/test_exciton_bands.py::test_exciton_bands_3pt_smoke
  /pscratch/sd/j/jackm/lorrax_sandbox/sources/worktrees/lorrax_A_bse_integration/src/bse/exciton_bands.py:367: DeprecationWarning: Input key 'output_file' is no longer supported and will be ignored.  ``output_file`` (LORRAX-native eqp0) is now ``sigma_diag_file`` (defaults to ``sigma_diag.dat``); BGW-format ``eqp0.dat`` and ``eqp1.dat`` (with Z-linearization) are written automatically.  Remove 'output_file' from your input file.
    params = read_lorrax_input(args.input)

tests/test_exciton_bands.py::test_exciton_bands_3pt_smoke
  /pscratch/sd/j/jackm/lorrax_sandbox/sources/worktrees/lorrax_A_bse_integration/src/bse/exciton_bands.py:367: DeprecationWarning: Input key 'self_consistent' is deprecated; it is honored via ``qp_solver = auto`` resolution.  Set 'qp_solver = self_consistent' instead.
    params = read_lorrax_input(args.input)

tests/test_exciton_bands.py::test_exciton_bands_3pt_smoke
  /pscratch/sd/j/jackm/lorrax_sandbox/sources/worktrees/lorrax_A_bse_integration/src/bse/exciton_bands.py:367: DeprecationWarning: Input key 'sigma_at_dft_energies' is deprecated; it is honored via ``qp_solver = auto`` resolution.  Set 'qp_solver = one_shot_dft (the default)' instead.
    params = read_lorrax_input(args.input)

tests/test_exciton_bands.py::test_exciton_bands_3pt_smoke
  /opt/jax/jax/_src/interpreters/mlir.py:1178: UserWarning: Some donated buffers were not usable: ShapedArray(complex128[9,64,2,46080]).
  See an explanation at https://jax.readthedocs.io/en/latest/faq.html#buffer-donation.
    warnings.warn("Some donated buffers were not usable:"

tests/test_exciton_bands.py::test_exciton_bands_3pt_smoke
  /opt/jax/jax/_src/interpreters/mlir.py:1178: UserWarning: Some donated buffers were not usable: ShapedArray(complex128[9,16,2,46080]).
  See an explanation at https://jax.readthedocs.io/en/latest/faq.html#buffer-donation.
    warnings.warn("Some donated buffers were not usable:"

-- Docs: https://docs.pytest.org/en/stable/how-to/capture-warnings.html
59 passed, 5 warnings in 123.14s (0:02:03)
