[dist] jax.device_count()=16 process_count()=16 local_device_count()=1; mesh_xy.shape={'x': 4, 'y': 4} (px=4, py=4)
/pscratch/sd/j/jackm/lorrax_sandbox/sources/worktrees/lorrax_A_bse_integration/src/bse/exciton_bands.py:367: DeprecationWarning: Input key 'output_file' is no longer supported and will be ignored.  ``output_file`` (LORRAX-native eqp0) is now ``sigma_diag_file`` (defaults to ``sigma_diag.dat``); BGW-format ``eqp0.dat`` and ``eqp1.dat`` (with Z-linearization) are written automatically.  Remove 'output_file' from your input file.
  params = read_lorrax_input(args.input)
/pscratch/sd/j/jackm/lorrax_sandbox/sources/worktrees/lorrax_A_bse_integration/src/bse/exciton_bands.py:367: DeprecationWarning: Input key 'self_consistent' is deprecated; it is honored via ``qp_solver = auto`` resolution.  Set 'qp_solver = self_consistent' instead.
  params = read_lorrax_input(args.input)
/pscratch/sd/j/jackm/lorrax_sandbox/sources/worktrees/lorrax_A_bse_integration/src/bse/exciton_bands.py:367: DeprecationWarning: Input key 'sigma_at_dft_energies' is deprecated; it is honored via ``qp_solver = auto`` resolution.  Set 'qp_solver = one_shot_dft (the default)' instead.
  params = read_lorrax_input(args.input)
/pscratch/sd/j/jackm/lorrax_sandbox/sources/worktrees/lorrax_A_bse_integration/src/bse/exciton_bands.py:367: DeprecationWarning: Input key 'output_file' is no longer supported and will be ignored.  ``output_file`` (LORRAX-native eqp0) is now ``sigma_diag_file`` (defaults to ``sigma_diag.dat``); BGW-format ``eqp0.dat`` and ``eqp1.dat`` (with Z-linearization) are written automatically.  Remove 'output_file' from your input file.
  params = read_lorrax_input(args.input)
/pscratch/sd/j/jackm/lorrax_sandbox/sources/worktrees/lorrax_A_bse_integration/src/bse/exciton_bands.py:367: DeprecationWarning: Input key 'self_consistent' is deprecated; it is honored via ``qp_solver = auto`` resolution.  Set 'qp_solver = self_consistent' instead.
  params = read_lorrax_input(args.input)
/pscratch/sd/j/jackm/lorrax_sandbox/sources/worktrees/lorrax_A_bse_integration/src/bse/exciton_bands.py:367: DeprecationWarning: Input key 'sigma_at_dft_energies' is deprecated; it is honored via ``qp_solver = auto`` resolution.  Set 'qp_solver = one_shot_dft (the default)' instead.
  params = read_lorrax_input(args.input)
/pscratch/sd/j/jackm/lorrax_sandbox/sources/worktrees/lorrax_A_bse_integration/src/bse/exciton_bands.py:367: DeprecationWarning: Input key 'output_file' is no longer supported and will be ignored.  ``output_file`` (LORRAX-native eqp0) is now ``sigma_diag_file`` (defaults to ``sigma_diag.dat``); BGW-format ``eqp0.dat`` and ``eqp1.dat`` (with Z-linearization) are written automatically.  Remove 'output_file' from your input file.
  params = read_lorrax_input(args.input)
/pscratch/sd/j/jackm/lorrax_sandbox/sources/worktrees/lorrax_A_bse_integration/src/bse/exciton_bands.py:367: DeprecationWarning: Input key 'self_consistent' is deprecated; it is honored via ``qp_solver = auto`` resolution.  Set 'qp_solver = self_consistent' instead.
  params = read_lorrax_input(args.input)
/pscratch/sd/j/jackm/lorrax_sandbox/sources/worktrees/lorrax_A_bse_integration/src/bse/exciton_bands.py:367: DeprecationWarning: Input key 'sigma_at_dft_energies' is deprecated; it is honored via ``qp_solver = auto`` resolution.  Set 'qp_solver = one_shot_dft (the default)' instead.
  params = read_lorrax_input(args.input)
/pscratch/sd/j/jackm/lorrax_sandbox/sources/worktrees/lorrax_A_bse_integration/src/bse/exciton_bands.py:367: DeprecationWarning: Input key 'output_file' is no longer supported and will be ignored.  ``output_file`` (LORRAX-native eqp0) is now ``sigma_diag_file`` (defaults to ``sigma_diag.dat``); BGW-format ``eqp0.dat`` and ``eqp1.dat`` (with Z-linearization) are written automatically.  Remove 'output_file' from your input file.
  params = read_lorrax_input(args.input)
/pscratch/sd/j/jackm/lorrax_sandbox/sources/worktrees/lorrax_A_bse_integration/src/bse/exciton_bands.py:367: DeprecationWarning: Input key 'self_consistent' is deprecated; it is honored via ``qp_solver = auto`` resolution.  Set 'qp_solver = self_consistent' instead.
  params = read_lorrax_input(args.input)
/pscratch/sd/j/jackm/lorrax_sandbox/sources/worktrees/lorrax_A_bse_integration/src/bse/exciton_bands.py:367: DeprecationWarning: Input key 'sigma_at_dft_energies' is deprecated; it is honored via ``qp_solver = auto`` resolution.  Set 'qp_solver = one_shot_dft (the default)' instead.
  params = read_lorrax_input(args.input)
/pscratch/sd/j/jackm/lorrax_sandbox/sources/worktrees/lorrax_A_bse_integration/src/bse/exciton_bands.py:367: DeprecationWarning: Input key 'output_file' is no longer supported and will be ignored.  ``output_file`` (LORRAX-native eqp0) is now ``sigma_diag_file`` (defaults to ``sigma_diag.dat``); BGW-format ``eqp0.dat`` and ``eqp1.dat`` (with Z-linearization) are written automatically.  Remove 'output_file' from your input file.
  params = read_lorrax_input(args.input)
/pscratch/sd/j/jackm/lorrax_sandbox/sources/worktrees/lorrax_A_bse_integration/src/bse/exciton_bands.py:367: DeprecationWarning: Input key 'self_consistent' is deprecated; it is honored via ``qp_solver = auto`` resolution.  Set 'qp_solver = self_consistent' instead.
  params = read_lorrax_input(args.input)
/pscratch/sd/j/jackm/lorrax_sandbox/sources/worktrees/lorrax_A_bse_integration/src/bse/exciton_bands.py:367: DeprecationWarning: Input key 'sigma_at_dft_energies' is deprecated; it is honored via ``qp_solver = auto`` resolution.  Set 'qp_solver = one_shot_dft (the default)' instead.
  params = read_lorrax_input(args.input)
/pscratch/sd/j/jackm/lorrax_sandbox/sources/worktrees/lorrax_A_bse_integration/src/bse/exciton_bands.py:367: DeprecationWarning: Input key 'output_file' is no longer supported and will be ignored.  ``output_file`` (LORRAX-native eqp0) is now ``sigma_diag_file`` (defaults to ``sigma_diag.dat``); BGW-format ``eqp0.dat`` and ``eqp1.dat`` (with Z-linearization) are written automatically.  Remove 'output_file' from your input file.
  params = read_lorrax_input(args.input)
/pscratch/sd/j/jackm/lorrax_sandbox/sources/worktrees/lorrax_A_bse_integration/src/bse/exciton_bands.py:367: DeprecationWarning: Input key 'self_consistent' is deprecated; it is honored via ``qp_solver = auto`` resolution.  Set 'qp_solver = self_consistent' instead.
  params = read_lorrax_input(args.input)
/pscratch/sd/j/jackm/lorrax_sandbox/sources/worktrees/lorrax_A_bse_integration/src/bse/exciton_bands.py:367: DeprecationWarning: Input key 'sigma_at_dft_energies' is deprecated; it is honored via ``qp_solver = auto`` resolution.  Set 'qp_solver = one_shot_dft (the default)' instead.
  params = read_lorrax_input(args.input)
/pscratch/sd/j/jackm/lorrax_sandbox/sources/worktrees/lorrax_A_bse_integration/src/bse/exciton_bands.py:367: DeprecationWarning: Input key 'output_file' is no longer supported and will be ignored.  ``output_file`` (LORRAX-native eqp0) is now ``sigma_diag_file`` (defaults to ``sigma_diag.dat``); BGW-format ``eqp0.dat`` and ``eqp1.dat`` (with Z-linearization) are written automatically.  Remove 'output_file' from your input file.
  params = read_lorrax_input(args.input)
/pscratch/sd/j/jackm/lorrax_sandbox/sources/worktrees/lorrax_A_bse_integration/src/bse/exciton_bands.py:367: DeprecationWarning: Input key 'self_consistent' is deprecated; it is honored via ``qp_solver = auto`` resolution.  Set 'qp_solver = self_consistent' instead.
  params = read_lorrax_input(args.input)
/pscratch/sd/j/jackm/lorrax_sandbox/sources/worktrees/lorrax_A_bse_integration/src/bse/exciton_bands.py:367: DeprecationWarning: Input key 'sigma_at_dft_energies' is deprecated; it is honored via ``qp_solver = auto`` resolution.  Set 'qp_solver = one_shot_dft (the default)' instead.
  params = read_lorrax_input(args.input)
/pscratch/sd/j/jackm/lorrax_sandbox/sources/worktrees/lorrax_A_bse_integration/src/bse/exciton_bands.py:367: DeprecationWarning: Input key 'output_file' is no longer supported and will be ignored.  ``output_file`` (LORRAX-native eqp0) is now ``sigma_diag_file`` (defaults to ``sigma_diag.dat``); BGW-format ``eqp0.dat`` and ``eqp1.dat`` (with Z-linearization) are written automatically.  Remove 'output_file' from your input file.
  params = read_lorrax_input(args.input)
/pscratch/sd/j/jackm/lorrax_sandbox/sources/worktrees/lorrax_A_bse_integration/src/bse/exciton_bands.py:367: DeprecationWarning: Input key 'self_consistent' is deprecated; it is honored via ``qp_solver = auto`` resolution.  Set 'qp_solver = self_consistent' instead.
  params = read_lorrax_input(args.input)
/pscratch/sd/j/jackm/lorrax_sandbox/sources/worktrees/lorrax_A_bse_integration/src/bse/exciton_bands.py:367: DeprecationWarning: Input key 'sigma_at_dft_energies' is deprecated; it is honored via ``qp_solver = auto`` resolution.  Set 'qp_solver = one_shot_dft (the default)' instead.
  params = read_lorrax_input(args.input)
/pscratch/sd/j/jackm/lorrax_sandbox/sources/worktrees/lorrax_A_bse_integration/src/bse/exciton_bands.py:367: DeprecationWarning: Input key 'output_file' is no longer supported and will be ignored.  ``output_file`` (LORRAX-native eqp0) is now ``sigma_diag_file`` (defaults to ``sigma_diag.dat``); BGW-format ``eqp0.dat`` and ``eqp1.dat`` (with Z-linearization) are written automatically.  Remove 'output_file' from your input file.
  params = read_lorrax_input(args.input)
/pscratch/sd/j/jackm/lorrax_sandbox/sources/worktrees/lorrax_A_bse_integration/src/bse/exciton_bands.py:367: DeprecationWarning: Input key 'self_consistent' is deprecated; it is honored via ``qp_solver = auto`` resolution.  Set 'qp_solver = self_consistent' instead.
  params = read_lorrax_input(args.input)
/pscratch/sd/j/jackm/lorrax_sandbox/sources/worktrees/lorrax_A_bse_integration/src/bse/exciton_bands.py:367: DeprecationWarning: Input key 'sigma_at_dft_energies' is deprecated; it is honored via ``qp_solver = auto`` resolution.  Set 'qp_solver = one_shot_dft (the default)' instead.
  params = read_lorrax_input(args.input)
/pscratch/sd/j/jackm/lorrax_sandbox/sources/worktrees/lorrax_A_bse_integration/src/bse/exciton_bands.py:367: DeprecationWarning: Input key 'output_file' is no longer supported and will be ignored.  ``output_file`` (LORRAX-native eqp0) is now ``sigma_diag_file`` (defaults to ``sigma_diag.dat``); BGW-format ``eqp0.dat`` and ``eqp1.dat`` (with Z-linearization) are written automatically.  Remove 'output_file' from your input file.
  params = read_lorrax_input(args.input)
/pscratch/sd/j/jackm/lorrax_sandbox/sources/worktrees/lorrax_A_bse_integration/src/bse/exciton_bands.py:367: DeprecationWarning: Input key 'self_consistent' is deprecated; it is honored via ``qp_solver = auto`` resolution.  Set 'qp_solver = self_consistent' instead.
  params = read_lorrax_input(args.input)
/pscratch/sd/j/jackm/lorrax_sandbox/sources/worktrees/lorrax_A_bse_integration/src/bse/exciton_bands.py:367: DeprecationWarning: Input key 'sigma_at_dft_energies' is deprecated; it is honored via ``qp_solver = auto`` resolution.  Set 'qp_solver = one_shot_dft (the default)' instead.
  params = read_lorrax_input(args.input)
/pscratch/sd/j/jackm/lorrax_sandbox/sources/worktrees/lorrax_A_bse_integration/src/bse/exciton_bands.py:367: DeprecationWarning: Input key 'output_file' is no longer supported and will be ignored.  ``output_file`` (LORRAX-native eqp0) is now ``sigma_diag_file`` (defaults to ``sigma_diag.dat``); BGW-format ``eqp0.dat`` and ``eqp1.dat`` (with Z-linearization) are written automatically.  Remove 'output_file' from your input file.
  params = read_lorrax_input(args.input)
/pscratch/sd/j/jackm/lorrax_sandbox/sources/worktrees/lorrax_A_bse_integration/src/bse/exciton_bands.py:367: DeprecationWarning: Input key 'self_consistent' is deprecated; it is honored via ``qp_solver = auto`` resolution.  Set 'qp_solver = self_consistent' instead.
  params = read_lorrax_input(args.input)
/pscratch/sd/j/jackm/lorrax_sandbox/sources/worktrees/lorrax_A_bse_integration/src/bse/exciton_bands.py:367: DeprecationWarning: Input key 'sigma_at_dft_energies' is deprecated; it is honored via ``qp_solver = auto`` resolution.  Set 'qp_solver = one_shot_dft (the default)' instead.
  params = read_lorrax_input(args.input)
/pscratch/sd/j/jackm/lorrax_sandbox/sources/worktrees/lorrax_A_bse_integration/src/bse/exciton_bands.py:367: DeprecationWarning: Input key 'output_file' is no longer supported and will be ignored.  ``output_file`` (LORRAX-native eqp0) is now ``sigma_diag_file`` (defaults to ``sigma_diag.dat``); BGW-format ``eqp0.dat`` and ``eqp1.dat`` (with Z-linearization) are written automatically.  Remove 'output_file' from your input file.
  params = read_lorrax_input(args.input)
/pscratch/sd/j/jackm/lorrax_sandbox/sources/worktrees/lorrax_A_bse_integration/src/bse/exciton_bands.py:367: DeprecationWarning: Input key 'self_consistent' is deprecated; it is honored via ``qp_solver = auto`` resolution.  Set 'qp_solver = self_consistent' instead.
  params = read_lorrax_input(args.input)
/pscratch/sd/j/jackm/lorrax_sandbox/sources/worktrees/lorrax_A_bse_integration/src/bse/exciton_bands.py:367: DeprecationWarning: Input key 'sigma_at_dft_energies' is deprecated; it is honored via ``qp_solver = auto`` resolution.  Set 'qp_solver = one_shot_dft (the default)' instead.
  params = read_lorrax_input(args.input)
/pscratch/sd/j/jackm/lorrax_sandbox/sources/worktrees/lorrax_A_bse_integration/src/bse/exciton_bands.py:367: DeprecationWarning: Input key 'output_file' is no longer supported and will be ignored.  ``output_file`` (LORRAX-native eqp0) is now ``sigma_diag_file`` (defaults to ``sigma_diag.dat``); BGW-format ``eqp0.dat`` and ``eqp1.dat`` (with Z-linearization) are written automatically.  Remove 'output_file' from your input file.
  params = read_lorrax_input(args.input)
/pscratch/sd/j/jackm/lorrax_sandbox/sources/worktrees/lorrax_A_bse_integration/src/bse/exciton_bands.py:367: DeprecationWarning: Input key 'self_consistent' is deprecated; it is honored via ``qp_solver = auto`` resolution.  Set 'qp_solver = self_consistent' instead.
  params = read_lorrax_input(args.input)
/pscratch/sd/j/jackm/lorrax_sandbox/sources/worktrees/lorrax_A_bse_integration/src/bse/exciton_bands.py:367: DeprecationWarning: Input key 'sigma_at_dft_energies' is deprecated; it is honored via ``qp_solver = auto`` resolution.  Set 'qp_solver = one_shot_dft (the default)' instead.
  params = read_lorrax_input(args.input)
/pscratch/sd/j/jackm/lorrax_sandbox/sources/worktrees/lorrax_A_bse_integration/src/bse/exciton_bands.py:367: DeprecationWarning: Input key 'output_file' is no longer supported and will be ignored.  ``output_file`` (LORRAX-native eqp0) is now ``sigma_diag_file`` (defaults to ``sigma_diag.dat``); BGW-format ``eqp0.dat`` and ``eqp1.dat`` (with Z-linearization) are written automatically.  Remove 'output_file' from your input file.
  params = read_lorrax_input(args.input)
/pscratch/sd/j/jackm/lorrax_sandbox/sources/worktrees/lorrax_A_bse_integration/src/bse/exciton_bands.py:367: DeprecationWarning: Input key 'self_consistent' is deprecated; it is honored via ``qp_solver = auto`` resolution.  Set 'qp_solver = self_consistent' instead.
  params = read_lorrax_input(args.input)
/pscratch/sd/j/jackm/lorrax_sandbox/sources/worktrees/lorrax_A_bse_integration/src/bse/exciton_bands.py:367: DeprecationWarning: Input key 'sigma_at_dft_energies' is deprecated; it is honored via ``qp_solver = auto`` resolution.  Set 'qp_solver = one_shot_dft (the default)' instead.
  params = read_lorrax_input(args.input)
/pscratch/sd/j/jackm/lorrax_sandbox/sources/worktrees/lorrax_A_bse_integration/src/bse/exciton_bands.py:367: DeprecationWarning: Input key 'output_file' is no longer supported and will be ignored.  ``output_file`` (LORRAX-native eqp0) is now ``sigma_diag_file`` (defaults to ``sigma_diag.dat``); BGW-format ``eqp0.dat`` and ``eqp1.dat`` (with Z-linearization) are written automatically.  Remove 'output_file' from your input file.
  params = read_lorrax_input(args.input)
/pscratch/sd/j/jackm/lorrax_sandbox/sources/worktrees/lorrax_A_bse_integration/src/bse/exciton_bands.py:367: DeprecationWarning: Input key 'self_consistent' is deprecated; it is honored via ``qp_solver = auto`` resolution.  Set 'qp_solver = self_consistent' instead.
  params = read_lorrax_input(args.input)
/pscratch/sd/j/jackm/lorrax_sandbox/sources/worktrees/lorrax_A_bse_integration/src/bse/exciton_bands.py:367: DeprecationWarning: Input key 'sigma_at_dft_energies' is deprecated; it is honored via ``qp_solver = auto`` resolution.  Set 'qp_solver = one_shot_dft (the default)' instead.
  params = read_lorrax_input(args.input)
/pscratch/sd/j/jackm/lorrax_sandbox/sources/worktrees/lorrax_A_bse_integration/src/bse/exciton_bands.py:367: DeprecationWarning: Input key 'output_file' is no longer supported and will be ignored.  ``output_file`` (LORRAX-native eqp0) is now ``sigma_diag_file`` (defaults to ``sigma_diag.dat``); BGW-format ``eqp0.dat`` and ``eqp1.dat`` (with Z-linearization) are written automatically.  Remove 'output_file' from your input file.
  params = read_lorrax_input(args.input)
/pscratch/sd/j/jackm/lorrax_sandbox/sources/worktrees/lorrax_A_bse_integration/src/bse/exciton_bands.py:367: DeprecationWarning: Input key 'self_consistent' is deprecated; it is honored via ``qp_solver = auto`` resolution.  Set 'qp_solver = self_consistent' instead.
  params = read_lorrax_input(args.input)
/pscratch/sd/j/jackm/lorrax_sandbox/sources/worktrees/lorrax_A_bse_integration/src/bse/exciton_bands.py:367: DeprecationWarning: Input key 'sigma_at_dft_energies' is deprecated; it is honored via ``qp_solver = auto`` resolution.  Set 'qp_solver = one_shot_dft (the default)' instead.
  params = read_lorrax_input(args.input)
BSE-sharded: q=0 head injected (rank-1, dual-sharded G0, V_cell=702.20): vhead=9315.306, whead[0]=3499.067
BSE-sharded: q=0 head injected (rank-1, dual-sharded G0, V_cell=702.20): vhead=9315.306, whead[0]=3499.067
BSE-sharded: q=0 head injected (rank-1, dual-sharded G0, V_cell=702.20): vhead=9315.306, whead[0]=3499.067
BSE-sharded: q=0 head injected (rank-1, dual-sharded G0, V_cell=702.20): vhead=9315.306, whead[0]=3499.067
BSE-sharded: q=0 head injected (rank-1, dual-sharded G0, V_cell=702.20): vhead=9315.306, whead[0]=3499.067
BSE-sharded: q=0 head injected (rank-1, dual-sharded G0, V_cell=702.20): vhead=9315.306, whead[0]=3499.067
BSE-sharded: q=0 head injected (rank-1, dual-sharded G0, V_cell=702.20): vhead=9315.306, whead[0]=3499.067
BSE-sharded: q=0 head injected (rank-1, dual-sharded G0, V_cell=702.20): vhead=9315.306, whead[0]=3499.067
BSE-sharded: q=0 head injected (rank-1, dual-sharded G0, V_cell=702.20): vhead=9315.306, whead[0]=3499.067
BSE-sharded: q=0 head injected (rank-1, dual-sharded G0, V_cell=702.20): vhead=9315.306, whead[0]=3499.067
BSE-sharded: q=0 head injected (rank-1, dual-sharded G0, V_cell=702.20): vhead=9315.306, whead[0]=3499.067
BSE-sharded: q=0 head injected (rank-1, dual-sharded G0, V_cell=702.20): vhead=9315.306, whead[0]=3499.067
BSE-sharded: q=0 head injected (rank-1, dual-sharded G0, V_cell=702.20): vhead=9315.306, whead[0]=3499.067
BSE-sharded: q=0 head injected (rank-1, dual-sharded G0, V_cell=702.20): vhead=9315.306, whead[0]=3499.067
BSE-sharded: q=0 head injected (rank-1, dual-sharded G0, V_cell=702.20): vhead=9315.306, whead[0]=3499.067
BSE-sharded: q=0 head injected (rank-1, dual-sharded G0, V_cell=702.20): vhead=9315.306, whead[0]=3499.067
  Streaming Galerkin: nk=144, nb=40, nr=46080, n_mu=640, mesh=(4x4)
  load_centroids_band_chunked: 4.18s
  SVD of (5760, 1280): rank=1280, σ_max=4.324e+00, σ_min/1e-08=4.400e-06 (1.45s)
2026-07-20 11:28:39.869539: W external/xla/xla/hlo/transforms/simplifiers/hlo_rematerialization.cc:3021] Can't reduce memory use below 22.16GiB (23789738218 bytes) by rematerialization; only reduced to 23.73GiB (25480396736 bytes), down from 23.73GiB (25481382912 bytes) originally
2026-07-20 11:28:39.869870: W external/xla/xla/hlo/transforms/simplifiers/hlo_rematerialization.cc:3021] Can't reduce memory use below 22.16GiB (23789738218 bytes) by rematerialization; only reduced to 23.73GiB (25480396736 bytes), down from 23.73GiB (25481382912 bytes) originally
2026-07-20 11:28:39.887627: W external/xla/xla/hlo/transforms/simplifiers/hlo_rematerialization.cc:3021] Can't reduce memory use below 22.16GiB (23789738218 bytes) by rematerialization; only reduced to 23.73GiB (25480396736 bytes), down from 23.73GiB (25481382912 bytes) originally
2026-07-20 11:28:39.888764: W external/xla/xla/hlo/transforms/simplifiers/hlo_rematerialization.cc:3021] Can't reduce memory use below 22.16GiB (23789738218 bytes) by rematerialization; only reduced to 23.73GiB (25480396736 bytes), down from 23.73GiB (25481382912 bytes) originally
2026-07-20 11:28:39.889945: W external/xla/xla/hlo/transforms/simplifiers/hlo_rematerialization.cc:3021] Can't reduce memory use below 22.16GiB (23789738218 bytes) by rematerialization; only reduced to 23.73GiB (25480396736 bytes), down from 23.73GiB (25481382912 bytes) originally
2026-07-20 11:28:39.890060: W external/xla/xla/hlo/transforms/simplifiers/hlo_rematerialization.cc:3021] Can't reduce memory use below 22.16GiB (23789738218 bytes) by rematerialization; only reduced to 23.73GiB (25480396736 bytes), down from 23.73GiB (25481382912 bytes) originally
2026-07-20 11:28:39.893392: W external/xla/xla/hlo/transforms/simplifiers/hlo_rematerialization.cc:3021] Can't reduce memory use below 22.16GiB (23789738218 bytes) by rematerialization; only reduced to 23.73GiB (25480396736 bytes), down from 23.73GiB (25481382912 bytes) originally
2026-07-20 11:28:39.893755: W external/xla/xla/hlo/transforms/simplifiers/hlo_rematerialization.cc:3021] Can't reduce memory use below 22.16GiB (23789738218 bytes) by rematerialization; only reduced to 23.73GiB (25480396736 bytes), down from 23.73GiB (25481382912 bytes) originally
2026-07-20 11:28:39.894716: W external/xla/xla/hlo/transforms/simplifiers/hlo_rematerialization.cc:3021] Can't reduce memory use below 22.16GiB (23789738218 bytes) by rematerialization; only reduced to 23.73GiB (25480396736 bytes), down from 23.73GiB (25481382912 bytes) originally
2026-07-20 11:28:39.911448: W external/xla/xla/hlo/transforms/simplifiers/hlo_rematerialization.cc:3021] Can't reduce memory use below 22.16GiB (23789738218 bytes) by rematerialization; only reduced to 23.73GiB (25480396736 bytes), down from 23.73GiB (25481382912 bytes) originally
2026-07-20 11:28:39.912395: W external/xla/xla/hlo/transforms/simplifiers/hlo_rematerialization.cc:3021] Can't reduce memory use below 22.16GiB (23789738218 bytes) by rematerialization; only reduced to 23.73GiB (25480396736 bytes), down from 23.73GiB (25481382912 bytes) originally
2026-07-20 11:28:39.913066: W external/xla/xla/hlo/transforms/simplifiers/hlo_rematerialization.cc:3021] Can't reduce memory use below 22.16GiB (23789738218 bytes) by rematerialization; only reduced to 23.73GiB (25480396736 bytes), down from 23.73GiB (25481382912 bytes) originally
2026-07-20 11:28:39.914275: W external/xla/xla/hlo/transforms/simplifiers/hlo_rematerialization.cc:3021] Can't reduce memory use below 22.16GiB (23789738218 bytes) by rematerialization; only reduced to 23.73GiB (25480396736 bytes), down from 23.73GiB (25481382912 bytes) originally
2026-07-20 11:28:39.924600: W external/xla/xla/hlo/transforms/simplifiers/hlo_rematerialization.cc:3021] Can't reduce memory use below 22.16GiB (23789738218 bytes) by rematerialization; only reduced to 23.73GiB (25480396736 bytes), down from 23.73GiB (25481382912 bytes) originally
2026-07-20 11:28:39.928580: W external/xla/xla/hlo/transforms/simplifiers/hlo_rematerialization.cc:3021] Can't reduce memory use below 22.16GiB (23789738218 bytes) by rematerialization; only reduced to 23.73GiB (25480396736 bytes), down from 23.73GiB (25481382912 bytes) originally
2026-07-20 11:28:39.928702: W external/xla/xla/hlo/transforms/simplifiers/hlo_rematerialization.cc:3021] Can't reduce memory use below 22.16GiB (23789738218 bytes) by rematerialization; only reduced to 23.73GiB (25480396736 bytes), down from 23.73GiB (25481382912 bytes) originally
/opt/jax/jax/_src/interpreters/mlir.py:1178: UserWarning: Some donated buffers were not usable: ShapedArray(complex128[144,40,2,11520]).
See an explanation at https://jax.readthedocs.io/en/latest/faq.html#buffer-donation.
  warnings.warn("Some donated buffers were not usable:"
/opt/jax/jax/_src/interpreters/mlir.py:1178: UserWarning: Some donated buffers were not usable: ShapedArray(complex128[144,40,2,11520]).
See an explanation at https://jax.readthedocs.io/en/latest/faq.html#buffer-donation.
  warnings.warn("Some donated buffers were not usable:"
/opt/jax/jax/_src/interpreters/mlir.py:1178: UserWarning: Some donated buffers were not usable: ShapedArray(complex128[144,40,2,11520]).
See an explanation at https://jax.readthedocs.io/en/latest/faq.html#buffer-donation.
  warnings.warn("Some donated buffers were not usable:"
/opt/jax/jax/_src/interpreters/mlir.py:1178: UserWarning: Some donated buffers were not usable: ShapedArray(complex128[144,40,2,11520]).
See an explanation at https://jax.readthedocs.io/en/latest/faq.html#buffer-donation.
  warnings.warn("Some donated buffers were not usable:"
/opt/jax/jax/_src/interpreters/mlir.py:1178: UserWarning: Some donated buffers were not usable: ShapedArray(complex128[144,40,2,11520]).
See an explanation at https://jax.readthedocs.io/en/latest/faq.html#buffer-donation.
  warnings.warn("Some donated buffers were not usable:"
/opt/jax/jax/_src/interpreters/mlir.py:1178: UserWarning: Some donated buffers were not usable: ShapedArray(complex128[144,40,2,11520]).
See an explanation at https://jax.readthedocs.io/en/latest/faq.html#buffer-donation.
  warnings.warn("Some donated buffers were not usable:"
/opt/jax/jax/_src/interpreters/mlir.py:1178: UserWarning: Some donated buffers were not usable: ShapedArray(complex128[144,40,2,11520]).
See an explanation at https://jax.readthedocs.io/en/latest/faq.html#buffer-donation.
  warnings.warn("Some donated buffers were not usable:"
/opt/jax/jax/_src/interpreters/mlir.py:1178: UserWarning: Some donated buffers were not usable: ShapedArray(complex128[144,40,2,11520]).
See an explanation at https://jax.readthedocs.io/en/latest/faq.html#buffer-donation.
  warnings.warn("Some donated buffers were not usable:"
/opt/jax/jax/_src/interpreters/mlir.py:1178: UserWarning: Some donated buffers were not usable: ShapedArray(complex128[144,40,2,11520]).
See an explanation at https://jax.readthedocs.io/en/latest/faq.html#buffer-donation.
  warnings.warn("Some donated buffers were not usable:"
/opt/jax/jax/_src/interpreters/mlir.py:1178: UserWarning: Some donated buffers were not usable: ShapedArray(complex128[144,40,2,11520]).
See an explanation at https://jax.readthedocs.io/en/latest/faq.html#buffer-donation.
  warnings.warn("Some donated buffers were not usable:"
/opt/jax/jax/_src/interpreters/mlir.py:1178: UserWarning: Some donated buffers were not usable: ShapedArray(complex128[144,40,2,11520]).
See an explanation at https://jax.readthedocs.io/en/latest/faq.html#buffer-donation.
  warnings.warn("Some donated buffers were not usable:"
/opt/jax/jax/_src/interpreters/mlir.py:1178: UserWarning: Some donated buffers were not usable: ShapedArray(complex128[144,40,2,11520]).
See an explanation at https://jax.readthedocs.io/en/latest/faq.html#buffer-donation.
  warnings.warn("Some donated buffers were not usable:"
/opt/jax/jax/_src/interpreters/mlir.py:1178: UserWarning: Some donated buffers were not usable: ShapedArray(complex128[144,40,2,11520]).
See an explanation at https://jax.readthedocs.io/en/latest/faq.html#buffer-donation.
  warnings.warn("Some donated buffers were not usable:"
/opt/jax/jax/_src/interpreters/mlir.py:1178: UserWarning: Some donated buffers were not usable: ShapedArray(complex128[144,40,2,11520]).
See an explanation at https://jax.readthedocs.io/en/latest/faq.html#buffer-donation.
  warnings.warn("Some donated buffers were not usable:"
/opt/jax/jax/_src/interpreters/mlir.py:1178: UserWarning: Some donated buffers were not usable: ShapedArray(complex128[144,40,2,11520]).
See an explanation at https://jax.readthedocs.io/en/latest/faq.html#buffer-donation.
  warnings.warn("Some donated buffers were not usable:"
/opt/jax/jax/_src/interpreters/mlir.py:1178: UserWarning: Some donated buffers were not usable: ShapedArray(complex128[144,40,2,11520]).
See an explanation at https://jax.readthedocs.io/en/latest/faq.html#buffer-donation.
  warnings.warn("Some donated buffers were not usable:"
  G accumulation: 1 chunk(s), 1.38s
  Cholesky of G: 0.42s
  ctilde[0] orthogonality error: 4.325e-04
  Total Galerkin: 8.51s
Loaded wavefunctions: nk=144, nb=40, rank=1280
Q path: 40 points, nodes at [0, 15, 23, 39] labels ['Γ', 'M', 'K', 'Γ']
  full-band htransform: fH over 40 bands (26v + 14c); BSE conduction [26,34) = 8 band(s) + 6 guard(s)
  bse_setup: (12, 12, 1) → explicit q-list (5760 q-pts), bands [26, 34) of 1280, batch=32
  f-transform: a=0.596190 Ry, n=3.00, shift=0.352059 Ry (a from band 33)
2026-07-20 11:28:57.346230: E external/xla/xla/service/spmd/spmd_partitioner.cc:620] [spmd] Involuntary full rematerialization. The compiler was not able to go from sharding {devices=[16,1,1,1]<=[16]} to {devices=[1,1,1,4,4]<=[4,4]T(1,0) last_tile_dim_replicate} without doing a full rematerialization of the tensor for HLO operation: %param = c128[360,8,2,640]{3,2,1,0} parameter(0), sharding={devices=[16,1,1,1]<=[16]}, metadata={op_name="psi"}. You probably want to enrich the sharding annotations to prevent this from happening.
2026-07-20 11:28:57.346298: E external/xla/xla/service/spmd/spmd_partitioner.cc:620] [spmd] Involuntary full rematerialization. The compiler was not able to go from sharding {devices=[16,1,1,1]<=[16]} to {devices=[1,1,1,4,4]<=[16] last_tile_dim_replicate} without doing a full rematerialization of the tensor for HLO operation: %param = c128[360,8,2,640]{3,2,1,0} parameter(0), sharding={devices=[16,1,1,1]<=[16]}, metadata={op_name="psi"}. You probably want to enrich the sharding annotations to prevent this from happening.
2026-07-20 11:28:57.346442: E external/xla/xla/service/spmd/spmd_partitioner.cc:620] [spmd] Involuntary full rematerialization. The compiler was not able to go from sharding {devices=[16,1,1,1]<=[16]} to {devices=[1,1,1,4,4]<=[4,4]T(1,0) last_tile_dim_replicate} without doing a full rematerialization of the tensor for HLO operation: %param = c128[360,8,2,640]{3,2,1,0} parameter(0), sharding={devices=[16,1,1,1]<=[16]}, metadata={op_name="psi"}. You probably want to enrich the sharding annotations to prevent this from happening.
2026-07-20 11:28:57.346881: E external/xla/xla/service/spmd/spmd_partitioner.cc:620] [spmd] Involuntary full rematerialization. The compiler was not able to go from sharding {devices=[16,1,1,1]<=[16]} to {devices=[1,1,1,4,4]<=[4,4]T(1,0) last_tile_dim_replicate} without doing a full rematerialization of the tensor for HLO operation: %param = c128[360,8,2,640]{3,2,1,0} parameter(0), sharding={devices=[16,1,1,1]<=[16]}, metadata={op_name="psi"}. You probably want to enrich the sharding annotations to prevent this from happening.
2026-07-20 11:28:57.346508: E external/xla/xla/service/spmd/spmd_partitioner.cc:620] [spmd] Involuntary full rematerialization. The compiler was not able to go from sharding {devices=[16,1,1,1]<=[16]} to {devices=[1,1,1,4,4]<=[16] last_tile_dim_replicate} without doing a full rematerialization of the tensor for HLO operation: %param = c128[360,8,2,640]{3,2,1,0} parameter(0), sharding={devices=[16,1,1,1]<=[16]}, metadata={op_name="psi"}. You probably want to enrich the sharding annotations to prevent this from happening.
2026-07-20 11:28:57.346951: E external/xla/xla/service/spmd/spmd_partitioner.cc:620] [spmd] Involuntary full rematerialization. The compiler was not able to go from sharding {devices=[16,1,1,1]<=[16]} to {devices=[1,1,1,4,4]<=[16] last_tile_dim_replicate} without doing a full rematerialization of the tensor for HLO operation: %param = c128[360,8,2,640]{3,2,1,0} parameter(0), sharding={devices=[16,1,1,1]<=[16]}, metadata={op_name="psi"}. You probably want to enrich the sharding annotations to prevent this from happening.
2026-07-20 11:28:57.346915: E external/xla/xla/service/spmd/spmd_partitioner.cc:620] [spmd] Involuntary full rematerialization. The compiler was not able to go from sharding {devices=[16,1,1,1]<=[16]} to {devices=[1,1,1,4,4]<=[4,4]T(1,0) last_tile_dim_replicate} without doing a full rematerialization of the tensor for HLO operation: %param = c128[360,8,2,640]{3,2,1,0} parameter(0), sharding={devices=[16,1,1,1]<=[16]}, metadata={op_name="psi"}. You probably want to enrich the sharding annotations to prevent this from happening.
2026-07-20 11:28:57.346976: E external/xla/xla/service/spmd/spmd_partitioner.cc:620] [spmd] Involuntary full rematerialization. The compiler was not able to go from sharding {devices=[16,1,1,1]<=[16]} to {devices=[1,1,1,4,4]<=[16] last_tile_dim_replicate} without doing a full rematerialization of the tensor for HLO operation: %param = c128[360,8,2,640]{3,2,1,0} parameter(0), sharding={devices=[16,1,1,1]<=[16]}, metadata={op_name="psi"}. You probably want to enrich the sharding annotations to prevent this from happening.
2026-07-20 11:28:57.348147: E external/xla/xla/service/spmd/spmd_partitioner.cc:620] [spmd] Involuntary full rematerialization. The compiler was not able to go from sharding {devices=[16,1,1,1]<=[16]} to {devices=[1,1,1,4,4]<=[4,4]T(1,0) last_tile_dim_replicate} without doing a full rematerialization of the tensor for HLO operation: %param = c128[360,8,2,640]{3,2,1,0} parameter(0), sharding={devices=[16,1,1,1]<=[16]}, metadata={op_name="psi"}. You probably want to enrich the sharding annotations to prevent this from happening.
2026-07-20 11:28:57.348217: E external/xla/xla/service/spmd/spmd_partitioner.cc:620] [spmd] Involuntary full rematerialization. The compiler was not able to go from sharding {devices=[16,1,1,1]<=[16]} to {devices=[1,1,1,4,4]<=[16] last_tile_dim_replicate} without doing a full rematerialization of the tensor for HLO operation: %param = c128[360,8,2,640]{3,2,1,0} parameter(0), sharding={devices=[16,1,1,1]<=[16]}, metadata={op_name="psi"}. You probably want to enrich the sharding annotations to prevent this from happening.
2026-07-20 11:28:57.349172: E external/xla/xla/service/spmd/spmd_partitioner.cc:620] [spmd] Involuntary full rematerialization. The compiler was not able to go from sharding {devices=[16,1,1,1]<=[16]} to {devices=[1,1,1,4,4]<=[4,4]T(1,0) last_tile_dim_replicate} without doing a full rematerialization of the tensor for HLO operation: %param = c128[360,8,2,640]{3,2,1,0} parameter(0), sharding={devices=[16,1,1,1]<=[16]}, metadata={op_name="psi"}. You probably want to enrich the sharding annotations to prevent this from happening.
2026-07-20 11:28:57.349239: E external/xla/xla/service/spmd/spmd_partitioner.cc:620] [spmd] Involuntary full rematerialization. The compiler was not able to go from sharding {devices=[16,1,1,1]<=[16]} to {devices=[1,1,1,4,4]<=[16] last_tile_dim_replicate} without doing a full rematerialization of the tensor for HLO operation: %param = c128[360,8,2,640]{3,2,1,0} parameter(0), sharding={devices=[16,1,1,1]<=[16]}, metadata={op_name="psi"}. You probably want to enrich the sharding annotations to prevent this from happening.
2026-07-20 11:28:57.349614: E external/xla/xla/service/spmd/spmd_partitioner.cc:620] [spmd] Involuntary full rematerialization. The compiler was not able to go from sharding {devices=[16,1,1,1]<=[16]} to {devices=[1,1,1,4,4]<=[4,4]T(1,0) last_tile_dim_replicate} without doing a full rematerialization of the tensor for HLO operation: %param = c128[360,8,2,640]{3,2,1,0} parameter(0), sharding={devices=[16,1,1,1]<=[16]}, metadata={op_name="psi"}. You probably want to enrich the sharding annotations to prevent this from happening.
2026-07-20 11:28:57.349682: E external/xla/xla/service/spmd/spmd_partitioner.cc:620] [spmd] Involuntary full rematerialization. The compiler was not able to go from sharding {devices=[16,1,1,1]<=[16]} to {devices=[1,1,1,4,4]<=[16] last_tile_dim_replicate} without doing a full rematerialization of the tensor for HLO operation: %param = c128[360,8,2,640]{3,2,1,0} parameter(0), sharding={devices=[16,1,1,1]<=[16]}, metadata={op_name="psi"}. You probably want to enrich the sharding annotations to prevent this from happening.
2026-07-20 11:28:57.349754: E external/xla/xla/service/spmd/spmd_partitioner.cc:620] [spmd] Involuntary full rematerialization. The compiler was not able to go from sharding {devices=[16,1,1,1]<=[16]} to {devices=[1,1,1,4,4]<=[4,4]T(1,0) last_tile_dim_replicate} without doing a full rematerialization of the tensor for HLO operation: %param = c128[360,8,2,640]{3,2,1,0} parameter(0), sharding={devices=[16,1,1,1]<=[16]}, metadata={op_name="psi"}. You probably want to enrich the sharding annotations to prevent this from happening.
2026-07-20 11:28:57.349821: E external/xla/xla/service/spmd/spmd_partitioner.cc:620] [spmd] Involuntary full rematerialization. The compiler was not able to go from sharding {devices=[16,1,1,1]<=[16]} to {devices=[1,1,1,4,4]<=[16] last_tile_dim_replicate} without doing a full rematerialization of the tensor for HLO operation: %param = c128[360,8,2,640]{3,2,1,0} parameter(0), sharding={devices=[16,1,1,1]<=[16]}, metadata={op_name="psi"}. You probably want to enrich the sharding annotations to prevent this from happening.
2026-07-20 11:28:57.349904: E external/xla/xla/service/spmd/spmd_partitioner.cc:620] [spmd] Involuntary full rematerialization. The compiler was not able to go from sharding {devices=[16,1,1,1]<=[16]} to {devices=[1,1,1,4,4]<=[4,4]T(1,0) last_tile_dim_replicate} without doing a full rematerialization of the tensor for HLO operation: %param = c128[360,8,2,640]{3,2,1,0} parameter(0), sharding={devices=[16,1,1,1]<=[16]}, metadata={op_name="psi"}. You probably want to enrich the sharding annotations to prevent this from happening.
2026-07-20 11:28:57.349975: E external/xla/xla/service/spmd/spmd_partitioner.cc:620] [spmd] Involuntary full rematerialization. The compiler was not able to go from sharding {devices=[16,1,1,1]<=[16]} to {devices=[1,1,1,4,4]<=[16] last_tile_dim_replicate} without doing a full rematerialization of the tensor for HLO operation: %param = c128[360,8,2,640]{3,2,1,0} parameter(0), sharding={devices=[16,1,1,1]<=[16]}, metadata={op_name="psi"}. You probably want to enrich the sharding annotations to prevent this from happening.
2026-07-20 11:28:57.350382: E external/xla/xla/service/spmd/spmd_partitioner.cc:620] [spmd] Involuntary full rematerialization. The compiler was not able to go from sharding {devices=[16,1,1,1]<=[16]} to {devices=[1,1,1,4,4]<=[4,4]T(1,0) last_tile_dim_replicate} without doing a full rematerialization of the tensor for HLO operation: %param = c128[360,8,2,640]{3,2,1,0} parameter(0), sharding={devices=[16,1,1,1]<=[16]}, metadata={op_name="psi"}. You probably want to enrich the sharding annotations to prevent this from happening.
2026-07-20 11:28:57.350451: E external/xla/xla/service/spmd/spmd_partitioner.cc:620] [spmd] Involuntary full rematerialization. The compiler was not able to go from sharding {devices=[16,1,1,1]<=[16]} to {devices=[1,1,1,4,4]<=[16] last_tile_dim_replicate} without doing a full rematerialization of the tensor for HLO operation: %param = c128[360,8,2,640]{3,2,1,0} parameter(0), sharding={devices=[16,1,1,1]<=[16]}, metadata={op_name="psi"}. You probably want to enrich the sharding annotations to prevent this from happening.
2026-07-20 11:28:57.350499: E external/xla/xla/service/spmd/spmd_partitioner.cc:620] [spmd] Involuntary full rematerialization. The compiler was not able to go from sharding {devices=[16,1,1,1]<=[16]} to {devices=[1,1,1,4,4]<=[4,4]T(1,0) last_tile_dim_replicate} without doing a full rematerialization of the tensor for HLO operation: %param = c128[360,8,2,640]{3,2,1,0} parameter(0), sharding={devices=[16,1,1,1]<=[16]}, metadata={op_name="psi"}. You probably want to enrich the sharding annotations to prevent this from happening.
2026-07-20 11:28:57.350570: E external/xla/xla/service/spmd/spmd_partitioner.cc:620] [spmd] Involuntary full rematerialization. The compiler was not able to go from sharding {devices=[16,1,1,1]<=[16]} to {devices=[1,1,1,4,4]<=[16] last_tile_dim_replicate} without doing a full rematerialization of the tensor for HLO operation: %param = c128[360,8,2,640]{3,2,1,0} parameter(0), sharding={devices=[16,1,1,1]<=[16]}, metadata={op_name="psi"}. You probably want to enrich the sharding annotations to prevent this from happening.
2026-07-20 11:28:57.351361: E external/xla/xla/service/spmd/spmd_partitioner.cc:620] [spmd] Involuntary full rematerialization. The compiler was not able to go from sharding {devices=[16,1,1,1]<=[16]} to {devices=[1,1,1,4,4]<=[4,4]T(1,0) last_tile_dim_replicate} without doing a full rematerialization of the tensor for HLO operation: %param = c128[360,8,2,640]{3,2,1,0} parameter(0), sharding={devices=[16,1,1,1]<=[16]}, metadata={op_name="psi"}. You probably want to enrich the sharding annotations to prevent this from happening.
2026-07-20 11:28:57.351427: E external/xla/xla/service/spmd/spmd_partitioner.cc:620] [spmd] Involuntary full rematerialization. The compiler was not able to go from sharding {devices=[16,1,1,1]<=[16]} to {devices=[1,1,1,4,4]<=[16] last_tile_dim_replicate} without doing a full rematerialization of the tensor for HLO operation: %param = c128[360,8,2,640]{3,2,1,0} parameter(0), sharding={devices=[16,1,1,1]<=[16]}, metadata={op_name="psi"}. You probably want to enrich the sharding annotations to prevent this from happening.
2026-07-20 11:28:57.355553: E external/xla/xla/service/spmd/spmd_partitioner.cc:620] [spmd] Involuntary full rematerialization. The compiler was not able to go from sharding {devices=[16,1,1,1]<=[16]} to {devices=[1,1,1,4,4]<=[4,4]T(1,0) last_tile_dim_replicate} without doing a full rematerialization of the tensor for HLO operation: %param = c128[360,8,2,640]{3,2,1,0} parameter(0), sharding={devices=[16,1,1,1]<=[16]}, metadata={op_name="psi"}. You probably want to enrich the sharding annotations to prevent this from happening.
2026-07-20 11:28:57.355606: E external/xla/xla/service/spmd/spmd_partitioner.cc:620] [spmd] Involuntary full rematerialization. The compiler was not able to go from sharding {devices=[16,1,1,1]<=[16]} to {devices=[1,1,1,4,4]<=[4,4]T(1,0) last_tile_dim_replicate} without doing a full rematerialization of the tensor for HLO operation: %param = c128[360,8,2,640]{3,2,1,0} parameter(0), sharding={devices=[16,1,1,1]<=[16]}, metadata={op_name="psi"}. You probably want to enrich the sharding annotations to prevent this from happening.
2026-07-20 11:28:57.355616: E external/xla/xla/service/spmd/spmd_partitioner.cc:620] [spmd] Involuntary full rematerialization. The compiler was not able to go from sharding {devices=[16,1,1,1]<=[16]} to {devices=[1,1,1,4,4]<=[16] last_tile_dim_replicate} without doing a full rematerialization of the tensor for HLO operation: %param = c128[360,8,2,640]{3,2,1,0} parameter(0), sharding={devices=[16,1,1,1]<=[16]}, metadata={op_name="psi"}. You probably want to enrich the sharding annotations to prevent this from happening.
2026-07-20 11:28:57.355670: E external/xla/xla/service/spmd/spmd_partitioner.cc:620] [spmd] Involuntary full rematerialization. The compiler was not able to go from sharding {devices=[16,1,1,1]<=[16]} to {devices=[1,1,1,4,4]<=[16] last_tile_dim_replicate} without doing a full rematerialization of the tensor for HLO operation: %param = c128[360,8,2,640]{3,2,1,0} parameter(0), sharding={devices=[16,1,1,1]<=[16]}, metadata={op_name="psi"}. You probably want to enrich the sharding annotations to prevent this from happening.
2026-07-20 11:28:57.358708: E external/xla/xla/service/spmd/spmd_partitioner.cc:620] [spmd] Involuntary full rematerialization. The compiler was not able to go from sharding {devices=[16,1,1,1]<=[16]} to {devices=[1,1,1,4,4]<=[4,4]T(1,0) last_tile_dim_replicate} without doing a full rematerialization of the tensor for HLO operation: %param = c128[360,8,2,640]{3,2,1,0} parameter(0), sharding={devices=[16,1,1,1]<=[16]}, metadata={op_name="psi"}. You probably want to enrich the sharding annotations to prevent this from happening.
2026-07-20 11:28:57.358775: E external/xla/xla/service/spmd/spmd_partitioner.cc:620] [spmd] Involuntary full rematerialization. The compiler was not able to go from sharding {devices=[16,1,1,1]<=[16]} to {devices=[1,1,1,4,4]<=[16] last_tile_dim_replicate} without doing a full rematerialization of the tensor for HLO operation: %param = c128[360,8,2,640]{3,2,1,0} parameter(0), sharding={devices=[16,1,1,1]<=[16]}, metadata={op_name="psi"}. You probably want to enrich the sharding annotations to prevent this from happening.
2026-07-20 11:28:57.370023: E external/xla/xla/service/spmd/spmd_partitioner.cc:620] [spmd] Involuntary full rematerialization. The compiler was not able to go from sharding {devices=[16,1,1,1]<=[16]} to {devices=[1,1,1,4,4]<=[4,4]T(1,0) last_tile_dim_replicate} without doing a full rematerialization of the tensor for HLO operation: %param = c128[360,8,2,640]{3,2,1,0} parameter(0), sharding={devices=[16,1,1,1]<=[16]}, metadata={op_name="psi"}. You probably want to enrich the sharding annotations to prevent this from happening.
2026-07-20 11:28:57.370095: E external/xla/xla/service/spmd/spmd_partitioner.cc:620] [spmd] Involuntary full rematerialization. The compiler was not able to go from sharding {devices=[16,1,1,1]<=[16]} to {devices=[1,1,1,4,4]<=[16] last_tile_dim_replicate} without doing a full rematerialization of the tensor for HLO operation: %param = c128[360,8,2,640]{3,2,1,0} parameter(0), sharding={devices=[16,1,1,1]<=[16]}, metadata={op_name="psi"}. You probably want to enrich the sharding annotations to prevent this from happening.
  bundle: psi_rmu_Y=(5760, 8, 2, 640), psi_rmuT_X=(5760, 640, 8, 2)
  [gate] htransform@Γ vs stored: max|Δε_c| = 0.855 meV, conduction-subspace overlap min-sval = 0.8538
  [wrapfix] 4 of 144 q relabeled to the sphere-derived center
  [wrapfix] 4 of 144 q relabeled to the sphere-derived center
  [wrapfix] 4 of 144 q relabeled to the sphere-derived center
  [wrapfix] 4 of 144 q relabeled to the sphere-derived center
  [gates] vq_interp coarse data:
  [gates] vq_interp coarse data:
  [gates] vq_interp coarse data:
  [gates] vq_interp coarse data:
  [wrapfix] 4 of 144 q relabeled to the sphere-derived center
  [wrapfix] 4 of 144 q relabeled to the sphere-derived center
  [wrapfix] 4 of 144 q relabeled to the sphere-derived center
  [wrapfix] 4 of 144 q relabeled to the sphere-derived center
    [gate] recon_roundtrip_sphere_Gamma                 2.311e-16  OK
    [gate] recon_roundtrip_sphere_Gamma                 2.311e-16  OK
    [gate] sphere_max|q+G|^2_minus_cutoff               0.000e+00  OK
    [gate] sphere_max|q+G|^2_minus_cutoff               0.000e+00  OK
  [wrapfix] 4 of 144 q relabeled to the sphere-derived center
  [wrapfix] 4 of 144 q relabeled to the sphere-derived center
  [wrapfix] 4 of 144 q relabeled to the sphere-derived center
  [wrapfix] 4 of 144 q relabeled to the sphere-derived center
    [gate] recon_roundtrip_sphere_Gamma                 2.311e-16  OK
    [gate] recon_roundtrip_sphere_Gamma                 2.311e-16  OK
    [gate] sphere_max|q+G|^2_minus_cutoff               0.000e+00  OK
    [gate] sphere_max|q+G|^2_minus_cutoff               0.000e+00  OK
  [wrapfix] 4 of 144 q relabeled to the sphere-derived center
  [wrapfix] 4 of 144 q relabeled to the sphere-derived center
  [wrapfix] 4 of 144 q relabeled to the sphere-derived center
  [wrapfix] 4 of 144 q relabeled to the sphere-derived center
  [gates] vq_interp coarse data:
  [gates] vq_interp coarse data:
  [gates] vq_interp coarse data:
  [gates] vq_interp coarse data:
    [gate] makeVq_vs_disk_Vqmunu_allq_max               5.281e-09  OK
    [gate] makeVq_vs_disk_Vqmunu_allq_max               5.281e-09  OK
  [gates] vq_interp coarse data:
  [gates] vq_interp coarse data:
  [gates] vq_interp coarse data:
  [gates] vq_interp coarse data:
    [gate] makeVq_vs_disk_Vqmunu_allq_max               5.281e-09  OK
    [gate] makeVq_vs_disk_Vqmunu_allq_max               5.281e-09  OK
  [gates] vq_interp coarse data:
  [gates] vq_interp coarse data:
  [gates] vq_interp coarse data:
  [gates] vq_interp coarse data:
    [gate] XHX_vs_Cq_torus_q0                           1.714e-11  OK
    [gate] XHX_vs_Cq_torus_q0                           1.714e-11  OK
    [gate] vSR+vLR==v_q0                                3.721e-18  OK
    [gate] vSR+vLR==v_q0                                3.721e-18  OK
    [gate] vSR+vLR==v_q1                                1.453e-18  OK
    [gate] slab_axes_offdiag                            0.000e+00  OK
    [gate] vSR+vLR==v_q1                                1.453e-18  OK
    [gate] slab_axes_offdiag                            0.000e+00  OK
    [gate] XHX_vs_Cq_torus_q0                           1.714e-11  OK
    [gate] vSR+vLR==v_q0                                3.721e-18  OK
    [gate] vSR+vLR==v_q1                                1.453e-18  OK
    [gate] slab_axes_offdiag                            0.000e+00  OK
    [gate] XHX_vs_Cq_torus_q0                           1.714e-11  OK
    [gate] vSR+vLR==v_q0                                3.721e-18  OK
    [gate] vSR+vLR==v_q1                                1.453e-18  OK
    [gate] slab_axes_offdiag                            0.000e+00  OK
    [gate] recon_roundtrip_sphere_Gamma                 2.311e-16  OK
    [gate] recon_roundtrip_sphere_Gamma                 2.311e-16  OK
    [gate] recon_roundtrip_sphere_Gamma                 2.311e-16  OK
    [gate] sphere_max|q+G|^2_minus_cutoff               0.000e+00  OK
    [gate] sphere_max|q+G|^2_minus_cutoff               0.000e+00  OK
    [gate] sphere_max|q+G|^2_minus_cutoff               0.000e+00  OK
    [gate] recon_roundtrip_sphere_Gamma                 2.311e-16  OK
    [gate] sphere_max|q+G|^2_minus_cutoff               0.000e+00  OK
    [gate] recon_roundtrip_sphere_Gamma                 2.311e-16  OK
    [gate] recon_roundtrip_sphere_Gamma                 2.311e-16  OK
    [gate] recon_roundtrip_sphere_Gamma                 2.311e-16  OK
    [gate] sphere_max|q+G|^2_minus_cutoff               0.000e+00  OK
    [gate] sphere_max|q+G|^2_minus_cutoff               0.000e+00  OK
    [gate] sphere_max|q+G|^2_minus_cutoff               0.000e+00  OK
    [gate] recon_roundtrip_sphere_Gamma                 2.311e-16  OK
    [gate] sphere_max|q+G|^2_minus_cutoff               0.000e+00  OK
    [gate] recon_roundtrip_sphere_Gamma                 2.311e-16  OK
    [gate] recon_roundtrip_sphere_Gamma                 2.311e-16  OK
    [gate] recon_roundtrip_sphere_Gamma                 2.311e-16  OK
    [gate] sphere_max|q+G|^2_minus_cutoff               0.000e+00  OK
    [gate] sphere_max|q+G|^2_minus_cutoff               0.000e+00  OK
    [gate] recon_roundtrip_sphere_Gamma                 2.311e-16  OK
    [gate] sphere_max|q+G|^2_minus_cutoff               0.000e+00  OK
    [gate] sphere_max|q+G|^2_minus_cutoff               0.000e+00  OK
    [gate] makeVq_vs_disk_Vqmunu_allq_max               5.281e-09  OK
    [gate] makeVq_vs_disk_Vqmunu_allq_max               5.281e-09  OK
    [gate] makeVq_vs_disk_Vqmunu_allq_max               5.281e-09  OK
    [gate] makeVq_vs_disk_Vqmunu_allq_max               5.281e-09  OK
    [gate] makeVq_vs_disk_Vqmunu_allq_max               5.281e-09  OK
    [gate] makeVq_vs_disk_Vqmunu_allq_max               5.281e-09  OK
    [gate] makeVq_vs_disk_Vqmunu_allq_max               5.281e-09  OK
    [gate] makeVq_vs_disk_Vqmunu_allq_max               5.281e-09  OK
    [gate] makeVq_vs_disk_Vqmunu_allq_max               5.281e-09  OK
    [gate] makeVq_vs_disk_Vqmunu_allq_max               5.281e-09  OK
    [gate] makeVq_vs_disk_Vqmunu_allq_max               5.281e-09  OK
    [gate] makeVq_vs_disk_Vqmunu_allq_max               5.281e-09  OK
    [gate] XHX_vs_Cq_torus_q0                           1.714e-11  OK
    [gate] vSR+vLR==v_q0                                3.721e-18  OK
    [gate] vSR+vLR==v_q1                                1.453e-18  OK
    [gate] slab_axes_offdiag                            0.000e+00  OK
    [gate] XHX_vs_Cq_torus_q0                           1.714e-11  OK
    [gate] vSR+vLR==v_q0                                3.721e-18  OK
    [gate] vSR+vLR==v_q1                                1.453e-18  OK
    [gate] slab_axes_offdiag                            0.000e+00  OK
    [gate] XHX_vs_Cq_torus_q0                           1.714e-11  OK
    [gate] vSR+vLR==v_q0                                3.721e-18  OK
    [gate] vSR+vLR==v_q1                                1.453e-18  OK
    [gate] slab_axes_offdiag                            0.000e+00  OK
    [gate] XHX_vs_Cq_torus_q0                           1.714e-11  OK
    [gate] vSR+vLR==v_q0                                3.721e-18  OK
    [gate] vSR+vLR==v_q1                                1.453e-18  OK
    [gate] slab_axes_offdiag                            0.000e+00  OK
    [gate] XHX_vs_Cq_torus_q0                           1.714e-11  OK
    [gate] XHX_vs_Cq_torus_q0                           1.714e-11  OK
    [gate] vSR+vLR==v_q0                                3.721e-18  OK
    [gate] vSR+vLR==v_q0                                3.721e-18  OK
    [gate] vSR+vLR==v_q1                                1.453e-18  OK
    [gate] vSR+vLR==v_q1                                1.453e-18  OK
    [gate] slab_axes_offdiag                            0.000e+00  OK
    [gate] slab_axes_offdiag                            0.000e+00  OK
    [gate] XHX_vs_Cq_torus_q0                           1.714e-11  OK
    [gate] vSR+vLR==v_q0                                3.721e-18  OK
    [gate] vSR+vLR==v_q1                                1.453e-18  OK
    [gate] slab_axes_offdiag                            0.000e+00  OK
    [gate] XHX_vs_Cq_torus_q0                           1.714e-11  OK
    [gate] vSR+vLR==v_q0                                3.721e-18  OK
    [gate] vSR+vLR==v_q1                                1.453e-18  OK
    [gate] slab_axes_offdiag                            0.000e+00  OK
    [gate] XHX_vs_Cq_torus_q0                           1.714e-11  OK
    [gate] vSR+vLR==v_q0                                3.721e-18  OK
    [gate] vSR+vLR==v_q1                                1.453e-18  OK
    [gate] slab_axes_offdiag                            0.000e+00  OK
    [gate] XHX_vs_Cq_torus_q0                           1.714e-11  OK
    [gate] vSR+vLR==v_q0                                3.721e-18  OK
    [gate] vSR+vLR==v_q1                                1.453e-18  OK
    [gate] slab_axes_offdiag                            0.000e+00  OK
    [gate] XHX_vs_Cq_torus_q0                           1.714e-11  OK
    [gate] vSR+vLR==v_q0                                3.721e-18  OK
    [gate] vSR+vLR==v_q1                                1.453e-18  OK
    [gate] slab_axes_offdiag                            0.000e+00  OK
    [gate] XHX_vs_Cq_torus_q0                           1.714e-11  OK
    [gate] vSR+vLR==v_q0                                3.721e-18  OK
    [gate] vSR+vLR==v_q1                                1.453e-18  OK
    [gate] slab_axes_offdiag                            0.000e+00  OK
[lorrax cusolverMp] library 0.7.2, NCCL 2.26.3, comm path: NCCL, grid: 4x4 (col-major)
  [prep] gset(0.3) = 337 G; 0 out-of-sphere (q,G) channels zero-filled; sphere-tail bound 6.4e-37
  [prep] gset(0.3) = 337 G; 0 out-of-sphere (q,G) channels zero-filled; sphere-tail bound 6.4e-37
  [prep] gset(0.3) = 337 G; 0 out-of-sphere (q,G) channels zero-filled; sphere-tail bound 6.4e-37
  [prep] gset(0.3) = 337 G; 0 out-of-sphere (q,G) channels zero-filled; sphere-tail bound 6.4e-37
  [prep] gset(0.3) = 337 G; 0 out-of-sphere (q,G) channels zero-filled; sphere-tail bound 6.4e-37
  [prep] gset(0.3) = 337 G; 0 out-of-sphere (q,G) channels zero-filled; sphere-tail bound 6.4e-37
  [prep] gset(0.3) = 337 G; 0 out-of-sphere (q,G) channels zero-filled; sphere-tail bound 6.4e-37
  [prep] gset(0.3) = 337 G; 0 out-of-sphere (q,G) channels zero-filled; sphere-tail bound 6.4e-37
  [prep] gset(0.3) = 337 G; 0 out-of-sphere (q,G) channels zero-filled; sphere-tail bound 6.4e-37
  [prep] gset(0.3) = 337 G; 0 out-of-sphere (q,G) channels zero-filled; sphere-tail bound 6.4e-37
  [prep] gset(0.3) = 337 G; 0 out-of-sphere (q,G) channels zero-filled; sphere-tail bound 6.4e-37
  [prep] gset(0.3) = 337 G; 0 out-of-sphere (q,G) channels zero-filled; sphere-tail bound 6.4e-37
  [prep] gset(0.3) = 337 G; 0 out-of-sphere (q,G) channels zero-filled; sphere-tail bound 6.4e-37
  [prep] gset(0.3) = 337 G; 0 out-of-sphere (q,G) channels zero-filled; sphere-tail bound 6.4e-37
  [prep] gset(0.3) = 337 G; 0 out-of-sphere (q,G) channels zero-filled; sphere-tail bound 6.4e-37
  [prep] gset(0.3) = 337 G; 0 out-of-sphere (q,G) channels zero-filled; sphere-tail bound 6.4e-37
  [fit] LR design: degrees {0: 3, 1: 2, 2: 0, 3: 0} -> 26 complex coefficients per mu (global)
  [fit] LR design: degrees {0: 3, 1: 2, 2: 0, 3: 0} -> 26 complex coefficients per mu (global)
  [fit] LR design: degrees {0: 3, 1: 2, 2: 0, 3: 0} -> 26 complex coefficients per mu (global)
  [fit] LR design: degrees {0: 3, 1: 2, 2: 0, 3: 0} -> 26 complex coefficients per mu (global)
  [fit] LR design: degrees {0: 3, 1: 2, 2: 0, 3: 0} -> 26 complex coefficients per mu (global)
  [fit] LR design: degrees {0: 3, 1: 2, 2: 0, 3: 0} -> 26 complex coefficients per mu (global)
  [fit] LR design: degrees {0: 3, 1: 2, 2: 0, 3: 0} -> 26 complex coefficients per mu (global)
  [fit] LR design: degrees {0: 3, 1: 2, 2: 0, 3: 0} -> 26 complex coefficients per mu (global)
  [fit] LR design: degrees {0: 3, 1: 2, 2: 0, 3: 0} -> 26 complex coefficients per mu (global)
    [null] exact_stencil_VSRc_train_point               1.188e-15  OK
  [fit] LR design: degrees {0: 3, 1: 2, 2: 0, 3: 0} -> 26 complex coefficients per mu (global)
  [fit] LR design: degrees {0: 3, 1: 2, 2: 0, 3: 0} -> 26 complex coefficients per mu (global)
  [fit] LR design: degrees {0: 3, 1: 2, 2: 0, 3: 0} -> 26 complex coefficients per mu (global)
    [null] exact_stencil_VSRc_train_point               1.188e-15  OK
    [null] exact_stencil_Fch_train_point                1.042e-15  OK
  [fit] LR design: degrees {0: 3, 1: 2, 2: 0, 3: 0} -> 26 complex coefficients per mu (global)
  [fit] LR design: degrees {0: 3, 1: 2, 2: 0, 3: 0} -> 26 complex coefficients per mu (global)
  [fit] LR design: degrees {0: 3, 1: 2, 2: 0, 3: 0} -> 26 complex coefficients per mu (global)
  [fit] LR design: degrees {0: 3, 1: 2, 2: 0, 3: 0} -> 26 complex coefficients per mu (global)
    [null] exact_stencil_Fch_train_point                1.042e-15  OK
    [null] exact_stencil_VSRc_train_point               1.188e-15  OK
    [null] exact_stencil_VSRc_train_point               1.188e-15  OK
    [null] exact_stencil_VSRc_train_point               1.188e-15  OK
    [null] exact_stencil_VSRc_train_point               1.188e-15  OK
    [null] exact_stencil_VSRc_train_point               1.188e-15  OK
    [null] exact_stencil_VSRc_train_point               1.188e-15  OK
    [null] exact_stencil_VSRc_train_point               1.188e-15  OK
    [null] exact_stencil_Fch_train_point                1.042e-15  OK
    [null] exact_stencil_Fch_train_point                1.042e-15  OK
    [null] exact_stencil_VSRc_train_point               1.188e-15  OK
    [null] exact_stencil_Fch_train_point                1.042e-15  OK
    [null] exact_stencil_Fch_train_point                1.042e-15  OK
    [null] exact_stencil_VSRc_train_point               1.188e-15  OK
    [null] exact_stencil_Fch_train_point                1.042e-15  OK
    [null] exact_stencil_VSRc_train_point               1.188e-15  OK
    [null] exact_stencil_Fch_train_point                1.042e-15  OK
    [null] exact_stencil_Fch_train_point                1.042e-15  OK
    [null] exact_stencil_Fch_train_point                1.042e-15  OK
    [null] exact_stencil_VSRc_train_point               1.188e-15  OK
    [null] exact_stencil_VSRc_train_point               1.188e-15  OK
    [null] exact_stencil_VSRc_train_point               1.188e-15  OK
    [null] exact_stencil_Fch_train_point                1.042e-15  OK
    [null] exact_stencil_Fch_train_point                1.042e-15  OK
    [null] exact_stencil_VSRc_train_point               1.188e-15  OK
    [null] exact_stencil_Fch_train_point                1.042e-15  OK
    [null] exact_stencil_Fch_train_point                1.042e-15  OK
    [null] exact_stencil_Fch_train_point                1.042e-15  OK
    [null] exact_stencil_Fch_train_point                1.042e-15  OK
    [null] F_own_rebuild_vs_cleaned_LR_tile_max         1.871e-09  OK
    [null] F_own_rebuild_vs_cleaned_LR_tile_max         1.871e-09  OK
    [null] F_own_rebuild_vs_cleaned_LR_tile_max         1.871e-09  OK
    [null] F_own_rebuild_vs_cleaned_LR_tile_max         1.871e-09  OK
    [null] F_own_rebuild_vs_cleaned_LR_tile_max         1.871e-09  OK
    [null] F_own_rebuild_vs_cleaned_LR_tile_max         1.871e-09  OK
    [null] F_own_rebuild_vs_cleaned_LR_tile_max         1.871e-09  OK
    [null] F_own_rebuild_vs_cleaned_LR_tile_max         1.871e-09  OK
    [null] F_own_rebuild_vs_cleaned_LR_tile_max         1.871e-09  OK
    [null] F_own_rebuild_vs_cleaned_LR_tile_max         1.871e-09  OK
    [null] F_own_rebuild_vs_cleaned_LR_tile_max         1.871e-09  OK
    [null] F_own_rebuild_vs_cleaned_LR_tile_max         1.871e-09  OK
    [null] F_own_rebuild_vs_cleaned_LR_tile_max         1.871e-09  OK
    [null] F_own_rebuild_vs_cleaned_LR_tile_max         1.871e-09  OK
    [null] F_own_rebuild_vs_cleaned_LR_tile_max         1.871e-09  OK
    [null] F_own_rebuild_vs_cleaned_LR_tile_max         1.871e-09  OK
  arbitrary-Q head: mini-BZ cell average (head_minibz_average=True)
[dist] evs sharding=NamedSharding(mesh=Mesh('x': 4, 'y': 4, axis_types=(Auto, Auto)), spec=PartitionSpec(), memory_kind=device), fully_addressable=False
solve_path: cold 163.11s (incl. ONE compile), warm 162.91s = 4072.6 ms/Q over 40 Q
solve_path memory_analysis: temp=985.6 MiB args=533.5 MiB out=0.0 MiB
Wrote exciton_bands_16gpu_on.dat
Wrote exciton_bands_16gpu_on.png

--- timings (s) ---
  load_bse                    2.83
  htransform_setup            9.78
  htransform_psi_cQ          15.87
  vq_prepare                398.40
  vq_eval                    20.32
  solve_scan_cold           163.11
  solve_scan_warm           162.91
  TOTAL                     778.05
