NSCF: Davidson (60 bands) + pseudobands (k=2, M=1500, 50 windows)
  kgrid=(2, 2, 2), fft=(36, 36, 36), nspinor=2
  GPUs: 4  (processes: 4)
  Core density integral: 1.4485 e (from NLCC, 2 atoms)
  Core density integral: 1.4485 e (from NLCC, 2 atoms)
  Core density integral: 1.4485 e (from NLCC, 2 atoms)
  Core density integral: 1.4485 e (from NLCC, 2 atoms)
  Potentials: 13.34s
  nk=8 (full), ngkmax=2120

── Davidson ──
  JIT warmup: 10.24s
  [rank 0] k=  0/8: 1.675s  evals[0]=-0.418717 Ry
  Davidson: 6.84s (0.856s/k, 4 ranks) → /pscratch/sd/j/jackm/lorrax_sandbox/runs/Si_pseudobands/00_si_2x2x2_60Ry/pb_sweep/v1_50win_s2/WFN.h5

── Pseudobands v1 (k=2, M_max=1500, 50 windows) ──
Pseudobands: computing KPM DOS...
  Estimating spectrum bounds via Lanczos...
  Spectrum: [-1.6085, 60.7164] (center=29.5539, half_width=31.1624)
  Computing 500 Chebyshev moments with 10 random vectors...
  Random vector 1/10...
  Random vector 2/10...
  Random vector 3/10...
  Random vector 4/10...
  Random vector 5/10...
  Random vector 6/10...
  Random vector 7/10...
  Random vector 8/10...
  Random vector 9/10...
  Random vector 10/10...
  DOS integral: 1.0 states (dim=4240)
  CJ resolution: π·B/M = 0.1305 Ry
  Crossover energy: ε_cross = 1.3053 (E_F + ε_cross = 1.3053)
  Det bands: 28 protected (E < 1.3053), 32 available for stochastic
  51 spectral windows from 1.3053 to 60.7164
  Window widths: min=0.1755, max=3.1616, first 3: [0.1784, 0.2964, 0.2949]
  Window classification: 6 stochastic, 45 CJ-Ritz
  Running 1500 Chebyshev iterations (block size 2)...
  Filtered blocks: (51, 2, 4240)
    window 1/51 [CJ-0 ]: [1.31,1.48] n_eff=2.0, w=0.000, θ=[1.3945, 1.3945]
    window 2/51 [stoch]: [1.48,1.78] n_eff=2.1, w=1.000, θ=[1.5942, 1.5942]
    window 3/51 [CJ-0 ]: [1.78,2.07] n_eff=1.1, w=0.000, θ=[1.9275, 1.9275]
    window 4/51 [stoch]: [2.07,2.25] n_eff=7.5, w=2.236, θ=[2.1832, 2.1832]
    window 5/51 [stoch]: [2.25,2.43] n_eff=6.9, w=1.732, θ=[2.3539, 2.3539]
    window 10/51 [CJ   ]: [3.58,3.87] n_eff=19.2, w=3.101, θ=[3.5110, 3.6916]
    window 20/51 [CJ   ]: [8.74,9.52] n_eff=25.0, w=3.533, θ=[9.1022, 9.2274]
    window 30/51 [CJ   ]: [18.00,19.07] n_eff=89.9, w=6.703, θ=[18.4790, 18.5755]
    window 40/51 [CJ   ]: [32.70,34.97] n_eff=108.6, w=7.367, θ=[33.5739, 33.6098]
    window 50/51 [CJ   ]: [56.54,59.71] n_eff=273.8, w=11.701, θ=[57.9558, 57.9995]
    window 51/51 [CJ-0 ]: [59.71,60.72] n_eff=0.1, w=0.000, θ=[60.2110, 60.2110]
  Total: 28 protected + 102 pseudo (12 stochastic + 90 CJ) = 130 bands (Σ n_eff = 4170.4)
  Total bands per k: 28 prot + 102 pseudo = 130
  k=  1/8: 2.4s
  k=  2/8: 1.4s
  k=  7/8: 0.9s
  Pseudobands: 26.6s → /pscratch/sd/j/jackm/lorrax_sandbox/runs/Si_pseudobands/00_si_2x2x2_60Ry/pb_sweep/v1_50win_s2/WFN_pseudobands.h5

Total NSCF: 59.8s
