2026-04-27 02:31:37,828 jax._src.dispatch WARNING: Finished tracing + transforming _identity_fn for pjit in 0.000154495 sec
2026-04-27 02:31:37,829 jax._src.pjit WARNING: TRACING CACHE MISS at /global/homes/j/jackm/software/lorrax_C/src/bse/bse_io.py:387:18 (load_bse_data_from_restart_sharded) because:
  never seen function:
    _identity_fn id=139932440512128 defined at /opt/jax/jax/_src/pjit.py:2575
2026-04-27 02:31:37,829 jax._src.interpreters.pxla WARNING: Compiling _identity_fn with global shapes and types [ShapedArray(complex128[64,4,2,480])]. Argument mapping: (NamedSharding(mesh=Mesh('x': 2, 'y': 2, axis_types=(Auto, Auto)), spec=PartitionSpec(None, None, None, 'x'), memory_kind=device),).
2026-04-27 02:31:37,951 jax._src.dispatch WARNING: Finished jaxpr to MLIR module conversion jit(_identity_fn) in 0.121305466 sec
2026-04-27 02:31:37,960 jax._src.compiler WARNING: PERSISTENT COMPILATION CACHE MISS for 'jit__identity_fn' with key 'jit__identity_fn-08e55c7670df4e842422038b12351e29374727fbcd611cdb73c47fc53722e010'
2026-04-27 02:31:38,239 jax._src.compiler WARNING: Not writing persistent cache entry since process_id != 0
2026-04-27 02:31:38,239 jax._src.dispatch WARNING: Finished XLA compilation of jit(_identity_fn) in 0.288146734 sec
2026-04-27 02:31:38,793 jax._src.dispatch WARNING: Finished tracing + transforming _reduce_sum for pjit in 0.000586510 sec
2026-04-27 02:31:38,794 jax._src.dispatch WARNING: Finished tracing + transforming _psum for pjit in 0.001121998 sec
2026-04-27 02:31:38,794 jax._src.pjit WARNING: TRACING CACHE MISS at /global/homes/j/jackm/software/lorrax_C/src/bse/bse_io.py:404:19 (load_bse_data_from_restart_sharded) because:
  never seen function:
    _psum id=139829118524992 defined at /opt/jax/jax/experimental/multihost_utils.py:42
2026-04-27 02:31:38,794 jax._src.interpreters.pxla WARNING: Compiling _psum with global shapes and types [ShapedArray(complex128[4,480])]. Argument mapping: (NamedSharding(mesh=Mesh('processes': 4, 'local_devices': 1, axis_types=(Auto, Auto)), spec=PartitionSpec('processes',), memory_kind=device),).
2026-04-27 02:31:38,797 jax._src.dispatch WARNING: Finished jaxpr to MLIR module conversion jit(_psum) in 0.002953768 sec
2026-04-27 02:31:38,800 jax._src.compiler WARNING: PERSISTENT COMPILATION CACHE MISS for 'jit__psum' with key 'jit__psum-a5a21e87f2b0fe9a493ad8322a9bd9363150b409316268bf2ed889aa48060689'
2026-04-27 02:31:38,829 jax._src.compiler WARNING: Not writing persistent cache entry since process_id != 0
2026-04-27 02:31:38,829 jax._src.dispatch WARNING: Finished XLA compilation of jit(_psum) in 0.031899214 sec
2026-04-27 02:31:39,155 jax._src.dispatch WARNING: Finished tracing + transforming _multi_slice for pjit in 0.000280619 sec
2026-04-27 02:31:39,155 jax._src.pjit WARNING: TRACING CACHE MISS at /global/homes/j/jackm/software/lorrax_C/src/bse/bse_io.py:404:19 (load_bse_data_from_restart_sharded) because:
  never seen function:
    _multi_slice id=139932430578240 defined at /opt/jax/jax/_src/numpy/array_methods.py:616
  but seen another function defined on the same line; maybe the function is
  being re-defined repeatedly, preventing caching?
2026-04-27 02:31:39,155 jax._src.interpreters.pxla WARNING: Compiling _multi_slice with global shapes and types [ShapedArray(complex128[480])]. Argument mapping: (UnspecifiedValue,).
2026-04-27 02:31:39,157 jax._src.dispatch WARNING: Finished jaxpr to MLIR module conversion jit(_multi_slice) in 0.002328634 sec
2026-04-27 02:31:39,162 jax._src.compiler WARNING: PERSISTENT COMPILATION CACHE MISS for 'jit__multi_slice' with key 'jit__multi_slice-f5feab552eea1459cd253ba46141a5fc6d84814d9431d2214ad4300fa163c8b2'
2026-04-27 02:31:39,335 jax._src.compiler WARNING: Not writing persistent cache entry since pro2026-04-27 022026-04-27 02:31:39,335 jax._src.dispatch WARNING: Finished XLA compilation of jit(_multi_slice) in 0.178027391 sec
2026-04-27 02:31:39,432 jax._src.dispatch WARNING: Finished tracing + transforming conjugate for pjit in 0.000401974 sec
2026-04-27 02:31:39,432 jax._src.interpreters.pxla WARNING: Compiling conjugate with global shapes and types [ShapedArray(complex128[480])]. Argument mapping: (NamedSharding(mesh=Mesh('x': 2, 'y': 2, axis_types=(Auto, Auto)), spec=PartitionSpec('x',), memory_kind=device),).
2026-04-27 02:31:39,435 jax._src.dispatch WARNING: Finished tracing + transforming negative for pjit in 0.000165224 sec
2026-04-27 02:31:39,436 jax._src.dispatch WARNING: Finished jaxpr to MLIR module conversion jit(conjugate) in 0.003274202 sec
2026-04-27 02:31:39,438 jax._src.compiler WARNING: PERSISTENT COMPILATION CACHE MISS for 'jit_conjugate' with key 'jit_conjugate-885e3dfa6479de9d22026-04-27 02:31:39,438 jax._src.compiler WARNING2026-04-27 02:31:39,493 jax._src.compiler WARNING: Not writing persistent cache entry since process_id != 0
2026-04-27 02:31:39,493 jax._src.dispa2026-04-27 02:31:39,495 jax._src.compiler WARNING: Not writing persistent c2026-04-27 02:31:39,496 jax._src.dispatch WARNING: Finished tracing + transforming broadcast_in_dim for pjit in 0.000236750 sec
2026-04-27 02:31:39,496 jax._src.pjit WARNING: TRACING CACHE MISS 2026-04-27 02:31:39,498 jax._src.dispatch WARNING: Finished tracing + transforming broadcast_in_dim for pjit in 0.000226736 sec
2026-04-27 02:31:39,498 jax._src.pjit WARNING: TRACING CACHE MISS at /global/homes/j/jackm/software/lorrax_C/src/gw/head_correction.py:648:11 (apply_q0_head_rank1_sharded) because:
  never seen function:
    broadcast_in_dim id=140252259277120 defined at /opt/jax/jax/_src/dispatch.py:96
2026-04-27 02:31:39,499 jax._src.interpreters.pxla WARNING: Compiling broadcast_in_dim w2026-04-27 02:31:39,499 jax._src.dispatch WARNING: Finished jaxpr to MLIR module conversion jit(broadcast_in_dim) in 0.002247095 sec
2026-04-27 02:31:39,501 jax._src.compiler WARNING: PERSISTENT COMPILATION CACHE MISS for 'jit_broadcast_in_dim' with key 'jit_broadcast_in_dim-2026-04-27 02:31:39,517 jax._src.compiler WARNING: Not writing per2026-04-27 02:31:39,528 jax._src.compiler WARNING: Not writing persistent cache entry since process_id != 0
2026-04-27 02:31:39,528 jax._src.dispatch WARNING: Finished XLA compilation of jit(bro2026-04-27 02:31:39,534 jax._src.compiler WARNING: Not writing persistent cache entry for 'jit_broadcast_in_dim' because it took < 1.00 seconds to compile (0.03s)
2026-04-27 02:31:39,534 jax._src.dispatch WARNING: Finished XLA compilation of jit(broadcast_in_dim) in 0.032836437 sec
2026-04-27 02:31:39,537 jax._src.dispatch WARNING: Finished tracing + transforming broadcast_in_dim for pjit in 0.000347376 sec
2026-04-27 02:31:39,537 jax._src.pjit WARNING: TRACING CACHE MISS at /global/homes/j/jackm/software/lorrax_C/src/gw/head_correction.py:648:37 (apply_q0_head_rank1_sharded) because:
  never seen function:
    broadcast_in_dim id=140248808290912 defined at /opt/jax/jax/_src/dispatch.py:96
2026-04-27 02:31:39,537 jax._src.interpreters.pxla WARNING: Compiling broadcast_in_dim with global shapes and types [ShapedArray(complex128[480])]. Argument mapping: (NamedSharding(mesh=Mesh('x': 2, 'y': 2, axis_types=(Auto, Auto)), spec=PartitionSpec('y',), memory_kind=device),).
2026-04-27 02:31:39,2026-04-27 02:31:39,556 jax._src.compiler WARNING: Not writing persistent2026-04-27 02:31:39,567 jax._src.compiler WARNING: Not writing persistent cache entry since process_id != 0
2026-04-27 02:31:39,567 jax._src.dispatch WARNING: Finished XLA compilation of jit(broadcast_in_dim) in 0.032444954 sec
2026-04-27 02:31:39,569 jax._src.dispatch WARNING: Finished tracing + transforming multiply for pjit in 0.000384331 sec
2026-04-27 02:31:39,570 jax._src.interpreters.pxla WARNING: Compiling multiply with global shapes and types [ShapedArray(complex128[480,1]), ShapedArray(complex128[1,480])]. Argument m2026-04-27 02:31:39,570 jax._src.dispatch WARNING: Finished tracing + transforming multiply for pjit in 0.000322580 sec
2026-04-27 02:31:39,571 jax._src.interpreters.pxla WARNING: Compiling multiply with global shapes and types [ShapedArray(2026-04-27 02:31:39,573 jax._src.dispatch WARNING: Finished jaxpr to MLIR module conversion jit(multiply) in 0.002804518 sec
2026-04-27 02:31:39,575 jax._src.compiler WARNING: PERSISTENT COMPILATION CACHE MISS for 'jit_multiply' with key 'jit_multiply-2310629ce37afe95f7bc90689bc1052fe5cf99947f5550ee70e0edc686d8d4b7'
2026-04-27 02:31:39,637 jax._src.compiler WARNING: Not writing persistent cache entry since process_id != 0
2026-04-27 02:31:39,637 jax._src.dispatch WARNING: Finished XLA compilation of jit(multiply) in 0.064047098 sec
2026-04-27 02:31:39,640 jax._src.dispatch WARNING: Finished tracing + transforming convert_element_type for pjit in 0.000177145 sec
2026-04-27 02:31:39,640 jax._src.pjit WARNING: TRACING CACHE MISS at /global/homes/j/jackm/software/lorrax_C/src/gw/head_correction.py:651:19 (apply_q0_head_rank1_sharded) because:
  never seen function:
    convert_ele2026-04-27 02:31:39,642 jax._src.dispatch WARNING: Finished tracing + transforming convert_element_type for pjit in 0.000195265 sec
2026-04-27 02:31:39,642 jax._src.pjit WARNING: TRACING CACHE MISS at /global/homes/j/jackm/software/lorrax_C/src/gw/head_correction.py:651:19 (apply_q0_head_rank1_sharded) because:
  never seen function:
    convert_element_type id=140248808408064 defined at /opt/ja2026-04-27 02:31:39,644 jax._src.compiler WARNING: PERSISTENT COMPILATION CACHE MISS for 'jit_convert_element_type' with key 'jit_convert_element_type-160532045220758c46e29c287cddbe24182fd56680186ba27a533d834ed43752022026-04-27 02:31:39,668 jax._src.compiler WARNING: Not writing persistent cache entry since process_id != 0
2026-04-27 02:31:39,668 jax._src.dispatch WARNING: Finished XLA compilation of jit(convert_element_type) in 0.025715828 sec
2026-04-27 02:31:39,670 jax._src.dispatch WARNING: Finished tracing + transforming multiply for pjit in 0.000384331 sec2026-04-27 02:31:39,672 jax._src.compiler WARNING: Not writing persistent cache entry for 'jit_convert_element_type' because it took < 1.00 seconds to compile (0.03s)
2026-04-27 02:31:39,672 jax._src.dispatch WARNING: Finished XLA compilation of jit(convert_element_type) in 0.027291775 sec
2026-04-27 02:31:39,673 jax._src.dispatch WARNING: Finished tracing + transforming multiply for pjit in 0.000323534 sec
2026-04-27 02:31:39,674 jax._src.interpre2026-04-27 02:31:39,675 jax._src.compiler WARNING: PERSISTENT COMPILATION CACHE MISS for 'jit_multiply' with key 'jit_multiply-4c2317c9124d2130d0f9c12adb76c4eff606b481416689e09dfc1dcac4c09f0c'
2026-04-27 02:31:39,732 jax._src.compiler WARNING: Not writing persistent cache entry since process_id != 0
2026-04-27 02:31:39,732 jax._src.dispatch WARNING: Finished XLA compilation of jit(multiply) in 0.059069157 sec
2026-04-27 02:31:39,735 jax._src.dispatch WARNING: Finished tracing + transforming add for pjit in 0.000316143 sec
2026-04-27 02:31:39,736 jax._src.interpreters.pxla WARNING: Compiling add with global shapes and types [ShapedArray(complex128[480,480]), ShapedArray(complex128[480,480])]. Argument mapping: (NamedSharding(mesh=Mesh('x': 2, 'y': 2, axis_types=(Auto, Auto)), spec=PartitionSpec('x', 'y'), memory_kind=device), NamedSharding(mesh=Mesh('x': 2, '2026-04-27 02:31:39,738 jax._src.dispatch WARNING: Finished tracing + transforming ad2026-04-27 02:31:39,738 jax._s2026-04-27 02:31:39,739 jax._src.interpreters.pxla WARNING: Compiling add with global shap2026-04-27 02:31:39,740 jax._src.compiler WARNING: PERSISTENT COMPILATION CACHE MISS for 'jit_add' with key 'jit_add-f444bc0823cb8920a1d2f0e3fd53196e2884f735459710218783c8986e07881d'
2026-04-27 02:31:39,793 jax._src.compiler WARNING: Not writing persistent cache entry since process_id != 0
2026-04-27 02:31:39,793 jax._src.dispatch WARNING: Finished XLA compilation of jit(add) in 0.054504871 sec
2026-04-27 02:31:39,796 jax._src.dispatch WARNING: Finished tracing + transforming dynamic_slice for pjit in 0.000248909 sec
2026-04-27 02:31:39,796 jax._src.pjit WARNING: TRACING CACHE MISS at /global/homes/j/jackm/software/lorrax_C/src/gw/h2026-04-27 02:31:39,798 jax._src.compiler WARNING: Not writing persistent cache entry for 'jit_add' because it took < 1.00 seconds to compile (0.05s)
2026-04-27 02:31:39,799 jax._src.dispatch WARNING: Finished XLA compilation of jit(add) in 0.057155848 sec
2026-04-27 02:31:39,801 jax._src.dispatch WARNING: Finished tracing + transforming dynamic_slice for pjit in 0.000240326 sec
2026-04-27 02:31:39,801 jax._src.pjit WARNING: TRACING CACHE MISS at /global/homes/j/jackm/software/lorrax_C/src/gw/head_correction.py:656:54 (apply_q0_head_rank1_sharded) because:
  never seen function:
    dynamic_slice id=140248808413344 defined at /opt/jax/jax/_src/dispatch.py:96
2026-04-27 02:31:39,802 jax._src.interpreters.pxla WARNING: Compiling d2026-04-27 02:31:39,827 jax._src.compiler WARNING: Not writing persistent cache entry since process_id != 0
2026-04-27 02:31:39,827 jax._src.dispatch WARNING: Finished XLA compilation of jit(dynamic_slice) in 0.02762026-04-27 02:31:39,829 jax._src.dispatch WARNING: Finished tracing + transforming dynamic_slice for pjit in 0.000284910 sec
2026-04-27 02:31:39,829 jax._src.pjit WARNING: TRACING CACHE MISS at /global/homes/j/jackm/software/lorrax_C/src/gw/head_correction.py:656:54 (apply_q0_head_ra2026-04-27 02:31:39,832 jax._src.compiler WARNING: Not writing persistent cache entry for 'jit_dynamic_slice' because it took < 1.00 seconds to compile (0.03s)
2026-04-27 02:31:39,832 jax._src.dispatch WARNING: Finished XLA compilation of jit(dynamic_slice) in 0.027837515 sec
2026-04-27 02:31:39,834 jax._src.dispatch WARNING: Finished tracing + transforming squeeze for pjit in 0.000298023 sec
2026-04-27 02:31:39,834 jax._src.pjit WARNING: TRACING CACHE MISS at /global/homes/j/jackm/softwa2026-04-27 02:31:39,835 jax._src.compiler WARNING: PERSISTENT COMPILATION CACHE MISS for 'jit_dynamic_slice' with key 'jit_dynamic_slice-2ae6b74595ac6738db45e577381cc9eda37f63346edcf5464f10f5483a37ed7c'
2026-04-27 02:31:39,862 jax._src.compiler WARNING: Not writing persistent cache entry since process_id != 0
2026-04-27 02:31:39,862 jax._src.dispatch WARNING: Finished XLA compilation of jit(dynamic_slice) in 0.029590607 sec
2026-04-27 02:31:39,864 jax._src.dispatch WARNING: Finished tracing + transforming squeeze for pjit in 0.000302315 sec
2026-04-27 02:31:39,864 jax._src.pjit WARNING: TRACING CACHE MISS at /global/homes/j/jackm/software/lorrax_C/src/gw/head_correction.py:656:54 (apply_q0_head_rank1_sharded) because:
  never seen function:
    squeeze id=140049294775680 defined at /opt/jax/jax/_src/dispatch.py:96
  but seen another function defined on the same line; maybe the function is
  being re-defined repeatedly, preventing ca2026-042026-04-27 02:31:39,864 jax._src.interpreters.pxla WARNING: Compiling squeeze with global shapes and types [Shap2026-04-27 02:31:39,865 jax._src.dispatch WARNING: Finished trac2026-04-272026-04-27 02:31:39,918 jax._src.compiler WARNING: Not writing persistent cache entry since process_id != 0
2026-04-27 02:31:39,918 jax._src.dispatch WARNING: Finished XLA compilation of jit(multiply) in 0.055280685 sec
2026-04-27 02:31:39,920 jax._src.dispatch WARNING: Finished tracing + transforming convert_element_type for pjit in 0.000193834 sec
2026-04-27 02:31:39,920 jax._src.pjit WARNING: TRACING CACHE MISS at /global/homes/j/jackm/software/lorrax_C/src/gw/head_correction.py:659:14 (apply_q0_head_rank1_sharded) because:
  never seen function:
    convert_element_type id=139929366752736 defined at /opt/jax/jax/_src/dispatch.py:96
2026-04-27 02:31:39,921 jax._src.interpreters.pxla WARNING: Compiling convert_element_type with global shapes and types [ShapedArray(int32[])]. Argument mapping: (UnspecifiedValue,).
2026-04-27 02:31:39,923 jax._src.dispatch WARNING: Finished jaxpr to MLIR module conversion jit(convert_element_type) in 0.001802921 sec
2026-04-27 02:31:39,925 jax._src.compiler WARNING: PERSISTENT COMPILATION CACHE MISS for 'jit_convert_element_type' with key 'jit_convert_element_type-706bf4d639bf7625237bcf274abe7c9747ec57ef0b0508ad7145d2b4c7c074bb'
2026-04-27 02:2026-04-27 02:31:39,951 jax._src.compiler WARNING: Not writing persistent cache entry since process_id != 0
2026-04-27 02:31:39,952 jax._src.dispatch WARNING: Finished XLA compilation of jit(multiply) in 0.052967548 se202026-04-27 02:31:39,954 jax._src.dispatch WARNING: Finished tracing + transforming convert_element_type for pjit in 0.000187874 sec
2026-04-27 02:31:39,954 jax._src.pjit WARNING: TRACING CACHE MISS at /global/homes/j/jackm/software/lorrax_C/src/gw/head_correction.py:659:14 (apply_q0_head_rank1_sharded) because:
  never seen function:
    convert_element_type id=140049294778720 defined at /opt/jax/jax/_src/dispatch.py:96
2026-04-27 02:31:39,954 jax._src.interpreters.pxla WARNING: Compiling convert_element_type with global shapes and types [ShapedArray(int32[])]. Argument mapping: (UnspecifiedValue,).
2026-04-27 02:31:39,956 jax._src.dispatch WARNING: Finished jaxpr to MLIR module conversion jit(convert_element_type) in 0.001899958 sec
2026-04-27 02:31:39,959 jax._src.compiler WARNING: PERSISTENT COMPILATION CACHE MISS for 'jit_convert_element_type' with key 'jit_convert_element_type-706bf4d639bf7625237bcf274abe7c9747ec57ef0b0508ad7145d2b4c7c074bb'
2026-04-27 02:31:39,983 jax._src.compiler WARNING: Not writing persistent cache entry since process_id != 0
2026-04-27 02:31:39,984 jax._src.dispatch WARNING: Finished XLA compilation of jit(convert_element_type) in 0.026852608 sec
2026-04-27 02:31:39,987 jax._src.dispatch WARNING: Finished tracing + transforming broadcast_in_dim for pjit in 0.001728535 sec
2026-04-27 02:31:39,987 jax._src.pjit WARNING: TRACING CACHE MISS at /global/homes/j/jackm/software/lorrax_C/src/gw/head_correction.py:659:14 (apply_q0_head_rank1_sharded) because:
  never seen function:
    broadcast_in_dim id=140049294781440 defined at /opt/jax/jax/_src/dispatch.py:96
  but seen another function defined on the same line; maybe the function is
  being re-defined repeatedly, preventing caching?
2026-04-27 02:31:39,987 jax._src.interpreters.pxla WARNING: Compiling broadcast_in_dim with global shapes and types [ShapedArray(int32[])]. Argument mapping: (UnspecifiedValue,).
2026-04-27 02:31:39,989 jax._src.dispatch WARNING: Finished jaxpr to MLIR module conversion jit(broadcast_in_dim) in 0.002120256 sec
2026-04-27 02:31:39,992 jax._src.compiler WARNING: PERSISTENT COMPILATION CACHE MISS for 'jit_broadcast_in_dim' with key 'jit_broadcast_in_dim-67ffedafaa56ba34d25e880d374774ff812e42e5a79afe7af2692df67a3f73c6'
2026-04-27 02:31:40,017 jax._src.compiler WARNING: Not writing persistent cache entry since process_id != 0
2026-04-27 02:31:40,018 jax._src.dispatch2026-04-27 02:31:40,042 jax._src.compiler WARNING: Not writing persistent cache entry since process_id != 0
2026-04-27 02:31:40,042 jax._src.dispatch WARNING: Finished XLA compilation of jit(concatenate) in 0.054230213 sec
2026-04-27 02:31:40,044 jax._src.dispatch WARNING: Finished tracing + transforming _squeeze for pjit in 0.000141621 sec
2026-04-27 02:31:40,044 jax._src.interpreters.pxla WARNING: Compiling _squeeze with global shapes and types [ShapedArray(complex128[480,480])]. Argument mapping: (NamedSharding(mesh=Mesh('x': 2, 'y': 2, axis_types=(Auto, Auto)), spec=PartitionSpec('x', 'y'), memory_kind=device),).
2026-04-27 02:31:40,046 jax._src.dispatch WARNING: Finished jaxpr to MLIR module conversion jit(_squeeze) in 0.002095222 sec
2026-04-27 02:31:40,049 jax._src.compiler WARNING: PERSISTENT COMPILATION CACHE MISS for 'jit__squeeze' with key 'jit__squeeze-db5a08704ea29e8b1073a0c23420b9120a01a46b268410592400b5a2531290ec'
2026-04-27 02:31:40,078 jax._src.compiler WARNING: Not writing persistent cache entry since process_id != 0
2026-04-27 02:31:40,078 jax._src.dispatch WARNING: Finished XLA compilation of jit(_squeeze) in 0.031449318 sec
2026-04-27 02:31:40,081 jax._src.dispatch WARNING: Finished tracing + transforming scatter-add for pjit in 0.000394583 sec
2026-04-27 02:31:40,082 jax._src.pjit WARNING: TRACING CACHE MISS at /global/homes/j/jackm/software/lorrax_C/src/gw/head_correction.py:659:14 (apply_q0_head_rank1_sharded) because:
  never seen function:
    scatter-add id=139931111608448 defined at /opt/jax/jax/_src/dispatch.py:96
  but seen another function defined on the same line; maybe the function is
  being re-defined repeatedly, preventing caching?
2026-04-27 02:31:40,082 jax._src.interpreters.pxla WARNING: Compiling scatter-add with global shapes and types [ShapedArray(2026-04-27 02:31:40,083 jax._src.dispatch WARNING: Finished jaxpr to MLIR module conversion jit(_squeeze) in 0.002054930 sec
2026-04-27 02:31:40,085 jax._src.compiler WARNING: PERSISTENT COMPILATION CACHE MISS for 'jit__squeeze' with key 'jit__squeeze-db5a08704ea29e8b1073a0c23420b9120a01a46b268410592400b5a2531290ec'
2026-04-27 02:31:40,113 jax._src.compiler WARNING: Not writing persistent cache entry since process_id != 0
2026-04-27 02:31:40,113 jax._src.dispatch WARNING: Finished XLA compilation of jit(_squeeze) in 0.030543566 sec
2026-04-27 02:31:40,116 jax._src.dispatch WARNING: Finished tracing + transforming scatter-add for pjit in 0.000436306 sec
2026-04-27 02:31:40,116 jax._src.pjit WARN2026-04-27 02:31:40,191 jax._src.compiler WARNING: Not writing persistent cache entry since process_id != 0
2026-04-27 02:31:40,191 jax._src.dispatch WARNING: Finished XLA compilation of jit(scatter-add) in 0.105743885 sec
2026-04-27 02:31:40,475 jax._src.dispatch WARNING: Finished tracing + transforming conjugate for pjit in 0.000184298 sec
2026-04-27 02:31:40,476 jax._src.dispatch WARNING: Finished tracing + transforming _moveaxis for pjit in 0.000149727 sec
2026-04-27 02:31:40,476 jax._src.dispatch WARNING: Finished tracing + transforming fft for pjit in 0.000154734 sec
2026-04-27 02:31:40,476 jax._src.pjit WARNING: TRACING CACHE MISS at /global/homes/j/jackm/software/lorrax_C/src/common/fft_helpers.py:214:31 (_make_jittable_local_fft.<locals>._make_axis_wrapper.<locals>.fft_impl) because:
  never seen function:
    fft id=139932439381152 defined at /opt/jax/jax/_src/lax/fft.py:68
2026-04-27 02:31:40,477 jax._src.dispatch WARNING: Finished tracing + transforming _moveaxis for pjit in 0.000216007 sec
2026-04-27 02:31:40,477 jax._src.dispatch WARNING: Finished tracing + transforming sqrt for pjit in 0.000169516 sec
2026-04-27 02:31:40,478 jax._src.dispatch WARNING: Finished tracing + transforming true_divide for pjit in 0.000277281 sec
2026-04-27 02:31:40,478 jax._src.dispatch WARNING: Finished tracing + transforming _moveaxis for pjit in 0.000131369 sec
2026-04-27 02:31:40,479 jax._src.dispatc2026-04-27 02:31:40,501 jax._src.dispatch WARNING: Finished tracing + transforming conjugate for pjit in 0.000197649 sec
2026-04-27 02:31:40,501 jax._src.dispatch WARNING: Finished tracing + transforming _moveaxis for pjit in 0.000156641 sec
2026-04-27 02:31:40,502 jax._src.dispatch WARNING: Finished tracing + transforming fft for pjit in 0.000152588 sec
2026-04-27 02:31:40,502 jax._src.pjit WARNING: TRACING CACHE MISS at /global/homes/j/jackm/software/lorrax_C/src/common/fft_helpers.py:214:31 (_make_jittable_local_fft.<locals>._make_axis_wrapper.<locals>.fft_impl) because:
  never seen function:
    fft id=140052670317728 defined at /opt/jax/jax/_src/lax/fft.py:68
2026-04-27 02:31:40,502 jax._src.dispatch WARNING: Finished tracing + transforming _moveaxis for pjit in 0.000214577 sec
2026-04-27 02:31:40,503 jax._src.dispatch WARNING: Finished tracing + transforming sqrt for pjit in 0.000165939 sec
2026-04-27 02:31:40,503 jax._src.dispatch WARNING: Finished tracing + transforming true_divide for pjit in 0.000279188 sec
2026-04-27 02:31:40,504 jax._src.dispatch WARNING: Finished tracing + transforming _moveaxis for pjit in 0.000140667 sec
2026-04-27 02:31:40,504 jax._src.dispatch WARNING: Finished tracing + transforming _moveaxis for pjit in 0.000133038 sec
2026-04-27 02:31:40,505 jax._src.dispatch WARNING: Finished tracing + transforming _moveaxis for pjit in 0.000075340 sec
2026-04-27 02:31:40,508 jax._src.dispatch WARNING: Finished tracing + transforming subtract for pjit in 0.000217676 sec
2026-04-27 02:31:40,509 jax._src.dispatch WARNING: Finished tracing + transforming subtract for pjit in 0.000198364 sec
2026-04-27 02:31:40,509 jax._src.dispatch WARNING: Finished tracing + transforming multiply for pjit in 0.000209093 sec
2026-04-27 02:31:40,510 jax._src.dispatch WARNING: Finished tracing + transforming add for pjit in 0.000271797 sec
2026-04-27 02:31:40,510 jax._src.dispatch WARNING: Finished tracing + transforming _uniform for pjit in 0.002653599 sec
2026-04-27 02:31:40,510 jax._src.pjit WARNING: TRACING CACHE MISS at /global/homes/j/jackm/software/lorrax_C/src/solvers/lanczos.py:247:9 (lanczos_eig_jit) because:
  never seen function:
    _uniform id=140052662492736 defined at /opt/jax/jax/_src/random.py:407
2026-04-27 02:31:40,511 jax._src.dispatch WARNING: Finished tracing + transforming _normal_real for pjit in 0.004103661 sec
2026-04-27 02:31:40,511 jax._src.pjit WARNING: TRACING CACHE MISS at /global/homes/j/jackm/software/lorrax_C/src/solvers/lanczos.py:247:9 (lanczos_eig_jit) because:
  never seen function:
    _normal_real id=140052662499296 defined at /opt/jax/jax/_src/random.py:725
  but seen another function defined on the same line; maybe the function is
  being re-defined repeatedly, preventing caching?
2026-04-27 02:31:40,511 jax._src.dispatch WARNING: Finished tracing + transforming _normal for pjit in 0.004584789 sec
2026-04-27 02:31:40,511 jax._src.pjit WARNING: TRACING CACHE MISS at /global/homes/j/jackm/software/lorrax_C/src/solvers/lanczos.py:247:9 (lanczos_eig_jit) because:
  never seen function:
    _normal id=140052662497856 defined at /opt/jax/jax/_src/random.py:712
  but seen another function defined on the same line; maybe the function is
  being re-defined repeatedly, preventing caching?
2026-04-27 02:31:40,512 jax._src.dispatch WARNING: Finished tracing + transforming multiply for pjit in 0.000318527 sec
2026-04-27 02:31:40,512 jax._src.dispatch WARNING: Finished tracing + transforming add for pjit in 0.000239849 sec
2026-04-27 02:31:40,513 jax._src.dispatch WARNING: Finished tracing + transforming conjugate for pjit in 0.000154972 sec
2026-04-27 02:31:40,513 jax._src.dispatch WARNING: Finished tracing + transforming multiply for pjit in 0.000209570 sec
2026-04-27 02:31:40,514 jax._src.dispatch WARNING: Finished tracing + transforming real for pjit in 0.000126600 sec
2026-04-27 02:31:40,514 jax._src.dispatch WARNING: Finished tracing + transforming _reduce_sum for pjit in 0.000458002 sec
2026-04-27 02:31:40,515 jax._src.dispatch WARNING: Finished tracing + transforming sqrt for pjit in 0.000255585 sec
2026-04-27 02:31:40,515 jax._src.dispatch WARNING: Finished tracing + transforming norm for pjit in 0.002292156 sec
2026-04-27 02:31:40,515 jax._src.pjit WARNING: TRACING CACHE MISS at /global/homes/j/jackm/software/lorrax_C/src/solvers/lanczos.py:249:14 (lanczos_eig_jit) because:
  never seen function:
    norm id=140052663156576 defined at /opt/jax/jax/_src/numpy/linalg.py:1076
2026-04-27 02:31:40,515 jax._src.dispatch WARNING: Finished tracing + transforming true_divide for pjit in 0.000236988 sec
2026-04-27 02:31:40,516 jax._src.dispatch WARNING: Finished tracing + transforming _squeeze for pjit in 0.000074148 sec
2026-04-27 02:31:40,517 jax._src.dispatch WARNING: Finished tracing + transforming add for pjit in 0.000208378 sec
2026-04-27 02:31:40,519 jax._src.dispatch WARNING: Finished tracing + transforming subtract for pjit in 0.000216246 sec
2026-04-27 02:31:40,520 jax._src.dispatch WARNING: Finished tracing + transforming multiply for pjit in 0.000265837 sec
2026-04-27 02:31:40,520 jax._src.dispatch WARNING: Finished tracing + transforming _apply_D_term for pjit in 0.001754522 sec
2026-04-27 02:31:40,520 jax._src.pjit WARNING: TRACING CACHE MISS at /global/homes/j/jackm/software/lorrax_C/src/bse/bse_ring_comm.py:444:17 (build_bse_ring_matvec.<locals>._matvec_impl) because:
  never seen function:
    build_bse_ring_matvec.<locals>._apply_D_term id=140049294290720 defined at /global/homes/j/jackm/software/lorrax_C/src/bse/bse_ring_comm.py:433
2026-04-27 02:31:40,521 jax._src.dispatch WARNING: Finished tracing + transforming real for pjit in 0.000164032 sec
2026-04-27 02:31:40,522 jax._src.dispatch WARNING: Finished tracing + transforming sqrt for pjit in 0.000237703 sec
2026-04-27 02:31:40,522 jax._src.dispatch WARNING: Finished tracing + transforming multiply for pjit in 0.000203609 sec
2026-04-27 02:31:40,523 jax._src.dispatch WARNING: Finished tracing + transforming less for pjit in 0.000295162 sec
2026-04-27 02:31:40,524 jax._src.dispatch WARNING: Finished tracing + transforming add for pjit in 0.000189781 sec
2026-04-27 02:31:40,528 jax._src.dispatch WARNING: Finished tracing + transforming add for pjit in 0.000209093 sec
2026-04-27 02:31:40,528 jax._src.dispatch WARNING: Finished tracing + transforming subtract for pjit in 0.000194073 sec
2026-04-27 02:31:40,529 jax._src.dispatch WARNING: Finished tracing + transforming equal for pjit in 0.000265837 sec
2026-04-27 02:31:40,529 jax._src.dispatch WARNING: Finished tracing + transforming _broadcast_arrays for pjit in 0.000091076 sec
2026-04-27 02:31:40,530 jax._src.dispatch WARNING: Finished tracing + transforming _where for pjit in 0.000478745 sec
2026-04-27 02:31:40,530 jax._src.pjit WARNING: TRACING CACHE MISS at /global/homes/j/jackm/software/lorrax_C/src/bse/bse_ring_comm.py:264:17 (apply_V_ring.<locals>.step_y) because:
  never seen function:
    _where id=140052668722976 defined at /opt/jax/jax/_src/numpy/util.py:287
2026-04-27 02:31:40,531 jax._src.dispatch WARNING: Finished tracing + transforming remainder for pjit in 0.002241135 sec
2026-04-27 02:31:40,531 jax._src.pjit WARNING: TRACING CACHE MISS at /global/homes/j/jackm/software/lorrax_C/src/bse/bse_ring_comm.py:264:17 (apply_V_ring.<locals>.step_y) because:
  never seen function:
    remainder id=140052668023968 defined at /opt/jax/jax/_src/numpy/ufuncs.py:3019
  but seen another function defined on the same line; maybe the function is
  being re-defined repeatedly, preventing caching?
2026-04-27 02:31:40,531 jax._src.dispatch WARNING: Finished tracing + transforming multiply for pjit in 0.000187159 sec22026-04-27 02:31:40,533 jax._src.dispatch WARNING: Finished tracing + transforming _einsum for pjit in 0.000520229 sec
2026-04-27 02:31:40,534 jax._src.dispatch WARNING: Finished tracing + transforming conjugate for pjit in 0.000147343 sec
22026-04-27 02:31:40,538 jax._src.dispatch WARNING: Finished tracing + transforming _einsum for pjit in 0.000368595 sec
2026-04-27 02:31:40,539 jax._src.dispatch WARNING: Finished tracing + transforming _einsum for pjit in 0.0003774172026-04-27 02:31:40,548 jax._src.dispatch WARNING: Finished tracing + transforming _reduce_sum for pjit in 0.000305891 sec
2026-04-27 02:31:40,548 jax._src.dispatch WARNING: Finished tracing + transforming add for pjit in 0.000198126 sec
2026-04-27 02:31:40,550 jax._src.dispatch WARNING: Finished tracing + transforming true_divide for pjit in 0.000247478 sec
2026-04-27 02:31:40,551 jax._src.dispatch WARNING: Finished tracing + transforming _einsum for pjit in 0.000374794 sec
2026-04-27 02:31:40,555 jax._src.dispatch WARNING: Finished tracing + transforming conjugate for pjit in 0.000150204 sec
2026-04-27 02:31:40,556 jax._src.dispatch WARNING: Finished tracing + transforming _einsum for pjit in 0.000374556 sec
2026-04-27 02:31:40,557 jax._src.dispatch WARNING: Finished tracing + transforming _einsum for pjit in 0.000407934 sec
2026-04-27 02:31:40,559 jax._src.dispatch WARNING: Finished tracing + transforming true_divide for pjit in 0.000278234 sec
2026-04-27 02:31:40,563 jax._src.dispatch WARNING: Finished tracing + transforming _einsum for pjit in 0.000359297 sec
2026-04-27 02:31:40,565 jax._src.dispatch WARNING: Finished tracing + transforming _einsum for pjit in 0.000378609 sec
2026-04-27 02:31:40,567 jax._src.dispatch WARNING: Finished tracing + transforming real for pjit in 0.000146389 sec
2026-04-27 02:31:40,567 jax._src.dispatch WARNING: Finished tracing + transforming conjugate for pjit in 0.000273943 sec
2026-04-27 02:31:40,568 jax._src.dispatch WARNING: Finished tracing + transforming _moveaxis for pjit in 0.000142336 sec
2026-04-27 02:31:40,568 jax._src.dispatch WARNING: Finished tracing + transforming fft for pjit in 0.000138760 sec
2026-04-27 02:31:40,568 jax._src.pjit WARNING: TRACING CACHE MISS at /global/homes/j/jackm/software/lorrax_C/src/common/fft_helpers.py:214:31 (_make_jittable_local_fft.<locals>._make_axis_wrapper.<locals>.fft_impl) because:
  for fft defined at /opt/jax/jax/_src/lax/fft.py:68
  never seen input type signature:
    x: c128[1,480,480,2,2,4,4,4]
  closest seen input type signature has 1 mismatches, including:
    * at x, seen c128[480,480,4,4,4]({Auto: ('x', 'y')}), but now given c128[1,480,480,2,2,4,4,4]({Auto: ('x', 'y')})
2026-04-27 02:31:40,569 jax._src.dispatch WARNING: Finished tracing + transforming _moveaxis for pjit in 0.000133514 sec
2026-04-27 02:31:40,569 jax._src.dispatch WARNING: Finished tracing + transforming true_divide for pjit in 0.000268698 sec
2026-04-27 02:31:40,570 jax._src.dispatch WARNING: Finished tracing + transforming _moveaxis for pjit in 0.000135422 sec
2026-04-27 02:31:40,570 jax._src.dispatch WARNING: Finished tracing + transforming _moveaxis for pjit in 0.000128984 sec
2026-04-27 02:31:40,571 jax._src.dispatch WARNING: Finished tracing + transforming _moveaxis for pjit in 0.000164986 sec
2026-04-27 02:31:40,572 jax._src.dispatch WARNING: Finished tracing + transforming multiply for pjit in 0.000214338 sec
2026-04-27 02:31:40,575 jax._src.dispatch WARNING: Finished tracing + transforming conjugate for pjit in 0.000165224 sec
2026-04-27 02:31:40,575 jax._src.dispatch WARNING: Finished tracing + transforming _einsum for pjit in 0.000403881 sec
2026-04-27 02:31:40,576 jax._src.dispatch WARNING: Finished tracing + transforming _einsum for pjit in 0.000476599 sec
2026-04-27 02:31:40,577 jax._src.dispatch WARNING: Finished tracing + transforming true_divide for pjit in 0.000274181 sec
2026-04-27 02:31:40,577 jax._src.dispatch WARNING: Finished tracing + transforming _apply_W_from_T for pjit in 0.010959387 sec
2026-04-27 02:31:40,577 jax._src.pjit WARNING: TRACING CACHE MISS at /global/homes/j/jackm/software/lorrax_C/src/bse/bse_ring_comm.py:449:17 (build_bse_ring_matvec.<locals>._matvec_impl) because:
  never seen function:
    build_bse_ring_matvec.<locals>._apply_W_from_T id=140049294284800 defined at /global/homes/j/jackm/software/lorrax_C/src/bse/bse_ring_comm.py:409
2026-04-27 02:31:40,578 jax._src.dispatch WARNING: Finished tracing + transforming add for pjit in 0.000222921 sec
2026-04-27 02:31:40,578 jax._src.dispatch WARNING: Finished tracing + transforming subtract for pjit in 0.000214338 sec
2026-04-27 02:31:40,579 jax._src.dispatch WARNING: Finished tracing + transforming _matvec_impl for pjit in 0.060962200 sec
2026-04-27 02:31:40,579 jax._src.pjit WARNING: TRACING CACHE MISS at /global/homes/j/jackm/software/lorrax_C/src/bse/bse_lanczos.py:193:21 (solve_bse_sharded.<locals>._full_run.<locals>.matvec) because:
  never seen function:
    build_bse_ring_matvec.<locals>._matvec_impl id=140049294292160 defined at /global/homes/j/jackm/software/lorrax_C/src/bse/bse_ring_comm.py:443
2026-04-27 02:31:40,580 jax._src.dispatch WARNING: Finished tracing + transforming ravel for pjit in 0.000172615 sec
2026-04-27 02:31:40,580 jax._src.dispatch WARNING: Finished tracing + transforming ravel for pjit in 0.000163317 sec
2026-04-27 02:31:40,581 jax._src.dispatch WARNING: Finished tracing + transforming dot for pjit in 0.000362873 sec
2026-04-27 02:31:40,581 jax._src.dispatch WARNING: Finished tracing + transforming vdot for pjit in 0.001618385 sec
2026-04-27 02:31:40,581 jax._src.dispatch WARNING: Finished tracing + transforming real for pjit in 0.000125170 sec
2026-04-27 02:31:40,582 jax._src.dispatch WARNING: Finished tracing + transforming less for pjit in 0.000381947 sec
2026-04-27 02:31:40,583 jax._src.dispatch WARNING: Finished tracing + transforming _squeeze for pjit in 0.000073433 sec
2026-04-27 02:31:40,583 jax._src.dispatch WARNING: Finished tracing + transforming multiply for pjit in 0.000254869 sec
2026-04-27 02:31:40,584 jax._src.dispatch WARNING: Finished tracing + transforming subtract for pjit in 0.000185728 sec
2026-04-27 02:31:40,584 jax._src.dispatch WARNING: Finished tracing + transforming subtract for pjit in 0.000189066 sec
2026-04-27 02:31:40,584 jax._src.dispatch WARNING: Finished tracing + transforming maximum for pjit in 0.000181675 sec
2026-04-27 02:31:40,585 jax._src.dispatch WARNING: Finished tracing + transforming add for pjit in 0.000404835 sec
2026-04-27 02:31:40,586 jax._src.dispatch WARNING: Finished tracing + transforming greater for pjit in 0.000193834 sec
2026-04-27 02:31:40,587 jax._src.dispatch WARNING: Finished tracing + transforming _broadcast_arrays for pjit in 0.000172138 sec
2026-04-27 02:31:40,587 jax._src.dispatch WARNING: Finished tracing + transforming _where for pjit in 0.000648975 sec
2026-04-27 02:31:40,587 jax._src.pjit WARNING: TRACING CACHE MISS at /global/homes/j/jackm/software/lorrax_C/src/solvers/lanczos.py:265:20 (lanczos_eig_jit.<locals>.lanczos_step) because:
  for _where defined at /opt/jax/jax/_src/numpy/util.py:287
  tracing context doesn't match, e.g. due to config or context manager
  closest seen context tuple differs at positions:
    0, 3
  compare to tuple returned by config._trace_context() in jax/_src/config.py.
2026-04-27 02:31:40,588 jax._src.dispatch WARNING: Finished tracing + transforming multiply for pjit in 0.000251293 sec
2026-04-27 02:31:40,588 jax._src.dispatch WARNING: Finished tracing + transforming subtract for pjit in 0.000190496 sec
2026-04-27 02:31:40,590 jax._src.dispatch WARNING: Finished tracing + transforming _broadcast_arrays for pjit in 0.000165701 sec
2026-04-27 02:31:40,591 jax._src.dispatch WARNING: Finished tracing + transforming _where for pjit in 0.000807285 sec
2026-04-27 02:31:40,591 jax._src.pjit WARNING: TRACING CACHE MISS at /global/homes/j/jackm/software/lorrax_C/src/solvers/lanczos.py:271:19 (lanczos_eig_jit.<locals>.lanczos_step.<locals>.reorth_body) because:
  for _where defined at /opt/jax/jax/_src/numpy/util.py:287
  never seen input type signature:
    condition: bool[],  x: c128[],  y: c128[]
  closest seen input type signature has 2 mismatches, including:
    * at x, seen f64[]({}), but now given c128[]({Auto: ('x', 'y')})
    * at y, seen f64[], but now given c128[]
2026-04-27 02:31:40,592 jax._src.dispatch WARNING: Finished tracing + transforming multiply for pjit in 0.000521183 sec
2026-04-27 02:31:40,593 jax._src.dispatch WARNING: Finished tracing + transforming conjugate for pjit in 0.000398397 sec
2026-04-27 02:31:40,593 jax._src.dispatch WARNING: Finished tracing + transforming multiply for pjit in 0.000212908 sec
2026-04-27 02:31:40,594 jax._src.dispatch WARNING: Finished tracing + transforming real for pjit in 0.000221968 sec
2026-04-27 02:31:40,595 jax._src.dispatch WARNING: Finished tracing + transforming _reduce_sum for pjit in 0.000460148 sec
2026-04-27 02:31:40,595 jax._src.dispatch WARNING: Finished tracing + transforming sqrt for pjit in 0.000250101 sec
2026-04-27 02:31:40,595 jax._src.dispatch WARNING: Finished tracing + transforming norm for pjit in 0.002878666 sec
2026-04-27 02:31:40,595 jax._src.pjit WARNING: TRACING CACHE MISS at /global/homes/j/jackm/software/lorrax_C/src/solvers/lanczos.py:277:17 (lanczos_eig_jit.<locals>.lanczos_step) because:
  for norm defined at /opt/jax/jax/_src/numpy/linalg.py:1076
  never seen input type signature:
    x: c128[1024]
  closest seen input type signature has 1 mismatches, including:
    * at x, seen c128[1024]({}), but now given c128[1024]({Auto: ('x', 'y')})
2026-04-27 02:31:40,597 jax._src.dispatch WARNING: Finished tracing + transforming maximum for pjit in 0.000326157 sec
2026-04-27 02:31:40,597 jax._src.dispatch WARNING: Finished tracing + transforming true_divide for pjit in 0.000247955 sec
2026-04-27 02:31:40,598 jax._src.dispatch WARNING: Finished tracing + transforming minimum for pjit in 0.000186920 sec
2026-04-27 02:31:40,599 jax._src.dispatch WARNING: Finished tracing + transforming _squeeze for pjit in 0.000079393 sec
2026-04-27 02:31:40,601 jax._src.dispatch WARNING: Finished tracing + transforming add for pjit in 0.000475645 sec
2026-04-27 02:31:40,601 jax._src.dispatch WARNING: Finished tracing + transforming equal for pjit in 0.000387192 sec
2026-04-27 02:31:40,603 jax._src.dispatch WARNING: Finished tracing + transforming _broadcast_arrays for pjit in 0.000941992 sec
2026-04-27 02:31:40,603 jax._src.dispatch WARNING: Finished tracing + transforming _where for pjit in 0.001503229 sec
2026-04-27 02:31:40,603 jax._src.pjit WARNING: TRACING CACHE MISS at /global/homes/j/jackm/software/lorrax_C/src/solvers/lanczos.py:288:8 (lanczos_eig_jit) because:
  for _where defined at /opt/jax/jax/_src/numpy/util.py:287
  never seen input type signature:
    condition: bool[200,200],  x: f64[200],  y: f64[200]
  closest seen input type signature has 3 mismatches, including:
    * at condition, seen bool[]({Manual: ('x', 'y')}), but now given bool[200,200]({})
    * at x, seen i32[]({Manual: ('x', 'y')}), but now given f64[200]({Auto: ('x', 'y')})
    * at y, seen i32[]({Manual: ('x', 'y')}), but now given f64[200]({Auto: ('x', 'y')})
2026-04-27 02:31:40,604 jax._src.dispatch WARNING: Finished tracing + transforming _diag for pjit in 0.004005194 sec
2026-04-27 02:31:40,604 jax._src.pjit WARNING: TRACING CACHE MISS at /global/homes/j/jackm/software/lorrax_C/src/solvers/lanczos.py:288:8 (lanczos_eig_jit) because:
  never seen function:
    _diag id=140052662803552 defined at /opt/jax/jax/_src/numpy/lax_numpy.py:7967
2026-04-27 02:31:40,605 jax._src.dispatch WARNING: Finished tracing + transforming _diag for pjit in 0.001035452 sec
2026-04-27 02:31:40,605 jax._src.pjit WARNING: TRACING CACHE MISS at /global/homes/j/jackm/software/lorrax_C/src/solvers/lanczos.py:290:12 (lanczos_eig_jit) because:
  for _diag defined at /opt/jax/jax/_src/numpy/lax_numpy.py:7967
  never seen input type signature:
    v: f64[199]
  closest seen input type signature has 1 mismatches, including:
    * at v, seen f64[200], but now given f64[199]
2026-04-27 02:31:40,606 jax._src.dispatch WARNING: Finished tracing + transforming add for pjit in 0.000195980 sec
2026-04-27 02:31:40,607 jax._src.dispatch WARNING: Finished tracing + transforming _diag for pjit in 0.000916958 sec
2026-04-27 02:31:40,607 jax._src.pjit WARNING: TRACING CACHE MISS at /global/homes/j/jackm/software/lorrax_C/src/solvers/lanczos.py:290:36 (lanczos_eig_jit) because:
  for _diag defined at /opt/jax/jax/_src/numpy/lax_numpy.py:7967
explanation unavailable! please open an issue at https://github.com/jax-ml/jax
2026-04-27 02:31:40,607 jax._src.dispatch WARNING: Finished tracing + transforming conjugate for pjit in 0.000068426 sec
2026-04-27 02:31:40,608 jax._src.dispatch WARNING: Finished tracing + transforming true_divide for pjit in 0.000354528 sec
2026-04-27 02:31:40,608 jax._src.dispatch WARNING: Finished tracing + transforming eigh for pjit in 0.001204967 sec
2026-04-27 02:31:40,608 jax._src.pjit WARNING: TRACING CACHE MISS at /global/homes/j/jackm/software/lorrax_C/src/solvers/lanczos.py:292:22 (lanczos_eig_jit) because:
  never seen function:
    eigh id=140052663150336 defined at /opt/jax/jax/_src/numpy/linalg.py:809
2026-04-27 02:31:40,609 jax._src.dispatch WARNING: Finished tracing + transforming argsort for pjit in 0.000324726 sec
2026-04-27 02:31:40,609 jax._src.pjit WARNING: TRACING CACHE MISS at /global/homes/j/jackm/software/lorrax_C/src/solvers/lanczos.py:293:10 (lanczos_eig_jit) because:
  never seen function:
    argsort id=140052668234976 defined at /opt/jax/jax/_src/numpy/sorting.py:92
2026-04-27 02:31:40,610 jax._src.dispatch WARNING: Finished tracing + transforming less for pjit in 0.000241041 sec
2026-04-27 02:31:40,610 jax._src.dispatch WARNING: Finished tracing + transforming _broadcast_arrays for pjit in 0.000075102 sec
2026-04-27 02:31:40,612 jax._src.dispatch WARNING: Finished tracing + transforming matmul for pjit in 0.000333309 sec
2026-04-27 02:31:40,612 jax._src.dispatch WARNING: Finished tracing + transforming conjugate for pjit in 0.000152349 sec
2026-04-27 02:31:40,613 jax._src.dispatch WARNING: Finished tracing + transforming multiply for pjit in 0.000438452 sec
2026-04-27 02:31:40,613 jax._src.dispatch WARNING: Finished tracing + transforming real for pjit in 0.000130892 sec
2026-04-27 02:31:40,614 jax._src.dispatch WARNING: Finished tracing + transforming _reduce_sum for pjit in 0.000554085 sec
2026-04-27 02:31:40,614 jax._src.dispatch WARNING: Finished tracing + transforming sqrt for pjit in 0.000225544 sec
2026-04-27 02:31:40,614 jax._src.dispatch WARNING: Finished tracing + transforming norm for pjit in 0.002640009 sec
2026-04-27 02:31:40,615 jax._src.pjit WARNING: TRACING CACHE MISS at /global/homes/j/jackm/software/lorrax_C/src/solvers/lanczos.py:297:12 (lanczos_eig_jit) because:
  for norm defined at /opt/jax/jax/_src/numpy/linalg.py:1076
  never seen input type signature:
    x: c128[5,1024]
  closest seen input type signature has 1 mismatches, including:
    * at x, seen c128[1024]({}), but now given c128[5,1024]({Auto: ('x', 'y')})
2026-04-27 02:31:40,615 jax._src.dispatch WARNING: Finished tracing + transforming maximum for pjit in 0.000237465 sec
2026-04-27 02:31:40,616 jax._src.dispatch WARNING: Finished tracing + transforming true_divide for pjit in 0.000244379 sec
2026-04-27 02:31:40,617 jax._src.dispatch WARNING: Finished tracing + transforming _full_run for pjit in 0.116277695 sec
2026-04-27 02:31:40,617 jax._src.pjit WARNING: TRACING CACHE MISS at /global/homes/j/jackm/software/lorrax_C/src/bse/bse_lanczos.py:243:45 (solve_bse_sharded) because:
  never seen function:
    solve_bse_sharded.<locals>._full_run id=140049294293600 defined at /global/homes/j/jackm/software/lorrax_C/src/bse/bse_lanczos.py:174
2026-04-27 02:31:40,620 jax._src.interpreters.pxla WARNING: Compiling _full_run with global shapes and types [ShapedArray(complex128[64,4,2,480]), ShapedArray(complex128[64,4,2,480]), ShapedArray(complex128[64,4,2,480]), ShapedArray(complex128[64,4,2,480]), ShapedArray(float64[64,4]), ShapedArray(float64[64,4]), ShapedArray(complex128[480,480,4,4,4]), ShapedArray(complex128[480,480])]. Argument mapping: (NamedSharding(mesh=Mesh('x': 2, 'y': 2, axis_types=(Auto, Auto)), spec=PartitionSpec(None, None, None, 'x'), memory_kind=device), NamedSharding(mesh=Mesh('x': 2, 'y': 2, axis_types=(Auto, Auto)), spec=PartitionSpec(None, None, None, 'y'), memory_kind=device), NamedSharding(mesh=Mesh('x': 2, 'y': 2, axis_types=(Auto, Auto)), spec=PartitionSpec(None, None, None, 'x'), memory_kind=device), NamedSharding(mesh=Mesh('x': 2, 'y': 2, axis_types=(Auto, Auto)), spec=PartitionSpec(None, None, None, 'y'), memory_kind=device), NamedSharding(mesh=Mesh('x': 2, 'y': 2, axis_types=(Auto, Auto)), spec=PartitionSpec(None, None), memory_kind=device), NamedSharding(mesh=Mesh('x': 2, 'y': 2, axis_types=(Auto, Auto)), spec=PartitionSpec(None, None), memory_kind=device), NamedSharding(mesh=Mesh('x': 2, 'y': 2, axis_types=(Auto, Auto)), spec=PartitionSpec('x', 'y', None, None, None), memory_kind=device), NamedSharding(mesh=Mesh('x': 2, 'y': 2, axis_types=(Auto, Auto)), spec=PartitionSpec('x', 'y'), memory_kind=device)).
2026-04-27 02:31:40,624 jax._src.dispatch WARNING: Finished tracing + transforming bitwise_and for pjit in 0.000373602 sec
2026-04-27 02:31:40,625 jax._src.dispatch WARNING: Finished tr2026-04-27 02:31:40,634 jax._src.dispatch WARNING: Finished tracing + transforming bitwise_or for pjit in 0.000185490 sec
2026-04-27 02:31:40,636 jax._src.dispatch WARNING: Finished tracing + transforming add for pjit in 0.000192642 sec
2026-04-27 02:31:40,637 jax._src.dispatch WARNING: Finished tracing + transforming add for pjit in 0.000272751 sec
2026-04-27 02:31:40,637 jax._src.dispatch WARNING: Finished tracing + transforming bitwise_or for pjit in 0.000176907 sec
2026-04-27 02:31:40,638 jax._src.dispatch WARNING: Finished tracing + transforming bitwise_xor for pjit in 0.000174761 sec
2026-04-27 02:31:40,657 jax._src.dispatch WARNING: Finished tracing + transforming negative for pjit in 0.000375271 sec
2026-04-27 02:31:40,660 jax._src.dispatch WARNING: Finished tracing + transforming less for pjit in 0.000282526 sec
2026-04-27 02:31:40,661 jax._src.dispatch WARNING: Finished tracing + transforming add for pjit in 0.000309229 sec
2026-04-27 02:31:40,668 jax._src.dispatch WARNING: Finished tracing + transforming less for pjit in 0.000202894 sec
2026-04-27 02:31:40,673 jax._src.dispatch WARNING: Finished tracing + transforming negative for pjit in 0.000131607 sec
2026-04-27 02:31:40,679 jax._src.dispatch WARNING: Finished tracing + transforming negative for pjit in 0.000128984 sec
2026-04-27 02:31:40,686 jax._src.dispatch WARNING: Finished tracing + transforming negative for pjit in 0.000246763 sec
2026-04-27 02:31:40,697 jax._src.dispatch WARNING: Finished tracing + transforming negative for pjit in 0.000135422 sec
2026-04-27 02:31:40,711 jax._src.dispatch WARNING: Finished tracing + transforming negative for pjit in 0.000173807 sec
2026-04-27 02:31:40,714 jax._src.dispatch WARNING: Finished jaxpr to MLIR module conversion jit(_full_run) in 0.120253325 sec
2026-04-27 02:31:40,728 jax._src.compiler WARNING: PERSISTENT COMPILATION CACHE MISS for 'jit__full_run' with key 'jit__full_run-3a424d67c59b35f792c35aafbc8cfeddd53bd46053a9a453342f4ffb6bc108ea'
2026-04-27 02:31:40,846 jax._src.dispatch WARNING: Finished tracing + transforming conjugate for pjit in 0.000235081 sec
2026-04-27 02:31:40,846 jax._src.dispatch WARNING: Finished tracing + transforming _moveaxis for pjit in 0.000158310 sec
2026-04-27 02:31:40,847 jax._src.dispatch WARNING: Finished tracing + transforming fft for pjit in 0.000169516 sec
2026-04-27 02:31:40,847 jax._src.pjit WARNING: TRACING CACHE MISS at /global/homes/j/jackm/software/lorrax_C/src/common/fft_helpers.py:214:31 (_make_jittable_local_fft.<locals>._make_axis_wrapper.<locals>.fft_impl) because:
  for fft defined at /opt/jax/jax/_src/lax/fft.py:68
  tracing context doesn't match, e.g. due to config or context manager
  closest seen context tuple differs at positions:
    0
  compare to tuple returned by config._trace_context() in jax/_src/config.py.
2026-04-27 02:31:40,847 jax._src.dispatch WARNING: Finished tracing + transforming _moveaxis for pjit in 0.000290871 sec
2026-04-27 02:31:40,848 jax._src.dispatch WARNING: Finished tracing + transforming sqrt for pjit in 0.000178576 sec
2026-04-27 02:31:40,848 jax._src.dispatch WARNING: Finished tracing + transforming true_divide for pjit in 0.0002999312026-04-27 02:31:40,880 jax._src.dispatch WARNING: Finished tracing + transforming conjugate for pjit in 0.000259638 sec
2026-04-27 02:31:40,881 jax._src.dispatch WARNING: Finished tracing + transforming _moveaxis for pjit in 0.000170708 sec
2026-04-27 02:31:40,881 jax._src.dispatch WARNING: Finished tracing + transforming fft for pjit in 0.000180244 sec
2026-04-27 02:31:40,881 jax._src.pjit WARNING: TRACING CACHE MISS at /global/homes/j/jackm/software/lorrax_C/src/common/fft_helpers.py:214:31 (_make_jittable_local_fft.<locals>._make_axis_wrapper.<locals>.fft_impl) because:
  for fft defined at /opt/jax/jax/_src/lax/fft.py:68
  tracing context doesn't match, e.g. due to config or context manager
  closest seen context tuple differs at positions:
    0
  compare to tuple returned by config._trace_context() in jax/_src/config.py.
2026-04-27 02:31:40,882 jax._src.dispatch WARNING: Finished tracing + transforming _moveaxis for pjit in 0.000306606 sec
2026-04-27 02:31:40,882 jax._src.dispatch WARNING: Finished tracing + transforming sqrt for pjit in 0.000194311 sec
2026-04-27 02:31:40,883 jax._src.dispatch WARNING: Finished tracing + transforming true_divide for pjit in 0.000316381 sec
2026-04-27 02:31:40,883 jax._src.dispatch WARNING: Finished tracing + transforming fft_impl for pjit in 0.003484488 sec
2026-04-27 02:31:40,883 jax._src.pjit WARNING: TRACING CACHE MISS at /global/homes/j/jackm/software/lorrax_C/src/bse/bse_lanczos.py:243:45 (solve_bse_sharded) because:
  never seen function:
    _make_jittable_local_fft.<locals>._make_axis_wrapper.<locals>.fft_impl id=140049294293760 defined at /global/homes/j/jackm/software/lorrax_C/src/common/fft_helpers.py:211
  but seen another function defined on the same line; maybe the function is
  being re-defined repeatedly, preventing caching?
2026-04-27 02:31:40,886 jax._src.dispatch WARNING: Finished tracing + transforming negative for pjit in 0.000147820 sec
2026-04-27 02:31:40,893 jax._src.dispatch WARNING: Finished tracing + transforming _moveaxis for pjit in 0.000164986 sec
2026-04-27 02:31:40,894 jax._src.dispatch WARNING: Finished tracing + transforming _moveaxis for pjit in 0.000148296 sec
2026-04-27 02:31:40,894 jax._src.dispatch WARNING: Finished tracing + transforming fft_impl for pjit in 0.001431227 sec
2026-04-27 02:31:40,895 jax._src.pjit WARNING: TRACING CACHE MISS at /global/homes/j/jackm/software/lorrax_C/src/bse/bse_lanczos.py:243:45 (solve_bse_sharded) because:
  never seen function:
    _make_jittable_local_fft.<locals>._make_axis_wrapper.<locals>.fft_impl id=140049294294400 defined at /global/homes/j/jackm/software/lorrax_C/src/common/fft_helpers.py:211
  but seen another function defined on the same line; maybe the function is
  being re-defined repeatedly, preventing caching?
2026-04-27 02:31:40,903 jax._src.dispatch WARNING: Finished tracing + transforming _moveaxis for pjit in 0.000190735 sec
2026-04-27 02:31:40,904 jax._src.dispatch WARNING: Finished tracing + transforming fft_impl for pjit in 0.001096725 sec
2026-04-27 02:31:40,904 jax._src.pjit WARNING: TRACING CACHE MISS at /global/homes/j/jackm/software/lorrax_C/src/bse/bse_lanczos.py:243:45 (solve_bse_sharded) because:
  never seen function:
    _make_jittable_local_fft.<locals>._make_axis_wrapper.<locals>.fft_impl id=140049294328032 defined at /global/homes/j/jackm/software/lorrax_C/src/common/fft_helpers.py:211
  but seen another function defined on the same line; maybe the function is
  being re-defined repeatedly, preventing caching?
2026-04-27 02:31:40,913 jax._src.dispatch WARNING: Finished tracing + transforming conjugate for pjit in 0.000190735 sec
2026-04-27 02:31:40,914 jax._src.dispatch WARNING: Finished tracing + transforming _moveaxis for pjit in 0.000159740 sec
2026-04-27 02:31:40,914 jax._src.dispatch WARNING: Finished tracing + transforming fft for pjit in 0.000158787 sec
2026-04-27 02:31:40,914 jax._src.pjit WARNING: TRACING CACHE MISS at /global/homes/j/jackm/software/lorrax_C/src/common/fft_helpers.py:214:31 (_make_jittable_local_fft.<locals>._make_axis_wrapper.<locals>.fft_impl) because:
  for fft defined at /opt/jax/jax/_src/lax/fft.py:68
  never seen input type signature:
    x: c128[1,240,240,2,2,4,4,4]
  closest seen input type signature has 1 mismatches, including:
    * at x, seen c128[480,480,4,4,4]({Auto: ('x', 'y')}), but now given c128[1,240,240,2,2,4,4,4]({})
2026-04-27 02:31:40,915 jax._src.dispatch WARNING: Finished tracing + transforming _moveaxis for pjit in 0.000163555 sec
2026-04-27 02:31:40,915 jax._src.dispatch WARNING: Finished tracing + transforming true_divide for pjit in 0.000302076 sec
2026-04-27 02:31:40,916 jax._src.dispatch WARNING: Finished tracing + transforming fft_impl for pjit in 0.002647161 sec
2026-04-27 02:31:40,916 jax._src.pjit WARNING: TRACING CACHE MISS at /global/homes/j/jackm/software/lorrax_C/src/bse/bse_lanczos.py:243:45 (solve_bse_sharded) because:
  never seen function:
    _make_jittable_local_fft.<locals>._make_axis_wrapper.<locals>.fft_impl id=140049294285280 defined at /global/homes/j/jackm/software/lorrax_C/src/common/fft_helpers.py:211
  but seen another function defined on the same line; maybe the function is
  being re-defined repeatedly, preventing caching?
2026-04-27 02:31:40,918 jax._src.dispatch WARNING: Finished tracing + transforming negative for pjit in 0.000252962 sec
2026-04-27 02:31:40,924 jax._src.dispatch WARNING: Finished tracing + transforming _moveaxis for pjit in 0.000163555 sec
2026-04-27 02:31:40,925 jax._src.dispatch WARNING: Finished tracing + transforming _moveaxis for pjit in 0.000152826 sec
2026-04-27 02:31:40,925 jax._src.dispatch WARNING: Finished tracing + transforming fft_impl for pjit in 0.001400232 sec
2026-04-27 02:31:40,925 jax._src.pjit WARNING: TRACING CACHE MISS at /global/homes/j/jackm/software/lorrax_C/src/bse/bse_lanczos.py:243:45 (solve_bse_sharded) because:
  never seen function:
    _make_jittable_local_fft.<locals>._make_axis_wrapper.<locals>.fft_impl id=140049294285920 defined at /global/homes/j/jackm/software/lorrax_C/src/common/fft_helpers.py:211
  but seen another function defined on the same line; maybe the function is
  being re-defined repeatedly, preventing caching?
2026-04-27 02:31:40,934 jax._src.dispatch WARNING: Finished tracing + transforming _moveaxis for pjit in 0.000091553 sec
2026-04-27 02:31:40,934 jax._src.dispatch WARNING: Finished tracing + transforming fft_impl for pjit in 0.001012564 sec
2026-04-27 02:31:40,935 jax._src.pjit WARNING: TRACING CACHE MISS at /global/homes/j/jackm/software/lorrax_C/src/bse/bse_lanczos.py:243:45 (solve_bse_sharded) because:
  never seen function:
    _make_jittable_local_fft.<locals>._make_axis_wrapper.<locals>.fft_impl id=140049294286560 defined at /global/homes/j/jackm/software/lorrax_C/src/common/fft_helpers.py:211
  but seen another function defined on the same line; maybe the function is
  being re-defined repeatedly, preventing caching?
2026-04-27 02:31:40,943 jax._src.dispatch WARNING: Finished tracing + transforming fft_impl for pjit in 0.000591040 sec
2026-04-27 02:31:40,943 jax._src.pjit WARNING: TRACING CACHE MISS at /global/homes/j/jackm/software/lorrax_C/src/bse/bse_lanczos.py:243:45 (solve_bse_sharded) because:
  never seen function:
    _make_jittable_local_fft.<locals>._make_axis_wrapper.<locals>.fft_impl id=140049294287360 defined at /global/homes/j/jackm/software/lorrax_C/src/common/fft_helpers.py:211
  but seen another function defined on the same line; maybe the function is
  being re-defined repeatedly, preventing caching?
2026-04-27 02:31:40,950 jax._sr2026-04-27 02:31:42,655 jax._src.compiler WARNING: Not writing persistent cache entry since process_id != 0
2026-04-27 02:31:42,655 jax._src.dispatch WARNING: Finished XLA compilation of jit(_full_run) in 1.940746069 sec
2026-04-27 02:31:45,795 jax._src.dispatch WARNING: Finished tracing + transforming reshape for pjit in 0.000700474 sec
2026-04-27 02:31:45,795 jax._src.pjit WARNING: TRACING CACHE MISS at /global/homes/j/jackm/software/lorrax_C/src/bse/bse_lanczos.py:249:19 (solve_bse_sharded) because:
  never seen function:
    reshape id=139931108934816 defined at /opt/jax/jax/_src/dispatch.py:96
2026-04-27 02:31:45,795 jax._src.interpreters.pxla WARNING: Compiling reshape with global shapes and types [ShapedArray(complex128[5,1024])]. Argument mapping: (NamedSharding(mesh=Mesh('x': 2, 'y': 2, axis_types=(Auto, Auto)), spec=PartitionSpec(), memory_kind=device),).
2026-04-27 02:31:45,799 jax._src.dispatch WARNING: Finished jaxpr to MLIR module conversion jit(reshape) in 0.003290892 sec
2026-04-27 02:31:45,802 jax._src.compiler WARNING: PERSISTENT COMPILATION CACHE MISS for 'jit_reshape' with key 'jit_reshape-871b95236fa9d78b2bf909e2ed5e1ff3833d5293cf9f73fc44b9ecf887ff45a6'
2026-04-27 02:31:45,828 jax._src.compiler WARNING: Not writing persistent cache entry since process_id != 0
2026-04-27 02:31:45,828 jax._src.dispatch WARNING: Finished XLA compilation of jit(reshape) in 0.028762341 sec
2026-04-27 02:31:45,832 jax._src.dispatch WARNING: Finished tracing + transforming multiply for pjit in 0.000443220 sec
2026-04-27 02:31:45,833 jax._src.interpreters.pxla WARNING: Compiling multiply with global shapes and types [ShapedArray(float64[5]), ShapedArray(float64[], weak_type=True)]. Argument mapping: (NamedSharding(mesh=Mesh('x': 2, 'y': 2, axis_types=(Auto, Auto)), spec=PartitionSpec(), memory_kind=device), UnspecifiedValue).
2026-04-27 02:31:45,835 jax._src.dispatch WARNING: Finished jaxpr to MLIR module conversion jit(multiply) in 0.002192020 sec
2026-04-27 02:31:45,837 jax._src.compiler WARNING: PERSISTENT COMPILATION CACHE MISS for 'jit_multiply' with key 'jit_multiply-d92f7a7d692f62331833ba2a897b48aeb756eac4d8381cd329c3dcbc8e23ed1d'
2026-04-27 02:31:45,888 jax._src.compiler WARNING: Not writing persistent cache entry since process_id != 0
2026-04-27 02:31:45,888 jax._src.dispatch WARNING: Finished XLA compilation of jit(multiply) in 0.053107023 sec
-04-27 02:31:45,829 jax._src.compiler WARNING: Not writing persistent cache entry since process_id != 0
2026-04-27 02:31:45,829 jax._src.dispatch WARNING: Finished XLA compilation of jit(reshape) in 0.029937267 sec
2026-04-27 02:31:45,833 jax._src.dispatch WARNING: Finished tracing + transforming multiply for pjit in 0.000433922 sec
2026-04-27 02:31:45,833 jax._src.interpreters.pxla WARNING: Compiling multiply with global shapes and types [ShapedArray(float64[5]), ShapedArray(float64[], weak_type=True)]. Argument mapping: (NamedSharding(mesh=Mesh('x': 2, 'y': 2, axis_types=(Auto, Auto)), spec=PartitionSpec(), memory_kind=device), UnspecifiedValue).
2026-04-27 02:31:45,836 jax._src.dispatch WARNING: Finished jaxpr to MLIR module conversion jit(multiply) in 0.002203226 sec
2026-04-27 02:31:45,838 jax._src.compiler WARNING: PERSISTENT COMPILATION CACHE MISS for 'jit_multiply' with key 'jit_multiply-d92f7a7d692f62331833ba2a897b48aeb756eac4d8381cd329c3dcbc8e23ed1d'
2026-04-27 02:31:45,889 jax._src.compiler WARNING: Not writing persistent cache entry since process_id != 0
2026-04-27 02:31:45,889 jax._src.dispatch WARNING: Finished XLA compilation of jit(multiply) in 0.053285837 sec
