Warning: requested 1000000000 valence bands but only 26 available; using 26
Warning: requested 1000000000 conduction bands but only 20 available; using 20
WARNING:2026-07-17 00:32:17,527:jax._src.dispatch:190: Finished tracing + transforming conjugate for pjit in 0.000352859 sec
WARNING:2026-07-17 00:32:17,527:jax._src.interpreters.pxla:1912: Compiling conjugate with global shapes and types [ShapedArray(complex128[9,20,2,399])]. Argument mapping: (NamedSharding(mesh=Mesh('x': 1, 'y': 1, axis_types=(Auto, Auto)), spec=PartitionSpec(None, None, None, 'x'), memory_kind=device),).
WARNING:2026-07-17 00:32:17,645:jax._src.dispatch:190: Finished tracing + transforming negative for pjit in 0.000185728 sec
WARNING:2026-07-17 00:32:17,650:jax._src.dispatch:190: Finished jaxpr to MLIR module conversion jit(conjugate) in 0.123066187 sec
WARNING:2026-07-17 00:32:18,070:jax._src.dispatch:190: Finished XLA compilation of jit(conjugate) in 0.418989182 sec
WARNING:2026-07-17 00:32:18,078:jax._src.dispatch:190: Finished tracing + transforming _einsum for pjit in 0.000685692 sec
WARNING:2026-07-17 00:32:18,078:jax._src.interpreters.pxla:1912: Compiling _einsum with global shapes and types [ShapedArray(complex128[9,20,2,399]), ShapedArray(complex128[9,26,2,399])]. Argument mapping: (NamedSharding(mesh=Mesh('x': 1, 'y': 1, axis_types=(Auto, Auto)), spec=PartitionSpec(None, None, None, 'x'), memory_kind=device), NamedSharding(mesh=Mesh('x': 1, 'y': 1, axis_types=(Auto, Auto)), spec=PartitionSpec(None, None, None, 'x'), memory_kind=device)).
WARNING:2026-07-17 00:32:18,080:jax._src.dispatch:190: Finished jaxpr to MLIR module conversion jit(_einsum) in 0.002308846 sec
WARNING:2026-07-17 00:32:18,255:jax._src.dispatch:190: Finished XLA compilation of jit(_einsum) in 0.174440145 sec
chi0 window: n_val=26 n_cond=20 (full occ x cond; matches GW compute_screening), nk=9, N_mu=399 (padded 399)
omega=0.0 eV  eta=0.0 eV  z=0.000000e+00+0.000000e+00j Ry  gmres(max_iter=200, tol=1e-10); head-less bodies
WARNING:2026-07-17 00:32:18,752:jax._src.dispatch:190: Finished tracing + transforming _einsum for pjit in 0.000411034 sec
WARNING:2026-07-17 00:32:18,753:jax._src.interpreters.pxla:1912: Compiling _einsum with global shapes and types [ShapedArray(complex128[399,399]), ShapedArray(complex128[9,20,26,399])]. Argument mapping: (NamedSharding(mesh=Mesh('x': 1, 'y': 1, axis_types=(Auto, Auto)), spec=PartitionSpec('x', 'y'), memory_kind=device), NamedSharding(mesh=Mesh('x': 1, 'y': 1, axis_types=(Auto, Auto)), spec=PartitionSpec(None, None, None, 'x'), memory_kind=device)).
WARNING:2026-07-17 00:32:18,755:jax._src.dispatch:190: Finished jaxpr to MLIR module conversion jit(_einsum) in 0.002212763 sec
WARNING:2026-07-17 00:32:18,763:jax._src.dispatch:190: Finished XLA compilation of jit(_einsum) in 0.007910490 sec
WARNING:2026-07-17 00:32:18,777:jax._src.dispatch:190: Finished tracing + transforming conjugate for pjit in 0.000196934 sec
WARNING:2026-07-17 00:32:18,777:jax._src.interpreters.pxla:1912: Compiling conjugate with global shapes and types [ShapedArray(complex128[9,20,26,399])]. Argument mapping: (NamedSharding(mesh=Mesh('x': 1, 'y': 1, axis_types=(Auto, Auto)), spec=PartitionSpec(None, None, None, 'x'), memory_kind=device),).
WARNING:2026-07-17 00:32:18,779:jax._src.dispatch:190: Finished tracing + transforming negative for pjit in 0.000146866 sec
WARNING:2026-07-17 00:32:18,780:jax._src.dispatch:190: Finished jaxpr to MLIR module conversion jit(conjugate) in 0.002702713 sec
WARNING:2026-07-17 00:32:18,831:jax._src.dispatch:190: Finished XLA compilation of jit(conjugate) in 0.051268101 sec
WARNING:2026-07-17 00:32:18,834:jax._src.dispatch:190: Finished tracing + transforming _einsum for pjit in 0.000469923 sec
WARNING:2026-07-17 00:32:18,834:jax._src.interpreters.pxla:1912: Compiling _einsum with global shapes and types [ShapedArray(complex128[9,20,26,399]), ShapedArray(complex128[9,20,26,399])]. Argument mapping: (NamedSharding(mesh=Mesh('x': 1, 'y': 1, axis_types=(Auto, Auto)), spec=PartitionSpec(None, None, None, 'x'), memory_kind=device), NamedSharding(mesh=Mesh('x': 1, 'y': 1, axis_types=(Auto, Auto)), spec=PartitionSpec(), memory_kind=device)).
WARNING:2026-07-17 00:32:18,836:jax._src.dispatch:190: Finished jaxpr to MLIR module conversion jit(_einsum) in 0.002047062 sec
WARNING:2026-07-17 00:32:18,919:jax._src.dispatch:190: Finished XLA compilation of jit(_einsum) in 0.081850767 sec
WARNING:2026-07-17 00:32:18,921:jax._src.dispatch:190: Finished tracing + transforming true_divide for pjit in 0.000414610 sec
WARNING:2026-07-17 00:32:18,921:jax._src.interpreters.pxla:1912: Compiling true_divide with global shapes and types [ShapedArray(complex128[9,20,26]), ShapedArray(int64[], weak_type=True)]. Argument mapping: (NamedSharding(mesh=Mesh('x': 1, 'y': 1, axis_types=(Auto, Auto)), spec=PartitionSpec(), memory_kind=device), UnspecifiedValue).
WARNING:2026-07-17 00:32:18,923:jax._src.dispatch:190: Finished jaxpr to MLIR module conversion jit(true_divide) in 0.002318859 sec
WARNING:2026-07-17 00:32:18,985:jax._src.dispatch:190: Finished XLA compilation of jit(true_divide) in 0.061605930 sec
WARNING:2026-07-17 00:32:18,987:jax._src.dispatch:190: Finished tracing + transforming convert_element_type for pjit in 0.000178099 sec
WARNING:2026-07-17 00:32:18,988:jax._src.interpreters.pxla:1912: Compiling convert_element_type with global shapes and types [ShapedArray(complex128[])]. Argument mapping: (UnspecifiedValue,).
WARNING:2026-07-17 00:32:18,991:jax._src.dispatch:190: Finished jaxpr to MLIR module conversion jit(convert_element_type) in 0.002904177 sec
WARNING:2026-07-17 00:32:18,998:jax._src.dispatch:190: Finished XLA compilation of jit(convert_element_type) in 0.006480217 sec
WARNING:2026-07-17 00:32:19,000:jax._src.dispatch:190: Finished tracing + transforming broadcast_in_dim for pjit in 0.000322342 sec
WARNING:2026-07-17 00:32:19,000:jax._src.interpreters.pxla:1912: Compiling broadcast_in_dim with global shapes and types [ShapedArray(complex128[])]. Argument mapping: (UnspecifiedValue,).
WARNING:2026-07-17 00:32:19,002:jax._src.dispatch:190: Finished jaxpr to MLIR module conversion jit(broadcast_in_dim) in 0.001986504 sec
WARNING:2026-07-17 00:32:19,047:jax._src.dispatch:190: Finished XLA compilation of jit(broadcast_in_dim) in 0.044150591 sec
WARNING:2026-07-17 00:32:19,049:jax._src.dispatch:190: Finished tracing + transforming transpose for pjit in 0.000198126 sec
WARNING:2026-07-17 00:32:19,049:jax._src.interpreters.pxla:1912: Compiling transpose with global shapes and types [ShapedArray(complex128[9,20,26])]. Argument mapping: (NamedSharding(mesh=Mesh('x': 1, 'y': 1, axis_types=(Auto, Auto)), spec=PartitionSpec(), memory_kind=device),).
WARNING:2026-07-17 00:32:19,051:jax._src.dispatch:190: Finished jaxpr to MLIR module conversion jit(transpose) in 0.002168179 sec
WARNING:2026-07-17 00:32:19,096:jax._src.dispatch:190: Finished XLA compilation of jit(transpose) in 0.043995857 sec
WARNING:2026-07-17 00:32:19,098:jax._src.dispatch:190: Finished tracing + transforming transpose for pjit in 0.000350237 sec
WARNING:2026-07-17 00:32:19,098:jax._src.interpreters.pxla:1912: Compiling transpose with global shapes and types [ShapedArray(float64[9,20])]. Argument mapping: (UnspecifiedValue,).
WARNING:2026-07-17 00:32:19,100:jax._src.dispatch:190: Finished jaxpr to MLIR module conversion jit(transpose) in 0.002091885 sec
WARNING:2026-07-17 00:32:19,143:jax._src.dispatch:190: Finished XLA compilation of jit(transpose) in 0.042763233 sec
WARNING:2026-07-17 00:32:19,145:jax._src.dispatch:190: Finished tracing + transforming broadcast_in_dim for pjit in 0.000241041 sec
WARNING:2026-07-17 00:32:19,146:jax._src.interpreters.pxla:1912: Compiling broadcast_in_dim with global shapes and types [ShapedArray(float64[20,9])]. Argument mapping: (UnspecifiedValue,).
WARNING:2026-07-17 00:32:19,148:jax._src.dispatch:190: Finished jaxpr to MLIR module conversion jit(broadcast_in_dim) in 0.002118111 sec
WARNING:2026-07-17 00:32:19,155:jax._src.dispatch:190: Finished XLA compilation of jit(broadcast_in_dim) in 0.006584406 sec
WARNING:2026-07-17 00:32:19,156:jax._src.dispatch:190: Finished tracing + transforming transpose for pjit in 0.000186920 sec
WARNING:2026-07-17 00:32:19,156:jax._src.interpreters.pxla:1912: Compiling transpose with global shapes and types [ShapedArray(float64[9,26])]. Argument mapping: (UnspecifiedValue,).
WARNING:2026-07-17 00:32:19,158:jax._src.dispatch:190: Finished jaxpr to MLIR module conversion jit(transpose) in 0.001734495 sec
WARNING:2026-07-17 00:32:19,225:jax._src.dispatch:190: Finished XLA compilation of jit(transpose) in 0.066329241 sec
WARNING:2026-07-17 00:32:19,228:jax._src.dispatch:190: Finished tracing + transforming broadcast_in_dim for pjit in 0.001650095 sec
WARNING:2026-07-17 00:32:19,228:jax._src.interpreters.pxla:1912: Compiling broadcast_in_dim with global shapes and types [ShapedArray(float64[26,9])]. Argument mapping: (UnspecifiedValue,).
WARNING:2026-07-17 00:32:19,230:jax._src.dispatch:190: Finished jaxpr to MLIR module conversion jit(broadcast_in_dim) in 0.001924753 sec
WARNING:2026-07-17 00:32:19,237:jax._src.dispatch:190: Finished XLA compilation of jit(broadcast_in_dim) in 0.006586313 sec
WARNING:2026-07-17 00:32:19,238:jax._src.dispatch:190: Finished tracing + transforming subtract for pjit in 0.000292778 sec
WARNING:2026-07-17 00:32:19,239:jax._src.interpreters.pxla:1912: Compiling subtract with global shapes and types [ShapedArray(float64[20,1,9]), ShapedArray(float64[1,26,9])]. Argument mapping: (UnspecifiedValue, UnspecifiedValue).
WARNING:2026-07-17 00:32:19,240:jax._src.dispatch:190: Finished jaxpr to MLIR module conversion jit(subtract) in 0.001748562 sec
WARNING:2026-07-17 00:32:19,286:jax._src.dispatch:190: Finished XLA compilation of jit(subtract) in 0.045174599 sec
WARNING:2026-07-17 00:32:19,288:jax._src.dispatch:190: Finished tracing + transforming add for pjit in 0.000374556 sec
WARNING:2026-07-17 00:32:19,288:jax._src.interpreters.pxla:1912: Compiling add with global shapes and types [ShapedArray(float64[20,26,9]), ShapedArray(complex128[20,26,9])]. Argument mapping: (UnspecifiedValue, NamedSharding(mesh=Mesh('x': 1, 'y': 1, axis_types=(Auto, Auto)), spec=PartitionSpec(), memory_kind=device)).
WARNING:2026-07-17 00:32:19,290:jax._src.dispatch:190: Finished jaxpr to MLIR module conversion jit(add) in 0.002099276 sec
WARNING:2026-07-17 00:32:19,333:jax._src.dispatch:190: Finished XLA compilation of jit(add) in 0.042298555 sec
WARNING:2026-07-17 00:32:19,335:jax._src.dispatch:190: Finished tracing + transforming subtract for pjit in 0.000308752 sec
WARNING:2026-07-17 00:32:19,335:jax._src.interpreters.pxla:1912: Compiling subtract with global shapes and types [ShapedArray(complex128[20,26,9]), ShapedArray(complex128[20,26,9])]. Argument mapping: (NamedSharding(mesh=Mesh('x': 1, 'y': 1, axis_types=(Auto, Auto)), spec=PartitionSpec(), memory_kind=device), NamedSharding(mesh=Mesh('x': 1, 'y': 1, axis_types=(Auto, Auto)), spec=PartitionSpec(), memory_kind=device)).
WARNING:2026-07-17 00:32:19,337:jax._src.dispatch:190: Finished jaxpr to MLIR module conversion jit(subtract) in 0.002049208 sec
WARNING:2026-07-17 00:32:19,379:jax._src.dispatch:190: Finished XLA compilation of jit(subtract) in 0.041850090 sec
WARNING:2026-07-17 00:32:19,381:jax._src.dispatch:190: Finished tracing + transforming negative for pjit in 0.000354052 sec
WARNING:2026-07-17 00:32:19,381:jax._src.interpreters.pxla:1912: Compiling negative with global shapes and types [ShapedArray(complex128[20,26,9])]. Argument mapping: (NamedSharding(mesh=Mesh('x': 1, 'y': 1, axis_types=(Auto, Auto)), spec=PartitionSpec(), memory_kind=device),).
WARNING:2026-07-17 00:32:19,384:jax._src.dispatch:190: Finished jaxpr to MLIR module conversion jit(negative) in 0.002116680 sec
WARNING:2026-07-17 00:32:19,433:jax._src.dispatch:190: Finished XLA compilation of jit(negative) in 0.048493385 sec
WARNING:2026-07-17 00:32:19,434:jax._src.dispatch:190: Finished tracing + transforming broadcast_in_dim for pjit in 0.000208855 sec
WARNING:2026-07-17 00:32:19,434:jax._src.interpreters.pxla:1912: Compiling broadcast_in_dim with global shapes and types [ShapedArray(complex128[20,26,9])]. Argument mapping: (NamedSharding(mesh=Mesh('x': 1, 'y': 1, axis_types=(Auto, Auto)), spec=PartitionSpec(), memory_kind=device),).
WARNING:2026-07-17 00:32:19,437:jax._src.dispatch:190: Finished jaxpr to MLIR module conversion jit(broadcast_in_dim) in 0.002094269 sec
WARNING:2026-07-17 00:32:19,444:jax._src.dispatch:190: Finished XLA compilation of jit(broadcast_in_dim) in 0.006918907 sec
WARNING:2026-07-17 00:32:19,445:jax._src.dispatch:190: Finished tracing + transforming concatenate for pjit in 0.000205040 sec
WARNING:2026-07-17 00:32:19,446:jax._src.interpreters.pxla:1912: Compiling concatenate with global shapes and types [ShapedArray(complex128[1,20,26,9]), ShapedArray(complex128[1,20,26,9])]. Argument mapping: (NamedSharding(mesh=Mesh('x': 1, 'y': 1, axis_types=(Auto, Auto)), spec=PartitionSpec(), memory_kind=device), NamedSharding(mesh=Mesh('x': 1, 'y': 1, axis_types=(Auto, Auto)), spec=PartitionSpec(), memory_kind=device)).
WARNING:2026-07-17 00:32:19,448:jax._src.dispatch:190: Finished jaxpr to MLIR module conversion jit(concatenate) in 0.001737595 sec
WARNING:2026-07-17 00:32:19,491:jax._src.dispatch:190: Finished XLA compilation of jit(concatenate) in 0.042969704 sec
WARNING:2026-07-17 00:32:19,493:jax._src.dispatch:190: Finished tracing + transforming broadcast_in_dim for pjit in 0.000217199 sec
WARNING:2026-07-17 00:32:19,493:jax._src.interpreters.pxla:1912: Compiling broadcast_in_dim with global shapes and types [ShapedArray(complex128[2,20,26,9])]. Argument mapping: (NamedSharding(mesh=Mesh('x': 1, 'y': 1, axis_types=(Auto, Auto)), spec=PartitionSpec(), memory_kind=device),).
WARNING:2026-07-17 00:32:19,496:jax._src.dispatch:190: Finished jaxpr to MLIR module conversion jit(broadcast_in_dim) in 0.002085209 sec
WARNING:2026-07-17 00:32:19,502:jax._src.dispatch:190: Finished XLA compilation of jit(broadcast_in_dim) in 0.006476164 sec

Finite-q W_q resolvent cross-check: 5 symmetry-reduced q-points (IBZ), one at a time; each vs its own (W0-V)[q_flat] tile
shared resolvent engine (matvec/gen/snapshot) built once; per-q operands (rolled psi_c/eps_c, V_q tile, diag_h) are runtime args

 iq   q (kgrid) q_flat  max_rel_err      median   max_gmres  build[s]  solve[s]
-------------------------------------------------------------------------------
WARNING:2026-07-17 00:32:19,520:jax._src.dispatch:190: Finished tracing + transforming dynamic_slice for pjit in 0.000302553 sec
WARNING:2026-07-17 00:32:19,520:jax._src.interpreters.pxla:1912: Compiling dynamic_slice with global shapes and types [ShapedArray(complex128[399,399,3,3,1]), ShapedArray(int64[], weak_type=True), ShapedArray(int64[], weak_type=True), ShapedArray(int64[], weak_type=True), ShapedArray(int64[], weak_type=True), ShapedArray(int64[], weak_type=True)]. Argument mapping: (NamedSharding(mesh=Mesh('x': 1, 'y': 1, axis_types=(Auto, Auto)), spec=PartitionSpec('x', 'y', None, None, None), memory_kind=device), UnspecifiedValue, UnspecifiedValue, UnspecifiedValue, UnspecifiedValue, UnspecifiedValue).
WARNING:2026-07-17 00:32:19,522:jax._src.dispatch:190: Finished jaxpr to MLIR module conversion jit(dynamic_slice) in 0.001885176 sec
WARNING:2026-07-17 00:32:19,572:jax._src.dispatch:190: Finished XLA compilation of jit(dynamic_slice) in 0.050028801 sec
WARNING:2026-07-17 00:32:19,578:jax._src.dispatch:190: Finished tracing + transforming squeeze for pjit in 0.000202894 sec
WARNING:2026-07-17 00:32:19,578:jax._src.interpreters.pxla:1912: Compiling squeeze with global shapes and types [ShapedArray(complex128[399,399,1,1,1])]. Argument mapping: (NamedSharding(mesh=Mesh('x': 1, 'y': 1, axis_types=(Auto, Auto)), spec=PartitionSpec('x', 'y', None, None, None), memory_kind=device),).
WARNING:2026-07-17 00:32:19,581:jax._src.dispatch:190: Finished jaxpr to MLIR module conversion jit(squeeze) in 0.002129555 sec
WARNING:2026-07-17 00:32:19,588:jax._src.dispatch:190: Finished XLA compilation of jit(squeeze) in 0.006685495 sec
WARNING:2026-07-17 00:32:19,620:jax._src.dispatch:190: Finished tracing + transforming transpose for pjit in 0.000297785 sec
WARNING:2026-07-17 00:32:19,620:jax._src.interpreters.pxla:1912: Compiling transpose with global shapes and types [ShapedArray(float64[9,20])]. Argument mapping: (NamedSharding(mesh=Mesh('x': 1, 'y': 1, axis_types=(Auto, Auto)), spec=PartitionSpec(None, None), memory_kind=device),).
WARNING:2026-07-17 00:32:19,622:jax._src.dispatch:190: Finished jaxpr to MLIR module conversion jit(transpose) in 0.002005577 sec
WARNING:2026-07-17 00:32:19,666:jax._src.dispatch:190: Finished XLA compilation of jit(transpose) in 0.043835163 sec
WARNING:2026-07-17 00:32:19,668:jax._src.dispatch:190: Finished tracing + transforming broadcast_in_dim for pjit in 0.000214815 sec
WARNING:2026-07-17 00:32:19,668:jax._src.interpreters.pxla:1912: Compiling broadcast_in_dim with global shapes and types [ShapedArray(float64[20,9])]. Argument mapping: (NamedSharding(mesh=Mesh('x': 1, 'y': 1, axis_types=(Auto, Auto)), spec=PartitionSpec(None, None), memory_kind=device),).
WARNING:2026-07-17 00:32:19,671:jax._src.dispatch:190: Finished jaxpr to MLIR module conversion jit(broadcast_in_dim) in 0.002054930 sec
WARNING:2026-07-17 00:32:19,678:jax._src.dispatch:190: Finished XLA compilation of jit(broadcast_in_dim) in 0.006784678 sec
WARNING:2026-07-17 00:32:19,679:jax._src.dispatch:190: Finished tracing + transforming subtract for pjit in 0.000257730 sec
WARNING:2026-07-17 00:32:19,680:jax._src.interpreters.pxla:1912: Compiling subtract with global shapes and types [ShapedArray(float64[20,1,9]), ShapedArray(float64[1,26,9])]. Argument mapping: (NamedSharding(mesh=Mesh('x': 1, 'y': 1, axis_types=(Auto, Auto)), spec=PartitionSpec(), memory_kind=device), UnspecifiedValue).
WARNING:2026-07-17 00:32:19,682:jax._src.dispatch:190: Finished jaxpr to MLIR module conversion jit(subtract) in 0.001767874 sec
WARNING:2026-07-17 00:32:19,727:jax._src.dispatch:190: Finished XLA compilation of jit(subtract) in 0.044735670 sec
WARNING:2026-07-17 00:32:19,729:jax._src.dispatch:190: Finished tracing + transforming add for pjit in 0.000362873 sec
WARNING:2026-07-17 00:32:19,729:jax._src.interpreters.pxla:1912: Compiling add with global shapes and types [ShapedArray(float64[20,26,9]), ShapedArray(complex128[20,26,9])]. Argument mapping: (NamedSharding(mesh=Mesh('x': 1, 'y': 1, axis_types=(Auto, Auto)), spec=PartitionSpec(), memory_kind=device), NamedSharding(mesh=Mesh('x': 1, 'y': 1, axis_types=(Auto, Auto)), spec=PartitionSpec(), memory_kind=device)).
WARNING:2026-07-17 00:32:19,731:jax._src.dispatch:190: Finished jaxpr to MLIR module conversion jit(add) in 0.002138853 sec
WARNING:2026-07-17 00:32:19,775:jax._src.dispatch:190: Finished XLA compilation of jit(add) in 0.043821812 sec
WARNING:2026-07-17 00:32:19,804:jax._src.dispatch:190: Finished tracing + transforming broadcast_in_dim for pjit in 0.000323057 sec
WARNING:2026-07-17 00:32:19,805:jax._src.interpreters.pxla:1912: Compiling broadcast_in_dim with global shapes and types [ShapedArray(float64[6,399])]. Argument mapping: (UnspecifiedValue,).
WARNING:2026-07-17 00:32:19,807:jax._src.dispatch:190: Finished jaxpr to MLIR module conversion jit(broadcast_in_dim) in 0.002171040 sec
WARNING:2026-07-17 00:32:19,814:jax._src.dispatch:190: Finished XLA compilation of jit(broadcast_in_dim) in 0.006701231 sec
WARNING:2026-07-17 00:32:19,815:jax._src.dispatch:190: Finished tracing + transforming broadcast_in_dim for pjit in 0.000208378 sec
WARNING:2026-07-17 00:32:19,816:jax._src.interpreters.pxla:1912: Compiling broadcast_in_dim with global shapes and types [ShapedArray(float64[6,399,1])]. Argument mapping: (UnspecifiedValue,).
WARNING:2026-07-17 00:32:19,817:jax._src.dispatch:190: Finished jaxpr to MLIR module conversion jit(broadcast_in_dim) in 0.001862526 sec
WARNING:2026-07-17 00:32:19,865:jax._src.dispatch:190: Finished XLA compilation of jit(broadcast_in_dim) in 0.046792507 sec
WARNING:2026-07-17 00:32:19,868:jax._src.dispatch:190: Finished tracing + transforming _einsum for pjit in 0.000613213 sec
WARNING:2026-07-17 00:32:19,869:jax._src.dispatch:190: Finished tracing + transforming multiply for pjit in 0.000211477 sec
WARNING:2026-07-17 00:32:19,870:jax._src.dispatch:190: Finished tracing + transforming less for pjit in 0.000310898 sec
WARNING:2026-07-17 00:32:19,871:jax._src.dispatch:190: Finished tracing + transforming add for pjit in 0.000186443 sec
WARNING:2026-07-17 00:32:19,874:jax._src.dispatch:190: Finished tracing + transforming conjugate for pjit in 0.000164986 sec
WARNING:2026-07-17 00:32:19,875:jax._src.dispatch:190: Finished tracing + transforming _einsum for pjit in 0.000376940 sec
WARNING:2026-07-17 00:32:19,875:jax._src.dispatch:190: Finished tracing + transforming conjugate for pjit in 0.000134945 sec
WARNING:2026-07-17 00:32:19,876:jax._src.dispatch:190: Finished tracing + transforming _einsum for pjit in 0.000451088 sec
WARNING:2026-07-17 00:32:19,877:jax._src.dispatch:190: Finished tracing + transforming real for pjit in 0.000132084 sec
WARNING:2026-07-17 00:32:19,878:jax._src.dispatch:190: Finished tracing + transforming sqrt for pjit in 0.000159025 sec
WARNING:2026-07-17 00:32:19,878:jax._src.dispatch:190: Finished tracing + transforming true_divide for pjit in 0.000245094 sec
WARNING:2026-07-17 00:32:19,879:jax._src.dispatch:190: Finished tracing + transforming _map for pjit in 0.013195753 sec
WARNING:2026-07-17 00:32:19,880:jax._src.interpreters.pxla:1912: Compiling _map with global shapes and types [ShapedArray(float64[6,399,9]), ShapedArray(complex128[9,20,2,399]), ShapedArray(complex128[9,26,2,399]), ShapedArray(complex128[399,399])]. Argument mapping: (NamedSharding(mesh=Mesh('x': 1, 'y': 1, axis_types=(Auto, Auto)), spec=PartitionSpec(None, 'y', None), memory_kind=device), NamedSharding(mesh=Mesh('x': 1, 'y': 1, axis_types=(Auto, Auto)), spec=PartitionSpec(None, None, None, 'x'), memory_kind=device), NamedSharding(mesh=Mesh('x': 1, 'y': 1, axis_types=(Auto, Auto)), spec=PartitionSpec(None, None, None, 'x'), memory_kind=device), NamedSharding(mesh=Mesh('x': 1, 'y': 1, axis_types=(Auto, Auto)), spec=PartitionSpec('x', 'y'), memory_kind=device)).
WARNING:2026-07-17 00:32:19,886:jax._src.dispatch:190: Finished tracing + transforming negative for pjit in 0.000180483 sec
WARNING:2026-07-17 00:32:19,887:jax._src.dispatch:190: Finished tracing + transforming negative for pjit in 0.000157118 sec
WARNING:2026-07-17 00:32:19,889:jax._src.dispatch:190: Finished jaxpr to MLIR module conversion jit(_map) in 0.008568287 sec
WARNING:2026-07-17 00:32:20,067:jax._src.dispatch:190: Finished XLA compilation of jit(_map) in 0.178187132 sec
WARNING:2026-07-17 00:32:20,071:jax._src.dispatch:190: Finished tracing + transforming negative for pjit in 0.000224590 sec
WARNING:2026-07-17 00:32:20,071:jax._src.interpreters.pxla:1912: Compiling negative with global shapes and types [ShapedArray(complex128[6,20,26,9])]. Argument mapping: (NamedSharding(mesh=Mesh('x': 1, 'y': 1, axis_types=(Auto, Auto)), spec=PartitionSpec(None, 'x', 'y', None), memory_kind=device),).
WARNING:2026-07-17 00:32:20,073:jax._src.dispatch:190: Finished jaxpr to MLIR module conversion jit(negative) in 0.002035856 sec
WARNING:2026-07-17 00:32:20,115:jax._src.dispatch:190: Finished XLA compilation of jit(negative) in 0.041620016 sec
WARNING:2026-07-17 00:32:20,117:jax._src.dispatch:190: Finished tracing + transforming broadcast_in_dim for pjit in 0.000223398 sec
WARNING:2026-07-17 00:32:20,118:jax._src.interpreters.pxla:1912: Compiling broadcast_in_dim with global shapes and types [ShapedArray(complex128[6,20,26,9])]. Argument mapping: (NamedSharding(mesh=Mesh('x': 1, 'y': 1, axis_types=(Auto, Auto)), spec=PartitionSpec(None, 'x', 'y', None), memory_kind=device),).
WARNING:2026-07-17 00:32:20,120:jax._src.dispatch:190: Finished jaxpr to MLIR module conversion jit(broadcast_in_dim) in 0.002161026 sec
WARNING:2026-07-17 00:32:20,127:jax._src.dispatch:190: Finished XLA compilation of jit(broadcast_in_dim) in 0.006834745 sec
WARNING:2026-07-17 00:32:20,129:jax._src.dispatch:190: Finished tracing + transforming concatenate for pjit in 0.000182629 sec
WARNING:2026-07-17 00:32:20,129:jax._src.interpreters.pxla:1912: Compiling concatenate with global shapes and types [ShapedArray(complex128[1,6,20,26,9]), ShapedArray(complex128[1,6,20,26,9])]. Argument mapping: (NamedSharding(mesh=Mesh('x': 1, 'y': 1, axis_types=(Auto, Auto)), spec=PartitionSpec(), memory_kind=device), NamedSharding(mesh=Mesh('x': 1, 'y': 1, axis_types=(Auto, Auto)), spec=PartitionSpec(), memory_kind=device)).
WARNING:2026-07-17 00:32:20,131:jax._src.dispatch:190: Finished jaxpr to MLIR module conversion jit(concatenate) in 0.001756907 sec
WARNING:2026-07-17 00:32:20,175:jax._src.dispatch:190: Finished XLA compilation of jit(concatenate) in 0.043648720 sec
WARNING:2026-07-17 00:32:20,178:jax._src.dispatch:190: Finished tracing + transforming _moveaxis for pjit in 0.000197411 sec
WARNING:2026-07-17 00:32:20,179:jax._src.dispatch:190: Finished tracing + transforming subtract for pjit in 0.000249863 sec
WARNING:2026-07-17 00:32:20,179:jax._src.dispatch:190: Finished tracing + transforming true_divide for pjit in 0.000221014 sec
WARNING:2026-07-17 00:32:20,180:jax._src.dispatch:190: Finished tracing + transforming multiply for pjit in 0.000220537 sec
WARNING:2026-07-17 00:32:20,180:jax._src.dispatch:190: Finished tracing + transforming multiply for pjit in 0.000207663 sec
WARNING:2026-07-17 00:32:20,183:jax._src.dispatch:190: Finished tracing + transforming subtract for pjit in 0.001286268 sec
WARNING:2026-07-17 00:32:20,184:jax._src.dispatch:190: Finished tracing + transforming multiply for pjit in 0.000267267 sec
WARNING:2026-07-17 00:32:20,184:jax._src.dispatch:190: Finished tracing + transforming _apply_D_term for pjit in 0.002878666 sec
WARNING:2026-07-17 00:32:20,185:jax._src.dispatch:190: Finished tracing + transforming real for pjit in 0.000154972 sec
WARNING:2026-07-17 00:32:20,190:jax._src.dispatch:190: Finished tracing + transforming add for pjit in 0.000211954 sec
WARNING:2026-07-17 00:32:20,191:jax._src.dispatch:190: Finished tracing + transforming subtract for pjit in 0.000185966 sec
WARNING:2026-07-17 00:32:20,192:jax._src.dispatch:190: Finished tracing + transforming equal for pjit in 0.000253677 sec
WARNING:2026-07-17 00:32:20,192:jax._src.dispatch:190: Finished tracing + transforming _broadcast_arrays for pjit in 0.000085831 sec
WARNING:2026-07-17 00:32:20,193:jax._src.dispatch:190: Finished tracing + transforming _where for pjit in 0.000539303 sec
WARNING:2026-07-17 00:32:20,193:jax._src.dispatch:190: Finished tracing + transforming remainder for pjit in 0.002087593 sec
WARNING:2026-07-17 00:32:20,194:jax._src.dispatch:190: Finished tracing + transforming multiply for pjit in 0.000189781 sec
WARNING:2026-07-17 00:32:20,196:jax._src.dispatch:190: Finished tracing + transforming _einsum for pjit in 0.000436783 sec
WARNING:2026-07-17 00:32:20,197:jax._src.dispatch:190: Finished tracing + transforming _einsum for pjit in 0.000475168 sec
WARNING:2026-07-17 00:32:20,197:jax._src.dispatch:190: Finished tracing + transforming add for pjit in 0.000211716 sec
WARNING:2026-07-17 00:32:20,209:jax._src.dispatch:190: Finished tracing + transforming _reduce_sum for pjit in 0.000407696 sec
WARNING:2026-07-17 00:32:20,210:jax._src.dispatch:190: Finished tracing + transforming add for pjit in 0.000226021 sec
WARNING:2026-07-17 00:32:20,212:jax._src.dispatch:190: Finished tracing + transforming _reduce_sum for pjit in 0.000310183 sec
WARNING:2026-07-17 00:32:20,213:jax._src.dispatch:190: Finished tracing + transforming true_divide for pjit in 0.000254631 sec
WARNING:2026-07-17 00:32:20,214:jax._src.dispatch:190: Finished tracing + transforming _einsum for pjit in 0.000326395 sec
WARNING:2026-07-17 00:32:20,219:jax._src.dispatch:190: Finished tracing + transforming _einsum for pjit in 0.000373363 sec
WARNING:2026-07-17 00:32:20,220:jax._src.dispatch:190: Finished tracing + transforming true_divide for pjit in 0.000250816 sec
WARNING:2026-07-17 00:32:20,223:jax._src.dispatch:190: Finished tracing + transforming add for pjit in 0.000410557 sec
WARNING:2026-07-17 00:32:20,311:jax._src.dispatch:190: Finished tracing + transforming negative for pjit in 0.000355244 sec
WARNING:2026-07-17 00:32:20,311:jax._src.dispatch:190: Finished tracing + transforming subtract for pjit in 0.000413656 sec
WARNING:2026-07-17 00:32:20,312:jax._src.dispatch:190: Finished tracing + transforming _matvec_impl for pjit in 0.131445885 sec
WARNING:2026-07-17 00:32:20,313:jax._src.dispatch:190: Finished tracing + transforming subtract for pjit in 0.000195026 sec
WARNING:2026-07-17 00:32:20,313:jax._src.dispatch:190: Finished tracing + transforming conjugate for pjit in 0.000187159 sec
WARNING:2026-07-17 00:32:20,314:jax._src.dispatch:190: Finished tracing + transforming real for pjit in 0.000144482 sec
WARNING:2026-07-17 00:32:20,314:jax._src.dispatch:190: Finished tracing + transforming _reduce_sum for pjit in 0.000379801 sec
WARNING:2026-07-17 00:32:20,315:jax._src.dispatch:190: Finished tracing + transforming sqrt for pjit in 0.000293970 sec
WARNING:2026-07-17 00:32:20,315:jax._src.dispatch:190: Finished tracing + transforming norm for pjit in 0.001966953 sec
WARNING:2026-07-17 00:32:20,315:jax._src.dispatch:190: Finished tracing + transforming equal for pjit in 0.000185966 sec
WARNING:2026-07-17 00:32:20,316:jax._src.dispatch:190: Finished tracing + transforming true_divide for pjit in 0.000641584 sec
WARNING:2026-07-17 00:32:20,317:jax._src.dispatch:190: Finished tracing + transforming _broadcast_arrays for pjit in 0.000079632 sec
WARNING:2026-07-17 00:32:20,317:jax._src.dispatch:190: Finished tracing + transforming _where for pjit in 0.000440121 sec
WARNING:2026-07-17 00:32:20,318:jax._src.dispatch:190: Finished tracing + transforming _squeeze for pjit in 0.000072718 sec
WARNING:2026-07-17 00:32:20,319:jax._src.dispatch:190: Finished tracing + transforming _squeeze for pjit in 0.000073671 sec
WARNING:2026-07-17 00:32:20,320:jax._src.dispatch:190: Finished tracing + transforming less for pjit in 0.000352383 sec
WARNING:2026-07-17 00:32:20,321:jax._src.dispatch:190: Finished tracing + transforming greater for pjit in 0.000543356 sec
WARNING:2026-07-17 00:32:20,321:jax._src.dispatch:190: Finished tracing + transforming logical_and for pjit in 0.000333309 sec
WARNING:2026-07-17 00:32:20,323:jax._src.dispatch:190: Finished tracing + transforming add for pjit in 0.000604868 sec
WARNING:2026-07-17 00:32:20,325:jax._src.dispatch:190: Finished tracing + transforming add for pjit in 0.000275373 sec
WARNING:2026-07-17 00:32:20,328:jax._src.dispatch:190: Finished tracing + transforming ravel for pjit in 0.000180960 sec
WARNING:2026-07-17 00:32:20,329:jax._src.dispatch:190: Finished tracing + transforming dot for pjit in 0.000268221 sec
WARNING:2026-07-17 00:32:20,329:jax._src.dispatch:190: Finished tracing + transforming vdot for pjit in 0.001270771 sec
WARNING:2026-07-17 00:32:20,334:jax._src.dispatch:190: Finished tracing + transforming multiply for pjit in 0.000226736 sec
WARNING:2026-07-17 00:32:20,345:jax._src.dispatch:190: Finished tracing + transforming equal for pjit in 0.000511408 sec
WARNING:2026-07-17 00:32:20,347:jax._src.dispatch:190: Finished tracing + transforming svd for pjit in 0.000261068 sec
WARNING:2026-07-17 00:32:20,348:jax._src.dispatch:190: Finished tracing + transforming multiply for pjit in 0.000196695 sec
WARNING:2026-07-17 00:32:20,349:jax._src.dispatch:190: Finished tracing + transforming greater_equal for pjit in 0.000298023 sec
WARNING:2026-07-17 00:32:20,350:jax._src.dispatch:190: Finished tracing + transforming _reduce_sum for pjit in 0.000395536 sec
WARNING:2026-07-17 00:32:20,351:jax._src.dispatch:190: Finished tracing + transforming _broadcast_arrays for pjit in 0.000196695 sec
WARNING:2026-07-17 00:32:20,351:jax._src.dispatch:190: Finished tracing + transforming _where for pjit in 0.000670671 sec
WARNING:2026-07-17 00:32:20,352:jax._src.dispatch:190: Finished tracing + transforming true_divide for pjit in 0.000261068 sec
WARNING:2026-07-17 00:32:20,353:jax._src.dispatch:190: Finished tracing + transforming _broadcast_arrays for pjit in 0.000169039 sec
WARNING:2026-07-17 00:32:20,353:jax._src.dispatch:190: Finished tracing + transforming _where for pjit in 0.000631809 sec
WARNING:2026-07-17 00:32:20,354:jax._src.dispatch:190: Finished tracing + transforming conjugate for pjit in 0.000221968 sec
WARNING:2026-07-17 00:32:20,355:jax._src.dispatch:190: Finished tracing + transforming matmul for pjit in 0.000322342 sec
WARNING:2026-07-17 00:32:20,355:jax._src.dispatch:190: Finished tracing + transforming conjugate for pjit in 0.000149012 sec
WARNING:2026-07-17 00:32:20,356:jax._src.dispatch:190: Finished tracing + transforming multiply for pjit in 0.000200510 sec
WARNING:2026-07-17 00:32:20,357:jax._src.dispatch:190: Finished tracing + transforming matmul for pjit in 0.000300407 sec
WARNING:2026-07-17 00:32:20,358:jax._src.dispatch:190: Finished tracing + transforming matmul for pjit in 0.000304461 sec
WARNING:2026-07-17 00:32:20,359:jax._src.dispatch:190: Finished tracing + transforming subtract for pjit in 0.000200748 sec
WARNING:2026-07-17 00:32:20,359:jax._src.dispatch:190: Finished tracing + transforming conjugate for pjit in 0.000144482 sec
WARNING:2026-07-17 00:32:20,360:jax._src.dispatch:190: Finished tracing + transforming multiply for pjit in 0.000276327 sec
WARNING:2026-07-17 00:32:20,360:jax._src.dispatch:190: Finished tracing + transforming real for pjit in 0.000123262 sec
WARNING:2026-07-17 00:32:20,361:jax._src.dispatch:190: Finished tracing + transforming _reduce_sum for pjit in 0.000280619 sec
WARNING:2026-07-17 00:32:20,361:jax._src.dispatch:190: Finished tracing + transforming sqrt for pjit in 0.000150204 sec
WARNING:2026-07-17 00:32:20,361:jax._src.dispatch:190: Finished tracing + transforming norm for pjit in 0.002027988 sec
WARNING:2026-07-17 00:32:20,362:jax._src.dispatch:190: Finished tracing + transforming ravel for pjit in 0.000174999 sec
WARNING:2026-07-17 00:32:20,362:jax._src.dispatch:190: Finished tracing + transforming <unnamed wrapped function> for pjit in 0.015848160 sec
WARNING:2026-07-17 00:32:20,363:jax._src.dispatch:190: Finished tracing + transforming matmul for pjit in 0.000438929 sec
WARNING:2026-07-17 00:32:20,364:jax._src.dispatch:190: Finished tracing + transforming subtract for pjit in 0.000295162 sec
WARNING:2026-07-17 00:32:20,364:jax._src.dispatch:190: Finished tracing + transforming conjugate for pjit in 0.000146151 sec
WARNING:2026-07-17 00:32:20,365:jax._src.dispatch:190: Finished tracing + transforming multiply for pjit in 0.000292301 sec
WARNING:2026-07-17 00:32:20,365:jax._src.dispatch:190: Finished tracing + transforming real for pjit in 0.000130415 sec
WARNING:2026-07-17 00:32:20,366:jax._src.dispatch:190: Finished tracing + transforming _reduce_sum for pjit in 0.000301123 sec
WARNING:2026-07-17 00:32:20,366:jax._src.dispatch:190: Finished tracing + transforming norm for pjit in 0.002311707 sec
WARNING:2026-07-17 00:32:20,367:jax._src.dispatch:190: Finished tracing + transforming true_divide for pjit in 0.000385523 sec
WARNING:2026-07-17 00:32:20,367:jax._src.dispatch:190: Finished tracing + transforming _broadcast_arrays for pjit in 0.000086308 sec
WARNING:2026-07-17 00:32:20,368:jax._src.dispatch:190: Finished tracing + transforming _where for pjit in 0.000910282 sec
WARNING:2026-07-17 00:32:20,370:jax._src.dispatch:190: Finished tracing + transforming add for pjit in 0.000198364 sec
WARNING:2026-07-17 00:32:20,372:jax._src.dispatch:190: Finished tracing + transforming _block for pjit in 0.194557190 sec
WARNING:2026-07-17 00:32:20,378:jax._src.interpreters.pxla:1912: Compiling _block with global shapes and types [ShapedArray(complex128[2,6,20,26,9]), ShapedArray(complex128[2,1,20,26,9]), ShapedArray(complex128[]), ShapedArray(complex128[9,20,2,399]), ShapedArray(complex128[9,20,2,399]), ShapedArray(complex128[9,26,2,399]), ShapedArray(complex128[9,26,2,399]), ShapedArray(float64[9,20]), ShapedArray(float64[9,26]), ShapedArray(complex128[399,399,3,3,1]), ShapedArray(complex128[399,399]), ShapedArray(complex128[9,20,26,399]), ShapedArray(complex128[9,20,26,399])]. Argument mapping: (NamedSharding(mesh=Mesh('x': 1, 'y': 1, axis_types=(Auto, Auto)), spec=PartitionSpec(), memory_kind=device), NamedSharding(mesh=Mesh('x': 1, 'y': 1, axis_types=(Auto, Auto)), spec=PartitionSpec(), memory_kind=device), UnspecifiedValue, NamedSharding(mesh=Mesh('x': 1, 'y': 1, axis_types=(Auto, Auto)), spec=PartitionSpec(None, None, None, 'x'), memory_kind=device), NamedSharding(mesh=Mesh('x': 1, 'y': 1, axis_types=(Auto, Auto)), spec=PartitionSpec(None, None, None, 'y'), memory_kind=device), NamedSharding(mesh=Mesh('x': 1, 'y': 1, axis_types=(Auto, Auto)), spec=PartitionSpec(None, None, None, 'x'), memory_kind=device), NamedSharding(mesh=Mesh('x': 1, 'y': 1, axis_types=(Auto, Auto)), spec=PartitionSpec(None, None, None, 'x'), memory_kind=device), NamedSharding(mesh=Mesh('x': 1, 'y': 1, axis_types=(Auto, Auto)), spec=PartitionSpec(None, None), memory_kind=device), UnspecifiedValue, NamedSharding(mesh=Mesh('x': 1, 'y': 1, axis_types=(Auto, Auto)), spec=PartitionSpec('x', 'y', None, None, None), memory_kind=device), NamedSharding(mesh=Mesh('x': 1, 'y': 1, axis_types=(Auto, Auto)), spec=PartitionSpec(), memory_kind=device), NamedSharding(mesh=Mesh('x': 1, 'y': 1, axis_types=(Auto, Auto)), spec=PartitionSpec(None, None, None, 'x'), memory_kind=device), NamedSharding(mesh=Mesh('x': 1, 'y': 1, axis_types=(Auto, Auto)), spec=PartitionSpec(None, None, None, 'y'), memory_kind=device)).
WARNING:2026-07-17 00:32:20,381:jax._src.dispatch:190: Finished tracing + transforming less for pjit in 0.000283241 sec
WARNING:2026-07-17 00:32:20,383:jax._src.dispatch:190: Finished tracing + transforming add for pjit in 0.000231266 sec
WARNING:2026-07-17 00:32:20,390:jax._src.dispatch:190: Finished tracing + transforming less for pjit in 0.000196934 sec
WARNING:2026-07-17 00:32:20,467:jax._src.dispatch:190: Finished tracing + transforming negative for pjit in 0.000134706 sec
WARNING:2026-07-17 00:32:20,544:jax._src.dispatch:190: Finished tracing + transforming negative for pjit in 0.000136852 sec
WARNING:2026-07-17 00:32:20,545:jax._src.dispatch:190: Finished tracing + transforming negative for pjit in 0.000122309 sec
WARNING:2026-07-17 00:32:20,547:jax._src.dispatch:190: Finished tracing + transforming negative for pjit in 0.000125885 sec
WARNING:2026-07-17 00:32:20,549:jax._src.dispatch:190: Finished tracing + transforming negative for pjit in 0.000132799 sec
WARNING:2026-07-17 00:32:20,556:jax._src.dispatch:190: Finished jaxpr to MLIR module conversion jit(_block) in 0.177932024 sec
WARNING:2026-07-17 00:32:22,083:jax._src.dispatch:190: Finished XLA compilation of jit(_block) in 1.527261734 sec
WARNING:2026-07-17 00:32:22,853:jax._src.dispatch:190: Finished tracing + transforming _einsum for pjit in 0.000576496 sec
WARNING:2026-07-17 00:32:22,854:jax._src.dispatch:190: Finished tracing + transforming _einsum for pjit in 0.000433922 sec
WARNING:2026-07-17 00:32:22,855:jax._src.dispatch:190: Finished tracing + transforming add for pjit in 0.000474215 sec
WARNING:2026-07-17 00:32:22,871:jax._src.dispatch:190: Finished tracing + transforming _reduce_sum for pjit in 0.000583172 sec
WARNING:2026-07-17 00:32:22,872:jax._src.dispatch:190: Finished tracing + transforming add for pjit in 0.000444651 sec
WARNING:2026-07-17 00:32:22,874:jax._src.dispatch:190: Finished tracing + transforming true_divide for pjit in 0.000261307 sec
WARNING:2026-07-17 00:32:22,875:jax._src.dispatch:190: Finished tracing + transforming _einsum for pjit in 0.000360966 sec
WARNING:2026-07-17 00:32:22,876:jax._src.dispatch:190: Finished tracing + transforming _reduce_sum for pjit in 0.000289679 sec
WARNING:2026-07-17 00:32:22,876:jax._src.dispatch:190: Finished tracing + transforming swapaxes for pjit in 0.000252247 sec
WARNING:2026-07-17 00:32:22,878:jax._src.dispatch:190: Finished tracing + transforming _map for pjit in 0.034134865 sec
WARNING:2026-07-17 00:32:22,879:jax._src.interpreters.pxla:1912: Compiling _map with global shapes and types [ShapedArray(complex128[6,20,26,9]), ShapedArray(complex128[9,20,2,399]), ShapedArray(complex128[9,26,2,399]), ShapedArray(complex128[399,399])]. Argument mapping: (NamedSharding(mesh=Mesh('x': 1, 'y': 1, axis_types=(Auto, Auto)), spec=PartitionSpec(None, 'x', 'y', None), memory_kind=device), NamedSharding(mesh=Mesh('x': 1, 'y': 1, axis_types=(Auto, Auto)), spec=PartitionSpec(None, None, None, 'y'), memory_kind=device), NamedSharding(mesh=Mesh('x': 1, 'y': 1, axis_types=(Auto, Auto)), spec=PartitionSpec(None, None, None, 'y'), memory_kind=device), NamedSharding(mesh=Mesh('x': 1, 'y': 1, axis_types=(Auto, Auto)), spec=PartitionSpec('x', 'y'), memory_kind=device)).
WARNING:2026-07-17 00:32:22,899:jax._src.dispatch:190: Finished jaxpr to MLIR module conversion jit(_map) in 0.019304037 sec
WARNING:2026-07-17 00:32:23,061:jax._src.dispatch:190: Finished XLA compilation of jit(_map) in 0.162165165 sec
  0   (0, 0, 0)      0    3.203e-09   2.253e-09   4.219e-10     0.284     3.264
  1   (0, 1, 0)      1    2.854e-08   2.444e-08   6.031e-10     0.101     0.255
  2   (1, 0, 0)      3    2.905e-08   2.626e-08   3.481e-10     0.019     0.346
  3   (1, 1, 0)      4    7.895e-08   4.871e-08   1.456e-10     0.018     0.398
  4   (1, 2, 0)      5    2.820e-08   2.464e-08   3.766e-10     0.018     0.341
-------------------------------------------------------------------------------

max per-q rel_err = 7.895e-08   median = 2.854e-08  (q=0 baseline ~2.5e-9). Closure at the GW minimax-quadrature floor confirms W_q = v_q(0-H_RPA^q)^-1 v_q + v_q at every symmetry-reduced q.
solve[s] column: first q carries the one-time engine compile; later q are warm dispatch (the per-q recompile is gone).
--- Timing ---
Total recorded: 6.553 s
Section                                            Count    Total[s]     Self[s]      %
w_exact.load                                           1       1.507       1.507   23.0
w_exact.wq_build                                       5       0.440       0.440    6.7
w_exact.resolve_q                                      5       4.604       4.604   70.3
w_exact.wq_compare                                     5       0.002       0.002    0.0
