
========================================================================
  COHSEX-JAX: Self-Energy Calculation
========================================================================
  Backend: GPU       Devices: 16  Mesh: 4×4  Processes: 16
  Device type: NVIDIA A100-SXM4-40GB
  XLA preallocate: unset  mem_fraction: 0.95
  XLA pool: limit=40.29 GB, in_use=0.00 GB, avail=40.29 GB
========================================================================

  ISDF basis: 2000 centroids
  FFT grid: 36×36×36   Cell volume: 270.11 a.u.³

  BGW vcoul override: loading /pscratch/sd/j/jackm/lorrax_sandbox/runs/Si_pseudobands/00_si_2x2x2_60Ry/cohsex_sweep/v1_150win_s2/bgw_vcoul.txt
    6 unique q-points, G counts per q: [2109, 2120, 2100, 2120, 2100, 2120]
    crystal sym ops loaded from /pscratch/sd/j/jackm/lorrax_sandbox/runs/Si_pseudobands/00_si_2x2x2_60Ry/cohsex_sweep/v1_150win_s2/sym_wfn.h5: 48
    Memory estimate: peak 25.74 GB (budget 28.00 GB), bottleneck=gather
    Per-stage: fft=1.43  pair=2.83  zct=3.35  reshard=3.35  solve=2.24  gather=4.19 GB

  Chunked ISDF fitting:
    Band chunks: 326
    R chunks:    46656 (contiguous r-space)
    Q chunks:    8
    Pair mode:   spin_traced
    Zeta output: /pscratch/sd/j/jackm/lorrax_sandbox/runs/Si_pseudobands/00_si_2x2x2_60Ry/cohsex_sweep/v1_150win_s2/tmp/zeta_q.h5

  Zeta fitting: 1 r-chunks x 46656 r-points, 326 bands (16 left + 326 right), spin_traced
  Output: /pscratch/sd/j/jackm/lorrax_sandbox/runs/Si_pseudobands/00_si_2x2x2_60Ry/cohsex_sweep/v1_150win_s2/tmp/zeta_q.h5
  Left wfns:  (8, 16, 2, 2000)
  Right wfns: (8, 326, 2, 2000)
  Pseudobands normalization: 248 weighted, 0 zero-weight (skipped)
  Computing pair densities P_l, P_r (spin_traced)
  Computing L_q = chol(C_q)
  L_q: (8, 2000, 2000)
  Caching G-space wavefunctions for r-chunk loop
  G-space cache: 1 band chunks
Started zeta fitting at 03:51:18.
[ 03:51:18 | ██████████ | 100% ] r-chunk 1 / 1 · ETA 0 s
Finished zeta fitting at 03:51:18.  Elapsed: 0 s.
  Zeta output: /pscratch/sd/j/jackm/lorrax_sandbox/runs/Si_pseudobands/00_si_2x2x2_60Ry/cohsex_sweep/v1_150win_s2/tmp/zeta_q.h5  shape: (2,2,2,2000,46656)
  Timing (1 r-chunks, 11.3s total):
    load     1.74s  15.4%
    pair     0.03s   0.2%
    ZCT      0.33s   2.9%
    solve    1.39s  12.3%
    H5       7.17s  63.6%
    GPU high-water mark: 6.30 GB / 28.00 GB budget (22%)
    V_q budget:    27.07 GB
    V_q mu chunks: 2000
    V_q q batches: 4
    V_q bare cutoff: 60.0 Ry
  V_q: 8 q-points, batch=4, mu=2000 (single chunk), overlapped H5 I/O
Started V_q computation at 03:51:40.
[ 03:51:40 | █░░░░░░░░░ |  12% ] q-point 1 / 8 · ETA 0 s
[ 03:51:40 | ██░░░░░░░░ |  25% ] q-point 2 / 8 · ETA 0 s
[ 03:51:40 | ████░░░░░░ |  38% ] q-point 3 / 8 · ETA 0 s
[ 03:51:40 | █████░░░░░ |  50% ] q-point 4 / 8 · ETA 0 s
[ 03:51:46 | ██████░░░░ |  62% ] q-point 5 / 8 · ETA 4 s
[ 03:51:46 | ████████░░ |  75% ] q-point 6 / 8 · ETA 2 s
[ 03:51:46 | █████████░ |  88% ] q-point 7 / 8 · ETA 1 s
[ 03:51:46 | ██████████ | 100% ] q-point 8 / 8 · ETA 0 s
Finished V_q computation at 03:51:46.  Elapsed: 6 s.

  V_q computed:
    Shape: (1, 1, 1, 2, 2, 2, 2000, 2000)
    V_q=0 trace: 51125248.2836
  Wavefunctions built (b0:b4=326 bands, 4 sharded copies: xn/xr/yr/yn)
  Chunked ISDF path complete
/pscratch/sd/j/jackm/lorrax_sandbox/sources/lorrax/src/gw/w_isdf.py:169: RuntimeWarning: overflow encountered in exp
  prefactor = -2.0 * np.asarray(quad.alpha, dtype=np.float64) * np.exp(-tau * E_gap)
/pscratch/sd/j/jackm/lorrax_sandbox/sources/lorrax/src/gw/w_isdf.py:169: RuntimeWarning: overflow encountered in exp
  prefactor = -2.0 * np.asarray(quad.alpha, dtype=np.float64) * np.exp(-tau * E_gap)
/pscratch/sd/j/jackm/lorrax_sandbox/sources/lorrax/src/gw/w_isdf.py:169: RuntimeWarning: overflow encountered in exp
  prefactor = -2.0 * np.asarray(quad.alpha, dtype=np.float64) * np.exp(-tau * E_gap)
/pscratch/sd/j/jackm/lorrax_sandbox/sources/lorrax/src/gw/w_isdf.py:169: RuntimeWarning: overflow encountered in exp
  prefactor = -2.0 * np.asarray(quad.alpha, dtype=np.float64) * np.exp(-tau * E_gap)
/pscratch/sd/j/jackm/lorrax_sandbox/sources/lorrax/src/gw/w_isdf.py:169: RuntimeWarning: overflow encountered in exp
  prefactor = -2.0 * np.asarray(quad.alpha, dtype=np.float64) * np.exp(-tau * E_gap)
/pscratch/sd/j/jackm/lorrax_sandbox/sources/lorrax/src/gw/w_isdf.py:169: RuntimeWarning: overflow encountered in exp
  prefactor = -2.0 * np.asarray(quad.alpha, dtype=np.float64) * np.exp(-tau * E_gap)
  Minimax static window: x=[1.000000e-12, 5.994292e+01] Ry, R=59942922923504.24, nodes=17, fit_err~9.994e+05
/pscratch/sd/j/jackm/lorrax_sandbox/sources/lorrax/src/gw/w_isdf.py:169: RuntimeWarning: overflow encountered in exp
  prefactor = -2.0 * np.asarray(quad.alpha, dtype=np.float64) * np.exp(-tau * E_gap)
/pscratch/sd/j/jackm/lorrax_sandbox/sources/lorrax/src/gw/w_isdf.py:169: RuntimeWarning: overflow encountered in exp
  prefactor = -2.0 * np.asarray(quad.alpha, dtype=np.float64) * np.exp(-tau * E_gap)
/pscratch/sd/j/jackm/lorrax_sandbox/sources/lorrax/src/gw/w_isdf.py:169: RuntimeWarning: overflow encountered in exp
  prefactor = -2.0 * np.asarray(quad.alpha, dtype=np.float64) * np.exp(-tau * E_gap)
/pscratch/sd/j/jackm/lorrax_sandbox/sources/lorrax/src/gw/w_isdf.py:169: RuntimeWarning: overflow encountered in exp
  prefactor = -2.0 * np.asarray(quad.alpha, dtype=np.float64) * np.exp(-tau * E_gap)
/pscratch/sd/j/jackm/lorrax_sandbox/sources/lorrax/src/gw/w_isdf.py:169: RuntimeWarning: overflow encountered in exp
  prefactor = -2.0 * np.asarray(quad.alpha, dtype=np.float64) * np.exp(-tau * E_gap)
/pscratch/sd/j/jackm/lorrax_sandbox/sources/lorrax/src/gw/w_isdf.py:169: RuntimeWarning: overflow encountered in exp
  prefactor = -2.0 * np.asarray(quad.alpha, dtype=np.float64) * np.exp(-tau * E_gap)
/pscratch/sd/j/jackm/lorrax_sandbox/sources/lorrax/src/gw/w_isdf.py:169: RuntimeWarning: overflow encountered in exp
  prefactor = -2.0 * np.asarray(quad.alpha, dtype=np.float64) * np.exp(-tau * E_gap)
/pscratch/sd/j/jackm/lorrax_sandbox/sources/lorrax/src/gw/w_isdf.py:169: RuntimeWarning: overflow encountered in exp
  prefactor = -2.0 * np.asarray(quad.alpha, dtype=np.float64) * np.exp(-tau * E_gap)
/pscratch/sd/j/jackm/lorrax_sandbox/sources/lorrax/src/gw/w_isdf.py:169: RuntimeWarning: overflow encountered in exp
  prefactor = -2.0 * np.asarray(quad.alpha, dtype=np.float64) * np.exp(-tau * E_gap)
/pscratch/sd/j/jackm/lorrax_sandbox/sources/lorrax/src/gw/w_isdf.py:169: RuntimeWarning: overflow encountered in exp
  prefactor = -2.0 * np.asarray(quad.alpha, dtype=np.float64) * np.exp(-tau * E_gap)
  |χ(0)|_max = nan  (minimax, 17 nodes)

------------------------------------------------------------------------
  FINITE-SIZE CORRECTIONS
------------------------------------------------------------------------
  Head source: override
  v(q→0)  =      825.937 a.u.  (bare Coulomb head)
  W(q→0)  =       17.128 a.u.  (screened Coulomb head)
  ΔW      =     -808.809 a.u.  (screening correction)

------------------------------------------------------------------------
  STATIC HEAD TERMS (exact COHSEX / BGW-style)
------------------------------------------------------------------------
  Head source: override
  v_h(q→0)           =   825.937000 a.u.
  W_h(q→0, ω=0)      =    17.128000 a.u.
  W_h^c              =  -808.809000 a.u.
  Σ^X head (occ)     = -3.822265e-01 Ry
  Σ^SX head (occ)    = -7.926484e-03 Ry
  Σ^(SX-X) head(occ) = 3.743001e-01 Ry
  Σ^COH head (all)   = -1.871500e-01 Ry
  Bare Σ_X diagonal (eV), k=0: -17.0244  -17.0244  -14.0255  -14.0255  -14.0129  -14.0120  -14.0119  -14.0107

  Output: /pscratch/sd/j/jackm/lorrax_sandbox/runs/Si_pseudobands/00_si_2x2x2_60Ry/cohsex_sweep/v1_150win_s2/eqp0_noqsym.dat
  Restart:  /pscratch/sd/j/jackm/lorrax_sandbox/runs/Si_pseudobands/00_si_2x2x2_60Ry/cohsex_sweep/v1_150win_s2/tmp/isdf_tensors_2000.h5

--- Timing ---
Total recorded: 78.566 s
Section                                            Count    Total[s]     Self[s]      %
gw_jax.zeta_fit_chunked                                1      28.055      10.535   35.7
  zeta_fit.load_wfns                                   1       3.168       3.091    4.0
    load_wfns.precompute_owned                         1       0.000       0.000    0.0
    load_wfns.k_loop                                   1       0.011       0.011    0.0
    load_wfns.scatter                                  1       0.025       0.025    0.0
    load_wfns.make_global_array                        1       0.041       0.041    0.1
  zeta_fit.CCT                                         1       0.784       0.784    1.0
  zeta_fit.cholesky                                    1       2.272       2.272    2.9
  zeta_fit.cache_gspace                                1       0.037       0.000    0.0
    load_wfns.precompute_owned                         1       0.000       0.000    0.0
    load_wfns.k_loop                                   1       0.013       0.013    0.0
    load_wfns.scatter                                  1       0.022       0.022    0.0
    load_wfns.make_global_array                        1       0.001       0.001    0.0
  zeta_fit.chunk_loop                                  1      11.259       0.612   14.3
    zeta_fit.chunk.load                                1       1.736       1.736    2.2
    zeta_fit.chunk.pair_density                        1       0.026       0.026    0.0
    zeta_fit.chunk.ZCT                                 1       0.327       0.327    0.4
    zeta_fit.chunk.solve                               1       1.392       1.392    1.8
    zeta_fit.chunk.h5_write                            1       7.167       7.167    9.1
gw_jax.V_q_compute                                     1      18.199       1.323   23.2
  compute_all_V_q                                      1      16.876      16.876   21.5
gw_jax.wavefunction_setup                              1       1.194       1.194    1.5
gw_jax.chi0_W                                          1      29.878      29.878   38.0
gw_jax.sigma                                           1       1.241       1.241    1.6
