JAX: 1 gpu devices
== Chunked kin_ion_io ==
Loading WFN: WFN.h5
Bands: 326, FFT grid: (36, 36, 36), k-points: 8
sys_dim: 3
Devices: 1
Pseudopotentials: ['Si']
Coulomb truncation: 3D bulk
Building V_loc...
Building unified V_NL setup...

Processing 8 k-points...
  k=1/8...

Writing to /pscratch/sd/j/jackm/lorrax_sandbox/runs/Si_pseudobands/00_si_2x2x2_60Ry/cohsex_sweep/v1_150win_s2/kin_ion.h5...
Wrote kin_ion.h5: shape (8, 326, 326), sys_dim=3
--- Timing (seconds) ---
Total recorded: 8.091 s
Section                                            Count    Total[s]     Self[s]      %
load_wfn                                               1       0.149       0.149    1.8
build_V_loc                                            1       0.862       0.862   10.7
k0                                                     1       2.556       2.556   31.6
k1                                                     1       1.769       1.769   21.9
k2                                                     1       0.160       0.160    2.0
k3                                                     1       1.773       1.773   21.9
k4                                                     1       0.225       0.225    2.8
k5                                                     1       0.179       0.179    2.2
k6                                                     1       0.256       0.256    3.2
k7                                                     1       0.142       0.142    1.8
write_h5                                               1       0.020       0.020    0.2
