[runtime] JAX_PLATFORMS=cpu: skipping GPU PJRT plugin discovery (no CUDA libraries are loaded; measured 76.9 s of cold start on Frontera, job 7882076).  LORRAX_CPU_SKIP_GPU_PLUGINS=0 restores it.
[runtime] CPU collectives: mpi (MPItrampoline -> /work2/08271/jackmc/frontera/lorrax_mpiwrapper/install/lib64/libmpiwrapper.so).
MPI startup(): Could not import some environment variables. Intel MPI process pinning will not be used.
               Possible reason: Using the Slurm srun command. In this case, Slurm pinning will be used.
[0] MPI startup(): Intel(R) MPI Library, Version 2019 Update 9  Build 20200923 (id: abd58e492)
[0] MPI startup(): Copyright (C) 2003-2020 Intel Corporation.  All rights reserved.
[0] MPI startup(): library kind: release
[0] MPI startup(): libfabric version: 1.10.1-impi
[0] MPI startup(): libfabric provider: mlx
[0] MPI startup(): Rank    Pid      Node name                          Pin cpu
[0] MPI startup(): 0       99690    c211-007.frontera.tacc.utexas.edu  0,1,2,3,4,5,6,7,8,9,10,11,12,13,14,15,16,17,18,19,20,21,22,23,24,25,26,27
[0] MPI startup(): 1       99694    c211-007.frontera.tacc.utexas.edu  28,29,30,31,32,33,34,35,36,37,38,39,40,41,42,43,44,45,46,47,48,49,50,51,52,53,54,55
[0] MPI startup(): 2       234458   c211-008.frontera.tacc.utexas.edu  0,1,2,3,4,5,6,7,8,9,10,11,12,13,14,15,16,17,18,19,20,21,22,23,24,25,26,27
[0] MPI startup(): 3       234453   c211-008.frontera.tacc.utexas.edu  28,29,30,31,32,33,34,35,36,37,38,39,40,41,42,43,44,45,46,47,48,49,50,51,52,53,54,55
[sitecustomize] skip_atexit: NOT registering MpiCollectives.Finalize
[collectives] warmed 3 MPI cliques for mesh (2, 2) axes=['x', 'y'] in 120 ms
[fft_ffi] flat-k 3-D FFTs -> MKL FFT (DFTI API) host FFI handler (lorrax_mklfft_flat_k): O(N log N) FFT reading the dot-layout tile in place via stride descriptors — no XLA layout transposes.
[bands_gemm] contract_bands right-GEMMs -> vendor-BLAS GEMM host FFI handler (lorrax_mklblas_gemm_batch): dgemm/zgemm at BLAS rate (memo Sec. 4.4 exit (b)); collectives, channel algebra and left dots untouched.
  [compile-cache] ARMED at 4 processes, shared dir /scratch2/08271/jackmc/lorrax_jax_cache/np4 (3138 entries advertised, 3138 agreed by all ranks; agree+prefetch 1.71s of which prefetch 1.17s).
==============================================================================
  LORRAX runtime — resolved startup configuration
==============================================================================
  This is rank 0 of 4, and it addresses 1 of the 4 devices in the job.
  jax.distributed.initialize() took its explicit form with coordinator_address='c211-007:13568', num_processes=4 and local_device_ids=None.
  The JAX platform resolved to 'cpu' on devices of kind 'cpu', from JAX_PLATFORMS='cpu', under jax 0.9.1 with 64-bit values enabled.
  The run's device mesh is 2x2 over axes ('x', 'y'), and its communicator cliques were warmed before the first physics jit.
  Bringing this stack up took 3.8 s in total: 1.7 s for the environment, jax.distributed and backend init, 0.4 s to build the mesh and warm its communicators, 1.7 s to arm the compile cache and 0.0 s to measure everything in this block.
  DEMOTION: GPU PJRT plugin discovery was skipped (JAX_PLATFORMS=cpu), so no CUDA library was loaded; the measured saving on a cold Frontera node is 76.9 s (job 7882076), and LORRAX_CPU_SKIP_GPU_PLUGINS=0 restores it.
  Demotions listed above are this rank's; a demotion that happened only on another rank is announced in that rank's own output and does not appear here.
  Multi-process CPU collectives run on the MPI implementation (JAX_CPU_COLLECTIVES_IMPLEMENTATION=mpi) through the MPItrampoline wrapper /work2/08271/jackmc/frontera/lorrax_mpiwrapper/install/lib64/libmpiwrapper.so.
  The MPI transport knobs resolved to LORRAX_MPI_FINALIZE_FIX='skip_atexit' and LORRAX_MPI_FORCE_THREAD_MAIN=None; the thread-main refusal is handled by warming the cliques from the main thread, so the wrapper override is not required.
  The XLA GPU pool knobs do not apply on the cpu backend, and that backend keeps no arena accounting, so no allocator figure is reported.
  The cpu FFI library loaded from /work2/08271/jackmc/frontera/lorrax_ffi_unified/build_host_PADFIX/liblorrax_ffi_host.so, selected by LORRAX_FFI_HOST_SO.
  FFI build provenance: /work2/08271/jackmc/frontera/lorrax_ffi_unified/build_host_PADFIX/liblorrax_ffi_host.so | rev d935ce703 | sha 13a0b667261e071a | built 2026-08-02T21:46:45Z | slate=on
  The LORRAX_BANDS_GEMM_FFI dial is unset and resolved to on, so the contract_bands right-GEMM contraction is routed through the FFI handler (the required layer).
  The LORRAX_FFT_FFI dial is unset and resolved to on, so the flat-k 3-D FFT helper path is routed through the FFI handler (the required layer).
  The LORRAX_FFT_FFI_FUSED dial is unset and resolved to on, so the fused IFFT-multiply-FFT tau kernel is routed through the FFI handler (the required layer).
  The distributed backends available for eigh on this mesh are distributed, native, scalapack; which one runs is the input-file key, not an environment variable.
  The distributed backends available for cholesky on this mesh are native, slate; which one runs is the input-file key, not an environment variable.
  The distributed backends available for solve_lu on this mesh are distributed, native, scalapack; which one runs is the input-file key, not an environment variable.
  This process is pinned to 28 schedulable CPUs, with OMP_NUM_THREADS='28', MKL_NUM_THREADS='28' and OPENBLAS_NUM_THREADS='28'.
  Inside the FFI handlers the BLAS team size is LORRAX_MKLBLAS_THREADS=None for the batched GEMM, where unset means the ambient thread count, and LORRAX_SCALAPACK_MKL_THREADS=None for the ScaLAPACK handlers, where unset means a cap of 4 because pzheevd measured 11.28 s per q at 14 MKL threads against 0.463 s at 4.
  The JAX persistent compile cache is enabled at /scratch2/08271/jackmc/lorrax_jax_cache/np4, shared by all 4 ranks through the hit/miss agreement layer.
  The cache key includes every array shape, so a system size this machine has not run before misses every entry no matter how warm the cache looks.
  The fail-fast excepthook is installed, so an uncaught exception on any rank exits the step non-zero instead of leaving its peers blocked in a collective that rank will never join.
  glibc malloc tuning is in force with M_MMAP_THRESHOLD=1 MB and M_TRIM_THRESHOLD=128 MB, which is the mitigation for the per-r-chunk RSS ramp on long XLA:CPU runs.
==============================================================================
read_lorrax_input: 2 unrecognized deck key(s) in gw.in:
    x_only (line 10): ignored — not a recognized deck key
    use_chunked_isdf (line 23): ignored — not a recognized deck key
  [config] slab_io=auto on CPU backend: host FFI exports the collective phdf5 write handler and MPI can bootstrap (launcher PMI environment present (PMI_FD)).  Routing SlabIO through PHDF5_FFI (bare-MPI C++ collective MPI-IO, no mpi4py needed).
  [config] distributed_lu=auto on CPU backend: auto never picks an FFI LU here (cuSOLVERMp is CUDA-only; ScaLAPACK is explicit-only).  Demoting to 'off' (in-tree per-q jnp.linalg.solve).  The ScaLAPACK host FFI is available via explicit distributed_lu = scalapack.

========================================================================
  COHSEX-JAX: Self-Energy Calculation
========================================================================
  Backend: CPU       Devices: 4  Mesh: 2×2  Processes: 4
  Device type: cpu
  XLA GPU pool knobs: not applicable on the cpu backend (set but ignored: XLA_PYTHON_CLIENT_PREALLOCATE)
  XLA pool: the client reports no arena accounting (bytes_limit=0) — no pool figures available
========================================================================

  [WfnLoader] read backend = phdf5 (auto, 4 processes) — collective MPI-IO read through the phdf5 FFI .so
[density-symmetry] WFN.h5: TRS=HOLDS (measured, ‖m‖/‖ρ‖=4.29e-14, coverage=25%, mesh-implies-TRS=True) | spatial 2/2 ops tested, max resid 5.36e-13 | ∫ρ=26.000000 (exp 26.000000, rel 4.1e-16) | 0.97s (io 0.16 + fft 0.73) (10 k)
  ISDF basis: 402 centroids
  FFT grid: 24×24×80   Cell volume: 702.20 a.u.³

[stage 12:01:18] -> ISDF basis + wavefunctions

  ISDF memory model — chunk plan + HWM estimate
    band_chunk    = 16
    r_chunk       = 18164  (3 chunks)
    q_chunk       = 16
    gflat_cs      = 100
    P_min (floor) = 1
    budget        = 40.00 GB/dev  (util 0.78)
    persistent    = 0.30 GB/dev
    HWM estimate  = 31.20 GB/dev (78% of budget) [binder: C_fit_one_rchunk]
    per-stage peaks (persistent + transient, GB/dev):
      C_fit_one_rchunk....   31.20 <=
      D_accumulate........    0.91
      A_centroid_load.....    0.67
      B_cct_chol..........    0.64
      E_v_q...............    0.28
      F_tensor_write......    0.18

  Chunked ISDF fitting:
    Band chunks: 16
    R chunks:    18164 (contiguous r-space)
    Q chunks:    16
    GFlat cs:    100
    Zeta output: /scratch2/08271/jackmc/bispinor_zeta_reuse/run_bi4/tmp/zeta_q.h5
    cutoffs: zeta = 30.0 Ry, bare-Coulomb = 30.0 Ry  (ecutwfc=30.0, ecutrho=120.0)
    [zeta reuse] the transverse ζ for μ_L=2 (/scratch2/08271/jackmc/bispinor_zeta_reuse/run_bi4/tmp/zeta_q_mu2.h5) is NOT reusable, so the charge ζ is not reused either — refitting all four channels.

  Zeta fitting: 3 r-chunks x 18164 r-points, 128 bands (128 left + 128 right)
  Output: /scratch2/08271/jackmc/bispinor_zeta_reuse/run_bi4/tmp/zeta_q.h5
  Left wfns:  (16, 128, 4, 404)
  Right wfns: (16, 128, 4, 404)
  Computing C_q via shard_map pipeline (open-spin, charge γ̃^0=I)
  Computing L_q = rank-truncated pinv  [PSD, charge channel, path=replicated_rank_truncate]
  Zeta back-solve tier: replicated (distributed_zeta_solve=auto)  replicated (nq,μ,μ) gather would be 0.03 GB/rank; per-q tile 0.004 GB (×nq executions/r-chunk); distributed tier gathers NO (μ,μ) object
[zeta rank_truncate] n_log=402 rcond=1.0e-08 n_keep/q=[402 402 402 402 402 402 402 402 402 402] lam_max/q=[0.00716394 0.00714912 0.00714056 0.00714912 0.00713868 0.00713868
 0.00714912 0.00714056 0.00713868 0.00714056] lam_min_kept/q=[5.06235757e-10 6.06588200e-10 6.31933071e-10 6.06588497e-10
 6.52961120e-10 6.52961046e-10 6.06588464e-10 6.31932830e-10
 6.52960382e-10 6.31932460e-10] kappa/q=[14151392.34541197 11785793.41889688 11299551.7526269  11785787.68353492
 10932775.89294432 10932777.27700882 11785788.47248231 11299556.07839135
 10932788.41013706 11299563.0133751 ] ldrop_hi/q=[-inf -inf -inf -inf -inf -inf -inf -inf -inf -inf] lam_min/q=[5.06235757e-10 6.06588200e-10 6.31933071e-10 6.06588497e-10
 6.52961120e-10 6.52961046e-10 6.06588464e-10 6.31932830e-10
 6.52960382e-10 6.31932460e-10] margin/q=[0. 0. 0. 0. 0. 0. 0. 0. 0. 0.]
  L_q: (10, 404, 404)
  q-IBZ reduction: 10 IBZ q-points / 16 full-BZ (disk shrink 1.6×)
  G-flat ζ sphere: ngkmax=1964, min ngk=1933, max ngk=1964 (4.262% of n_rtot)
  ψ(G-flat) host cache: 0.06 GB/process resident
  G-flat ζ accumulator: N=1010 rows/rank (n_q=10 × n_mu_local=101); chunk_size=100 → per-iter FFT box 0.07 GB/rank
Started zeta fitting at 12:02:07.
[ 12:02:07 | ███░░░░░░░ |  33% ] r-chunk 1 / 3 · ETA 0 s
[ 12:02:50 | ███████░░░ |  67% ] r-chunk 2 / 3 · ETA 22 s
[ 12:03:15 | ██████████ | 100% ] r-chunk 3 / 3 · ETA 0 s
Finished zeta fitting at 12:03:15.  Elapsed: 68 s.
  [SlabIO.close] draining 1 pending writes for zeta_q.h5 …
  [SlabIO.close] Python dispatch drained in 0.1 s; joining writer thread
  [SlabIO.close] writer thread joined in 0.0 s; calling H5Fclose collectively
  [SlabIO.close] H5Fclose returned in 0.1 s
  Zeta output: /scratch2/08271/jackmc/bispinor_zeta_reuse/run_bi4/tmp/zeta_q.h5  shape: (n_q_disk=10 of 4·4·1=16 full-BZ, n_rtot=46080, n_rmu=402)
  Timing (3 r-chunks, 111.7s total):
    fit    111.34s  99.7%
    H5       0.24s   0.2%

  [bispinor] fitting ζ^{μ_L=1,2,3} on current-density centroids: centroids_T.txt
  [bispinor] μ_L=1 → /scratch2/08271/jackmc/bispinor_zeta_reuse/run_bi4/tmp/zeta_q_mu1.h5

  Zeta fitting: 3 r-chunks x 18164 r-points, 128 bands (128 left + 128 right)
  Output: /scratch2/08271/jackmc/bispinor_zeta_reuse/run_bi4/tmp/zeta_q_mu1.h5
  Left wfns:  (16, 128, 4, 144)
  Right wfns: (16, 128, 4, 144)
  Computing C_q via shard_map pipeline (open-spin, transverse γ̃^1)
  Computing transverse factor = hoisted per-q pivoted LU (once per channel)  [γ̃^1 indefinite — path=lu]
  Zeta back-solve tier: replicated (distributed_zeta_solve=auto)  replicated (nq,μ,μ) gather would be 0.00 GB/rank; per-q tile 0.000 GB (×nq executions/r-chunk); distributed tier gathers NO (μ,μ) object
  L_q: (10, 144, 144)
  q-IBZ reduction: 10 IBZ q-points / 16 full-BZ (disk shrink 1.6×)
  G-flat ζ sphere: ngkmax=1964, min ngk=1933, max ngk=1964 (4.262% of n_rtot)
  ψ(G-flat) host cache: 0.06 GB/process resident
  G-flat ζ accumulator: N=360 rows/rank (n_q=10 × n_mu_local=36); chunk_size=100 → per-iter FFT box 0.07 GB/rank
Started zeta fitting at 12:03:36.
[ 12:03:36 | ███░░░░░░░ |  33% ] r-chunk 1 / 3 · ETA 0 s
[ 12:03:54 | ███████░░░ |  67% ] r-chunk 2 / 3 · ETA 9 s
[ 12:04:04 | ██████████ | 100% ] r-chunk 3 / 3 · ETA 0 s
Finished zeta fitting at 12:04:04.  Elapsed: 28 s.
  [SlabIO.close] draining 1 pending writes for zeta_q_mu1.h5 …
  [SlabIO.close] Python dispatch drained in 0.1 s; joining writer thread
  [SlabIO.close] writer thread joined in 0.0 s; calling H5Fclose collectively
  [SlabIO.close] H5Fclose returned in 0.0 s
  Zeta output: /scratch2/08271/jackmc/bispinor_zeta_reuse/run_bi4/tmp/zeta_q_mu1.h5  shape: (n_q_disk=10 of 4·4·1=16 full-BZ, n_rtot=46080, n_rmu=143)
  Timing (3 r-chunks, 45.5s total):
    fit     45.13s  99.3%
    H5       0.25s   0.5%
  [bispinor] μ_L=2 → /scratch2/08271/jackmc/bispinor_zeta_reuse/run_bi4/tmp/zeta_q_mu2.h5

  Zeta fitting: 3 r-chunks x 18164 r-points, 128 bands (128 left + 128 right)
  Output: /scratch2/08271/jackmc/bispinor_zeta_reuse/run_bi4/tmp/zeta_q_mu2.h5
  Left wfns:  (16, 128, 4, 144)
  Right wfns: (16, 128, 4, 144)
  Computing C_q via shard_map pipeline (open-spin, transverse γ̃^2)
  Computing transverse factor = hoisted per-q pivoted LU (once per channel)  [γ̃^2 indefinite — path=lu]
  Zeta back-solve tier: replicated (distributed_zeta_solve=auto)  replicated (nq,μ,μ) gather would be 0.00 GB/rank; per-q tile 0.000 GB (×nq executions/r-chunk); distributed tier gathers NO (μ,μ) object
  L_q: (10, 144, 144)
  q-IBZ reduction: 10 IBZ q-points / 16 full-BZ (disk shrink 1.6×)
  G-flat ζ sphere: ngkmax=1964, min ngk=1933, max ngk=1964 (4.262% of n_rtot)
  ψ(G-flat) host cache: 0.06 GB/process resident
  G-flat ζ accumulator: N=360 rows/rank (n_q=10 × n_mu_local=36); chunk_size=100 → per-iter FFT box 0.07 GB/rank
Started zeta fitting at 12:04:24.
[ 12:04:24 | ███░░░░░░░ |  33% ] r-chunk 1 / 3 · ETA 0 s
[ 12:04:41 | ███████░░░ |  67% ] r-chunk 2 / 3 · ETA 9 s
[ 12:04:52 | ██████████ | 100% ] r-chunk 3 / 3 · ETA 0 s
Finished zeta fitting at 12:04:52.  Elapsed: 28 s.
  [SlabIO.close] draining 1 pending writes for zeta_q_mu2.h5 …
  [SlabIO.close] Python dispatch drained in 0.1 s; joining writer thread
  [SlabIO.close] writer thread joined in 0.0 s; calling H5Fclose collectively
  [SlabIO.close] H5Fclose returned in 0.1 s
  Zeta output: /scratch2/08271/jackmc/bispinor_zeta_reuse/run_bi4/tmp/zeta_q_mu2.h5  shape: (n_q_disk=10 of 4·4·1=16 full-BZ, n_rtot=46080, n_rmu=143)
  Timing (3 r-chunks, 45.7s total):
    fit     45.45s  99.5%
    H5       0.15s   0.3%
  [bispinor] μ_L=3 → /scratch2/08271/jackmc/bispinor_zeta_reuse/run_bi4/tmp/zeta_q_mu3.h5

  Zeta fitting: 3 r-chunks x 18164 r-points, 128 bands (128 left + 128 right)
  Output: /scratch2/08271/jackmc/bispinor_zeta_reuse/run_bi4/tmp/zeta_q_mu3.h5
  Left wfns:  (16, 128, 4, 144)
  Right wfns: (16, 128, 4, 144)
  Computing C_q via shard_map pipeline (open-spin, transverse γ̃^3)
  Computing transverse factor = hoisted per-q pivoted LU (once per channel)  [γ̃^3 indefinite — path=lu]
  Zeta back-solve tier: replicated (distributed_zeta_solve=auto)  replicated (nq,μ,μ) gather would be 0.00 GB/rank; per-q tile 0.000 GB (×nq executions/r-chunk); distributed tier gathers NO (μ,μ) object
  L_q: (10, 144, 144)
  q-IBZ reduction: 10 IBZ q-points / 16 full-BZ (disk shrink 1.6×)
  G-flat ζ sphere: ngkmax=1964, min ngk=1933, max ngk=1964 (4.262% of n_rtot)
  ψ(G-flat) host cache: 0.06 GB/process resident
  G-flat ζ accumulator: N=360 rows/rank (n_q=10 × n_mu_local=36); chunk_size=100 → per-iter FFT box 0.07 GB/rank
Started zeta fitting at 12:05:13.
[ 12:05:13 | ███░░░░░░░ |  33% ] r-chunk 1 / 3 · ETA 0 s
[ 12:05:30 | ███████░░░ |  67% ] r-chunk 2 / 3 · ETA 9 s
[ 12:05:41 | ██████████ | 100% ] r-chunk 3 / 3 · ETA 0 s
Finished zeta fitting at 12:05:41.  Elapsed: 28 s.
  [SlabIO.close] draining 1 pending writes for zeta_q_mu3.h5 …
  [SlabIO.close] Python dispatch drained in 0.1 s; joining writer thread
  [SlabIO.close] writer thread joined in 0.0 s; calling H5Fclose collectively
  [SlabIO.close] H5Fclose returned in 0.1 s
  Zeta output: /scratch2/08271/jackmc/bispinor_zeta_reuse/run_bi4/tmp/zeta_q_mu3.h5  shape: (n_q_disk=10 of 4·4·1=16 full-BZ, n_rtot=46080, n_rmu=143)
  Timing (3 r-chunks, 46.0s total):
    fit     45.78s  99.5%
    H5       0.15s   0.3%
    V_q bare cutoff: 30.0 Ry
    V_q budget:    39.70 GB

  [bispinor] V_q^{μ_L,ν_L} → /scratch2/08271/jackmc/bispinor_zeta_reuse/run_bi4/tmp/v_q_bispinor.h5
  [SlabIO.close] draining 0 pending writes for v_q_bispinor.h5 …
  [SlabIO.close] Python dispatch drained in 0.0 s; joining writer thread
  [SlabIO.close] writer thread joined in 0.0 s; calling H5Fclose collectively
  [SlabIO.close] H5Fclose returned in 0.0 s
  [bispinor g-flat] tile 1/7 (μ_L=0, ν_L=0)  n_rmu_L=402 n_rmu_R=402  same_zeta=True  use_ibz=True
  V_q g-flat [V_qmunu_CC]: n_q_ibz=10, ngkmax=1964, g_chunk=1964 (1/q), n_rmu_L=402→404, n_rmu_R=402→404, unfold=IBZ→full
    [V_qmunu_CC] pre-read all 10 IBZ ζ̃ slabs (1 batched call): 0.12s
    [V_qmunu_CC] q=0/10: kernel=0.09s
    [V_qmunu_CC] q=1/10: kernel=0.01s
    [V_qmunu_CC] q=2/10: kernel=0.01s
    [V_qmunu_CC] q=3/10: kernel=0.01s
    [V_qmunu_CC] q=4/10: kernel=0.01s
    [V_qmunu_CC] q=5/10: kernel=0.01s
    [V_qmunu_CC] q=6/10: kernel=0.01s
    [V_qmunu_CC] q=7/10: kernel=0.01s
    [V_qmunu_CC] q=8/10: kernel=0.01s
    [V_qmunu_CC] q=9/10: kernel=0.01s
  [SlabIO.close] draining 1 pending writes for v_q_bispinor.h5 …
  [SlabIO.close] Python dispatch drained in 0.0 s; joining writer thread
  [SlabIO.close] writer thread joined in 0.0 s; calling H5Fclose collectively
  [SlabIO.close] H5Fclose returned in 0.0 s
  [bispinor g-flat] tile 2/7 (μ_L=1, ν_L=1)  n_rmu_L=143 n_rmu_R=143  same_zeta=True  use_ibz=True
  V_q g-flat [V_qmunu_TT_11]: n_q_ibz=10, ngkmax=1964, g_chunk=1964 (1/q), n_rmu_L=143→144, n_rmu_R=143→144, unfold=IBZ→full
    [V_qmunu_TT_11] pre-read all 10 IBZ ζ̃ slabs (1 batched call): 0.05s
    [V_qmunu_TT_11] q=0/10: kernel=0.04s
    [V_qmunu_TT_11] q=1/10: kernel=0.01s
    [V_qmunu_TT_11] q=2/10: kernel=0.01s
    [V_qmunu_TT_11] q=3/10: kernel=0.01s
    [V_qmunu_TT_11] q=4/10: kernel=0.00s
    [V_qmunu_TT_11] q=5/10: kernel=0.01s
    [V_qmunu_TT_11] q=6/10: kernel=0.01s
    [V_qmunu_TT_11] q=7/10: kernel=0.00s
    [V_qmunu_TT_11] q=8/10: kernel=0.01s
    [V_qmunu_TT_11] q=9/10: kernel=0.01s
  [bispinor g-flat] tile 3/7 (μ_L=2, ν_L=2)  n_rmu_L=143 n_rmu_R=143  same_zeta=True  use_ibz=True
  V_q g-flat [V_qmunu_TT_22]: n_q_ibz=10, ngkmax=1964, g_chunk=1964 (1/q), n_rmu_L=143→144, n_rmu_R=143→144, unfold=IBZ→full
    [V_qmunu_TT_22] pre-read all 10 IBZ ζ̃ slabs (1 batched call): 0.05s
    [V_qmunu_TT_22] q=0/10: kernel=0.01s
    [V_qmunu_TT_22] q=1/10: kernel=0.01s
    [V_qmunu_TT_22] q=2/10: kernel=0.01s
    [V_qmunu_TT_22] q=3/10: kernel=0.01s
    [V_qmunu_TT_22] q=4/10: kernel=0.01s
    [V_qmunu_TT_22] q=5/10: kernel=0.00s
    [V_qmunu_TT_22] q=6/10: kernel=0.01s
    [V_qmunu_TT_22] q=7/10: kernel=0.00s
    [V_qmunu_TT_22] q=8/10: kernel=0.01s
    [V_qmunu_TT_22] q=9/10: kernel=0.01s
  [bispinor g-flat] tile 4/7 (μ_L=3, ν_L=3)  n_rmu_L=143 n_rmu_R=143  same_zeta=True  use_ibz=True
  V_q g-flat [V_qmunu_TT_33]: n_q_ibz=10, ngkmax=1964, g_chunk=1964 (1/q), n_rmu_L=143→144, n_rmu_R=143→144, unfold=IBZ→full
    [V_qmunu_TT_33] pre-read all 10 IBZ ζ̃ slabs (1 batched call): 0.05s
    [V_qmunu_TT_33] q=0/10: kernel=0.01s
    [V_qmunu_TT_33] q=1/10: kernel=0.01s
    [V_qmunu_TT_33] q=2/10: kernel=0.00s
    [V_qmunu_TT_33] q=3/10: kernel=0.01s
    [V_qmunu_TT_33] q=4/10: kernel=0.01s
    [V_qmunu_TT_33] q=5/10: kernel=0.01s
    [V_qmunu_TT_33] q=6/10: kernel=0.01s
    [V_qmunu_TT_33] q=7/10: kernel=0.01s
    [V_qmunu_TT_33] q=8/10: kernel=0.01s
    [V_qmunu_TT_33] q=9/10: kernel=0.00s
  [bispinor g-flat] tile 5/7 (μ_L=1, ν_L=2)  n_rmu_L=143 n_rmu_R=143  same_zeta=False  use_ibz=True
  V_q g-flat [V_qmunu_TT_12]: n_q_ibz=10, ngkmax=1964, g_chunk=1964 (1/q), n_rmu_L=143→144, n_rmu_R=143→144, unfold=IBZ→full
    [V_qmunu_TT_12] pre-read all 10 IBZ ζ̃ slabs (1 batched call): 0.05s
    [V_qmunu_TT_12] q=0/10: kernel=0.03s
    [V_qmunu_TT_12] q=1/10: kernel=0.01s
    [V_qmunu_TT_12] q=2/10: kernel=0.01s
    [V_qmunu_TT_12] q=3/10: kernel=0.01s
    [V_qmunu_TT_12] q=4/10: kernel=0.01s
    [V_qmunu_TT_12] q=5/10: kernel=0.01s
    [V_qmunu_TT_12] q=6/10: kernel=0.01s
    [V_qmunu_TT_12] q=7/10: kernel=0.01s
    [V_qmunu_TT_12] q=8/10: kernel=0.01s
    [V_qmunu_TT_12] q=9/10: kernel=0.00s
  [bispinor g-flat] tile 6/7 (μ_L=1, ν_L=3)  n_rmu_L=143 n_rmu_R=143  same_zeta=False  use_ibz=True
  V_q g-flat [V_qmunu_TT_13]: n_q_ibz=10, ngkmax=1964, g_chunk=1964 (1/q), n_rmu_L=143→144, n_rmu_R=143→144, unfold=IBZ→full
    [V_qmunu_TT_13] pre-read all 10 IBZ ζ̃ slabs (1 batched call): 0.05s
    [V_qmunu_TT_13] q=0/10: kernel=0.01s
    [V_qmunu_TT_13] q=1/10: kernel=0.01s
    [V_qmunu_TT_13] q=2/10: kernel=0.01s
    [V_qmunu_TT_13] q=3/10: kernel=0.01s
    [V_qmunu_TT_13] q=4/10: kernel=0.01s
    [V_qmunu_TT_13] q=5/10: kernel=0.01s
    [V_qmunu_TT_13] q=6/10: kernel=0.01s
    [V_qmunu_TT_13] q=7/10: kernel=0.01s
    [V_qmunu_TT_13] q=8/10: kernel=0.01s
    [V_qmunu_TT_13] q=9/10: kernel=0.01s
  [bispinor g-flat] tile 7/7 (μ_L=2, ν_L=3)  n_rmu_L=143 n_rmu_R=143  same_zeta=False  use_ibz=True
  V_q g-flat [V_qmunu_TT_23]: n_q_ibz=10, ngkmax=1964, g_chunk=1964 (1/q), n_rmu_L=143→144, n_rmu_R=143→144, unfold=IBZ→full
    [V_qmunu_TT_23] pre-read all 10 IBZ ζ̃ slabs (1 batched call): 0.05s
    [V_qmunu_TT_23] q=0/10: kernel=0.01s
    [V_qmunu_TT_23] q=1/10: kernel=0.01s
    [V_qmunu_TT_23] q=2/10: kernel=0.01s
    [V_qmunu_TT_23] q=3/10: kernel=0.01s
    [V_qmunu_TT_23] q=4/10: kernel=0.01s
    [V_qmunu_TT_23] q=5/10: kernel=0.01s
    [V_qmunu_TT_23] q=6/10: kernel=0.01s
    [V_qmunu_TT_23] q=7/10: kernel=0.01s
    [V_qmunu_TT_23] q=8/10: kernel=0.01s
    [V_qmunu_TT_23] q=9/10: kernel=0.01s
  [SlabIO.close] draining 1 pending writes for v_q_bispinor.h5 …
  [SlabIO.close] Python dispatch drained in 0.0 s; joining writer thread
  [SlabIO.close] writer thread joined in 0.0 s; calling H5Fclose collectively
  [SlabIO.close] H5Fclose returned in 0.0 s
  [SlabIO.close] draining 1 pending writes for v_q_bispinor.h5 …
  [SlabIO.close] Python dispatch drained in 0.0 s; joining writer thread
  [SlabIO.close] writer thread joined in 0.0 s; calling H5Fclose collectively
  [SlabIO.close] H5Fclose returned in 0.0 s
  [SlabIO.close] draining 1 pending writes for v_q_bispinor.h5 …
  [SlabIO.close] Python dispatch drained in 0.0 s; joining writer thread
  [SlabIO.close] writer thread joined in 0.0 s; calling H5Fclose collectively
  [SlabIO.close] H5Fclose returned in 0.0 s
  [SlabIO.close] draining 1 pending writes for v_q_bispinor.h5 …
  [SlabIO.close] Python dispatch drained in 0.0 s; joining writer thread
  [SlabIO.close] writer thread joined in 0.0 s; calling H5Fclose collectively
  [SlabIO.close] H5Fclose returned in 0.0 s
  [SlabIO.close] draining 1 pending writes for v_q_bispinor.h5 …
  [SlabIO.close] Python dispatch drained in 0.0 s; joining writer thread
  [SlabIO.close] writer thread joined in 0.0 s; calling H5Fclose collectively
  [SlabIO.close] H5Fclose returned in 0.1 s
  [SlabIO.close] draining 1 pending writes for v_q_bispinor.h5 …
  [SlabIO.close] Python dispatch drained in 0.0 s; joining writer thread
  [SlabIO.close] writer thread joined in 0.0 s; calling H5Fclose collectively
  [SlabIO.close] H5Fclose returned in 0.0 s
  [SlabIO.close] draining 0 pending writes for zeta_q_mu3.h5 …
  [SlabIO.close] Python dispatch drained in 0.0 s; joining writer thread
  [SlabIO.close] writer thread joined in 0.0 s; calling H5Fclose collectively
  [SlabIO.close] H5Fclose returned in 0.0 s
  [SlabIO.close] draining 0 pending writes for zeta_q_mu2.h5 …
  [SlabIO.close] Python dispatch drained in 0.0 s; joining writer thread
  [SlabIO.close] writer thread joined in 0.0 s; calling H5Fclose collectively
  [SlabIO.close] H5Fclose returned in 0.0 s
  [SlabIO.close] draining 0 pending writes for zeta_q_mu1.h5 …
  [SlabIO.close] Python dispatch drained in 0.0 s; joining writer thread
  [SlabIO.close] writer thread joined in 0.0 s; calling H5Fclose collectively
  [SlabIO.close] H5Fclose returned in 0.0 s
  [SlabIO.close] draining 0 pending writes for zeta_q.h5 …
  [SlabIO.close] Python dispatch drained in 0.0 s; joining writer thread
  [SlabIO.close] writer thread joined in 0.0 s; calling H5Fclose collectively
  [SlabIO.close] H5Fclose returned in 0.0 s
  [SlabIO.close] draining 0 pending writes for v_q_bispinor.h5 …
  [SlabIO.close] Python dispatch drained in 0.0 s; joining writer thread
  [SlabIO.close] writer thread joined in 0.0 s; calling H5Fclose collectively
  [SlabIO.close] H5Fclose returned in 0.0 s

  V_q computed:
    Shape: (16, 404, 404)
    V_q=0 trace: 217668178.9614
  [restart_write] V_qmunu (16, 402, 402) 0.04 GB in 0.0 s (52439 MB/s)
  [restart_write] G0_mu_nu (402,) 0.00 GB in 0.0 s (0 MB/s)
  [restart_write] enk_full (16, 128) 0.00 GB in 0.0 s (1 MB/s)
  [restart_write] W0_qmunu placeholder ALLOCATED (16, 402, 402) 0.04 GB in 0.0 s (no data written)
  [SlabIO.close] draining 0 pending writes for isdf_tensors_402.h5 …
  [SlabIO.close] Python dispatch drained in 0.0 s; joining writer thread
  [SlabIO.close] writer thread joined in 0.0 s; calling H5Fclose collectively
  [SlabIO.close] H5Fclose returned in 0.1 s
  Wavefunctions built (b0:b4=128 bands, 4 sharded copies: xn/xr/yr/yn)
  Wavefunctions built (b0:b4=128 bands, 4 sharded copies: xn/xr/yr/yn)
  [bispinor] σ^B-side Wfns built on n_rmu_T=143 transverse centroids
  [restart_write] psi_full_y (16, 128, 4, 402) 0.05 GB in 0.0 s (44431 MB/s)
  [restart_write] psi_full_y_transverse (16, 128, 4, 143) 0.02 GB in 0.1 s (332 MB/s)
  [SlabIO.close] draining 1 pending writes for isdf_tensors_402.h5 …
  [SlabIO.close] Python dispatch drained in 0.0 s; joining writer thread
  [SlabIO.close] writer thread joined in 0.0 s; calling H5Fclose collectively
  [SlabIO.close] H5Fclose returned in 0.0 s
  Chunked ISDF path complete
[stage 12:05:45] <- ISDF basis + wavefunctions  267.2 s
[stage 12:05:45] -> minimax tau-axis
  Minimax static window: x=[1.625857e-01, 7.252859e+00] Ry, R=44.61, nodes=9, fit_err~1.608e-06
[stage 12:05:45] <- minimax tau-axis  0.0 s
[stage 12:05:45] -> screening (chi0 -> W)
Started screening (chi0 -> W) at 12:05:45.
[stage 12:05:45]     -> W[static] chi0 compile
[stage 12:05:45]     <- W[static] chi0 compile  0.1 s
[stage 12:05:45]     -> W[static] chi0 build (9 tau nodes, 16 q, mu=402)
[stage 12:05:47]     <- W[static] chi0 build (9 tau nodes, 16 q, mu=402)  1.1 s
[stage 12:05:47]     -> W[static] IBZ slice (16 q -> 10 q)
[stage 12:05:47]     <- W[static] IBZ slice (16 q -> 10 q)  0.1 s
[stage 12:05:47]     -> W[static] Dyson compile
[stage 12:05:47]     <- W[static] Dyson compile  0.1 s
[stage 12:05:47]     -> W[static] Dyson solve (10 q, mu=402, IBZ wedge)
[stage 12:05:48]     <- W[static] Dyson solve (10 q, mu=402, IBZ wedge)  1.4 s
[stage 12:05:48]     -> W[static] IBZ -> full-BZ unfold (10 q -> 16 q)
[stage 12:05:48]     <- W[static] IBZ -> full-BZ unfold (10 q -> 16 q)  0.1 s
[stage 12:05:48]   -> W[static] finiteness + hermiticity gate
[stage 12:05:48]   <- W[static] finiteness + hermiticity gate  0.1 s
[ 12:05:48 | █████░░░░░ |  50% ] W role 1 / 2 · ETA 3 s
  PPM imag-freq quadrature (ωp=2.0000 Ry): R=44.6, nodes=6, err~4.3e-06
[stage 12:05:48]     -> W[probe] chi0 compile
[stage 12:05:48]     <- W[probe] chi0 compile  0.0 s
[stage 12:05:48]     -> W[probe] chi0 build (6 tau nodes, 16 q, mu=402)
[stage 12:05:49]     <- W[probe] chi0 build (6 tau nodes, 16 q, mu=402)  0.7 s
[stage 12:05:49]     -> W[probe] Dyson compile
[stage 12:05:49]     <- W[probe] Dyson compile  0.1 s
[stage 12:05:49]     -> W[probe] Dyson solve (16 q, mu=402, full BZ)
[stage 12:05:50]     <- W[probe] Dyson solve (16 q, mu=402, full BZ)  0.4 s
[stage 12:05:50]   -> W[probe] finiteness + hermiticity gate
[stage 12:05:50]   <- W[probe] finiteness + hermiticity gate  0.0 s
[ 12:05:50 | ██████████ | 100% ] W role 2 / 2 · ETA 0 s
Finished screening (chi0 -> W) at 12:05:50.  Elapsed: 4 s.
[stage 12:05:50] <- screening (chi0 -> W)  4.2 s
  [restart_write] W0_qmunu (16, 402, 402) 0.04 GB in 0.0 s (38793 MB/s)
  [SlabIO.close] draining 1 pending writes for isdf_tensors_402.h5 …
  [SlabIO.close] Python dispatch drained in 0.0 s; joining writer thread
  [SlabIO.close] writer thread joined in 0.0 s; calling H5Fclose collectively
  [SlabIO.close] H5Fclose returned in 0.0 s
  dipole.h5 coverage: 128 bands on disk (26 occ + 102 cond), run Σ window = 128 bands
  [dipole provenance] /scratch2/08271/jackmc/bispinor_zeta_reuse/run_bi4/dipole.h5 carries no provenance stamp (written before the guard existed).  Regenerate with `python -m psp.get_dipole_mtxels` to make it checkable.
  dipole.h5 coverage: 128 bands on disk (26 occ + 102 cond), run Σ window = 128 bands
  [dipole provenance] /scratch2/08271/jackmc/bispinor_zeta_reuse/run_bi4/dipole.h5 carries no provenance stamp (written before the guard existed).  Regenerate with `python -m psp.get_dipole_mtxels` to make it checkable.
  Persisted W0_qmunu + q=0 head scalars: vhead=2443.340 a.u.,  whead[ω=0]=659.803 a.u.,  whead[iωp]=2076.441 a.u.

------------------------------------------------------------------------
  FINITE-SIZE CORRECTIONS
------------------------------------------------------------------------
  Head source: s_tensor
  v(q→0)  =     2443.340 a.u.  (bare Coulomb head)
  W(q→0)  =      659.803 a.u.  (screened Coulomb head)
  ΔW      =    -1783.537 a.u.  (screening correction)

------------------------------------------------------------------------
  STATIC HEAD TERMS (exact COHSEX / BGW-style)
------------------------------------------------------------------------
  Head source: s_tensor
  v_h(q→0)           =  2443.339832 a.u.
  W_h(q→0, ω=0)      =   659.803148 a.u.
  W_h^c              = -1783.536684 a.u.
  Σ^X head (occ)     = -2.174715e-01 Ry
  Σ^SX head (occ)    = -5.872633e-02 Ry
  Σ^(SX-X) head(occ) = 1.587452e-01 Ry
  Σ^COH head (all)   = -7.937258e-02 Ry
  Σ^B tile (μ_L=1, ν_L=1): tr Σ = -0.468039 eV
  Σ^B tile (μ_L=1, ν_L=2): tr Σ = -0.026164 eV
  Σ^B tile (μ_L=1, ν_L=3): tr Σ = -0.026530 eV
  Σ^B tile (μ_L=2, ν_L=1): tr Σ = -0.026164 eV
  Σ^B tile (μ_L=2, ν_L=2): tr Σ = -0.467082 eV
  Σ^B tile (μ_L=2, ν_L=3): tr Σ = -0.026416 eV
  Σ^B tile (μ_L=3, ν_L=1): tr Σ = -0.026530 eV
  Σ^B tile (μ_L=3, ν_L=2): tr Σ = -0.026416 eV
  Σ^B tile (μ_L=3, ν_L=3): tr Σ = -0.459617 eV
  [SlabIO.close] draining 0 pending writes for v_q_bispinor.h5 …
  [SlabIO.close] Python dispatch drained in 0.0 s; joining writer thread
  [SlabIO.close] writer thread joined in 0.0 s; calling H5Fclose collectively
  [SlabIO.close] H5Fclose returned in 0.0 s
  [SlabIO.close] draining 0 pending writes for kin_ion.h5 …
  [SlabIO.close] Python dispatch drained in 0.0 s; joining writer thread
  [SlabIO.close] writer thread joined in 0.0 s; calling H5Fclose collectively
  [SlabIO.close] H5Fclose returned in 0.0 s
  V_H: exact FFT-grid matrix read from kin_ion.h5's 'v_hartree' dataset; the ISDF quadrature is not used.

------------------------------------------------------------------------
  GN-PPM + FREQUENCY-INTEGRATED SIGMA
------------------------------------------------------------------------
  GN-PPM fit: 0.10s, iωp=2.0000 Ry, unfulfilled=8.53%
[fft_ffi] flat-k 3-D FFTs -> MKL FFT (DFTI API) host FFI handler (lorrax_mklfft_gw_conv): O(N log N) FFT reading the dot-layout tile in place via stride descriptors — no XLA layout transposes.
  [pf] profiling hooks unavailable: No module named 'pf'
  Σc crossing conditioning: ξ raised 0.250 → 0.952 eV (A_core capped at 24; the requested ξ would make the HGL crossing quadrature ill-conditioned)
  Σc(ω) grid: -10.000..10.000 eV, Nω=41, Δω=0.500 eV, ξ=0.952 eV
  GN invalid modes: 220520/2585664 (8.53%)
  GN invalid modes per q: min=6926 max=29330 counts=[ 6926  9914 29330  9914  9914 11020 11020  9914 29330 11020 29330 11020  9914  9914 11020 11020]
  GN invalid modes → static COHSEX: max|Σ_static| = 0.1731 eV (diag max 0.1731 eV)
    ω≥E_F cond window "core" (crossing): 48 nodes, err<1e-06, E_A=[0.0813, 0.7891] Ry, project=imag
    ω≥E_F cond window "a_stripe" (Laplace): 9 nodes, err<1e-06, E_A=[0.8451, 2.7028] Ry, project=full
    ω≥E_F cond window "b_slab" (Laplace): 13 nodes, err<1e-06, E_A=[0.0813, 2.7028] Ry, project=full
Started sigma[ω≥E_F cond] at 12:05:54.
[ 12:05:54 | ░░░░░░░░░░ |   1% ] tau node  1 / 70 · ETA 0 s
[ 12:05:55 | █░░░░░░░░░ |  13% ] tau node  9 / 70 · ETA 7 s
[ 12:05:56 | ██░░░░░░░░ |  23% ] tau node 16 / 70 · ETA 7 s
[ 12:05:57 | ███░░░░░░░ |  34% ] tau node 24 / 70 · ETA 6 s
[ 12:05:59 | █████░░░░░ |  46% ] tau node 32 / 70 · ETA 5 s
[ 12:06:00 | ██████░░░░ |  56% ] tau node 39 / 70 · ETA 4 s
[ 12:06:01 | ███████░░░ |  67% ] tau node 47 / 70 · ETA 3 s
[ 12:06:02 | ████████░░ |  79% ] tau node 55 / 70 · ETA 2 s
[ 12:06:03 | █████████░ |  89% ] tau node 62 / 70 · ETA 1 s
[ 12:06:03 | ██████████ | 100% ] tau node 70 / 70 · ETA 0 s
Finished sigma[ω≥E_F cond] at 12:06:04.  Elapsed: 9 s.
    ω≥E_F val window "single" (Laplace): 14 nodes, err<1e-06, E_A=[0.0813, 4.5501] Ry, project=full
Started sigma[ω≥E_F val] at 12:06:04.
[ 12:06:04 | █░░░░░░░░░ |   7% ] tau node  1 / 14 · ETA 0 s
[ 12:06:04 | █░░░░░░░░░ |  14% ] tau node  2 / 14 · ETA 0 s
[ 12:06:04 | ███░░░░░░░ |  29% ] tau node  4 / 14 · ETA 0 s
[ 12:06:04 | ████░░░░░░ |  36% ] tau node  5 / 14 · ETA 0 s
[ 12:06:04 | █████░░░░░ |  50% ] tau node  7 / 14 · ETA 0 s
[ 12:06:04 | ██████░░░░ |  57% ] tau node  8 / 14 · ETA 0 s
[ 12:06:05 | ███████░░░ |  71% ] tau node 10 / 14 · ETA 0 s
[ 12:06:05 | ████████░░ |  79% ] tau node 11 / 14 · ETA 0 s
[ 12:06:05 | █████████░ |  93% ] tau node 13 / 14 · ETA 0 s
[ 12:06:05 | ██████████ | 100% ] tau node 14 / 14 · ETA 0 s
Finished sigma[ω≥E_F val] at 12:06:05.  Elapsed: 1 s.
    ω<E_F cond window "single" (Laplace): 14 nodes, err<1e-06, E_A=[0.0813, 2.7028] Ry, project=full
Started sigma[ω<E_F cond] at 12:06:05.
[ 12:06:05 | █░░░░░░░░░ |   7% ] tau node  1 / 14 · ETA 0 s
[ 12:06:05 | █░░░░░░░░░ |  14% ] tau node  2 / 14 · ETA 0 s
[ 12:06:05 | ███░░░░░░░ |  29% ] tau node  4 / 14 · ETA 0 s
[ 12:06:06 | ████░░░░░░ |  36% ] tau node  5 / 14 · ETA 0 s
[ 12:06:06 | █████░░░░░ |  50% ] tau node  7 / 14 · ETA 0 s
[ 12:06:06 | ██████░░░░ |  57% ] tau node  8 / 14 · ETA 0 s
[ 12:06:06 | ███████░░░ |  71% ] tau node 10 / 14 · ETA 0 s
[ 12:06:06 | ████████░░ |  79% ] tau node 11 / 14 · ETA 0 s
[ 12:06:06 | █████████░ |  93% ] tau node 13 / 14 · ETA 0 s
[ 12:06:07 | ██████████ | 100% ] tau node 14 / 14 · ETA 0 s
Finished sigma[ω<E_F cond] at 12:06:07.  Elapsed: 1 s.
    ω<E_F val window "core" (crossing): 48 nodes, err<1e-06, E_A=[0.0813, 0.5049] Ry, project=imag
    ω<E_F val window "a_stripe" (Laplace): 9 nodes, err<1e-06, E_A=[0.9630, 4.5501] Ry, project=full
    ω<E_F val window "b_slab" (Laplace): 13 nodes, err<1e-06, E_A=[0.0813, 4.5501] Ry, project=full
Started sigma[ω<E_F val] at 12:06:07.
[ 12:06:07 | ░░░░░░░░░░ |   1% ] tau node  1 / 70 · ETA 0 s
[ 12:06:08 | █░░░░░░░░░ |  13% ] tau node  9 / 70 · ETA 6 s
[ 12:06:09 | ██░░░░░░░░ |  23% ] tau node 16 / 70 · ETA 7 s
[ 12:06:10 | ███░░░░░░░ |  34% ] tau node 24 / 70 · ETA 6 s
[ 12:06:11 | █████░░░░░ |  46% ] tau node 32 / 70 · ETA 5 s
[ 12:06:12 | ██████░░░░ |  56% ] tau node 39 / 70 · ETA 4 s
[ 12:06:13 | ███████░░░ |  67% ] tau node 47 / 70 · ETA 3 s
[ 12:06:14 | ████████░░ |  79% ] tau node 55 / 70 · ETA 2 s
[ 12:06:15 | █████████░ |  89% ] tau node 62 / 70 · ETA 1 s
[ 12:06:16 | ██████████ | 100% ] tau node 70 / 70 · ETA 0 s
Finished sigma[ω<E_F val] at 12:06:16.  Elapsed: 9 s.

------------------------------------------------------------------------
  HEAD CORRECTION (scalar GN, separate from ISDF body)
------------------------------------------------------------------------
  v(q→0)             =     2443.340 a.u.
  W^c(q→0, ω=0)      =    -1783.537 a.u.
  W^c(q→0, ω=iωp)    =     -366.899 a.u.  [ωp=2.0000 Ry]
  Ω_h²               =     1.035970 Ry²
  Ω_h                =     1.017826 Ry  (13.848238 eV)
  B_h                =  1847.691361 Ry² · a.u.
  R_h                =   907.665319 Ry · a.u.
  R_h / (Ω_h · vol)  = 1.269961e+00 (Ry)
  Σ_c head shift: max|Σ^head_diag| = 3.0186 eV (on-shell occ band → -1.0799 eV)
  E_F(midgap) = -4.254195 eV  (VBM=-5.360241, CBM=-3.148149)
  [SlabIO.close] draining 1 pending writes for sigma_mnk.h5 …
  [SlabIO.close] Python dispatch drained in 0.0 s; joining writer thread
  [SlabIO.close] writer thread joined in 0.0 s; calling H5Fclose collectively
  [SlabIO.close] H5Fclose returned in 0.0 s
  QSGW: 1538 clipped (75.1%)
  Bare Σ_X diagonal (eV), k=0: -38.2460  -38.2460  -32.9317  -32.9317  -32.1466  -32.1466  -32.7068  -32.7068
  kin_ion: pristine T+V_loc+V_NL, plus a stored exact V_H array (16, 128, 128) (truncation_2d=True).
  hartree_source: requested=auto → resolved=stored
  [SlabIO.close] draining 0 pending writes for kin_ion.h5 …
  [SlabIO.close] Python dispatch drained in 0.0 s; joining writer thread
  [SlabIO.close] writer thread joined in 0.0 s; calling H5Fclose collectively
  [SlabIO.close] H5Fclose returned in 0.0 s
  QP solver: one_shot_dft — QSGW build evaluated at E_DFT (standard G0W0)
  QP WFN (one-shot): skipped — Σ on 16 k-points but WFN carries 10 (IBZ); the one-shot dump only supports IBZ-Σ. Set debug.write_wfn_h5=false to silence.
  H0 check: implied Vxc = E_DFT - (kin_ion + V_H[exact, stored]) in [-24.255, -3.439] eV over 1280 (k,n)
  G0W0 diag (E_DFT):     /scratch2/08271/jackmc/bispinor_zeta_reuse/run_bi4/eqp_g0w0.dat

  Sigma diag:   /scratch2/08271/jackmc/bispinor_zeta_reuse/run_bi4/sigma_diag.dat
  BGW eqp0:     /scratch2/08271/jackmc/bispinor_zeta_reuse/run_bi4/eqp0.dat
  BGW eqp1:     /scratch2/08271/jackmc/bispinor_zeta_reuse/run_bi4/eqp1.dat
  Sigma(ω):     /scratch2/08271/jackmc/bispinor_zeta_reuse/run_bi4/sigma_mnk.h5
  Restart:      /scratch2/08271/jackmc/bispinor_zeta_reuse/run_bi4/tmp/isdf_tensors_402.h5

--- Timing ---
Total recorded: 306.037 s
Section                                            Count    Total[s]     Self[s]      %
gw_jax.startup                                         1       1.021       1.021    0.3
gw_jax.isdf                                            1     267.163       2.224   87.3
  gw_jax.load_centroid_wfns                            1       2.371       0.088    0.8
    load_centroids.loader_load                         1       0.444       0.444    0.1
    load_centroids.gflat_to_rmu                        1       1.732       1.732    0.6
    load_centroids.pre_reshard_sync                    1       0.007       0.007    0.0
    load_centroids.reshard                             1       0.100       0.100    0.0
  gw_jax.zeta_fit_chunked                              1     114.843       0.067   37.5
    zeta_fit.slice_halves                              1       0.042       0.042    0.0
    zeta_fit.CCT                                       1       0.615       0.615    0.2
    zeta_fit.cholesky                                  1       0.860       0.860    0.3
    zeta_fit.gc_pre_chunk_loop                         1       0.196       0.196    0.1
    zeta_fit.write_headers                             1       0.047       0.047    0.0
    zeta_fit.open_file                                 1       0.008       0.008    0.0
    psi_G_store.populate.loader_load                   8       0.304       0.304    0.1
    psi_G_store.populate.shard_to_host                 8       0.029       0.029    0.0
    zeta_fit.chunk_loop                                1     111.670       0.087   36.5
      zeta_fit.chunk.fit_one_rchunk                    3     111.340       0.091   36.4
        zeta_fit.chunk.z_q_build                       3     105.477     105.477   34.5
        zeta_fit.chunk.solve                           3       5.772       5.772    1.9
      zeta_fit.chunk.h5_write                          3       0.243       0.243    0.1
    zeta_fit.write_g_flat                              1       0.780       0.780    0.3
    zeta_fit.close_io                                  1       0.224       0.224    0.1
    zeta_fit.sync_global                               1       0.001       0.001    0.0
  gw_jax.load_centroid_wfns_current                    1       2.068       0.095    0.7
    load_centroids.loader_load                         1       0.140       0.140    0.0
    load_centroids.gflat_to_rmu                        1       1.779       1.779    0.6
    load_centroids.pre_reshard_sync                    1       0.001       0.001    0.0
    load_centroids.reshard                             1       0.053       0.053    0.0
  gw_jax.zeta_fit_chunked_mu1                          1      46.859       0.053   15.3
    zeta_fit.slice_halves                              1       0.041       0.041    0.0
    zeta_fit.CCT                                       1       0.160       0.160    0.1
    zeta_fit.cholesky                                  1       0.171       0.171    0.1
    zeta_fit.gc_pre_chunk_loop                         1       0.215       0.215    0.1
    zeta_fit.write_headers                             1       0.030       0.030    0.0
    zeta_fit.open_file                                 1       0.006       0.006    0.0
    psi_G_store.populate.loader_load                   8       0.299       0.299    0.1
    psi_G_store.populate.shard_to_host                 8       0.028       0.028    0.0
    zeta_fit.chunk_loop                                1      45.456       0.077   14.9
      zeta_fit.chunk.fit_one_rchunk                    3      45.133       0.076   14.7
        zeta_fit.chunk.z_q_build                       3      42.656      42.656   13.9
        zeta_fit.chunk.solve                           3       2.401       2.401    0.8
      zeta_fit.chunk.h5_write                          3       0.246       0.246    0.1
    zeta_fit.write_g_flat                              1       0.276       0.276    0.1
    zeta_fit.close_io                                  1       0.124       0.124    0.0
    zeta_fit.sync_global                               1       0.001       0.001    0.0
  gw_jax.zeta_fit_chunked_mu2                          1      47.515       0.050   15.5
    zeta_fit.slice_halves                              1       0.029       0.029    0.0
    zeta_fit.CCT                                       1       0.151       0.151    0.0
    zeta_fit.cholesky                                  1       0.183       0.183    0.1
    zeta_fit.gc_pre_chunk_loop                         1       0.203       0.203    0.1
    zeta_fit.write_headers                             1       0.480       0.480    0.2
    zeta_fit.open_file                                 1       0.005       0.005    0.0
    psi_G_store.populate.loader_load                   8       0.304       0.304    0.1
    psi_G_store.populate.shard_to_host                 8       0.029       0.029    0.0
    zeta_fit.chunk_loop                                1      45.682       0.082   14.9
      zeta_fit.chunk.fit_one_rchunk                    3      45.445       0.076   14.8
        zeta_fit.chunk.z_q_build                       3      42.665      42.665   13.9
        zeta_fit.chunk.solve                           3       2.704       2.704    0.9
      zeta_fit.chunk.h5_write                          3       0.155       0.155    0.1
    zeta_fit.write_g_flat                              1       0.266       0.266    0.1
    zeta_fit.close_io                                  1       0.131       0.131    0.0
    zeta_fit.sync_global                               1       0.002       0.002    0.0
  gw_jax.zeta_fit_chunked_mu3                          1      48.828       0.050   16.0
    zeta_fit.slice_halves                              1       0.030       0.030    0.0
    zeta_fit.CCT                                       1       0.152       0.152    0.0
    zeta_fit.cholesky                                  1       1.599       1.599    0.5
    zeta_fit.gc_pre_chunk_loop                         1       0.180       0.180    0.1
    zeta_fit.write_headers                             1       0.027       0.027    0.0
    zeta_fit.open_file                                 1       0.010       0.010    0.0
    psi_G_store.populate.loader_load                   8       0.308       0.308    0.1
    psi_G_store.populate.shard_to_host                 8       0.027       0.027    0.0
    zeta_fit.chunk_loop                                1      46.017       0.084   15.0
      zeta_fit.chunk.fit_one_rchunk                    3      45.785       0.076   15.0
        zeta_fit.chunk.z_q_build                       3      43.342      43.342   14.2
        zeta_fit.chunk.solve                           3       2.367       2.367    0.8
      zeta_fit.chunk.h5_write                          3       0.148       0.148    0.0
    zeta_fit.write_g_flat                              1       0.265       0.265    0.1
    zeta_fit.close_io                                  1       0.160       0.160    0.1
    zeta_fit.sync_global                               1       0.002       0.002    0.0
  gw_jax.V_q_compute                                   1       2.310       2.310    0.8
  gw_jax.wavefunction_setup                            1       0.145       0.145    0.0
gw_jax.minimax_quadrature                              1       0.050       0.050    0.0
gw_jax.screening                                       1       4.205       0.006    1.4
  gw_jax.chi0_W                                        1       2.950       0.001    1.0
    chi.compile                                        1       0.114       0.114    0.0
    chi.exec                                           1       1.133       1.133    0.4
    W.slice_to_ibz                                     1       0.065       0.065    0.0
    W.compile                                          1       0.148       0.148    0.0
    W.exec                                             1       1.400       1.400    0.5
    W.unfold_to_full_bz                                1       0.089       0.089    0.0
  W.gate                                               2       0.089       0.089    0.0
  gw_jax.chi0_W_probe                                  1       1.160       0.000    0.4
    chi.compile                                        1       0.049       0.049    0.0
    chi.exec                                           1       0.696       0.696    0.2
    W.compile                                          1       0.055       0.055    0.0
    W.exec                                             1       0.359       0.359    0.1
gw_jax.persist_w0                                      1       2.042       2.042    0.7
gw_jax.static_head                                     1       0.051       0.051    0.0
gw_jax.sigma                                           1      25.567       1.560    8.4
  gw_jax.ppm_sigma                                     1      24.006       0.747    7.8
    sigma.compile                                      1       0.151       0.151    0.0
    sigma.exec                                         1      23.108       0.827    7.6
      sigma.tau.dispatch                             168       0.089       0.089    0.0
      sigma.tau.host_accum                           168      21.042       0.296    6.9
        sigma.tau.d2h_wait                           160      16.369      16.369    5.3
        sigma.tau.omega_project                      160       4.378       4.378    1.4
      sigma.finalize                                   4       0.860       0.032    0.3
        sigma.tau.d2h_wait                             8       0.734       0.734    0.2
        sigma.tau.omega_project                        8       0.094       0.094    0.0
      sigma.host_gather                                1       0.290       0.290    0.1
gw_jax.kin_ion_load                                    1       0.042       0.042    0.0
gw_jax.solve_qp                                        1       0.001       0.001    0.0
gw_jax.qp_eigh                                         1       0.136       0.136    0.0
gw_jax.output                                          1       0.131       0.131    0.0
gw_jax.runtime_stack.compile_cache                     1       1.708       1.708    0.6
gw_jax.runtime_stack.env_and_distributed               1       1.683       1.683    0.5
gw_jax.runtime_stack.measurement                       1       0.008       0.008    0.0
gw_jax.runtime_stack.mesh_and_warmup                   1       0.406       0.406    0.1
gw_jax.imports                                         1       1.825       1.825    0.6
(untimed)                                                      0.226       0.226    0.1
TOTAL (wall)                                                 306.264              100.0
  [compile-cache] rank 0/4 summary: xla_compiles=51 (2.51s)  cache_probes=672 hits=621 (1.53s) vetoed=51  agreed=3138/3138 prefetch=1.17s  enabled=True
[runtime] process finalized explicitly (effects barrier, distributed shutdown, atexit hooks) and ending with os._exit: the interpreter-teardown destruction of the XLA:CPU client is skipped deliberately — it deadlocks in pool shutdown after cold-compile storms (jobs 7884928/7884989).
