/opt/jax/jax/_src/compiler.py:723: UserWarning: Error reading persistent compilation cache entry for 'jit_convert_element_type': XlaRuntimeError: INVALID_ARGUMENT: Device assignment (Computations: 1 Replicas: 1
Computation 0: 0 
) does not have any local devices.
  warnings.warn(
/opt/jax/jax/_src/compiler.py:723: UserWarning: Error reading persistent compilation cache entry for 'jit_convert_element_type': XlaRuntimeError: INVALID_ARGUMENT: Device assignment (Computations: 1 Replicas: 1
Computation 0: 0 
) does not have any local devices.
  warnings.warn(
/opt/jax/jax/_src/compiler.py:723: UserWarning: Error reading persistent compilation cache entry for 'jit_convert_element_type': XlaRuntimeError: INVALID_ARGUMENT: Device assignment (Computations: 1 Replicas: 1
Computation 0: 0 
) does not have any local devices.
  warnings.warn(
/opt/jax/jax/_src/compiler.py:723: UserWarning: Error reading persistent compilation cache entry for 'jit_convert_element_type': XlaRuntimeError: INVALID_ARGUMENT: Device assignment (Computations: 1 Replicas: 1
Computation 0: 0 
) does not have any local devices.
  warnings.warn(
/opt/jax/jax/_src/compiler.py:723: UserWarning: Error reading persistent compilation cache entry for 'jit_convert_element_type': XlaRuntimeError: INVALID_ARGUMENT: Device assignment (Computations: 1 Replicas: 1
Computation 0: 0 
) does not have any local devices.
  warnings.warn(
/opt/jax/jax/_src/compiler.py:723: UserWarning: Error reading persistent compilation cache entry for 'jit_convert_element_type': XlaRuntimeError: INVALID_ARGUMENT: Device assignment (Computations: 1 Replicas: 1
Computation 0: 0 
) does not have any local devices.
  warnings.warn(
/opt/jax/jax/_src/compiler.py:723: UserWarning: Error reading persistent compilation cache entry for 'jit_convert_element_type': XlaRuntimeError: INVALID_ARGUMENT: Device assignment (Computations: 1 Replicas: 1
Computation 0: 0 
) does not have any local devices.
  warnings.warn(
/opt/jax/jax/_src/compiler.py:723: UserWarning: Error reading persistent compilation cache entry for 'jit_convert_element_type': XlaRuntimeError: INVALID_ARGUMENT: Device assignment (Computations: 1 Replicas: 1
Computation 0: 0 
) does not have any local devices.
  warnings.warn(
/opt/jax/jax/_src/compiler.py:723: UserWarning: Error reading persistent compilation cache entry for 'jit_convert_element_type': XlaRuntimeError: INVALID_ARGUMENT: Device assignment (Computations: 1 Replicas: 1
Computation 0: 0 
) does not have any local devices.
  warnings.warn(
/opt/jax/jax/_src/compiler.py:723: UserWarning: Error reading persistent compilation cache entry for 'jit_convert_element_type': XlaRuntimeError: INVALID_ARGUMENT: Device assignment (Computations: 1 Replicas: 1
Computation 0: 0 
) does not have any local devices.
  warnings.warn(
/opt/jax/jax/_src/compiler.py:723: UserWarning: Error reading persistent compilation cache entry for 'jit_convert_element_type': XlaRuntimeError: INVALID_ARGUMENT: Device assignment (Computations: 1 Replicas: 1
Computation 0: 0 
) does not have any local devices.
  warnings.warn(
/opt/jax/jax/_src/compiler.py:723: UserWarning: Error reading persistent compilation cache entry for 'jit_convert_element_type': XlaRuntimeError: INVALID_ARGUMENT: Device assignment (Computations: 1 Replicas: 1
Computation 0: 0 
) does not have any local devices.
  warnings.warn(
/opt/jax/jax/_src/compiler.py:723: UserWarning: Error reading persistent compilation cache entry for 'jit_convert_element_type': XlaRuntimeError: INVALID_ARGUMENT: Device assignment (Computations: 1 Replicas: 1
Computation 0: 0 
) does not have any local devices.
  warnings.warn(
/opt/jax/jax/_src/compiler.py:723: UserWarning: Error reading persistent compilation cache entry for 'jit_convert_element_type': XlaRuntimeError: INVALID_ARGUMENT: Device assignment (Computations: 1 Replicas: 1
Computation 0: 0 
) does not have any local devices.
  warnings.warn(
/opt/jax/jax/_src/compiler.py:723: UserWarning: Error reading persistent compilation cache entry for 'jit_convert_element_type': XlaRuntimeError: INVALID_ARGUMENT: Device assignment (Computations: 1 Replicas: 1
Computation 0: 0 
) does not have any local devices.
  warnings.warn(
  Streaming Galerkin: nk=144, nb=40, nr=46080, n_mu=640, mesh=(4x4)
  load_centroids_band_chunked: 5.37s
  SVD of (5760, 1280): rank=1280, σ_max=4.324e+00, σ_min/1e-08=4.400e-06 (1.46s)
/opt/jax/jax/_src/interpreters/mlir.py:1178: UserWarning: Some donated buffers were not usable: ShapedArray(complex128[144,40,2,11520]).
See an explanation at https://jax.readthedocs.io/en/latest/faq.html#buffer-donation.
  warnings.warn("Some donated buffers were not usable:"
/opt/jax/jax/_src/interpreters/mlir.py:1178: UserWarning: Some donated buffers were not usable: ShapedArray(complex128[144,40,2,11520]).
See an explanation at https://jax.readthedocs.io/en/latest/faq.html#buffer-donation.
  warnings.warn("Some donated buffers were not usable:"
/opt/jax/jax/_src/interpreters/mlir.py:1178: UserWarning: Some donated buffers were not usable: ShapedArray(complex128[144,40,2,11520]).
See an explanation at https://jax.readthedocs.io/en/latest/faq.html#buffer-donation.
  warnings.warn("Some donated buffers were not usable:"
/opt/jax/jax/_src/interpreters/mlir.py:1178: UserWarning: Some donated buffers were not usable: ShapedArray(complex128[144,40,2,11520]).
See an explanation at https://jax.readthedocs.io/en/latest/faq.html#buffer-donation.
  warnings.warn("Some donated buffers were not usable:"
/opt/jax/jax/_src/interpreters/mlir.py:1178: UserWarning: Some donated buffers were not usable: ShapedArray(complex128[144,40,2,11520]).
See an explanation at https://jax.readthedocs.io/en/latest/faq.html#buffer-donation.
  warnings.warn("Some donated buffers were not usable:"
/opt/jax/jax/_src/interpreters/mlir.py:1178: UserWarning: Some donated buffers were not usable: ShapedArray(complex128[144,40,2,11520]).
See an explanation at https://jax.readthedocs.io/en/latest/faq.html#buffer-donation.
  warnings.warn("Some donated buffers were not usable:"
/opt/jax/jax/_src/interpreters/mlir.py:1178: UserWarning: Some donated buffers were not usable: ShapedArray(complex128[144,40,2,11520]).
See an explanation at https://jax.readthedocs.io/en/latest/faq.html#buffer-donation.
  warnings.warn("Some donated buffers were not usable:"
/opt/jax/jax/_src/interpreters/mlir.py:1178: UserWarning: Some donated buffers were not usable: ShapedArray(complex128[144,40,2,11520]).
See an explanation at https://jax.readthedocs.io/en/latest/faq.html#buffer-donation.
  warnings.warn("Some donated buffers were not usable:"
/opt/jax/jax/_src/interpreters/mlir.py:1178: UserWarning: Some donated buffers were not usable: ShapedArray(complex128[144,40,2,11520]).
See an explanation at https://jax.readthedocs.io/en/latest/faq.html#buffer-donation.
  warnings.warn("Some donated buffers were not usable:"
/opt/jax/jax/_src/interpreters/mlir.py:1178: UserWarning: Some donated buffers were not usable: ShapedArray(complex128[144,40,2,11520]).
See an explanation at https://jax.readthedocs.io/en/latest/faq.html#buffer-donation.
  warnings.warn("Some donated buffers were not usable:"
/opt/jax/jax/_src/interpreters/mlir.py:1178: UserWarning: Some donated buffers were not usable: ShapedArray(complex128[144,40,2,11520]).
See an explanation at https://jax.readthedocs.io/en/latest/faq.html#buffer-donation.
  warnings.warn("Some donated buffers were not usable:"
/opt/jax/jax/_src/interpreters/mlir.py:1178: UserWarning: Some donated buffers were not usable: ShapedArray(complex128[144,40,2,11520]).
See an explanation at https://jax.readthedocs.io/en/latest/faq.html#buffer-donation.
  warnings.warn("Some donated buffers were not usable:"
/opt/jax/jax/_src/interpreters/mlir.py:1178: UserWarning: Some donated buffers were not usable: ShapedArray(complex128[144,40,2,11520]).
See an explanation at https://jax.readthedocs.io/en/latest/faq.html#buffer-donation.
  warnings.warn("Some donated buffers were not usable:"
/opt/jax/jax/_src/interpreters/mlir.py:1178: UserWarning: Some donated buffers were not usable: ShapedArray(complex128[144,40,2,11520]).
See an explanation at https://jax.readthedocs.io/en/latest/faq.html#buffer-donation.
  warnings.warn("Some donated buffers were not usable:"
/opt/jax/jax/_src/interpreters/mlir.py:1178: UserWarning: Some donated buffers were not usable: ShapedArray(complex128[144,40,2,11520]).
See an explanation at https://jax.readthedocs.io/en/latest/faq.html#buffer-donation.
  warnings.warn("Some donated buffers were not usable:"
/opt/jax/jax/_src/interpreters/mlir.py:1178: UserWarning: Some donated buffers were not usable: ShapedArray(complex128[144,40,2,11520]).
See an explanation at https://jax.readthedocs.io/en/latest/faq.html#buffer-donation.
  warnings.warn("Some donated buffers were not usable:"
  G accumulation: 1 chunk(s), 1.28s
  Cholesky of G: 0.37s
  ctilde[0] orthogonality error: 4.325e-04
  Total Galerkin: 9.75s
Loaded wavefunctions: nk=144, nb=40, rank=1280
  bse_setup: (12, 12, 1) → explicit q-list (234 q-pts), bands [26, 34) of 1280, batch=32
  f-transform: a=0.596190 Ry, n=3.00, shift=0.352059 Ry (a from band 33)
  bundle: psi_rmu_Y=(234, 8, 2, 640), psi_rmuT_X=(234, 640, 8, 2)
    [dbg] Q=0, k=k_frac[ksub[0]] — recovered vs stored conduction (eV):
      ht    -2.5815   -2.5815   -2.5057   -2.5057   -2.3323   -2.3323   -2.3264   -2.3264
      st    -2.5815   -2.5815   -2.5057   -2.5057   -2.3325   -2.3325   -2.3266   -2.3266
      full window (stored, eV): -65.3723 -65.3723 -41.9972 -41.9972 -39.4972 -39.4972 -39.2729 -39.2729 -19.3986 -19.3986 -18.2143 -18.2143 -10.8738 -10.8738 -7.8156 -7.8156 -7.7598 -7.7598 -7.1453 -7.1453 -6.7798 -6.7798 -6.6991 -6.6991 -5.3861 -5.3861 -2.5815 -2.5815 -2.5057 -2.5057 -2.3325 -2.3325 -2.3266 -2.3266 1.1133 1.1133 3.7140 3.7140 3.9520 3.9520
[window 26v+14c  nb=40  rank=1280 (0.222·nk·nb)  cap=0  a_band=33  anchored@Emin=True]  16s  on-grid |deps| = 0.63 meV  per-Q +0.0000,+0.5000,+0.0000:0.4 +0.0000,+0.0000,+0.0000:0.3 +0.3333,+0.3333,+0.0000:0.6
    M-Gamma   eps 2nd-diff max    186.61 mean    22.53 meV | min-transition 2nd-diff max     50.42 mean    20.11 meV
    Gamma-K   eps 2nd-diff max    185.31 mean    27.56 meV | min-transition 2nd-diff max    102.27 mean    38.92 meV
Wrote /pscratch/sd/j/jackm/lorrax_sandbox/runs/MoS2/10_mos2_exciton_anchored_2026-07-21/00b_eps_gate_control_30Ry/control_oldsrc.json
