
========================================================================
  COHSEX-JAX: Self-Energy Calculation
========================================================================
  Backend: GPU       Devices: 4  Mesh: 2×2  Processes: 4
  Device type: NVIDIA A100-SXM4-40GB
  XLA preallocate: false  mem_fraction: unset
========================================================================

  ISDF basis: 1464 centroids
  FFT grid: 36×36×36   Cell volume: 270.11 a.u.³

  BGW vcoul override: loading /pscratch/sd/j/jackm/lorrax_sandbox/runs/Si_pseudobands/00_si_2x2x2_60Ry/D_lorrax_para_1208/bgw_vcoul.dat
    3 unique q-points, G counts per q: [2109, 2120, 2100]
    K-point chunking: 5 k-pts per FFT batch (total 8)
    K-point chunking: 5 k-pts per FFT batch (total 8)
    K-point chunking: 5 k-pts per FFT batch (total 8)
    K-point chunking: 5 k-pts per FFT batch (total 8)
    Memory estimate: peak 26.54 GB (budget 28.00 GB), bottleneck=fft
    Per-stage: fft=26.54  zct=11.46  reshard=7.08  solve=5.56  gather=5.17 GB

  Zeta fitting: 1 r-chunks x 46656 r-points, 1208 bands (16 left + 1208 right)
  Output: /pscratch/sd/j/jackm/lorrax_sandbox/runs/Si_pseudobands/00_si_2x2x2_60Ry/D_lorrax_para_1208/tmp/zeta_q.h5

  Zeta fitting: 1 r-chunks x 46656 r-points, 1208 bands (16 left + 1208 right)
  Output: /pscratch/sd/j/jackm/lorrax_sandbox/runs/Si_pseudobands/00_si_2x2x2_60Ry/D_lorrax_para_1208/tmp/zeta_q.h5

  Zeta fitting: 1 r-chunks x 46656 r-points, 1208 bands (16 left + 1208 right)
  Output: /pscratch/sd/j/jackm/lorrax_sandbox/runs/Si_pseudobands/00_si_2x2x2_60Ry/D_lorrax_para_1208/tmp/zeta_q.h5
    AOT fit_one_rchunk peak (driver-level): 10.81 GB

  Chunked ISDF fitting:
    Band chunks: 1208
    R chunks:    46656 (contiguous r-space)
    Q chunks:    8
    Zeta output: /pscratch/sd/j/jackm/lorrax_sandbox/runs/Si_pseudobands/00_si_2x2x2_60Ry/D_lorrax_para_1208/tmp/zeta_q.h5

  Zeta fitting: 1 r-chunks x 46656 r-points, 1208 bands (16 left + 1208 right)
  Output: /pscratch/sd/j/jackm/lorrax_sandbox/runs/Si_pseudobands/00_si_2x2x2_60Ry/D_lorrax_para_1208/tmp/zeta_q.h5
  Left wfns:  (8, 16, 2, 1464)
  Right wfns: (8, 1208, 2, 1464)
  Left wfns:  (8, 16, 2, 1464)
  Right wfns: (8, 1208, 2, 1464)
  Left wfns:  (8, 16, 2, 1464)
  Right wfns: (8, 1208, 2, 1464)
  Left wfns:  (8, 16, 2, 1464)
  Right wfns: (8, 1208, 2, 1464)
  Pseudobands normalization: 0 weighted, 0 zero-weight (skipped)
  Computing pair densities P_l, P_r (spin_traced)
/opt/jax/jax/_src/interpreters/mlir.py:1178: UserWarning: Some donated buffers were not usable: ShapedArray(complex128[8,732,732]).
See an explanation at https://jax.readthedocs.io/en/latest/faq.html#buffer-donation.
  warnings.warn("Some donated buffers were not usable:"
  Pseudobands normalization: 0 weighted, 0 zero-weight (skipped)
  Computing pair densities P_l, P_r (spin_traced)
  Pseudobands normalization: 0 weighted, 0 zero-weight (skipped)
  Computing pair densities P_l, P_r (spin_traced)
  Pseudobands normalization: 0 weighted, 0 zero-weight (skipped)
  Computing pair densities P_l, P_r (spin_traced)
  Computing L_q = chol(C_q)
/opt/jax/jax/_src/interpreters/mlir.py:1178: UserWarning: Some donated buffers were not usable: ShapedArray(complex128[8,732,732]).
See an explanation at https://jax.readthedocs.io/en/latest/faq.html#buffer-donation.
  warnings.warn("Some donated buffers were not usable:"
/opt/jax/jax/_src/interpreters/mlir.py:1178: UserWarning: Some donated buffers were not usable: ShapedArray(complex128[8,732,732]).
See an explanation at https://jax.readthedocs.io/en/latest/faq.html#buffer-donation.
  warnings.warn("Some donated buffers were not usable:"
/opt/jax/jax/_src/interpreters/mlir.py:1178: UserWarning: Some donated buffers were not usable: ShapedArray(complex128[8,732,732]).
See an explanation at https://jax.readthedocs.io/en/latest/faq.html#buffer-donation.
  warnings.warn("Some donated buffers were not usable:"
  Computing L_q = chol(C_q)
  Computing L_q = chol(C_q)
  Computing L_q = chol(C_q)
  L_q: (8, 1464, 1464)
  L_q: (8, 1464, 1464)
  L_q: (8, 1464, 1464)
  L_q: (8, 1464, 1464)
/pscratch/sd/j/jackm/lorrax_sandbox/sources/lorrax_D/src/file_io/_slab_io_ffi.py:239: UserWarning: FFI backend: chunks/attrs on create_dataset currently no-op; pre-create with h5py if you need explicit chunking or attrs.
  warnings.warn(
/pscratch/sd/j/jackm/lorrax_sandbox/sources/lorrax_D/src/file_io/_slab_io_ffi.py:239: UserWarning: FFI backend: chunks/attrs on create_dataset currently no-op; pre-create with h5py if you need explicit chunking or attrs.
  warnings.warn(
/pscratch/sd/j/jackm/lorrax_sandbox/sources/lorrax_D/src/file_io/_slab_io_ffi.py:239: UserWarning: FFI backend: chunks/attrs on create_dataset currently no-op; pre-create with h5py if you need explicit chunking or attrs.
  warnings.warn(
/pscratch/sd/j/jackm/lorrax_sandbox/sources/lorrax_D/src/file_io/_slab_io_ffi.py:239: UserWarning: FFI backend: chunks/attrs on create_dataset currently no-op; pre-create with h5py if you need explicit chunking or attrs.
  warnings.warn(
  ψ(G) host cache: 3.61 GB/process resident
Started zeta fitting at 22:06:03.
[ 22:06:03 | ██████████ | 100% ] r-chunk 1 / 1 · ETA 0 s
Finished zeta fitting at 22:06:03.  Elapsed: 0 s.
  [SlabIO.close] draining 1 pending writes for zeta_q.h5 …
  [SlabIO.close] Python dispatch drained in 6.9 s; joining writer thread
  [SlabIO.close] writer thread joined in 0.0 s; calling H5Fclose collectively
  [SlabIO.close] H5Fclose returned in 1.1 s
  Zeta output: /pscratch/sd/j/jackm/lorrax_sandbox/runs/Si_pseudobands/00_si_2x2x2_60Ry/D_lorrax_para_1208/tmp/zeta_q.h5  shape: (2,2,2,1464,46656)
  Timing (1 r-chunks, 2.0s total):
    fit      1.87s  94.4%
    H5       0.11s   5.6%
  Zeta output: /pscratch/sd/j/jackm/lorrax_sandbox/runs/Si_pseudobands/00_si_2x2x2_60Ry/D_lorrax_para_1208/tmp/zeta_q.h5  shape: (2,2,2,1464,46656)
  Timing (1 r-chunks, 2.0s total):
    fit      1.91s  94.9%
    H5       0.10s   5.0%
  Zeta output: /pscratch/sd/j/jackm/lorrax_sandbox/runs/Si_pseudobands/00_si_2x2x2_60Ry/D_lorrax_para_1208/tmp/zeta_q.h5  shape: (2,2,2,1464,46656)
  Timing (1 r-chunks, 2.7s total):
    fit      2.61s  98.5%
    H5       0.04s   1.4%
  Zeta output: /pscratch/sd/j/jackm/lorrax_sandbox/runs/Si_pseudobands/00_si_2x2x2_60Ry/D_lorrax_para_1208/tmp/zeta_q.h5  shape: (2,2,2,1464,46656)
  Timing (1 r-chunks, 2.0s total):
    fit      1.90s  95.2%
    H5       0.09s   4.7%
    GPU high-water mark: 4.95 GB / 28.00 GB budget (18%)
    γ (runtime / AOT-pred) = 0.458  (AOT predicted 10.81 GB)
    V_q bare cutoff: 60.0 Ry
    V_q budget:    26.70 GB
    V_q mu chunks: 1464
    V_q q batches: 4
  V_q (sharded): mesh=2x2, one-shot (Case A), q_chunk=8, μ_chunk=1464 (1 μ-blocks), aligned=True, N_μ=1464, N_G=2637, predicted peak/rank=1.16 GB (V_ref+g0_ref=0.07 GB)
Started V_q computation at 22:06:15.
[ 22:06:15 | █░░░░░░░░░ |  12% ] q-point 1 / 8 · ETA 0 s
[ 22:06:15 | ██░░░░░░░░ |  25% ] q-point 2 / 8 · ETA 0 s
[ 22:06:15 | ████░░░░░░ |  38% ] q-point 3 / 8 · ETA 0 s
[ 22:06:15 | █████░░░░░ |  50% ] q-point 4 / 8 · ETA 0 s
[ 22:06:15 | ██████░░░░ |  62% ] q-point 5 / 8 · ETA 0 s
[ 22:06:15 | ████████░░ |  75% ] q-point 6 / 8 · ETA 0 s
[ 22:06:15 | █████████░ |  88% ] q-point 7 / 8 · ETA 0 s
[ 22:06:15 | ██████████ | 100% ] q-point 8 / 8 · ETA 0 s
Finished V_q computation at 22:06:15.  Elapsed: 0 s.
  [SlabIO.close] draining 0 pending writes for zeta_q.h5 …
  [SlabIO.close] Python dispatch drained in 0.0 s; joining writer thread
  [SlabIO.close] writer thread joined in 0.0 s; calling H5Fclose collectively
  [SlabIO.close] H5Fclose returned in 0.5 s

  V_q computed:
    Shape: (1, 1, 1, 2, 2, 2, 1464, 1464)
    V_q=0 trace: 1450580916999.1594
  [SlabIO.close] draining 3 pending writes for isdf_tensors_1464.h5 …
  [SlabIO.close] Python dispatch drained in 1.1 s; joining writer thread
  [SlabIO.close] writer thread joined in 0.0 s; calling H5Fclose collectively
  [SlabIO.close] H5Fclose returned in 0.0 s
  Wavefunctions built (b0:b4=1208 bands, 4 sharded copies: xn/xr/yr/yn)
  [SlabIO.close] draining 1 pending writes for isdf_tensors_1464.h5 …
  [SlabIO.close] Python dispatch drained in 1.2 s; joining writer thread
  [SlabIO.close] writer thread joined in 0.0 s; calling H5Fclose collectively
  [SlabIO.close] H5Fclose returned in 0.1 s
  Chunked ISDF path complete
  Minimax static window: x=[4.958693e-02, 2.576151e+01] Ry, R=519.52, nodes=12, fit_err~1.605e-05
  [SlabIO.close] draining 1 pending writes for isdf_tensors_1464.h5 …
  [SlabIO.close] Python dispatch drained in 0.2 s; joining writer thread
  [SlabIO.close] writer thread joined in 0.0 s; calling H5Fclose collectively
  [SlabIO.close] H5Fclose returned in 0.1 s
  Persisted W0_qmunu + q=0 head scalars: vhead=825.937 a.u.,  whead[ω=0]=16.889 a.u.

------------------------------------------------------------------------
  FINITE-SIZE CORRECTIONS
------------------------------------------------------------------------
  Head source: override
  v(q→0)  =      825.937 a.u.  (bare Coulomb head)
  W(q→0)  =       16.889 a.u.  (screened Coulomb head)
  ΔW      =     -809.048 a.u.  (screening correction)

------------------------------------------------------------------------
  STATIC HEAD TERMS (exact COHSEX / BGW-style)
------------------------------------------------------------------------
  Head source: override
  v_h(q→0)           =   825.937026 a.u.
  W_h(q→0, ω=0)      =    16.888877 a.u.
  W_h^c              =  -809.048149 a.u.
  Σ^X head (occ)     = -3.822265e-01 Ry
  Σ^SX head (occ)    = -7.815823e-03 Ry
  Σ^(SX-X) head(occ) = 3.744107e-01 Ry
  Σ^COH head (all)   = -1.872054e-01 Ry
2026-05-05 22:06:21.389327: E external/xla/xla/service/spmd/spmd_partitioner.cc:620] [spmd] Involuntary full rematerialization. The compiler was not able to go from sharding {devices=[4,1,1]<=[4]} to {devices=[1,2,2]<=[4]} without doing a full rematerialization of the tensor for HLO operation: %param = c128[2,1464,1464]{2,1,0} parameter(5), sharding={devices=[4,1,1]<=[4]}, metadata={op_name="W_q"}. You probably want to enrich the sharding annotations to prevent this from happening.
2026-05-05 22:06:21.631599: E external/xla/xla/service/spmd/spmd_partitioner.cc:620] [spmd] Involuntary full rematerialization. The compiler was not able to go from sharding {devices=[4,1,1]<=[4]} to {devices=[1,2,2]<=[4]} without doing a full rematerialization of the tensor for HLO operation: %param = c128[2,1464,1464]{2,1,0} parameter(5), sharding={devices=[4,1,1]<=[4]}, metadata={op_name="W_q"}. You probably want to enrich the sharding annotations to prevent this from happening.
2026-05-05 22:06:21.637931: E external/xla/xla/service/spmd/spmd_partitioner.cc:620] [spmd] Involuntary full rematerialization. The compiler was not able to go from sharding {devices=[4,1,1]<=[4]} to {devices=[1,2,2]<=[4]} without doing a full rematerialization of the tensor for HLO operation: %param = c128[2,1464,1464]{2,1,0} parameter(5), sharding={devices=[4,1,1]<=[4]}, metadata={op_name="W_q"}. You probably want to enrich the sharding annotations to prevent this from happening.
2026-05-05 22:06:21.659097: E external/xla/xla/service/spmd/spmd_partitioner.cc:620] [spmd] Involuntary full rematerialization. The compiler was not able to go from sharding {devices=[4,1,1]<=[4]} to {devices=[1,2,2]<=[4]} without doing a full rematerialization of the tensor for HLO operation: %param = c128[2,1464,1464]{2,1,0} parameter(5), sharding={devices=[4,1,1]<=[4]}, metadata={op_name="W_q"}. You probably want to enrich the sharding annotations to prevent this from happening.
2026-05-05 22:06:21.936548: E external/xla/xla/service/spmd/spmd_partitioner.cc:620] [spmd] Involuntary full rematerialization. The compiler was not able to go from sharding {devices=[1,2,2]<=[4]} to {devices=[4,1,1]<=[4]} without doing a full rematerialization of the tensor for HLO operation: %param = c128[8,732,732]{2,1,0} parameter(5), sharding={devices=[1,2,2]<=[4]}, metadata={op_name="V_q"}. You probably want to enrich the sharding annotations to prevent this from happening.
2026-05-05 22:06:21.936602: E external/xla/xla/service/spmd/spmd_partitioner.cc:620] [spmd] Involuntary full rematerialization. The compiler was not able to go from sharding {devices=[4,1,1]<=[4]} to {devices=[1,2,2]<=[4]} without doing a full rematerialization of the tensor for HLO operation: %subtract.21 = c128[2,1464,1464]{2,1,0} subtract(%param, %dynamic-slice), sharding={devices=[4,1,1]<=[4]}, metadata={op_name="jit(sigma_coh)/jit(main)/sub" source_file="/pscratch/sd/j/jackm/lorrax_sandbox/sources/lorrax_D/src/gw/cohsex_sigma.py" source_line=106}. You probably want to enrich the sharding annotations to prevent this from happening.
2026-05-05 22:06:21.937063: E external/xla/xla/service/spmd/spmd_partitioner.cc:620] [spmd] Involuntary full rematerialization. The compiler was not able to go from sharding {devices=[1,2,2]<=[4]} to {devices=[4,1,1]<=[4]} without doing a full rematerialization of the tensor for HLO operation: %param = c128[8,732,732]{2,1,0} parameter(5), sharding={devices=[1,2,2]<=[4]}, metadata={op_name="V_q"}. You probably want to enrich the sharding annotations to prevent this from happening.
2026-05-05 22:06:21.937116: E external/xla/xla/service/spmd/spmd_partitioner.cc:620] [spmd] Involuntary full rematerialization. The compiler was not able to go from sharding {devices=[4,1,1]<=[4]} to {devices=[1,2,2]<=[4]} without doing a full rematerialization of the tensor for HLO operation: %subtract.21 = c128[2,1464,1464]{2,1,0} subtract(%param, %dynamic-slice), sharding={devices=[4,1,1]<=[4]}, metadata={op_name="jit(sigma_coh)/jit(main)/sub" source_file="/pscratch/sd/j/jackm/lorrax_sandbox/sources/lorrax_D/src/gw/cohsex_sigma.py" source_line=106}. You probably want to enrich the sharding annotations to prevent this from happening.
2026-05-05 22:06:21.937403: E external/xla/xla/service/spmd/spmd_partitioner.cc:620] [spmd] Involuntary full rematerialization. The compiler was not able to go from sharding {devices=[1,2,2]<=[4]} to {devices=[4,1,1]<=[4]} without doing a full rematerialization of the tensor for HLO operation: %param = c128[8,732,732]{2,1,0} parameter(5), sharding={devices=[1,2,2]<=[4]}, metadata={op_name="V_q"}. You probably want to enrich the sharding annotations to prevent this from happening.
2026-05-05 22:06:21.937457: E external/xla/xla/service/spmd/spmd_partitioner.cc:620] [spmd] Involuntary full rematerialization. The compiler was not able to go from sharding {devices=[4,1,1]<=[4]} to {devices=[1,2,2]<=[4]} without doing a full rematerialization of the tensor for HLO operation: %subtract.21 = c128[2,1464,1464]{2,1,0} subtract(%param, %dynamic-slice), sharding={devices=[4,1,1]<=[4]}, metadata={op_name="jit(sigma_coh)/jit(main)/sub" source_file="/pscratch/sd/j/jackm/lorrax_sandbox/sources/lorrax_D/src/gw/cohsex_sigma.py" source_line=106}. You probably want to enrich the sharding annotations to prevent this from happening.
2026-05-05 22:06:21.937604: E external/xla/xla/service/spmd/spmd_partitioner.cc:620] [spmd] Involuntary full rematerialization. The compiler was not able to go from sharding {devices=[1,2,2]<=[4]} to {devices=[4,1,1]<=[4]} without doing a full rematerialization of the tensor for HLO operation: %param = c128[8,732,732]{2,1,0} parameter(5), sharding={devices=[1,2,2]<=[4]}, metadata={op_name="V_q"}. You probably want to enrich the sharding annotations to prevent this from happening.
2026-05-05 22:06:21.937656: E external/xla/xla/service/spmd/spmd_partitioner.cc:620] [spmd] Involuntary full rematerialization. The compiler was not able to go from sharding {devices=[4,1,1]<=[4]} to {devices=[1,2,2]<=[4]} without doing a full rematerialization of the tensor for HLO operation: %subtract.21 = c128[2,1464,1464]{2,1,0} subtract(%param, %dynamic-slice), sharding={devices=[4,1,1]<=[4]}, metadata={op_name="jit(sigma_coh)/jit(main)/sub" source_file="/pscratch/sd/j/jackm/lorrax_sandbox/sources/lorrax_D/src/gw/cohsex_sigma.py" source_line=106}. You probably want to enrich the sharding annotations to prevent this from happening.
  Bare Σ_X diagonal (eV), k=0: -15.3758  -15.3758  -13.4998  -13.4998  -13.4861  -13.4861  -13.4861  -13.4861

  Sigma diag:   /pscratch/sd/j/jackm/lorrax_sandbox/runs/Si_pseudobands/00_si_2x2x2_60Ry/D_lorrax_para_1208/sigma_diag.dat
  BGW eqp0:     /pscratch/sd/j/jackm/lorrax_sandbox/runs/Si_pseudobands/00_si_2x2x2_60Ry/D_lorrax_para_1208/eqp0.dat
  BGW eqp1:     /pscratch/sd/j/jackm/lorrax_sandbox/runs/Si_pseudobands/00_si_2x2x2_60Ry/D_lorrax_para_1208/eqp1.dat
  Restart:      /pscratch/sd/j/jackm/lorrax_sandbox/runs/Si_pseudobands/00_si_2x2x2_60Ry/D_lorrax_para_1208/tmp/isdf_tensors_1464.h5

--- Timing ---
Total recorded: 24.163 s
Section                                            Count    Total[s]     Self[s]      %
gw_jax.load_centroid_wfns                              1       1.886       1.401    7.8
  load_wfns.precompute_owned                           1       0.001       0.001    0.0
  load_wfns.k_loop                                     1       0.164       0.164    0.7
  load_wfns.scatter                                    1       0.319       0.319    1.3
  load_wfns.make_global_array                          1       0.002       0.002    0.0
gw_jax.zeta_fit_chunked                                1      15.043       2.390   62.3
  zeta_fit.slice_halves                                1       0.400       0.400    1.7
  zeta_fit.CCT                                         1       0.212       0.212    0.9
  zeta_fit.cholesky                                    1       1.299       1.299    5.4
  zeta_fit.gc_pre_chunk_loop                           1       0.075       0.075    0.3
  zeta_fit.open_file                                   1       0.074       0.074    0.3
  zeta_fit.chunk_loop                                  1       2.652       0.000   11.0
    zeta_fit.chunk.fit_one_rchunk                      1       2.614       2.614   10.8
    zeta_fit.chunk.h5_write                            1       0.038       0.038    0.2
  zeta_fit.close_io                                    1       7.940       7.940   32.9
  zeta_fit.sync_global                                 1       0.001       0.001    0.0
gw_jax.V_q_compute                                     1       4.123       0.605   17.1
  compute_all_V_q_sharded                              1       3.518       3.518   14.6
gw_jax.wavefunction_setup                              1       0.250       0.250    1.0
gw_jax.chi0_W                                          1       1.338       0.108    5.5
  chi.compile                                          1       0.560       0.560    2.3
  chi.exec                                             1       0.237       0.237    1.0
  W.compile                                            1       0.071       0.071    0.3
  W.exec                                               1       0.361       0.361    1.5
gw_jax.sigma                                           1       1.522       1.522    6.3
