[lxrun] JID 54588779 · 1 nodes · 1:54:40 left · 1/1 free · incoming: lx-C
  1  nid002748  free   —              —      —  ← starting lx-C  python3 -u -m centroid.k
✓ JAX initialized: 1 device(s) (local: 1, proc 0/1)
Over-sampling: k-means M = 150, prune to N_c = 100 (ratio 1.5)
  density-mode=current: building bispinor j² weight with n_occ=70 (nspinor_wfn=2)
    [j^Gordon] 2/36 k-points after 6.9s
    [j^Gordon] 4/36 k-points after 12.9s
    [j^Gordon] 9/36 k-points after 20.3s
    [j^Gordon] 15/36 k-points after 26.6s
    [j^Gordon] 24/36 k-points after 31.7s
    [j^Gordon] 33/36 k-points after 36.8s
  ρ_current (Gordon Pauli) built in 38.71s; max=3.367e-04, mean=3.002e-07
Charge density shape: (45, 45, 120)
Lattice lengths: [ 6.867       6.86699961 17.99999999] Å
Orbit-aware mode: n_sym = 6, running kmeans for M_rep = 25 representatives (unfolded ≈ 150 centroids)
PBC min-image offsets: 5 (1 ⇒ orthorhombic); orbit mode: on (n_sym=6)
Grid: 45×45×120 = 243000 points; N_c = 25
Lloyd: 10 steps, max movement = 0.004534

Unfolded 25 reps → 150 distinct centroids (n_sym=6)

Pivoted-Cholesky prune: 150 → 100 (target 17 orbits)
  prune window: v×(v+c)  left=(0,70) right=(0,86)  [covers |ψ_v|² + v×c]
[pivoted_cholesky] M=150, n_keep=17, left=(0, 70), right=(0, 86), norms=off (load_wfns 2-D, mesh axes ('x', 'y'))
  [gpu_utils] WARNING: bytes_limit=None, falling back to nvidia-smi (pid=2063213)
[pivoted_cholesky] 2-D Gram build via load_wfns: nk_tot=36, left=(0, 70) (nb=70), right=(0, 86) (nb=86), M=150, norms=off, backend=WFNReader, budget=35.1431 GB/device, band_chunk_size=64
[pivoted_cholesky] G built, shape=(150, 150), diag range [2.064e-06, 7.360e-04]
[pivoted_cholesky] picked-pivot residuals: first=7.360e-04, mid=5.385e-04, last=1.580e-04
[pivoted_cholesky] tr(R_k)/tr(G): first=9.442e-01, mid=2.634e-01, last=3.164e-02
[pivoted_cholesky] orbit-aware: 17 orbits picked → 102 unfolded centroids (orbit-closed)
After pruning: 102 centroids (rank=17)
Saved centroids to centroids_frac_102_current.txt
--- kmeans_cli timing (s) ---
Total recorded: 56.974 s
Section                                            Count    Total[s]     Self[s]      %
setup.wfn_io                                           1       0.432       0.432    0.8
setup.charge_density                                   1      43.407      43.407   76.2
kmeans                                                 1       4.311       0.577    7.6
  init                                                 1       1.550       1.550    2.7
  lloyd                                                1       1.476       1.476    2.6
  assign_labels                                        1       0.708       0.708    1.2
snap_unfold                                            1       0.001       0.001    0.0
prune                                                  1       8.823       0.970   15.5
  prune.gram                                           1       7.272       0.484   12.8
    left.load                                          1       3.613       0.268    6.3
      load_centroids.loader_load                       1       0.889       0.889    1.6
      load_centroids.gflat_to_rmu                      1       2.256       2.256    4.0
      load_centroids.reshard                           1       0.200       0.200    0.4
    left.pair                                          1       0.218       0.218    0.4
    right.load                                         1       2.220       0.048    3.9
      load_centroids.loader_load                       1       1.168       1.168    2.1
      load_centroids.gflat_to_rmu                      1       0.810       0.810    1.4
      load_centroids.reshard                           1       0.193       0.193    0.3
    right.pair                                         1       0.313       0.313    0.5
    q0_sum                                             1       0.424       0.424    0.7
  prune.select                                         1       0.580       0.580    1.0
