JAX: 1 gpu devices
== Chunked kin_ion_io ==
Loading WFN: WFN.h5
Bands: 326, FFT grid: (36, 36, 36), k-points: 8
sys_dim: 3
Devices: 1
Pseudopotentials: ['Si']
Coulomb truncation: 3D bulk
Building V_loc...
Building unified V_NL setup...

Processing 8 k-points...
  k=1/8...

Writing to /pscratch/sd/j/jackm/lorrax_sandbox/runs/Si_pseudobands/00_si_2x2x2_60Ry/cohsex_sweep/v1_150win_s0/kin_ion.h5...
Wrote kin_ion.h5: shape (8, 326, 326), sys_dim=3
--- Timing (seconds) ---
Total recorded: 7.475 s
Section                                            Count    Total[s]     Self[s]      %
load_wfn                                               1       0.146       0.146    2.0
build_V_loc                                            1       0.824       0.824   11.0
k0                                                     1       2.374       2.374   31.8
k1                                                     1       1.666       1.666   22.3
k2                                                     1       0.155       0.155    2.1
k3                                                     1       1.659       1.659   22.2
k4                                                     1       0.155       0.155    2.1
k5                                                     1       0.151       0.151    2.0
k6                                                     1       0.155       0.155    2.1
k7                                                     1       0.173       0.173    2.3
write_h5                                               1       0.017       0.017    0.2
