Sternheimer G=0 column driver
  wfn       = WFN.h5
  pseudos   = .
  iq_list   = [0, 1, 2, 3, 4, 5, 6, 7, 8]
  tol/iter  = 1e-06 / 60
  trunc_2d  = True

── ρ_val from full-BZ sum ──
  ρ_val integral: 26.0000 e  (expected 26, 1.41s)

── V_scf ──
  Core density integral: 4.8668 e (from NLCC, 3 atoms)
  Potentials: 10.30s

── Loading unfolded ψ (nk_full=9, nb=26) ──
  Unfolded WFN buffer: shape (9, 26, 2, 24, 24, 80)  (0.35 GB)  in 0.1s
  H_k cache: 9 Hamiltonians, max nG=1963

  Setup complete (14.0s)

  α_pv = 2·(E_max − E_min) = 8.849 Ry (from 26 occupied bands × 9 k-points)

══ q[0] = [0. 0. 0.]   (reduced idx 0) ══
  ── q[0] summary ──
    max CG residual          = 0.000e+00
    all v converged?         = True
    max projector-leak       = 4.385e-15
    χ_{00}(q, 0)           = 0.000000e+00+0.000000e+00j
    q=0 check: max|χ(G')|   = 0.000e+00  (expect ~0)
    time                     = 1.7s

══ q[1] = [0.         0.33333333 0.        ]   (reduced idx 1) ══
/opt/jax/jax/_src/interpreters/mlir.py:1178: UserWarning: Some donated buffers were not usable: ShapedArray(complex128[26,2,24,24,80]).
See an explanation at https://jax.readthedocs.io/en/latest/faq.html#buffer-donation.
  warnings.warn("Some donated buffers were not usable:"
  ── q[1] summary ──
    max CG residual          = 8.313e-07
    all v converged?         = True
    max projector-leak       = 7.161e-06
    χ_{00}(q, 0)           = -2.420022e-02+5.064127e-10j
    time                     = 6.5s

══ q[2] = [0.         0.66666667 0.        ]   (reduced idx 2) ══
  ── q[2] summary ──
    max CG residual          = 7.131e-07
    all v converged?         = True
    max projector-leak       = 1.099e-05
    χ_{00}(q, 0)           = 3.416018e-03-1.545536e-03j
    time                     = 1.0s

══ q[3] = [3.33333333e-01 3.32938044e-17 0.00000000e+00]   (reduced idx 3) ══
  ── q[3] summary ──
    max CG residual          = 7.733e-07
    all v converged?         = True
    max projector-leak       = 7.549e-06
    χ_{00}(q, 0)           = -2.420023e-02-5.093099e-10j
    time                     = 1.0s

══ q[4] = [0.33333333 0.33333333 0.        ]   (reduced idx 4) ══
  ── q[4] summary ──
    max CG residual          = 9.074e-07
    all v converged?         = True
    max projector-leak       = 6.797e-06
    χ_{00}(q, 0)           = -2.679962e-02-1.170113e-12j
    time                     = 1.0s

══ q[5] = [0.33333333 0.66666667 0.        ]   (reduced idx 5) ══
  ── q[5] summary ──
    max CG residual          = 8.433e-07
    all v converged?         = True
    max projector-leak       = 7.637e-06
    χ_{00}(q, 0)           = 3.644740e-03+2.095657e-04j
    time                     = 1.0s

══ q[6] = [ 6.66666667e-01 -7.53197462e-17  0.00000000e+00]   (reduced idx 6) ══
  ── q[6] summary ──
    max CG residual          = 7.131e-07
    all v converged?         = True
    max projector-leak       = 1.264e-05
    χ_{00}(q, 0)           = 3.416024e-03+1.545539e-03j
    time                     = 1.0s

══ q[7] = [0.66666667 0.33333333 0.        ]   (reduced idx 7) ══
  ── q[7] summary ──
    max CG residual          = 8.617e-07
    all v converged?         = True
    max projector-leak       = 7.637e-06
    χ_{00}(q, 0)           = 3.644742e-03-2.095669e-04j
    time                     = 1.0s

══ q[8] = [0.66666667 0.66666667 0.        ]   (reduced idx 8) ══
  ── q[8] summary ──
    max CG residual          = 8.928e-07
    all v converged?         = True
    max projector-leak       = 1.030e-05
    χ_{00}(q, 0)           = -5.947023e-04+1.102651e-09j
    time                     = 1.0s

Wrote χ columns → sternheimer_v2.h5
