[lxrun] JID 52438965 · 2 nodes · 1:11:41 left · 2/2 free · incoming: lx-D
  1  nid001252  free   —              —      —  ← starting lx-D  python3 -u -m gw.gw_jax 
  2  nid001253  free   —              —      —

========================================================================
  COHSEX-JAX: Self-Energy Calculation
========================================================================
  Backend: GPU       Devices: 4  Mesh: 2×2  Processes: 4
  Device type: NVIDIA A100-SXM4-40GB
  XLA preallocate: false  mem_fraction: unset
========================================================================

  ISDF basis: 640 centroids
  FFT grid: 24×24×80   Cell volume: 702.20 a.u.³

    Memory estimate: peak 10.66 GB (budget 28.00 GB), bottleneck=zct
    Per-stage: fft=3.76  zct=5.35  reshard=3.23  solve=2.42  gather=2.17 GB
    AOT fit_one_rchunk peak (driver-level): 4.38 GB

  Chunked ISDF fitting:
    Band chunks: 80
    R chunks:    46080 (contiguous r-space)
    Q chunks:    9
    Zeta output: /pscratch/sd/j/jackm/lorrax_sandbox/runs/MoS2/02_mos2_3x3_nosym/D_lorrax_gnppm_broader_eta/tmp/zeta_q.h5

  Zeta fitting: 1 r-chunks x 46080 r-points, 80 bands (80 left + 80 right)
  Output: /pscratch/sd/j/jackm/lorrax_sandbox/runs/MoS2/02_mos2_3x3_nosym/D_lorrax_gnppm_broader_eta/tmp/zeta_q.h5
  Left wfns:  (9, 80, 2, 640)
  Right wfns: (9, 80, 2, 640)
  Pseudobands normalization: 0 weighted, 0 zero-weight (skipped)
  Computing pair densities P_l, P_r (spin_traced)
/opt/jax/jax/_src/interpreters/mlir.py:1178: UserWarning: Some donated buffers were not usable: ShapedArray(complex128[9,320,320]).
See an explanation at https://jax.readthedocs.io/en/latest/faq.html#buffer-donation.
  warnings.warn("Some donated buffers were not usable:"
  Computing L_q = chol(C_q)
/opt/jax/jax/_src/interpreters/mlir.py:1178: UserWarning: Some donated buffers were not usable: ShapedArray(complex128[9,320,320]).
See an explanation at https://jax.readthedocs.io/en/latest/faq.html#buffer-donation.
  warnings.warn("Some donated buffers were not usable:"
/opt/jax/jax/_src/interpreters/mlir.py:1178: UserWarning: Some donated buffers were not usable: ShapedArray(complex128[9,320,320]).
See an explanation at https://jax.readthedocs.io/en/latest/faq.html#buffer-donation.
  warnings.warn("Some donated buffers were not usable:"
/opt/jax/jax/_src/interpreters/mlir.py:1178: UserWarning: Some donated buffers were not usable: ShapedArray(complex128[9,320,320]).
See an explanation at https://jax.readthedocs.io/en/latest/faq.html#buffer-donation.
  warnings.warn("Some donated buffers were not usable:"
  L_q: (9, 640, 640)
/pscratch/sd/j/jackm/lorrax_sandbox/sources/lorrax_D/src/file_io/_slab_io_ffi.py:239: UserWarning: FFI backend: chunks/attrs on create_dataset currently no-op; pre-create with h5py if you need explicit chunking or attrs.
  warnings.warn(
/pscratch/sd/j/jackm/lorrax_sandbox/sources/lorrax_D/src/file_io/_slab_io_ffi.py:239: UserWarning: FFI backend: chunks/attrs on create_dataset currently no-op; pre-create with h5py if you need explicit chunking or attrs.
  warnings.warn(
/pscratch/sd/j/jackm/lorrax_sandbox/sources/lorrax_D/src/file_io/_slab_io_ffi.py:239: UserWarning: FFI backend: chunks/attrs on create_dataset currently no-op; pre-create with h5py if you need explicit chunking or attrs.
  warnings.warn(
/pscratch/sd/j/jackm/lorrax_sandbox/sources/lorrax_D/src/file_io/_slab_io_ffi.py:239: UserWarning: FFI backend: chunks/attrs on create_dataset currently no-op; pre-create with h5py if you need explicit chunking or attrs.
  warnings.warn(
  ψ(G) host cache: 0.27 GB/process resident
Started zeta fitting at 14:28:39.
[ 14:28:39 | ██████████ | 100% ] r-chunk 1 / 1 · ETA 0 s
Finished zeta fitting at 14:28:39.  Elapsed: 0 s.
  [SlabIO.close] draining 1 pending writes for zeta_q.h5 …
  [SlabIO.close] Python dispatch drained in 3.3 s; joining writer thread
  [SlabIO.close] writer thread joined in 0.0 s; calling H5Fclose collectively
  [SlabIO.close] H5Fclose returned in 0.4 s
  Zeta output: /pscratch/sd/j/jackm/lorrax_sandbox/runs/MoS2/02_mos2_3x3_nosym/D_lorrax_gnppm_broader_eta/tmp/zeta_q.h5  shape: (3,3,1,640,46080)
  Timing (1 r-chunks, 1.1s total):
    fit      1.10s  98.0%
    H5       0.02s   1.9%
    GPU high-water mark: 2.90 GB / 28.00 GB budget (10%)
    γ (runtime / AOT-pred) = 0.662  (AOT predicted 4.38 GB)
    V_q bare cutoff: 30.0 Ry
    V_q budget:    27.13 GB
    V_q mu chunks: 640
    V_q q batches: 4
  V_q (sharded): mesh=2x2, one-shot (Case A), q_chunk=9, μ_chunk=640 (1 μ-blocks), aligned=True, N_μ=640, N_G=2419, predicted peak/rank=0.51 GB (V_ref+g0_ref=0.01 GB)
Started V_q computation at 14:28:45.
[ 14:28:45 | █░░░░░░░░░ |  11% ] q-point 1 / 9 · ETA 0 s
[ 14:28:45 | ██░░░░░░░░ |  22% ] q-point 2 / 9 · ETA 0 s
[ 14:28:45 | ███░░░░░░░ |  33% ] q-point 3 / 9 · ETA 0 s
[ 14:28:45 | ████░░░░░░ |  44% ] q-point 4 / 9 · ETA 0 s
[ 14:28:45 | ██████░░░░ |  56% ] q-point 5 / 9 · ETA 0 s
[ 14:28:45 | ███████░░░ |  67% ] q-point 6 / 9 · ETA 0 s
[ 14:28:45 | ████████░░ |  78% ] q-point 7 / 9 · ETA 0 s
[ 14:28:45 | █████████░ |  89% ] q-point 8 / 9 · ETA 0 s
[ 14:28:45 | ██████████ | 100% ] q-point 9 / 9 · ETA 0 s
Finished V_q computation at 14:28:45.  Elapsed: 0 s.
  [SlabIO.close] draining 0 pending writes for zeta_q.h5 …
  [SlabIO.close] Python dispatch drained in 0.0 s; joining writer thread
  [SlabIO.close] writer thread joined in 0.0 s; calling H5Fclose collectively
  [SlabIO.close] H5Fclose returned in 0.2 s

  V_q computed:
    Shape: (1, 1, 1, 3, 3, 1, 640, 640)
    V_q=0 trace: 1100346085.3611
  [SlabIO.close] draining 3 pending writes for isdf_tensors_640.h5 …
  [SlabIO.close] Python dispatch drained in 0.1 s; joining writer thread
  [SlabIO.close] writer thread joined in 0.0 s; calling H5Fclose collectively
  [SlabIO.close] H5Fclose returned in 0.1 s
  Wavefunctions built (b0:b4=80 bands, 4 sharded copies: xn/xr/yr/yn)
  [SlabIO.close] draining 1 pending writes for isdf_tensors_640.h5 …
  [SlabIO.close] Python dispatch drained in 0.1 s; joining writer thread
  [SlabIO.close] writer thread joined in 0.0 s; calling H5Fclose collectively
  [SlabIO.close] H5Fclose returned in 0.0 s
  Chunked ISDF path complete
  Minimax static window: x=[1.249525e-01, 6.336172e+00] Ry, R=50.71, nodes=10, fit_err~2.561e-06
  [SlabIO.close] draining 1 pending writes for isdf_tensors_640.h5 …
  [SlabIO.close] Python dispatch drained in 0.1 s; joining writer thread
  [SlabIO.close] writer thread joined in 0.0 s; calling H5Fclose collectively
  [SlabIO.close] H5Fclose returned in 0.2 s
  Persisted W0_qmunu + q=0 head scalars: vhead=1649.144 a.u.,  whead[ω=0]=397.410 a.u.,  whead[iωp]=1375.671 a.u.

------------------------------------------------------------------------
  FINITE-SIZE CORRECTIONS
------------------------------------------------------------------------
  Head source: override
  v(q→0)  =     1649.144 a.u.  (bare Coulomb head)
  W(q→0)  =      397.410 a.u.  (screened Coulomb head)
  ΔW      =    -1251.734 a.u.  (screening correction)

------------------------------------------------------------------------
  STATIC HEAD TERMS (exact COHSEX / BGW-style)
------------------------------------------------------------------------
  Head source: override
  v_h(q→0)           =  1649.143966 a.u.
  W_h(q→0, ω=0)      =   397.409958 a.u.
  W_h^c              = -1251.734008 a.u.
  Σ^X head (occ)     = -2.609483e-01 Ry
  Σ^SX head (occ)    = -6.288321e-02 Ry
  Σ^(SX-X) head(occ) = 1.980651e-01 Ry
  Σ^COH head (all)   = -9.903256e-02 Ry
  Bare Σ_X diagonal (eV), k=0: -40.0688  -40.0688  -33.9870  -33.9870  -33.3379  -33.3379  -33.3820  -33.3820

------------------------------------------------------------------------
  GN-PPM + FREQUENCY-INTEGRATED SIGMA
------------------------------------------------------------------------
  PPM imag-freq quadrature (ωp=2.0000 Ry): R=50.7, nodes=6, err~4.8e-06
  GN-PPM fit: 0.93s, iωp=2.0000 Ry, unfulfilled=0.50%
  [pf] profiling hooks unavailable: [Errno 2] No such file or directory: 'profile/memprof/sigma_ppm_pre.prof'
  Σc(ω) grid: -10.000..10.000 eV, Nω=41, Δω=0.500 eV, ξ=1.000 eV
  GN invalid modes: 18540/3686400 (0.50%)
    ω≥E_F cond window "core" (crossing): 48 nodes, err<1e-06, E_A=[0.0625, 0.8446] Ry, project=imag
    ω≥E_F cond window "a_stripe" (Laplace): 8 nodes, err<1e-06, E_A=[0.8458, 1.8491] Ry, project=full
    ω≥E_F cond window "b_slab" (Laplace): 14 nodes, err<1e-06, E_A=[0.0625, 1.8491] Ry, project=full
Started sigma[ω≥E_F cond] at 14:28:57.
[ 14:28:57 | ░░░░░░░░░░ |   1% ] tau node  1 / 70 · ETA 0 s
[ 14:28:57 | █░░░░░░░░░ |  13% ] tau node  9 / 70 · ETA 0 s
[ 14:28:57 | ██░░░░░░░░ |  23% ] tau node 16 / 70 · ETA 0 s
[ 14:28:57 | ███░░░░░░░ |  34% ] tau node 24 / 70 · ETA 0 s
[ 14:28:57 | █████░░░░░ |  46% ] tau node 32 / 70 · ETA 0 s
[ 14:28:57 | ██████░░░░ |  56% ] tau node 39 / 70 · ETA 0 s
[ 14:28:57 | ███████░░░ |  67% ] tau node 47 / 70 · ETA 0 s
[ 14:28:57 | ████████░░ |  79% ] tau node 55 / 70 · ETA 0 s
[ 14:28:57 | █████████░ |  89% ] tau node 62 / 70 · ETA 0 s
[ 14:28:57 | ██████████ | 100% ] tau node 70 / 70 · ETA 0 s
Finished sigma[ω≥E_F cond] at 14:28:57.  Elapsed: 0 s.
    ω≥E_F val window "single" (Laplace): 15 nodes, err<1e-06, E_A=[0.0625, 4.4870] Ry, project=full
Started sigma[ω≥E_F val] at 14:28:57.
[ 14:28:57 | █░░░░░░░░░ |   7% ] tau node  1 / 15 · ETA 0 s
[ 14:28:57 | ██░░░░░░░░ |  20% ] tau node  3 / 15 · ETA 0 s
[ 14:28:57 | ███░░░░░░░ |  27% ] tau node  4 / 15 · ETA 0 s
[ 14:28:57 | ████░░░░░░ |  40% ] tau node  6 / 15 · ETA 0 s
[ 14:28:57 | █████░░░░░ |  47% ] tau node  7 / 15 · ETA 0 s
[ 14:28:57 | ██████░░░░ |  60% ] tau node  9 / 15 · ETA 0 s
[ 14:28:57 | ███████░░░ |  67% ] tau node 10 / 15 · ETA 0 s
[ 14:28:57 | ████████░░ |  80% ] tau node 12 / 15 · ETA 0 s
[ 14:28:57 | █████████░ |  87% ] tau node 13 / 15 · ETA 0 s
[ 14:28:57 | ██████████ | 100% ] tau node 15 / 15 · ETA 0 s
Finished sigma[ω≥E_F val] at 14:28:57.  Elapsed: 0 s.
    ω<E_F cond window "single" (Laplace): 15 nodes, err<1e-06, E_A=[0.0625, 1.8491] Ry, project=full
Started sigma[ω<E_F cond] at 14:28:57.
[ 14:28:57 | █░░░░░░░░░ |   7% ] tau node  1 / 15 · ETA 0 s
[ 14:28:57 | ██░░░░░░░░ |  20% ] tau node  3 / 15 · ETA 0 s
[ 14:28:57 | ███░░░░░░░ |  27% ] tau node  4 / 15 · ETA 0 s
[ 14:28:57 | ████░░░░░░ |  40% ] tau node  6 / 15 · ETA 0 s
[ 14:28:57 | █████░░░░░ |  47% ] tau node  7 / 15 · ETA 0 s
[ 14:28:57 | ██████░░░░ |  60% ] tau node  9 / 15 · ETA 0 s
[ 14:28:57 | ███████░░░ |  67% ] tau node 10 / 15 · ETA 0 s
[ 14:28:57 | ████████░░ |  80% ] tau node 12 / 15 · ETA 0 s
[ 14:28:57 | █████████░ |  87% ] tau node 13 / 15 · ETA 0 s
[ 14:28:57 | ██████████ | 100% ] tau node 15 / 15 · ETA 0 s
Finished sigma[ω<E_F cond] at 14:28:57.  Elapsed: 0 s.
    ω<E_F val window "core" (crossing): 48 nodes, err<1e-06, E_A=[0.0625, 0.4800] Ry, project=imag
    ω<E_F val window "a_stripe" (Laplace): 9 nodes, err<1e-06, E_A=[0.9457, 4.4870] Ry, project=full
    ω<E_F val window "b_slab" (Laplace): 14 nodes, err<1e-06, E_A=[0.0625, 4.4870] Ry, project=full
Started sigma[ω<E_F val] at 14:28:57.
[ 14:28:57 | ░░░░░░░░░░ |   1% ] tau node  1 / 71 · ETA 0 s
[ 14:28:57 | █░░░░░░░░░ |  13% ] tau node  9 / 71 · ETA 0 s
[ 14:28:57 | ██░░░░░░░░ |  24% ] tau node 17 / 71 · ETA 0 s
[ 14:28:58 | ███░░░░░░░ |  34% ] tau node 24 / 71 · ETA 0 s
[ 14:28:58 | █████░░░░░ |  45% ] tau node 32 / 71 · ETA 0 s
[ 14:28:58 | ██████░░░░ |  56% ] tau node 40 / 71 · ETA 0 s
[ 14:28:58 | ███████░░░ |  68% ] tau node 48 / 71 · ETA 0 s
[ 14:28:58 | ████████░░ |  77% ] tau node 55 / 71 · ETA 0 s
[ 14:28:58 | █████████░ |  89% ] tau node 63 / 71 · ETA 0 s
[ 14:28:58 | ██████████ | 100% ] tau node 71 / 71 · ETA 0 s
Finished sigma[ω<E_F val] at 14:28:58.  Elapsed: 0 s.

------------------------------------------------------------------------
  HEAD CORRECTION (scalar GN, separate from ISDF body)
------------------------------------------------------------------------
  v(q→0)             =     1649.144 a.u.
  W^c(q→0, ω=0)      =    -1251.734 a.u.
  W^c(q→0, ω=iωp)    =     -273.473 a.u.  [ωp=2.0000 Ry]
  Ω_h²               =     1.118202 Ry²
  Ω_h                =     1.057451 Ry  (14.387353 eV)
  B_h                =  1399.691065 Ry² · a.u.
  R_h                =   661.823411 Ry · a.u.
  R_h / (Ω_h · vol)  = 8.912930e-01 (Ry)
  Σ_c head shift: max|Σ^head_diag| = 3.7014 eV (on-shell occ band → -1.3474 eV)
  E_F(midgap) = -4.343679 eV  (VBM=-5.193711, CBM=-3.493646)
/pscratch/sd/j/jackm/lorrax_sandbox/sources/lorrax_D/src/file_io/_slab_io_ffi.py:239: UserWarning: FFI backend: chunks/attrs on create_dataset currently no-op; pre-create with h5py if you need explicit chunking or attrs.
  warnings.warn(
/pscratch/sd/j/jackm/lorrax_sandbox/sources/lorrax_D/src/file_io/_slab_io_ffi.py:239: UserWarning: FFI backend: chunks/attrs on create_dataset currently no-op; pre-create with h5py if you need explicit chunking or attrs.
  warnings.warn(
/pscratch/sd/j/jackm/lorrax_sandbox/sources/lorrax_D/src/file_io/_slab_io_ffi.py:239: UserWarning: FFI backend: chunks/attrs on create_dataset currently no-op; pre-create with h5py if you need explicit chunking or attrs.
  warnings.warn(
/pscratch/sd/j/jackm/lorrax_sandbox/sources/lorrax_D/src/file_io/_slab_io_ffi.py:239: UserWarning: FFI backend: chunks/attrs on create_dataset currently no-op; pre-create with h5py if you need explicit chunking or attrs.
  warnings.warn(
  [SlabIO.close] draining 3 pending writes for sigma_mnk.h5 …
  [SlabIO.close] Python dispatch drained in 0.1 s; joining writer thread
  [SlabIO.close] writer thread joined in 0.0 s; calling H5Fclose collectively
  [SlabIO.close] H5Fclose returned in 0.1 s
  Diagonal SC: 282/720 states in grid, 20 iterations
  QSGW: 672 clipped (93.3%)
  G0W0 diag (E_DFT):     /pscratch/sd/j/jackm/lorrax_sandbox/runs/MoS2/02_mos2_3x3_nosym/D_lorrax_gnppm_broader_eta/eqp_g0w0.dat

  Output: /pscratch/sd/j/jackm/lorrax_sandbox/runs/MoS2/02_mos2_3x3_nosym/D_lorrax_gnppm_broader_eta/eqp0.dat
  Sigma(ω): /pscratch/sd/j/jackm/lorrax_sandbox/runs/MoS2/02_mos2_3x3_nosym/D_lorrax_gnppm_broader_eta/sigma_mnk.h5
  Restart:  /pscratch/sd/j/jackm/lorrax_sandbox/runs/MoS2/02_mos2_3x3_nosym/D_lorrax_gnppm_broader_eta/tmp/isdf_tensors_640.h5

--- Timing ---
Total recorded: 19.251 s
Section                                            Count    Total[s]     Self[s]      %
gw_jax.load_centroid_wfns                              1       1.226       1.151    6.4
  load_wfns.precompute_owned                           1       0.000       0.000    0.0
  load_wfns.k_loop                                     1       0.013       0.013    0.1
  load_wfns.scatter                                    1       0.025       0.025    0.1
  load_wfns.make_global_array                          1       0.036       0.036    0.2
gw_jax.zeta_fit_chunked                                1       6.783       0.530   35.2
  zeta_fit.slice_halves                                1       0.040       0.040    0.2
  zeta_fit.CCT                                         1       0.173       0.173    0.9
  zeta_fit.cholesky                                    1       1.101       1.101    5.7
  zeta_fit.gc_pre_chunk_loop                           1       0.070       0.070    0.4
  zeta_fit.open_file                                   1       0.066       0.066    0.3
  zeta_fit.chunk_loop                                  1       1.116       0.000    5.8
    zeta_fit.chunk.fit_one_rchunk                      1       1.095       1.095    5.7
    zeta_fit.chunk.h5_write                            1       0.021       0.021    0.1
  zeta_fit.close_io                                    1       3.685       3.685   19.1
  zeta_fit.sync_global                                 1       0.003       0.003    0.0
gw_jax.V_q_compute                                     1       2.641       0.319   13.7
  compute_all_V_q_sharded                              1       2.321       2.321   12.1
gw_jax.wavefunction_setup                              1       0.031       0.031    0.2
gw_jax.chi0_W                                          1       1.293       0.027    6.7
  chi.compile                                          1       0.114       0.114    0.6
  chi.exec                                             1       0.061       0.061    0.3
  W.compile                                            1       0.074       0.074    0.4
  W.exec                                               1       1.016       1.016    5.3
gw_jax.sigma                                           1       1.559       1.559    8.1
gw_jax.ppm_sigma                                       1       5.718       2.407   29.7
  sigma.compile                                        1       0.200       0.200    1.0
  sigma.exec                                           1       3.111       3.111   16.2
