NSCF: Davidson (60 bands) + pseudobands (k=6, M=1500, 44 windows)
  kgrid=(2, 2, 2), fft=(36, 36, 36), nspinor=2
  GPUs: 4  (processes: 4)
  Core density integral: 1.4485 e (from NLCC, 2 atoms)
  Core density integral: 1.4485 e (from NLCC, 2 atoms)
  Core density integral: 1.4485 e (from NLCC, 2 atoms)
  Core density integral: 1.4485 e (from NLCC, 2 atoms)
  Potentials: 12.64s
  nk=8 (full), ngkmax=2120

── Davidson ──
  JIT warmup: 9.67s
  [rank 0] k=  0/8: 1.682s  evals[0]=-0.418717 Ry
  Davidson: 6.05s (0.757s/k, 4 ranks) → /pscratch/sd/j/jackm/lorrax_sandbox/runs/Si_pseudobands/00_si_2x2x2_60Ry/pb_sweep4/v1_k6_44w_s2/WFN.h5

── Pseudobands v1 (k=6, M_max=1500, 44 windows) ──
Pseudobands: computing KPM DOS...
  Estimating spectrum bounds via Lanczos...
  Spectrum: [-1.6085, 60.7164] (center=29.5539, half_width=31.1624)
  Computing 500 Chebyshev moments with 10 random vectors...
  Random vector 1/10...
  Random vector 2/10...
  Random vector 3/10...
  Random vector 4/10...
  Random vector 5/10...
  Random vector 6/10...
  Random vector 7/10...
  Random vector 8/10...
  Random vector 9/10...
  Random vector 10/10...
  DOS integral: 1.0 states (dim=4240)
  CJ resolution: π·B/M = 0.1305 Ry
  Crossover energy: ε_cross = 1.3053 (E_F + ε_cross = 1.3053)
  Det bands: 28 protected (E < 1.3053), 32 available for stochastic
  45 spectral windows from 1.3053 to 60.7164
  Window widths: min=0.1757, max=3.3318, first 3: [0.1784, 0.2964, 0.4129]
  Window classification: 6 stochastic, 39 CJ-Ritz
  Running 1500 Chebyshev iterations (block size 6)...
  Filtered blocks: (45, 6, 4240)
    window 1/45 [CJ-0 ]: [1.31,1.48] n_eff=2.0, w=0.000, θ=[1.3945, 1.3945]
    window 2/45 [stoch]: [1.48,1.78] n_eff=2.1, w=0.577, θ=[1.5942, 1.5942]
    window 3/45 [stoch]: [1.78,2.19] n_eff=5.5, w=1.000, θ=[2.1526, 2.1526]
    window 4/45 [stoch]: [2.19,2.37] n_eff=8.5, w=1.291, θ=[2.3040, 2.3040]
    window 5/45 [stoch]: [2.37,2.66] n_eff=7.4, w=1.000, θ=[2.6190, 2.6190]
    window 10/45 [CJ   ]: [4.04,4.44] n_eff=14.3, w=1.545, θ=[4.1978, 4.2687]
    window 20/45 [CJ   ]: [10.29,11.35] n_eff=26.8, w=2.115, θ=[10.7385, 10.9388]
    window 30/45 [CJ   ]: [22.07,24.43] n_eff=50.1, w=2.890, θ=[23.8295, 24.1342]
    window 40/45 [CJ   ]: [43.49,46.55] n_eff=196.1, w=5.717, θ=[44.8814, 45.2129]
    window 45/45 [CJ   ]: [58.73,60.72] n_eff=47.9, w=2.826, θ=[59.5173, 59.5230]
  Total: 28 protected + 270 pseudo (36 stochastic + 234 CJ) = 298 bands (Σ n_eff = 4176.0)
  Total bands per k: 28 prot + 270 pseudo = 298
  k=  1/8: 2.5s
  k=  2/8: 1.6s
  k=  7/8: 1.1s
  Pseudobands: 28.2s → /pscratch/sd/j/jackm/lorrax_sandbox/runs/Si_pseudobands/00_si_2x2x2_60Ry/pb_sweep4/v1_k6_44w_s2/WFN_pseudobands.h5

Total NSCF: 59.3s
