===== sym vs nosym PR3 Σ_X comparison — Si 4×4×4 SOC =====
  total (k, n) pairs: 3584 = 64 k-pts × 56 bands

--- DFT eigenvalue offset (orientation check, should be 0) ---
   max |ΔE_dft|        =     0.0010 meV

--- Σ_X components ---
   max |Δx_bare|       =  1050.2750 meV
   max |Δsex_0|        =  1050.2750 meV
   max |Δcoh_0|        =     0.0000 meV
   max |ΔΣ_X (total)|  =  2100.5500 meV
   mean ΔΣ_X (total)   = -1117.5654 meV
   stddev ΔΣ_X (total) =   327.4279 meV

--- Per-k breakdown (max/mean |ΔΣ_X|, meV) ---
   ik     max|ΔΣ_X|     mean|ΔΣ_X|   max|Δx_bare|  max|Δsex_0|   N_bands
    0     1962.1420    1187.1704     981.0710     981.0710   56
    1     1907.2340    1149.7252     953.6170     953.6170   56
    2     2100.5500    1111.7326    1050.2750    1050.2750   56
    3     1906.9900    1149.7280     953.4950     953.4950   56
    4     1917.1700    1154.4045     958.5850     958.5850   56
    5     1901.8440    1150.2364     950.9220     950.9220   56
    6     1792.7620    1103.8475     896.3810     896.3810   56
    7     1931.2180    1114.4109     965.6090     965.6090   56
    8     2005.1640    1117.8086    1002.5820    1002.5820   56
    9     1844.6380    1105.7644     922.3190     922.3190   56
   10     1665.6820    1120.5853     832.8410     832.8410   56
   11     1858.2080    1105.7994     929.1040     929.1040   56
   12     1917.1720    1154.4153     958.5860     958.5860   56
   13     1928.1220    1114.4172     964.0610     964.0610   56
   14     1807.2080    1103.8724     903.6040     903.6040   56
   15     1901.0600    1150.2404     950.5300     950.5300   56
   16     1907.6540    1150.8804     953.8270     953.8270   56
   17     1902.0600    1150.3264     951.0300     951.0300   56
   18     1849.5060    1103.6573     924.7530     924.7530   56
   19     1939.8220    1112.5860     969.9110     969.9110   56
   20     1901.4700    1150.2861     950.7350     950.7350   56
   21     1910.2700    1150.9677     955.1350     955.1350   56
   22     1923.3960    1112.5876     961.6980     961.6980   56
   23     1839.1220    1103.7463     919.5610     919.5610   56
   24     1845.5320    1106.0771     922.7660     922.7660   56
   25     1921.7340    1115.5780     960.8670     960.8670   56
   26     1851.2840    1104.0006     925.6420     925.6420   56
   27     1957.1160    1087.9412     978.5580     978.5580   56
   28     1934.8880    1115.7192     967.4440     967.4440   56
   29     1830.4600    1105.9424     915.2300     915.2300   56
   30     1957.7520    1087.8741     978.8760     978.8760   56
   31     1860.4720    1104.0545     930.2360     930.2360   56
   32     2092.0420    1112.3035    1046.0210    1046.0210   56
   33     1854.9100    1104.0795     927.4550     927.4550   56
   34     1659.9460    1120.8176     829.9730     829.9730   56
   35     1869.2600    1104.1134     934.6300     934.6300   56
   36     1799.3040    1104.7818     899.6520     899.6520   56
   37     1932.6300    1113.3366     966.3150     966.3150   56
   38     1790.6340    1104.7236     895.3170     895.3170   56
   39     1954.4200    1087.9934     977.2100     977.2100   56
   40     1656.9220    1121.2823     828.4610     828.4610   56
   41     1850.2120    1104.1526     925.1060     925.1060   56
   42     2083.8240    1112.6274    1041.9120    1041.9120   56
   43     1860.7420    1104.1864     930.3710     930.3710   56
   44     1808.9720    1104.8180     904.4860     904.4860   56
   45     1953.9100    1087.9925     976.9550     976.9550   56
   46     1805.9720    1104.7529     902.9860     902.9860   56
   47     1948.3420    1113.3782     974.1710     974.1710   56
   48     1907.6080    1150.9009     953.8040     953.8040   56
   49     1937.3200    1112.5939     968.6600     968.6600   56
   50     1864.7040    1103.6844     932.3520     932.3520   56
   51     1901.2060    1150.3299     950.6030     950.6030   56
   52     1935.2560    1115.7164     967.6280     967.6280   56
   53     1844.2760    1104.0317     922.1380     922.1380   56
   54     1957.3500    1087.8741     978.6750     978.6750   56
   55     1847.2500    1105.9636     923.6250     923.6250   56
   56     1854.9880    1106.1116     927.4940     927.4940   56
   57     1957.4440    1087.9406     978.7220     978.7220   56
   58     1866.2420    1104.0340     933.1210     933.1210   56
   59     1937.0900    1115.6227     968.5450     968.5450   56
   60     1900.9920    1150.2991     950.4960     950.4960   56
   61     1850.2920    1103.7710     925.1460     925.1460   56
   62     1941.6940    1112.6184     970.8470     970.8470   56
   63     1909.8880    1150.9717     954.9440     954.9440   56

==========================================
  Verdict: FAIL
  max |ΔΣ_X| = 2100.5500 meV ≥ 10 meV — real bug
==========================================

--- Top-10 |ΔΣ_X| rows ---
   ik   n   x_bare_sym    x_bare_nosym  Δx_bare       Δsex_0        ΔΣ_X(total)
    2    2    -15.050052    -13.999777   -1050.2750    -1050.2750      -2100.5500
    2    3    -15.050052    -13.999777   -1050.2750    -1050.2750      -2100.5500
   32    2    -15.050062    -14.004041   -1046.0210    -1046.0210      -2092.0420
   32    3    -15.050062    -14.004041   -1046.0210    -1046.0210      -2092.0420
   42    2    -15.051735    -14.009823   -1041.9120    -1041.9120      -2083.8240
   42    3    -15.051735    -14.009823   -1041.9120    -1041.9120      -2083.8240
    8    3    -15.050061    -14.047479   -1002.5820    -1002.5820      -2005.1640
    8    2    -15.050061    -14.047479   -1002.5820    -1002.5820      -2005.1640
    0    0    -17.970167    -16.989096    -981.0710     -981.0710      -1962.1420
    0    1    -17.970167    -16.989096    -981.0710     -981.0710      -1962.1420
