[lxrun] JID 52966174 · 1 nodes · 12:27 left · 1/1 free · incoming: lx-B
  1  nid001081  free   —              —      —  ← starting lx-B  python3 -u -m gw.gw_jax 

========================================================================
  COHSEX-JAX: Self-Energy Calculation
========================================================================
  Backend: GPU       Devices: 4  Mesh: 2×2  Processes: 4
  Device type: NVIDIA A100-SXM4-40GB
  XLA preallocate: false  mem_fraction: unset
========================================================================

  ISDF basis: 384 centroids
  FFT grid: 24×24×24   Cell volume: 270.11 a.u.³

    Memory estimate: peak 13.72 GB (budget 28.00 GB), bottleneck=zct
    Per-stage: fft=5.22  zct=6.92  reshard=4.20  solve=2.89  gather=1.68 GB
    AOT fit_one_rchunk peak (driver-level): 5.83 GB

  Chunked ISDF fitting:
    Band chunks: 56
    R chunks:    13824 (contiguous r-space)
    Q chunks:    64
    Zeta output: /pscratch/sd/j/jackm/lorrax_sandbox/runs/Si/08_4x4x4_sym_vs_nosym_2026-05-14/run_sym/tmp/zeta_q.h5

  Zeta fitting: 1 r-chunks x 13824 r-points, 56 bands (56 left + 56 right)
  Output: /pscratch/sd/j/jackm/lorrax_sandbox/runs/Si/08_4x4x4_sym_vs_nosym_2026-05-14/run_sym/tmp/zeta_q.h5
  Left wfns:  (64, 56, 2, 384)
  Right wfns: (64, 56, 2, 384)
  Pseudobands normalization: 0 weighted, 0 zero-weight (skipped)
  Computing pair densities P_l, P_r (spin_traced)
/opt/jax/jax/_src/interpreters/mlir.py:1178: UserWarning: Some donated buffers were not usable: ShapedArray(complex128[64,192,192]).
See an explanation at https://jax.readthedocs.io/en/latest/faq.html#buffer-donation.
  warnings.warn("Some donated buffers were not usable:"
/opt/jax/jax/_src/interpreters/mlir.py:1178: UserWarning: Some donated buffers were not usable: ShapedArray(complex128[64,192,192]).
See an explanation at https://jax.readthedocs.io/en/latest/faq.html#buffer-donation.
  warnings.warn("Some donated buffers were not usable:"
/opt/jax/jax/_src/interpreters/mlir.py:1178: UserWarning: Some donated buffers were not usable: ShapedArray(complex128[64,192,192]).
See an explanation at https://jax.readthedocs.io/en/latest/faq.html#buffer-donation.
  warnings.warn("Some donated buffers were not usable:"
/opt/jax/jax/_src/interpreters/mlir.py:1178: UserWarning: Some donated buffers were not usable: ShapedArray(complex128[64,192,192]).
See an explanation at https://jax.readthedocs.io/en/latest/faq.html#buffer-donation.
  warnings.warn("Some donated buffers were not usable:"
  Computing L_q = chol(C_q)
  L_q: (64, 384, 384)
/global/homes/j/jackm/software/lorrax_B/src/file_io/_slab_io_ffi.py:239: UserWarning: FFI backend: chunks/attrs on create_dataset currently no-op; pre-create with h5py if you need explicit chunking or attrs.
  warnings.warn(
/global/homes/j/jackm/software/lorrax_B/src/file_io/_slab_io_ffi.py:239: UserWarning: FFI backend: chunks/attrs on create_dataset currently no-op; pre-create with h5py if you need explicit chunking or attrs.
  warnings.warn(
/global/homes/j/jackm/software/lorrax_B/src/file_io/_slab_io_ffi.py:239: UserWarning: FFI backend: chunks/attrs on create_dataset currently no-op; pre-create with h5py if you need explicit chunking or attrs.
  warnings.warn(
/global/homes/j/jackm/software/lorrax_B/src/file_io/_slab_io_ffi.py:239: UserWarning: FFI backend: chunks/attrs on create_dataset currently no-op; pre-create with h5py if you need explicit chunking or attrs.
  warnings.warn(
  ψ(G) host cache: 0.40 GB/process resident
Started zeta fitting at 16:33:33.
[ 16:33:33 | ██████████ | 100% ] r-chunk 1 / 1 · ETA 0 s
Finished zeta fitting at 16:33:33.  Elapsed: 0 s.
E0514 16:33:33.551986 2209715 pjrt_stream_executor_client.cc:3077] Execution of replica 0 failed: INVALID_ARGUMENT: Wrong number of arguments: expected 3 but got 2
E0514 16:33:33.560718 2209720 pjrt_stream_executor_client.cc:3077] Execution of replica 0 failed: INVALID_ARGUMENT: Wrong number of arguments: expected 3 but got 2
E0514 16:33:33.560965 2209721 pjrt_stream_executor_client.cc:3077] Execution of replica 0 failed: INVALID_ARGUMENT: Wrong number of arguments: expected 3 but got 2
E0514 16:33:33.561086 2209719 pjrt_stream_executor_client.cc:3077] Execution of replica 0 failed: INVALID_ARGUMENT: Wrong number of arguments: expected 3 but got 2
  [SlabIO.close] draining 0 pending writes for zeta_q.h5 …
Traceback (most recent call last):
  File "<frozen runpy>", line 198, in _run_module_as_main
  File "<frozen runpy>", line 88, in _run_code
  File "/global/homes/j/jackm/software/lorrax_B/src/gw/gw_jax.py", line 721, in <module>
    raise SystemExit(main())
                     ^^^^^^
  File "/global/homes/j/jackm/software/lorrax_B/src/gw/gw_jax.py", line 246, in main
    isdf = prepare_isdf_and_wavefunctions(
           ^^^^^^^^^^^^^^^^^^^^^^^^^^^^^^^
  File "/global/homes/j/jackm/software/lorrax_B/src/gw/gw_init.py", line 749, in prepare_isdf_and_wavefunctions
Traceback (most recent call last):
  File "<frozen runpy>", line 198, in _run_module_as_main
  File "<frozen runpy>", line 88, in _run_code
  File "/global/homes/j/jackm/software/lorrax_B/src/gw/gw_jax.py", line 721, in <module>
Traceback (most recent call last):
  File "<frozen runpy>", line 198, in _run_module_as_main
  File "<frozen runpy>", line 88, in _run_code
  File "/global/homes/j/jackm/software/lorrax_B/src/gw/gw_jax.py", line 721, in <module>
    zeta_path, mem_est = fit_zeta(
                         ^^^^^^^^^
  File "/global/homes/j/jackm/software/lorrax_B/src/gw/gw_init.py", line 518, in fit_zeta
    peak_bytes = fit_zeta_chunked_to_h5(
                 ^^^^^^^^^^^^^^^^^^^^^^^
  File "/global/homes/j/jackm/software/lorrax_B/src/common/isdf_fitting.py", line 1308, in fit_zeta_chunked_to_h5
Traceback (most recent call last):
  File "<frozen runpy>", line 198, in _run_module_as_main
  File "<frozen runpy>", line 88, in _run_code
  File "/global/homes/j/jackm/software/lorrax_B/src/gw/gw_jax.py", line 721, in <module>
    zeta_io.close()
  File "/global/homes/j/jackm/software/lorrax_B/src/file_io/slab_io.py", line 105, in close
    raise SystemExit(main())
    raise SystemExit(main())
                     ^^^^^^
  File "/global/homes/j/jackm/software/lorrax_B/src/gw/gw_jax.py", line 246, in main
                     ^^^^^^
  File "/global/homes/j/jackm/software/lorrax_B/src/gw/gw_jax.py", line 246, in main
    raise SystemExit(main())
                     ^^^^^^
  File "/global/homes/j/jackm/software/lorrax_B/src/gw/gw_jax.py", line 246, in main
    self._backend.close()
  File "/global/homes/j/jackm/software/lorrax_B/src/file_io/_slab_io_ffi.py", line 519, in close
    isdf = prepare_isdf_and_wavefunctions(
           ^^^^^^^^^^^^^^^^^^^^^^^^^^^^^^^
  File "/global/homes/j/jackm/software/lorrax_B/src/gw/gw_init.py", line 749, in prepare_isdf_and_wavefunctions
    isdf = prepare_isdf_and_wavefunctions(
    isdf = prepare_isdf_and_wavefunctions(
           ^^^^^^^^^^^^^^^^^^^^^^^^^^^^^^^
  File "/global/homes/j/jackm/software/lorrax_B/src/gw/gw_init.py", line 749, in prepare_isdf_and_wavefunctions
           ^^^^^^^^^^^^^^^^^^^^^^^^^^^^^^^
  File "/global/homes/j/jackm/software/lorrax_B/src/gw/gw_init.py", line 749, in prepare_isdf_and_wavefunctions
    self._drain_pending()
  File "/global/homes/j/jackm/software/lorrax_B/src/file_io/_slab_io_ffi.py", line 283, in _drain_pending
    zeta_path, mem_est = fit_zeta(
                         ^^^^^^^^^
  File "/global/homes/j/jackm/software/lorrax_B/src/gw/gw_init.py", line 518, in fit_zeta
    zeta_path, mem_est = fit_zeta(
                         ^^^^^^^^^
    zeta_path, mem_est = fit_zeta(
  File "/global/homes/j/jackm/software/lorrax_B/src/gw/gw_init.py", line 518, in fit_zeta
                         ^^^^^^^^^
  File "/global/homes/j/jackm/software/lorrax_B/src/gw/gw_init.py", line 518, in fit_zeta
    raise err
  File "/global/homes/j/jackm/software/lorrax_B/src/file_io/_slab_io_ffi.py", line 265, in _dispatch_loop
    peak_bytes = fit_zeta_chunked_to_h5(
    peak_bytes = fit_zeta_chunked_to_h5(
                 ^^^^^^^^^^^^^^^^^^^^^^^
  File "/global/homes/j/jackm/software/lorrax_B/src/common/isdf_fitting.py", line 1308, in fit_zeta_chunked_to_h5
                 ^^^^^^^^^^^^^^^^^^^^^^^
  File "/global/homes/j/jackm/software/lorrax_B/src/common/isdf_fitting.py", line 1308, in fit_zeta_chunked_to_h5
    peak_bytes = fit_zeta_chunked_to_h5(
                 ^^^^^^^^^^^^^^^^^^^^^^^
  File "/global/homes/j/jackm/software/lorrax_B/src/common/isdf_fitting.py", line 1308, in fit_zeta_chunked_to_h5
    task()
  File "/global/homes/j/jackm/software/lorrax_B/src/file_io/_slab_io_ffi.py", line 385, in _task
    tok = sm(A, offset_arr)
          ^^^^^^^^^^^^^^^^^
jaxlib.xla_extension.XlaRuntimeError: INVALID_ARGUMENT: Wrong number of arguments: expected 3 but got 2
--------------------
For simplicity, JAX has removed its internal frames from the traceback of the following exception. Set JAX_TRACEBACK_FILTERING=off to include these.
    zeta_io.close()
  File "/global/homes/j/jackm/software/lorrax_B/src/file_io/slab_io.py", line 105, in close
    zeta_io.close()
  File "/global/homes/j/jackm/software/lorrax_B/src/file_io/slab_io.py", line 105, in close
    zeta_io.close()
  File "/global/homes/j/jackm/software/lorrax_B/src/file_io/slab_io.py", line 105, in close
    self._backend.close()
    self._backend.close()
  File "/global/homes/j/jackm/software/lorrax_B/src/file_io/_slab_io_ffi.py", line 519, in close
  File "/global/homes/j/jackm/software/lorrax_B/src/file_io/_slab_io_ffi.py", line 519, in close
    self._backend.close()
  File "/global/homes/j/jackm/software/lorrax_B/src/file_io/_slab_io_ffi.py", line 519, in close
    self._drain_pending()
  File "/global/homes/j/jackm/software/lorrax_B/src/file_io/_slab_io_ffi.py", line 283, in _drain_pending
    self._drain_pending()
  File "/global/homes/j/jackm/software/lorrax_B/src/file_io/_slab_io_ffi.py", line 283, in _drain_pending
    self._drain_pending()
  File "/global/homes/j/jackm/software/lorrax_B/src/file_io/_slab_io_ffi.py", line 283, in _drain_pending
    raise err
  File "/global/homes/j/jackm/software/lorrax_B/src/file_io/_slab_io_ffi.py", line 265, in _dispatch_loop
    raise err
    raise err
  File "/global/homes/j/jackm/software/lorrax_B/src/file_io/_slab_io_ffi.py", line 265, in _dispatch_loop
  File "/global/homes/j/jackm/software/lorrax_B/src/file_io/_slab_io_ffi.py", line 265, in _dispatch_loop
    task()
  File "/global/homes/j/jackm/software/lorrax_B/src/file_io/_slab_io_ffi.py", line 385, in _task
    task()
    task()
  File "/global/homes/j/jackm/software/lorrax_B/src/file_io/_slab_io_ffi.py", line 385, in _task
  File "/global/homes/j/jackm/software/lorrax_B/src/file_io/_slab_io_ffi.py", line 385, in _task
    tok = sm(A, offset_arr)
          ^^^^^^^^^^^^^^^^^
jaxlib.xla_extension.XlaRuntimeError: INVALID_ARGUMENT: Wrong number of arguments: expected 3 but got 2
--------------------
For simplicity, JAX has removed its internal frames from the traceback of the following exception. Set JAX_TRACEBACK_FILTERING=off to include these.
    tok = sm(A, offset_arr)
          ^^^^^^^^^^^^^^^^^
jaxlib.xla_extension.XlaRuntimeError: INVALID_ARGUMENT: Wrong number of arguments: expected 3 but got 2
--------------------
For simplicity, JAX has removed its internal frames from the traceback of the following exception. Set JAX_TRACEBACK_FILTERING=off to include these.
    tok = sm(A, offset_arr)
          ^^^^^^^^^^^^^^^^^
jaxlib.xla_extension.XlaRuntimeError: INVALID_ARGUMENT: Wrong number of arguments: expected 3 but got 2
--------------------
For simplicity, JAX has removed its internal frames from the traceback of the following exception. Set JAX_TRACEBACK_FILTERING=off to include these.
srun: error: nid001081: task 0: Exited with exit code 1
srun: Terminating StepId=52966174.76
[2026-05-14T23:33:36.488] error: *** STEP 52966174.76 ON nid001081 CANCELLED AT 2026-05-14T23:33:36 DUE TO TASK FAILURE ***
srun: error: nid001081: tasks 1-3: Exited with exit code 1
