2026-04-27 01:30:37,136 jax._src.dispatch WARNING: Finished tracing + transforming _identity_fn for pjit in 0.000155210 sec
2026-04-27 01:30:37,137 jax._src.pjit WARNING: TRACING CACHE MISS at /global/homes/j/jackm/software/lorrax_C/src/bse/bse_io.py:387:18 (load_bse_data_from_restart_sharded) because:
  never seen function:
    _identity_fn id=139844136650208 defined at /opt/jax/jax/_src/pjit.py:2575
2026-04-27 01:30:37,137 jax._src.interpreters.pxla WARNING: Compiling _identity_fn with global shapes and types [ShapedArray(complex128[64,4,2,480])]. Argument mapping: (NamedSharding(mesh=Mesh('x': 2, 'y': 2, axis_types=(Auto, Auto)), spec=PartitionSpec(None, None, None, 'x'), memory_kind=device),).
2026-04-27 01:30:37,257 jax._src.dispatch WARNING: Finished jaxpr to MLIR module conversion jit(_identity_fn) in 0.119681597 sec
2026-04-27 01:30:37,266 jax._src.compiler WARNING: PERSISTENT COMPILATION CACHE MISS for 'jit__identity_fn' with key 'jit__identity_fn-08e55c7670df4e842422038b12351e29374727fbcd611cdb73c47fc53722e010'
2026-04-27 01:30:37,547 jax._src.compiler WARNING: Not writing persistent cache entry for 'jit__identity_fn' because it took < 1.00 seconds to compile (0.28s)
2026-04-27 01:30:37,547 jax._src.dispatch WARNING: Finished XLA c2026-04-27 01:30:38,115 jax._src.dispatch WARNING: Finished tracing + transforming _reduce_sum for pjit in 0.000727177 sec
2026-04-27 01:30:38,116 jax._src.dispatch WARNING: Finished tracing + transforming _psum for pjit in 0.001309872 sec
2026-04-27 01:30:38,116 jax._src.pjit WARNING: TRACING CACHE MISS at /global/homes/j/jackm/software/lorrax_C/src/bse/bse_io.py:404:19 (load_bse_data_from_restart_sharded) because:
  never seen function:
    _psum id=140247267352448 defined at /opt/jax/jax/experimental/multihost_utils.py:42
2026-04-27 01:30:38,116 jax._src.interpreters.pxla WARNING: Compiling _psum with global shapes and types [ShapedArray(complex128[4,480])]. Argument mapping: (NamedSharding(mesh=Mesh('processes': 4, 'local_devices': 1, axis_types=(Auto, Auto)), spec=PartitionSpec('processes',), memory_kind=device),).
2026-04-27 01:30:38,120 jax._src.dispatch WARNING: Finished jaxpr to MLIR module conversion jit(_psum) in 0.003197908 sec
2026-04-27 01:30:38,122 jax._src.compiler WARNING: PERSISTENT COMPILATION CACHE MISS for 'jit__psum' with key 'jit__psum-a5a21e87f2b0fe9a493ad8322a9bd9363150b409316268bf2ed889aa48060689'
2026-04-27 01:30:38,156 jax._src.compiler WARNING: Not writing persistent cache entry since process_id != 0
2026-04-27 01:30:38,156 jax._src.dispatch WARNING: Finished XLA compilation of jit(_psum) in 0.035985947 sec
2026-04-27 01:30:38,478 jax._src.dispatch WARNING: Finished tracing + transforming _multi_slice2026-04-27 01:30:38,479 jax._src.dispatch WARNING: Finished tracing + transforming _multi_slice for pjit in 0.000314236 sec
2026-04-27 01:30:38,479 jax._src.pjit WARNING: TRACING CACHE MISS at /global/homes/j/jackm/software/lorrax_C/src/bse/bse_io.py:404:19 (load_bse_data_from_restart_sharded) because:
  never seen function:
    _multi_slice id=139844126667168 defined at /opt/jax/jax/_src/numpy/array_methods.py:616
  but seen another function defi2026-04-27 01:30:38,479 jax._src.interpreters.pxla WARNING: Compiling _multi_slice with global 2026-04-27 01:30:38,479 jax._src.interpreters.pxla WARNING: Compiling _multi_slice with 2026-04-27 01:30:38,481 jax._src.dispatch WARNING: Finished jaxpr to MLIR module conversion jit2026-04-27 01:30:38,482 jax._src.d2026-04-27 01:30:38,485 jax._src.compiler WARNING: PERSISTENT COMPILATION CACHE MISS for 'jit__2026-04-27 01:30:38,486 jax._src.compiler WARNING: PERSISTENT COMPILATION CACHE MISS for 'jit__multi_slice2026-04-27 01:30:38,660 jax._src.compiler WARNING: Not writing persistent cache entry since process_id != 0
2026-04-27 01:30:38,660 jax._src.dispatch WARNING: Finished XLA compilation of jit(_multi_slice) in 0.179260492 sec
2026-04-27 01:30:38,756 jax._src.dispatch WARNING: Finished tracing + transforming conjugate for pjit in 0.000406742 sec
2026-04-27 01:30:38,757 jax._src.interpreters.pxla WARNING: Compiling conjugate with global shapes and types [ShapedArray(complex128[480])]. Argument mapping: (NamedSharding(mesh=Mesh('x': 2, 'y': 2, axis_types=(Auto, Auto)), spec=PartitionSpec('x',), memory_kind=device),).
2026-04-27 01:30:38,760 jax._src.dispatch WARNING: Finished tracing + transforming negative for pjit in 0.000184298 sec
2026-04-27 01:30:38,761 jax._src.dispatch WARNING: Finished jaxpr to MLIR module conversion jit(conjugate) in 0.004166603 sec
2026-04-27 01:30:38,764 jax._src.compiler WARNING: PERSISTENT COMPILATION CACHE MISS for 'jit_conjugate' with key 'jit_conjugate-885e3dfa6479de9d21d834de414322f66cbd9c590f68b1fadbf3707e8f87a2a0'
2026-04-27 01:30:38,822 jax._src.compiler WARNING: Not writing persistent cache entry since process_id != 0
2026-04-27 01:30:38,822 jax._src.dispatch WARNING: Finished XLA compilation of jit(conjugate) in 0.060858250 sec
2026-04-27 01:30:38,825 jax._src.dispatch WARNING: Finished tracing + transforming broadcast_in_dim for pjit in 0.000312805 sec
2026-04-27 01:30:38,825 jax._src.pjit WARNING: TRACING CACHE MISS at /global/homes/j/jackm/software/lorrax_C/src/gw/head_correction.py:648:11 (apply_q0_head_rank1_sharded) because:
  never seen function:
    broadcast_in_dim id=140015197100352 defined at /opt/jax/jax/_src/dispatch.py:96
2026-04-27 01:30:38,826 jax._src.interpreters.pxla WARNING: Compiling broadcast_in_dim with global shapes and types [ShapedArray(complex128[480])]. Argument mapping: (NamedSharding(mesh=Mesh('x': 2, 'y': 2, axis_types=(Auto, Auto)), spec=PartitionSpec('x',), memory_kind=device),).
2026-04-27 01:30:38,828 jax._src.dispatch WARNING: Finished jaxpr to MLIR module conversion jit(broadcast_in_dim) in 0.002494335 sec
2026-04-27 01:30:38,831 jax._src.compiler WARNING: PERSISTENT COMPILATION CACHE MISS for 'jit_broadcast_in_dim' with key 'jit_broadcast_in_dim-2026-04-27 01:30:38,865 jax._src.compiler WARNING: Not writing persistent cache entry since process_id != 0
2026-04-27 01:30:38,865 jax._src.dispatch WARNING: Finished XLA compilation of jit(conjugate) in 0.061724186 sec
2026-04-27 01:30:38,868 jax._src.dispatch WARNING: Finished tracing + transforming broadcast_in_dim for pjit in 0.000284433 sec
2026-04-27 01:30:38,868 jax._src.pjit WARNING: TRACING CACHE MISS at /global/homes/j/jackm/software/lorrax_C/src/gw/head_correction.py:648:11 (apply_q0_head_rank1_sharded) because:
  never seen function:
    broadcast_in_dim id=140247263451456 defined at /opt/jax/jax/_src/dispatch.py:96
2026-04-27 01:30:38,869 jax._src.interpreters.pxla WARNING: Compiling broadcast_in_dim with global shapes and types [ShapedArray(complex128[480])]. Argument mapping: (NamedSharding(mesh=Mesh('x': 2, 'y': 2, axis_types=(Auto, Auto)), spec=PartitionSpec('x',), memory_kind=device),).
2026-04-27 01:30:38,871 jax._src.dispatch WARNING: Finished jaxpr to MLIR module conversion jit(broadcast_in_dim) in 0.002371788 sec
2026-04-27 01:30:38,874 jax._src.compiler WARNING: PERSISTENT COMPILATION CACHE MISS for 'jit_broadcast_in_dim' with key 'jit_broadcast_in_dim-8d0d6d766401335112a5ef06503fcda75b8db380ce9bd0db8054a380070a035f'
2026-04-27 01:30:38,902 jax._src.compiler WARNING: Not writing persistent cache entry since process_id != 0
2026-04-27 01:30:38,902 jax._src.dispatch WARNING: Finished XLA compilation of jit(broadcast_in_dim) in 0.030374527 sec
2026-04-27 01:30:38,905 jax._src.dispatch WARNING: Finished tracing + transforming broadcast_in_dim for pjit in 0.000353098 sec
2026-04-27 01:30:38,905 jax._src.pjit WARNING: TRACING CACHE MISS at /global/homes/j/jackm/software/lorrax_C/src/gw/head_correction.py:648:37 (apply_q0_head_rank1_sharded) because:
  never seen function:
    broadcast_in_dim id=140244578346592 defined at /opt/jax/jax/_src/dispatch.py:96
2026-04-27 01:30:38,905 jax._src.interpreters.pxla WARNING: Compiling broadcast_in_dim with global shapes and types [ShapedArray(complex128[480])]. Argument mapping: (NamedSharding(mesh=Mesh('x': 2, 'y': 2, axis_types=(Auto, Auto)), spec=PartitionSpec('y',), memory_kind=device),).
2026-04-27 01:30:38,907 jax._src.dispatch WARNING: Finished jaxpr to MLIR module conversion jit(broadcast_in_dim) in 0.002037764 sec
2026-04-27 01:30:38,910 jax._src.compiler WARNING: PERSISTENT COMPILATION CACHE MISS for 'jit_broadcast_i2026-04-27 01:30:38,966 jax._src.compiler WARNING: Not writing persistent cache entry since process_id != 0
2026-04-27 01:30:38,966 jax._src.dispatch WARNING: Finished XLA compilation of jit(multiply) in 0.063604832 sec
2026-04-27 01:30:38,970 jax._src.dispatch WARNING: Finished tracing + transforming convert_element_type for pjit in 0.000211716 sec
2026-04-27 01:30:38,970 jax._src.pjit WARNING: TRACING CACHE MISS at /global/homes/j/jackm/software/lorrax_C/src/gw/head_correction.py:651:19 (apply_q0_head_rank1_sharded) because:
  never seen function:
    convert_element_type id=140012448678912 defined at /opt/jax/jax/_src/dispatch.py:96
2026-04-27 01:30:38,970 jax._src.interpreters.pxla WARNING: Compiling convert_element_type with global shapes and types [ShapedArray(complex128[])]. Argument mapping: (UnspecifiedValue,).
2026-04-27 01:30:38,972 jax._src.dispatch WARNING: Finished jaxpr to MLIR module conversion jit(convert_element_type) in 0.002019644 sec
2026-04-27 01:30:38,975 jax._src.compiler WARNING: PERSISTENT COMPILATION CACHE MISS for 'jit_convert_element_type' with key 'jit_convert_element_type-160532045220758c46e29c287cddbe24182fd56680186ba27a533d834ed43756'
2026-04-22026-04-27 01:30:39,003 jax._src.compiler WARNING: Not writing persistent cache entry since process_id != 0
2026-04-27 01:30:39,004 jax._src.dispatch WARNING: Finished XLA compilation of jit(multiply) in 0.060327530 sec
2026-04-27 01:30:39,007 jax._src.dispatch WARNING: Finished tracing + transforming convert_element_type for pjit in 0.000229359 sec
2026-04-27 01:30:39,007 jax._src.pjit WARNING: TRACING CACHE MISS at /global/homes/j/jackm/software/lorrax_C/src/gw/head_correction.py:651:19 (apply_q0_head_rank1_sharded) because:
  never seen function:
    convert_element_type id=140244578351232 defined at /opt/jax/jax/_src/dispatch.py:96
2026-04-27 01:30:39,007 jax._src.interpreters.pxla WARNING: Compiling convert_element_type with global shapes and types [ShapedArray(complex128[])]. A2026-04-27 01:30:39,008 jax._src.compi2026-04-27 01:30:39,009 jax._src.dispatch WARNING: Finished jaxpr to MLIR module conversion jit(convert_element_type) in 0.002152205 sec
2026-04-27 01:30:32026-04-27 01:30:39,066 jax._src.compiler WARNING: Not writing persistent cache entry since process_id != 0
2026-04-27 01:30:39,067 jax._src.dispatch WARNING: Finished XLA compilation of jit(multiply) in 0.060920715 sec
2026-04-27 01:30:39,070 jax._src.dispatch WARNING: Finished tracing + transforming add for pjit in 0.000327110 sec
2026-04-27 01:30:39,070 jax._src.interpreters.pxla WARNING: Compiling add with global shapes and types [ShapedArray(complex128[480,480]), ShapedArray(complex128[480,480])]. Argument mapping: (NamedSharding(mesh=Mesh('x': 2, 'y': 2, axis_types=(Auto, Auto)), spec=PartitionSpec('x', 'y'), memory_kind=device), NamedSharding(mesh=Mesh('x': 2, 'y': 2, axis_types=(Auto, Auto)), spec=PartitionSpec('x', 'y'), memory_kind=device)).
2026-04-27 01:30:39,073 jax._src.dispatch WARNING: Finished jaxpr to MLIR module conversion jit(add) in 0.002337694 sec
2026-04-27 01:30:39,075 jax._src.compiler WARNING: PERSISTENT COMPILATION CACHE MISS for 'jit_add' with key 'jit_add-f444bc0823cb8920a1d2f0e3fd53196e2884f735459710218783c8986e07881d'
2026-04-27 01:30:39,131 jax._src.compiler WARNING: Not writing persistent cache entry since process_id != 0
2026-04-27 01:30:39,131 jax._src.dispatch WARNING: Finished XLA compilation of jit(add) in 0.057941198 sec
2026-04-27 01:30:39,134 jax._src.dispatch WARNING: Finished tracing + transforming dynamic_slice for pjit in 0.000308752 sec
2026-04-27 01:30:39,134 jax._src.pjit WARNING: TRACING CACHE MISS at /global/homes/j/jackm/software/lorrax_C/src/gw/head_correction.py:656:54 (apply_q0_head_rank1_sharded) because:
  never seen function:
    dynamic_slice id=140012448684192 defined at /opt/jax/jax/_src/dispatch.py:96
2026-04-27 01:30:39,134 jax._src.interpreters.pxla WARNING: Compiling dynamic_slice with global shapes and types [ShapedArray(complex128[1]), ShapedArray(int64[], weak_type=True)]. Argument mapping: (UnspecifiedValue, UnspecifiedValue).
2026-04-27 01:30:39,137 jax._src.dispatch WARNING: Finished jaxpr to MLIR module conversion jit(dynamic_slice) in 0.002237320 sec
2026-04-27 01:30:39,139 jax._src.compiler WARNING: PERSISTENT COMPILATION CACHE MISS for 'jit_dynamic_slice' with key 'jit_dynamic_slice-2ae6b74595ac6738db45e577381cc9eda37f63346edcf5464f10f5483a37ed7c'
2026-04-27 01:30:39,169 jax._src.compiler WARNING: Not writing persistent cache entry since process_id != 0
2026-04-27 01:30:39,170 jax._src.dispatch WARNING: Finished XLA compilation of jit(add) in 0.062225342 sec
2026-04-27 01:30:39,172 jax._src.dispatch WARNING: Finished tracing + transforming dynamic_slice for pjit in 0.000239849 sec
2026-04-27 01:30:39,172 jax._src.pjit WARNING: TRACING CACHE MISS at /global/homes/j/jackm/software/lorrax_C/src/gw/head_correction.py:656:54 (apply_q0_head_rank1_sharded) because:
  never seen function:
    dynamic_slice id=140244578520096 defined at /opt/jax/jax/_src/dispatch.py:96
2026-04-27 01:30:39,173 jax._src.interpreters.pxla WARNING: Compiling dynamic_slice with global shapes and types [ShapedArray(complex128[1]), ShapedArray(int64[], weak_type=True)]. Argument mapping: (UnspecifiedValue, UnspecifiedValue).
2026-04-27 01:30:39,175 jax._src.dispatch WARNING: Finished jaxpr to MLIR module conversion jit(dynamic_slice) in 0.002414703 sec
2026-04-27 01:30:39,178 jax._src.compiler WARNING: PERSISTENT COMPILATION CACHE MISS for 'jit_dynamic_slice' with key 'jit_dynamic_slice-2ae6b74595ac6738db45e577381cc9eda37f63346edcf5464f10f5483a37ed7c'
2026-04-27 01:30:39,205 jax._src.compiler WARNING: Not writing persistent cache entry since process_id != 0
2026-04-27 01:30:39,205 jax._src.dispatch WARNING: Finished XLA compilation of jit(dynamic_slice) in 0.029408455 sec
2026-04-27 01:30:39,206 jax._src.dispatch WARNING: Finished tracing + transforming squeeze for pjit in 0.000310659 sec
2026-04-27 01:30:39,206 jax._src.pjit WARNING: TRACING CACHE MISS at /global/homes/j/jackm/software/lorrax_C/src/gw/head_correction.py:656:54 (apply_q0_head_rank1_sharded) because:
  never seen function:
    squeeze id=140244578522496 defined at /opt/jax/jax/_src/dispatch.py:96
  but seen another function defined on the same line; maybe the function is
  being re-defined repeatedly, preventing ca2026-04-27 01:30:39,208 jax._src.compiler WARNING: PERSISTENT COMPILATION CACHE MISS for 'jit_multiply' with key 'jit_multiply-4523b9d66db6c19e53a606d0d7d730e261f4b774f913287804d16ca72026-04-272026-04-27 01:30:39,261 jax._src.compiler WARNING: Not writing persistent cache entry since process_id != 0
2026-04-27 01:30:39,261 jax._src.dispatch WARNING: Finished XLA compilation of jit(multiply) in 0.055060387 sec
2026-04-27 01:30:39,263 jax._src.dispatch WARNING: Finished tracing + transforming convert_element_type for pjit in 0.000190020 sec
2026-04-27 01:30:39,263 jax._src.pjit WARNING: TRACING CACHE MISS at /global/homes/j/jackm/software/lorrax_C/src/gw/head_correction.py:659:14 (apply_q0_head_rank1_sharded) because:
  never seen function:
    convert_element_type id=140012448689632 defined at /opt/jax/jax/_src/dispatch.py:96
2026-04-27 01:30:39,264 jax._src.interpreters.pxla WARNING: Compiling convert_element_type with global shapes and types [ShapedArray(int32[])]. Argument mapping: (UnspecifiedValue,).
2026-04-27 01:30:39,266 jax._src.dispatch WARNING: Finished jaxpr to MLIR module conversion jit(convert_element_type) in 0.002140522 sec
2026-04-27 01:30:39,269 jax._src.compiler WARNING: PERSISTENT COMPILATION CACHE MISS for 'jit_convert_element_type' with key 'jit_convert_element_type-706bf4d639bf7625237bcf274abe7c9747ec57ef0b0508ad7145d2b4c7c074bb'
2026-04-27 01:2026-04-27 01:30:39,295 jax._src.compiler WARNING: Not writing persistent cache entry since process_id != 0
2026-04-27 01:30:39,295 jax._src.dispatch WARNING: Finished XLA compilation of jit(multiply) in 0.053766012 se2026-04-27 01:30:39,298 jax._src.dispatch WARNING: Finished tracing + transforming broadcast_in_dim for pjit in 0.001751423 sec
2026-04-27 01:30:39,299 jax._src.pjit WARNING: TRACING CACHE MISS at /global/homes/j/jackm/software/lorrax_C/src/gw/head_correction.py:659:14 (apply_q0_head_rank1_sharded) because:
  never seen function:
    broadcast_in_dim id=140012448692672 defined at /opt/jax/jax/_src/dispatch.py:96
  but seen another function defined on the same line; maybe the function is
  being re-defined repeatedly, preventing caching?
2026-04-27 01:30:39,299 jax._src.interpreters.pxla WARNING: Compil2026-04-27 01:30:39,300 jax._src.dispatch WARNING: Finished jaxpr to MLIR module conversion jit(convert_element_t2026-04-27 01:30:39,301 2026-04-27 01:30:39,303 jax._src.compiler WARNING: PERSISTENT COMPILATION CACHE MISS for 'jit_convert_element2026-04-27 01:30:39,304 jax._src.compiler WARNING: PERSISTENT COMPILATION CACHE MISS for 'jit_broadcast_in_d2026-04-27 01:30:39,328 jax._src.compiler WARNING: Not writing persistent cache entry since process_i2026-04-27 01:30:39,330 jax._src.compiler WARNING: Not writing persistent cache entry since process_id != 0
2026-04-27 01:30:39,3302026-04-27 01:30:39,331 jax._src.dispatch WARNING: Finished tracing + transforming broadcast_in_d2026-04-27 01:30:39,331 jax._sr2026-04-27 01:30:39,332 jax._src.pjit WARNING: TRACING CACHE MISS at /global/homes/j/jackm/s2026-04-27 01:30:39,332 jax._src.pjit WARNING: TRACING CACHE MISS at /global/homes/j/jackm/software/lorrax_C/src/gw/head_correction.py:659:14 (apply_q0_head_rank1_sharded) because:
  never seen function:
    concatenate id=140012451796512 defined at /opt/jax/jax/_src/dispatch.py:96
  but seen another function defined on t2026-04-27 01:30:39,332 jax._src.interpreters.pxla WARNING: Compiling broadcast_in_dim 2026-04-27 01:30:39,332 jax._src.interpreters.pxla WARNING: Compiling concatenate with globa2026-04-27 01:30:39,334 jax._src.dispatch WARNING: Finished jaxpr to MLIR module conversion jit(broadcast_in_dim) in 0.002044916 sec
2026-04-27 01:30:39,336 jax._src.compiler WARNING: PERSISTENT COMPILATION CACHE MISS for 'jit_broadcast_in_dim' with key 'jit_broadcast_in_dim-67ffedafaa56ba342026-04-27 01:30:39,336 jax._src.compiler WARNING:2026-04-27 01:30:39,362 jax._src.compiler WARNING: Not writing persistent cache entry since process_id != 0
2026-04-27 01:30:39,362 jax._src.dispatch2026-04-27 01:30:39,391 jax._src.compiler WARNING: Not writing persistent cache entry since process_id != 0
2026-04-27 01:30:39,391 jax._src.dispatch WARNING: Finished XLA compilation of jit(concatenate) in 0.056408882 sec
2026-04-27 01:30:39,393 jax._src.dispatch WARNING: Finished tracing + transforming _squeeze for pjit in 0.000133038 sec
2026-04-27 01:30:39,393 jax._src.interpreters.pxla WARNING: Compiling _squeeze with global shapes and types [ShapedArray(complex128[480,480])]. Argument mapping: (NamedSharding(mesh=Mesh('x': 2, 'y': 2, axis_types=(Auto, Auto)), spec=PartitionSpec('x', 'y'), memory_kind=device),).
2026-04-27 01:30:39,396 jax._src.dispatch WARNING: Finished jaxpr to MLIR module conversion jit(_squeeze) in 0.002333879 sec
2026-04-27 01:30:39,398 jax._src.compiler WARNING: PERSISTENT COMPILATION CACHE MISS for 'jit__squeeze' with key 'jit__squeeze-db5a08704ea29e8b1073a0c23420b9120a01a46b268410592400b5a2531290ec'
2026-04-27 01:30:39,427 jax._src.compiler WARNING: Not writing persistent cache entry since process_id != 0
2026-04-27 01:30:39,427 jax._src.dispatch WARNING: Finished XLA compilation of jit(_squeeze) in 0.031053782 sec
2026-04-27 01:30:39,430 jax._src.dispatch WARNING: Finished tracing + transforming scatter-add for pjit in 0.000381708 sec
2026-04-27 01:30:39,430 jax._src.pjit WARNING: TRACING CACHE MISS at /global/homes/j/jackm/software/lorrax_C/src/gw/head_correction.py:659:14 (apply_q0_head_rank1_sharded) because:
  never seen function:
    scatter-add id=140012451795072 defined at /opt/jax/jax/_src/dispatch.py:96
  but seen another function defined on the same line; maybe the function is
  being re-defined repeatedly, preventing caching?
2026-04-27 01:30:39,430 jax._src.interpreters.pxla WARNING: Compiling scatter-add with global shapes and types [ShapedArray(complex128[480,480,4,4,4]), ShapedArray(int32[3]), ShapedArray(complex128[480,480])]. Argument mapping: (NamedSharding(mesh=Mesh('x': 2, 'y': 2, axis_types=(Auto, Auto)), spec=PartitionSpec('x', 'y', None, None, None), memory_kind=device), UnspecifiedValue, NamedSharding(mesh=Mesh('x': 2, 'y': 2, axis_types=(Auto, Au2026-04-27 01:30:39,458 jax._src.compiler WARNING: Not writing persistent cache entry since process_id != 0
2026-04-27 01:30:39,458 jax._src.dispatch WARNING: Finished XLA compilation of jit(_squeeze) in 0.030455828 sec
2026-04-27 01:30:39,460 jax._src.dispatch WARNING: Finished tracing + transforming scatter-add for pjit in 0.000356674 sec
2026-04-27 01:30:39,461 jax._src.pjit WARN2026-04-27 01:30:39,539 jax._src.compiler WARNING: Not writing persistent cache entry since process_id != 0
2026-04-27 01:30:39,540 jax._src.dispatch WARNING: Finished XLA compilation of jit(scatter-add) in 0.106456280 sec
2026-04-27 01:30:39,843 jax._src.dispatch WARNING: Finished tracing + transforming _moveaxis for pjit in 0.000120640 sec
2026-04-27 01:30:39,843 jax._src.dispatch WARNING: Finished tracing + transforming fft for pjit in 0.000188828 sec
2026-04-27 01:30:39,843 jax._src.pjit WARNING: TRACING CACHE MISS at /global/homes/j/jackm/software/lorrax_C/src/bse/bse_lanczos.py:156:18 (solve_bse_sharded.<locals>._full_run) because:
  never seen function:
    fft id=140015227978752 defined at /opt/jax/jax/_src/lax/fft.py:68
2026-04-27 01:30:39,844 jax._src.dispatch WARNING: Finished tracing + transforming _reduce_prod for pjit in 0.000355005 sec
2026-04-27 01:30:39,845 jax._src.dispatch WARNING: Finished tracing + transforming sqrt for pjit in 0.000184059 sec
2026-04-27 01:30:39,845 jax._src.dispatch WARNING: Finished tracing + transforming multiply for pjit in 0.000240088 sec
2026-04-27 01:30:39,848 jax._src.dispatch WARNING: Finished tracing + transforming subtract for pjit in 0.000214338 sec
2026-04-27 01:30:39,848 jax._src.dispatch WARNING: Finished tracing + transforming subtract for pjit in 0.000198126 sec
2026-04-27 01:30:39,849 jax._src.dispatch WARNING: Finished tracing + transform2026-04-27 01:30:39,852 jax._src.dispatch WARNING: Finished tracing + transforming _moveaxis for pjit in 0.000113964 sec
2026-04-27 01:30:39,853 jax._src.dispatch WARNING: Finished tracing + transforming fft for pjit in 0.000189543 sec
2026-04-27 01:30:39,853 jax._src.pjit WARNING: TRACING CACHE MISS at /global/homes/j/jackm/software/lorrax_C/src/bse/bse_lanczos.py:156:18 (solve_bse_sharded.<locals>._full_run) because:
  never seen function:
    fft id=140247346873344 defined at /opt/jax/jax/_src/lax/fft.py:68
2026-04-27 01:30:39,854 jax._src.dispatch WARNING: Finished tracing + transforming _reduce_prod for pjit in 0.000351429 sec
2026-04-27 01:30:39,854 jax._src.dispatch WARNING: Finished tracing + transforming sqrt for pjit in 0.000185490 sec
2026-04-27 01:30:39,854 jax._src.dispatch WARNING: Finished tracing + transforming multiply for pjit in 0.000227213 sec
2026-04-27 01:30:39,857 jax._src.dispatch WARNING: Finished tracing + transforming subtract for pjit in 0.000209808 sec
2026-04-27 01:30:39,858 jax._src.dispatch WARNING: Finished tracing + transforming subtract for pjit in 0.000202179 sec
2026-04-27 01:30:39,858 jax._src.dispatch WARNING: Finished tracing + transforming multiply for pjit in 0.000266552 sec
2026-04-27 01:30:39,858 jax._src.dispatch WARNING: Finished tracing + transforming add for pjit in 0.000197649 sec
2026-04-27 01:30:39,859 jax._src.dispatch WARNING: Finished tracing + transforming _uniform for pjit in 0.002486229 sec
2026-04-27 01:30:39,859 jax._src.pjit WARNING: TRACING CACHE MISS at /global/homes/j/jackm/software/lorrax_C/src/solvers/lanczos.py:247:9 (lanczos_eig_jit) because:
  never seen function:
    _uniform id=140247336951200 defined at /opt/jax/jax/_src/random.py:407
2026-04-27 01:30:39,860 jax._src.dispatch WARNING: Finished tracing + transforming _normal_real for pjit in 0.003834486 sec
2026-04-27 01:30:39,860 jax._src.pjit WARNING: TRACING CACHE MISS at /global/homes/j/jackm/software/lorrax_C/src/solvers/lanczos.py:247:9 (lanczos_eig_jit) because:
  never seen function:
    _normal_real id=140247336957760 defined at /opt/jax/jax/_src/random.py:725
  but seen another function defined on the same line; maybe the function is
  being re-defined repeatedly, preventing caching?
2026-04-27 01:30:39,860 jax._src.dispatch WARNING: Finished tracing + transforming _normal for pjit in 0.004276037 sec
2026-04-27 01:30:39,860 jax._src.pjit WARNING: TRACING CACHE MISS at /global/homes/j/jackm/software/lorrax_C/src/solvers/lanczos.py:247:9 (lanczos_eig_jit) because:
  never seen function:
    _normal id=140247336956320 defined at /opt/jax/jax/_src/random.py:712
  but seen another function defined on the same line; maybe the function is
  being re-defined repeatedly, preventing caching?
2026-04-27 01:30:39,861 jax._src.dispatch WARNING: Finished tracing + transforming multiply for pjit in 0.000332117 sec
2026-04-27 01:30:39,861 jax._src.dispatch WARNING: Finished tracing + transforming add for pjit in 0.000280857 sec
2026-04-27 01:30:39,862 jax._src.dispatch WARNING: Finished tracing + transforming conjugate for pjit in 0.000170708 sec
2026-04-27 01:30:39,862 jax._src.dispatch WARNING: Finished tracing + transforming multiply for pjit in 0.000211954 sec
2026-04-27 01:30:39,863 jax._src.dispatch WARNING: Finished tracing + transforming real for pjit in 0.000139952 sec
2026-04-27 01:30:39,863 jax._src.dispatch WARNING: Finished tracing + transforming _reduce_sum for pjit in 0.000623941 sec
2026-04-27 01:30:39,864 jax._src.dispatch WARNING: Finished tracing + transforming sqrt for pjit in 0.000171900 sec
2026-04-27 01:30:39,864 jax._src.dispatch WARNING: Finished tracing + transforming norm for pjit in 0.002529860 sec
2026-04-27 01:30:39,864 jax._src.pjit WARNING: TRACING CACHE MISS at /global/homes/j/jackm/software/lorrax_C/src/solvers/lanczos.py:249:14 (lanczos_eig_jit) because:
  never seen function:
    norm id=140247343382208 defined at /opt/jax/jax/_src/numpy/linalg.py:1076
2026-04-27 01:30:39,865 jax._src.dispatch WARNING: Finished tracing + transforming true_divide for pjit in 0.000282049 sec
2026-04-27 01:30:39,866 jax._src.dispatch WARNING: Finished tracing + transforming _squeeze for pjit in 0.000088692 sec
2026-04-27 01:30:39,867 jax._src.dispatch WARNING: Finished tracing + transforming add for pjit in 0.000200510 sec
2026-04-27 01:30:39,868 jax._src.dispatch WARNING: Finished tracing + transforming subtract for pjit in 0.000219584 sec
2026-04-27 01:30:39,869 jax._src.dispatch WARNING: Finished tracing + transforming multiply for pjit in 0.000266314 sec
2026-04-27 01:30:39,869 jax._src.dispatch WARNING: Finished tracing + transforming _apply_D_term for pjit in 0.00172026-04-27 01:30:39,869 jax._src.dispatch WARNING: Finished tracing + transforming equal for pjit in 0.000288725 sec
2026-04-27 01:30:39,870 jax._src.dispatch WARNING: Finished tracing + transforming _broadcast_arrays for pjit in 0.000103235 sec
2026-04-27 01:30:39,870 jax._src.dispatch WARNING: Finished tracing + transforming _where for pjit in 0.000530720 sec
2026-04-27 01:30:39,870 jax._src.pjit WARNING: TRACING CACHE MISS at /global/homes/j/jackm/software/lorrax_C/src/bse/bse_ring_com2026-04-27 01:30:39,871 jax._src.dispatch WARNING: Finished tracing + transforming sqrt for pjit in 0.000237942 sec
2026-04-27 01:30:39,872 jax._src.dispatch WARNING: Finished tracing + transforming multiply for pjit in 0.000193119 sec
2026-04-27 01:30:39,873 jax._src.dispatch WARNING: Finished tracing + transforming less for pjit in 0.000336885 sec
2026-04-27 01:30:39,874 jax._src.dispatch WARNING: Finished tracing + transforming add for pjit in 0.000216722 sec
2026-04-27 01:30:39,877 jax._src.dispatch WARNING: Finished tracing + transforming add for pjit in 0.000210524 sec
2026-04-27 01:30:39,878 jax._src.dispatch WARNING: Finished tracing + transforming subtract for pjit in 0.000223875 sec
2026-04-27 01:30:39,879 jax._src.dispatch WARNING: Finished tracing + transforming equal for pjit in 0.000277042 sec
2026-04-27 01:30:39,879 jax._src.dispatch WARNING: Finished tracing + transforming _broadcast_arrays for pjit in 0.000094414 sec
2026-04-27 01:30:39,879 jax._src.dispatch WARNING: Finished tracing + transforming _where for pjit in 0.000492811 sec
2026-04-27 01:30:39,880 jax._src.pjit WARNING: TRACING CACHE MISS at /global/homes/j/jackm/software/lorrax_C/src/bse/bse_ring_comm.py:260:17 (apply_V_ring.<locals>.step_y) because:
  never seen function:
    _where 2026-04-27 01:30:39,889 jax._src.dispatch WARNING: Finished tracing + transforming _reduce_sum for pjit in 0.000319958 sec
2026-04-27 01:30:39,889 jax._src.dispatch WARNING: Finished tracing + transforming add for pjit in 0.000226498 sec
2026-04-27 01:30:39,892 jax._src.dispatch WARNING: Finished tracing + transforming true_divide for pjit in 0.000263929 sec
2026-04-27 01:30:39,893 jax._src.dispatch WARNING: Finished tracing + transforming _einsum for pjit in 0.000380516 sec
2026-04-27 01:30:39,897 jax._src.dispatch WARNING: Finished tracing + transforming conjugate for pjit in 0.000159979 sec
2026-04-27 01:30:39,898 jax._src.dispatch WARNING: Finished tracing + transforming _einsum for pjit in 0.000379086 sec
2026-04-27 01:30:39,899 jax._src.dispatch WARNING: Finished tracing + transforming _einsum for pjit in 0.000378847 sec
2026-04-27 01:30:39,900 jax._src.dispatch WARNING: Finished tracing + transforming true_divide for pjit in 0.000249386 sec
2026-04-27 01:30:39,905 jax._src.dispatch WARNING: Finished tracing + transforming add for pjit in 0.000216484 sec
2026-04-27 01:30:39,919 jax._src.dispatch WARNING: Finished tracing + transforming _einsum for pjit in 0.000395060 sec
2026-04-27 01:30:39,919 jax._src.dispatch WARNING: Finished tracing + transforming add for pjit in 0.000203371 sec
2026-04-27 01:30:39,931 jax._src.dispatch WARNING: Finished tracing + transforming real for pjit in 0.000150442 sec
2026-04-27 01:30:39,932 jax._src.dispatch WARNING: Finished tracing + transforming _moveaxis for pjit in 0.000085831 sec
2026-04-27 01:30:39,932 jax._src.dispatch WARNING: Finished tracing + transforming fft for pjit in 0.000140905 sec
2026-04-27 01:30:39,932 jax._src.pjit WARNING: TRACING CACHE MISS at /global/homes/j/jackm/software/lorrax_C/src/bse/bse_ring_comm.py:398:14 (build_bse_ring_matvec.<locals>._apply_W_from_T) because:
  for fft defined at /opt/jax/jax/_src/lax/fft.py:68
  never seen input type signature:
    x: c128[1,480,480,2,2,4,4,4]
  closest seen input type signature has 1 mismatches, including:
    * at x, seen c128[480,480,4,4,4]({Auto: ('x', 'y')}), but now given c128[1,480,480,2,2,4,4,4]({Auto: ('x', 'y')})
2026-04-27 01:30:39,933 jax._src.dispatch WARNING: Finished tracing + transforming multiply for pjit in 0.000202417 sec
2026-04-27 01:30:39,934 jax._src.dispatch WARNING: Finished tracing + transforming multiply for pjit in 0.000210762 sec
2026-04-27 01:30:39,934 jax._src.dispatch WARNING: Finished tracing + transforming fft for pjit in 02026-04-27 01:30:39,940 jax._src.dispatch WARNING: Finished tracing + transforming real for pjit in 0.000150681 sec
2026-04-27 01:30:39,941 jax._src.dispatch WARNING: Finished tracing + transforming _moveaxis for pjit in 0.000084639 sec
2026-04-27 01:30:39,941 jax._src.dispatch WARNING: Finished tracing + transforming fft for pjit in 0.000151396 sec
2026-04-27 01:30:39,941 jax._src.pjit WARNING: TRACING CACHE MISS at /global/homes/j/jackm/software/lorrax_C/src/bse/bse_ring_comm.py:398:14 (build_bse_ring_matvec.<locals>._apply_W_from_T) because:
  for fft defined at /opt/jax/jax/_src/lax/fft.py:68
  never seen input type signature:
    x: c128[1,480,480,2,2,4,4,4]
  closest seen input type signature has 1 mismatches, including:
    * at x, seen c128[480,480,4,4,4]({Auto: ('x', 'y')}), but now given c128[1,480,480,2,2,4,4,4]({Auto: ('x', 'y')})
2026-04-27 01:30:39,942 jax._src.dispatch WARNING: Finished tracing + transforming multiply for pjit in 0.000209570 sec
2026-04-27 01:30:39,943 jax._src.dispatch WARNING: Finished tracing + transforming multiply for pjit in 0.000210285 sec
2026-04-27 01:30:39,943 jax._src.dispatch WARNING: Finished tracing + transforming fft for pjit in 0.000133276 sec
2026-04-27 01:30:39,943 jax._src.pjit WARNING: TRACING CACHE MISS at /global/homes/j/jackm/software/lorrax_C/src/bse/bse_ring_comm.py:400:14 (build_bse_ring_matvec.<locals>._apply_W_from_T) because:
  for fft defined at /opt/jax/jax/_src/lax/fft.py:68
explanation unavailable! please open an issue at https://github.com/jax-ml/jax
2026-04-27 01:30:39,944 jax._src.dispatch WARNING: Finished tracing + transforming true_divide for pjit in 0.000633717 sec
2026-04-27 01:30:39,945 jax._src.dispatch WARNING: Finished tracing + transforming conjugate for pjit in 0.000154257 sec
2026-04-27 01:30:39,946 jax._src.dispatch WARNING: Finished tracing + transforming _einsum for pjit in 0.000390053 sec
2026-04-27 01:30:39,946 jax._src.dispatch WARNING: Finished tracing + transforming _einsum for pjit in 0.000380039 sec
2026-04-27 01:30:39,947 jax._src.dispatch WARNING: Finished tracing + transforming true_divide for pjit in 0.000259161 sec
2026-04-27 01:30:39,947 jax._src.dispatch WARNING: Finished tracing + transforming _apply_W_from_T for pjit in 0.007598400 sec
2026-04-27 01:30:39,947 jax._src.pjit WARNING: TRACING CACHE MISS at /global/homes/j/jackm/software/lorrax_C/src/bse/bse_ring_comm.py:429:17 (build_bse_ring_matvec.<locals>._matvec_impl) because:
  never seen function:
    build_bse_ring_matvec.<locals>._apply_W_from_T id=140244577933312 defined at /global/homes/j/jackm/software/lorrax_C/src/bse/bse_ring_comm.py:390
2026-04-27 01:30:39,948 jax._src.dispatch WARNING: Finished tracing + transforming add for pjit in 0.000407696 sec
2026-04-27 01:30:39,949 jax._src.dispatch WARNING: Finished tracing + transforming subtract for pjit in 0.000364304 sec
2026-04-27 01:30:39,949 jax._src.dispatch WARNING: Finished tracing + transforming _matvec_impl for pjit in 0.082029343 sec
2026-04-27 01:30:39,949 jax._src.pjit WARNING: TRACING CACHE MISS at /global/homes/j/jackm/software/lorrax_C/src/bse/bse_lanczos.py:163:17 (solve_bse_sharded.<locals>._full_run.<locals>.matvec) because:
  never seen function:
    build_bse_ring_matvec.<locals>._matvec_impl id=140244577936512 defined at /global/homes/j/jackm/software/lorrax_C/src/bse/bse_ring_comm.py:423
2026-04-27 01:30:39,950 jax._src.dispatch WARNING: Finished tracing + transforming ravel for pjit in 0.000303984 sec
2026-04-27 01:30:39,951 jax._src.dispatch WARNING: Finished tracing + transforming ravel for pjit in 0.000301123 sec
2026-04-27 01:30:39,952 jax._src.dispatch WARNING: Finished tracing + transforming dot for pjit in 0.000605106 sec
2026-04-27 01:30:39,952 jax._src.dispatch WARNING: Finished tracing + transforming vdot for pjit in 0.002242804 sec
2026-04-27 01:30:39,952 jax._src.dispatch WARNING: Finished tracing + transforming real for pjit in 0.000132799 sec
2026-04-27 01:30:39,953 jax._src.dispatch WARNING: Finished tracing + transforming less for pjit in 0.000313044 sec
2026-04-27 01:30:39,954 jax._src.dispatch WARNING: Finished tracing + transforming _squeeze for pjit in 0.000075340 sec
2026-04-27 01:30:39,954 jax._src.dispatch WARNING: Finished tracing + transforming multiply for pjit in 0.000252485 sec
2026-04-27 01:30:39,955 jax._src.dispatch WARNING: Finished tracing + transforming subtract for pjit in 0.000191927 sec
2026-04-27 01:30:39,955 jax._src.dispatch WARNING: Finished tracing + transforming subtract for pjit in 0.000183344 sec
2026-04-27 01:30:39,955 jax._src.dispatch WARNING: Finished tracing + transforming maximum for pjit in 0.000279188 sec
2026-04-27 01:30:39,956 jax._src.dispatch WARNING: Finished tracing + transforming add for pjit in 0.000449896 sec
2026-04-27 01:30:39,957 jax._src.dispatch WARNING: Finished tracing + transforming greater for pjit in 0.000208378 sec
2026-04-27 01:30:39,958 jax._src.dispatch WARNING: Finished tracing + transforming _broadcast_arrays for pjit in 0.000400305 sec
2026-04-27 01:30:39,959 jax._src.dispatch WARNING: Finished tracing + transforming _where for pjit in 0.000867844 sec
2026-04-27 01:30:39,959 jax._src.pjit WARNING: TRACING CACHE MISS at /global/homes/j/jackm/software/lorrax_C/src/solvers/lanczos.py:265:20 (lanczos_eig_jit.<locals>.lanczos_step) because:
  for _where defined at /opt/jax/jax/_src/numpy/util.py:287
  tracing context doesn't match, e.g. due to config or context manager
  closest seen context tuple differs at positions:
    0, 3
  compare to tuple returned by config._trace_context() in jax/_src/config.py.
2026-04-27 01:30:39,959 jax._src.dispatch WARNING: Finished tracing + transforming multiply for pjit in 0.000255346 sec
2026-04-27 01:30:39,960 jax._src.dispatch WARNING: Finished tracing + transforming subtract for pjit in 0.000187874 sec
2026-04-27 01:30:39,962 jax._src.dispatch WARNING: Finished tracing + transforming _broadcast_arrays for pjit in 0.000083685 sec
2026-04-27 01:30:39,962 jax._src.dispatch WARNING: Finished tracing + transforming _where for pjit in 0.000829220 sec
2026-04-27 01:30:39,962 jax._src.pjit WARNING: TRACING CACHE MISS at /global/homes/j/jackm/software/lorrax_C/src/solvers/lanczos.py:271:19 (lanczos_eig_jit.<locals>.lanczos_step.<locals>.reorth_body) because:
  for _where defined at /opt/jax/jax/_src/numpy/util.py:287
  never seen input type signature:
    condition: bool[],  x: c128[],  y: c128[]
  closest seen input type signature has 2 mismatches, including:
    * at x, seen f64[]({}), but now given c128[]({Auto: ('x', 'y')})
    * at y, seen f64[], but now given c128[]
2026-04-27 01:30:39,963 jax._src.dispatch WARNING: Finished tracing + transforming multiply for pjit in 0.000452042 sec
2026-04-27 01:30:39,964 jax._src.dispatch WARNING: Finished tracing + transforming conjugate for pjit in 0.000288010 sec
2026-04-27 01:30:39,965 jax._src.dispatch WARNING: Finished tracing + transforming multiply for pjit in 0.000441313 sec
2026-04-27 01:30:39,965 jax._src.dispatch WARNING: Finished tracing + transforming real for pjit in 0.000277042 sec
2026-04-27 01:30:39,966 jax._src.dispatch WARNING: Finished tracing + transforming _reduce_sum for pjit in 0.000386000 sec
2026-04-27 01:30:39,967 jax._src.dispatch WARNING: Finished tracing + transforming sqrt for pjit in 0.000301361 sec
2026-04-27 01:30:39,967 jax._src.dispatch WARNING: Finished tracing + transforming norm for pjit in 0.003010511 sec
2026-04-27 01:30:39,967 jax._src.pjit WARNING: TRACING CACHE MISS at /global/homes/j/jackm/software/lorrax_C/src/solvers/lanczos.py:277:17 (lanczos_eig_jit.<locals>.lanczos_step) because:
  for norm defined at /opt/jax/jax/_src/numpy/linalg.py:1076
  never seen input type signature:
    x: c128[1024]
  closest seen input type signature has 1 mismatches, including:
    * at x, seen c128[1024]({}), but now given c128[1024]({Auto: ('x', 'y')})
2026-04-27 01:30:39,968 jax._src.dispatch WARNING: Finished tracing + transforming maximum for pjit in 0.000242710 sec
2026-04-27 01:30:39,969 jax._src.dispatch WARNING: Finished tracing + transforming true_divide for pjit in 0.000240088 sec
2026-04-27 01:30:39,969 jax._src.dispatch WARNING: Finished tracing + transforming minimum for pjit in 0.000208855 sec
2026-04-27 01:30:39,970 jax._src.dispatch WARNING: Finished tracing + transforming _squeeze for pjit in 0.000081301 sec
2026-04-27 01:30:39,972 jax._src.dispatch WARNING: Finished tracing + transforming add for pjit in 0.000479460 sec
2026-04-27 01:30:39,973 jax._src.dispatch WARNING: Finished tracing + transforming equal for pjit in 0.000256300 sec
2026-04-27 01:30:39,974 jax._src.dispatch WARNING: Finished tracing + transforming _broadcast_arrays for pjit in 0.000476122 sec
2026-04-27 01:30:39,974 jax._src.dispatch WARNING: Finished tracing + transforming _where for pjit in 0.000977039 sec
2026-04-27 01:30:39,974 jax._src.pjit WARNING: TRACING CACHE MISS at /global/homes/j/jackm/software/lorrax_C/src/solvers/lanczos.py:288:8 (lanczos_eig_jit) because:
  for _where defined at /opt/jax/jax/_src/numpy/util.py:287
  never seen input type signature:
    condition: bool[200,200],  x: f64[200],  y: f64[200]
  closest seen input type signature has 3 mismatches, including:
    * at condition, seen bool[]({Manual: ('x', 'y')}), but now given bool[200,200]({})
    * at x, seen i32[]({Manual: ('x', 'y')}), but now given f64[200]({Auto: ('x', 'y')})
    * at y, seen i32[]({Manual: ('x', 'y')}), but now given f64[200]({Auto: ('x', 'y')})
2026-04-27 01:30:39,974 jax._src.dispatch WARNING: Finished tracing + transforming _diag for pjit in 0.003349304 sec
2026-04-27 01:30:39,975 jax._src.pjit WARNING: TRACING CACHE MISS at /global/homes/j/jackm/software/lorrax_C/src/solvers/lanczos.py:288:8 (lanczos_eig_jit) because:
  never seen function:
    _diag id=140247343061952 defined at /opt/jax/jax/_src/numpy/lax_numpy.py:7967
2026-04-27 01:30:39,976 jax._src.dispatch WARNING: Finished tracing + transforming _diag for pjit in 0.001065493 sec
2026-04-27 01:30:39,976 jax._src.pjit WARNING: TRACING CACHE MISS at /global/homes/j/jackm/software/lorrax_C/src/solvers/lanczos.py:290:12 (lanczos_eig_jit) because:
  for _diag defined at /opt/jax/jax/_src/numpy/lax_numpy.py:7967
  never seen input type signature:
    v: f64[199]
  closest seen input type signature has 1 mismatches, including:
    * at v, seen f64[200], but now given f64[199]
2026-04-27 01:30:39,976 jax._src.dispatch WARNING: Finished tracing + transforming add for pjit in 0.000194311 sec
2026-04-27 01:30:39,978 jax._src.dispatch WARNING: Finished tracing + transforming _diag for pjit in 0.001035213 sec
2026-04-27 01:30:39,978 jax._src.pjit WARNING: TRACING CACHE MISS at /global/homes/j/jackm/software/lorrax_C/src/solvers/lanczos.py:290:36 (lanczos_eig_jit) because:
  for _diag defined at /opt/jax/jax/_src/numpy/lax_numpy.py:7967
explanation unavailable! please open an issue at https://github.com/jax-ml/jax
2026-04-27 01:30:39,978 jax._src.dispatch WARNING: Finished tracing + transforming conjugate for pjit in 0.000069618 sec
2026-04-27 01:30:39,979 jax._src.dispatch WARNING: Finished tracing + transforming true_divide for pjit in 0.000420094 sec
2026-04-27 01:30:39,979 jax._src.dispatch WARNING: Finished tracing + transforming eigh for pjit in 0.001281500 sec
2026-04-27 01:30:39,979 jax._src.pjit WARNING: TRACING CACHE MISS at /global/homes/j/jackm/software/lorrax_C/src/solvers/lanczos.py:292:22 (lanczos_eig_jit) because:
  never seen function:
    eigh id=140247343375968 defined at /opt/jax/jax/_src/numpy/linalg.py:809
2026-04-27 01:30:39,980 jax._src.dispatch WARNING: Finished tracing + transforming argsort for pjit in 0.000171185 sec
2026-04-27 01:30:39,980 jax._src.pjit WARNING: TRACING CACHE MISS at /global/homes/j/jackm/software/lorrax_C/src/solvers/lanczos.py:293:10 (lanczos_eig_jit) because:
  never seen function:
    argsort id=140247344790592 defined at /opt/jax/jax/_src/numpy/sorting.py:92
2026-04-27 01:30:39,981 jax._src.dispatch WARNING: Finished tracing + transforming less for pjit in 0.000334978 sec
2026-04-27 01:30:39,981 jax._src.dispatch WARNING: Finished tracing + transforming _broadcast_arrays for pjit in 0.000074148 sec
2026-04-27 01:30:39,983 jax._src.dispatch WARNING: Finished tracing + transforming matmul for pjit in 0.000324249 sec
2026-04-27 01:30:39,983 jax._src.dispatch WARNING: Finished tracing + transforming conjugate for pjit in 0.000147581 sec
2026-04-27 01:30:39,984 jax._src.dispatch WARNING: Finished tracing + transforming multiply for pjit in 0.000221968 sec
2026-04-27 01:30:39,984 jax._src.dispatch WARNING: Finished tracing + transforming real for pjit in 0.000200510 sec
2026-04-27 01:30:39,985 jax._src.dispatch WARNING: Finished tracing + transforming _reduce_sum for pjit in 0.000601768 sec
2026-04-27 01:30:39,985 jax._src.dispatch WARNING: Finished tracing + transforming sqrt for pjit in 0.000212193 sec
2026-04-27 01:30:39,985 jax._src.dispatch WARNING: Finished tracing + transforming norm for pjit in 0.002581596 sec
2026-04-27 01:30:39,986 jax._src.pjit WARNING: TRACING CACHE MISS at /global/homes/j/jackm/software/lorrax_C/src/solvers/lanczos.py:297:12 (lanczos_eig_jit) because:
  for norm defined at /opt/jax/jax/_src/numpy/linalg.py:1076
  never seen input type signature:
    x: c128[20,1024]
  closest seen input type signature has 1 mismatches, including:
    * at x, seen c128[1024]({}), but now given c128[20,1024]({Auto: ('x', 'y')})
2026-04-27 01:30:39,986 jax._src.dispatch WARNING: Finished tracing + transforming maximum for pjit in 0.000247002 sec
2026-04-27 01:30:39,987 jax._src.dispatch WARNING: Finished tracing + transforming true_divide for pjit in 0.000246286 sec
2026-04-27 01:30:39,987 jax._src.dispatch WARNING: Finished tracing + transforming _full_run for pjit in 0.135723829 sec
2026-04-27 01:30:39,987 jax._src.pjit WARNING: TRACING CACHE MISS at /global/homes/j/jackm/software/lorrax_C/src/bse/bse_lanczos.py:172:32 (solve_bse_sharded) because:
  never seen function:
    solve_bse_sharded.<locals>._full_run id=140244577937952 defined at /global/homes/j/jackm/software/lorrax_C/src/bse/bse_lanczos.py:153
2026-04-27 01:30:39,991 jax._src.interpreters.pxla WARNING: Compiling _full_run with global shapes and types [ShapedArray(complex128[64,4,2,480]), ShapedArray(complex128[64,4,2,480]), ShapedArray(complex128[64,4,2,480]), ShapedArray(complex128[64,4,2,480]), ShapedArray(float64[64,4]), ShapedArray(float64[64,4]), ShapedArray(complex128[480,480,4,4,4]), ShapedArray(complex128[480,480])]. Argument mapping: (NamedSharding(mesh=Mesh('x': 2, 'y': 2, axis_types=(Auto, Auto)), spec=PartitionSpec(None, None, None, 'x'), memory_kind=device), NamedSharding(mesh=Mesh('x': 2, 'y': 2, axis_types=(Auto, Auto)), spec=PartitionSpec(None, None, None, 'y'), memory_kind=device), NamedSharding(mesh=Mesh('x': 2, 'y': 2, axis_types=(Auto, Auto)), spec=PartitionSpec(None, None, None, 'x'), memory_kind=device), NamedS2026-04-27 01:30:39,992 jax._src.dispatch WARNING: Finished tracing + transforming bitwise_xor for pjit in 0.000286102 sec
2026-04-27 01:30:39,993 jax._src.dispatch WARNING: Finished tracing + transforming add for pjit in 0.000206709 sec
2026-04-27 01:30:39,994 jax._src.dispatch WARNING: Finished tracing + transforming add for pjit in 0.000188589 sec
2026-04-27 01:30:39,995 jax._src.dispatch WARNING: Finished 2026-04-27 01:30:39,997 jax._src.dispatch WARNING: Finished tracing + transforming bitwise_and for pjit in 0.000646353 sec
2026-04-27 01:30:39,997 jax._src.dispatch WARNING: Finished tr2026-04-27 01:30:40,020 jax._src.dispatch WARNING: Finished tracing + transforming bitwise_or for pjit in 0.000189543 sec
2026-04-27 01:30:40,022 jax._src.dispatch WARNING: Finished tracing + transforming add for pjit in 0.000217438 sec
2026-04-27 01:30:40,023 jax._src.dispatch WARNING: Finished tracing + transforming add for pjit in 0.000266075 sec
2026-04-27 01:30:40,023 jax._src.dispatch WARNING: Finished tracing + transforming bitwise_or for pjit in 0.000173092 sec
2026-04-27 01:30:40,024 jax._src.dispatch WARNING: Finished tracing + transforming bitwise_xor for pjit in 0.000241756 sec
2026-04-27 01:30:40,046 jax._src.dispatch WARNING: Finished tracing + transforming negative for pjit in 0.000267744 sec
2026-04-27 01:30:40,050 jax._src.dispatch WARNING: Finished tracing + transforming less for pjit in 0.000332594 sec
2026-04-27 01:30:40,050 jax._src.dispatch WARNING: Finished tracing + transforming add for pjit in 0.000264883 sec
2026-04-27 01:30:40,059 jax._src.dispatch WARNING: Finished tracing + transforming less for pjit in 0.000231504 sec
2026-04-27 01:30:40,065 jax._src.dispatch WARNING: Finished tracing + transforming negative for pjit in 0.000151873 sec
2026-04-27 01:30:40,072 jax._src.dispatch WARNING: Finished tracing + transforming negative for pjit in 0.000145197 sec
2026-04-27 01:30:40,092 jax._src.dispatch WARNING: Finished tracing + transforming negative for pjit in 0.000149250 sec
2026-04-27 01:30:40,104 jax._src.dispatch WARNING: Finished tracing + transforming negative for pjit in 0.000150681 sec
2026-04-27 01:30:40,119 jax._src.dispatch WARNING: Finished tracing + transforming negative for pjit in 0.000194550 sec
2026-04-27 01:30:40,121 jax._src.dispatch WARNING: Finished jaxpr to MLIR module conversion jit(_full_run) in 0.138560295 sec
2026-04-27 01:30:40,137 jax._src.compiler WARNING: PERSISTENT COMPILATION CACHE MISS for 'jit__full_run' with key 'jit__full_run-63750dfb28679dd967f07aa88a93d87e294ddedbd32ee6d9bd6f872dee849be7'
2026-04-27 01:30:42,003 jax._src.compiler WARNING: Not writing persistent cache entry since process_id != 0
2026-04-27 01:30:42,005 jax._src.dispatch WARNING: Finished XLA compilation of jit(_full_run) in 1.883247614 sec
2026-04-27 01:30:51,543 jax._src.dispatch WARNING: Finished tracing + transforming reshape for pjit in 0.000553608 sec
2026-04-27 01:30:51,543 jax._src.pjit WARNING: TRACING CACHE MISS at /global/homes/j/jackm/software/lorrax_C/src/bse/bse_lanczos.py:178:19 (solve_bse_sharded) because:
  never seen function:
    reshape id=140012448904384 defined at /opt/jax/jax/_src/dispatch.py:96
2026-04-27 01:30:51,544 jax._src.interpreters.pxla WARNING: Compiling reshape with global shapes and types [ShapedArray(complex128[20,1024])]. Argument mapping: (NamedSharding(mesh=Mesh('x': 2, 'y': 2, axis_types=(Auto, Auto)), spec=PartitionSpec(None, 'x'), memory_kind=device),).
2026-04-27 01:30:51,548 jax._src.dispatch WARNING: Finished jaxpr to MLIR module conversion jit(reshape) in 0.003342152 sec
2026-02026-04-27 01:30:51,758 jax._src.dispatch WARNING: Finished tracing + transforming reshape for pjit in 0.000515223 sec
2026-04-27 01:30:51,758 jax._src.pjit WARNING: TRACING CACHE MISS at /global/homes/j/jackm/software/lorrax_C/src/bse/bse_lanczos.py:178:19 (solve_bse_sharded) because:
  never seen function:
    reshape id=139841053701312 defined at /opt/jax/jax/_src/dispatch.py:96
2026-04-27 012026-04-27 01:30:51,759 jax._src.dispatch WARNING: Finished tracing + transforming reshape for pjit in 0.000538349 sec
2026-04-27 01:30:51,759 jax._src.pjit WARNING: TRACING CACHE MISS at /global/homes/j/jackm/software/lorrax_C/src/bse/bse_lanczos.py:178:19 (solve_bse_2026-04-27 01:30:51,762 jax._src.dispatch WARNING: Finished jaxpr to MLIR module conversion jit(reshape) in 0.003017902 sec
2026-04-27 01:30:51,765 jax._src.compiler WARNING: PERSISTENT COMPILATION CACHE MISS for 'jit_reshape' with key 'jit_reshape-2149fa262aaa62f6414b779c991c732d93b5293ec20f2140699f60e5327f9f1b'
2026-04-27 01:30:51,792 jax._src.compiler WARNING: Not writing persistent cache entry for 'jit_reshape' because it took < 1.00 seconds to compile (0.03s)
2026-04-27 01:30:51,792 jax._src.dispatch WARNING: Finished XLA compilation of jit(reshape) in 0.029770851 sec
2026-04-27 01:30:51,801 jax._src.dispatch WARNING: Finished tracing + transforming multiply for pjit in 0.000463247 sec
2026-04-27 01:30:51,801 jax._src.interpreters.pxla WARNING: Compiling multiply with global shapes and types [ShapedArray(float64[20]), ShapedArray(float64[], weak_type=True)]. Argument mapping: (NamedSharding(mesh=Mesh('x': 2, 'y': 2026-04-27 01:30:51,802 jax._src.dispatch WARNING: Finished tracing + transforming multiply2026-04-27 01:30:51,804 jax._src.dispatch WARNING: Finished jaxpr to MLIR module conversion jit(multiply) in 0.002434492 sec
2026-04-27 01:30:51,806 jax._src.compiler WARNING: PERSISTENT COMPILATION CACHE MISS for 'jit_multiply' with key 'jit_multiply-9df35993cc7d6b6788b88b4321b5c9db5c3396a583b918ae3a11bcb8e0b13fc9'
2026-04-27 01:30:51,857 jax._src.compiler WARNING: Not writing persistent cache entry for 'jit_multiply' because it took < 1.00 seconds to compile (0.05s)
2026-04-27 01:30:51,857 jax._src.dispatch WARNING: Finished XLA compilation of jit(multiply) in 0.053256989 sec
 key 'jit_multiply-9df35993cc7d6b6788b88b4321b5c9db5c3396a583b918ae3a11bcb8e0b13fc9'
2026-04-27 01:30:51,859 jax._src.compiler WARNING: Not writing persistent cache entry since process_id != 0
2026-04-27 01:30:51,859 jax._src.dispatch WARNING: Finished XLA compilation of jit(multiply) in 0.053771734 sec
