[lxrun] JID 52119327 · 1 nodes · 1:20:47 left · 1/1 free · incoming: lx-C
  1  nid001172  free   —              —      —  ← starting lx-C  python3 -u -m bse.bse_ja
BSE: q=0 head injected (rank-1 in μν, V_cell=270.11): vhead=3303.748, whead[0]=150.205
BSE: q=0 head injected (rank-1 in μν, V_cell=270.11): vhead=3303.748, whead[0]=150.205
BSE: q=0 head injected (rank-1 in μν, V_cell=270.11): vhead=3303.748, whead[0]=150.205
BSE: q=0 head injected (rank-1 in μν, V_cell=270.11): vhead=3303.748, whead[0]=150.205
BSE problem: 4 cond x 4 val x 64 k = 1024 dimension
Lanczos: 200 iterations
BSE problem: 4 cond x 4 val x 64 k = 1024 dimension
Lanczos: 200 iterations
BSE problem: 4 cond x 4 val x 64 k = 1024 dimension
Lanczos: 200 iterations
BSE problem: 4 cond x 4 val x 64 k = 1024 dimension
Lanczos: 200 iterations
Lowest 20 eigenvalues (Ry): [0.2161647  0.21618575 0.21620027 0.21635149 0.21636994 0.21639884
 0.21676358 0.21677127 0.21687336 0.21863668 0.21872125 0.21882594
 0.21901827 0.21913218 0.21933194 0.21955675 0.22012223 0.22012245
 0.23538249 0.23565675]
Lowest 20 eigenvalues (Ry): [0.2161647  0.21618575 0.21620027 0.21635149 0.21636994 0.21639884
 0.21676358 0.21677127 0.21687336 0.21863668 0.21872125 0.21882594
 0.21901827 0.21913218 0.21933194 0.21955675 0.22012223 0.22012245
 0.23538249 0.23565675]
Lowest 20 eigenvalues (Ry): [0.2161647  0.21618575 0.21620027 0.21635149 0.21636994 0.21639884
 0.21676358 0.21677127 0.21687336 0.21863668 0.21872125 0.21882594
 0.21901827 0.21913218 0.21933194 0.21955675 0.22012223 0.22012245
 0.23538249 0.23565675]
Lowest 20 eigenvalues (Ry): [0.2161647  0.21618575 0.21620027 0.21635149 0.21636994 0.21639884
 0.21676358 0.21677127 0.21687336 0.21863668 0.21872125 0.21882594
 0.21901827 0.21913218 0.21933194 0.21955675 0.22012223 0.22012245
 0.23538249 0.23565675]
Lowest 20 eigenvalues (eV): [2.94107164 2.94135809 2.94155556 2.94361311 2.94386409 2.94425731
 2.94921984 2.9493244  2.95071342 2.9747047  2.97585526 2.97727966
 2.97989647 2.98144622 2.98416418 2.98722285 2.9949166  2.99491959
 3.20254303 3.20627457]
Lowest 20 eigenvalues (eV): [2.94107164 2.94135809 2.94155556 2.94361311 2.94386409 2.94425731
 2.94921984 2.9493244  2.95071342 2.9747047  2.97585526 2.97727966
 2.97989647 2.98144622 2.98416418 2.98722285 2.9949166  2.99491959
 3.20254303 3.20627457]
Lowest 20 eigenvalues (eV): [2.94107164 2.94135809 2.94155556 2.94361311 2.94386409 2.94425731
 2.94921984 2.9493244  2.95071342 2.9747047  2.97585526 2.97727966
 2.97989647 2.98144622 2.98416418 2.98722285 2.9949166  2.99491959
 3.20254303 3.20627457]
Lowest 20 eigenvalues (eV): [2.94107164 2.94135809 2.94155556 2.94361311 2.94386409 2.94425731
 2.94921984 2.9493244  2.95071342 2.9747047  2.97585526 2.97727966
 2.97989647 2.98144622 2.98416418 2.98722285 2.9949166  2.99491959
 3.20254303 3.20627457]
