bash: cannot set terminal process group (-1): Inappropriate ioctl for device
bash: no job control in this shell
[lxrun] JID 52614093 · 4 nodes · 1:22:44 left · 4/4 free · incoming: lx-B
  1  nid008241  free   —              —      —  ← starting lx-B  python3 -u -m gw.gw_jax 
  2  nid008244  free   —              —      —
  3  nid008696  free   —              —      —
  4  nid008697  free   —              —      —

========================================================================
  COHSEX-JAX: Self-Energy Calculation
========================================================================
  Backend: GPU       Devices: 4  Mesh: 2×2  Processes: 4
  Device type: NVIDIA A100-SXM4-80GB
  XLA preallocate: false  mem_fraction: unset
========================================================================

  ISDF basis: 1800 centroids
  FFT grid: 75×75×200   Cell volume: 4960.60 a.u.³

    K-point chunking: 6 k-pts per FFT batch (total 36)
  K-point chunking: 2 chunks of 27 (total 36 k-points)
    Memory estimate: peak 65.37 GB (budget 45.00 GB), bottleneck=fft
    Per-stage: fft=64.57  zct=55.52  reshard=55.52  solve=38.56  gather=23.77 GB
    AOT fit_one_rchunk peak (driver-level): 75.39 GB

  Chunked ISDF fitting:
    Band chunks: 16
    R chunks:    70000 (contiguous r-space)
    Q chunks:    5
    Zeta output: /pscratch/sd/j/jackm/lorrax_sandbox/runs/CrI3/I_lorrax_B_diag_2026-05-07/tmp/zeta_q.h5

  Zeta fitting: 17 r-chunks x 70000 r-points, 152 bands (150 left + 152 right)
  Output: /pscratch/sd/j/jackm/lorrax_sandbox/runs/CrI3/I_lorrax_B_diag_2026-05-07/tmp/zeta_q.h5
  Left wfns:  (36, 150, 2, 1800)
  Right wfns: (36, 152, 2, 1800)
  Pseudobands normalization: 0 weighted, 0 zero-weight (skipped)
  Computing pair densities P_l, P_r (spin_traced)
/opt/jax/jax/_src/interpreters/mlir.py:1178: UserWarning: Some donated buffers were not usable: ShapedArray(complex128[36,900,900]).
See an explanation at https://jax.readthedocs.io/en/latest/faq.html#buffer-donation.
  warnings.warn("Some donated buffers were not usable:"
/opt/jax/jax/_src/interpreters/mlir.py:1178: UserWarning: Some donated buffers were not usable: ShapedArray(complex128[36,900,900]).
See an explanation at https://jax.readthedocs.io/en/latest/faq.html#buffer-donation.
  warnings.warn("Some donated buffers were not usable:"
/opt/jax/jax/_src/interpreters/mlir.py:1178: UserWarning: Some donated buffers were not usable: ShapedArray(complex128[36,900,900]).
See an explanation at https://jax.readthedocs.io/en/latest/faq.html#buffer-donation.
  warnings.warn("Some donated buffers were not usable:"
/opt/jax/jax/_src/interpreters/mlir.py:1178: UserWarning: Some donated buffers were not usable: ShapedArray(complex128[36,900,900]).
See an explanation at https://jax.readthedocs.io/en/latest/faq.html#buffer-donation.
  warnings.warn("Some donated buffers were not usable:"
  Computing L_q = chol(C_q)
  L_q: (36, 1800, 1800)
/global/homes/j/jackm/software/lorrax_B/src/file_io/_slab_io_ffi.py:378: UserWarning: FFI backend: chunks/attrs on create_dataset currently no-op; pre-create with h5py if you need explicit chunking or attrs.
  warnings.warn(
/global/homes/j/jackm/software/lorrax_B/src/file_io/_slab_io_ffi.py:378: UserWarning: FFI backend: chunks/attrs on create_dataset currently no-op; pre-create with h5py if you need explicit chunking or attrs.
  warnings.warn(
/global/homes/j/jackm/software/lorrax_B/src/file_io/_slab_io_ffi.py:378: UserWarning: FFI backend: chunks/attrs on create_dataset currently no-op; pre-create with h5py if you need explicit chunking or attrs.
  warnings.warn(
/global/homes/j/jackm/software/lorrax_B/src/file_io/_slab_io_ffi.py:378: UserWarning: FFI backend: chunks/attrs on create_dataset currently no-op; pre-create with h5py if you need explicit chunking or attrs.
  warnings.warn(
[2026-05-07T08:23:38.439] error: Detected 1 oom_kill event in StepId=52614093.7. Some of the step tasks have been OOM Killed.
srun: error: nid008241: task 1: Out Of Memory
srun: Terminating StepId=52614093.7
[2026-05-07T08:23:38.547] error: *** STEP 52614093.7 ON nid008241 CANCELLED AT 2026-05-07T08:23:38 DUE TO TASK FAILURE ***
2026-05-07 01:23:38.614162: W external/xla/xla/tsl/distributed_runtime/preemption/preemption_notifier.cc:89] SIGTERM caught at 2026-05-07T01:23:38.597851088-07:00
2026-05-07 01:23:38.615718: W external/xla/xla/tsl/distributed_runtime/preemption/preemption_notifier.cc:89] SIGTERM caught at 2026-05-07T01:23:38.59880563-07:00
2026-05-07 01:23:38.618481: W external/xla/xla/tsl/distributed_runtime/preemption/preemption_notifier.cc:89] SIGTERM caught at 2026-05-07T01:23:38.599263634-07:00
  ψ(G) host cache: 49.25 GB/process resident
