sym WFN: ntran=6, has_inversion=True
nosym WFN: ntran=1, has_inversion=False

===== sym vs nosym PR3 Σ_X comparison (CrI3) =====
  total (k, n) pairs: 3024 = 36 k-pts × 84 bands

--- DFT eigenvalue offset (orientation check) ---
   max |ΔE_dft|        =     0.0010 meV
   mean ΔE_dft         =     0.0000 meV

--- Σ_X components ---
   max |Δx_bare|       =  3011.2570 meV
   max |Δsex_0|        =  3011.2570 meV
   max |Δcoh_0|        =     0.0000 meV
   max |ΔΣ_X (total)|  =  6022.5140 meV
   mean ΔΣ_X (total)   = -2045.6064 meV
   stddev ΔΣ_X (total) =  1430.0463 meV

--- Per-k breakdown (max/mean |ΔΣ_X|, meV) ---
   ik   trs?    max|ΔΣ_X|     mean|ΔΣ_X|   max|Δx_bare|  max|Δsex_0|   N_bands
    0      -    5556.8240    2135.7797    2778.4120    2778.4120   84
    1      -    5135.3320    2086.2455    2567.6660    2567.6660   84
    2      -    5330.8300    2075.9607    2665.4150    2665.4150   84
    3      -    5479.6360    2084.9326    2739.8180    2739.8180   84
    4      -    5287.4700    2077.1604    2643.7350    2643.7350   84
    5      -    5123.4660    2087.6594    2561.7330    2561.7330   84
    6      -    5088.6240    2087.1887    2544.3120    2544.3120   84
    7      -    5052.0100    2075.5449    2526.0050    2526.0050   84
    8      -    5046.2800    2077.9067    2523.1400    2523.1400   84
    9      -    4992.7180    2077.0510    2496.3590    2496.3590   84
   10      -    4952.7640    2072.6817    2476.3820    2476.3820   84
   11      -    5123.7280    2084.5762    2561.8640    2561.8640   84
   12      -    5642.3440    2082.0943    2821.1720    2821.1720   84
   13      -    5403.4980    2077.8063    2701.7490    2701.7490   84
   14      -    4611.4340    2082.6319    2305.7170    2305.7170   84
   15      -    4901.4740    2071.5707    2450.7370    2450.7370   84
   16      -    5215.7140    2067.7500    2607.8570    2607.8570   84
   17      -    5120.5480    2070.5544    2560.2740    2560.2740   84
   18      -    6022.5140    2090.8862    3011.2570    3011.2570   84
   19      -    5586.9900    2074.3395    2793.4950    2793.4950   84
   20      -    4750.6520    2069.7575    2375.3260    2375.3260   84
   21      -    5173.2300    2072.5270    2586.6150    2586.6150   84
   22      -    4762.8680    2070.0405    2381.4340    2381.4340   84
   23      -    5622.4880    2074.0962    2811.2440    2811.2440   84
   24      -    5578.0040    2082.7983    2789.0020    2789.0020   84
   25      -    5083.4280    2071.0949    2541.7140    2541.7140   84
   26      -    5201.7320    2067.0515    2600.8660    2600.8660   84
   27      -    4864.1060    2071.8867    2432.0530    2432.0530   84
   28      -    4621.3200    2083.2501    2310.6600    2310.6600   84
   29      -    5398.7480    2078.6812    2699.3740    2699.3740   84
   30      -    5089.6580    2088.4102    2544.8290    2544.8290   84
   31      -    5137.7680    2084.2522    2568.8840    2568.8840   84
   32      -    4953.5980    2072.4419    2476.7990    2476.7990   84
   33      -    5044.7620    2076.5930    2522.3810    2522.3810   84
   34      -    5066.7700    2079.2707    2533.3850    2533.3850   84
   35      -    5023.6460    2077.1422    2511.8230    2511.8230   84

==========================================
  Verdict: FAIL
  max |ΔΣ_X| = 6022.5140 meV > 10 meV — real bug
  TRS-fold k-points expected: 0 (CrI3 has spatial inversion)
  Symmetry context: sym WFN ntran=6, has_inv=True
==========================================

--- Top-15 |ΔΣ_X| rows ---
   ik   n   E_dft(eV)     x_bare_sym    x_bare_nosym  Δx_bare      Δsex_0       ΔΣ_X(total)
   18   61     -6.7433    -16.289519    -13.278262  -3011.2570   -3011.2570     -6022.5140
   18   60     -6.7433    -16.289519    -13.278262  -3011.2570   -3011.2570     -6022.5140
   12   60     -6.7011    -15.945128    -13.123956  -2821.1720   -2821.1720     -5642.3440
   12   61     -6.7011    -15.945128    -13.123956  -2821.1720   -2821.1720     -5642.3440
   23   61     -6.7279    -16.392921    -13.581677  -2811.2440   -2811.2440     -5622.4880
   23   60     -6.7279    -16.392921    -13.581677  -2811.2440   -2811.2440     -5622.4880
   19   60     -6.7279    -16.375172    -13.581677  -2793.4950   -2793.4950     -5586.9900
   19   61     -6.7279    -16.375172    -13.581677  -2793.4950   -2793.4950     -5586.9900
   24   61     -6.7011    -15.912958    -13.123956  -2789.0020   -2789.0020     -5578.0040
   24   60     -6.7011    -15.912958    -13.123956  -2789.0020   -2789.0020     -5578.0040
    0   56     -6.8981    -16.459869    -13.681457  -2778.4120   -2778.4120     -5556.8240
    0   57     -6.8981    -16.459869    -13.681457  -2778.4120   -2778.4120     -5556.8240
    3   61     -6.7433    -16.018080    -13.278262  -2739.8180   -2739.8180     -5479.6360
    3   60     -6.7433    -16.018080    -13.278262  -2739.8180   -2739.8180     -5479.6360
   13   61     -6.7287    -16.235369    -13.533620  -2701.7490   -2701.7490     -5403.4980

--- |ΔΣ_X| histogram ---
      0.00 -    0.01 meV :    0
      0.01 -    0.10 meV :    2
      0.10 -    1.00 meV :    0
      1.00 -   10.00 meV :   16
     10.00 -  100.00 meV :  260
    100.00 - 1000.00 meV :  540
