JAX: 1 gpu devices
== Chunked kin_ion_io ==
Loading WFN: WFN.h5
Bands: 260, FFT grid: (36, 36, 36), k-points: 8
sys_dim: 3
Devices: 1
Pseudopotentials: ['Si']
Coulomb truncation: 3D bulk
Building V_loc...
Building unified V_NL setup...

Processing 8 k-points...
  k=1/8...

Writing to /pscratch/sd/j/jackm/lorrax_sandbox/runs/Si_pseudobands/00_si_2x2x2_60Ry/cohsex_sweep2/v1_k8_30w_s0/kin_ion.h5...
Wrote kin_ion.h5: shape (8, 260, 260), sys_dim=3
--- Timing (seconds) ---
Total recorded: 7.256 s
Section                                            Count    Total[s]     Self[s]      %
load_wfn                                               1       0.043       0.043    0.6
build_V_loc                                            1       0.851       0.851   11.7
k0                                                     1       2.396       2.396   33.0
k1                                                     1       1.655       1.655   22.8
k2                                                     1       0.138       0.138    1.9
k3                                                     1       1.637       1.637   22.6
k4                                                     1       0.127       0.127    1.8
k5                                                     1       0.138       0.138    1.9
k6                                                     1       0.127       0.127    1.8
k7                                                     1       0.129       0.129    1.8
write_h5                                               1       0.014       0.014    0.2
