JAX: 1 gpu devices
== Chunked kin_ion_io ==
Loading WFN: WFN.h5
Bands: 228, FFT grid: (36, 36, 36), k-points: 8
sys_dim: 3
Devices: 1
Pseudopotentials: ['Si']
Coulomb truncation: 3D bulk
Building V_loc...
Building unified V_NL setup...

Processing 8 k-points...
  k=1/8...

Writing to /pscratch/sd/j/jackm/lorrax_sandbox/runs/Si_pseudobands/00_si_2x2x2_60Ry/cohsex_sweep/v1_100win_s0/kin_ion.h5...
Wrote kin_ion.h5: shape (8, 228, 228), sys_dim=3
--- Timing (seconds) ---
Total recorded: 7.106 s
Section                                            Count    Total[s]     Self[s]      %
load_wfn                                               1       0.040       0.040    0.6
build_V_loc                                            1       0.749       0.749   10.5
k0                                                     1       2.370       2.370   33.4
k1                                                     1       1.640       1.640   23.1
k2                                                     1       0.116       0.116    1.6
k3                                                     1       1.706       1.706   24.0
k4                                                     1       0.115       0.115    1.6
k5                                                     1       0.127       0.127    1.8
k6                                                     1       0.115       0.115    1.6
k7                                                     1       0.114       0.114    1.6
write_h5                                               1       0.014       0.014    0.2
