
  Zeta fitting: 2 r-chunks x 44236 r-points, 80 bands (80 left + 80 right)
  Output: /pscratch/sd/j/jackm/lorrax_sandbox/runs/MoS2/01_mos2_4x4_cohsex_gnppm/K_rank_truncation_2026-07-21/00_rt_2x2/tmp/zeta_q.h5
  Left wfns:  (16, 80, 2, 640)
  Right wfns: (16, 80, 2, 640)
  Computing C_q via shard_map pipeline (open-spin, charge γ̃^0=I)
  Computing L_q = rank-truncated pinv  [PSD, charge channel, path=replicated_rank_truncate]
  L_q: (16, 640, 640)
  q axis on disk: full BZ (16 q-points) (write_ibz_only=False or closure check failed)
/pscratch/sd/j/jackm/lorrax_sandbox/sources/worktrees/lorrax_gw_rank_trunc/src/file_io/_slab_io_ffi.py:457: UserWarning: FFI backend: chunks/attrs on create_dataset currently no-op; pre-create with h5py if you need explicit chunking or attrs.
  warnings.warn(
  Zeta output: /pscratch/sd/j/jackm/lorrax_sandbox/runs/MoS2/01_mos2_4x4_cohsex_gnppm/K_rank_truncation_2026-07-21/00_rt_2x2/tmp/zeta_q.h5  shape: (n_q_disk=16 of 4·4·1=16 full-BZ, n_rtot=46080, n_rmu=640)
  Timing (2 r-chunks, 5.7s total):
    fit      4.35s  76.8%
    H5       1.25s  22.1%
2026-07-21 00:26:35.977989: E external/xla/xla/service/spmd/spmd_partitioner.cc:620] [spmd] Involuntary full rematerialization. The compiler was not able to go from sharding {devices=[4,1,1]<=[4]} to {devices=[1,2,1,2]<=[4] last_tile_dim_replicate} without doing a full rematerialization of the tensor for HLO operation: %copy.7 = c128[1,640,1964]{2,1,0} copy(%reshape), sharding={devices=[4,1,1]<=[4]}, metadata={op_name="jit(fn)/jit(main)/sharding_constraint" source_file="/pscratch/sd/j/jackm/lorrax_sandbox/sources/worktrees/lorrax_gw_rank_trunc/src/gw/v_q_g_flat.py" source_line=93}. You probably want to enrich the sharding annotations to prevent this from happening.
2026-07-21 00:26:35.978117: E external/xla/xla/service/spmd/spmd_partitioner.cc:620] [spmd] Involuntary full rematerialization. The compiler was not able to go from sharding {devices=[4,1,1]<=[4]} to {devices=[1,2,1,2]<=[2,2]T(1,0) last_tile_dim_replicate} without doing a full rematerialization of the tensor for HLO operation: %copy.7 = c128[1,640,1964]{2,1,0} copy(%reshape), sharding={devices=[4,1,1]<=[4]}, metadata={op_name="jit(fn)/jit(main)/sharding_constraint" source_file="/pscratch/sd/j/jackm/lorrax_sandbox/sources/worktrees/lorrax_gw_rank_trunc/src/gw/v_q_g_flat.py" source_line=93}. You probably want to enrich the sharding annotations to prevent this from happening.
2026-07-21 00:26:48.013027: E external/xla/xla/service/spmd/spmd_partitioner.cc:620] [spmd] Involuntary full rematerialization. The compiler was not able to go from sharding {devices=[1,2,2]<=[4]} to {devices=[4,1,1]<=[4]} without doing a full rematerialization of the tensor for HLO operation: %param = c128[16,320,320]{2,1,0} parameter(1), sharding={devices=[1,2,2]<=[4]}, metadata={op_name="y"}. You probably want to enrich the sharding annotations to prevent this from happening.
2026-07-21 00:26:49.850918: E external/xla/xla/service/spmd/spmd_partitioner.cc:620] [spmd] Involuntary full rematerialization. The compiler was not able to go from sharding {devices=[4,1,1]<=[4]} to {devices=[1,2,2]<=[4]} without doing a full rematerialization of the tensor for HLO operation: %get-tuple-element = f64[4,640,640]{2,1,0} get-tuple-element(%tuple), index=0, sharding={devices=[4,1,1]<=[4]}. You probably want to enrich the sharding annotations to prevent this from happening.
2026-07-21 00:26:49.924568: E external/xla/xla/service/spmd/spmd_partitioner.cc:620] [spmd] Involuntary full rematerialization. The compiler was not able to go from sharding {devices=[4,1,1]<=[4]} to {devices=[1,2,2]<=[4]} without doing a full rematerialization of the tensor for HLO operation: %get-tuple-element = c128[4,640,640]{2,1,0} get-tuple-element(%tuple), index=0, sharding={devices=[4,1,1]<=[4]}. You probably want to enrich the sharding annotations to prevent this from happening.
2026-07-21 00:26:49.990848: E external/xla/xla/service/spmd/spmd_partitioner.cc:620] [spmd] Involuntary full rematerialization. The compiler was not able to go from sharding {devices=[4,1,1]<=[4]} to {devices=[1,2,2]<=[4]} without doing a full rematerialization of the tensor for HLO operation: %get-tuple-element = pred[4,640,640]{2,1,0} get-tuple-element(%tuple), index=0, sharding={devices=[4,1,1]<=[4]}. You probably want to enrich the sharding annotations to prevent this from happening.
[pf] ▶ sigma_ppm
[pf] ■ sigma_ppm  4.880s
/pscratch/sd/j/jackm/lorrax_sandbox/sources/worktrees/lorrax_gw_rank_trunc/src/file_io/_slab_io_ffi.py:457: UserWarning: FFI backend: chunks/attrs on create_dataset currently no-op; pre-create with h5py if you need explicit chunking or attrs.
  warnings.warn(
hape), sharding={devices=[4,1,1]<=[4]}, metadata={op_name="jit(fn)/jit(main)/sharding_constraint" source_file="/pscratch/sd/j/jackm/lorrax_sandbox/sources/worktrees/lorrax_gw_rank_trunc/src/gw/v_q_g_flat.py" source_line=93}. You probably want to enrich the sharding annotations to prevent this from happening.
2026-07-21 00:26:35.987200: E external/xla/xla/service/spmd/spmd_partitioner.cc:620] [spmd] Involuntary full rematerialization. The compiler was not able to go from sharding {devices=[4,1,1]<=[4]} to {devices=[1,2,1,2]<=[2,2]T(1,0) last_tile_dim_replicate} without doing a full rematerialization of the tensor for HLO operation: %copy.7 = c128[1,640,1964]{2,1,0} copy(%reshape), sharding={devices=[4,1,1]<=[4]}, metadata={op_name="jit(fn)/jit(main)/sharding_constraint" source_file="/pscratch/sd/j/jackm/lorrax_sandbox/sources/worktrees/lorrax_gw_rank_trunc/src/gw/v_q_g_flat.py" source_line=93}. You probably want to enrich the sharding annotations to prevent this from happening.
    [CC] q=0/16: kernel=0.54s
    [CC] q=1/16: kernel=0.02s
    [CC] q=2/16: kernel=0.02s
    [CC] q=3/16: kernel=0.03s
    [CC] q=4/16: kernel=0.02s
    [CC] q=5/16: kernel=0.03s
    [CC] q=6/16: kernel=0.03s
    [CC] q=7/16: kernel=0.02s
    [CC] q=8/16: kernel=0.02s
    [CC] q=9/16: kernel=0.03s
    [CC] q=10/16: kernel=0.03s
    [CC] q=11/16: kernel=0.03s
    [CC] q=12/16: kernel=0.02s
    [CC] q=13/16: kernel=0.03s
    [CC] q=14/16: kernel=0.02s
    [CC] q=15/16: kernel=0.02s
  [SlabIO.close] draining 0 pending writes for zeta_q.h5 …
  [SlabIO.close] Python dispatch drained in 0.0 s; joining writer thread
  [SlabIO.close] writer thread joined in 0.0 s; calling H5Fclose collectively
  [SlabIO.close] H5Fclose returned in 0.0 s

  V_q computed:
    Shape: (16, 640, 640)
    V_q=0 trace: 767969884.5933
  [SlabIO.close] draining 0 pending writes for isdf_tensors_640.h5 …
  [SlabIO.close] Python dispatch drained in 0.0 s; joining writer thread
  [SlabIO.close] writer thread joined in 0.0 s; calling H5Fclose collectively
  [SlabIO.close] H5Fclose returned in 0.0 s
  Wavefunctions built (b0:b4=80 bands, 4 sharded copies: xn/xr/yr/yn)
  [SlabIO.close] draining 1 pending writes for isdf_tensors_640.h5 …
  [SlabIO.close] Python dispatch drained in 0.1 s; joining writer thread
  [SlabIO.close] writer thread joined in 0.0 s; calling H5Fclose collectively
  [SlabIO.close] H5Fclose returned in 0.0 s
  Chunked ISDF path complete
  Minimax static window: x=[1.633053e-01, 6.343519e+00] Ry, R=38.84, nodes=9, fit_err~1.600e-06
  PPM imag-freq quadrature (ωp=2.0000 Ry): R=38.8, nodes=7, err~2.5e-07
  [SlabIO.close] draining 1 pending writes for isdf_tensors_640.h5 …
  [SlabIO.close] Python dispatch drained in 0.1 s; joining writer thread
  [SlabIO.close] writer thread joined in 0.0 s; calling H5Fclose collectively
  [SlabIO.close] H5Fclose returned in 0.0 s
  Persisted W0_qmunu + q=0 head scalars: vhead=2443.340 a.u.,  whead[ω=0]=704.147 a.u.,  whead[iωp]=2124.092 a.u.

------------------------------------------------------------------------
  FINITE-SIZE CORRECTIONS
------------------------------------------------------------------------
  Head source: s_tensor
  v(q→0)  =     2443.340 a.u.  (bare Coulomb head)
  W(q→0)  =      704.147 a.u.  (screened Coulomb head)
  ΔW      =    -1739.193 a.u.  (screening correction)

------------------------------------------------------------------------
  STATIC HEAD TERMS (exact COHSEX / BGW-style)
------------------------------------------------------------------------
  Head source: s_tensor
  v_h(q→0)           =  2443.339832 a.u.
  W_h(q→0, ω=0)      =   704.146543 a.u.
  W_h^c              = -1739.193289 a.u.
  Σ^X head (occ)     = -2.174715e-01 Ry
  Σ^SX head (occ)    = -6.267315e-02 Ry
  Σ^(SX-X) head(occ) = 1.547983e-01 Ry
  Σ^COH head (all)   = -7.739917e-02 Ry

------------------------------------------------------------------------
  GN-PPM + FREQUENCY-INTEGRATED SIGMA
------------------------------------------------------------------------
2026-07-21 00:26:48.028370: E external/xla/xla/service/spmd/spmd_partitioner.cc:620] [spmd] Involuntary full rematerialization. The compiler was not able to go from sharding {devices=[1,2,2]<=[4]} to {devices=[4,1,1]<=[4]} without doing a full rematerialization of the tensor for HLO operation: %param = c128[16,320,320]{2,1,0} parameter(1), sharding={devices=[1,2,2]<=[4]}, metadata={op_name="y"}. You probably want to enrich the sharding annotations to prevent this from happening.
2026-07-21 00:26:49.860412: E external/xla/xla/service/spmd/spmd_partitioner.cc:620] [spmd] Involuntary full rematerialization. The compiler was not able to go from sharding {devices=[4,1,1]<=[4]} to {devices=[1,2,2]<=[4]} without doing a full rematerialization of the tensor for HLO operation: %get-tuple-element = f64[4,640,640]{2,1,0} get-tuple-element(%tuple), index=0, sharding={devices=[4,1,1]<=[4]}. You probably want to enrich the sharding annotations to prevent this from happening.
2026-07-21 00:26:49.924120: E external/xla/xla/service/spmd/spmd_partitioner.cc:620] [spmd] Involuntary full rematerialization. The compiler was not able to go from sharding {devices=[4,1,1]<=[4]} to {devices=[1,2,2]<=[4]} without doing a full rematerialization of the tensor for HLO operation: %get-tuple-element = c128[4,640,640]{2,1,0} get-tuple-element(%tuple), index=0, sharding={devices=[4,1,1]<=[4]}. You probably want to enrich the sharding annotations to prevent this from happening.
2026-07-21 00:26:49.990511: E external/xla/xla/service/spmd/spmd_partitioner.cc:620] [spmd] Involuntary full rematerialization. The compiler was not able to go from sharding {devices=[4,1,1]<=[4]} to {devices=[1,2,2]<=[4]} without doing a full rematerialization of the tensor for HLO operation: %get-tuple-element = pred[4,640,640]{2,1,0} get-tuple-element(%tuple), index=0, sharding={devices=[4,1,1]<=[4]}. You probably want to enrich the sharding annotations to prevent this from happening.
  GN-PPM fit: 2.04s, iωp=2.0000 Ry, unfulfilled=3.54%
[pf] ▶ sigma_ppm
  Σc crossing conditioning: ξ raised 0.250 → 0.952 eV (A_core capped at 24; the requested ξ would make the HGL crossing quadrature ill-conditioned)
  Σc(ω) grid: -10.000..10.000 eV, Nω=41, Δω=0.500 eV, ξ=0.952 eV
  GN invalid modes: 232184/6553600 (3.54%)
  GN invalid modes per q: min=2652 max=46346 counts=[14356  3154 44546  3154  2652 10124  9900  3596 45224 11430 46346 11430  2652  3596  9900 10124]
  GN invalid modes → static COHSEX: max|Σ_static| = 0.0788 eV (diag max 0.0788 eV)
    ω≥E_F cond window "core" (crossing): 48 nodes, err<1e-06, E_A=[0.0817, 0.8338] Ry, project=imag
    ω≥E_F cond window "a_stripe" (Laplace): 9 nodes, err<1e-06, E_A=[0.8515, 1.8449] Ry, project=full
    ω≥E_F cond window "b_slab" (Laplace): 14 nodes, err<1e-06, E_A=[0.0817, 1.8449] Ry, project=full
Started sigma[ω≥E_F cond] at 00:26:52.
[ 00:26:52 | ░░░░░░░░░░ |   1% ] tau node  1 / 71 · ETA 0 s
[ 00:26:52 | █░░░░░░░░░ |  13% ] tau node  9 / 71 · ETA 1 s
[ 00:26:52 | ██░░░░░░░░ |  24% ] tau node 17 / 71 · ETA 1 s
[ 00:26:53 | ███░░░░░░░ |  34% ] tau node 24 / 71 · ETA 1 s
[ 00:26:53 | █████░░░░░ |  45% ] tau node 32 / 71 · ETA 0 s
[ 00:26:53 | ██████░░░░ |  56% ] tau node 40 / 71 · ETA 0 s
[ 00:26:53 | ███████░░░ |  68% ] tau node 48 / 71 · ETA 0 s
[ 00:26:53 | ████████░░ |  77% ] tau node 55 / 71 · ETA 0 s
[ 00:26:53 | █████████░ |  89% ] tau node 63 / 71 · ETA 0 s
[ 00:26:53 | ██████████ | 100% ] tau node 71 / 71 · ETA 0 s
Finished sigma[ω≥E_F cond] at 00:26:53.  Elapsed: 1 s.
    ω≥E_F val window "single" (Laplace): 14 nodes, err<1e-06, E_A=[0.0817, 4.4986] Ry, project=full
Started sigma[ω≥E_F val] at 00:26:53.
[ 00:26:53 | █░░░░░░░░░ |   7% ] tau node  1 / 14 · ETA 0 s
[ 00:26:53 | █░░░░░░░░░ |  14% ] tau node  2 / 14 · ETA 0 s
[ 00:26:54 | ███░░░░░░░ |  29% ] tau node  4 / 14 · ETA 0 s
[ 00:26:54 | ████░░░░░░ |  36% ] tau node  5 / 14 · ETA 0 s
[ 00:26:54 | █████░░░░░ |  50% ] tau node  7 / 14 · ETA 0 s
[ 00:26:54 | ██████░░░░ |  57% ] tau node  8 / 14 · ETA 0 s
[ 00:26:54 | ███████░░░ |  71% ] tau node 10 / 14 · ETA 0 s
[ 00:26:54 | ████████░░ |  79% ] tau node 11 / 14 · ETA 0 s
[ 00:26:54 | █████████░ |  93% ] tau node 13 / 14 · ETA 0 s
[ 00:26:54 | ██████████ | 100% ] tau node 14 / 14 · ETA 0 s
Finished sigma[ω≥E_F val] at 00:26:54.  Elapsed: 0 s.
    ω<E_F cond window "single" (Laplace): 14 nodes, err<1e-06, E_A=[0.0817, 1.8449] Ry, project=full
Started sigma[ω<E_F cond] at 00:26:54.
[ 00:26:54 | █░░░░░░░░░ |   7% ] tau node  1 / 14 · ETA 0 s
[ 00:26:54 | █░░░░░░░░░ |  14% ] tau node  2 / 14 · ETA 0 s
[ 00:26:54 | ███░░░░░░░ |  29% ] tau node  4 / 14 · ETA 0 s
[ 00:26:54 | ████░░░░░░ |  36% ] tau node  5 / 14 · ETA 0 s
[ 00:26:54 | █████░░░░░ |  50% ] tau node  7 / 14 · ETA 0 s
[ 00:26:54 | ██████░░░░ |  57% ] tau node  8 / 14 · ETA 0 s
[ 00:26:54 | ███████░░░ |  71% ] tau node 10 / 14 · ETA 0 s
[ 00:26:54 | ████████░░ |  79% ] tau node 11 / 14 · ETA 0 s
[ 00:26:54 | █████████░ |  93% ] tau node 13 / 14 · ETA 0 s
[ 00:26:54 | ██████████ | 100% ] tau node 14 / 14 · ETA 0 s
Finished sigma[ω<E_F cond] at 00:26:54.  Elapsed: 0 s.
    ω<E_F val window "core" (crossing): 48 nodes, err<1e-06, E_A=[0.0817, 0.4999] Ry, project=imag
    ω<E_F val window "a_stripe" (Laplace): 9 nodes, err<1e-06, E_A=[0.9611, 4.4986] Ry, project=full
    ω<E_F val window "b_slab" (Laplace): 14 nodes, err<1e-06, E_A=[0.0817, 4.4986] Ry, project=full
Started sigma[ω<E_F val] at 00:26:54.
[ 00:26:54 | ░░░░░░░░░░ |   1% ] tau node  1 / 71 · ETA 0 s
[ 00:26:54 | █░░░░░░░░░ |  13% ] tau node  9 / 71 · ETA 1 s
[ 00:26:54 | ██░░░░░░░░ |  24% ] tau node 17 / 71 · ETA 1 s
[ 00:26:54 | ███░░░░░░░ |  34% ] tau node 24 / 71 · ETA 1 s
[ 00:26:55 | █████░░░░░ |  45% ] tau node 32 / 71 · ETA 0 s
[ 00:26:55 | ██████░░░░ |  56% ] tau node 40 / 71 · ETA 0 s
[ 00:26:55 | ███████░░░ |  68% ] tau node 48 / 71 · ETA 0 s
[ 00:26:55 | ████████░░ |  77% ] tau node 55 / 71 · ETA 0 s
[ 00:26:55 | █████████░ |  89% ] tau node 63 / 71 · ETA 0 s
[ 00:26:55 | ██████████ | 100% ] tau node 71 / 71 · ETA 0 s
Finished sigma[ω<E_F val] at 00:26:55.  Elapsed: 1 s.
[pf] ■ sigma_ppm  4.863s

------------------------------------------------------------------------
  HEAD CORRECTION (scalar GN, separate from ISDF body)
------------------------------------------------------------------------
  v(q→0)             =     2443.340 a.u.
  W^c(q→0, ω=0)      =    -1739.193 a.u.
  W^c(q→0, ω=iωp)    =     -319.248 a.u.  [ωp=2.0000 Ry]
  Ω_h²               =     0.899324 Ry²
  Ω_h                =     0.948327 Ry  (12.902647 eV)
  B_h                =  1564.097510 Ry² · a.u.
  R_h                =   824.661733 Ry · a.u.
  R_h / (Ω_h · vol)  = 1.238387e+00 (Ry)
  Σ_c head shift: max|Σ^head_diag| = 3.3853 eV (on-shell occ band → -1.0531 eV)
  E_F(midgap) = -4.270480 eV  (VBM=-5.381421, CBM=-3.159539)
/pscratch/sd/j/jackm/lorrax_sandbox/sources/worktrees/lorrax_gw_rank_trunc/src/file_io/_slab_io_ffi.py:457: UserWarning: FFI backend: chunks/attrs on create_dataset currently no-op; pre-create with h5py if you need explicit chunking or attrs.
  warnings.warn(
  [SlabIO.close] draining 1 pending writes for sigma_mnk.h5 …
  [SlabIO.close] Python dispatch drained in 0.0 s; joining writer thread
  [SlabIO.close] writer thread joined in 0.0 s; calling H5Fclose collectively
  [SlabIO.close] H5Fclose returned in 0.0 s
  QSGW: 766 clipped (59.8%)
  Bare Σ_X diagonal (eV), k=0: -39.5830  -39.5830  -33.4637  -33.4637  -32.8161  -32.8161  -32.7955  -32.7955
  [SlabIO.close] draining 0 pending writes for kin_ion.h5 …
  [SlabIO.close] Python dispatch drained in 0.0 s; joining writer thread
  [SlabIO.close] writer thread joined in 0.0 s; calling H5Fclose collectively
  [SlabIO.close] H5Fclose returned in 0.0 s
  QP solver: one_shot_dft — QSGW build evaluated at E_DFT (standard G0W0)
  QP WFN (one-shot): /pscratch/sd/j/jackm/lorrax_sandbox/runs/MoS2/01_mos2_4x4_cohsex_gnppm/K_rank_truncation_2026-07-21/00_rt_2x2/WFN_qp.h5
  Sigma freq debug: sigma_freq_debug.dat
  G0W0 diag (E_DFT):     /pscratch/sd/j/jackm/lorrax_sandbox/runs/MoS2/01_mos2_4x4_cohsex_gnppm/K_rank_truncation_2026-07-21/00_rt_2x2/eqp_g0w0.dat

  Sigma diag:   /pscratch/sd/j/jackm/lorrax_sandbox/runs/MoS2/01_mos2_4x4_cohsex_gnppm/K_rank_truncation_2026-07-21/00_rt_2x2/sigma_diag.dat
  BGW eqp0:     /pscratch/sd/j/jackm/lorrax_sandbox/runs/MoS2/01_mos2_4x4_cohsex_gnppm/K_rank_truncation_2026-07-21/00_rt_2x2/eqp0.dat
  BGW eqp1:     /pscratch/sd/j/jackm/lorrax_sandbox/runs/MoS2/01_mos2_4x4_cohsex_gnppm/K_rank_truncation_2026-07-21/00_rt_2x2/eqp1.dat
  Sigma(ω):     /pscratch/sd/j/jackm/lorrax_sandbox/runs/MoS2/01_mos2_4x4_cohsex_gnppm/K_rank_truncation_2026-07-21/00_rt_2x2/sigma_mnk.h5
  Restart:      /pscratch/sd/j/jackm/lorrax_sandbox/runs/MoS2/01_mos2_4x4_cohsex_gnppm/K_rank_truncation_2026-07-21/00_rt_2x2/tmp/isdf_tensors_640.h5

--- Timing ---
Total recorded: 24.079 s
Section                                            Count    Total[s]     Self[s]      %
gw_jax.load_centroid_wfns                              1       2.530       0.141   10.5
  load_centroids.loader_load                           1       0.681       0.681    2.8
  load_centroids.gflat_to_rmu                          1       1.505       1.505    6.2
  load_centroids.reshard                               1       0.202       0.202    0.8
gw_jax.zeta_fit_chunked                                1       8.591       0.173   35.7
  zeta_fit.slice_halves                                1       0.286       0.286    1.2
  zeta_fit.CCT                                         1       0.347       0.347    1.4
  zeta_fit.cholesky                                    1       0.729       0.729    3.0
  zeta_fit.gc_pre_chunk_loop                           1       0.095       0.095    0.4
  zeta_fit.write_headers                               1       0.061       0.061    0.3
  zeta_fit.open_file                                   1       0.010       0.010    0.0
  psi_G_store.populate.loader_load                     5       0.595       0.595    2.5
  psi_G_store.populate.shard_to_host                   5       0.008       0.008    0.0
  zeta_fit.chunk_loop                                  1       5.699       0.000   23.7
    zeta_fit.chunk.fit_one_rchunk                      2       4.756       0.224   19.8
      zeta_fit.chunk.z_q_build                         2       2.880       2.880   12.0
      zeta_fit.chunk.solve                             2       1.652       1.652    6.9
    zeta_fit.chunk.h5_write                            2       0.942       0.942    3.9
  zeta_fit.write_g_flat                                1       0.294       0.294    1.2
  zeta_fit.close_io                                    1       0.294       0.294    1.2
  zeta_fit.sync_global                                 1       0.001       0.001    0.0
gw_jax.V_q_compute                                     1       1.304       1.304    5.4
gw_jax.wavefunction_setup                              1       0.270       0.270    1.1
gw_jax.chi0_W                                          1       1.213       0.000    5.0
  chi.compile                                          1       0.754       0.754    3.1
  chi.exec                                             1       0.124       0.124    0.5
  W.compile                                            1       0.268       0.268    1.1
  W.exec                                               1       0.066       0.066    0.3
gw_jax.sigma                                           1      10.172       1.278   42.2
  gw_jax.ppm_sigma                                     1       8.894       3.291   36.9
    sigma.compile                                      1       0.733       0.733    3.0
    sigma.exec                                         1       4.871       4.871   20.2
