
========================================================================
  COHSEX-JAX: Self-Energy Calculation
========================================================================
  Backend: GPU       Devices: 4  Mesh: 2×2  Processes: 4
  Device type: NVIDIA A100-SXM4-40GB
  XLA preallocate: false  mem_fraction: unset
========================================================================

  ISDF basis: 3264 centroids
  FFT grid: 36×36×36   Cell volume: 270.11 a.u.³

  BGW vcoul override: loading /pscratch/sd/j/jackm/lorrax_sandbox/runs/Si_pseudobands/00_si_2x2x2_60Ry/D_lorrax_para_208_gnppm_OLD/bgw_vcoul.dat
    6 unique q-points, G counts per q: [2109, 2120, 2100, 2120, 2100, 2120]
    Memory estimate: peak 24.89 GB (budget 28.00 GB), bottleneck=zct
    Per-stage: fft=14.00  zct=24.89  reshard=15.15  solve=12.05  gather=10.88 GB
    AOT fit_one_rchunk peak (driver-level): 20.33 GB

  Chunked ISDF fitting:
    Band chunks: 208
    R chunks:    46656 (contiguous r-space)
    Q chunks:    8
    Zeta output: /pscratch/sd/j/jackm/lorrax_sandbox/runs/Si_pseudobands/00_si_2x2x2_60Ry/D_lorrax_para_208_gnppm_OLD/tmp/zeta_q.h5

  Zeta fitting: 1 r-chunks x 46656 r-points, 208 bands (16 left + 208 right)
  Output: /pscratch/sd/j/jackm/lorrax_sandbox/runs/Si_pseudobands/00_si_2x2x2_60Ry/D_lorrax_para_208_gnppm_OLD/tmp/zeta_q.h5
  Left wfns:  (8, 16, 2, 3264)
  Right wfns: (8, 208, 2, 3264)
  Pseudobands normalization: 0 weighted, 0 zero-weight (skipped)
  Computing pair densities P_l, P_r (spin_traced)
/opt/jax/jax/_src/interpreters/mlir.py:1178: UserWarning: Some donated buffers were not usable: ShapedArray(complex128[8,1632,1632]).
See an explanation at https://jax.readthedocs.io/en/latest/faq.html#buffer-donation.
  warnings.warn("Some donated buffers were not usable:"
/opt/jax/jax/_src/interpreters/mlir.py:1178: UserWarning: Some donated buffers were not usable: ShapedArray(complex128[8,1632,1632]).
See an explanation at https://jax.readthedocs.io/en/latest/faq.html#buffer-donation.
  warnings.warn("Some donated buffers were not usable:"
/opt/jax/jax/_src/interpreters/mlir.py:1178: UserWarning: Some donated buffers were not usable: ShapedArray(complex128[8,1632,1632]).
See an explanation at https://jax.readthedocs.io/en/latest/faq.html#buffer-donation.
  warnings.warn("Some donated buffers were not usable:"
/opt/jax/jax/_src/interpreters/mlir.py:1178: UserWarning: Some donated buffers were not usable: ShapedArray(complex128[8,1632,1632]).
See an explanation at https://jax.readthedocs.io/en/latest/faq.html#buffer-donation.
  warnings.warn("Some donated buffers were not usable:"
  Computing L_q = chol(C_q)
  L_q: (8, 3264, 3264)
  ψ(G) host cache: 0.62 GB/process resident
Started zeta fitting at 07:46:28.
[ 07:46:28 | ██████████ | 100% ] r-chunk 1 / 1 · ETA 0 s
Finished zeta fitting at 07:46:28.  Elapsed: 0 s.
  Zeta output: /pscratch/sd/j/jackm/lorrax_sandbox/runs/Si_pseudobands/00_si_2x2x2_60Ry/D_lorrax_para_208_gnppm_OLD/tmp/zeta_q.h5  shape: (2,2,2,3264,46656)
  Timing (1 r-chunks, 11.0s total):
    fit      2.53s  22.9%
    H5       8.51s  77.1%
    GPU high-water mark: 2.50 GB / 28.00 GB budget (9%)
    γ (runtime / AOT-pred) = 0.123  (AOT predicted 20.33 GB)
    V_q bare cutoff: 60.0 Ry
    V_q budget:    26.97 GB
    V_q mu chunks: 3264
    V_q q batches: 4
  V_q: 8 q-points, batch=4, mu=3264 (single chunk), overlapped H5 I/O
Started V_q computation at 07:46:58.
[ 07:46:58 | █░░░░░░░░░ |  12% ] q-point 1 / 8 · ETA 0 s
[ 07:46:58 | ██░░░░░░░░ |  25% ] q-point 2 / 8 · ETA 0 s
[ 07:46:58 | ████░░░░░░ |  38% ] q-point 3 / 8 · ETA 0 s
[ 07:46:58 | █████░░░░░ |  50% ] q-point 4 / 8 · ETA 0 s
[ 07:47:03 | ██████░░░░ |  62% ] q-point 5 / 8 · ETA 3 s
[ 07:47:03 | ████████░░ |  75% ] q-point 6 / 8 · ETA 2 s
[ 07:47:03 | █████████░ |  88% ] q-point 7 / 8 · ETA 1 s
[ 07:47:03 | ██████████ | 100% ] q-point 8 / 8 · ETA 0 s
Finished V_q computation at 07:47:03.  Elapsed: 5 s.

  V_q computed:
    Shape: (1, 1, 1, 2, 2, 2, 3264, 3264)
    V_q=0 trace: 4471839884.4878
  Wavefunctions built (b0:b4=208 bands, 4 sharded copies: xn/xr/yr/yn)
  Chunked ISDF path complete
  Minimax static window: x=[4.958693e-02, 7.883265e+00] Ry, R=158.98, nodes=11, fit_err~5.842e-06
  Persisted W0_qmunu + q=0 head scalars: vhead=825.937 a.u.,  whead[ω=0]=16.896 a.u.,  whead[iωp]=402.374 a.u.

------------------------------------------------------------------------
  FINITE-SIZE CORRECTIONS
------------------------------------------------------------------------
  Head source: override
  v(q→0)  =      825.937 a.u.  (bare Coulomb head)
  W(q→0)  =       16.896 a.u.  (screened Coulomb head)
  ΔW      =     -809.041 a.u.  (screening correction)

------------------------------------------------------------------------
  STATIC HEAD TERMS (exact COHSEX / BGW-style)
------------------------------------------------------------------------
  Head source: override
  v_h(q→0)           =   825.937026 a.u.
  W_h(q→0, ω=0)      =    16.895653 a.u.
  W_h^c              =  -809.041373 a.u.
  Σ^X head (occ)     = -3.822265e-01 Ry
  Σ^SX head (occ)    = -7.818958e-03 Ry
  Σ^(SX-X) head(occ) = 3.744076e-01 Ry
  Σ^COH head (all)   = -1.872038e-01 Ry
2026-05-06 07:47:31.874869: E external/xla/xla/service/spmd/spmd_partitioner.cc:620] [spmd] Involuntary full rematerialization. The compiler was not able to go from sharding {devices=[4,1,1]<=[4]} to {devices=[1,2,2]<=[4]} without doing a full rematerialization of the tensor for HLO operation: %param = c128[2,3264,3264]{2,1,0} parameter(5), sharding={devices=[4,1,1]<=[4]}, metadata={op_name="W_q"}. You probably want to enrich the sharding annotations to prevent this from happening.
2026-05-06 07:47:32.125405: E external/xla/xla/service/spmd/spmd_partitioner.cc:620] [spmd] Involuntary full rematerialization. The compiler was not able to go from sharding {devices=[4,1,1]<=[4]} to {devices=[1,2,2]<=[4]} without doing a full rematerialization of the tensor for HLO operation: %param = c128[2,3264,3264]{2,1,0} parameter(5), sharding={devices=[4,1,1]<=[4]}, metadata={op_name="W_q"}. You probably want to enrich the sharding annotations to prevent this from happening.
2026-05-06 07:47:32.129334: E external/xla/xla/service/spmd/spmd_partitioner.cc:620] [spmd] Involuntary full rematerialization. The compiler was not able to go from sharding {devices=[4,1,1]<=[4]} to {devices=[1,2,2]<=[4]} without doing a full rematerialization of the tensor for HLO operation: %param = c128[2,3264,3264]{2,1,0} parameter(5), sharding={devices=[4,1,1]<=[4]}, metadata={op_name="W_q"}. You probably want to enrich the sharding annotations to prevent this from happening.
2026-05-06 07:47:32.131563: E external/xla/xla/service/spmd/spmd_partitioner.cc:620] [spmd] Involuntary full rematerialization. The compiler was not able to go from sharding {devices=[4,1,1]<=[4]} to {devices=[1,2,2]<=[4]} without doing a full rematerialization of the tensor for HLO operation: %param = c128[2,3264,3264]{2,1,0} parameter(5), sharding={devices=[4,1,1]<=[4]}, metadata={op_name="W_q"}. You probably want to enrich the sharding annotations to prevent this from happening.
2026-05-06 07:47:32.566046: E external/xla/xla/service/spmd/spmd_partitioner.cc:620] [spmd] Involuntary full rematerialization. The compiler was not able to go from sharding {devices=[1,2,2]<=[4]} to {devices=[4,1,1]<=[4]} without doing a full rematerialization of the tensor for HLO operation: %param = c128[8,1632,1632]{2,1,0} parameter(5), sharding={devices=[1,2,2]<=[4]}, metadata={op_name="V_q"}. You probably want to enrich the sharding annotations to prevent this from happening.
2026-05-06 07:47:32.566112: E external/xla/xla/service/spmd/spmd_partitioner.cc:620] [spmd] Involuntary full rematerialization. The compiler was not able to go from sharding {devices=[4,1,1]<=[4]} to {devices=[1,2,2]<=[4]} without doing a full rematerialization of the tensor for HLO operation: %subtract.21 = c128[2,3264,3264]{2,1,0} subtract(%param, %dynamic-slice), sharding={devices=[4,1,1]<=[4]}, metadata={op_name="jit(sigma_coh)/jit(main)/sub" source_file="/pscratch/sd/j/jackm/lorrax_sandbox/sources/lorrax_D_old/src/gw/cohsex_sigma.py" source_line=106}. You probably want to enrich the sharding annotations to prevent this from happening.
2026-05-06 07:47:32.569237: E external/xla/xla/service/spmd/spmd_partitioner.cc:620] [spmd] Involuntary full rematerialization. The compiler was not able to go from sharding {devices=[1,2,2]<=[4]} to {devices=[4,1,1]<=[4]} without doing a full rematerialization of the tensor for HLO operation: %param = c128[8,1632,1632]{2,1,0} parameter(5), sharding={devices=[1,2,2]<=[4]}, metadata={op_name="V_q"}. You probably want to enrich the sharding annotations to prevent this from happening.
2026-05-06 07:47:32.569303: E external/xla/xla/service/spmd/spmd_partitioner.cc:620] [spmd] Involuntary full rematerialization. The compiler was not able to go from sharding {devices=[4,1,1]<=[4]} to {devices=[1,2,2]<=[4]} without doing a full rematerialization of the tensor for HLO operation: %subtract.21 = c128[2,3264,3264]{2,1,0} subtract(%param, %dynamic-slice), sharding={devices=[4,1,1]<=[4]}, metadata={op_name="jit(sigma_coh)/jit(main)/sub" source_file="/pscratch/sd/j/jackm/lorrax_sandbox/sources/lorrax_D_old/src/gw/cohsex_sigma.py" source_line=106}. You probably want to enrich the sharding annotations to prevent this from happening.
2026-05-06 07:47:32.569814: E external/xla/xla/service/spmd/spmd_partitioner.cc:620] [spmd] Involuntary full rematerialization. The compiler was not able to go from sharding {devices=[1,2,2]<=[4]} to {devices=[4,1,1]<=[4]} without doing a full rematerialization of the tensor for HLO operation: %param = c128[8,1632,1632]{2,1,0} parameter(5), sharding={devices=[1,2,2]<=[4]}, metadata={op_name="V_q"}. You probably want to enrich the sharding annotations to prevent this from happening.
2026-05-06 07:47:32.569882: E external/xla/xla/service/spmd/spmd_partitioner.cc:620] [spmd] Involuntary full rematerialization. The compiler was not able to go from sharding {devices=[4,1,1]<=[4]} to {devices=[1,2,2]<=[4]} without doing a full rematerialization of the tensor for HLO operation: %subtract.21 = c128[2,3264,3264]{2,1,0} subtract(%param, %dynamic-slice), sharding={devices=[4,1,1]<=[4]}, metadata={op_name="jit(sigma_coh)/jit(main)/sub" source_file="/pscratch/sd/j/jackm/lorrax_sandbox/sources/lorrax_D_old/src/gw/cohsex_sigma.py" source_line=106}. You probably want to enrich the sharding annotations to prevent this from happening.
2026-05-06 07:47:32.571839: E external/xla/xla/service/spmd/spmd_partitioner.cc:620] [spmd] Involuntary full rematerialization. The compiler was not able to go from sharding {devices=[1,2,2]<=[4]} to {devices=[4,1,1]<=[4]} without doing a full rematerialization of the tensor for HLO operation: %param = c128[8,1632,1632]{2,1,0} parameter(5), sharding={devices=[1,2,2]<=[4]}, metadata={op_name="V_q"}. You probably want to enrich the sharding annotations to prevent this from happening.
2026-05-06 07:47:32.571907: E external/xla/xla/service/spmd/spmd_partitioner.cc:620] [spmd] Involuntary full rematerialization. The compiler was not able to go from sharding {devices=[4,1,1]<=[4]} to {devices=[1,2,2]<=[4]} without doing a full rematerialization of the tensor for HLO operation: %subtract.21 = c128[2,3264,3264]{2,1,0} subtract(%param, %dynamic-slice), sharding={devices=[4,1,1]<=[4]}, metadata={op_name="jit(sigma_coh)/jit(main)/sub" source_file="/pscratch/sd/j/jackm/lorrax_sandbox/sources/lorrax_D_old/src/gw/cohsex_sigma.py" source_line=106}. You probably want to enrich the sharding annotations to prevent this from happening.
  Bare Σ_X diagonal (eV), k=0: -16.5442  -16.5442  -13.7136  -13.7136  -13.7008  -13.7007  -13.7007  -13.7008

------------------------------------------------------------------------
  GN-PPM + FREQUENCY-INTEGRATED SIGMA
------------------------------------------------------------------------
  PPM imag-freq quadrature (ωp=2.0000 Ry): R=159.0, nodes=6, err~6.8e-06
2026-05-06 07:47:34.745059: E external/xla/xla/service/spmd/spmd_partitioner.cc:620] [spmd] Involuntary full rematerialization. The compiler was not able to go from sharding {devices=[1,2,2]<=[4]} to {devices=[4,1,1]<=[4]} without doing a full rematerialization of the tensor for HLO operation: %param = c128[8,1632,1632]{2,1,0} parameter(1), sharding={devices=[1,2,2]<=[4]}, metadata={op_name="y"}. You probably want to enrich the sharding annotations to prevent this from happening.
2026-05-06 07:47:34.745961: E external/xla/xla/service/spmd/spmd_partitioner.cc:620] [spmd] Involuntary full rematerialization. The compiler was not able to go from sharding {devices=[1,2,2]<=[4]} to {devices=[4,1,1]<=[4]} without doing a full rematerialization of the tensor for HLO operation: %param = c128[8,1632,1632]{2,1,0} parameter(1), sharding={devices=[1,2,2]<=[4]}, metadata={op_name="y"}. You probably want to enrich the sharding annotations to prevent this from happening.
2026-05-06 07:47:34.748290: E external/xla/xla/service/spmd/spmd_partitioner.cc:620] [spmd] Involuntary full rematerialization. The compiler was not able to go from sharding {devices=[1,2,2]<=[4]} to {devices=[4,1,1]<=[4]} without doing a full rematerialization of the tensor for HLO operation: %param = c128[8,1632,1632]{2,1,0} parameter(1), sharding={devices=[1,2,2]<=[4]}, metadata={op_name="y"}. You probably want to enrich the sharding annotations to prevent this from happening.
2026-05-06 07:47:35.902928: E external/xla/xla/service/spmd/spmd_partitioner.cc:620] [spmd] Involuntary full rematerialization. The compiler was not able to go from sharding {devices=[4,1,1]<=[4]} to {devices=[1,2,2]<=[4]} without doing a full rematerialization of the tensor for HLO operation: %get-tuple-element = f64[2,3264,3264]{2,1,0} get-tuple-element(%tuple), index=0, sharding={devices=[4,1,1]<=[4]}. You probably want to enrich the sharding annotations to prevent this from happening.
2026-05-06 07:47:35.904193: E external/xla/xla/service/spmd/spmd_partitioner.cc:620] [spmd] Involuntary full rematerialization. The compiler was not able to go from sharding {devices=[4,1,1]<=[4]} to {devices=[1,2,2]<=[4]} without doing a full rematerialization of the tensor for HLO operation: %get-tuple-element = f64[2,3264,3264]{2,1,0} get-tuple-element(%tuple), index=0, sharding={devices=[4,1,1]<=[4]}. You probably want to enrich the sharding annotations to prevent this from happening.
2026-05-06 07:47:35.904465: E external/xla/xla/service/spmd/spmd_partitioner.cc:620] [spmd] Involuntary full rematerialization. The compiler was not able to go from sharding {devices=[4,1,1]<=[4]} to {devices=[1,2,2]<=[4]} without doing a full rematerialization of the tensor for HLO operation: %get-tuple-element = f64[2,3264,3264]{2,1,0} get-tuple-element(%tuple), index=0, sharding={devices=[4,1,1]<=[4]}. You probably want to enrich the sharding annotations to prevent this from happening.
2026-05-06 07:47:36.033087: E external/xla/xla/service/spmd/spmd_partitioner.cc:620] [spmd] Involuntary full rematerialization. The compiler was not able to go from sharding {devices=[4,1,1]<=[4]} to {devices=[1,2,2]<=[4]} without doing a full rematerialization of the tensor for HLO operation: %get-tuple-element = c128[2,3264,3264]{2,1,0} get-tuple-element(%tuple), index=0, sharding={devices=[4,1,1]<=[4]}. You probably want to enrich the sharding annotations to prevent this from happening.
2026-05-06 07:47:36.034216: E external/xla/xla/service/spmd/spmd_partitioner.cc:620] [spmd] Involuntary full rematerialization. The compiler was not able to go from sharding {devices=[4,1,1]<=[4]} to {devices=[1,2,2]<=[4]} without doing a full rematerialization of the tensor for HLO operation: %get-tuple-element = c128[2,3264,3264]{2,1,0} get-tuple-element(%tuple), index=0, sharding={devices=[4,1,1]<=[4]}. You probably want to enrich the sharding annotations to prevent this from happening.
2026-05-06 07:47:36.034954: E external/xla/xla/service/spmd/spmd_partitioner.cc:620] [spmd] Involuntary full rematerialization. The compiler was not able to go from sharding {devices=[4,1,1]<=[4]} to {devices=[1,2,2]<=[4]} without doing a full rematerialization of the tensor for HLO operation: %get-tuple-element = c128[2,3264,3264]{2,1,0} get-tuple-element(%tuple), index=0, sharding={devices=[4,1,1]<=[4]}. You probably want to enrich the sharding annotations to prevent this from happening.
2026-05-06 07:47:36.153833: E external/xla/xla/service/spmd/spmd_partitioner.cc:620] [spmd] Involuntary full rematerialization. The compiler was not able to go from sharding {devices=[4,1,1]<=[4]} to {devices=[1,2,2]<=[4]} without doing a full rematerialization of the tensor for HLO operation: %get-tuple-element = pred[2,3264,3264]{2,1,0} get-tuple-element(%tuple), index=0, sharding={devices=[4,1,1]<=[4]}. You probably want to enrich the sharding annotations to prevent this from happening.
2026-05-06 07:47:36.154165: E external/xla/xla/service/spmd/spmd_partitioner.cc:620] [spmd] Involuntary full rematerialization. The compiler was not able to go from sharding {devices=[4,1,1]<=[4]} to {devices=[1,2,2]<=[4]} without doing a full rematerialization of the tensor for HLO operation: %get-tuple-element = pred[2,3264,3264]{2,1,0} get-tuple-element(%tuple), index=0, sharding={devices=[4,1,1]<=[4]}. You probably want to enrich the sharding annotations to prevent this from happening.
2026-05-06 07:47:36.155670: E external/xla/xla/service/spmd/spmd_partitioner.cc:620] [spmd] Involuntary full rematerialization. The compiler was not able to go from sharding {devices=[4,1,1]<=[4]} to {devices=[1,2,2]<=[4]} without doing a full rematerialization of the tensor for HLO operation: %get-tuple-element = pred[2,3264,3264]{2,1,0} get-tuple-element(%tuple), index=0, sharding={devices=[4,1,1]<=[4]}. You probably want to enrich the sharding annotations to prevent this from happening.
  GN-PPM fit: 1.52s, ωp=2.0000 Ry, unfulfilled=2.12%
  [pf] profiling hooks unavailable: [Errno 2] No such file or directory: 'profile/memprof/sigma_ppm_pre.prof'
  Σc(ω) grid: -10.000..10.000 eV, Nω=41, Δω=0.500 eV, ξ=0.250 eV
  GN invalid modes: 1810984/85229568 (2.12%)
    ω≥E_F cond window "core" (crossing): 103 nodes, err<1e-06, E_A=[0.0248, 0.7489] Ry, project=imag
    ω≥E_F cond window "a_stripe" (Laplace): 11 nodes, err<1e-06, E_A=[0.7812, 6.9771] Ry, project=full
    ω≥E_F cond window "b_slab" (Laplace): 14 nodes, err<1e-06, E_A=[0.0248, 6.9771] Ry, project=full
Started sigma[ω≥E_F cond] at 07:47:38.
[ 07:47:38 | ░░░░░░░░░░ |   1% ] tau node   1 / 128 · ETA 0 s
[ 07:47:39 | █░░░░░░░░░ |  12% ] tau node  15 / 128 · ETA 8 s
[ 07:47:40 | ██░░░░░░░░ |  23% ] tau node  29 / 128 · ETA 8 s
[ 07:47:42 | ███░░░░░░░ |  34% ] tau node  43 / 128 · ETA 8 s
[ 07:47:43 | ████░░░░░░ |  45% ] tau node  57 / 128 · ETA 6 s
[ 07:47:45 | ██████░░░░ |  56% ] tau node  72 / 128 · ETA 5 s
[ 07:47:46 | ███████░░░ |  67% ] tau node  86 / 128 · ETA 4 s
[ 07:47:48 | ████████░░ |  78% ] tau node 100 / 128 · ETA 3 s
[ 07:47:49 | █████████░ |  89% ] tau node 114 / 128 · ETA 1 s
[ 07:47:51 | ██████████ | 100% ] tau node 128 / 128 · ETA 0 s
Finished sigma[ω≥E_F cond] at 07:47:51.  Elapsed: 13 s.
    ω≥E_F val window "single" (Laplace): 15 nodes, err<1e-06, E_A=[0.0248, 0.9061] Ry, project=full
Started sigma[ω≥E_F val] at 07:47:51.
[ 07:47:51 | █░░░░░░░░░ |   7% ] tau node  1 / 15 · ETA 0 s
[ 07:47:51 | ██░░░░░░░░ |  20% ] tau node  3 / 15 · ETA 1 s
[ 07:47:51 | ███░░░░░░░ |  27% ] tau node  4 / 15 · ETA 1 s
[ 07:47:51 | ████░░░░░░ |  40% ] tau node  6 / 15 · ETA 1 s
[ 07:47:52 | █████░░░░░ |  47% ] tau node  7 / 15 · ETA 1 s
[ 07:47:52 | ██████░░░░ |  60% ] tau node  9 / 15 · ETA 1 s
[ 07:47:52 | ███████░░░ |  67% ] tau node 10 / 15 · ETA 0 s
[ 07:47:52 | ████████░░ |  80% ] tau node 12 / 15 · ETA 0 s
[ 07:47:52 | █████████░ |  87% ] tau node 13 / 15 · ETA 0 s
[ 07:47:52 | ██████████ | 100% ] tau node 15 / 15 · ETA 0 s
Finished sigma[ω≥E_F val] at 07:47:52.  Elapsed: 1 s.
    ω<E_F cond window "single" (Laplace): 15 nodes, err<1e-06, E_A=[0.0248, 6.9771] Ry, project=full
Started sigma[ω<E_F cond] at 07:47:53.
[ 07:47:53 | █░░░░░░░░░ |   7% ] tau node  1 / 15 · ETA 0 s
[ 07:47:53 | ██░░░░░░░░ |  20% ] tau node  3 / 15 · ETA 1 s
[ 07:47:53 | ███░░░░░░░ |  27% ] tau node  4 / 15 · ETA 1 s
[ 07:47:53 | ████░░░░░░ |  40% ] tau node  6 / 15 · ETA 1 s
[ 07:47:53 | █████░░░░░ |  47% ] tau node  7 / 15 · ETA 1 s
[ 07:47:53 | ██████░░░░ |  60% ] tau node  9 / 15 · ETA 1 s
[ 07:47:53 | ███████░░░ |  67% ] tau node 10 / 15 · ETA 0 s
[ 07:47:54 | ████████░░ |  80% ] tau node 12 / 15 · ETA 0 s
[ 07:47:54 | █████████░ |  87% ] tau node 13 / 15 · ETA 0 s
[ 07:47:54 | ██████████ | 100% ] tau node 15 / 15 · ETA 0 s
Finished sigma[ω<E_F cond] at 07:47:54.  Elapsed: 1 s.
    ω<E_F val window "core" (crossing): 103 nodes, err<1e-06, E_A=[0.0248, 0.7346] Ry, project=imag
    ω<E_F val window "a_stripe" (Laplace): 7 nodes, err<1e-06, E_A=[0.9061, 0.9061] Ry, project=full
    ω<E_F val window "b_slab" (Laplace): 14 nodes, err<1e-06, E_A=[0.0248, 0.9061] Ry, project=full
Started sigma[ω<E_F val] at 07:47:54.
[ 07:47:54 | ░░░░░░░░░░ |   1% ] tau node   1 / 124 · ETA 0 s
[ 07:47:56 | █░░░░░░░░░ |  12% ] tau node  15 / 124 · ETA 10 s
[ 07:47:57 | ██░░░░░░░░ |  23% ] tau node  28 / 124 · ETA 9 s
[ 07:47:58 | ███░░░░░░░ |  34% ] tau node  42 / 124 · ETA 8 s
[ 07:48:00 | █████░░░░░ |  45% ] tau node  56 / 124 · ETA 7 s
[ 07:48:01 | ██████░░░░ |  56% ] tau node  69 / 124 · ETA 6 s
[ 07:48:03 | ███████░░░ |  67% ] tau node  83 / 124 · ETA 4 s
[ 07:48:04 | ████████░░ |  78% ] tau node  97 / 124 · ETA 3 s
[ 07:48:05 | █████████░ |  89% ] tau node 110 / 124 · ETA 1 s
[ 07:48:07 | ██████████ | 100% ] tau node 124 / 124 · ETA 0 s
Finished sigma[ω<E_F val] at 07:48:07.  Elapsed: 13 s.

------------------------------------------------------------------------
  HEAD CORRECTION (scalar GN, separate from ISDF body)
------------------------------------------------------------------------
  v(q→0)             =      825.937 a.u.
  W^c(q→0, ω=0)      =     -809.041 a.u.
  W^c(q→0, ω=iωp)    =     -423.563 a.u.  [ωp=2.0000 Ry]
  Ω_h²               =     4.395203 Ry²
  Ω_h                =     2.096474 Ry  (28.523992 eV)
  B_h                =  3555.901155 Ry² · a.u.
  R_h                =   848.067089 Ry · a.u.
  R_h / (Ω_h · vol)  = 1.497630e+00 (Ry)
  Σ_c head shift: max|Σ^head_diag| = 3.8519 eV (on-shell occ band → -2.5470 eV)
  E_F(midgap) = 6.631477 eV  (VBM=6.294144, CBM=6.968809)
  Diagonal SC: 126/128 states in grid, 120 iterations
  QSGW: 14 clipped (10.9%)
  G0W0 diag (E_DFT):     /pscratch/sd/j/jackm/lorrax_sandbox/runs/Si_pseudobands/00_si_2x2x2_60Ry/D_lorrax_para_208_gnppm_OLD/eqp_g0w0.dat

  Output: /pscratch/sd/j/jackm/lorrax_sandbox/runs/Si_pseudobands/00_si_2x2x2_60Ry/D_lorrax_para_208_gnppm_OLD/eqp0_noqsym.dat
  Sigma(ω): /pscratch/sd/j/jackm/lorrax_sandbox/runs/Si_pseudobands/00_si_2x2x2_60Ry/D_lorrax_para_208_gnppm_OLD/sigma_mnk.h5
  Restart:  /pscratch/sd/j/jackm/lorrax_sandbox/runs/Si_pseudobands/00_si_2x2x2_60Ry/D_lorrax_para_208_gnppm_OLD/tmp/isdf_tensors_3264.h5

--- Timing ---
Total recorded: 91.404 s
Section                                            Count    Total[s]     Self[s]      %
gw_jax.load_centroid_wfns                              1       1.473       1.240    1.6
  load_wfns.precompute_owned                           1       0.000       0.000    0.0
  load_wfns.k_loop                                     1       0.029       0.029    0.0
  load_wfns.scatter                                    1       0.055       0.055    0.1
  load_wfns.make_global_array                          1       0.149       0.149    0.2
gw_jax.zeta_fit_chunked                                1      38.417      25.255   42.0
  zeta_fit.slice_halves                                1       0.093       0.093    0.1
  zeta_fit.CCT                                         1       0.797       0.797    0.9
  zeta_fit.cholesky                                    1       1.084       1.084    1.2
  zeta_fit.gc_pre_chunk_loop                           1       0.079       0.079    0.1
  zeta_fit.open_file                                   1       0.074       0.074    0.1
  zeta_fit.chunk_loop                                  1      11.035       0.000   12.1
    zeta_fit.chunk.fit_one_rchunk                      1       2.528       2.528    2.8
    zeta_fit.chunk.h5_write                            1       8.507       8.507    9.3
  zeta_fit.close_io                                    1       0.000       0.000    0.0
  zeta_fit.sync_global                                 1       0.001       0.001    0.0
gw_jax.V_q_compute                                     1      13.248       2.890   14.5
  compute_all_V_q                                      1      10.359      10.359   11.3
gw_jax.wavefunction_setup                              1       0.033       0.033    0.0
gw_jax.chi0_W                                          1       1.858       0.032    2.0
  chi.compile                                          1       0.453       0.453    0.5
  chi.exec                                             1       0.580       0.580    0.6
  W.compile                                            1       0.069       0.069    0.1
  W.exec                                               1       0.724       0.724    0.8
gw_jax.sigma                                           1       2.004       2.004    2.2
gw_jax.ppm_sigma                                       1      34.370       2.993   37.6
  sigma.compile                                        1       0.907       0.907    1.0
  sigma.exec                                           1      30.470      30.470   33.3
