[probe] _REPLICATED_CHOL_MAX_STACK_BYTES 4.00 -> 8.00 GiB; the charge zeta-solve now takes the replicated route and honours charge_zeta_solve.
[probe] _REPLICATED_CHOL_MAX_STACK_BYTES 4.00 -> 8.00 GiB; the charge zeta-solve now takes the replicated route and honours charge_zeta_solve.
[probe] _REPLICATED_CHOL_MAX_STACK_BYTES 4.00 -> 8.00 GiB; the charge zeta-solve now takes the replicated route and honours charge_zeta_solve.
[probe] _REPLICATED_CHOL_MAX_STACK_BYTES 4.00 -> 8.00 GiB; the charge zeta-solve now takes the replicated route and honours charge_zeta_solve.
[probe] _REPLICATED_CHOL_MAX_STACK_BYTES 4.00 -> 8.00 GiB; the charge zeta-solve now takes the replicated route and honours charge_zeta_solve.
[probe] _REPLICATED_CHOL_MAX_STACK_BYTES 4.00 -> 8.00 GiB; the charge zeta-solve now takes the replicated route and honours charge_zeta_solve.
[probe] _REPLICATED_CHOL_MAX_STACK_BYTES 4.00 -> 8.00 GiB; the charge zeta-solve now takes the replicated route and honours charge_zeta_solve.
[probe] _REPLICATED_CHOL_MAX_STACK_BYTES 4.00 -> 8.00 GiB; the charge zeta-solve now takes the replicated route and honours charge_zeta_solve.
[probe] _REPLICATED_CHOL_MAX_STACK_BYTES 4.00 -> 8.00 GiB; the charge zeta-solve now takes the replicated route and honours charge_zeta_solve.
[probe] _REPLICATED_CHOL_MAX_STACK_BYTES 4.00 -> 8.00 GiB; the charge zeta-solve now takes the replicated route and honours charge_zeta_solve.
[probe] _REPLICATED_CHOL_MAX_STACK_BYTES 4.00 -> 8.00 GiB; the charge zeta-solve now takes the replicated route and honours charge_zeta_solve.
[probe] _REPLICATED_CHOL_MAX_STACK_BYTES 4.00 -> 8.00 GiB; the charge zeta-solve now takes the replicated route and honours charge_zeta_solve.
[probe] _REPLICATED_CHOL_MAX_STACK_BYTES 4.00 -> 8.00 GiB; the charge zeta-solve now takes the replicated route and honours charge_zeta_solve.
[probe] _REPLICATED_CHOL_MAX_STACK_BYTES 4.00 -> 8.00 GiB; the charge zeta-solve now takes the replicated route and honours charge_zeta_solve.
[probe] _REPLICATED_CHOL_MAX_STACK_BYTES 4.00 -> 8.00 GiB; the charge zeta-solve now takes the replicated route and honours charge_zeta_solve.
[probe] _REPLICATED_CHOL_MAX_STACK_BYTES 4.00 -> 8.00 GiB; the charge zeta-solve now takes the replicated route and honours charge_zeta_solve.

========================================================================
  COHSEX-JAX: Self-Energy Calculation
========================================================================
  Backend: GPU       Devices: 16  Mesh: 4×4  Processes: 16
  Device type: NVIDIA A100-SXM4-80GB
  XLA preallocate: false  mem_fraction: 0.95
  XLA pool: limit=80.84 GB, in_use=0.00 GB, avail=80.84 GB
========================================================================

  ISDF basis: 1452 centroids
  FFT grid: 36×36×135   Cell volume: 702.20 a.u.³


  ISDF memory model — chunk plan + HWM estimate
    band_chunk    = 16
    r_chunk       = 79696  (3 chunks)
    q_chunk       = 36
    gflat_cs      = 100
    P_min (floor) = 1
    budget        = 65.00 GB/dev  (util 0.85)
    persistent    = 0.94 GB/dev
    HWM estimate  = 55.25 GB/dev (85% of budget) [binder: C_fit_one_rchunk]
    per-stage peaks (persistent + transient, GB/dev):
      C_fit_one_rchunk....   55.25 <=
      D_accumulate........    5.68
      A_centroid_load.....    1.75
      B_cct_chol..........    1.63
      E_v_q...............    0.91

  Chunked ISDF fitting:
    Band chunks: 16
    R chunks:    79696 (contiguous r-space)
    Q chunks:    36
    GFlat cs:    100
    Zeta output: /pscratch/sd/j/jackm/lorrax_sandbox/runs/MoS2/07_mos2_ref_80Ry_12x12_400b_2026-07-21/03_lorrax_gw_6x6_80Ry_bse/tmp/zeta_q.h5
    cutoffs: zeta = 80.0 Ry, bare-Coulomb = 80.0 Ry  (ecutwfc=80.0, ecutrho=320.0)

  Zeta fitting: 3 r-chunks x 79696 r-points, 128 bands (60 left + 128 right)
  Output: /pscratch/sd/j/jackm/lorrax_sandbox/runs/MoS2/07_mos2_ref_80Ry_12x12_400b_2026-07-21/03_lorrax_gw_6x6_80Ry_bse/tmp/zeta_q.h5
  Left wfns:  (36, 60, 2, 1456)
  Right wfns: (36, 128, 2, 1456)
  Computing C_q via shard_map pipeline (open-spin, charge γ̃^0=I)
  Computing L_q = rank-truncated pinv  [PSD, charge channel, path=replicated_rank_truncate]

  Zeta fitting: 3 r-chunks x 79696 r-points, 128 bands (60 left + 128 right)
  Output: /pscratch/sd/j/jackm/lorrax_sandbox/runs/MoS2/07_mos2_ref_80Ry_12x12_400b_2026-07-21/03_lorrax_gw_6x6_80Ry_bse/tmp/zeta_q.h5

  Zeta fitting: 3 r-chunks x 79696 r-points, 128 bands (60 left + 128 right)
  Output: /pscratch/sd/j/jackm/lorrax_sandbox/runs/MoS2/07_mos2_ref_80Ry_12x12_400b_2026-07-21/03_lorrax_gw_6x6_80Ry_bse/tmp/zeta_q.h5

  Zeta fitting: 3 r-chunks x 79696 r-points, 128 bands (60 left + 128 right)
  Output: /pscratch/sd/j/jackm/lorrax_sandbox/runs/MoS2/07_mos2_ref_80Ry_12x12_400b_2026-07-21/03_lorrax_gw_6x6_80Ry_bse/tmp/zeta_q.h5

  Zeta fitting: 3 r-chunks x 79696 r-points, 128 bands (60 left + 128 right)
  Output: /pscratch/sd/j/jackm/lorrax_sandbox/runs/MoS2/07_mos2_ref_80Ry_12x12_400b_2026-07-21/03_lorrax_gw_6x6_80Ry_bse/tmp/zeta_q.h5

  Zeta fitting: 3 r-chunks x 79696 r-points, 128 bands (60 left + 128 right)
  Output: /pscratch/sd/j/jackm/lorrax_sandbox/runs/MoS2/07_mos2_ref_80Ry_12x12_400b_2026-07-21/03_lorrax_gw_6x6_80Ry_bse/tmp/zeta_q.h5

  Zeta fitting: 3 r-chunks x 79696 r-points, 128 bands (60 left + 128 right)
  Output: /pscratch/sd/j/jackm/lorrax_sandbox/runs/MoS2/07_mos2_ref_80Ry_12x12_400b_2026-07-21/03_lorrax_gw_6x6_80Ry_bse/tmp/zeta_q.h5

  Zeta fitting: 3 r-chunks x 79696 r-points, 128 bands (60 left + 128 right)
  Output: /pscratch/sd/j/jackm/lorrax_sandbox/runs/MoS2/07_mos2_ref_80Ry_12x12_400b_2026-07-21/03_lorrax_gw_6x6_80Ry_bse/tmp/zeta_q.h5

  Zeta fitting: 3 r-chunks x 79696 r-points, 128 bands (60 left + 128 right)
  Output: /pscratch/sd/j/jackm/lorrax_sandbox/runs/MoS2/07_mos2_ref_80Ry_12x12_400b_2026-07-21/03_lorrax_gw_6x6_80Ry_bse/tmp/zeta_q.h5

  Zeta fitting: 3 r-chunks x 79696 r-points, 128 bands (60 left + 128 right)
  Output: /pscratch/sd/j/jackm/lorrax_sandbox/runs/MoS2/07_mos2_ref_80Ry_12x12_400b_2026-07-21/03_lorrax_gw_6x6_80Ry_bse/tmp/zeta_q.h5

  Zeta fitting: 3 r-chunks x 79696 r-points, 128 bands (60 left + 128 right)
  Output: /pscratch/sd/j/jackm/lorrax_sandbox/runs/MoS2/07_mos2_ref_80Ry_12x12_400b_2026-07-21/03_lorrax_gw_6x6_80Ry_bse/tmp/zeta_q.h5

  Zeta fitting: 3 r-chunks x 79696 r-points, 128 bands (60 left + 128 right)
  Output: /pscratch/sd/j/jackm/lorrax_sandbox/runs/MoS2/07_mos2_ref_80Ry_12x12_400b_2026-07-21/03_lorrax_gw_6x6_80Ry_bse/tmp/zeta_q.h5

  Zeta fitting: 3 r-chunks x 79696 r-points, 128 bands (60 left + 128 right)
  Output: /pscratch/sd/j/jackm/lorrax_sandbox/runs/MoS2/07_mos2_ref_80Ry_12x12_400b_2026-07-21/03_lorrax_gw_6x6_80Ry_bse/tmp/zeta_q.h5
  Left wfns:  (36, 60, 2, 1456)
  Right wfns: (36, 128, 2, 1456)
  Left wfns:  (36, 60, 2, 1456)
  Right wfns: (36, 128, 2, 1456)
  Left wfns:  (36, 60, 2, 1456)
  Right wfns: (36, 128, 2, 1456)
  Left wfns:  (36, 60, 2, 1456)
  Right wfns: (36, 128, 2, 1456)
  Left wfns:  (36, 60, 2, 1456)
  Right wfns: (36, 128, 2, 1456)
  Left wfns:  (36, 60, 2, 1456)
  Right wfns: (36, 128, 2, 1456)
  Left wfns:  (36, 60, 2, 1456)
  Right wfns: (36, 128, 2, 1456)
  Left wfns:  (36, 60, 2, 1456)
  Right wfns: (36, 128, 2, 1456)
  Left wfns:  (36, 60, 2, 1456)
  Right wfns: (36, 128, 2, 1456)
  Left wfns:  (36, 60, 2, 1456)
  Right wfns: (36, 128, 2, 1456)
  Left wfns:  (36, 60, 2, 1456)
  Right wfns: (36, 128, 2, 1456)
  Left wfns:  (36, 60, 2, 1456)
  Right wfns: (36, 128, 2, 1456)

  Zeta fitting: 3 r-chunks x 79696 r-points, 128 bands (60 left + 128 right)
  Output: /pscratch/sd/j/jackm/lorrax_sandbox/runs/MoS2/07_mos2_ref_80Ry_12x12_400b_2026-07-21/03_lorrax_gw_6x6_80Ry_bse/tmp/zeta_q.h5

  Zeta fitting: 3 r-chunks x 79696 r-points, 128 bands (60 left + 128 right)
  Output: /pscratch/sd/j/jackm/lorrax_sandbox/runs/MoS2/07_mos2_ref_80Ry_12x12_400b_2026-07-21/03_lorrax_gw_6x6_80Ry_bse/tmp/zeta_q.h5

  Zeta fitting: 3 r-chunks x 79696 r-points, 128 bands (60 left + 128 right)
  Output: /pscratch/sd/j/jackm/lorrax_sandbox/runs/MoS2/07_mos2_ref_80Ry_12x12_400b_2026-07-21/03_lorrax_gw_6x6_80Ry_bse/tmp/zeta_q.h5
  Left wfns:  (36, 60, 2, 1456)
  Right wfns: (36, 128, 2, 1456)
  Left wfns:  (36, 60, 2, 1456)
  Right wfns: (36, 128, 2, 1456)
  Computing C_q via shard_map pipeline (open-spin, charge γ̃^0=I)
  Computing C_q via shard_map pipeline (open-spin, charge γ̃^0=I)
  Computing C_q via shard_map pipeline (open-spin, charge γ̃^0=I)
  Computing C_q via shard_map pipeline (open-spin, charge γ̃^0=I)
  Computing C_q via shard_map pipeline (open-spin, charge γ̃^0=I)
  Computing C_q via shard_map pipeline (open-spin, charge γ̃^0=I)
  Computing C_q via shard_map pipeline (open-spin, charge γ̃^0=I)
  Computing C_q via shard_map pipeline (open-spin, charge γ̃^0=I)
  Computing C_q via shard_map pipeline (open-spin, charge γ̃^0=I)
  Computing C_q via shard_map pipeline (open-spin, charge γ̃^0=I)
  Left wfns:  (36, 60, 2, 1456)
  Right wfns: (36, 128, 2, 1456)
  Computing C_q via shard_map pipeline (open-spin, charge γ̃^0=I)
  Computing C_q via shard_map pipeline (open-spin, charge γ̃^0=I)
  Computing L_q = rank-truncated pinv  [PSD, charge channel, path=replicated_rank_truncate]
  Computing L_q = rank-truncated pinv  [PSD, charge channel, path=replicated_rank_truncate]
  Computing L_q = rank-truncated pinv  [PSD, charge channel, path=replicated_rank_truncate]
  Computing L_q = rank-truncated pinv  [PSD, charge channel, path=replicated_rank_truncate]
  Computing L_q = rank-truncated pinv  [PSD, charge channel, path=replicated_rank_truncate]
  Computing L_q = rank-truncated pinv  [PSD, charge channel, path=replicated_rank_truncate]
  Computing L_q = rank-truncated pinv  [PSD, charge channel, path=replicated_rank_truncate]
  Computing L_q = rank-truncated pinv  [PSD, charge channel, path=replicated_rank_truncate]
  Computing L_q = rank-truncated pinv  [PSD, charge channel, path=replicated_rank_truncate]
  Computing L_q = rank-truncated pinv  [PSD, charge channel, path=replicated_rank_truncate]
  Computing L_q = rank-truncated pinv  [PSD, charge channel, path=replicated_rank_truncate]
  Computing L_q = rank-truncated pinv  [PSD, charge channel, path=replicated_rank_truncate]
  Computing C_q via shard_map pipeline (open-spin, charge γ̃^0=I)
  Computing C_q via shard_map pipeline (open-spin, charge γ̃^0=I)
  Computing C_q via shard_map pipeline (open-spin, charge γ̃^0=I)
  Computing L_q = rank-truncated pinv  [PSD, charge channel, path=replicated_rank_truncate]
  Computing L_q = rank-truncated pinv  [PSD, charge channel, path=replicated_rank_truncate]
  Computing L_q = rank-truncated pinv  [PSD, charge channel, path=replicated_rank_truncate]
  L_q: (36, 1456, 1456)
  L_q: (36, 1456, 1456)
  L_q: (36, 1456, 1456)
  L_q: (36, 1456, 1456)
  L_q: (36, 1456, 1456)
  L_q: (36, 1456, 1456)
  L_q: (36, 1456, 1456)
  L_q: (36, 1456, 1456)
  L_q: (36, 1456, 1456)
  L_q: (36, 1456, 1456)
  L_q: (36, 1456, 1456)
  L_q: (36, 1456, 1456)
  L_q: (36, 1456, 1456)
  L_q: (36, 1456, 1456)
  L_q: (36, 1456, 1456)
  L_q: (36, 1456, 1456)
  q axis on disk: full BZ (36 q-points) (write_ibz_only=False or closure check failed)
  q axis on disk: full BZ (36 q-points) (write_ibz_only=False or closure check failed)
  q axis on disk: full BZ (36 q-points) (write_ibz_only=False or closure check failed)
  q axis on disk: full BZ (36 q-points) (write_ibz_only=False or closure check failed)
  q axis on disk: full BZ (36 q-points) (write_ibz_only=False or closure check failed)
  q axis on disk: full BZ (36 q-points) (write_ibz_only=False or closure check failed)
  q axis on disk: full BZ (36 q-points) (write_ibz_only=False or closure check failed)
  q axis on disk: full BZ (36 q-points) (write_ibz_only=False or closure check failed)
  q axis on disk: full BZ (36 q-points) (write_ibz_only=False or closure check failed)
  q axis on disk: full BZ (36 q-points) (write_ibz_only=False or closure check failed)
  q axis on disk: full BZ (36 q-points) (write_ibz_only=False or closure check failed)
  q axis on disk: full BZ (36 q-points) (write_ibz_only=False or closure check failed)
  q axis on disk: full BZ (36 q-points) (write_ibz_only=False or closure check failed)
  q axis on disk: full BZ (36 q-points) (write_ibz_only=False or closure check failed)
  q axis on disk: full BZ (36 q-points) (write_ibz_only=False or closure check failed)
  q axis on disk: full BZ (36 q-points) (write_ibz_only=False or closure check failed)
  G-flat ζ sphere: ngkmax=8603, min ngk=8436, max ngk=8603 (4.917% of n_rtot)
/pscratch/sd/j/jackm/lorrax_sandbox/sources/worktrees/lorrax_gw_converged/src/file_io/_slab_io_ffi.py:457: UserWarning: FFI backend: chunks/attrs on create_dataset currently no-op; pre-create with h5py if you need explicit chunking or attrs.
  warnings.warn(
/pscratch/sd/j/jackm/lorrax_sandbox/sources/worktrees/lorrax_gw_converged/src/file_io/_slab_io_ffi.py:457: UserWarning: FFI backend: chunks/attrs on create_dataset currently no-op; pre-create with h5py if you need explicit chunking or attrs.
  warnings.warn(
/pscratch/sd/j/jackm/lorrax_sandbox/sources/worktrees/lorrax_gw_converged/src/file_io/_slab_io_ffi.py:457: UserWarning: FFI backend: chunks/attrs on create_dataset currently no-op; pre-create with h5py if you need explicit chunking or attrs.
  warnings.warn(
/pscratch/sd/j/jackm/lorrax_sandbox/sources/worktrees/lorrax_gw_converged/src/file_io/_slab_io_ffi.py:457: UserWarning: FFI backend: chunks/attrs on create_dataset currently no-op; pre-create with h5py if you need explicit chunking or attrs.
  warnings.warn(
/pscratch/sd/j/jackm/lorrax_sandbox/sources/worktrees/lorrax_gw_converged/src/file_io/_slab_io_ffi.py:457: UserWarning: FFI backend: chunks/attrs on create_dataset currently no-op; pre-create with h5py if you need explicit chunking or attrs.
  warnings.warn(
/pscratch/sd/j/jackm/lorrax_sandbox/sources/worktrees/lorrax_gw_converged/src/file_io/_slab_io_ffi.py:457: UserWarning: FFI backend: chunks/attrs on create_dataset currently no-op; pre-create with h5py if you need explicit chunking or attrs.
  warnings.warn(
/pscratch/sd/j/jackm/lorrax_sandbox/sources/worktrees/lorrax_gw_converged/src/file_io/_slab_io_ffi.py:457: UserWarning: FFI backend: chunks/attrs on create_dataset currently no-op; pre-create with h5py if you need explicit chunking or attrs.
  warnings.warn(
/pscratch/sd/j/jackm/lorrax_sandbox/sources/worktrees/lorrax_gw_converged/src/file_io/_slab_io_ffi.py:457: UserWarning: FFI backend: chunks/attrs on create_dataset currently no-op; pre-create with h5py if you need explicit chunking or attrs.
  warnings.warn(
/pscratch/sd/j/jackm/lorrax_sandbox/sources/worktrees/lorrax_gw_converged/src/file_io/_slab_io_ffi.py:457: UserWarning: FFI backend: chunks/attrs on create_dataset currently no-op; pre-create with h5py if you need explicit chunking or attrs.
  warnings.warn(
/pscratch/sd/j/jackm/lorrax_sandbox/sources/worktrees/lorrax_gw_converged/src/file_io/_slab_io_ffi.py:457: UserWarning: FFI backend: chunks/attrs on create_dataset currently no-op; pre-create with h5py if you need explicit chunking or attrs.
  warnings.warn(
/pscratch/sd/j/jackm/lorrax_sandbox/sources/worktrees/lorrax_gw_converged/src/file_io/_slab_io_ffi.py:457: UserWarning: FFI backend: chunks/attrs on create_dataset currently no-op; pre-create with h5py if you need explicit chunking or attrs.
  warnings.warn(
/pscratch/sd/j/jackm/lorrax_sandbox/sources/worktrees/lorrax_gw_converged/src/file_io/_slab_io_ffi.py:457: UserWarning: FFI backend: chunks/attrs on create_dataset currently no-op; pre-create with h5py if you need explicit chunking or attrs.
  warnings.warn(
/pscratch/sd/j/jackm/lorrax_sandbox/sources/worktrees/lorrax_gw_converged/src/file_io/_slab_io_ffi.py:457: UserWarning: FFI backend: chunks/attrs on create_dataset currently no-op; pre-create with h5py if you need explicit chunking or attrs.
  warnings.warn(
/pscratch/sd/j/jackm/lorrax_sandbox/sources/worktrees/lorrax_gw_converged/src/file_io/_slab_io_ffi.py:457: UserWarning: FFI backend: chunks/attrs on create_dataset currently no-op; pre-create with h5py if you need explicit chunking or attrs.
  warnings.warn(
/pscratch/sd/j/jackm/lorrax_sandbox/sources/worktrees/lorrax_gw_converged/src/file_io/_slab_io_ffi.py:457: UserWarning: FFI backend: chunks/attrs on create_dataset currently no-op; pre-create with h5py if you need explicit chunking or attrs.
  warnings.warn(
/pscratch/sd/j/jackm/lorrax_sandbox/sources/worktrees/lorrax_gw_converged/src/file_io/_slab_io_ffi.py:457: UserWarning: FFI backend: chunks/attrs on create_dataset currently no-op; pre-create with h5py if you need explicit chunking or attrs.
  warnings.warn(
  ψ(G-flat) host cache: 0.08 GB/process resident
  G-flat ζ accumulator: N=3276 rows/rank (n_q=36 × n_mu_local=91); chunk_size=100 → per-iter FFT box 0.28 GB/rank
Started zeta fitting at 15:45:39.
[ 15:45:39 | ███░░░░░░░ |  33% ] r-chunk 1 / 3 · ETA 0 s
[ 15:45:56 | ███████░░░ |  67% ] r-chunk 2 / 3 · ETA 9 s
[ 15:46:01 | ██████████ | 100% ] r-chunk 3 / 3 · ETA 0 s
Finished zeta fitting at 15:46:01.  Elapsed: 23 s.
  [SlabIO.close] draining 1 pending writes for zeta_q.h5 …
  [SlabIO.close] Python dispatch drained in 2.1 s; joining writer thread
  [SlabIO.close] writer thread joined in 0.0 s; calling H5Fclose collectively
  [SlabIO.close] H5Fclose returned in 0.1 s
  Zeta output: /pscratch/sd/j/jackm/lorrax_sandbox/runs/MoS2/07_mos2_ref_80Ry_12x12_400b_2026-07-21/03_lorrax_gw_6x6_80Ry_bse/tmp/zeta_q.h5  shape: (n_q_disk=36 of 6·6·1=36 full-BZ, n_rtot=174960, n_rmu=1452)
  Timing (3 r-chunks, 41.7s total):
    fit     40.06s  96.0%
    H5       1.58s   3.8%
  Zeta output: /pscratch/sd/j/jackm/lorrax_sandbox/runs/MoS2/07_mos2_ref_80Ry_12x12_400b_2026-07-21/03_lorrax_gw_6x6_80Ry_bse/tmp/zeta_q.h5  shape: (n_q_disk=36 of 6·6·1=36 full-BZ, n_rtot=174960, n_rmu=1452)
  Timing (3 r-chunks, 41.7s total):
    fit     40.06s  96.1%
    H5       1.58s   3.8%
  Zeta output: /pscratch/sd/j/jackm/lorrax_sandbox/runs/MoS2/07_mos2_ref_80Ry_12x12_400b_2026-07-21/03_lorrax_gw_6x6_80Ry_bse/tmp/zeta_q.h5  shape: (n_q_disk=36 of 6·6·1=36 full-BZ, n_rtot=174960, n_rmu=1452)
  Timing (3 r-chunks, 41.7s total):
    fit     40.07s  96.2%
    H5       1.52s   3.6%
  Zeta output: /pscratch/sd/j/jackm/lorrax_sandbox/runs/MoS2/07_mos2_ref_80Ry_12x12_400b_2026-07-21/03_lorrax_gw_6x6_80Ry_bse/tmp/zeta_q.h5  shape: (n_q_disk=36 of 6·6·1=36 full-BZ, n_rtot=174960, n_rmu=1452)
  Timing (3 r-chunks, 41.7s total):
    fit     40.10s  96.3%
    H5       1.49s   3.6%
  Zeta output: /pscratch/sd/j/jackm/lorrax_sandbox/runs/MoS2/07_mos2_ref_80Ry_12x12_400b_2026-07-21/03_lorrax_gw_6x6_80Ry_bse/tmp/zeta_q.h5  shape: (n_q_disk=36 of 6·6·1=36 full-BZ, n_rtot=174960, n_rmu=1452)
  Timing (3 r-chunks, 41.7s total):
  Zeta output: /pscratch/sd/j/jackm/lorrax_sandbox/runs/MoS2/07_mos2_ref_80Ry_12x12_400b_2026-07-21/03_lorrax_gw_6x6_80Ry_bse/tmp/zeta_q.h5  shape: (n_q_disk=36 of 6·6·1=36 full-BZ, n_rtot=174960, n_rmu=1452)
  Timing (3 r-chunks, 41.7s total):
    fit     40.07s  96.2%
    H5       1.52s   3.6%
  Zeta output: /pscratch/sd/j/jackm/lorrax_sandbox/runs/MoS2/07_mos2_ref_80Ry_12x12_400b_2026-07-21/03_lorrax_gw_6x6_80Ry_bse/tmp/zeta_q.h5  shape: (n_q_disk=36 of 6·6·1=36 full-BZ, n_rtot=174960, n_rmu=1452)
  Timing (3 r-chunks, 41.7s total):
    fit     40.10s  96.3%
    H5       1.49s   3.6%
    fit     40.05s  96.0%
  Zeta output: /pscratch/sd/j/jackm/lorrax_sandbox/runs/MoS2/07_mos2_ref_80Ry_12x12_400b_2026-07-21/03_lorrax_gw_6x6_80Ry_bse/tmp/zeta_q.h5  shape: (n_q_disk=36 of 6·6·1=36 full-BZ, n_rtot=174960, n_rmu=1452)
  Timing (3 r-chunks, 41.7s total):
  Zeta output: /pscratch/sd/j/jackm/lorrax_sandbox/runs/MoS2/07_mos2_ref_80Ry_12x12_400b_2026-07-21/03_lorrax_gw_6x6_80Ry_bse/tmp/zeta_q.h5  shape: (n_q_disk=36 of 6·6·1=36 full-BZ, n_rtot=174960, n_rmu=1452)
  Zeta output: /pscratch/sd/j/jackm/lorrax_sandbox/runs/MoS2/07_mos2_ref_80Ry_12x12_400b_2026-07-21/03_lorrax_gw_6x6_80Ry_bse/tmp/zeta_q.h5  shape: (n_q_disk=36 of 6·6·1=36 full-BZ, n_rtot=174960, n_rmu=1452)
  Timing (3 r-chunks, 41.7s total):
    fit     40.08s  96.2%
    H5       1.51s   3.6%
    H5       1.58s   3.8%
    fit     40.02s  96.1%
    H5       1.57s   3.8%
  Zeta output: /pscratch/sd/j/jackm/lorrax_sandbox/runs/MoS2/07_mos2_ref_80Ry_12x12_400b_2026-07-21/03_lorrax_gw_6x6_80Ry_bse/tmp/zeta_q.h5  shape: (n_q_disk=36 of 6·6·1=36 full-BZ, n_rtot=174960, n_rmu=1452)
  Timing (3 r-chunks, 41.7s total):
    fit     40.07s  96.2%
    H5       1.51s   3.6%
  Zeta output: /pscratch/sd/j/jackm/lorrax_sandbox/runs/MoS2/07_mos2_ref_80Ry_12x12_400b_2026-07-21/03_lorrax_gw_6x6_80Ry_bse/tmp/zeta_q.h5  shape: (n_q_disk=36 of 6·6·1=36 full-BZ, n_rtot=174960, n_rmu=1452)
  Timing (3 r-chunks, 41.7s total):
    fit     40.05s  96.1%
    H5       1.54s   3.7%
  Zeta output: /pscratch/sd/j/jackm/lorrax_sandbox/runs/MoS2/07_mos2_ref_80Ry_12x12_400b_2026-07-21/03_lorrax_gw_6x6_80Ry_bse/tmp/zeta_q.h5  shape: (n_q_disk=36 of 6·6·1=36 full-BZ, n_rtot=174960, n_rmu=1452)
  Timing (3 r-chunks, 41.7s total):
    fit     40.07s  96.2%
    H5       1.52s   3.6%
  Timing (3 r-chunks, 41.6s total):
    fit     40.09s  96.3%
    H5       1.48s   3.6%
  Zeta output: /pscratch/sd/j/jackm/lorrax_sandbox/runs/MoS2/07_mos2_ref_80Ry_12x12_400b_2026-07-21/03_lorrax_gw_6x6_80Ry_bse/tmp/zeta_q.h5  shape: (n_q_disk=36 of 6·6·1=36 full-BZ, n_rtot=174960, n_rmu=1452)
  Timing (3 r-chunks, 41.6s total):
    fit     40.09s  96.3%
    H5       1.48s   3.6%
  Zeta output: /pscratch/sd/j/jackm/lorrax_sandbox/runs/MoS2/07_mos2_ref_80Ry_12x12_400b_2026-07-21/03_lorrax_gw_6x6_80Ry_bse/tmp/zeta_q.h5  shape: (n_q_disk=36 of 6·6·1=36 full-BZ, n_rtot=174960, n_rmu=1452)
  Timing (3 r-chunks, 41.6s total):
    fit     40.09s  96.3%
    H5       1.48s   3.6%
  Zeta output: /pscratch/sd/j/jackm/lorrax_sandbox/runs/MoS2/07_mos2_ref_80Ry_12x12_400b_2026-07-21/03_lorrax_gw_6x6_80Ry_bse/tmp/zeta_q.h5  shape: (n_q_disk=36 of 6·6·1=36 full-BZ, n_rtot=174960, n_rmu=1452)
  Timing (3 r-chunks, 41.7s total):
    fit     40.61s  97.4%
    H5       1.03s   2.5%
    GPU high-water mark: 55.45 GB / 65.00 GB budget (85%)
    V_q bare cutoff: 80.0 Ry
    V_q budget:    64.06 GB
  V_q g-flat [CC]: n_q_ibz=36, ngkmax=8603, g_chunk=1229 (7/q), n_rmu_L=1452→1456, n_rmu_R=1452→1456, unfold=full-BZ
    [CC] pre-read all 36 IBZ ζ̃ slabs (1 batched call): 9.96s
2026-07-21 15:46:15.206601: E external/xla/xla/service/spmd/spmd_partitioner.cc:620] [spmd] Involuntary full rematerialization. The compiler was not able to go from sharding {devices=[16,1,1]<=[16]} to {devices=[1,4,1,4]<=[16] last_tile_dim_replicate} without doing a full rematerialization of the tensor for HLO operation: %copy.7 = c128[1,1456,8603]{2,1,0} copy(%reshape), sharding={devices=[16,1,1]<=[16]}, metadata={op_name="jit(fn)/jit(main)/sharding_constraint" source_file="/pscratch/sd/j/jackm/lorrax_sandbox/sources/worktrees/lorrax_gw_converged/src/gw/v_q_g_flat.py" source_line=93}. You probably want to enrich the sharding annotations to prevent this from happening.
2026-07-21 15:46:15.206712: E external/xla/xla/service/spmd/spmd_partitioner.cc:620] [spmd] Involuntary full rematerialization. The compiler was not able to go from sharding {devices=[16,1,1]<=[16]} to {devices=[1,4,1,4]<=[4,4]T(1,0) last_tile_dim_replicate} without doing a full rematerialization of the tensor for HLO operation: %copy.7 = c128[1,1456,8603]{2,1,0} copy(%reshape), sharding={devices=[16,1,1]<=[16]}, metadata={op_name="jit(fn)/jit(main)/sharding_constraint" source_file="/pscratch/sd/j/jackm/lorrax_sandbox/sources/worktrees/lorrax_gw_converged/src/gw/v_q_g_flat.py" source_line=93}. You probably want to enrich the sharding annotations to prevent this from happening.
2026-07-21 15:46:15.212456: E external/xla/xla/service/spmd/spmd_partitioner.cc:620] [spmd] Involuntary full rematerialization. The compiler was not able to go from sharding {devices=[16,1,1]<=[16]} to {devices=[1,4,1,4]<=[16] last_tile_dim_replicate} without doing a full rematerialization of the tensor for HLO operation: %copy.7 = c128[1,1456,8603]{2,1,0} copy(%reshape), sharding={devices=[16,1,1]<=[16]}, metadata={op_name="jit(fn)/jit(main)/sharding_constraint" source_file="/pscratch/sd/j/jackm/lorrax_sandbox/sources/worktrees/lorrax_gw_converged/src/gw/v_q_g_flat.py" source_line=93}. You probably want to enrich the sharding annotations to prevent this from happening.
2026-07-21 15:46:15.212563: E external/xla/xla/service/spmd/spmd_partitioner.cc:620] [spmd] Involuntary full rematerialization. The compiler was not able to go from sharding {devices=[16,1,1]<=[16]} to {devices=[1,4,1,4]<=[4,4]T(1,0) last_tile_dim_replicate} without doing a full rematerialization of the tensor for HLO operation: %copy.7 = c128[1,1456,8603]{2,1,0} copy(%reshape), sharding={devices=[16,1,1]<=[16]}, metadata={op_name="jit(fn)/jit(main)/sharding_constraint" source_file="/pscratch/sd/j/jackm/lorrax_sandbox/sources/worktrees/lorrax_gw_converged/src/gw/v_q_g_flat.py" source_line=93}. You probably want to enrich the sharding annotations to prevent this from happening.
2026-07-21 15:46:15.213204: E external/xla/xla/service/spmd/spmd_partitioner.cc:620] [spmd] Involuntary full rematerialization. The compiler was not able to go from sharding {devices=[16,1,1]<=[16]} to {devices=[1,4,1,4]<=[16] last_tile_dim_replicate} without doing a full rematerialization of the tensor for HLO operation: %copy.7 = c128[1,1456,8603]{2,1,0} copy(%reshape), sharding={devices=[16,1,1]<=[16]}, metadata={op_name="jit(fn)/jit(main)/sharding_constraint" source_file="/pscratch/sd/j/jackm/lorrax_sandbox/sources/worktrees/lorrax_gw_converged/src/gw/v_q_g_flat.py" source_line=93}. You probably want to enrich the sharding annotations to prevent this from happening.
2026-07-21 15:46:15.213302: E external/xla/xla/service/spmd/spmd_partitioner.cc:620] [spmd] Involuntary full rematerialization. The compiler was not able to go from sharding {devices=[16,1,1]<=[16]} to {devices=[1,4,1,4]<=[4,4]T(1,0) last_tile_dim_replicate} without doing a full rematerialization of the tensor for HLO operation: %copy.7 = c128[1,1456,8603]{2,1,0} copy(%reshape), sharding={devices=[16,1,1]<=[16]}, metadata={op_name="jit(fn)/jit(main)/sharding_constraint" source_file="/pscratch/sd/j/jackm/lorrax_sandbox/sources/worktrees/lorrax_gw_converged/src/gw/v_q_g_flat.py" source_line=93}. You probably want to enrich the sharding annotations to prevent this from happening.
2026-07-21 15:46:15.214049: E external/xla/xla/service/spmd/spmd_partitioner.cc:620] [spmd] Involuntary full rematerialization. The compiler was not able to go from sharding {devices=[16,1,1]<=[16]} to {devices=[1,4,1,4]<=[16] last_tile_dim_replicate} without doing a full rematerialization of the tensor for HLO operation: %copy.7 = c128[1,1456,8603]{2,1,0} copy(%reshape), sharding={devices=[16,1,1]<=[16]}, metadata={op_name="jit(fn)/jit(main)/sharding_constraint" source_file="/pscratch/sd/j/jackm/lorrax_sandbox/sources/worktrees/lorrax_gw_converged/src/gw/v_q_g_flat.py" source_line=93}. You probably want to enrich the sharding annotations to prevent this from happening.
2026-07-21 15:46:15.214149: E external/xla/xla/service/spmd/spmd_partitioner.cc:620] [spmd] Involuntary full rematerialization. The compiler was not able to go from sharding {devices=[16,1,1]<=[16]} to {devices=[1,4,1,4]<=[4,4]T(1,0) last_tile_dim_replicate} without doing a full rematerialization of the tensor for HLO operation: %copy.7 = c128[1,1456,8603]{2,1,0} copy(%reshape), sharding={devices=[16,1,1]<=[16]}, metadata={op_name="jit(fn)/jit(main)/sharding_constraint" source_file="/pscratch/sd/j/jackm/lorrax_sandbox/sources/worktrees/lorrax_gw_converged/src/gw/v_q_g_flat.py" source_line=93}. You probably want to enrich the sharding annotations to prevent this from happening.
2026-07-21 15:46:15.217403: E external/xla/xla/service/spmd/spmd_partitioner.cc:620] [spmd] Involuntary full rematerialization. The compiler was not able to go from sharding {devices=[16,1,1]<=[16]} to {devices=[1,4,1,4]<=[16] last_tile_dim_replicate} without doing a full rematerialization of the tensor for HLO operation: %copy.7 = c128[1,1456,8603]{2,1,0} copy(%reshape), sharding={devices=[16,1,1]<=[16]}, metadata={op_name="jit(fn)/jit(main)/sharding_constraint" source_file="/pscratch/sd/j/jackm/lorrax_sandbox/sources/worktrees/lorrax_gw_converged/src/gw/v_q_g_flat.py" source_line=93}. You probably want to enrich the sharding annotations to prevent this from happening.
2026-07-21 15:46:15.217505: E external/xla/xla/service/spmd/spmd_partitioner.cc:620] [spmd] Involuntary full rematerialization. The compiler was not able to go from sharding {devices=[16,1,1]<=[16]} to {devices=[1,4,1,4]<=[4,4]T(1,0) last_tile_dim_replicate} without doing a full rematerialization of the tensor for HLO operation: %copy.7 = c128[1,1456,8603]{2,1,0} copy(%reshape), sharding={devices=[16,1,1]<=[16]}, metadata={op_name="jit(fn)/jit(main)/sharding_constraint" source_file="/pscratch/sd/j/jackm/lorrax_sandbox/sources/worktrees/lorrax_gw_converged/src/gw/v_q_g_flat.py" source_line=93}. You probably want to enrich the sharding annotations to prevent this from happening.
2026-07-21 15:46:15.217674: E external/xla/xla/service/spmd/spmd_partitioner.cc:620] [spmd] Involuntary full rematerialization. The compiler was not able to go from sharding {devices=[16,1,1]<=[16]} to {devices=[1,4,1,4]<=[16] last_tile_dim_replicate} without doing a full rematerialization of the tensor for HLO operation: %copy.7 = c128[1,1456,8603]{2,1,0} copy(%reshape), sharding={devices=[16,1,1]<=[16]}, metadata={op_name="jit(fn)/jit(main)/sharding_constraint" source_file="/pscratch/sd/j/jackm/lorrax_sandbox/sources/worktrees/lorrax_gw_converged/src/gw/v_q_g_flat.py" source_line=93}. You probably want to enrich the sharding annotations to prevent this from happening.
2026-07-21 15:46:15.217725: E external/xla/xla/service/spmd/spmd_partitioner.cc:620] [spmd] Involuntary full rematerialization. The compiler was not able to go from sharding {devices=[16,1,1]<=[16]} to {devices=[1,4,1,4]<=[16] last_tile_dim_replicate} without doing a full rematerialization of the tensor for HLO operation: %copy.7 = c128[1,1456,8603]{2,1,0} copy(%reshape), sharding={devices=[16,1,1]<=[16]}, metadata={op_name="jit(fn)/jit(main)/sharding_constraint" source_file="/pscratch/sd/j/jackm/lorrax_sandbox/sources/worktrees/lorrax_gw_converged/src/gw/v_q_g_flat.py" source_line=93}. You probably want to enrich the sharding annotations to prevent this from happening.
2026-07-21 15:46:15.217784: E external/xla/xla/service/spmd/spmd_partitioner.cc:620] [spmd] Involuntary full rematerialization. The compiler was not able to go from sharding {devices=[16,1,1]<=[16]} to {devices=[1,4,1,4]<=[4,4]T(1,0) last_tile_dim_replicate} without doing a full rematerialization of the tensor for HLO operation: %copy.7 = c128[1,1456,8603]{2,1,0} copy(%reshape), sharding={devices=[16,1,1]<=[16]}, metadata={op_name="jit(fn)/jit(main)/sharding_constraint" source_file="/pscratch/sd/j/jackm/lorrax_sandbox/sources/worktrees/lorrax_gw_converged/src/gw/v_q_g_flat.py" source_line=93}. You probably want to enrich the sharding annotations to prevent this from happening.
2026-07-21 15:46:15.217820: E external/xla/xla/service/spmd/spmd_partitioner.cc:620] [spmd] Involuntary full rematerialization. The compiler was not able to go from sharding {devices=[16,1,1]<=[16]} to {devices=[1,4,1,4]<=[4,4]T(1,0) last_tile_dim_replicate} without doing a full rematerialization of the tensor for HLO operation: %copy.7 = c128[1,1456,8603]{2,1,0} copy(%reshape), sharding={devices=[16,1,1]<=[16]}, metadata={op_name="jit(fn)/jit(main)/sharding_constraint" source_file="/pscratch/sd/j/jackm/lorrax_sandbox/sources/worktrees/lorrax_gw_converged/src/gw/v_q_g_flat.py" source_line=93}. You probably want to enrich the sharding annotations to prevent this from happening.
2026-07-21 15:46:15.218270: E external/xla/xla/service/spmd/spmd_partitioner.cc:620] [spmd] Involuntary full rematerialization. The compiler was not able to go from sharding {devices=[16,1,1]<=[16]} to {devices=[1,4,1,4]<=[16] last_tile_dim_replicate} without doing a full rematerialization of the tensor for HLO operation: %copy.7 = c128[1,1456,8603]{2,1,0} copy(%reshape), sharding={devices=[16,1,1]<=[16]}, metadata={op_name="jit(fn)/jit(main)/sharding_constraint" source_file="/pscratch/sd/j/jackm/lorrax_sandbox/sources/worktrees/lorrax_gw_converged/src/gw/v_q_g_flat.py" source_line=93}. You probably want to enrich the sharding annotations to prevent this from happening.
2026-07-21 15:46:15.218374: E external/xla/xla/service/spmd/spmd_partitioner.cc:620] [spmd] Involuntary full rematerialization. The compiler was not able to go from sharding {devices=[16,1,1]<=[16]} to {devices=[1,4,1,4]<=[4,4]T(1,0) last_tile_dim_replicate} without doing a full rematerialization of the tensor for HLO operation: %copy.7 = c128[1,1456,8603]{2,1,0} copy(%reshape), sharding={devices=[16,1,1]<=[16]}, metadata={op_name="jit(fn)/jit(main)/sharding_constraint" source_file="/pscratch/sd/j/jackm/lorrax_sandbox/sources/worktrees/lorrax_gw_converged/src/gw/v_q_g_flat.py" source_line=93}. You probably want to enrich the sharding annotations to prevent this from happening.
2026-07-21 15:46:15.218457: E external/xla/xla/service/spmd/spmd_partitioner.cc:620] [spmd] Involuntary full rematerialization. The compiler was not able to go from sharding {devices=[16,1,1]<=[16]} to {devices=[1,4,1,4]<=[16] last_tile_dim_replicate} without doing a full rematerialization of the tensor for HLO operation: %copy.7 = c128[1,1456,8603]{2,1,0} copy(%reshape), sharding={devices=[16,1,1]<=[16]}, metadata={op_name="jit(fn)/jit(main)/sharding_constraint" source_file="/pscratch/sd/j/jackm/lorrax_sandbox/sources/worktrees/lorrax_gw_converged/src/gw/v_q_g_flat.py" source_line=93}. You probably want to enrich the sharding annotations to prevent this from happening.
2026-07-21 15:46:15.218567: E external/xla/xla/service/spmd/spmd_partitioner.cc:620] [spmd] Involuntary full rematerialization. The compiler was not able to go from sharding {devices=[16,1,1]<=[16]} to {devices=[1,4,1,4]<=[4,4]T(1,0) last_tile_dim_replicate} without doing a full rematerialization of the tensor for HLO operation: %copy.7 = c128[1,1456,8603]{2,1,0} copy(%reshape), sharding={devices=[16,1,1]<=[16]}, metadata={op_name="jit(fn)/jit(main)/sharding_constraint" source_file="/pscratch/sd/j/jackm/lorrax_sandbox/sources/worktrees/lorrax_gw_converged/src/gw/v_q_g_flat.py" source_line=93}. You probably want to enrich the sharding annotations to prevent this from happening.
2026-07-21 15:46:15.229361: E external/xla/xla/service/spmd/spmd_partitioner.cc:620] [spmd] Involuntary full rematerialization. The compiler was not able to go from sharding {devices=[16,1,1]<=[16]} to {devices=[1,4,1,4]<=[16] last_tile_dim_replicate} without doing a full rematerialization of the tensor for HLO operation: %copy.7 = c128[1,1456,8603]{2,1,0} copy(%reshape), sharding={devices=[16,1,1]<=[16]}, metadata={op_name="jit(fn)/jit(main)/sharding_constraint" source_file="/pscratch/sd/j/jackm/lorrax_sandbox/sources/worktrees/lorrax_gw_converged/src/gw/v_q_g_flat.py" source_line=93}. You probably want to enrich the sharding annotations to prevent this from happening.
2026-07-21 15:46:15.229459: E external/xla/xla/service/spmd/spmd_partitioner.cc:620] [spmd] Involuntary full rematerialization. The compiler was not able to go from sharding {devices=[16,1,1]<=[16]} to {devices=[1,4,1,4]<=[4,4]T(1,0) last_tile_dim_replicate} without doing a full rematerialization of the tensor for HLO operation: %copy.7 = c128[1,1456,8603]{2,1,0} copy(%reshape), sharding={devices=[16,1,1]<=[16]}, metadata={op_name="jit(fn)/jit(main)/sharding_constraint" source_file="/pscratch/sd/j/jackm/lorrax_sandbox/sources/worktrees/lorrax_gw_converged/src/gw/v_q_g_flat.py" source_line=93}. You probably want to enrich the sharding annotations to prevent this from happening.
2026-07-21 15:46:15.230255: E external/xla/xla/service/spmd/spmd_partitioner.cc:620] [spmd] Involuntary full rematerialization. The compiler was not able to go from sharding {devices=[16,1,1]<=[16]} to {devices=[1,4,1,4]<=[16] last_tile_dim_replicate} without doing a full rematerialization of the tensor for HLO operation: %copy.7 = c128[1,1456,8603]{2,1,0} copy(%reshape), sharding={devices=[16,1,1]<=[16]}, metadata={op_name="jit(fn)/jit(main)/sharding_constraint" source_file="/pscratch/sd/j/jackm/lorrax_sandbox/sources/worktrees/lorrax_gw_converged/src/gw/v_q_g_flat.py" source_line=93}. You probably want to enrich the sharding annotations to prevent this from happening.
2026-07-21 15:46:15.230356: E external/xla/xla/service/spmd/spmd_partitioner.cc:620] [spmd] Involuntary full rematerialization. The compiler was not able to go from sharding {devices=[16,1,1]<=[16]} to {devices=[1,4,1,4]<=[4,4]T(1,0) last_tile_dim_replicate} without doing a full rematerialization of the tensor for HLO operation: %copy.7 = c128[1,1456,8603]{2,1,0} copy(%reshape), sharding={devices=[16,1,1]<=[16]}, metadata={op_name="jit(fn)/jit(main)/sharding_constraint" source_file="/pscratch/sd/j/jackm/lorrax_sandbox/sources/worktrees/lorrax_gw_converged/src/gw/v_q_g_flat.py" source_line=93}. You probably want to enrich the sharding annotations to prevent this from happening.
2026-07-21 15:46:15.233554: E external/xla/xla/service/spmd/spmd_partitioner.cc:620] [spmd] Involuntary full rematerialization. The compiler was not able to go from sharding {devices=[16,1,1]<=[16]} to {devices=[1,4,1,4]<=[16] last_tile_dim_replicate} without doing a full rematerialization of the tensor for HLO operation: %copy.7 = c128[1,1456,8603]{2,1,0} copy(%reshape), sharding={devices=[16,1,1]<=[16]}, metadata={op_name="jit(fn)/jit(main)/sharding_constraint" source_file="/pscratch/sd/j/jackm/lorrax_sandbox/sources/worktrees/lorrax_gw_converged/src/gw/v_q_g_flat.py" source_line=93}. You probably want to enrich the sharding annotations to prevent this from happening.
2026-07-21 15:46:15.233651: E external/xla/xla/service/spmd/spmd_partitioner.cc:620] [spmd] Involuntary full rematerialization. The compiler was not able to go from sharding {devices=[16,1,1]<=[16]} to {devices=[1,4,1,4]<=[4,4]T(1,0) last_tile_dim_replicate} without doing a full rematerialization of the tensor for HLO operation: %copy.7 = c128[1,1456,8603]{2,1,0} copy(%reshape), sharding={devices=[16,1,1]<=[16]}, metadata={op_name="jit(fn)/jit(main)/sharding_constraint" source_file="/pscratch/sd/j/jackm/lorrax_sandbox/sources/worktrees/lorrax_gw_converged/src/gw/v_q_g_flat.py" source_line=93}. You probably want to enrich the sharding annotations to prevent this from happening.
2026-07-21 15:46:15.234385: E external/xla/xla/service/spmd/spmd_partitioner.cc:620] [spmd] Involuntary full rematerialization. The compiler was not able to go from sharding {devices=[16,1,1]<=[16]} to {devices=[1,4,1,4]<=[16] last_tile_dim_replicate} without doing a full rematerialization of the tensor for HLO operation: %copy.7 = c128[1,1456,8603]{2,1,0} copy(%reshape), sharding={devices=[16,1,1]<=[16]}, metadata={op_name="jit(fn)/jit(main)/sharding_constraint" source_file="/pscratch/sd/j/jackm/lorrax_sandbox/sources/worktrees/lorrax_gw_converged/src/gw/v_q_g_flat.py" source_line=93}. You probably want to enrich the sharding annotations to prevent this from happening.
2026-07-21 15:46:15.234484: E external/xla/xla/service/spmd/spmd_partitioner.cc:620] [spmd] Involuntary full rematerialization. The compiler was not able to go from sharding {devices=[16,1,1]<=[16]} to {devices=[1,4,1,4]<=[4,4]T(1,0) last_tile_dim_replicate} without doing a full rematerialization of the tensor for HLO operation: %copy.7 = c128[1,1456,8603]{2,1,0} copy(%reshape), sharding={devices=[16,1,1]<=[16]}, metadata={op_name="jit(fn)/jit(main)/sharding_constraint" source_file="/pscratch/sd/j/jackm/lorrax_sandbox/sources/worktrees/lorrax_gw_converged/src/gw/v_q_g_flat.py" source_line=93}. You probably want to enrich the sharding annotations to prevent this from happening.
2026-07-21 15:46:15.235689: E external/xla/xla/service/spmd/spmd_partitioner.cc:620] [spmd] Involuntary full rematerialization. The compiler was not able to go from sharding {devices=[16,1,1]<=[16]} to {devices=[1,4,1,4]<=[16] last_tile_dim_replicate} without doing a full rematerialization of the tensor for HLO operation: %copy.7 = c128[1,1456,8603]{2,1,0} copy(%reshape), sharding={devices=[16,1,1]<=[16]}, metadata={op_name="jit(fn)/jit(main)/sharding_constraint" source_file="/pscratch/sd/j/jackm/lorrax_sandbox/sources/worktrees/lorrax_gw_converged/src/gw/v_q_g_flat.py" source_line=93}. You probably want to enrich the sharding annotations to prevent this from happening.
2026-07-21 15:46:15.235790: E external/xla/xla/service/spmd/spmd_partitioner.cc:620] [spmd] Involuntary full rematerialization. The compiler was not able to go from sharding {devices=[16,1,1]<=[16]} to {devices=[1,4,1,4]<=[4,4]T(1,0) last_tile_dim_replicate} without doing a full rematerialization of the tensor for HLO operation: %copy.7 = c128[1,1456,8603]{2,1,0} copy(%reshape), sharding={devices=[16,1,1]<=[16]}, metadata={op_name="jit(fn)/jit(main)/sharding_constraint" source_file="/pscratch/sd/j/jackm/lorrax_sandbox/sources/worktrees/lorrax_gw_converged/src/gw/v_q_g_flat.py" source_line=93}. You probably want to enrich the sharding annotations to prevent this from happening.
2026-07-21 15:46:15.235887: E external/xla/xla/service/spmd/spmd_partitioner.cc:620] [spmd] Involuntary full rematerialization. The compiler was not able to go from sharding {devices=[16,1,1]<=[16]} to {devices=[1,4,1,4]<=[16] last_tile_dim_replicate} without doing a full rematerialization of the tensor for HLO operation: %copy.7 = c128[1,1456,8603]{2,1,0} copy(%reshape), sharding={devices=[16,1,1]<=[16]}, metadata={op_name="jit(fn)/jit(main)/sharding_constraint" source_file="/pscratch/sd/j/jackm/lorrax_sandbox/sources/worktrees/lorrax_gw_converged/src/gw/v_q_g_flat.py" source_line=93}. You probably want to enrich the sharding annotations to prevent this from happening.
2026-07-21 15:46:15.235988: E external/xla/xla/service/spmd/spmd_partitioner.cc:620] [spmd] Involuntary full rematerialization. The compiler was not able to go from sharding {devices=[16,1,1]<=[16]} to {devices=[1,4,1,4]<=[4,4]T(1,0) last_tile_dim_replicate} without doing a full rematerialization of the tensor for HLO operation: %copy.7 = c128[1,1456,8603]{2,1,0} copy(%reshape), sharding={devices=[16,1,1]<=[16]}, metadata={op_name="jit(fn)/jit(main)/sharding_constraint" source_file="/pscratch/sd/j/jackm/lorrax_sandbox/sources/worktrees/lorrax_gw_converged/src/gw/v_q_g_flat.py" source_line=93}. You probably want to enrich the sharding annotations to prevent this from happening.
2026-07-21 15:46:15.248092: E external/xla/xla/service/spmd/spmd_partitioner.cc:620] [spmd] Involuntary full rematerialization. The compiler was not able to go from sharding {devices=[16,1,1]<=[16]} to {devices=[1,4,1,4]<=[16] last_tile_dim_replicate} without doing a full rematerialization of the tensor for HLO operation: %copy.7 = c128[1,1456,8603]{2,1,0} copy(%reshape), sharding={devices=[16,1,1]<=[16]}, metadata={op_name="jit(fn)/jit(main)/sharding_constraint" source_file="/pscratch/sd/j/jackm/lorrax_sandbox/sources/worktrees/lorrax_gw_converged/src/gw/v_q_g_flat.py" source_line=93}. You probably want to enrich the sharding annotations to prevent this from happening.
2026-07-21 15:46:15.248196: E external/xla/xla/service/spmd/spmd_partitioner.cc:620] [spmd] Involuntary full rematerialization. The compiler was not able to go from sharding {devices=[16,1,1]<=[16]} to {devices=[1,4,1,4]<=[4,4]T(1,0) last_tile_dim_replicate} without doing a full rematerialization of the tensor for HLO operation: %copy.7 = c128[1,1456,8603]{2,1,0} copy(%reshape), sharding={devices=[16,1,1]<=[16]}, metadata={op_name="jit(fn)/jit(main)/sharding_constraint" source_file="/pscratch/sd/j/jackm/lorrax_sandbox/sources/worktrees/lorrax_gw_converged/src/gw/v_q_g_flat.py" source_line=93}. You probably want to enrich the sharding annotations to prevent this from happening.
    [CC] q=0/36: kernel=0.65s
    [CC] q=1/36: kernel=0.18s
    [CC] q=2/36: kernel=0.18s
    [CC] q=3/36: kernel=0.19s
    [CC] q=4/36: kernel=0.18s
    [CC] q=5/36: kernel=0.17s
    [CC] q=6/36: kernel=0.17s
    [CC] q=7/36: kernel=0.18s
    [CC] q=8/36: kernel=0.18s
    [CC] q=9/36: kernel=0.18s
    [CC] q=10/36: kernel=0.18s
    [CC] q=11/36: kernel=0.19s
    [CC] q=12/36: kernel=0.19s
    [CC] q=13/36: kernel=0.19s
    [CC] q=14/36: kernel=0.18s
    [CC] q=15/36: kernel=0.18s
    [CC] q=16/36: kernel=0.18s
    [CC] q=17/36: kernel=0.18s
    [CC] q=18/36: kernel=0.17s
    [CC] q=19/36: kernel=0.17s
    [CC] q=20/36: kernel=0.18s
    [CC] q=21/36: kernel=0.18s
    [CC] q=22/36: kernel=0.17s
    [CC] q=23/36: kernel=0.19s
    [CC] q=24/36: kernel=0.19s
    [CC] q=25/36: kernel=0.19s
    [CC] q=26/36: kernel=0.18s
    [CC] q=27/36: kernel=0.18s
    [CC] q=28/36: kernel=0.18s
    [CC] q=29/36: kernel=0.18s
    [CC] q=30/36: kernel=0.19s
    [CC] q=31/36: kernel=0.17s
    [CC] q=32/36: kernel=0.18s
    [CC] q=33/36: kernel=0.17s
    [CC] q=34/36: kernel=0.17s
    [CC] q=35/36: kernel=0.18s
  [SlabIO.close] draining 0 pending writes for zeta_q.h5 …
  [SlabIO.close] Python dispatch drained in 0.0 s; joining writer thread
  [SlabIO.close] writer thread joined in 0.0 s; calling H5Fclose collectively
  [SlabIO.close] H5Fclose returned in 0.1 s

  V_q computed:
    Shape: (36, 1456, 1456)
    V_q=0 trace: 172129629.8750
  [SlabIO.close] draining 0 pending writes for isdf_tensors_1452.h5 …
  [SlabIO.close] Python dispatch drained in 0.0 s; joining writer thread
  [SlabIO.close] writer thread joined in 0.0 s; calling H5Fclose collectively
  [SlabIO.close] H5Fclose returned in 0.4 s
  Wavefunctions built (b0:b4=128 bands, 4 sharded copies: xn/xr/yr/yn)
  [SlabIO.close] draining 1 pending writes for isdf_tensors_1452.h5 …
  [SlabIO.close] Python dispatch drained in 4.7 s; joining writer thread
  [SlabIO.close] writer thread joined in 0.0 s; calling H5Fclose collectively
  [SlabIO.close] H5Fclose returned in 1.2 s
  Chunked ISDF path complete
  Minimax static window: x=[1.246077e-01, 8.077168e+00] Ry, R=64.82, nodes=10, fit_err~2.568e-06
  PPM imag-freq quadrature (ωp=2.0000 Ry): R=64.8, nodes=7, err~1.1e-06
  [SlabIO.close] draining 1 pending writes for isdf_tensors_1452.h5 …
  [SlabIO.close] Python dispatch drained in 13.7 s; joining writer thread
  [SlabIO.close] writer thread joined in 0.0 s; calling H5Fclose collectively
  [SlabIO.close] H5Fclose returned in 3.8 s
  Persisted W0_qmunu + q=0 head scalars: vhead=4104.113 a.u.,  whead[ω=0]=1110.263 a.u.,  whead[iωp]=3566.026 a.u.

------------------------------------------------------------------------
  FINITE-SIZE CORRECTIONS
------------------------------------------------------------------------
  Head source: s_tensor
  v(q→0)  =     4104.113 a.u.  (bare Coulomb head)
  W(q→0)  =     1110.263 a.u.  (screened Coulomb head)
  ΔW      =    -2993.849 a.u.  (screening correction)

------------------------------------------------------------------------
  STATIC HEAD TERMS (exact COHSEX / BGW-style)
------------------------------------------------------------------------
  Head source: s_tensor
  v_h(q→0)           =  4104.112581 a.u.
  W_h(q→0, ω=0)      =  1110.263151 a.u.
  W_h^c              = -2993.849430 a.u.
  Σ^X head (occ)     = -1.623511e-01 Ry
  Σ^SX head (occ)    = -4.391995e-02 Ry
  Σ^(SX-X) head(occ) = 1.184311e-01 Ry
  Σ^COH head (all)   = -5.921557e-02 Ry

------------------------------------------------------------------------
  GN-PPM + FREQUENCY-INTEGRATED SIGMA
------------------------------------------------------------------------
  GN-PPM fit: 1.72s, iωp=2.0000 Ry, unfulfilled=3.49%
[pf] ▶ sigma_ppm
[pf] ▶ sigma_ppm
[pf] ▶ sigma_ppm
[pf] ▶ sigma_ppm
[pf] ▶ sigma_ppm
[pf] ▶ sigma_ppm
[pf] ▶ sigma_ppm
[pf] ▶ sigma_ppm
[pf] ▶ sigma_ppm
[pf] ▶ sigma_ppm
[pf] ▶ sigma_ppm
[pf] ▶ sigma_ppm
  Σc crossing conditioning: ξ raised 0.250 → 0.952 eV (A_core capped at 24; the requested ξ would make the HGL crossing quadrature ill-conditioned)
[pf] ▶ sigma_ppm
[pf] ▶ sigma_ppm
[pf] ▶ sigma_ppm
[pf] ▶ sigma_ppm
  Σc(ω) grid: -10.000..10.000 eV, Nω=41, Δω=0.500 eV, ξ=0.952 eV
  GN invalid modes: 2645650/75898944 (3.49%)
  GN invalid modes per q: min=52878 max=217836 counts=[ 96534  67314  59618 217820  59618  67314  67324  65184  53124  53100  65164  67244  59624  53116
  52878  53134  59618  65204 217836  53080  53180 217650  53180  53080  59624  65204  59618  53134
  52878  53116  67322  67244  65164  53100  53124  65184]
  GN invalid modes → static COHSEX: max|Σ_static| = 0.0312 eV (diag max 0.0312 eV)
    ω≥E_F cond window "core" (crossing): 48 nodes, err<1e-06, E_A=[0.0623, 0.8368] Ry, project=imag
    ω≥E_F cond window "a_stripe" (Laplace): 9 nodes, err<1e-06, E_A=[0.8433, 3.5374] Ry, project=full
    ω≥E_F cond window "b_slab" (Laplace): 14 nodes, err<1e-06, E_A=[0.0623, 3.5374] Ry, project=full
Started sigma[ω≥E_F cond] at 15:47:05.
[ 15:47:05 | ░░░░░░░░░░ |   1% ] tau node  1 / 71 · ETA 0 s
[ 15:47:06 | █░░░░░░░░░ |  13% ] tau node  9 / 71 · ETA 4 s
[ 15:47:06 | ██░░░░░░░░ |  24% ] tau node 17 / 71 · ETA 3 s
[ 15:47:06 | ███░░░░░░░ |  34% ] tau node 24 / 71 · ETA 2 s
[ 15:47:06 | █████░░░░░ |  45% ] tau node 32 / 71 · ETA 2 s
[ 15:47:07 | ██████░░░░ |  56% ] tau node 40 / 71 · ETA 1 s
[ 15:47:07 | ███████░░░ |  68% ] tau node 48 / 71 · ETA 1 s
[ 15:47:07 | ████████░░ |  77% ] tau node 55 / 71 · ETA 1 s
[ 15:47:08 | █████████░ |  89% ] tau node 63 / 71 · ETA 0 s
[ 15:47:08 | ██████████ | 100% ] tau node 71 / 71 · ETA 0 s
Finished sigma[ω≥E_F cond] at 15:47:08.  Elapsed: 3 s.
    ω≥E_F val window "single" (Laplace): 14 nodes, err<1e-06, E_A=[0.0623, 4.5397] Ry, project=full
Started sigma[ω≥E_F val] at 15:47:08.
[ 15:47:08 | █░░░░░░░░░ |   7% ] tau node  1 / 14 · ETA 0 s
[ 15:47:08 | █░░░░░░░░░ |  14% ] tau node  2 / 14 · ETA 0 s
[ 15:47:08 | ███░░░░░░░ |  29% ] tau node  4 / 14 · ETA 0 s
[ 15:47:08 | ████░░░░░░ |  36% ] tau node  5 / 14 · ETA 0 s
[ 15:47:08 | █████░░░░░ |  50% ] tau node  7 / 14 · ETA 0 s
[ 15:47:08 | ██████░░░░ |  57% ] tau node  8 / 14 · ETA 0 s
[ 15:47:08 | ███████░░░ |  71% ] tau node 10 / 14 · ETA 0 s
[ 15:47:08 | ████████░░ |  79% ] tau node 11 / 14 · ETA 0 s
[ 15:47:09 | █████████░ |  93% ] tau node 13 / 14 · ETA 0 s
[ 15:47:09 | ██████████ | 100% ] tau node 14 / 14 · ETA 0 s
Finished sigma[ω≥E_F val] at 15:47:09.  Elapsed: 1 s.
    ω<E_F cond window "single" (Laplace): 14 nodes, err<1e-06, E_A=[0.0623, 3.5374] Ry, project=full
Started sigma[ω<E_F cond] at 15:47:09.
[ 15:47:09 | █░░░░░░░░░ |   7% ] tau node  1 / 14 · ETA 0 s
[ 15:47:09 | █░░░░░░░░░ |  14% ] tau node  2 / 14 · ETA 0 s
[ 15:47:09 | ███░░░░░░░ |  29% ] tau node  4 / 14 · ETA 0 s
[ 15:47:09 | ████░░░░░░ |  36% ] tau node  5 / 14 · ETA 0 s
[ 15:47:09 | █████░░░░░ |  50% ] tau node  7 / 14 · ETA 0 s
[ 15:47:09 | ██████░░░░ |  57% ] tau node  8 / 14 · ETA 0 s
[ 15:47:09 | ███████░░░ |  71% ] tau node 10 / 14 · ETA 0 s
[ 15:47:09 | ████████░░ |  79% ] tau node 11 / 14 · ETA 0 s
[ 15:47:09 | █████████░ |  93% ] tau node 13 / 14 · ETA 0 s
[ 15:47:09 | ██████████ | 100% ] tau node 14 / 14 · ETA 0 s
Finished sigma[ω<E_F cond] at 15:47:09.  Elapsed: 1 s.
    ω<E_F val window "core" (crossing): 48 nodes, err<1e-06, E_A=[0.0623, 0.4941] Ry, project=imag
    ω<E_F val window "a_stripe" (Laplace): 9 nodes, err<1e-06, E_A=[0.9405, 4.5397] Ry, project=full
    ω<E_F val window "b_slab" (Laplace): 14 nodes, err<1e-06, E_A=[0.0623, 4.5397] Ry, project=full
Started sigma[ω<E_F val] at 15:47:09.
[ 15:47:09 | ░░░░░░░░░░ |   1% ] tau node  1 / 71 · ETA 0 s
[ 15:47:10 | █░░░░░░░░░ |  13% ] tau node  9 / 71 · ETA 2 s
[ 15:47:10 | ██░░░░░░░░ |  24% ] tau node 17 / 71 · ETA 2 s
[ 15:47:10 | ███░░░░░░░ |  34% ] tau node 24 / 71 · ETA 1 s
[ 15:47:10 | █████░░░░░ |  45% ] tau node 32 / 71 · ETA 1 s
[ 15:47:11 | ██████░░░░ |  56% ] tau node 40 / 71 · ETA 1 s
[ 15:47:11 | ███████░░░ |  68% ] tau node 48 / 71 · ETA 1 s
[ 15:47:11 | ████████░░ |  77% ] tau node 55 / 71 · ETA 1 s
[ 15:47:12 | █████████░ |  89% ] tau node 63 / 71 · ETA 0 s
[ 15:47:12 | ██████████ | 100% ] tau node 71 / 71 · ETA 0 s
Finished sigma[ω<E_F val] at 15:47:12.  Elapsed: 3 s.
[pf] ■ sigma_ppm  8.806s
[pf] ■ sigma_ppm  8.811s
[pf] ■ sigma_ppm  8.817s
[pf] ■ sigma_ppm  8.817s
[pf] ■ sigma_ppm  8.817s
[pf] ■ sigma_ppm  8.817s
[pf] ■ sigma_ppm  8.818s
[pf] ■ sigma_ppm  8.815s
[pf] ■ sigma_ppm  8.813s
[pf] ■ sigma_ppm  8.822s
[pf] ■ sigma_ppm  8.812s

------------------------------------------------------------------------
  HEAD CORRECTION (scalar GN, separate from ISDF body)
------------------------------------------------------------------------
  v(q→0)             =     4104.113 a.u.
  W^c(q→0, ω=0)      =    -2993.849 a.u.
  W^c(q→0, ω=iωp)    =     -538.087 a.u.  [ωp=2.0000 Ry]
  Ω_h²               =     0.876447 Ry²
  Ω_h                =     0.936188 Ry  (12.737485 eV)
  B_h                =  2623.950566 Ry² · a.u.
  R_h                =  1401.402236 Ry · a.u.
  R_h / (Ω_h · vol)  = 2.131761e+00 (Ry)
[pf] ■ sigma_ppm  8.821s
[pf] ■ sigma_ppm  8.824s
[pf] ■ sigma_ppm  8.822s
[pf] ■ sigma_ppm  8.819s
[pf] ■ sigma_ppm  8.826s
  Σ_c head shift: max|Σ^head_diag| = 2.8624 eV (on-shell occ band → -0.8057 eV)
  E_F(midgap) = -4.397657 eV  (VBM=-5.245345, CBM=-3.549970)
/pscratch/sd/j/jackm/lorrax_sandbox/sources/worktrees/lorrax_gw_converged/src/file_io/_slab_io_ffi.py:457: UserWarning: FFI backend: chunks/attrs on create_dataset currently no-op; pre-create with h5py if you need explicit chunking or attrs.
  warnings.warn(
/pscratch/sd/j/jackm/lorrax_sandbox/sources/worktrees/lorrax_gw_converged/src/file_io/_slab_io_ffi.py:457: UserWarning: FFI backend: chunks/attrs on create_dataset currently no-op; pre-create with h5py if you need explicit chunking or attrs.
  warnings.warn(
/pscratch/sd/j/jackm/lorrax_sandbox/sources/worktrees/lorrax_gw_converged/src/file_io/_slab_io_ffi.py:457: UserWarning: FFI backend: chunks/attrs on create_dataset currently no-op; pre-create with h5py if you need explicit chunking or attrs.
  warnings.warn(
/pscratch/sd/j/jackm/lorrax_sandbox/sources/worktrees/lorrax_gw_converged/src/file_io/_slab_io_ffi.py:457: UserWarning: FFI backend: chunks/attrs on create_dataset currently no-op; pre-create with h5py if you need explicit chunking or attrs.
  warnings.warn(
/pscratch/sd/j/jackm/lorrax_sandbox/sources/worktrees/lorrax_gw_converged/src/file_io/_slab_io_ffi.py:457: UserWarning: FFI backend: chunks/attrs on create_dataset currently no-op; pre-create with h5py if you need explicit chunking or attrs.
  warnings.warn(
/pscratch/sd/j/jackm/lorrax_sandbox/sources/worktrees/lorrax_gw_converged/src/file_io/_slab_io_ffi.py:457: UserWarning: FFI backend: chunks/attrs on create_dataset currently no-op; pre-create with h5py if you need explicit chunking or attrs.
  warnings.warn(
/pscratch/sd/j/jackm/lorrax_sandbox/sources/worktrees/lorrax_gw_converged/src/file_io/_slab_io_ffi.py:457: UserWarning: FFI backend: chunks/attrs on create_dataset currently no-op; pre-create with h5py if you need explicit chunking or attrs.
  warnings.warn(
/pscratch/sd/j/jackm/lorrax_sandbox/sources/worktrees/lorrax_gw_converged/src/file_io/_slab_io_ffi.py:457: UserWarning: FFI backend: chunks/attrs on create_dataset currently no-op; pre-create with h5py if you need explicit chunking or attrs.
  warnings.warn(
/pscratch/sd/j/jackm/lorrax_sandbox/sources/worktrees/lorrax_gw_converged/src/file_io/_slab_io_ffi.py:457: UserWarning: FFI backend: chunks/attrs on create_dataset currently no-op; pre-create with h5py if you need explicit chunking or attrs.
  warnings.warn(
/pscratch/sd/j/jackm/lorrax_sandbox/sources/worktrees/lorrax_gw_converged/src/file_io/_slab_io_ffi.py:457: UserWarning: FFI backend: chunks/attrs on create_dataset currently no-op; pre-create with h5py if you need explicit chunking or attrs.
  warnings.warn(
/pscratch/sd/j/jackm/lorrax_sandbox/sources/worktrees/lorrax_gw_converged/src/file_io/_slab_io_ffi.py:457: UserWarning: FFI backend: chunks/attrs on create_dataset currently no-op; pre-create with h5py if you need explicit chunking or attrs.
  warnings.warn(
/pscratch/sd/j/jackm/lorrax_sandbox/sources/worktrees/lorrax_gw_converged/src/file_io/_slab_io_ffi.py:457: UserWarning: FFI backend: chunks/attrs on create_dataset currently no-op; pre-create with h5py if you need explicit chunking or attrs.
  warnings.warn(
/pscratch/sd/j/jackm/lorrax_sandbox/sources/worktrees/lorrax_gw_converged/src/file_io/_slab_io_ffi.py:457: UserWarning: FFI backend: chunks/attrs on create_dataset currently no-op; pre-create with h5py if you need explicit chunking or attrs.
  warnings.warn(
/pscratch/sd/j/jackm/lorrax_sandbox/sources/worktrees/lorrax_gw_converged/src/file_io/_slab_io_ffi.py:457: UserWarning: FFI backend: chunks/attrs on create_dataset currently no-op; pre-create with h5py if you need explicit chunking or attrs.
  warnings.warn(
/pscratch/sd/j/jackm/lorrax_sandbox/sources/worktrees/lorrax_gw_converged/src/file_io/_slab_io_ffi.py:457: UserWarning: FFI backend: chunks/attrs on create_dataset currently no-op; pre-create with h5py if you need explicit chunking or attrs.
  warnings.warn(
  [SlabIO.close] draining 1 pending writes for sigma_mnk.h5 …
  [SlabIO.close] Python dispatch drained in 0.1 s; joining writer thread
  [SlabIO.close] writer thread joined in 0.0 s; calling H5Fclose collectively
  [SlabIO.close] H5Fclose returned in 0.0 s
  QSGW: 1014 clipped (46.9%)
  Bare Σ_X diagonal (eV), k=0: -39.9053  -39.9053  -33.3409  -33.3409  -32.8132  -32.8132  -32.7817  -32.7817
  [SlabIO.close] draining 0 pending writes for kin_ion.h5 …
  [SlabIO.close] Python dispatch drained in 0.0 s; joining writer thread
  [SlabIO.close] writer thread joined in 0.0 s; calling H5Fclose collectively
  [SlabIO.close] H5Fclose returned in 0.0 s
  QP solver: one_shot_dft — QSGW build evaluated at E_DFT (standard G0W0)
  QP WFN (one-shot): /pscratch/sd/j/jackm/lorrax_sandbox/runs/MoS2/07_mos2_ref_80Ry_12x12_400b_2026-07-21/03_lorrax_gw_6x6_80Ry_bse/WFN_qp.h5
  Sigma freq debug: sigma_freq_debug.dat
  G0W0 diag (E_DFT):     /pscratch/sd/j/jackm/lorrax_sandbox/runs/MoS2/07_mos2_ref_80Ry_12x12_400b_2026-07-21/03_lorrax_gw_6x6_80Ry_bse/eqp_g0w0.dat

  Sigma diag:   /pscratch/sd/j/jackm/lorrax_sandbox/runs/MoS2/07_mos2_ref_80Ry_12x12_400b_2026-07-21/03_lorrax_gw_6x6_80Ry_bse/sigma_diag.dat
  BGW eqp0:     /pscratch/sd/j/jackm/lorrax_sandbox/runs/MoS2/07_mos2_ref_80Ry_12x12_400b_2026-07-21/03_lorrax_gw_6x6_80Ry_bse/eqp0.dat
  BGW eqp1:     /pscratch/sd/j/jackm/lorrax_sandbox/runs/MoS2/07_mos2_ref_80Ry_12x12_400b_2026-07-21/03_lorrax_gw_6x6_80Ry_bse/eqp1.dat
  Sigma(ω):     /pscratch/sd/j/jackm/lorrax_sandbox/runs/MoS2/07_mos2_ref_80Ry_12x12_400b_2026-07-21/03_lorrax_gw_6x6_80Ry_bse/sigma_mnk.h5
  Restart:      /pscratch/sd/j/jackm/lorrax_sandbox/runs/MoS2/07_mos2_ref_80Ry_12x12_400b_2026-07-21/03_lorrax_gw_6x6_80Ry_bse/tmp/isdf_tensors_1452.h5

--- Timing ---
Total recorded: 89.822 s
Section                                            Count    Total[s]     Self[s]      %
gw_jax.load_centroid_wfns                              1       3.957       0.513    4.4
  load_centroids.loader_load                           1       0.839       0.839    0.9
  load_centroids.gflat_to_rmu                          1       0.371       0.371    0.4
  load_centroids.reshard                               1       2.234       2.234    2.5
gw_jax.zeta_fit_chunked                                1      51.521       0.342   57.4
  zeta_fit.slice_halves                                1       0.087       0.087    0.1
  zeta_fit.CCT                                         1       0.087       0.087    0.1
  zeta_fit.cholesky                                    1       5.395       5.395    6.0
  zeta_fit.gc_pre_chunk_loop                           1       0.132       0.132    0.1
  zeta_fit.write_headers                               1       0.213       0.213    0.2
  zeta_fit.open_file                                   1       0.029       0.029    0.0
  psi_G_store.populate.loader_load                     8       0.952       0.952    1.1
  psi_G_store.populate.shard_to_host                   8       0.024       0.024    0.0
  zeta_fit.chunk_loop                                  1      41.644       0.000   46.4
    zeta_fit.chunk.fit_one_rchunk                      3      40.612       0.075   45.2
      zeta_fit.chunk.z_q_build                         3       9.300       9.300   10.4
      zeta_fit.chunk.solve                             3      31.237      31.237   34.8
    zeta_fit.chunk.h5_write                            3       1.031       1.031    1.1
  zeta_fit.write_g_flat                                1       0.327       0.327    0.4
  zeta_fit.close_io                                    1       2.288       2.288    2.5
  zeta_fit.sync_global                                 1       0.002       0.002    0.0
gw_jax.V_q_compute                                     1      17.391      17.391   19.4
gw_jax.wavefunction_setup                              1       0.031       0.031    0.0
gw_jax.chi0_W                                          1       1.973       0.000    2.2
  chi.compile                                          1       0.115       0.115    0.1
  chi.exec                                             1       0.109       0.109    0.1
  W.compile                                            1       0.081       0.081    0.1
  W.exec                                               1       1.668       1.668    1.9
gw_jax.sigma                                           1      14.949       1.237   16.6
  gw_jax.ppm_sigma                                     1      13.712       3.905   15.3
    sigma.compile                                      1       0.984       0.984    1.1
    sigma.exec                                         1       8.822       8.822    9.8
