
 BerkeleyGW version 4.0
 Epsilon code, Complex version, run on 05-Apr-2026 at 15:14:42 -0700

                                                                 ..o.          
                                                                .oxxo.         
                                                               .oxxxxo...      
                                                               oxxxxxxo.       
                                                              .oxxxxxxx.       
                                                              .ooooooxxo..     
                                                              .oooooooxo..     
                                                              .oooooxxo...     
                                                       .........oxooo......    
                                                 ............................  
                                             ................................. 
                                          .................................... 
           .          ..oo. ....  .................................oooxxxxxxxo.
     .............oxxxx@ox@@@x@x.....................o...........ooooooooooxx. 
    .o.........oox@x.oo........xxx@@............ooxxxxo..........ooooxxxxxoxo  
    .x........x@xxo...............o@xxo........oxxx@@@xoooooooooooooooxxxo...  
    .o......ox@@o..................oox@o.....ooxxx@xoooxxxxxxxoooooooooooo.... 
    o..ooooo@@xoooo....ooo...........x@o.....ooxxxxo   .oxxxxxxxxxxooooooo.... 
    . .oooo@@@@@@@@@@@@@@@@@@@@@@@@@@@@@@....ooooox.     .oxx@@@@@xxoo........ 
      .ooooxxxxxxxooooooxooooooooooooooxo...oooooxx.        ..ox@xxxoo.........
      .ooooooxxxx@xoooooooooooooxxoooooooooooxxxxx.            .oxxooooooooxxo.
     .oooooxxxxx@@@xxxxxxxxxxxxxxxxxxxxxxxxoxxxxo.                .oxxxxxxxxo. 
   ....oooxxxxx@@@xo..oxxx@@@@@@xxxxoxxoooooooxx.                  .oxxxoo..   
  .....ooxxxx@@xo.       ........    .ooooooooxxo                              
  ..oooxxxx@@@o                       .oooooooxoo.                             
  ....oxooxxxxx.                       .ooo..oooo.                             
  .....o.ooxxxxxo.                     .oooooooxo.                             
 ......ooooxxxxxxo.                     .ooooooxoo..                           
........ooxxxxxxxo..                     .o....oxoo...                         
.......ooooxxxxxxxo.                     ........oooo.                         
.ooooooo..ooxxxxoooo.                    .........ooo...                       
..oxo...ooooxxxoooo..                    .ooo......oooo...                     
  .ooooo....o.                            .oxxxoo....ooo....                   
    .oooooo...                              ...ooooo...ooo..                   
       ...                                     .oo.......                      
                                               ....ooo...                      
                      __              __                                       
 ______              [  |            [  |                 ._____  _          _ 
|_   _               | |  _          | |                /  ___ | |        | |
  | |_) | .---.  _. _.| | / |  .---.  | | .---.  _    _ / /    _|   /  / / 
  |  __'./ /__\[ /`_| '' <  / /__\ | |/ /__\|   | | |   _____  /  / /  
 _| |__| | __. | |   | |`  | ___. | || ___.  / /  .___| |    /  /   
|_______/ .__./[_]  [__|  _] .__./[___].__./    /   .____./    /  /    
                                                  / /                          
                                                 /_/                           
 --------------------------------------------------------------------------------
 Please cite the main BerkeleyGW paper when using results from this calculation:

 Jack Deslippe, Georgy Samsonidze, David A. Strubbe, Manish Jain, Marvin L.
 Cohen, and Steven G. Louie, "BerkeleyGW: A Massively Parallel Computer Package
 for the Calculation of the Quasiparticle and Optical Properties of Materials
 and Nanostructures," Comput. Phys. Commun. 183, 1269 (2012)

 Aditionally, PLEASE CITE ALL PAPERS REPORTED AT THE END OF THIS CALCULATION.
 --------------------------------------------------------------------------------

 Running MPI version (parallel)
 Running with 4 MPI task(s)
 Using OpenMP. Number of threads per MPI task: 16

 Compilation flags:
 - Compiler: NVHPC
 - Para. flags: MPI, OMP
 - Math  flags: USESCALAPACK, UNPACKED, USEFFTW3, HDF5
 - Debug flags: 

 Running with verbosity level 1 (default).

 We will start a new calculation from scratch.

 
 We`ll perform a uniform sampling of the full BZ.
 
 Computing the inverse dielectric matrix for two purely imaginary frequencies (Godby-Needs formulation)

 We are using matrix communication scheme

 We are communicating via MPI

 We are using no truncation
 Reading header of WFN.h5
 Highest occupied band (unshifted grid) = 8
 Valence max    (unshifted grid) = 6.296978 eV
 Conduction min (unshifted grid) = 6.973640 eV
 Middle energy  (unshifted grid) = 6.635309 eV
 Fermi  energy  (unshifted grid) = 6.635309 eV

 Reading header of WFNq.h5
 Highest occupied band (shifted grid) = 8

 Calculation parameters:
 - Cutoff of the dielectric matrix (Ry): 25.00
 - Total number of bands in the calculation: 60
 - Number of fully occupied valence bands: 8
 - Number of partially occ. conduction bands: 0
 - Monkhorst-Pack q-grid for epsilon(q): 4 4 4
 
 Running with 1 valence pools
 Number of conduction bands per processor: 13
 Number of valence bands per processor: 8

 Memory available: 59638.3 MB per PE
 Memory required for execution: 374.2 MB per PE
 Memory required for vcoul: 0.0 MB per PE

 Number of electrons per unit cell (from ifmax) = 8.000000
 Number of electrons per unit cell (from occupations) = 8.000000
 Plasma Frequency = 1.220146 Ry

 Reading using H5FD_MPIO_COLLECTIVE.
 Using communication style:  1
 
 Reading using H5FD_MPIO_COLLECTIVE.
 Using communication style:  1
 
 Initializing eps0mat.h5
 Initializing epsmat.h5
 - Screened Coulomb cutoff: 25.000 Ry
 - Total number of bands: 60
 - Number of q-points: 13

 Scissors parameters:
 - Valence:    es =   0.0000 eV, e0 =   0.0000 eV, edel =   0.0000
 - Conduction: es =   0.0000 eV, e0 =   0.0000 eV, edel =   0.0000

 Q0 and |Q0| =  0.000250  0.000000  0.000000  0.000265
 Q  and |Q|  =  0.000000  0.000000  0.250000  0.265144
 Q  and |Q|  =  0.000000  0.000000  0.500000  0.530288
 Q  and |Q|  =  0.000000  0.250000  0.250000  0.306162
 Q  and |Q|  =  0.000000  0.250000  0.500000  0.507712
 Q  and |Q|  =  0.000000  0.250000  0.750000  0.749940
 Q  and |Q|  =  0.000000  0.500000  0.500000  0.612324
 Q  and |Q|  =  0.250000  0.500000  0.750000  0.684599
 Q  and |Q|  =  0.250000  0.250000  0.250000  0.265144
 Q  and |Q|  =  0.500000  0.500000  0.500000  0.530288
 Q  and |Q|  =  0.250000  0.250000  0.750000  0.667264
 Q  and |Q|  =  0.500000  0.500000  0.250000  0.507712
 Q  and |Q|  =  0.250000  0.250000  0.500000  0.432978

 ==================================== WARNING ====================================
 You have enabled spin polarization or full spinor calculations.
 Current formalism and implementation adopted by BerkeleyGW implicitly assumes
 time-reversal symmetry (TRS), e.g. in the standard Adler-Wiser RPA polarizability.
 Running magnetic/broken-TRS systems is fundamentally against these assumptions.
 One needs to be aware of and justify its direct usage. Use at your own risk.
 =================================================================================
 GPU acceleration is : ENABLED
 
 Algorithms used:
 - mtxel         : OPENACC_ALGO
 - chi_summation : OPENACC_ALGO
 
 You have a slightly shifted q0 vector and a semiconductor.
 So, reading from WFNq.
 Reading header of WFNq.h5
 Highest occupied band (shifted grid) = 8
 Reading using H5FD_MPIO_COLLECTIVE.
 Using communication style:  1
 
 Summary of the WFN files:
 - Number of k-points in WFN: 13
 - Number of k-points in WFNq: 60
 - Number of k-points in the full BZ of WFN: 64

================================================================================
 15:14:43   Dealing with q =  0.000250  0.000000  0.000000                1 / 13
================================================================================

 This is the special q->0 point.
 Rank of the polarizability matrix (nmtx): 537
 
 BLACS processor grid:   2 x   2; BLOCKSIZE =   32
 
 Number of k-points in the irreducible BZ(q) (nrk): 40
 
 Using GPU support via OpenACC/OMP-Target implementation
 Using batch implementation, batch size:    20
 
 Started calculation of matrix elements with 320 transition(s) at 15:14:44.
 [ 15:14:44 |   0% ] transition   1 / 320.
 [ 15:14:44 |   1% ] transition   3 / 320, remaining: 0 s.
 [ 15:14:44 |  10% ] transition  32 / 320, remaining: 0 s.
 [ 15:14:44 |  20% ] transition  64 / 320, remaining: 0 s.
 [ 15:14:44 |  30% ] transition  96 / 320, remaining: 0 s.
 [ 15:14:44 |  40% ] transition 128 / 320, remaining: 0 s.
 [ 15:14:44 |  50% ] transition 160 / 320, remaining: 0 s.
 [ 15:14:44 |  60% ] transition 192 / 320, remaining: 0 s.
 [ 15:14:44 |  70% ] transition 224 / 320, remaining: 0 s.
 [ 15:14:44 |  80% ] transition 256 / 320, remaining: 0 s.
 [ 15:14:44 |  90% ] transition 288 / 320, remaining: 0 s.
 [ 15:14:44 | 100% ] transition 320 / 320, remaining: 0 s.
 Finished calculation of matrix elements at 15:14:44.
 Elapsed time: 0 s.
 
 
 Started building polarizability matrix with 4 processor(s) at 15:14:44.
 [ 15:14:44 |   0% ] processor 1 / 4.
 [ 15:14:44 |  25% ] processor 2 / 4.
 [ 15:14:44 |  50% ] processor 3 / 4, remaining: 0 s.
 [ 15:14:44 |  75% ] processor 4 / 4, remaining: 0 s.
 Finished building polarizability matrix at 15:14:45.
 Elapsed time: 1 s.
 
 q-pt      1: Head of Epsilon         =    2.422379203548725E+001   1.155987574960541E-016
 q-pt      1: Epsilon(2,2)            =    1.762501991241967E+000  -1.184681667410084E-021
 
 Started inversion of dielectric matrix with 2 frequency(s) at 15:14:45.
 [ 15:14:45 |   0% ] frequency 1 / 2.
 [ 15:14:45 |  50% ] frequency 2 / 2.
 Finished inversion of dielectric matrix at 15:14:45.
 Elapsed time: 0 s.
 
 q-pt      1: Head of Epsilon Inverse =    4.550551663625234E-002  -2.305071772934841E-019
 q-pt      1: Epsilon Inverse(2,2)    =    6.012780166154782E-001  -5.782428290161563E-020

 Writing dielectric matrix to file
 Note: using old code to directly write the matrix to file.
 Ok

================================================================================
 15:14:45   Dealing with q =  0.000000  0.000000  0.250000                2 / 13
================================================================================

 This is a regular non-zero q-point.
 Rank of the polarizability matrix (nmtx): 570
 
 BLACS processor grid:   2 x   2; BLOCKSIZE =   32
 
 Number of k-points in the irreducible BZ(q) (nrk): 40
 
 Using GPU support via OpenACC/OMP-Target implementation
 Using batch implementation, batch size:    20
 
 Started calculation of matrix elements with 320 transition(s) at 15:14:45.
 [ 15:14:45 |   0% ] transition   1 / 320.
 [ 15:14:45 |   1% ] transition   3 / 320, remaining: 0 s.
 [ 15:14:45 |  10% ] transition  32 / 320, remaining: 0 s.
 [ 15:14:45 |  20% ] transition  64 / 320, remaining: 0 s.
 [ 15:14:45 |  30% ] transition  96 / 320, remaining: 0 s.
 [ 15:14:45 |  40% ] transition 128 / 320, remaining: 0 s.
 [ 15:14:45 |  50% ] transition 160 / 320, remaining: 0 s.
 [ 15:14:45 |  60% ] transition 192 / 320, remaining: 0 s.
 [ 15:14:45 |  70% ] transition 224 / 320, remaining: 0 s.
 [ 15:14:45 |  80% ] transition 256 / 320, remaining: 0 s.
 [ 15:14:45 |  90% ] transition 288 / 320, remaining: 0 s.
 [ 15:14:45 | 100% ] transition 320 / 320, remaining: 0 s.
 Finished calculation of matrix elements at 15:14:45.
 Elapsed time: 0 s.
 
 
 Started building polarizability matrix with 4 processor(s) at 15:14:45.
 [ 15:14:45 |   0% ] processor 1 / 4.
 [ 15:14:46 |  25% ] processor 2 / 4.
 [ 15:14:46 |  50% ] processor 3 / 4, remaining: 0 s.
 [ 15:14:46 |  75% ] processor 4 / 4, remaining: 0 s.
 Finished building polarizability matrix at 15:14:46.
 Elapsed time: 1 s.
 
 q-pt      2: Head of Epsilon         =    6.586248274214072E+000   1.117330365032994E-017
 q-pt      2: Epsilon(2,2)            =    2.279306273628019E+000  -5.025974381129886E-019
 
 Started inversion of dielectric matrix with 2 frequency(s) at 15:14:46.
 [ 15:14:46 |   0% ] frequency 1 / 2.
 [ 15:14:46 |  50% ] frequency 2 / 2.
 Finished inversion of dielectric matrix at 15:14:46.
 Elapsed time: 0 s.
 
 q-pt      2: Head of Epsilon Inverse =    1.745539483092457E-001  -3.223950510199104E-019
 q-pt      2: Epsilon Inverse(2,2)    =    4.893666054655773E-001   6.346459044906815E-020

 Writing dielectric matrix to file
 Note: using old code to directly write the matrix to file.
 Ok

================================================================================
 15:14:47   Dealing with q =  0.000000  0.000000  0.500000                3 / 13
================================================================================

 This is a regular non-zero q-point.
 Rank of the polarizability matrix (nmtx): 568
 
 BLACS processor grid:   2 x   2; BLOCKSIZE =   32
 
 Number of k-points in the irreducible BZ(q) (nrk): 24
 
 Using GPU support via OpenACC/OMP-Target implementation
 Using batch implementation, batch size:    20
 
 Started calculation of matrix elements with 192 transition(s) at 15:14:47.
 [ 15:14:47 |   0% ] transition   1 / 192.
 [ 15:14:47 |   1% ] transition   3 / 192, remaining: 0 s.
 [ 15:14:47 |  10% ] transition  20 / 192, remaining: 0 s.
 [ 15:14:47 |  20% ] transition  39 / 192, remaining: 0 s.
 [ 15:14:47 |  30% ] transition  58 / 192, remaining: 0 s.
 [ 15:14:47 |  40% ] transition  77 / 192, remaining: 0 s.
 [ 15:14:47 |  49% ] transition  96 / 192, remaining: 0 s.
 [ 15:14:47 |  60% ] transition 116 / 192, remaining: 0 s.
 [ 15:14:47 |  70% ] transition 135 / 192, remaining: 0 s.
 [ 15:14:47 |  80% ] transition 154 / 192, remaining: 0 s.
 [ 15:14:47 |  90% ] transition 173 / 192, remaining: 0 s.
 [ 15:14:47 |  99% ] transition 192 / 192, remaining: 0 s.
 Finished calculation of matrix elements at 15:14:47.
 Elapsed time: 0 s.
 
 
 Started building polarizability matrix with 4 processor(s) at 15:14:47.
 [ 15:14:47 |   0% ] processor 1 / 4.
 [ 15:14:47 |  25% ] processor 2 / 4.
 [ 15:14:48 |  50% ] processor 3 / 4, remaining: 0 s.
 [ 15:14:48 |  75% ] processor 4 / 4, remaining: 0 s.
 Finished building polarizability matrix at 15:14:48.
 Elapsed time: 1 s.
 
 q-pt      3: Head of Epsilon         =    3.407154447698475E+000   2.710838866494519E-018
 q-pt      3: Epsilon(2,2)            =    3.407154447698630E+000   1.676408068737546E-018
 
 Started inversion of dielectric matrix with 2 frequency(s) at 15:14:48.
 [ 15:14:48 |   0% ] frequency 1 / 2.
 [ 15:14:48 |  50% ] frequency 2 / 2.
 Finished inversion of dielectric matrix at 15:14:48.
 Elapsed time: 0 s.
 
 q-pt      3: Head of Epsilon Inverse =    3.344120618829269E-001  -1.388175911409009E-019
 q-pt      3: Epsilon Inverse(2,2)    =    3.344120618830755E-001  -8.103800602272010E-020

 Writing dielectric matrix to file
 Note: using old code to directly write the matrix to file.
 Ok

================================================================================
 15:14:48   Dealing with q =  0.000000  0.250000  0.250000                4 / 13
================================================================================

 This is a regular non-zero q-point.
 Rank of the polarizability matrix (nmtx): 576
 
 BLACS processor grid:   2 x   2; BLOCKSIZE =   32
 
 Number of k-points in the irreducible BZ(q) (nrk): 40
 
 Using GPU support via OpenACC/OMP-Target implementation
 Using batch implementation, batch size:    20
 
 Started calculation of matrix elements with 320 transition(s) at 15:14:49.
 [ 15:14:49 |   0% ] transition   1 / 320.
 [ 15:14:49 |   1% ] transition   3 / 320, remaining: 0 s.
 [ 15:14:49 |  10% ] transition  32 / 320, remaining: 0 s.
 [ 15:14:49 |  20% ] transition  64 / 320, remaining: 0 s.
 [ 15:14:49 |  30% ] transition  96 / 320, remaining: 0 s.
 [ 15:14:49 |  40% ] transition 128 / 320, remaining: 0 s.
 [ 15:14:49 |  50% ] transition 160 / 320, remaining: 0 s.
 [ 15:14:49 |  60% ] transition 192 / 320, remaining: 0 s.
 [ 15:14:49 |  70% ] transition 224 / 320, remaining: 0 s.
 [ 15:14:49 |  80% ] transition 256 / 320, remaining: 0 s.
 [ 15:14:49 |  90% ] transition 288 / 320, remaining: 0 s.
 [ 15:14:49 | 100% ] transition 320 / 320, remaining: 0 s.
 Finished calculation of matrix elements at 15:14:49.
 Elapsed time: 0 s.
 
 
 Started building polarizability matrix with 4 processor(s) at 15:14:49.
 [ 15:14:49 |   0% ] processor 1 / 4.
 [ 15:14:49 |  25% ] processor 2 / 4.
 [ 15:14:49 |  50% ] processor 3 / 4, remaining: 0 s.
 [ 15:14:49 |  75% ] processor 4 / 4, remaining: 0 s.
 Finished building polarizability matrix at 15:14:50.
 Elapsed time: 1 s.
 
 q-pt      4: Head of Epsilon         =    6.361850688535359E+000   3.045699819811750E-018
 q-pt      4: Epsilon(2,2)            =    2.059263686490539E+000  -4.322036303690697E-020
 
 Started inversion of dielectric matrix with 2 frequency(s) at 15:14:50.
 [ 15:14:50 |   0% ] frequency 1 / 2.
 [ 15:14:50 |  50% ] frequency 2 / 2.
 Finished inversion of dielectric matrix at 15:14:50.
 Elapsed time: 0 s.
 
 q-pt      4: Head of Epsilon Inverse =    1.732623648530824E-001  -6.598494819999320E-020
 q-pt      4: Epsilon Inverse(2,2)    =    5.192776181047506E-001   1.352919516695866E-020

 Writing dielectric matrix to file
 Note: using old code to directly write the matrix to file.
 Ok

================================================================================
 15:14:50   Dealing with q =  0.000000  0.250000  0.500000                5 / 13
================================================================================

 This is a regular non-zero q-point.
 Rank of the polarizability matrix (nmtx): 562
 
 BLACS processor grid:   2 x   2; BLOCKSIZE =   32
 
 Number of k-points in the irreducible BZ(q) (nrk): 64
 
 Using GPU support via OpenACC/OMP-Target implementation
 Using batch implementation, batch size:    20
 
 Started calculation of matrix elements with 512 transition(s) at 15:14:50.
 [ 15:14:50 |   0% ] transition   1 / 512.
 [ 15:14:50 |   0% ] transition   3 / 512, remaining: 1 s.
 [ 15:14:50 |  10% ] transition  52 / 512, remaining: 0 s.
 [ 15:14:50 |  20% ] transition 103 / 512, remaining: 0 s.
 [ 15:14:50 |  30% ] transition 154 / 512, remaining: 0 s.
 [ 15:14:50 |  40% ] transition 205 / 512, remaining: 0 s.
 [ 15:14:50 |  50% ] transition 257 / 512, remaining: 0 s.
 [ 15:14:50 |  60% ] transition 308 / 512, remaining: 0 s.
 [ 15:14:50 |  70% ] transition 359 / 512, remaining: 0 s.
 [ 15:14:50 |  80% ] transition 410 / 512, remaining: 0 s.
 [ 15:14:51 |  90% ] transition 461 / 512, remaining: 0 s.
 Finished calculation of matrix elements at 15:14:51.
 Elapsed time: 0 s.
 
 
 Started building polarizability matrix with 4 processor(s) at 15:14:51.
 [ 15:14:51 |   0% ] processor 1 / 4.
 [ 15:14:51 |  25% ] processor 2 / 4.
 [ 15:14:51 |  50% ] processor 3 / 4, remaining: 0 s.
 [ 15:14:51 |  75% ] processor 4 / 4, remaining: 0 s.
 Finished building polarizability matrix at 15:14:51.
 Elapsed time: 1 s.
 
 q-pt      5: Head of Epsilon         =    3.958907954144665E+000  -5.839667211118139E-018
 q-pt      5: Epsilon(2,2)            =    2.894357053922892E+000  -2.555197890715098E-018
 
 Started inversion of dielectric matrix with 2 frequency(s) at 15:14:51.
 [ 15:14:51 |   0% ] frequency 1 / 2.
 [ 15:14:51 |  50% ] frequency 2 / 2.
 Finished inversion of dielectric matrix at 15:14:52.
 Elapsed time: 0 s.
 
 q-pt      5: Head of Epsilon Inverse =    2.773628138402779E-001   4.011936505740902E-019
 q-pt      5: Epsilon Inverse(2,2)    =    3.780356377746016E-001   3.545865031066707E-019

 Writing dielectric matrix to file
 Note: using old code to directly write the matrix to file.
 Ok

================================================================================
 15:14:52   Dealing with q =  0.000000  0.250000  0.750000                6 / 13
================================================================================

 This is a regular non-zero q-point.
 Rank of the polarizability matrix (nmtx): 574
 
 BLACS processor grid:   2 x   2; BLOCKSIZE =   32
 
 Number of k-points in the irreducible BZ(q) (nrk): 36
 
 Using GPU support via OpenACC/OMP-Target implementation
 Using batch implementation, batch size:    20
 
 Started calculation of matrix elements with 288 transition(s) at 15:14:52.
 [ 15:14:52 |   0% ] transition   1 / 288.
 [ 15:14:52 |   1% ] transition   3 / 288, remaining: 0 s.
 [ 15:14:52 |  10% ] transition  29 / 288, remaining: 0 s.
 [ 15:14:52 |  20% ] transition  58 / 288, remaining: 0 s.
 [ 15:14:52 |  30% ] transition  87 / 288, remaining: 0 s.
 [ 15:14:52 |  40% ] transition 116 / 288, remaining: 0 s.
 [ 15:14:52 |  50% ] transition 145 / 288, remaining: 0 s.
 [ 15:14:52 |  60% ] transition 173 / 288, remaining: 0 s.
 [ 15:14:52 |  70% ] transition 202 / 288, remaining: 0 s.
 [ 15:14:52 |  80% ] transition 231 / 288, remaining: 0 s.
 [ 15:14:52 |  90% ] transition 260 / 288, remaining: 0 s.
 Finished calculation of matrix elements at 15:14:52.
 Elapsed time: 0 s.
 
 
 Started building polarizability matrix with 4 processor(s) at 15:14:52.
 [ 15:14:52 |   0% ] processor 1 / 4.
 [ 15:14:52 |  25% ] processor 2 / 4.
 [ 15:14:53 |  50% ] processor 3 / 4, remaining: 0 s.
 [ 15:14:53 |  75% ] processor 4 / 4, remaining: 0 s.
 Finished building polarizability matrix at 15:14:53.
 Elapsed time: 1 s.
 
 q-pt      6: Head of Epsilon         =    4.650976791489336E+000  -2.919253054962912E-018
 q-pt      6: Epsilon(2,2)            =    2.557592245692147E+000  -8.082731410452447E-019
 
 Started inversion of dielectric matrix with 2 frequency(s) at 15:14:53.
 [ 15:14:53 |   0% ] frequency 1 / 2.
 [ 15:14:53 |  50% ] frequency 2 / 2.
 Finished inversion of dielectric matrix at 15:14:53.
 Elapsed time: 0 s.
 
 q-pt      6: Head of Epsilon Inverse =    2.388952045502314E-001   2.017956794766194E-019
 q-pt      6: Epsilon Inverse(2,2)    =    4.237521208177079E-001   1.391428599396738E-019

 Writing dielectric matrix to file
 Note: using old code to directly write the matrix to file.
 Ok

================================================================================
 15:14:53   Dealing with q =  0.000000  0.500000  0.500000                7 / 13
================================================================================

 This is a regular non-zero q-point.
 Rank of the polarizability matrix (nmtx): 588
 
 BLACS processor grid:   2 x   2; BLOCKSIZE =   32
 
 Number of k-points in the irreducible BZ(q) (nrk): 24
 
 Using GPU support via OpenACC/OMP-Target implementation
 Using batch implementation, batch size:    20
 
 Started calculation of matrix elements with 192 transition(s) at 15:14:53.
 [ 15:14:53 |   0% ] transition   1 / 192.
 [ 15:14:53 |   1% ] transition   3 / 192, remaining: 0 s.
 [ 15:14:53 |  10% ] transition  20 / 192, remaining: 0 s.
 [ 15:14:53 |  20% ] transition  39 / 192, remaining: 0 s.
 [ 15:14:53 |  30% ] transition  58 / 192, remaining: 0 s.
 [ 15:14:53 |  40% ] transition  77 / 192, remaining: 0 s.
 [ 15:14:53 |  49% ] transition  96 / 192, remaining: 0 s.
 [ 15:14:53 |  60% ] transition 116 / 192, remaining: 0 s.
 [ 15:14:54 |  70% ] transition 135 / 192, remaining: 0 s.
 [ 15:14:54 |  80% ] transition 154 / 192, remaining: 0 s.
 [ 15:14:54 |  90% ] transition 173 / 192, remaining: 0 s.
 [ 15:14:54 |  99% ] transition 192 / 192, remaining: 0 s.
 Finished calculation of matrix elements at 15:14:54.
 Elapsed time: 0 s.
 
 
 Started building polarizability matrix with 4 processor(s) at 15:14:54.
 [ 15:14:54 |   0% ] processor 1 / 4.
 [ 15:14:54 |  25% ] processor 2 / 4.
 [ 15:14:54 |  50% ] processor 3 / 4, remaining: 0 s.
 [ 15:14:54 |  75% ] processor 4 / 4, remaining: 0 s.
 Finished building polarizability matrix at 15:14:54.
 Elapsed time: 1 s.
 
 q-pt      7: Head of Epsilon         =    3.213584009193938E+000  -2.791823795865962E-018
 q-pt      7: Epsilon(2,2)            =    3.213584009195182E+000  -2.341686187953146E-018
 
 Started inversion of dielectric matrix with 2 frequency(s) at 15:14:54.
 [ 15:14:54 |   0% ] frequency 1 / 2.
 [ 15:14:55 |  50% ] frequency 2 / 2.
 Finished inversion of dielectric matrix at 15:14:55.
 Elapsed time: 0 s.
 
 q-pt      7: Head of Epsilon Inverse =    3.359158989395230E-001   2.064887945414200E-019
 q-pt      7: Epsilon Inverse(2,2)    =    3.359158989399125E-001   1.284501722120306E-019

 Writing dielectric matrix to file
 Note: using old code to directly write the matrix to file.
 Ok

================================================================================
 15:14:55   Dealing with q =  0.250000  0.500000  0.750000                8 / 13
================================================================================

 This is a regular non-zero q-point.
 Rank of the polarizability matrix (nmtx): 560
 
 BLACS processor grid:   2 x   2; BLOCKSIZE =   32
 
 Number of k-points in the irreducible BZ(q) (nrk): 36
 
 Using GPU support via OpenACC/OMP-Target implementation
 Using batch implementation, batch size:    20
 
 Started calculation of matrix elements with 288 transition(s) at 15:14:55.
 [ 15:14:55 |   0% ] transition   1 / 288.
 [ 15:14:55 |   1% ] transition   3 / 288, remaining: 0 s.
 [ 15:14:55 |  10% ] transition  29 / 288, remaining: 0 s.
 [ 15:14:55 |  20% ] transition  58 / 288, remaining: 0 s.
 [ 15:14:55 |  30% ] transition  87 / 288, remaining: 0 s.
 [ 15:14:55 |  40% ] transition 116 / 288, remaining: 0 s.
 [ 15:14:55 |  50% ] transition 145 / 288, remaining: 0 s.
 [ 15:14:55 |  60% ] transition 173 / 288, remaining: 0 s.
 [ 15:14:55 |  70% ] transition 202 / 288, remaining: 0 s.
 [ 15:14:55 |  80% ] transition 231 / 288, remaining: 0 s.
 [ 15:14:55 |  90% ] transition 260 / 288, remaining: 0 s.
 Finished calculation of matrix elements at 15:14:55.
 Elapsed time: 0 s.
 
 
 Started building polarizability matrix with 4 processor(s) at 15:14:55.
 [ 15:14:55 |   0% ] processor 1 / 4.
 [ 15:14:55 |  25% ] processor 2 / 4.
 [ 15:14:56 |  50% ] processor 3 / 4, remaining: 0 s.
 [ 15:14:56 |  75% ] processor 4 / 4, remaining: 0 s.
 Finished building polarizability matrix at 15:14:56.
 Elapsed time: 1 s.
 
 q-pt      8: Head of Epsilon         =    2.923836310933858E+000  -9.424993782633149E-019
 q-pt      8: Epsilon(2,2)            =    2.923836329582494E+000   4.036369535478912E-019
 
 Started inversion of dielectric matrix with 2 frequency(s) at 15:14:56.
 [ 15:14:56 |   0% ] frequency 1 / 2.
 [ 15:14:56 |  50% ] frequency 2 / 2.
 Finished inversion of dielectric matrix at 15:14:56.
 Elapsed time: 0 s.
 
 q-pt      8: Head of Epsilon Inverse =    3.732226489384122E-001   1.186459037379239E-019
 q-pt      8: Epsilon Inverse(2,2)    =    3.732226466086284E-001  -5.800636302050521E-020

 Writing dielectric matrix to file
 Note: using old code to directly write the matrix to file.
 Ok

================================================================================
 15:14:56   Dealing with q =  0.250000  0.250000  0.250000                9 / 13
================================================================================

 This is a regular non-zero q-point.
 Rank of the polarizability matrix (nmtx): 570
 
 BLACS processor grid:   2 x   2; BLOCKSIZE =   32
 
 Number of k-points in the irreducible BZ(q) (nrk): 20
 
 Using GPU support via OpenACC/OMP-Target implementation
 Using batch implementation, batch size:    20
 
 Started calculation of matrix elements with 160 transition(s) at 15:14:56.
 [ 15:14:56 |   0% ] transition   1 / 160.
 [ 15:14:56 |   1% ] transition   3 / 160, remaining: 0 s.
 [ 15:14:56 |   9% ] transition  16 / 160, remaining: 0 s.
 [ 15:14:56 |  19% ] transition  32 / 160, remaining: 0 s.
 [ 15:14:56 |  29% ] transition  48 / 160, remaining: 0 s.
 [ 15:14:56 |  39% ] transition  64 / 160, remaining: 0 s.
 [ 15:14:56 |  49% ] transition  80 / 160, remaining: 0 s.
 [ 15:14:56 |  59% ] transition  96 / 160, remaining: 0 s.
 [ 15:14:56 |  69% ] transition 112 / 160, remaining: 0 s.
 [ 15:14:56 |  79% ] transition 128 / 160, remaining: 0 s.
 [ 15:14:57 |  89% ] transition 144 / 160, remaining: 0 s.
 [ 15:14:57 |  99% ] transition 160 / 160, remaining: 0 s.
 Finished calculation of matrix elements at 15:14:57.
 Elapsed time: 0 s.
 
 
 Started building polarizability matrix with 4 processor(s) at 15:14:57.
 [ 15:14:57 |   0% ] processor 1 / 4.
 [ 15:14:57 |  25% ] processor 2 / 4.
 [ 15:14:57 |  50% ] processor 3 / 4, remaining: 0 s.
 [ 15:14:57 |  75% ] processor 4 / 4, remaining: 0 s.
 Finished building polarizability matrix at 15:14:57.
 Elapsed time: 1 s.
 
 q-pt      9: Head of Epsilon         =    6.586248201322744E+000   4.598434517363398E-019
 q-pt      9: Epsilon(2,2)            =    2.279306240240805E+000  -1.954647053921018E-018
 
 Started inversion of dielectric matrix with 2 frequency(s) at 15:14:57.
 [ 15:14:57 |   0% ] frequency 1 / 2.
 [ 15:14:57 |  50% ] frequency 2 / 2.
 Finished inversion of dielectric matrix at 15:14:57.
 Elapsed time: 0 s.
 
 q-pt      9: Head of Epsilon Inverse =    1.745539493670325E-001  -6.636519651775774E-020
 q-pt      9: Epsilon Inverse(2,2)    =    4.893666101661903E-001   2.639826143037769E-019

 Writing dielectric matrix to file
 Note: using old code to directly write the matrix to file.
 Ok

================================================================================
 15:14:58   Dealing with q =  0.500000  0.500000  0.500000               10 / 13
================================================================================

 This is a regular non-zero q-point.
 Rank of the polarizability matrix (nmtx): 568
 
 BLACS processor grid:   2 x   2; BLOCKSIZE =   32
 
 Number of k-points in the irreducible BZ(q) (nrk): 13
 
 Using GPU support via OpenACC/OMP-Target implementation
 Using batch implementation, batch size:    20
 
 Started calculation of matrix elements with 104 transition(s) at 15:14:58.
 [ 15:14:58 |   0% ] transition   1 / 104.
 [ 15:14:58 |   2% ] transition   3 / 104, remaining: 0 s.
 [ 15:14:58 |  10% ] transition  11 / 104, remaining: 0 s.
 [ 15:14:58 |  19% ] transition  21 / 104, remaining: 0 s.
 [ 15:14:58 |  30% ] transition  32 / 104, remaining: 0 s.
 [ 15:14:58 |  39% ] transition  42 / 104, remaining: 0 s.
 [ 15:14:58 |  50% ] transition  53 / 104, remaining: 0 s.
 [ 15:14:58 |  60% ] transition  63 / 104, remaining: 0 s.
 [ 15:14:58 |  69% ] transition  73 / 104, remaining: 0 s.
 [ 15:14:58 |  80% ] transition  84 / 104, remaining: 0 s.
 [ 15:14:58 |  89% ] transition  94 / 104, remaining: 0 s.
 Finished calculation of matrix elements at 15:14:58.
 Elapsed time: 0 s.
 
 
 Started building polarizability matrix with 4 processor(s) at 15:14:58.
 [ 15:14:58 |   0% ] processor 1 / 4.
 [ 15:14:58 |  25% ] processor 2 / 4.
 [ 15:14:58 |  50% ] processor 3 / 4, remaining: 0 s.
 [ 15:14:59 |  75% ] processor 4 / 4, remaining: 0 s.
 Finished building polarizability matrix at 15:14:59.
 Elapsed time: 1 s.
 
 q-pt     10: Head of Epsilon         =    3.407154398953905E+000  -6.601677022415013E-019
 q-pt     10: Epsilon(2,2)            =    3.407154398955806E+000   8.789935927868645E-019
 
 Started inversion of dielectric matrix with 2 frequency(s) at 15:14:59.
 [ 15:14:59 |   0% ] frequency 1 / 2.
 [ 15:14:59 |  50% ] frequency 2 / 2.
 Finished inversion of dielectric matrix at 15:14:59.
 Elapsed time: 0 s.
 
 q-pt     10: Head of Epsilon Inverse =    3.344120656416739E-001  -6.659482692218274E-020
 q-pt     10: Epsilon Inverse(2,2)    =    3.344120656417010E-001  -2.535462822248759E-019

 Writing dielectric matrix to file
 Note: using old code to directly write the matrix to file.
 Ok

================================================================================
 15:14:59   Dealing with q =  0.250000  0.250000  0.750000               11 / 13
================================================================================

 This is a regular non-zero q-point.
 Rank of the polarizability matrix (nmtx): 562
 
 BLACS processor grid:   2 x   2; BLOCKSIZE =   32
 
 Number of k-points in the irreducible BZ(q) (nrk): 40
 
 Using GPU support via OpenACC/OMP-Target implementation
 Using batch implementation, batch size:    20
 
 Started calculation of matrix elements with 320 transition(s) at 15:14:59.
 [ 15:14:59 |   0% ] transition   1 / 320.
 [ 15:14:59 |   1% ] transition   3 / 320, remaining: 0 s.
 [ 15:14:59 |  10% ] transition  32 / 320, remaining: 0 s.
 [ 15:14:59 |  20% ] transition  64 / 320, remaining: 0 s.
 [ 15:14:59 |  30% ] transition  96 / 320, remaining: 0 s.
 [ 15:14:59 |  40% ] transition 128 / 320, remaining: 0 s.
 [ 15:14:59 |  50% ] transition 160 / 320, remaining: 0 s.
 [ 15:14:59 |  60% ] transition 192 / 320, remaining: 0 s.
 [ 15:14:59 |  70% ] transition 224 / 320, remaining: 0 s.
 [ 15:14:59 |  80% ] transition 256 / 320, remaining: 0 s.
 [ 15:14:59 |  90% ] transition 288 / 320, remaining: 0 s.
 [ 15:14:59 | 100% ] transition 320 / 320, remaining: 0 s.
 Finished calculation of matrix elements at 15:14:59.
 Elapsed time: 0 s.
 
 
 Started building polarizability matrix with 4 processor(s) at 15:14:59.
 [ 15:14:59 |   0% ] processor 1 / 4.
 [ 15:15:00 |  25% ] processor 2 / 4.
 [ 15:15:00 |  50% ] processor 3 / 4, remaining: 0 s.
 [ 15:15:00 |  75% ] processor 4 / 4, remaining: 0 s.
 Finished building polarizability matrix at 15:15:00.
 Elapsed time: 1 s.
 
 q-pt     11: Head of Epsilon         =    3.958907963233327E+000  -4.482640654873558E-018
 q-pt     11: Epsilon(2,2)            =    2.894357039243625E+000   2.824918788111770E-019
 
 Started inversion of dielectric matrix with 2 frequency(s) at 15:15:00.
 [ 15:15:00 |   0% ] frequency 1 / 2.
 [ 15:15:00 |  50% ] frequency 2 / 2.
 Finished inversion of dielectric matrix at 15:15:00.
 Elapsed time: 0 s.
 
 q-pt     11: Head of Epsilon Inverse =    2.773628131638082E-001   3.879295128511461E-019
 q-pt     11: Epsilon Inverse(2,2)    =    3.780356397478414E-001  -3.443052036274187E-020

 Writing dielectric matrix to file
 Note: using old code to directly write the matrix to file.
 Ok

================================================================================
 15:15:00   Dealing with q =  0.500000  0.500000  0.250000               12 / 13
================================================================================

 This is a regular non-zero q-point.
 Rank of the polarizability matrix (nmtx): 562
 
 BLACS processor grid:   2 x   2; BLOCKSIZE =   32
 
 Number of k-points in the irreducible BZ(q) (nrk): 40
 
 Using GPU support via OpenACC/OMP-Target implementation
 Using batch implementation, batch size:    20
 
 Started calculation of matrix elements with 320 transition(s) at 15:15:01.
 [ 15:15:01 |   0% ] transition   1 / 320.
 [ 15:15:01 |   1% ] transition   3 / 320, remaining: 0 s.
 [ 15:15:01 |  10% ] transition  32 / 320, remaining: 0 s.
 [ 15:15:01 |  20% ] transition  64 / 320, remaining: 0 s.
 [ 15:15:01 |  30% ] transition  96 / 320, remaining: 0 s.
 [ 15:15:01 |  40% ] transition 128 / 320, remaining: 0 s.
 [ 15:15:01 |  50% ] transition 160 / 320, remaining: 0 s.
 [ 15:15:01 |  60% ] transition 192 / 320, remaining: 0 s.
 [ 15:15:01 |  70% ] transition 224 / 320, remaining: 0 s.
 [ 15:15:01 |  80% ] transition 256 / 320, remaining: 0 s.
 [ 15:15:01 |  90% ] transition 288 / 320, remaining: 0 s.
 [ 15:15:01 | 100% ] transition 320 / 320, remaining: 0 s.
 Finished calculation of matrix elements at 15:15:01.
 Elapsed time: 0 s.
 
 
 Started building polarizability matrix with 4 processor(s) at 15:15:01.
 [ 15:15:01 |   0% ] processor 1 / 4.
 [ 15:15:01 |  25% ] processor 2 / 4.
 [ 15:15:01 |  50% ] processor 3 / 4, remaining: 0 s.
 [ 15:15:02 |  75% ] processor 4 / 4, remaining: 0 s.
 Finished building polarizability matrix at 15:15:02.
 Elapsed time: 1 s.
 
 q-pt     12: Head of Epsilon         =    3.958907930347049E+000   1.447508190622517E-018
 q-pt     12: Epsilon(2,2)            =    2.894357022216803E+000   1.842763810912930E-018
 
 Started inversion of dielectric matrix with 2 frequency(s) at 15:15:02.
 [ 15:15:02 |   0% ] frequency 1 / 2.
 [ 15:15:02 |  50% ] frequency 2 / 2.
 Finished inversion of dielectric matrix at 15:15:02.
 Elapsed time: 0 s.
 
 q-pt     12: Head of Epsilon Inverse =    2.773628149264891E-001  -1.059565993435554E-019
 q-pt     12: Epsilon Inverse(2,2)    =    3.780356411515831E-001  -1.782900279361750E-019

 Writing dielectric matrix to file
 Note: using old code to directly write the matrix to file.
 Ok

================================================================================
 15:15:02   Dealing with q =  0.250000  0.250000  0.500000               13 / 13
================================================================================

 This is a regular non-zero q-point.
 Rank of the polarizability matrix (nmtx): 574
 
 BLACS processor grid:   2 x   2; BLOCKSIZE =   32
 
 Number of k-points in the irreducible BZ(q) (nrk): 40
 
 Using GPU support via OpenACC/OMP-Target implementation
 Using batch implementation, batch size:    20
 
 Started calculation of matrix elements with 320 transition(s) at 15:15:02.
 [ 15:15:02 |   0% ] transition   1 / 320.
 [ 15:15:02 |   1% ] transition   3 / 320, remaining: 0 s.
 [ 15:15:02 |  10% ] transition  32 / 320, remaining: 0 s.
 [ 15:15:02 |  20% ] transition  64 / 320, remaining: 0 s.
 [ 15:15:02 |  30% ] transition  96 / 320, remaining: 0 s.
 [ 15:15:02 |  40% ] transition 128 / 320, remaining: 0 s.
 [ 15:15:02 |  50% ] transition 160 / 320, remaining: 0 s.
 [ 15:15:02 |  60% ] transition 192 / 320, remaining: 0 s.
 [ 15:15:02 |  70% ] transition 224 / 320, remaining: 0 s.
 [ 15:15:02 |  80% ] transition 256 / 320, remaining: 0 s.
 [ 15:15:02 |  90% ] transition 288 / 320, remaining: 0 s.
 [ 15:15:02 | 100% ] transition 320 / 320, remaining: 0 s.
 Finished calculation of matrix elements at 15:15:02.
 Elapsed time: 0 s.
 
 
 Started building polarizability matrix with 4 processor(s) at 15:15:02.
 [ 15:15:02 |   0% ] processor 1 / 4.
 [ 15:15:03 |  25% ] processor 2 / 4.
 [ 15:15:03 |  50% ] processor 3 / 4, remaining: 0 s.
 [ 15:15:03 |  75% ] processor 4 / 4, remaining: 0 s.
 Finished building polarizability matrix at 15:15:03.
 Elapsed time: 1 s.
 
 q-pt     13: Head of Epsilon         =    4.650976756866070E+000   1.110662868221709E-018
 q-pt     13: Epsilon(2,2)            =    2.557592220271059E+000  -3.031171917001817E-019
 
 Started inversion of dielectric matrix with 2 frequency(s) at 15:15:03.
 [ 15:15:03 |   0% ] frequency 1 / 2.
 [ 15:15:03 |  50% ] frequency 2 / 2.
 Finished inversion of dielectric matrix at 15:15:03.
 Elapsed time: 0 s.
 
 q-pt     13: Head of Epsilon Inverse =    2.388952056947494E-001   1.586833175275457E-020
 q-pt     13: Epsilon Inverse(2,2)    =    4.237521237497339E-001   2.748988153180853E-020

 Writing dielectric matrix to file
 Note: using old code to directly write the matrix to file.
 Ok


********************************************************************************
*                                                                              *
* Your calculation employed methods and algorithms published in peer-reviewed  *
* papers. Please, cite the following references to give proper credit to their *
*          authors and help support future development of BerkeleyGW.          *
*                                                                              *
********************************************************************************

 J. Deslippe, G. Samsonidze, D. A. Strubbe, M. Jain, M. L. Cohen, and S. G.
 Louie, BerkeleyGW: A Massively Parallel Computer Package for the Calculation
 of the Quasiparticle and Optical Properties of Materials and Nanostructures,
 Computer Physics Communications 183, 1269 (2012).

 M. S. Hybertsen and S. G. Louie, Electron Correlation in Semiconductors and
 Insulators: Band Gaps and Quasiparticle Energies, Phys. Rev. B 34, 5390
 (1986).

 B. A. Barker, and S. G. Louie, Electronic and Optical Properties of Solids
 with Strong Spin-Orbit Coupling, U. C. Berkeley PhD dissertation (2018).

 M. D. Ben, C. Yang, Z. Li, F. H. da Jornada, S. G. Louie, and J. Deslippe,
 Accelerating Large-Scale Excited-State GW Calculations on Leadership HPC
 Systems, SC20: International Conference for High Performance Computing,
 Networking, Storage and Analysis (2020).

********************************************************************************

 
 Timing information
 
                                CPU time (s)          WALL time (s)       Number
 Routine                       min        max        min        max     of calls
 -------------------------  ---------  ---------  ---------  ---------  --------
 - Eps (I/O) Comm                0.03       0.05       0.03       0.05        13
 - Eps (I/O) IO                  0.77       0.77       0.76       0.77        13
 - I/O TOTAL                     1.04       1.46       1.04       1.46        20
 - INPUT                         0.43       0.44       0.43       0.44         1
 - INPUT_Q                       0.03       0.44       0.03       0.44         1
 - FULLBZ                        0.00       0.00       0.00       0.00         1
 - GVEC                          0.00       0.00       0.00       0.00        13
 - SUBGRP                        0.00       0.00       0.00       0.00        13
 - IRRBZ                         0.00       0.01       0.00       0.01        13
 - GENWF                         0.53       0.53       0.51       0.54      3656
 - MTXEL                         2.57       2.69       2.59       2.70      3656
 - RQSTAR                        0.00       0.00       0.00       0.00       457
 - GMAP                          0.03       0.03       0.03       0.04       457
 - EPSINV (TOTAL)                2.41       2.42       2.41       2.42        13
 - CHI SUM (COMM)                0.00       0.21       0.00       0.21        52
 - CHI SUM (TOTAL)              10.90      11.14      10.90      11.14        13
 - GENWF (VAL)                   0.28       0.28       0.24       0.32      3656
 - GENWF (COND)                  0.24       0.24       0.22       0.29       457
 - EPSINV (VCOUL)                0.00       0.01       0.00       0.01        13
 - JOB SETUP                     0.00       0.00       0.00       0.00         1
 - Q LOOP SETUP                  0.00       0.00       0.00       0.00        13
 - INIT CUTOFF                   0.00       0.00       0.00       0.00        13
 - INIT SCALAPACK                0.02       0.04       0.02       0.03        13
 - INIT ARRAYS                   3.49       3.66       3.49       3.66        26
 - CONVERGE TESTS                0.00       0.00       0.00       0.00        13
 - MTXEL (DENOM)                 0.04       0.04       0.04       0.04     95056
 - MTXEL (FFT)                   2.57       2.69       2.58       2.69      3656
 - GENWF (Ekin)                  0.01       0.01       0.01       0.01       914
 - GENWF (Sort)                  0.31       0.31       0.30       0.33       914
 - CHI SUM (zGEMM)               0.00       9.79       0.00       9.79       104
 - CHI SUM (PREP)                0.00       0.76       0.00       0.76        52
 - CHI SUM (ARRAY ALLOC)         0.00       0.04       0.00       0.04        52
 - EPSINV (I/O)                  0.90       0.92       0.90       0.92        13
 - EPSINV (INVERT)               1.49       1.49       1.48       1.49        13
 - FFT MLTPLY                    0.30       0.36       0.32       0.38     95056
 - TOTAL                        21.19      21.20      21.19      21.20         1
 
 Job Done
 
