JAX: 1 gpu devices
== Chunked kin_ion_io ==
Loading WFN: WFN.h5
Bands: 232, FFT grid: (36, 36, 36), k-points: 8
sys_dim: 3
Devices: 1
Pseudopotentials: ['Si']
Coulomb truncation: 3D bulk
Building V_loc...
Building unified V_NL setup...

Processing 8 k-points...
  k=1/8...

Writing to /pscratch/sd/j/jackm/lorrax_sandbox/runs/Si_pseudobands/00_si_2x2x2_60Ry/cohsex_sweep3/v1_k6_35w_s0/kin_ion.h5...
Wrote kin_ion.h5: shape (8, 232, 232), sys_dim=3
--- Timing (seconds) ---
Total recorded: 7.151 s
Section                                            Count    Total[s]     Self[s]      %
load_wfn                                               1       0.042       0.042    0.6
build_V_loc                                            1       0.683       0.683    9.6
k0                                                     1       2.431       2.431   34.0
k1                                                     1       1.667       1.667   23.3
k2                                                     1       0.127       0.127    1.8
k3                                                     1       1.678       1.678   23.5
k4                                                     1       0.116       0.116    1.6
k5                                                     1       0.123       0.123    1.7
k6                                                     1       0.115       0.115    1.6
k7                                                     1       0.155       0.155    2.2
write_h5                                               1       0.013       0.013    0.2
