salloc: Granted job allocation 51456443
salloc: Waiting for resource configuration
salloc: Nodes nid001045 are ready for job

========================================================================
  COHSEX-JAX: Self-Energy Calculation
========================================================================
  Backend: GPU       Devices: 4  Mesh: 2×2  Processes: 4
  Device type: NVIDIA A100-SXM4-40GB
  XLA preallocate: false  mem_fraction: 0.95
  XLA pool: limit=40.29 GB, in_use=0.00 GB, avail=40.29 GB
========================================================================

  [TIMING-BOOT] input parsed: 0.000s
  [TIMING-BOOT] WFNReader: 0.073s
  [TIMING-BOOT] SymMaps: 0.003s
  [TIMING-BOOT] load_centroids: 0.002s
  ISDF basis: 640 centroids
  FFT grid: 24×24×80   Cell volume: 702.20 a.u.³

    K-point chunking: 7 k-pts per FFT batch (total 9)
    Memory estimate: peak 1.94 GB (budget 2.00 GB), bottleneck=zct
      limit_fft: 133778.8
      limit_pair: 28304.6
      limit_zct: 17690.3
      limit_reshard: 17690.3
      limit_solve: 31426.6
      limit_gather: 35380.7

  Chunked ISDF fitting:
    Band chunks: 80
    R chunks:    17688 (contiguous r-space)
    Q chunks:    7
    Pair mode:   spin_traced
    Zeta output: /pscratch/sd/j/jackm/lorrax_sandbox/runs/MoS2/02_mos2_3x3_nosym/04_lorrax_cohsex_barecut_headnk/tmp/zeta_q.h5

============================================================
Zeta fitting: 3 r-chunks, 17688 points each
  Left bands:  (0, 80) (80 bands)
  Right bands: (0, 80) (80 bands)
  Full range:  (0, 80) (80 bands)
  Pair mode:   spin_traced
Output: /pscratch/sd/j/jackm/lorrax_sandbox/runs/MoS2/02_mos2_3x3_nosym/04_lorrax_cohsex_barecut_headnk/tmp/zeta_q.h5
============================================================
  Left wfns:  (9, 80, 2, 640)
  Right wfns: (9, 80, 2, 640)

Computing spin-traced pair densities P_l and P_r...
Computing C_q from left/right cross-product...

Computing L_q = chol(C_q) using 2D blocked algorithm...
  L_q shape: (9, 640, 640)

Caching G-space wavefunctions for r-chunk loop...
  Cached 1 band chunks (sharded across devices)
Chunk 1/3: r=[0:17688]
Chunk 2/3: r=[17688:35376]
Chunk 3/3: r=[35376:46080]


Written to /pscratch/sd/j/jackm/lorrax_sandbox/runs/MoS2/02_mos2_3x3_nosym/04_lorrax_cohsex_barecut_headnk/tmp/zeta_q.h5
============================================================
Zeta fitting complete!
  Shape: (3, 3, 1, 640, 46080)
============================================================

Timing Summary (3 r-chunks):
  Phase                     Total    Per-chunk      %
  --------------------------------------------------
  Load chunk                 1.15s      384.0ms   22.1%
  Pair density               0.03s       10.2ms    0.6%
  ZCT (FFT pipeline)         0.62s      206.2ms   11.9%
  Solve (L^-1 Z)             1.36s      452.6ms   26.1%
  H5 write                   1.80s      600.4ms   34.6%
  --------------------------------------------------
  Chunk loop total           5.21s     1737.3ms
  Per r-point                          113.1us
  Peak GPU memory            2.17 GB
    V_q budget:    1.91 GB
    V_q mu chunks: 640
    V_q q batches: 2
    V_q bare cutoff: 30.0 Ry
  q-points 1-2 / 9: (0,0,0), (0,1,0)
    batch FFT+contract: 0.146s (2 q's)
  q-points 3-4 / 9: (0,2,0), (1,0,0)
    batch FFT+contract: 0.041s (2 q's)
  q-points 5-6 / 9: (1,1,0), (1,2,0)
    batch FFT+contract: 0.040s (2 q's)
  q-points 7-8 / 9: (2,0,0), (2,1,0)
    batch FFT+contract: 0.041s (2 q's)
  q-points 9-9 / 9: (2,2,0)
    batch FFT+contract: 0.063s (1 q's)
    V_q timing breakdown (overlapped I/O):
      H5 read (waited): 0.803s
      GPU transfer:     0.844s
      FFT+contract:     0.330s

  V_q computed:
    Shape: (1, 1, 1, 3, 3, 1, 640, 640)
    V_q=0 trace: 612960301.2747
  Wavefunctions built (b0:b4=80 bands, 4 sharded copies: xn/xr/yr/yn)
  Chunked ISDF path complete
  [TIMING-BOOT] prepare_isdf_and_wavefunctions: 18.575s
  Minimax static window: x=[1.249525e-01, 6.336172e+00] Ry, R=50.71, nodes=10, fit_err~2.561e-06
  |χ(0)|_max = 1.673150e-04  (minimax, 10 nodes)

------------------------------------------------------------------------
  FINITE-SIZE CORRECTIONS
------------------------------------------------------------------------
  Head source: s_tensor
  v(q→0)  =     1655.335 a.u.  (bare Coulomb head)
  W(q→0)  =      343.785 a.u.  (screened Coulomb head)
  ΔW      =    -1311.550 a.u.  (screening correction)

------------------------------------------------------------------------
  STATIC HEAD TERMS (exact COHSEX / BGW-style)
------------------------------------------------------------------------
  Head source: s_tensor
  v_h(q→0)           =  1655.334970 a.u.
  W_h(q→0, ω=0)      =   343.784715 a.u.
  W_h^c              = -1311.550255 a.u.
  Σ^X head (occ)     = -2.619279e-01 Ry
  Σ^SX head (occ)    = -5.439795e-02 Ry
  Σ^(SX-X) head(occ) = 2.075300e-01 Ry
  Σ^COH head (all)   = -1.037650e-01 Ry

  Output: /pscratch/sd/j/jackm/lorrax_sandbox/runs/MoS2/02_mos2_3x3_nosym/04_lorrax_cohsex_barecut_headnk/eqp0.dat
  Restart:  /pscratch/sd/j/jackm/lorrax_sandbox/runs/MoS2/02_mos2_3x3_nosym/04_lorrax_cohsex_barecut_headnk/tmp/isdf_tensors_640.h5

--- Timing ---
Total recorded: 20.352 s
Section                                            Count    Total[s]     Self[s]      %
gw_jax.zeta_fit_chunked                                1      13.415       3.148   65.9
  zeta_fit.load_wfns                                   1       2.527       2.441   12.4
    load_wfns.precompute_owned                         1       0.000       0.000    0.0
    load_wfns.k_loop                                   1       0.017       0.017    0.1
    load_wfns.scatter                                  1       0.025       0.025    0.1
    load_wfns.make_global_array                        1       0.044       0.044    0.2
  zeta_fit.CCT                                         1       0.851       0.851    4.2
  zeta_fit.cholesky                                    1       1.639       1.639    8.1
  zeta_fit.cache_gspace                                1       0.039       0.000    0.2
    load_wfns.precompute_owned                         1       0.000       0.000    0.0
    load_wfns.k_loop                                   1       0.013       0.013    0.1
    load_wfns.scatter                                  1       0.025       0.025    0.1
    load_wfns.make_global_array                        1       0.001       0.001    0.0
  zeta_fit.chunk_loop                                  1       5.212       0.251   25.6
    zeta_fit.chunk.load                                3       1.152       1.152    5.7
    zeta_fit.chunk.pair_density                        3       0.030       0.030    0.1
    zeta_fit.chunk.ZCT                                 3       0.619       0.619    3.0
    zeta_fit.chunk.solve                               3       1.358       1.358    6.7
    zeta_fit.chunk.h5_write                            3       1.801       1.801    8.9
gw_jax.V_q_compute                                     1       3.012       0.962   14.8
  compute_all_V_q                                      1       2.050       2.050   10.1
gw_jax.wavefunction_setup                              1       0.989       0.989    4.9
gw_jax.chi0_W                                          1       1.721       1.721    8.5
gw_jax.sigma                                           1       1.215       1.215    6.0
salloc: Relinquishing job allocation 51456443
