
========================================================================
  COHSEX-JAX: Self-Energy Calculation
========================================================================
  Backend: GPU       Devices: 4  Mesh: 2×2  Processes: 4
  Device type: NVIDIA A100-SXM4-40GB
  XLA preallocate: false  mem_fraction: 0.95
  XLA pool: limit=40.29 GB, in_use=0.00 GB, avail=40.29 GB
========================================================================

  [TIMING-BOOT] input parsed: 0.000s
  [TIMING-BOOT] WFNReader: 0.017s
  [TIMING-BOOT] SymMaps: 0.001s
  [TIMING-BOOT] load_centroids: 0.001s
  ISDF basis: 640 centroids
  FFT grid: 24×24×80   Cell volume: 702.20 a.u.³

    K-point chunking: 1 k-pts per FFT batch (total 9)
    Memory estimate: peak 0.48 GB (budget 0.50 GB), bottleneck=zct
      limit_fft: 10932.7
      limit_pair: 3044.1
      limit_zct: 1902.6
      limit_reshard: 1902.6
      limit_solve: 3008.7
      limit_gather: 3805.2

  Chunked ISDF fitting:
    Band chunks: 44
    R chunks:    1900 (contiguous r-space)
    Q chunks:    2
    Pair mode:   spin_traced
    Zeta output: /pscratch/sd/j/jackm/lorrax_sandbox/runs/MoS2/02_mos2_3x3_nosym/04_lorrax_cohsex_barecut_headnk/tmp/zeta_q.h5

============================================================
Zeta fitting: 25 r-chunks, 1900 points each
  Left bands:  (0, 80) (80 bands)
  Right bands: (0, 80) (80 bands)
  Full range:  (0, 80) (80 bands)
  Pair mode:   spin_traced
Output: /pscratch/sd/j/jackm/lorrax_sandbox/runs/MoS2/02_mos2_3x3_nosym/04_lorrax_cohsex_barecut_headnk/tmp/zeta_q.h5
============================================================
  Left wfns:  (9, 80, 2, 640)
  Right wfns: (9, 80, 2, 640)

Computing spin-traced pair densities P_l and P_r...
Computing C_q from left/right cross-product...

Computing L_q = chol(C_q) using 2D blocked algorithm...
  L_q shape: (9, 640, 640)

Caching G-space wavefunctions for r-chunk loop...
  Cached 2 band chunks (sharded across devices)
Chunk 1/25: r=[0:1900]
Chunk 2/25: r=[1900:3800]
Chunk 3/25: r=[3800:5700]
Chunk 4/25: r=[5700:7600]
Chunk 5/25: r=[7600:9500]
Chunk 6/25: r=[9500:11400]
Chunk 7/25: r=[11400:13300]
Chunk 8/25: r=[13300:15200]
Chunk 9/25: r=[15200:17100]
Chunk 10/25: r=[17100:19000]
Chunk 11/25: r=[19000:20900]
Chunk 12/25: r=[20900:22800]
Chunk 13/25: r=[22800:24700]
Chunk 14/25: r=[24700:26600]
Chunk 15/25: r=[26600:28500]
Chunk 16/25: r=[28500:30400]
Chunk 17/25: r=[30400:32300]
Chunk 18/25: r=[32300:34200]
Chunk 19/25: r=[34200:36100]
Chunk 20/25: r=[36100:38000]
Chunk 21/25: r=[38000:39900]
Chunk 22/25: r=[39900:41800]
Chunk 23/25: r=[41800:43700]
Chunk 24/25: r=[43700:45600]
Chunk 25/25: r=[45600:46080]


Written to /pscratch/sd/j/jackm/lorrax_sandbox/runs/MoS2/02_mos2_3x3_nosym/04_lorrax_cohsex_barecut_headnk/tmp/zeta_q.h5
============================================================
Zeta fitting complete!
  Shape: (3, 3, 1, 640, 46080)
============================================================

Timing Summary (25 r-chunks):
  Phase                     Total    Per-chunk      %
  --------------------------------------------------
  Load chunk                 2.30s       92.0ms   33.9%
  Pair density               0.04s        1.5ms    0.6%
  ZCT (FFT pipeline)         0.64s       25.5ms    9.4%
  Solve (L^-1 Z)             1.49s       59.7ms   22.0%
  H5 write                   2.04s       81.5ms   30.0%
  --------------------------------------------------
  Chunk loop total           6.78s      271.2ms
  Per r-point                          147.1us
  Peak GPU memory            0.48 GB
    V_q budget:    0.46 GB
    V_q mu chunks: 205
    V_q bare cutoff: 30.0 Ry
  q-point 1/9: q=(0,0,0)
  q-point 2/9: q=(0,1,0)
  q-point 3/9: q=(0,2,0)
  q-point 4/9: q=(1,0,0)
  q-point 5/9: q=(1,1,0)
  q-point 6/9: q=(1,2,0)
  q-point 7/9: q=(2,0,0)
  q-point 8/9: q=(2,1,0)
  q-point 9/9: q=(2,2,0)


  V_q computed:
    Shape: (1, 1, 1, 3, 3, 1, 640, 640)
    V_q=0 trace: 612960301.2747
  Wavefunctions built (b0:b4=80 bands, 4 sharded copies: xn/xr/yr/yn)
  Chunked ISDF path complete
  [TIMING-BOOT] prepare_isdf_and_wavefunctions: 20.768s
  Minimax static window: x=[1.249525e-01, 6.336172e+00] Ry, R=50.71, nodes=10, fit_err~2.561e-06
  |χ(0)|_max = 1.673150e-04  (minimax, 10 nodes)

------------------------------------------------------------------------
  FINITE-SIZE CORRECTIONS
------------------------------------------------------------------------
  Head source: s_tensor
  v(q→0)  =     1655.335 a.u.  (bare Coulomb head)
  W(q→0)  =      343.785 a.u.  (screened Coulomb head)
  ΔW      =    -1311.550 a.u.  (screening correction)

------------------------------------------------------------------------
  STATIC HEAD TERMS (exact COHSEX / BGW-style)
------------------------------------------------------------------------
  Head source: s_tensor
  v_h(q→0)           =  1655.334970 a.u.
  W_h(q→0, ω=0)      =   343.784715 a.u.
  W_h^c              = -1311.550255 a.u.
  Σ^X head (occ)     = -2.619279e-01 Ry
  Σ^SX head (occ)    = -5.439795e-02 Ry
  Σ^(SX-X) head(occ) = 2.075300e-01 Ry
  Σ^COH head (all)   = -1.037650e-01 Ry

  Output: /pscratch/sd/j/jackm/lorrax_sandbox/runs/MoS2/02_mos2_3x3_nosym/04_lorrax_cohsex_barecut_headnk/eqp0.dat
  Restart:  /pscratch/sd/j/jackm/lorrax_sandbox/runs/MoS2/02_mos2_3x3_nosym/04_lorrax_cohsex_barecut_headnk/tmp/isdf_tensors_640.h5

--- Timing ---
Total recorded: 22.657 s
Section                                            Count    Total[s]     Self[s]      %
gw_jax.zeta_fit_chunked                                1      13.825       2.084   61.0
  zeta_fit.load_wfns                                   1       2.934       2.851   12.9
    load_wfns.precompute_owned                         2       0.000       0.000    0.0
    load_wfns.k_loop                                   2       0.015       0.015    0.1
    load_wfns.scatter                                  2       0.024       0.024    0.1
    load_wfns.make_global_array                        2       0.044       0.044    0.2
  zeta_fit.CCT                                         1       0.687       0.687    3.0
  zeta_fit.cholesky                                    1       1.298       1.298    5.7
  zeta_fit.cache_gspace                                1       0.042       0.000    0.2
    load_wfns.precompute_owned                         2       0.000       0.000    0.0
    load_wfns.k_loop                                   2       0.013       0.013    0.1
    load_wfns.scatter                                  2       0.028       0.028    0.1
    load_wfns.make_global_array                        2       0.002       0.002    0.0
  zeta_fit.chunk_loop                                  1       6.780       0.278   29.9
    zeta_fit.chunk.load                               25       2.299       2.299   10.1
    zeta_fit.chunk.pair_density                       25       0.038       0.038    0.2
    zeta_fit.chunk.ZCT                                25       0.637       0.637    2.8
    zeta_fit.chunk.solve                              25       1.491       1.491    6.6
    zeta_fit.chunk.h5_write                           25       2.036       2.036    9.0
gw_jax.V_q_compute                                     1       4.991       0.785   22.0
  compute_all_V_q                                      1       4.206       4.206   18.6
gw_jax.wavefunction_setup                              1       0.971       0.971    4.3
gw_jax.chi0_W                                          1       1.638       1.638    7.2
gw_jax.sigma                                           1       1.232       1.232    5.4
