
 frequency_dependence   0

 band_index     1    32
 sigma_matrix     0   0

 finite_difference_form  -2

 symmetries
 ntran  =  8
 mtrx01 =  1  0  0  0  1  0  0  0  1
 mtrx02 =  1  0  0  0 -1  0  0  0 -1
 mtrx03 =  1  0  0  0  0  1  0 -1  0
 mtrx04 =  1  0  0  0  0 -1  0  1  0
 mtrx05 =  1  0  0  0  1  0  0  0 -1
 mtrx06 =  1  0  0  0 -1  0  0  0  1
 mtrx07 =  1  0  0  0  0 -1  0 -1  0
 mtrx08 =  1  0  0  0  0  1  0  1  0
 
       k =  0.000000  0.000000  0.000000 ik =   1 spin = 1

   n            Emf             Eo              X           SX-X             CH            Sig            KIH           Eqp0           Eqp1            CH`           Sig`          Eqp0`          Eqp1`            Znk
   1  -31.130368080  -31.130368080  -33.605150576    6.830732094   -4.640215349  -31.414633831   -9.568618690  -40.983252521  -40.983252521   -3.580071191  -30.354489674  -39.923108364  -39.923108364    1.000000000
   2  -31.130368080  -31.130368080  -33.605150576    6.830732094   -4.640215349  -31.414633831   -9.568618690  -40.983252521  -40.983252521   -3.580071191  -30.354489674  -39.923108364  -39.923108364    1.000000000
   3  -14.369759753  -14.369759753  -25.928910261    6.097605026   -5.110351669  -24.941656903    4.396600318  -20.545056585  -20.545056585   -3.572960116  -23.404265351  -19.007665033  -19.007665033    1.000000000
   4  -14.369759753  -14.369759753  -25.928910261    6.097605026   -5.110351669  -24.941656903    4.396600318  -20.545056585  -20.545056585   -3.572960116  -23.404265351  -19.007665033  -19.007665033    1.000000000
   5  -11.397297642  -11.397297642  -22.226750551    3.869105636   -4.488363999  -22.846008914    5.757298254  -17.088710660  -17.088710660   -2.904526027  -21.262170942  -15.504872688  -15.504872688    1.000000000
   6  -11.397297642  -11.397297642  -22.226750551    3.869105636   -4.488363999  -22.846008914    5.757298254  -17.088710660  -17.088710660   -2.904526027  -21.262170942  -15.504872688  -15.504872688    1.000000000
   7  -11.397297642  -11.397297642  -22.226750551    3.869105636   -4.488363999  -22.846008914    5.757298254  -17.088710660  -17.088710660   -2.904526027  -21.262170942  -15.504872688  -15.504872688    1.000000000
   8  -11.397297642  -11.397297642  -22.226750551    3.869105636   -4.488363999  -22.846008914    5.757298254  -17.088710660  -17.088710660   -2.904526027  -21.262170942  -15.504872688  -15.504872688    1.000000000
   9   -8.485887947   -8.485887947  -18.929758154    4.405180047   -4.616935043  -19.141513150    5.663198051  -13.478315099  -13.478315099   -3.017741043  -17.542319150  -11.879121099  -11.879121099    1.000000000
  10   -8.485887947   -8.485887947  -18.929758154    4.405180047   -4.616935043  -19.141513150    5.663198051  -13.478315099  -13.478315099   -3.017741043  -17.542319150  -11.879121099  -11.879121099    1.000000000
  11   -2.559886924   -2.559886924   -0.532512197    0.168232244   -0.326638270   -0.690918223    1.538971277    0.848053054    0.848053054   -0.178381338   -0.542661291    0.996309986    0.996309986    1.000000000
  12   -2.559886924   -2.559886924   -0.532512197    0.168232244   -0.326638270   -0.690918223    1.538971277    0.848053054    0.848053054   -0.178381338   -0.542661291    0.996309986    0.996309986    1.000000000
  13   -1.263766333   -1.263766333   -6.467729736    3.044830411   -3.961248003   -7.384147329   11.286537803    3.902390475    3.902390475   -2.182318164   -5.605217490    5.681320314    5.681320314    1.000000000
  14   -1.263766333   -1.263766333   -6.467729736    3.044830411   -3.961248003   -7.384147329   11.286537803    3.902390475    3.902390475   -2.182318164   -5.605217490    5.681320314    5.681320314    1.000000000
  15   -1.263766333   -1.263766333   -6.467729736    3.044830411   -3.961248003   -7.384147329   11.286537803    3.902390475    3.902390475   -2.182318164   -5.605217490    5.681320314    5.681320314    1.000000000
  16   -1.263766333   -1.263766333   -6.467729736    3.044830411   -3.961248003   -7.384147329   11.286537803    3.902390475    3.902390475   -2.182318164   -5.605217490    5.681320314    5.681320314    1.000000000
  17    0.023531287    0.023531287   -0.086885962    0.010186662   -0.138504567   -0.215203867    3.703764339    3.488560472    3.488560472   -0.032149748   -0.108849048    3.594915291    3.594915291    1.000000000
  18    0.023531287    0.023531287   -0.086885962    0.010186662   -0.138504567   -0.215203867    3.703764339    3.488560472    3.488560472   -0.032149748   -0.108849048    3.594915291    3.594915291    1.000000000
  19    0.068264924    0.068264924   -0.206184010    0.021113009   -0.168919611   -0.353990612    3.875147562    3.521156950    3.521156950   -0.029687788   -0.214758789    3.660388773    3.660388773    1.000000000
  20    0.068264924    0.068264924   -0.206184010    0.021113009   -0.168919611   -0.353990612    3.875147562    3.521156950    3.521156950   -0.029687788   -0.214758789    3.660388773    3.660388773    1.000000000
  21    0.321986344    0.321986344   -0.323416863    0.069686379   -0.255407290   -0.509137774    4.326333739    3.817195965    3.817195965   -0.079924573   -0.333655057    3.992678682    3.992678682    1.000000000
  22    0.321986344    0.321986344   -0.323416863    0.069686379   -0.255407290   -0.509137774    4.326333739    3.817195965    3.817195965   -0.079924573   -0.333655057    3.992678682    3.992678682    1.000000000
  23    0.390894792    0.390894792   -0.532393135    0.158115909   -0.448742025   -0.823019251    4.841501073    4.018481822    4.018481822   -0.177529553   -0.551806779    4.289694294    4.289694294    1.000000000
  24    0.390894792    0.390894792   -0.532393135    0.158115909   -0.448742025   -0.823019251    4.841501073    4.018481822    4.018481822   -0.177529553   -0.551806779    4.289694294    4.289694294    1.000000000
  25    0.390894792    0.390894792   -0.532393135    0.158115909   -0.448742025   -0.823019251    4.841501073    4.018481822    4.018481822   -0.177529553   -0.551806779    4.289694294    4.289694294    1.000000000
  26    0.390894792    0.390894792   -0.532393135    0.158115909   -0.448742025   -0.823019251    4.841501073    4.018481822    4.018481822   -0.177529553   -0.551806779    4.289694294    4.289694294    1.000000000
  27    1.212986214    1.212986214   -0.554914779    0.167196430   -0.394859940   -0.782578288    5.420556408    4.637978120    4.637978120   -0.119980531   -0.507698880    4.912857528    4.912857528    1.000000000
  28    1.212986214    1.212986214   -0.554914779    0.167196430   -0.394859940   -0.782578288    5.420556408    4.637978120    4.637978120   -0.119980531   -0.507698880    4.912857528    4.912857528    1.000000000
  29    2.781042688    2.781042688   -0.241734362    0.034986069   -0.282728293   -0.489476586    6.823087875    6.333611289    6.333611289   -0.087920028   -0.294668321    6.528419554    6.528419554    1.000000000
  30    2.781042688    2.781042688   -0.241734362    0.034986069   -0.282728293   -0.489476586    6.823087875    6.333611289    6.333611289   -0.087920028   -0.294668321    6.528419554    6.528419554    1.000000000
  31    3.096942038    3.096942038   -0.077807703    0.010626938   -0.132763780   -0.199944545    6.746971097    6.547026553    6.547026553   -0.028404975   -0.095585740    6.651385357    6.651385357    1.000000000
  32    3.096942038    3.096942038   -0.077807703    0.010626938   -0.132763780   -0.199944545    6.746971097    6.547026553    6.547026553   -0.028404975   -0.095585740    6.651385357    6.651385357    1.000000000
 

================================================================================

    n = band index.
  Emf = "inner" mean-field energy eigenvalue used to construct Sigma(E),
        read from WFN_inner.
   Eo = "outer" mean-field energy eigenvalue where we center the evaluation
        frequency grid {E} of Sigma(E). Defaults to Emf, unless
        you use WFN_outer and eqp_outer.dat / scissors_outer.
  Vxc = exchange-correlation pot., calculated from VXC or read from vxc.dat.
  KIH = Kinetic energy + Ionic potential + Hartree, read from kih.dat.
    X = bare exchange.
   SX = screened exchange contrib. to Sigma(E) at energy E=Eo
   CH = Coulomb hole contrib. to Sigma(E) at energy E=Eo
  Cor = SX-X + CH = correlation portion of Sigma(E) at energy E=Eo.
  Sig = X + Cor = self energy, Sigma(E), at energy E=Eo.
 Eqp0 = on-shell QP energy = Emf - Vxc + Sig(Eo)
        Eqp0 is *not* the recommended quantity to use for QP properties.
 Eqp1 = off-shell solution to the linearized  Dyson`s equation
      = Eqp0 + (dSig/dE) / (1 - dSig/dE) * (Eqp0 - Eo),
        or a full linear interpolation if more freq. points where computed.
        Eqp1 is the recommended quantity to use for QP properties.
  Znk = quasiparticle renormalization factor

 General notes:
 - All energies are reported here in eV.
 - Both Emf and Vxc contain the average pot. Vxc0, so Vxc0 doesn`t affect Sigma.
 - Eqp1 and Eqp0 are Eqs. (36-37) from Hybertsen & Louie PRB 34 5390.
 - We recommend you use Eqp1 for QP properties of materials.

================================================================================

