2026-04-22 09:55:13.607475: E external/xla/xla/python/profiler/internal/python_hooks.cc:412] Can't import tensorflow.python.profiler.trace
2026-04-22 09:55:13.607574: E external/xla/xla/python/profiler/internal/python_hooks.cc:412] Can't import tensorflow.python.profiler.trace
2026-04-22 09:55:13.610704: E external/xla/xla/python/profiler/internal/python_hooks.cc:412] Can't import tensorflow.python.profiler.trace
2026-04-22 09:55:13.610976: E external/xla/xla/python/profiler/internal/python_hooks.cc:412] Can't import tensorflow.python.profiler.trace
[pf] ▶ run_module:gw.gw_jax
[pf] ▶ run_module:gw.gw_jax
[pf] ▶ run_module:gw.gw_jax
[pf] ▶ run_module:gw.gw_jax

========================================================================
  COHSEX-JAX: Self-Energy Calculation
========================================================================
  Backend: GPU       Devices: 4  Mesh: 2×2  Processes: 4
  Device type: NVIDIA A100-SXM4-40GB
  XLA preallocate: false  mem_fraction: unset
========================================================================

  ISDF basis: 640 centroids
  FFT grid: 24×24×80   Cell volume: 702.20 a.u.³

WARNING:2026-04-22 09:55:16,310:jax._src.compilation_cache:265: Writing jit__fft_gather_reshard to persistent compilation cache with key 'jit__fft_gather_reshard-ee43b2c7386fa7c80971fbba305d4ef379f2795e315277299e123186b033d676'
WARNING:jax._src.compilation_cache:Writing jit__fft_gather_reshard to persistent compilation cache with key 'jit__fft_gather_reshard-ee43b2c7386fa7c80971fbba305d4ef379f2795e315277299e123186b033d676'
    Memory estimate: peak 3.88 GB (budget 4.00 GB), bottleneck=zct
    Per-stage: fft=0.85  pair=2.54  zct=3.88  reshard=3.88  solve=2.31  gather=2.09 GB
    AOT chooser: chunk_r=23040 band_chunk=40 (2×2 jits, peak=2.82 GB / 3.88 GB = 73%, total=0.0 GF)

  Chunked ISDF fitting:
    Band chunks: 40
    R chunks:    23040 (contiguous r-space)
    Q chunks:    8
    Zeta output: /pscratch/sd/j/jackm/lorrax_sandbox/runs/MoS2/02_mos2_3x3_nosym/C_heuristic_4gb/tmp/zeta_q.h5

  Zeta fitting: 2 r-chunks x 23040 r-points, 80 bands (80 left + 80 right)
  Output: /pscratch/sd/j/jackm/lorrax_sandbox/runs/MoS2/02_mos2_3x3_nosym/C_heuristic_4gb/tmp/zeta_q.h5
  Left wfns:  (9, 80, 2, 640)
  Right wfns: (9, 80, 2, 640)
  Pseudobands normalization: 0 weighted, 0 zero-weight (skipped)
  Computing pair densities P_l, P_r (spin_traced)
/opt/jax/jax/_src/interpreters/mlir.py:1178: UserWarning: Some donated buffers were not usable: ShapedArray(complex128[9,320,320]).
See an explanation at https://jax.readthedocs.io/en/latest/faq.html#buffer-donation.
  warnings.warn("Some donated buffers were not usable:"
WARNING:2026-04-22 09:55:18,826:jax._src.compilation_cache:265: Writing jit__compute_CCT_LR to persistent compilation cache with key 'jit__compute_CCT_LR-7255897858dfc4d7c7ca2fb1564b6ff351ea28b931f1e4a145d0c1dfee996684'
WARNING:jax._src.compilation_cache:Writing jit__compute_CCT_LR to persistent compilation cache with key 'jit__compute_CCT_LR-7255897858dfc4d7c7ca2fb1564b6ff351ea28b931f1e4a145d0c1dfee996684'
  Computing L_q = chol(C_q)
/opt/jax/jax/_src/interpreters/mlir.py:1178: UserWarning: Some donated buffers were not usable: ShapedArray(complex128[9,320,320]).
See an explanation at https://jax.readthedocs.io/en/latest/faq.html#buffer-donation.
  warnings.warn("Some donated buffers were not usable:"
/opt/jax/jax/_src/interpreters/mlir.py:1178: UserWarning: Some donated buffers were not usable: ShapedArray(complex128[9,320,320]).
See an explanation at https://jax.readthedocs.io/en/latest/faq.html#buffer-donation.
  warnings.warn("Some donated buffers were not usable:"
/opt/jax/jax/_src/interpreters/mlir.py:1178: UserWarning: Some donated buffers were not usable: ShapedArray(complex128[9,320,320]).
See an explanation at https://jax.readthedocs.io/en/latest/faq.html#buffer-donation.
  warnings.warn("Some donated buffers were not usable:"
  L_q: (9, 640, 640)
/global/homes/j/jackm/software/lorrax_C/src/file_io/_slab_io_ffi.py:239: UserWarning: FFI backend: chunks/attrs on create_dataset currently no-op; pre-create with h5py if you need explicit chunking or attrs.
  warnings.warn(
/global/homes/j/jackm/software/lorrax_C/src/file_io/_slab_io_ffi.py:239: UserWarning: FFI backend: chunks/attrs on create_dataset currently no-op; pre-create with h5py if you need explicit chunking or attrs.
  warnings.warn(
  Caching G-space wavefunctions for r-chunk loop
/global/homes/j/jackm/software/lorrax_C/src/file_io/_slab_io_ffi.py:239: UserWarning: FFI backend: chunks/attrs on create_dataset currently no-op; pre-create with h5py if you need explicit chunking or attrs.
  warnings.warn(
/global/homes/j/jackm/software/lorrax_C/src/file_io/_slab_io_ffi.py:239: UserWarning: FFI backend: chunks/attrs on create_dataset currently no-op; pre-create with h5py if you need explicit chunking or attrs.
  warnings.warn(
  G-space cache: 2 band chunks (chunk_size=40, remainder=40)
WARNING:2026-04-22 09:55:23,053:jax._src.compilation_cache:265: Writing jit__kernel to persistent compilation cache with key 'jit__kernel-56c799d81200afe539b2838cfb1a1285b36cd9715f59db6af58c9d898385d0ff'
WARNING:jax._src.compilation_cache:Writing jit__kernel to persistent compilation cache with key 'jit__kernel-56c799d81200afe539b2838cfb1a1285b36cd9715f59db6af58c9d898385d0ff'
Started zeta fitting at 09:55:23.
[ 09:55:23 | █████░░░░░ |  50% ] r-chunk 1 / 2 · ETA 0 s
WARNING:2026-04-22 09:55:23,449:jax._src.compilation_cache:265: Writing jit__per_rank to persistent compilation cache with key 'jit__per_rank-5cbdd78d5589c1bd2b64fd6d0b229be8a74075f6b5346f07342ab0746cf760f8'
WARNING:jax._src.compilation_cache:Writing jit__per_rank to persistent compilation cache with key 'jit__per_rank-5cbdd78d5589c1bd2b64fd6d0b229be8a74075f6b5346f07342ab0746cf760f8'
[ 09:55:23 | ██████████ | 100% ] r-chunk 2 / 2 · ETA 0 s
Finished zeta fitting at 09:55:23.  Elapsed: 1 s.
  [SlabIO.close] draining 2 pending writes for zeta_q.h5 …
  [SlabIO.close] Python dispatch drained in 3.0 s; joining writer thread
  [SlabIO.close] writer thread joined in 0.0 s; calling H5Fclose collectively
  [SlabIO.close] H5Fclose returned in 0.1 s
  Zeta output: /pscratch/sd/j/jackm/lorrax_sandbox/runs/MoS2/02_mos2_3x3_nosym/C_heuristic_4gb/tmp/zeta_q.h5  shape: (3,3,1,640,46080)
  Timing (2 r-chunks, 1.9s total):
    fit      1.84s  97.2%
    H5       0.05s   2.4%
    GPU high-water mark: 3.08 GB / 4.00 GB budget (77%)
    γ (runtime / AOT-pred) = 1.095  (AOT predicted 2.82 GB)
    V_q bare cutoff: 120.0 Ry (auto: 4·ecutwfc)
    V_q budget:    3.85 GB
    V_q mu chunks: 640
    V_q q batches: 4
  V_q (sharded): mesh=2x2, one-shot (Case A), q_chunk=9, μ_chunk=640 (1 μ-blocks), aligned=True, N_μ=640, N_G=17252, predicted peak/rank=2.40 GB (V_ref+g0_ref=0.01 GB)
WARNING:2026-04-22 09:55:27,502:jax._src.compilation_cache:265: Writing jit__per_rank to persistent compilation cache with key 'jit__per_rank-e48ac33782d3dc9fb09a8a1ac7af1413af5d2a1fd5d7ddbfc4125b8812b77df9'
WARNING:jax._src.compilation_cache:Writing jit__per_rank to persistent compilation cache with key 'jit__per_rank-e48ac33782d3dc9fb09a8a1ac7af1413af5d2a1fd5d7ddbfc4125b8812b77df9'
WARNING:2026-04-22 09:55:29,781:jax._src.compilation_cache:265: Writing jit__kernel to persistent compilation cache with key 'jit__kernel-4a678a504bfc99815d9ee7594b855b589cd82b3b9093345bd8e6fa9423f529a4'
WARNING:jax._src.compilation_cache:Writing jit__kernel to persistent compilation cache with key 'jit__kernel-4a678a504bfc99815d9ee7594b855b589cd82b3b9093345bd8e6fa9423f529a4'
Started V_q computation at 09:55:30.
[ 09:55:30 | █░░░░░░░░░ |  11% ] q-point 1 / 9 · ETA 0 s
[ 09:55:30 | ██░░░░░░░░ |  22% ] q-point 2 / 9 · ETA 0 s
[ 09:55:30 | ███░░░░░░░ |  33% ] q-point 3 / 9 · ETA 0 s
[ 09:55:30 | ████░░░░░░ |  44% ] q-point 4 / 9 · ETA 0 s
[ 09:55:30 | ██████░░░░ |  56% ] q-point 5 / 9 · ETA 0 s
[ 09:55:30 | ███████░░░ |  67% ] q-point 6 / 9 · ETA 0 s
[ 09:55:30 | ████████░░ |  78% ] q-point 7 / 9 · ETA 0 s
[ 09:55:30 | █████████░ |  89% ] q-point 8 / 9 · ETA 0 s
[ 09:55:30 | ██████████ | 100% ] q-point 9 / 9 · ETA 0 s
Finished V_q computation at 09:55:30.  Elapsed: 0 s.
  [SlabIO.close] draining 0 pending writes for zeta_q.h5 …
  [SlabIO.close] Python dispatch drained in 0.0 s; joining writer thread
  [SlabIO.close] writer thread joined in 0.0 s; calling H5Fclose collectively
  [SlabIO.close] H5Fclose returned in 0.3 s

  V_q computed:
    Shape: (1, 1, 1, 3, 3, 1, 640, 640)
    V_q=0 trace: 613297680.1194
WARNING:2026-04-22 09:55:31,224:jax._src.compilation_cache:265: Writing jit__per_rank to persistent compilation cache with key 'jit__per_rank-4d41cfb2fd42b077fd7f9197230574d9ae8870cbffc92ce40b71c9f91fbd261f'
WARNING:jax._src.compilation_cache:Writing jit__per_rank to persistent compilation cache with key 'jit__per_rank-4d41cfb2fd42b077fd7f9197230574d9ae8870cbffc92ce40b71c9f91fbd261f'
  [SlabIO.close] draining 3 pending writes for isdf_tensors_640.h5 …
WARNING:2026-04-22 09:55:31,381:jax._src.compilation_cache:265: Writing jit__per_rank to persistent compilation cache with key 'jit__per_rank-3ce20a61e6359702946d975dd8a79cb14bba998a969d39ee3b31279992633085'
WARNING:jax._src.compilation_cache:Writing jit__per_rank to persistent compilation cache with key 'jit__per_rank-3ce20a61e6359702946d975dd8a79cb14bba998a969d39ee3b31279992633085'
WARNING:2026-04-22 09:55:31,428:jax._src.compilation_cache:265: Writing jit__per_rank to persistent compilation cache with key 'jit__per_rank-039661d062f47d39572a73c1db3f249a2aab15aeff62bc752304ba854f221f8b'
WARNING:jax._src.compilation_cache:Writing jit__per_rank to persistent compilation cache with key 'jit__per_rank-039661d062f47d39572a73c1db3f249a2aab15aeff62bc752304ba854f221f8b'
  [SlabIO.close] Python dispatch drained in 0.1 s; joining writer thread
  [SlabIO.close] writer thread joined in 0.0 s; calling H5Fclose collectively
  [SlabIO.close] H5Fclose returned in 0.0 s
  Wavefunctions built (b0:b4=80 bands, 4 sharded copies: xn/xr/yr/yn)
  [SlabIO.close] draining 1 pending writes for isdf_tensors_640.h5 …
WARNING:2026-04-22 09:55:31,896:jax._src.compilation_cache:265: Writing jit__per_rank to persistent compilation cache with key 'jit__per_rank-156a94ca7ec8b04d0ec36c2ff97a1f99d40b246c0cf0e25706e80b14359c3287'
WARNING:jax._src.compilation_cache:Writing jit__per_rank to persistent compilation cache with key 'jit__per_rank-156a94ca7ec8b04d0ec36c2ff97a1f99d40b246c0cf0e25706e80b14359c3287'
  [SlabIO.close] Python dispatch drained in 0.1 s; joining writer thread
  [SlabIO.close] writer thread joined in 0.0 s; calling H5Fclose collectively
  [SlabIO.close] H5Fclose returned in 0.0 s
  Chunked ISDF path complete
  Minimax static window: x=[1.249525e-01, 6.336172e+00] Ry, R=50.71, nodes=10, fit_err~2.561e-06
WARNING:2026-04-22 09:55:33,012:jax._src.compilation_cache:265: Writing jit__chi_scan to persistent compilation cache with key 'jit__chi_scan-f3defaa739e801ec1f3904748d2310b4307a95155132759ba9f249e646a54628'
WARNING:jax._src.compilation_cache:Writing jit__chi_scan to persistent compilation cache with key 'jit__chi_scan-f3defaa739e801ec1f3904748d2310b4307a95155132759ba9f249e646a54628'
  |χ(0)|_max = 1.673150e-04  (minimax, 10 nodes)

------------------------------------------------------------------------
  FINITE-SIZE CORRECTIONS
------------------------------------------------------------------------
  Head source: s_tensor
  v(q→0)  =     1655.335 a.u.  (bare Coulomb head)
  W(q→0)  =      321.920 a.u.  (screened Coulomb head)
  ΔW      =    -1333.415 a.u.  (screening correction)

------------------------------------------------------------------------
  STATIC HEAD TERMS (exact COHSEX / BGW-style)
------------------------------------------------------------------------
  Head source: s_tensor
  v_h(q→0)           =  1655.334970 a.u.
  W_h(q→0, ω=0)      =   321.919865 a.u.
  W_h^c              = -1333.415105 a.u.
  Σ^X head (occ)     = -2.619279e-01 Ry
  Σ^SX head (occ)    = -5.093822e-02 Ry
  Σ^(SX-X) head(occ) = 2.109897e-01 Ry
  Σ^COH head (all)   = -1.054949e-01 Ry
WARNING:2026-04-22 09:55:37,317:jax._src.compilation_cache:265: Writing jit_sigma_sx to persistent compilation cache with key 'jit_sigma_sx-ccbce6507d0a63bddc5eb5dd7cdd9b1afa98e1218970e58d5a8849a05600b0da'
WARNING:jax._src.compilation_cache:Writing jit_sigma_sx to persistent compilation cache with key 'jit_sigma_sx-ccbce6507d0a63bddc5eb5dd7cdd9b1afa98e1218970e58d5a8849a05600b0da'
WARNING:2026-04-22 09:55:43,955:jax._src.compilation_cache:265: Writing jit_sigma_coh to persistent compilation cache with key 'jit_sigma_coh-7630f6b74c5ec5839b88e63838eefdc1b2f7ac38cb1cf2f236859c5396eacb75'
WARNING:jax._src.compilation_cache:Writing jit_sigma_coh to persistent compilation cache with key 'jit_sigma_coh-7630f6b74c5ec5839b88e63838eefdc1b2f7ac38cb1cf2f236859c5396eacb75'
WARNING:2026-04-22 09:55:45,232:jax._src.compilation_cache:265: Writing jit_sigma_sx to persistent compilation cache with key 'jit_sigma_sx-7fd259c68636bb8057e6511c774b72f90ec4ed76c6f1dcd7e107def0520f3db0'
WARNING:jax._src.compilation_cache:Writing jit_sigma_sx to persistent compilation cache with key 'jit_sigma_sx-7fd259c68636bb8057e6511c774b72f90ec4ed76c6f1dcd7e107def0520f3db0'
  Bare Σ_X diagonal (eV), k=0: -40.0579  -40.0579  -34.0262  -34.0262  -33.3515  -33.3515  -33.4086  -33.4086

  Output: /pscratch/sd/j/jackm/lorrax_sandbox/runs/MoS2/02_mos2_3x3_nosym/C_heuristic_4gb/eqp0.dat
  Restart:  /pscratch/sd/j/jackm/lorrax_sandbox/runs/MoS2/02_mos2_3x3_nosym/C_heuristic_4gb/tmp/isdf_tensors_640.h5

--- Timing ---
Total recorded: 25.138 s
Section                                            Count    Total[s]     Self[s]      %
gw_jax.load_centroid_wfns                              1       3.038       2.964   12.1
  load_wfns.precompute_owned                           1       0.000       0.000    0.0
  load_wfns.k_loop                                     1       0.010       0.010    0.0
  load_wfns.scatter                                    1       0.025       0.025    0.1
  load_wfns.make_global_array                          1       0.039       0.039    0.2
gw_jax.zeta_fit_chunked                                1       8.685       0.092   34.6
  zeta_fit.slice_halves                                1       0.047       0.047    0.2
  zeta_fit.CCT                                         1       0.418       0.418    1.7
  zeta_fit.cholesky                                    1       1.895       1.895    7.5
  zeta_fit.gc_pre_chunk_loop                           1       0.057       0.057    0.2
  zeta_fit.open_file                                   1       1.136       1.136    4.5
  zeta_fit.cache_gspace                                1       0.047       0.001    0.2
    load_wfns.precompute_owned                         2       0.000       0.000    0.0
    load_wfns.k_loop                                   2       0.015       0.015    0.1
    load_wfns.scatter                                  2       0.025       0.025    0.1
    load_wfns.make_global_array                        2       0.005       0.005    0.0
  zeta_fit.chunk_loop                                  1       1.882       0.000    7.5
    zeta_fit.chunk.fit_one_rchunk                      2       1.836       1.836    7.3
    zeta_fit.chunk.h5_write                            2       0.046       0.046    0.2
  zeta_fit.close_io                                    1       3.111       3.111   12.4
  zeta_fit.sync_global                                 1       0.001       0.001    0.0
gw_jax.V_q_compute                                     1       3.232       0.389   12.9
  compute_all_V_q_sharded                              1       2.843       2.843   11.3
gw_jax.wavefunction_setup                              1       0.047       0.047    0.2
gw_jax.chi0_W                                          1       2.168       0.268    8.6
  chi.compile                                          1       0.527       0.527    2.1
  chi.exec                                             1       0.072       0.072    0.3
  W.compile                                            1       0.091       0.091    0.4
  W.exec                                               1       1.210       1.210    4.8
gw_jax.sigma                                           1       7.968       7.968   31.7
[pf] ■ run_module:gw.gw_jax  32.460s
2026-04-22 09:55:46.119747: E external/xla/xla/python/profiler/internal/python_hooks.cc:412] Can't import tensorflow.python.profiler.trace
2026-04-22 09:55:46.381923: E external/xla/xla/python/profiler/internal/python_hooks.cc:412] Can't import tensorflow.python.profiler.trace
2026-04-22 09:55:46.581018: E external/xla/xla/python/profiler/internal/python_hooks.cc:412] Can't import tensorflow.python.profiler.trace
2026-04-22 09:55:46.584499: E external/xla/xla/python/profiler/internal/python_hooks.cc:412] Can't import tensorflow.python.profiler.trace
[pf] mem snapshot 'end' → /pscratch/sd/j/jackm/lorrax_sandbox/runs/MoS2/02_mos2_3x3_nosym/C_heuristic_4gb/profile/memprof/end.prof
[run_profiled] gw.gw_jax finished in 35.88s. Artifacts: /pscratch/sd/j/jackm/lorrax_sandbox/runs/MoS2/02_mos2_3x3_nosym/C_heuristic_4gb/profile
[run_profiled] Next: run
  python3 scripts/profiling/analyze_hlo_dump.py /pscratch/sd/j/jackm/lorrax_sandbox/runs/MoS2/02_mos2_3x3_nosym/C_heuristic_4gb/profile
  python3 scripts/profiling/analyze_compile_log.py /pscratch/sd/j/jackm/lorrax_sandbox/runs/MoS2/02_mos2_3x3_nosym/C_heuristic_4gb/profile
