
========================================================================
  COHSEX-JAX: Self-Energy Calculation
========================================================================
  Backend: GPU       Devices: 4  Mesh: 2×2  Processes: 4
  Device type: NVIDIA A100-SXM4-40GB
  XLA preallocate: false  mem_fraction: unset
========================================================================

  ISDF basis: 480 centroids
  FFT grid: 24×24×24   Cell volume: 270.11 a.u.³

    Memory estimate: peak 17.59 GB (budget 28.00 GB), bottleneck=zct
    Per-stage: fft=1.47  pair=4.85  zct=7.40  reshard=7.40  solve=4.06  gather=2.54 GB
    AOT fit_one_rchunk peak (driver-level): 7.99 GB

  Chunked ISDF fitting:
    Band chunks: 60
    R chunks:    13824 (contiguous r-space)
    Q chunks:    64
    Zeta output: /pscratch/sd/j/jackm/lorrax_sandbox/runs/Si/04_si_4x4x4_bse/01_lorrax_bse_vcoul/tmp/zeta_q.h5

  Zeta fitting: 1 r-chunks x 13824 r-points, 60 bands (60 left + 60 right)
  Output: /pscratch/sd/j/jackm/lorrax_sandbox/runs/Si/04_si_4x4x4_bse/01_lorrax_bse_vcoul/tmp/zeta_q.h5
  Left wfns:  (64, 60, 2, 480)
  Right wfns: (64, 60, 2, 480)
  Pseudobands normalization: 0 weighted, 0 zero-weight (skipped)
  Computing pair densities P_l, P_r (spin_traced)
/opt/jax/jax/_src/interpreters/mlir.py:1178: UserWarning: Some donated buffers were not usable: ShapedArray(complex128[64,240,240]).
See an explanation at https://jax.readthedocs.io/en/latest/faq.html#buffer-donation.
  warnings.warn("Some donated buffers were not usable:"
/opt/jax/jax/_src/interpreters/mlir.py:1178: UserWarning: Some donated buffers were not usable: ShapedArray(complex128[64,240,240]).
See an explanation at https://jax.readthedocs.io/en/latest/faq.html#buffer-donation.
  warnings.warn("Some donated buffers were not usable:"
/opt/jax/jax/_src/interpreters/mlir.py:1178: UserWarning: Some donated buffers were not usable: ShapedArray(complex128[64,240,240]).
See an explanation at https://jax.readthedocs.io/en/latest/faq.html#buffer-donation.
  warnings.warn("Some donated buffers were not usable:"
/opt/jax/jax/_src/interpreters/mlir.py:1178: UserWarning: Some donated buffers were not usable: ShapedArray(complex128[64,240,240]).
See an explanation at https://jax.readthedocs.io/en/latest/faq.html#buffer-donation.
  warnings.warn("Some donated buffers were not usable:"
  Computing L_q = chol(C_q)
  L_q: (64, 480, 480)
/global/u2/j/jackm/software/lorrax_A/src/file_io/_slab_io_ffi.py:239: UserWarning: FFI backend: chunks/attrs on create_dataset currently no-op; pre-create with h5py if you need explicit chunking or attrs.
  warnings.warn(
  Caching G-space wavefunctions for r-chunk loop
/global/u2/j/jackm/software/lorrax_A/src/file_io/_slab_io_ffi.py:239: UserWarning: FFI backend: chunks/attrs on create_dataset currently no-op; pre-create with h5py if you need explicit chunking or attrs.
  warnings.warn(
/global/u2/j/jackm/software/lorrax_A/src/file_io/_slab_io_ffi.py:239: UserWarning: FFI backend: chunks/attrs on create_dataset currently no-op; pre-create with h5py if you need explicit chunking or attrs.
  warnings.warn(
/global/u2/j/jackm/software/lorrax_A/src/file_io/_slab_io_ffi.py:239: UserWarning: FFI backend: chunks/attrs on create_dataset currently no-op; pre-create with h5py if you need explicit chunking or attrs.
  warnings.warn(
  G-space cache: 1 band chunks (chunk_size=60, remainder=60)
Started zeta fitting at 14:30:38.
[ 14:30:38 | ██████████ | 100% ] r-chunk 1 / 1 · ETA 0 s
Finished zeta fitting at 14:30:38.  Elapsed: 0 s.
  [SlabIO.close] draining 1 pending writes for zeta_q.h5 …
  [SlabIO.close] Python dispatch drained in 5.5 s; joining writer thread
  [SlabIO.close] writer thread joined in 0.0 s; calling H5Fclose collectively
  [SlabIO.close] H5Fclose returned in 0.6 s
  Zeta output: /pscratch/sd/j/jackm/lorrax_sandbox/runs/Si/04_si_4x4x4_bse/01_lorrax_bse_vcoul/tmp/zeta_q.h5  shape: (4,4,4,480,13824)
  Timing (1 r-chunks, 1.2s total):
    fit      1.18s  96.9%
    H5       0.03s   2.5%
    GPU high-water mark: 4.04 GB / 28.00 GB budget (14%)
    γ (runtime / AOT-pred) = 0.506  (AOT predicted 7.99 GB)
    V_q bare cutoff: 25.0 Ry
    V_q budget:    27.04 GB
    V_q mu chunks: 480
    V_q q batches: 4
  V_q: 64 q-points, batch=4, mu=480 (single chunk), overlapped H5 I/O
Started V_q computation at 14:30:45.
[ 14:30:45 | ░░░░░░░░░░ |   2% ] q-point  1 / 64 · ETA 0 s
[ 14:30:45 | █░░░░░░░░░ |   6% ] q-point  4 / 64 · ETA 0 s
[ 14:30:45 | █░░░░░░░░░ |  12% ] q-point  8 / 64 · ETA 2 s
[ 14:30:45 | ██░░░░░░░░ |  17% ] q-point 11 / 64 · ETA 3 s
[ 14:30:46 | ██░░░░░░░░ |  22% ] q-point 14 / 64 · ETA 3 s
[ 14:30:46 | ███░░░░░░░ |  28% ] q-point 18 / 64 · ETA 3 s
[ 14:30:46 | ███░░░░░░░ |  33% ] q-point 21 / 64 · ETA 3 s
[ 14:30:46 | ████░░░░░░ |  38% ] q-point 24 / 64 · ETA 2 s
[ 14:30:47 | ████░░░░░░ |  44% ] q-point 28 / 64 · ETA 2 s
[ 14:30:47 | █████░░░░░ |  48% ] q-point 31 / 64 · ETA 2 s
[ 14:30:47 | █████░░░░░ |  53% ] q-point 34 / 64 · ETA 2 s
[ 14:30:47 | ██████░░░░ |  58% ] q-point 37 / 64 · ETA 2 s
[ 14:30:48 | ██████░░░░ |  64% ] q-point 41 / 64 · ETA 2 s
[ 14:30:48 | ███████░░░ |  69% ] q-point 44 / 64 · ETA 1 s
[ 14:30:48 | ███████░░░ |  73% ] q-point 47 / 64 · ETA 1 s
[ 14:30:48 | ████████░░ |  80% ] q-point 51 / 64 · ETA 1 s
[ 14:30:49 | ████████░░ |  84% ] q-point 54 / 64 · ETA 1 s
[ 14:30:49 | █████████░ |  89% ] q-point 57 / 64 · ETA 1 s
[ 14:30:49 | ██████████ |  95% ] q-point 61 / 64 · ETA 0 s
[ 14:30:49 | ██████████ | 100% ] q-point 64 / 64 · ETA 0 s
Finished V_q computation at 14:30:49.  Elapsed: 5 s.

  V_q computed:
    Shape: (1, 1, 1, 4, 4, 4, 480, 480)
    V_q=0 trace: 6697418.5271
  [SlabIO.close] draining 3 pending writes for isdf_tensors_480.h5 …
  [SlabIO.close] Python dispatch drained in 0.8 s; joining writer thread
  [SlabIO.close] writer thread joined in 0.0 s; calling H5Fclose collectively
  [SlabIO.close] H5Fclose returned in 0.3 s
  Wavefunctions built (b0:b4=60 bands, 4 sharded copies: xn/xr/yr/yn)
  [SlabIO.close] draining 1 pending writes for isdf_tensors_480.h5 …
  [SlabIO.close] Python dispatch drained in 0.3 s; joining writer thread
  [SlabIO.close] writer thread joined in 0.0 s; calling H5Fclose collectively
  [SlabIO.close] H5Fclose returned in 0.0 s
  Chunked ISDF path complete
  Minimax static window: x=[4.973384e-02, 3.704181e+00] Ry, R=74.48, nodes=10, fit_err~6.434e-06
[nid001221:0:2347340 - context.c:308][2026-04-24 14:30:55] ERROR Failed to parse ib device list: 
[nid001221:1:2347341 - context.c:308][2026-04-24 14:30:55] ERROR Failed to parse ib device list: 
[nid001221:2:2347343 - context.c:308][2026-04-24 14:30:55] ERROR Failed to parse ib device list: 
[nid001221:3:2347345 - context.c:308][2026-04-24 14:30:55] ERROR Failed to parse ib device list: 
[nid001221:0:2347340 - context.c:308][2026-04-24 14:30:55] ERROR Failed to parse ib device list: 
[nid001221:1:2347341 - context.c:308][2026-04-24 14:30:55] ERROR Failed to parse ib device list: 
[nid001221:2:2347343 - context.c:308][2026-04-24 14:30:55] ERROR Failed to parse ib device list: 
[nid001221:3:2347345 - context.c:308][2026-04-24 14:30:55] ERROR Failed to parse ib device list: 
NVSHMEM v3.2.5
/dvs/p4/build/sw/rel/gpgpu/toolkit/r12.8/main_nvshmem/src/host/init/init.cu:995: non-zero status: 27 nvshmem detect topo failed 

/dvs/p4/build/sw/rel/gpgpu/toolkit/r12.8/main_nvshmem/src/host/init/init.cu:995: non-zero status: 27 nvshmem detect topo failed 

/dvs/p4/build/sw/rel/gpgpu/toolkit/r12.8/main_nvshmem/src/host/init/init.cu:995: non-zero status: 27 nvshmem detect topo failed 

/dvs/p4/build/sw/rel/gpgpu/toolkit/r12.8/main_nvshmem/src/host/init/init.cu:995: non-zero status: 27 nvshmem detect topo failed 

  |χ(0)|_max = 5.920685e-05  (minimax, 10 nodes)
  [SlabIO.close] draining 1 pending writes for isdf_tensors_480.h5 …
  [SlabIO.close] Python dispatch drained in 1.1 s; joining writer thread
  [SlabIO.close] writer thread joined in 0.0 s; calling H5Fclose collectively
  [SlabIO.close] H5Fclose returned in 0.0 s

------------------------------------------------------------------------
  FINITE-SIZE CORRECTIONS
------------------------------------------------------------------------
  Head source: override
  v(q→0)  =     3303.748 a.u.  (bare Coulomb head)
  W(q→0)  =      150.339 a.u.  (screened Coulomb head)
  ΔW      =    -3153.409 a.u.  (screening correction)

------------------------------------------------------------------------
  STATIC HEAD TERMS (exact COHSEX / BGW-style)
------------------------------------------------------------------------
  Head source: override
  v_h(q→0)           =  3303.748102 a.u.
  W_h(q→0, ω=0)      =   150.338778 a.u.
  W_h^c              = -3153.409324 a.u.
  Σ^X head (occ)     = -1.911133e-01 Ry
  Σ^SX head (occ)    = -8.696709e-03 Ry
  Σ^(SX-X) head(occ) = 1.824166e-01 Ry
  Σ^COH head (all)   = -9.120828e-02 Ry
  Bare Σ_X diagonal (eV), k=0: -17.4117  -17.4117  -12.9093  -12.9093  -12.8833  -12.8839  -12.8837  -12.8830

------------------------------------------------------------------------
  GN-PPM + FREQUENCY-INTEGRATED SIGMA
------------------------------------------------------------------------
  PPM imag-freq quadrature (ωp=2.0000 Ry): R=74.5, nodes=6, err~8.0e-06
  GN-PPM fit: 0.76s, ωp=2.0000 Ry, unfulfilled=1.02%
  [pf] profiling hooks unavailable: [Errno 2] No such file or directory: 'profile/memprof/sigma_ppm_pre.prof'
  Σc(ω) grid: -10.000..10.000 eV, Nω=81, Δω=0.250 eV, ξ=0.250 eV
  GN invalid modes: 150456/14745600 (1.02%)
    ω≥E_F cond window "core" (crossing): 103 nodes, err<1e-06, E_A=[0.0249, 0.7527] Ry, project=imag
    ω≥E_F cond window "a_stripe" (Laplace): 10 nodes, err<1e-06, E_A=[0.7827, 2.7977] Ry, project=full
    ω≥E_F cond window "b_slab" (Laplace): 13 nodes, err<1e-06, E_A=[0.0249, 2.7977] Ry, project=full
Started sigma[ω≥E_F cond] at 14:31:03.
[ 14:31:03 | ░░░░░░░░░░ |   1% ] tau node   1 / 126 · ETA 0 s
[ 14:31:03 | █░░░░░░░░░ |  12% ] tau node  15 / 126 · ETA 4 s
[ 14:31:04 | ██░░░░░░░░ |  23% ] tau node  29 / 126 · ETA 3 s
[ 14:31:04 | ███░░░░░░░ |  34% ] tau node  43 / 126 · ETA 2 s
[ 14:31:04 | █████░░░░░ |  45% ] tau node  57 / 126 · ETA 2 s
[ 14:31:05 | ██████░░░░ |  56% ] tau node  70 / 126 · ETA 1 s
[ 14:31:05 | ███████░░░ |  67% ] tau node  84 / 126 · ETA 1 s
[ 14:31:05 | ████████░░ |  78% ] tau node  98 / 126 · ETA 1 s
[ 14:31:05 | █████████░ |  89% ] tau node 112 / 126 · ETA 0 s
[ 14:31:06 | ██████████ | 100% ] tau node 126 / 126 · ETA 0 s
Finished sigma[ω≥E_F cond] at 14:31:06.  Elapsed: 3 s.
    ω≥E_F val window "single" (Laplace): 14 nodes, err<1e-06, E_A=[0.0249, 0.9064] Ry, project=full
Started sigma[ω≥E_F val] at 14:31:06.
[ 14:31:06 | █░░░░░░░░░ |   7% ] tau node  1 / 14 · ETA 0 s
[ 14:31:06 | █░░░░░░░░░ |  14% ] tau node  2 / 14 · ETA 0 s
[ 14:31:06 | ███░░░░░░░ |  29% ] tau node  4 / 14 · ETA 0 s
[ 14:31:06 | ████░░░░░░ |  36% ] tau node  5 / 14 · ETA 0 s
[ 14:31:06 | █████░░░░░ |  50% ] tau node  7 / 14 · ETA 0 s
[ 14:31:06 | ██████░░░░ |  57% ] tau node  8 / 14 · ETA 0 s
[ 14:31:06 | ███████░░░ |  71% ] tau node 10 / 14 · ETA 0 s
[ 14:31:06 | ████████░░ |  79% ] tau node 11 / 14 · ETA 0 s
[ 14:31:06 | █████████░ |  93% ] tau node 13 / 14 · ETA 0 s
[ 14:31:06 | ██████████ | 100% ] tau node 14 / 14 · ETA 0 s
Finished sigma[ω≥E_F val] at 14:31:06.  Elapsed: 0 s.
    ω<E_F cond window "single" (Laplace): 14 nodes, err<1e-06, E_A=[0.0249, 2.7977] Ry, project=full
Started sigma[ω<E_F cond] at 14:31:06.
[ 14:31:06 | █░░░░░░░░░ |   7% ] tau node  1 / 14 · ETA 0 s
[ 14:31:07 | █░░░░░░░░░ |  14% ] tau node  2 / 14 · ETA 1 s
[ 14:31:07 | ███░░░░░░░ |  29% ] tau node  4 / 14 · ETA 1 s
[ 14:31:07 | ████░░░░░░ |  36% ] tau node  5 / 14 · ETA 1 s
[ 14:31:07 | █████░░░░░ |  50% ] tau node  7 / 14 · ETA 0 s
[ 14:31:07 | ██████░░░░ |  57% ] tau node  8 / 14 · ETA 0 s
[ 14:31:07 | ███████░░░ |  71% ] tau node 10 / 14 · ETA 0 s
[ 14:31:07 | ████████░░ |  79% ] tau node 11 / 14 · ETA 0 s
[ 14:31:07 | █████████░ |  93% ] tau node 13 / 14 · ETA 0 s
[ 14:31:07 | ██████████ | 100% ] tau node 14 / 14 · ETA 0 s
Finished sigma[ω<E_F cond] at 14:31:07.  Elapsed: 0 s.
    ω<E_F val window "core" (crossing): 103 nodes, err<1e-06, E_A=[0.0249, 0.7561] Ry, project=imag
    ω<E_F val window "a_stripe" (Laplace): 8 nodes, err<1e-06, E_A=[0.8269, 0.9064] Ry, project=full
    ω<E_F val window "b_slab" (Laplace): 13 nodes, err<1e-06, E_A=[0.0249, 0.9064] Ry, project=full
Started sigma[ω<E_F val] at 14:31:07.
[ 14:31:07 | ░░░░░░░░░░ |   1% ] tau node   1 / 124 · ETA 0 s
[ 14:31:07 | █░░░░░░░░░ |  12% ] tau node  15 / 124 · ETA 2 s
[ 14:31:08 | ██░░░░░░░░ |  23% ] tau node  28 / 124 · ETA 2 s
[ 14:31:08 | ███░░░░░░░ |  34% ] tau node  42 / 124 · ETA 1 s
[ 14:31:08 | █████░░░░░ |  45% ] tau node  56 / 124 · ETA 1 s
[ 14:31:08 | ██████░░░░ |  56% ] tau node  69 / 124 · ETA 1 s
[ 14:31:09 | ███████░░░ |  67% ] tau node  83 / 124 · ETA 1 s
[ 14:31:09 | ████████░░ |  78% ] tau node  97 / 124 · ETA 1 s
[ 14:31:09 | █████████░ |  89% ] tau node 110 / 124 · ETA 0 s
[ 14:31:10 | ██████████ | 100% ] tau node 124 / 124 · ETA 0 s
Finished sigma[ω<E_F val] at 14:31:10.  Elapsed: 2 s.
  E_F(midgap) = 6.635312 eV  (VBM=6.296980, CBM=6.973644)
/global/u2/j/jackm/software/lorrax_A/src/file_io/_slab_io_ffi.py:239: UserWarning: FFI backend: chunks/attrs on create_dataset currently no-op; pre-create with h5py if you need explicit chunking or attrs.
  warnings.warn(
/global/u2/j/jackm/software/lorrax_A/src/file_io/_slab_io_ffi.py:239: UserWarning: FFI backend: chunks/attrs on create_dataset currently no-op; pre-create with h5py if you need explicit chunking or attrs.
  warnings.warn(
/global/u2/j/jackm/software/lorrax_A/src/file_io/_slab_io_ffi.py:239: UserWarning: FFI backend: chunks/attrs on create_dataset currently no-op; pre-create with h5py if you need explicit chunking or attrs.
  warnings.warn(
/global/u2/j/jackm/software/lorrax_A/src/file_io/_slab_io_ffi.py:239: UserWarning: FFI backend: chunks/attrs on create_dataset currently no-op; pre-create with h5py if you need explicit chunking or attrs.
  warnings.warn(
  [SlabIO.close] draining 3 pending writes for sigma_mnk_ppm.h5 …
  [SlabIO.close] Python dispatch drained in 0.6 s; joining writer thread
  [SlabIO.close] writer thread joined in 0.0 s; calling H5Fclose collectively
  [SlabIO.close] H5Fclose returned in 0.9 s
  Diagonal SC: 1144/3840 states in grid, 20 iterations
  QSGW: 2822 clipped (73.5%)
  G0W0 diag (E_DFT):     /pscratch/sd/j/jackm/lorrax_sandbox/runs/Si/04_si_4x4x4_bse/01_lorrax_bse_vcoul/eqp_g0w0.dat

  Output: /pscratch/sd/j/jackm/lorrax_sandbox/runs/Si/04_si_4x4x4_bse/01_lorrax_bse_vcoul/eqp0_ppm_headovr.dat
  Sigma(ω): /pscratch/sd/j/jackm/lorrax_sandbox/runs/Si/04_si_4x4x4_bse/01_lorrax_bse_vcoul/sigma_mnk_ppm.h5
  Restart:  /pscratch/sd/j/jackm/lorrax_sandbox/runs/Si/04_si_4x4x4_bse/01_lorrax_bse_vcoul/tmp/isdf_tensors_480.h5

--- Timing ---
Total recorded: 35.384 s
Section                                            Count    Total[s]     Self[s]      %
gw_jax.load_centroid_wfns                              1       2.186       2.050    6.2
  load_wfns.precompute_owned                           1       0.000       0.000    0.0
  load_wfns.k_loop                                     1       0.024       0.024    0.1
  load_wfns.scatter                                    1       0.038       0.038    0.1
  load_wfns.make_global_array                          1       0.074       0.074    0.2
gw_jax.zeta_fit_chunked                                1       9.450       0.084   26.7
  zeta_fit.slice_halves                                1       0.056       0.056    0.2
  zeta_fit.CCT                                         1       0.414       0.414    1.2
  zeta_fit.cholesky                                    1       1.370       1.370    3.9
  zeta_fit.gc_pre_chunk_loop                           1       0.053       0.053    0.1
  zeta_fit.open_file                                   1       0.157       0.157    0.4
  zeta_fit.cache_gspace                                1       0.064       0.000    0.2
    load_wfns.precompute_owned                         1       0.000       0.000    0.0
    load_wfns.k_loop                                   1       0.024       0.024    0.1
    load_wfns.scatter                                  1       0.038       0.038    0.1
    load_wfns.make_global_array                        1       0.001       0.001    0.0
  zeta_fit.chunk_loop                                  1       1.216       0.000    3.4
    zeta_fit.chunk.fit_one_rchunk                      1       1.185       1.185    3.3
    zeta_fit.chunk.h5_write                            1       0.031       0.031    0.1
  zeta_fit.close_io                                    1       6.034       6.034   17.1
  zeta_fit.sync_global                                 1       0.002       0.002    0.0
gw_jax.V_q_compute                                     1       6.669       1.704   18.8
  compute_all_V_q                                      1       4.966       4.966   14.0
gw_jax.wavefunction_setup                              1       0.054       0.054    0.2
gw_jax.chi0_W                                          1       3.013       3.013    8.5
gw_jax.sigma                                           1       1.641       1.641    4.6
gw_jax.ppm_sigma                                       1      12.370       3.920   35.0
  sigma_ppm_body                                       1       8.451       8.451   23.9
