BSE problem: 4 cond x 4 val x 64 k = 1024 dimension
Lanczos: 200 iterations
BSE problem: 4 cond x 4 val x 64 k = 1024 dimension
Lanczos: 200 iterations
BSE problem: 4 cond x 4 val x 64 k = 1024 dimension
Lanczos: 200 iterations
BSE problem: 4 cond x 4 val x 64 k = 1024 dimension
Lanczos: 200 iterations
Lowest 20 eigenvalues (Ry): [0.18174478 0.18202895 0.18212157 0.1822729  0.18244214 0.18251931
 0.18274741 0.18290105 0.18301987 0.18401978 0.18457945 0.18473772
 0.18491035 0.18521059 0.18539948 0.18588654 0.18611969 0.19336817
 0.19381551 0.19425263]
Lowest 20 eigenvalues (Ry): [0.18174478 0.18202895 0.18212157 0.1822729  0.18244214 0.18251931
 0.18274741 0.18290105 0.18301987 0.18401978 0.18457945 0.18473772
 0.18491035 0.18521059 0.18539948 0.18588654 0.18611969 0.19336817
 0.19381551 0.19425263]
Lowest 20 eigenvalues (Ry): [0.18174478 0.18202895 0.18212157 0.1822729  0.18244214 0.18251931
 0.18274741 0.18290105 0.18301987 0.18401978 0.18457945 0.18473772
 0.18491035 0.18521059 0.18539948 0.18588654 0.18611969 0.19336817
 0.19381551 0.19425263]
Lowest 20 eigenvalues (eV): [2.47276459 2.47663089 2.47789106 2.47994998 2.48225262 2.4833026
 2.48640602 2.48849653 2.49011315 2.50371757 2.51133224 2.51348569
 2.51583435 2.51991935 2.52248932 2.52911609 2.53228831 2.630909
 2.63699527 2.64294264]
Lowest 20 eigenvalues (eV): [2.47276459 2.47663089 2.47789106 2.47994998 2.48225262 2.4833026
 2.48640602 2.48849653 2.49011315 2.50371757 2.51133224 2.51348569
 2.51583435 2.51991935 2.52248932 2.52911609 2.53228831 2.630909
 2.63699527 2.64294264]
Lowest 20 eigenvalues (eV): [2.47276459 2.47663089 2.47789106 2.47994998 2.48225262 2.4833026
 2.48640602 2.48849653 2.49011315 2.50371757 2.51133224 2.51348569
 2.51583435 2.51991935 2.52248932 2.52911609 2.53228831 2.630909
 2.63699527 2.64294264]
Lowest 20 eigenvalues (Ry): [0.18174478 0.18202895 0.18212157 0.1822729  0.18244214 0.18251931
 0.18274741 0.18290105 0.18301987 0.18401978 0.18457945 0.18473772
 0.18491035 0.18521059 0.18539948 0.18588654 0.18611969 0.19336817
 0.19381551 0.19425263]
Lowest 20 eigenvalues (eV): [2.47276459 2.47663089 2.47789106 2.47994998 2.48225262 2.4833026
 2.48640602 2.48849653 2.49011315 2.50371757 2.51133224 2.51348569
 2.51583435 2.51991935 2.52248932 2.52911609 2.53228831 2.630909
 2.63699527 2.64294264]
