[lxrun] JID 52499921 · 4 nodes · 3:35:53 left · 4/4 free · incoming: lx-B
  1  nid008345  free   —              —      —  ← starting lx-B  python3 -u -m gw.gw_jax 
  2  nid008489  free   —              —      —  ← starting lx-B  python3 -u -m gw.gw_jax 
  3  nid008657  free   —              —      —  ← starting lx-B  python3 -u -m gw.gw_jax 
  4  nid008672  free   —              —      —  ← starting lx-B  python3 -u -m gw.gw_jax 

========================================================================
  COHSEX-JAX: Self-Energy Calculation
========================================================================
  Backend: GPU       Devices: 16  Mesh: 4×4  Processes: 16
  Device type: NVIDIA A100-SXM4-80GB
  XLA preallocate: false  mem_fraction: unset
========================================================================

  ISDF basis: 1800 centroids
  FFT grid: 75×75×200   Cell volume: 4960.60 a.u.³

    Memory estimate: peak 28.87 GB (budget 45.00 GB), bottleneck=fft
    Per-stage: fft=28.07  zct=14.50  reshard=14.50  solve=10.37  gather=9.58 GB
    AOT fit_one_rchunk peak (driver-level): 21.62 GB

  Chunked ISDF fitting:
    Band chunks: 16
    R chunks:    70000 (contiguous r-space)
    Q chunks:    36
    Zeta output: /pscratch/sd/j/jackm/lorrax_sandbox/runs/CrI3/B_nonbisp_baseline/tmp/zeta_q.h5

  Zeta fitting: 17 r-chunks x 70000 r-points, 192 bands (180 left + 192 right)
  Output: /pscratch/sd/j/jackm/lorrax_sandbox/runs/CrI3/B_nonbisp_baseline/tmp/zeta_q.h5
  Left wfns:  (36, 180, 4, 1800)
  Right wfns: (36, 192, 4, 1800)
  Pseudobands normalization: 0 weighted, 0 zero-weight (skipped)
  Computing pair densities P_l, P_r (spin_traced)
/opt/jax/jax/_src/interpreters/mlir.py:1178: UserWarning: Some donated buffers were not usable: ShapedArray(complex128[36,450,450]).
See an explanation at https://jax.readthedocs.io/en/latest/faq.html#buffer-donation.
  warnings.warn("Some donated buffers were not usable:"
  Computing L_q = chol(C_q)
/opt/jax/jax/_src/interpreters/mlir.py:1178: UserWarning: Some donated buffers were not usable: ShapedArray(complex128[36,450,450]).
See an explanation at https://jax.readthedocs.io/en/latest/faq.html#buffer-donation.
  warnings.warn("Some donated buffers were not usable:"
/opt/jax/jax/_src/interpreters/mlir.py:1178: UserWarning: Some donated buffers were not usable: ShapedArray(complex128[36,450,450]).
See an explanation at https://jax.readthedocs.io/en/latest/faq.html#buffer-donation.
  warnings.warn("Some donated buffers were not usable:"
/opt/jax/jax/_src/interpreters/mlir.py:1178: UserWarning: Some donated buffers were not usable: ShapedArray(complex128[36,450,450]).
See an explanation at https://jax.readthedocs.io/en/latest/faq.html#buffer-donation.
  warnings.warn("Some donated buffers were not usable:"
/opt/jax/jax/_src/interpreters/mlir.py:1178: UserWarning: Some donated buffers were not usable: ShapedArray(complex128[36,450,450]).
See an explanation at https://jax.readthedocs.io/en/latest/faq.html#buffer-donation.
  warnings.warn("Some donated buffers were not usable:"
/opt/jax/jax/_src/interpreters/mlir.py:1178: UserWarning: Some donated buffers were not usable: ShapedArray(complex128[36,450,450]).
See an explanation at https://jax.readthedocs.io/en/latest/faq.html#buffer-donation.
  warnings.warn("Some donated buffers were not usable:"
/opt/jax/jax/_src/interpreters/mlir.py:1178: UserWarning: Some donated buffers were not usable: ShapedArray(complex128[36,450,450]).
See an explanation at https://jax.readthedocs.io/en/latest/faq.html#buffer-donation.
  warnings.warn("Some donated buffers were not usable:"
/opt/jax/jax/_src/interpreters/mlir.py:1178: UserWarning: Some donated buffers were not usable: ShapedArray(complex128[36,450,450]).
See an explanation at https://jax.readthedocs.io/en/latest/faq.html#buffer-donation.
  warnings.warn("Some donated buffers were not usable:"
/opt/jax/jax/_src/interpreters/mlir.py:1178: UserWarning: Some donated buffers were not usable: ShapedArray(complex128[36,450,450]).
See an explanation at https://jax.readthedocs.io/en/latest/faq.html#buffer-donation.
  warnings.warn("Some donated buffers were not usable:"
/opt/jax/jax/_src/interpreters/mlir.py:1178: UserWarning: Some donated buffers were not usable: ShapedArray(complex128[36,450,450]).
See an explanation at https://jax.readthedocs.io/en/latest/faq.html#buffer-donation.
  warnings.warn("Some donated buffers were not usable:"
/opt/jax/jax/_src/interpreters/mlir.py:1178: UserWarning: Some donated buffers were not usable: ShapedArray(complex128[36,450,450]).
See an explanation at https://jax.readthedocs.io/en/latest/faq.html#buffer-donation.
  warnings.warn("Some donated buffers were not usable:"
/opt/jax/jax/_src/interpreters/mlir.py:1178: UserWarning: Some donated buffers were not usable: ShapedArray(complex128[36,450,450]).
See an explanation at https://jax.readthedocs.io/en/latest/faq.html#buffer-donation.
  warnings.warn("Some donated buffers were not usable:"
/opt/jax/jax/_src/interpreters/mlir.py:1178: UserWarning: Some donated buffers were not usable: ShapedArray(complex128[36,450,450]).
See an explanation at https://jax.readthedocs.io/en/latest/faq.html#buffer-donation.
  warnings.warn("Some donated buffers were not usable:"
/opt/jax/jax/_src/interpreters/mlir.py:1178: UserWarning: Some donated buffers were not usable: ShapedArray(complex128[36,450,450]).
See an explanation at https://jax.readthedocs.io/en/latest/faq.html#buffer-donation.
  warnings.warn("Some donated buffers were not usable:"
/opt/jax/jax/_src/interpreters/mlir.py:1178: UserWarning: Some donated buffers were not usable: ShapedArray(complex128[36,450,450]).
See an explanation at https://jax.readthedocs.io/en/latest/faq.html#buffer-donation.
  warnings.warn("Some donated buffers were not usable:"
/opt/jax/jax/_src/interpreters/mlir.py:1178: UserWarning: Some donated buffers were not usable: ShapedArray(complex128[36,450,450]).
See an explanation at https://jax.readthedocs.io/en/latest/faq.html#buffer-donation.
  warnings.warn("Some donated buffers were not usable:"
  L_q: (36, 1800, 1800)
/global/homes/j/jackm/software/lorrax_B/src/file_io/_slab_io_ffi.py:239: UserWarning: FFI backend: chunks/attrs on create_dataset currently no-op; pre-create with h5py if you need explicit chunking or attrs.
  warnings.warn(
/global/homes/j/jackm/software/lorrax_B/src/file_io/_slab_io_ffi.py:239: UserWarning: FFI backend: chunks/attrs on create_dataset currently no-op; pre-create with h5py if you need explicit chunking or attrs.
  warnings.warn(
/global/homes/j/jackm/software/lorrax_B/src/file_io/_slab_io_ffi.py:239: UserWarning: FFI backend: chunks/attrs on create_dataset currently no-op; pre-create with h5py if you need explicit chunking or attrs.
  warnings.warn(
/global/homes/j/jackm/software/lorrax_B/src/file_io/_slab_io_ffi.py:239: UserWarning: FFI backend: chunks/attrs on create_dataset currently no-op; pre-create with h5py if you need explicit chunking or attrs.
  warnings.warn(
/global/homes/j/jackm/software/lorrax_B/src/file_io/_slab_io_ffi.py:239: UserWarning: FFI backend: chunks/attrs on create_dataset currently no-op; pre-create with h5py if you need explicit chunking or attrs.
  warnings.warn(
/global/homes/j/jackm/software/lorrax_B/src/file_io/_slab_io_ffi.py:239: UserWarning: FFI backend: chunks/attrs on create_dataset currently no-op; pre-create with h5py if you need explicit chunking or attrs.
  warnings.warn(
/global/homes/j/jackm/software/lorrax_B/src/file_io/_slab_io_ffi.py:239: UserWarning: FFI backend: chunks/attrs on create_dataset currently no-op; pre-create with h5py if you need explicit chunking or attrs.
  warnings.warn(
/global/homes/j/jackm/software/lorrax_B/src/file_io/_slab_io_ffi.py:239: UserWarning: FFI backend: chunks/attrs on create_dataset currently no-op; pre-create with h5py if you need explicit chunking or attrs.
  warnings.warn(
/global/homes/j/jackm/software/lorrax_B/src/file_io/_slab_io_ffi.py:239: UserWarning: FFI backend: chunks/attrs on create_dataset currently no-op; pre-create with h5py if you need explicit chunking or attrs.
  warnings.warn(
/global/homes/j/jackm/software/lorrax_B/src/file_io/_slab_io_ffi.py:239: UserWarning: FFI backend: chunks/attrs on create_dataset currently no-op; pre-create with h5py if you need explicit chunking or attrs.
  warnings.warn(
/global/homes/j/jackm/software/lorrax_B/src/file_io/_slab_io_ffi.py:239: UserWarning: FFI backend: chunks/attrs on create_dataset currently no-op; pre-create with h5py if you need explicit chunking or attrs.
  warnings.warn(
/global/homes/j/jackm/software/lorrax_B/src/file_io/_slab_io_ffi.py:239: UserWarning: FFI backend: chunks/attrs on create_dataset currently no-op; pre-create with h5py if you need explicit chunking or attrs.
  warnings.warn(
/global/homes/j/jackm/software/lorrax_B/src/file_io/_slab_io_ffi.py:239: UserWarning: FFI backend: chunks/attrs on create_dataset currently no-op; pre-create with h5py if you need explicit chunking or attrs.
  warnings.warn(
/global/homes/j/jackm/software/lorrax_B/src/file_io/_slab_io_ffi.py:239: UserWarning: FFI backend: chunks/attrs on create_dataset currently no-op; pre-create with h5py if you need explicit chunking or attrs.
  warnings.warn(
/global/homes/j/jackm/software/lorrax_B/src/file_io/_slab_io_ffi.py:239: UserWarning: FFI backend: chunks/attrs on create_dataset currently no-op; pre-create with h5py if you need explicit chunking or attrs.
  warnings.warn(
/global/homes/j/jackm/software/lorrax_B/src/file_io/_slab_io_ffi.py:239: UserWarning: FFI backend: chunks/attrs on create_dataset currently no-op; pre-create with h5py if you need explicit chunking or attrs.
  warnings.warn(
[2026-05-05T21:48:16.884] error: Detected 1 oom_kill event in StepId=52499921.3. Some of the step tasks have been OOM Killed.
srun: error: nid008657: task 8: Out Of Memory
srun: Terminating StepId=52499921.3
[2026-05-05T21:48:19.328] error: *** STEP 52499921.3 ON nid008345 CANCELLED AT 2026-05-05T21:48:19 DUE TO TASK FAILURE ***
2026-05-05 14:48:19.430357: W external/xla/xla/tsl/distributed_runtime/preemption/preemption_notifier.cc:89] SIGTERM caught at 2026-05-05T14:48:19.359262047-07:00
2026-05-05 14:48:19.644189: W external/xla/xla/tsl/distributed_runtime/preemption/preemption_notifier.cc:89] SIGTERM caught at 2026-05-05T14:48:19.385547468-07:00
2026-05-05 14:48:19.918431: W external/xla/xla/tsl/distributed_runtime/preemption/preemption_notifier.cc:89] SIGTERM caught at 2026-05-05T14:48:19.918385137-07:00
2026-05-05 14:48:19.918572: W external/xla/xla/tsl/distributed_runtime/preemption/preemption_notifier.cc:89] SIGTERM caught at 2026-05-05T14:48:19.918511584-07:00
2026-05-05 14:48:19.919055: W external/xla/xla/tsl/distributed_runtime/preemption/preemption_notifier.cc:89] SIGTERM caught at 2026-05-05T14:48:19.919023459-07:00
2026-05-05 14:48:19.919363: W external/xla/xla/tsl/distributed_runtime/preemption/preemption_notifier.cc:89] SIGTERM caught at 2026-05-05T14:48:19.91932989-07:00
2026-05-05 14:48:19.919773: W external/xla/xla/tsl/distributed_runtime/preemption/preemption_notifier.cc:89] SIGTERM caught at 2026-05-05T14:48:19.919741912-07:00
2026-05-05 14:48:19.920115: W external/xla/xla/tsl/distributed_runtime/preemption/preemption_notifier.cc:89] SIGTERM caught at 2026-05-05T14:48:19.920076491-07:00
2026-05-05 14:48:19.921750: W external/xla/xla/tsl/distributed_runtime/preemption/preemption_notifier.cc:89] SIGTERM caught at 2026-05-05T14:48:19.921679822-07:00
2026-05-05 14:48:19.922097: W external/xla/xla/tsl/distributed_runtime/preemption/preemption_notifier.cc:89] SIGTERM caught at 2026-05-05T14:48:19.922065927-07:00
2026-05-05 14:48:19.921038: W external/xla/xla/tsl/distributed_runtime/preemption/preemption_notifier.cc:89] SIGTERM caught at 2026-05-05T14:48:19.921001193-07:00
2026-05-05 14:48:19.919857: W external/xla/xla/tsl/distributed_runtime/preemption/preemption_notifier.cc:89] SIGTERM caught at 2026-05-05T14:48:19.919815324-07:00
2026-05-05 14:48:19.919985: W external/xla/xla/tsl/distributed_runtime/preemption/preemption_notifier.cc:89] SIGTERM caught at 2026-05-05T14:48:19.919945576-07:00
2026-05-05 14:48:19.920303: W external/xla/xla/tsl/distributed_runtime/preemption/preemption_notifier.cc:89] SIGTERM caught at 2026-05-05T14:48:19.920239755-07:00
2026-05-05 14:48:20.264006: W external/xla/xla/tsl/distributed_runtime/preemption/preemption_notifier.cc:89] SIGTERM caught at 2026-05-05T14:48:20.263925551-07:00
2026-05-05 14:48:21.107075: W external/xla/xla/hlo/transforms/simplifiers/hlo_rematerialization.cc:3021] Can't reduce memory use below 32.71GiB (35123267747 bytes) by rematerialization; only reduced to 43.45GiB (46656000000 bytes), down from 43.45GiB (46656000000 bytes) originally
2026-05-05 14:48:21.107529: W external/xla/xla/hlo/transforms/simplifiers/hlo_rematerialization.cc:3021] Can't reduce memory use below 32.71GiB (35123267747 bytes) by rematerialization; only reduced to 43.45GiB (46656000000 bytes), down from 43.45GiB (46656000000 bytes) originally
2026-05-05 14:48:22.823963: W external/xla/xla/hlo/transforms/simplifiers/hlo_rematerialization.cc:3021] Can't reduce memory use below 32.71GiB (35123267747 bytes) by rematerialization; only reduced to 43.45GiB (46656000000 bytes), down from 43.45GiB (46656000000 bytes) originally
[2026-05-05T21:48:45.651] error: Detected 1 oom_kill event in StepId=52499921.3. Some of the step tasks have been OOM Killed.
srun: error: nid008345: task 0: Killed
srun: error: nid008489: tasks 5-6: Killed
srun: error: nid008345: tasks 1,3: Killed
srun: error: nid008489: task 4: Killed
srun: error: nid008345: task 2: Killed
srun: error: nid008489: task 7: Killed
srun: Force Terminated StepId=52499921.3
