[lxrun] JID 52502231 · 4 nodes · 2:26:58 left · 4/4 free · incoming: lx-B
  1  nid008452  free   —              —      —  ← starting lx-B  python3 -u -m gw.gw_jax 
  2  nid008469  free   —              —      —  ← starting lx-B  python3 -u -m gw.gw_jax 
  3  nid008472  free   —              —      —  ← starting lx-B  python3 -u -m gw.gw_jax 
  4  nid008473  free   —              —      —  ← starting lx-B  python3 -u -m gw.gw_jax 
srun: Step created for StepId=52502231.7

========================================================================
  COHSEX-JAX: Self-Energy Calculation
========================================================================
  Backend: GPU       Devices: 16  Mesh: 4×4  Processes: 16
  Device type: NVIDIA A100-SXM4-80GB
  XLA preallocate: false  mem_fraction: unset
========================================================================

  ISDF basis: 1500 centroids
  FFT grid: 75×75×200   Cell volume: 4960.60 a.u.³

    K-point chunking: 32 k-pts per FFT batch (total 36)
  K-point chunking: 3 chunks of 13 (total 36 k-points)
  K-point chunking: 3 chunks of 13 (total 36 k-points)
    Memory estimate: peak 58.19 GB (budget 70.00 GB), bottleneck=fft
    Per-stage: fft=57.39  zct=11.96  reshard=11.96  solve=8.50  gather=7.86 GB
    AOT fit_one_rchunk peak (driver-level): 17.53 GB

  Chunked ISDF fitting:
    Band chunks: 64
    R chunks:    70000 (contiguous r-space)
    Q chunks:    36
    Zeta output: /pscratch/sd/j/jackm/lorrax_sandbox/runs/CrI3/B_nonbisp_baseline/tmp/zeta_q.h5

  Zeta fitting: 17 r-chunks x 70000 r-points, 160 bands (150 left + 160 right)
  Output: /pscratch/sd/j/jackm/lorrax_sandbox/runs/CrI3/B_nonbisp_baseline/tmp/zeta_q.h5
  Left wfns:  (36, 150, 4, 1500)
  Right wfns: (36, 160, 4, 1500)
  Pseudobands normalization: 0 weighted, 0 zero-weight (skipped)
  Computing pair densities P_l, P_r (spin_traced)
/opt/jax/jax/_src/interpreters/mlir.py:1178: UserWarning: Some donated buffers were not usable: ShapedArray(complex128[36,375,375]).
See an explanation at https://jax.readthedocs.io/en/latest/faq.html#buffer-donation.
  warnings.warn("Some donated buffers were not usable:"
  Computing L_q = chol(C_q)
/opt/jax/jax/_src/interpreters/mlir.py:1178: UserWarning: Some donated buffers were not usable: ShapedArray(complex128[36,375,375]).
See an explanation at https://jax.readthedocs.io/en/latest/faq.html#buffer-donation.
  warnings.warn("Some donated buffers were not usable:"
/opt/jax/jax/_src/interpreters/mlir.py:1178: UserWarning: Some donated buffers were not usable: ShapedArray(complex128[36,375,375]).
See an explanation at https://jax.readthedocs.io/en/latest/faq.html#buffer-donation.
  warnings.warn("Some donated buffers were not usable:"
/opt/jax/jax/_src/interpreters/mlir.py:1178: UserWarning: Some donated buffers were not usable: ShapedArray(complex128[36,375,375]).
See an explanation at https://jax.readthedocs.io/en/latest/faq.html#buffer-donation.
  warnings.warn("Some donated buffers were not usable:"
/opt/jax/jax/_src/interpreters/mlir.py:1178: UserWarning: Some donated buffers were not usable: ShapedArray(complex128[36,375,375]).
See an explanation at https://jax.readthedocs.io/en/latest/faq.html#buffer-donation.
  warnings.warn("Some donated buffers were not usable:"
/opt/jax/jax/_src/interpreters/mlir.py:1178: UserWarning: Some donated buffers were not usable: ShapedArray(complex128[36,375,375]).
See an explanation at https://jax.readthedocs.io/en/latest/faq.html#buffer-donation.
  warnings.warn("Some donated buffers were not usable:"
/opt/jax/jax/_src/interpreters/mlir.py:1178: UserWarning: Some donated buffers were not usable: ShapedArray(complex128[36,375,375]).
See an explanation at https://jax.readthedocs.io/en/latest/faq.html#buffer-donation.
  warnings.warn("Some donated buffers were not usable:"
/opt/jax/jax/_src/interpreters/mlir.py:1178: UserWarning: Some donated buffers were not usable: ShapedArray(complex128[36,375,375]).
See an explanation at https://jax.readthedocs.io/en/latest/faq.html#buffer-donation.
  warnings.warn("Some donated buffers were not usable:"
/opt/jax/jax/_src/interpreters/mlir.py:1178: UserWarning: Some donated buffers were not usable: ShapedArray(complex128[36,375,375]).
See an explanation at https://jax.readthedocs.io/en/latest/faq.html#buffer-donation.
  warnings.warn("Some donated buffers were not usable:"
/opt/jax/jax/_src/interpreters/mlir.py:1178: UserWarning: Some donated buffers were not usable: ShapedArray(complex128[36,375,375]).
See an explanation at https://jax.readthedocs.io/en/latest/faq.html#buffer-donation.
  warnings.warn("Some donated buffers were not usable:"
/opt/jax/jax/_src/interpreters/mlir.py:1178: UserWarning: Some donated buffers were not usable: ShapedArray(complex128[36,375,375]).
See an explanation at https://jax.readthedocs.io/en/latest/faq.html#buffer-donation.
  warnings.warn("Some donated buffers were not usable:"
/opt/jax/jax/_src/interpreters/mlir.py:1178: UserWarning: Some donated buffers were not usable: ShapedArray(complex128[36,375,375]).
See an explanation at https://jax.readthedocs.io/en/latest/faq.html#buffer-donation.
  warnings.warn("Some donated buffers were not usable:"
/opt/jax/jax/_src/interpreters/mlir.py:1178: UserWarning: Some donated buffers were not usable: ShapedArray(complex128[36,375,375]).
See an explanation at https://jax.readthedocs.io/en/latest/faq.html#buffer-donation.
  warnings.warn("Some donated buffers were not usable:"
/opt/jax/jax/_src/interpreters/mlir.py:1178: UserWarning: Some donated buffers were not usable: ShapedArray(complex128[36,375,375]).
See an explanation at https://jax.readthedocs.io/en/latest/faq.html#buffer-donation.
  warnings.warn("Some donated buffers were not usable:"
/opt/jax/jax/_src/interpreters/mlir.py:1178: UserWarning: Some donated buffers were not usable: ShapedArray(complex128[36,375,375]).
See an explanation at https://jax.readthedocs.io/en/latest/faq.html#buffer-donation.
  warnings.warn("Some donated buffers were not usable:"
/opt/jax/jax/_src/interpreters/mlir.py:1178: UserWarning: Some donated buffers were not usable: ShapedArray(complex128[36,375,375]).
See an explanation at https://jax.readthedocs.io/en/latest/faq.html#buffer-donation.
  warnings.warn("Some donated buffers were not usable:"
  L_q: (36, 1500, 1500)
/global/homes/j/jackm/software/lorrax_B/src/file_io/_slab_io_ffi.py:239: UserWarning: FFI backend: chunks/attrs on create_dataset currently no-op; pre-create with h5py if you need explicit chunking or attrs.
  warnings.warn(
/global/homes/j/jackm/software/lorrax_B/src/file_io/_slab_io_ffi.py:239: UserWarning: FFI backend: chunks/attrs on create_dataset currently no-op; pre-create with h5py if you need explicit chunking or attrs.
  warnings.warn(
/global/homes/j/jackm/software/lorrax_B/src/file_io/_slab_io_ffi.py:239: UserWarning: FFI backend: chunks/attrs on create_dataset currently no-op; pre-create with h5py if you need explicit chunking or attrs.
  warnings.warn(
/global/homes/j/jackm/software/lorrax_B/src/file_io/_slab_io_ffi.py:239: UserWarning: FFI backend: chunks/attrs on create_dataset currently no-op; pre-create with h5py if you need explicit chunking or attrs.
  warnings.warn(
/global/homes/j/jackm/software/lorrax_B/src/file_io/_slab_io_ffi.py:239: UserWarning: FFI backend: chunks/attrs on create_dataset currently no-op; pre-create with h5py if you need explicit chunking or attrs.
  warnings.warn(
/global/homes/j/jackm/software/lorrax_B/src/file_io/_slab_io_ffi.py:239: UserWarning: FFI backend: chunks/attrs on create_dataset currently no-op; pre-create with h5py if you need explicit chunking or attrs.
  warnings.warn(
/global/homes/j/jackm/software/lorrax_B/src/file_io/_slab_io_ffi.py:239: UserWarning: FFI backend: chunks/attrs on create_dataset currently no-op; pre-create with h5py if you need explicit chunking or attrs.
  warnings.warn(
/global/homes/j/jackm/software/lorrax_B/src/file_io/_slab_io_ffi.py:239: UserWarning: FFI backend: chunks/attrs on create_dataset currently no-op; pre-create with h5py if you need explicit chunking or attrs.
  warnings.warn(
/global/homes/j/jackm/software/lorrax_B/src/file_io/_slab_io_ffi.py:239: UserWarning: FFI backend: chunks/attrs on create_dataset currently no-op; pre-create with h5py if you need explicit chunking or attrs.
  warnings.warn(
/global/homes/j/jackm/software/lorrax_B/src/file_io/_slab_io_ffi.py:239: UserWarning: FFI backend: chunks/attrs on create_dataset currently no-op; pre-create with h5py if you need explicit chunking or attrs.
  warnings.warn(
/global/homes/j/jackm/software/lorrax_B/src/file_io/_slab_io_ffi.py:239: UserWarning: FFI backend: chunks/attrs on create_dataset currently no-op; pre-create with h5py if you need explicit chunking or attrs.
  warnings.warn(
/global/homes/j/jackm/software/lorrax_B/src/file_io/_slab_io_ffi.py:239: UserWarning: FFI backend: chunks/attrs on create_dataset currently no-op; pre-create with h5py if you need explicit chunking or attrs.
  warnings.warn(
/global/homes/j/jackm/software/lorrax_B/src/file_io/_slab_io_ffi.py:239: UserWarning: FFI backend: chunks/attrs on create_dataset currently no-op; pre-create with h5py if you need explicit chunking or attrs.
  warnings.warn(
/global/homes/j/jackm/software/lorrax_B/src/file_io/_slab_io_ffi.py:239: UserWarning: FFI backend: chunks/attrs on create_dataset currently no-op; pre-create with h5py if you need explicit chunking or attrs.
  warnings.warn(
/global/homes/j/jackm/software/lorrax_B/src/file_io/_slab_io_ffi.py:239: UserWarning: FFI backend: chunks/attrs on create_dataset currently no-op; pre-create with h5py if you need explicit chunking or attrs.
  warnings.warn(
/global/homes/j/jackm/software/lorrax_B/src/file_io/_slab_io_ffi.py:239: UserWarning: FFI backend: chunks/attrs on create_dataset currently no-op; pre-create with h5py if you need explicit chunking or attrs.
  warnings.warn(
  ψ(G) host cache: 25.92 GB/process resident
Started zeta fitting at 16:33:46.
[ 16:33:46 | █░░░░░░░░░ |   6% ] r-chunk  1 / 17 · ETA 0 s
[ 16:34:14 | █░░░░░░░░░ |  12% ] r-chunk  2 / 17 · ETA 213 s
[ 16:34:42 | ██░░░░░░░░ |  18% ] r-chunk  3 / 17 · ETA 262 s
[ 16:35:09 | ██░░░░░░░░ |  24% ] r-chunk  4 / 17 · ETA 272 s
[ 16:35:36 | ███░░░░░░░ |  29% ] r-chunk  5 / 17 · ETA 266 s
[ 16:36:04 | ████░░░░░░ |  35% ] r-chunk  6 / 17 · ETA 254 s
[ 16:36:32 | ████░░░░░░ |  41% ] r-chunk  7 / 17 · ETA 237 s
[ 16:37:00 | █████░░░░░ |  47% ] r-chunk  8 / 17 · ETA 219 s
[ 16:37:27 | █████░░░░░ |  53% ] r-chunk  9 / 17 · ETA 197 s
[ 16:37:55 | ██████░░░░ |  59% ] r-chunk 10 / 17 · ETA 174 s
[ 16:38:22 | ██████░░░░ |  65% ] r-chunk 11 / 17 · ETA 151 s
[ 16:38:50 | ███████░░░ |  71% ] r-chunk 12 / 17 · ETA 127 s
[ 16:39:18 | ████████░░ |  76% ] r-chunk 13 / 17 · ETA 102 s
[ 16:39:46 | ████████░░ |  82% ] r-chunk 14 / 17 · ETA 77 s
[ 16:40:15 | █████████░ |  88% ] r-chunk 15 / 17 · ETA 52 s
[ 16:40:43 | █████████░ |  94% ] r-chunk 16 / 17 · ETA 26 s
[ 16:41:35 | ██████████ | 100% ] r-chunk 17 / 17 · ETA 0 s
Finished zeta fitting at 16:41:35.  Elapsed: 469 s.
  [SlabIO.close] draining 1 pending writes for zeta_q.h5 …
  [SlabIO.close] Python dispatch drained in 21.1 s; joining writer thread
  [SlabIO.close] writer thread joined in 0.0 s; calling H5Fclose collectively
  [SlabIO.close] H5Fclose returned in 1.4 s
  Zeta output: /pscratch/sd/j/jackm/lorrax_sandbox/runs/CrI3/B_nonbisp_baseline/tmp/zeta_q.h5  shape: (6,6,1,1500,1125000)
  Timing (17 r-chunks, 504.0s total):
    fit    503.67s  99.9%
    H5       0.35s   0.1%
    GPU high-water mark: 8.59 GB / 70.00 GB budget (12%)
    γ (runtime / AOT-pred) = 0.490  (AOT predicted 17.53 GB)

  [bispinor] fitting ζ^{μ_L=1,2,3} on current-density centroids: /pscratch/sd/j/jackm/lorrax_sandbox/runs/CrI3/B_nonbisp_baseline/centroids_frac_600_current.txt
  [bispinor] μ_L=1 → /pscratch/sd/j/jackm/lorrax_sandbox/runs/CrI3/B_nonbisp_baseline/tmp/zeta_q_mu1.h5

  Zeta fitting: 17 r-chunks x 70000 r-points, 160 bands (150 left + 160 right)
  Output: /pscratch/sd/j/jackm/lorrax_sandbox/runs/CrI3/B_nonbisp_baseline/tmp/zeta_q_mu1.h5
  Left wfns:  (36, 150, 4, 600)
  Right wfns: (36, 160, 4, 600)
  Pseudobands normalization: 0 weighted, 0 zero-weight (skipped)
  Computing pair densities P_l, P_r (γ̃^1 vertex)
/opt/jax/jax/_src/interpreters/mlir.py:1178: UserWarning: Some donated buffers were not usable: ShapedArray(complex128[36,150,150]).
See an explanation at https://jax.readthedocs.io/en/latest/faq.html#buffer-donation.
  warnings.warn("Some donated buffers were not usable:"
/opt/jax/jax/_src/interpreters/mlir.py:1178: UserWarning: Some donated buffers were not usable: ShapedArray(complex128[36,150,150]).
See an explanation at https://jax.readthedocs.io/en/latest/faq.html#buffer-donation.
  warnings.warn("Some donated buffers were not usable:"
/opt/jax/jax/_src/interpreters/mlir.py:1178: UserWarning: Some donated buffers were not usable: ShapedArray(complex128[36,150,150]).
See an explanation at https://jax.readthedocs.io/en/latest/faq.html#buffer-donation.
  warnings.warn("Some donated buffers were not usable:"
/opt/jax/jax/_src/interpreters/mlir.py:1178: UserWarning: Some donated buffers were not usable: ShapedArray(complex128[36,150,150]).
See an explanation at https://jax.readthedocs.io/en/latest/faq.html#buffer-donation.
  warnings.warn("Some donated buffers were not usable:"
/opt/jax/jax/_src/interpreters/mlir.py:1178: UserWarning: Some donated buffers were not usable: ShapedArray(complex128[36,150,150]).
See an explanation at https://jax.readthedocs.io/en/latest/faq.html#buffer-donation.
  warnings.warn("Some donated buffers were not usable:"
/opt/jax/jax/_src/interpreters/mlir.py:1178: UserWarning: Some donated buffers were not usable: ShapedArray(complex128[36,150,150]).
See an explanation at https://jax.readthedocs.io/en/latest/faq.html#buffer-donation.
  warnings.warn("Some donated buffers were not usable:"
/opt/jax/jax/_src/interpreters/mlir.py:1178: UserWarning: Some donated buffers were not usable: ShapedArray(complex128[36,150,150]).
See an explanation at https://jax.readthedocs.io/en/latest/faq.html#buffer-donation.
  warnings.warn("Some donated buffers were not usable:"
/opt/jax/jax/_src/interpreters/mlir.py:1178: UserWarning: Some donated buffers were not usable: ShapedArray(complex128[36,150,150]).
See an explanation at https://jax.readthedocs.io/en/latest/faq.html#buffer-donation.
  warnings.warn("Some donated buffers were not usable:"
/opt/jax/jax/_src/interpreters/mlir.py:1178: UserWarning: Some donated buffers were not usable: ShapedArray(complex128[36,150,150]).
See an explanation at https://jax.readthedocs.io/en/latest/faq.html#buffer-donation.
  warnings.warn("Some donated buffers were not usable:"
/opt/jax/jax/_src/interpreters/mlir.py:1178: UserWarning: Some donated buffers were not usable: ShapedArray(complex128[36,150,150]).
See an explanation at https://jax.readthedocs.io/en/latest/faq.html#buffer-donation.
  warnings.warn("Some donated buffers were not usable:"
/opt/jax/jax/_src/interpreters/mlir.py:1178: UserWarning: Some donated buffers were not usable: ShapedArray(complex128[36,150,150]).
See an explanation at https://jax.readthedocs.io/en/latest/faq.html#buffer-donation.
  warnings.warn("Some donated buffers were not usable:"
/opt/jax/jax/_src/interpreters/mlir.py:1178: UserWarning: Some donated buffers were not usable: ShapedArray(complex128[36,150,150]).
See an explanation at https://jax.readthedocs.io/en/latest/faq.html#buffer-donation.
  warnings.warn("Some donated buffers were not usable:"
/opt/jax/jax/_src/interpreters/mlir.py:1178: UserWarning: Some donated buffers were not usable: ShapedArray(complex128[36,150,150]).
See an explanation at https://jax.readthedocs.io/en/latest/faq.html#buffer-donation.
  warnings.warn("Some donated buffers were not usable:"
/opt/jax/jax/_src/interpreters/mlir.py:1178: UserWarning: Some donated buffers were not usable: ShapedArray(complex128[36,150,150]).
See an explanation at https://jax.readthedocs.io/en/latest/faq.html#buffer-donation.
  warnings.warn("Some donated buffers were not usable:"
/opt/jax/jax/_src/interpreters/mlir.py:1178: UserWarning: Some donated buffers were not usable: ShapedArray(complex128[36,150,150]).
See an explanation at https://jax.readthedocs.io/en/latest/faq.html#buffer-donation.
  warnings.warn("Some donated buffers were not usable:"
/opt/jax/jax/_src/interpreters/mlir.py:1178: UserWarning: Some donated buffers were not usable: ShapedArray(complex128[36,150,150]).
See an explanation at https://jax.readthedocs.io/en/latest/faq.html#buffer-donation.
  warnings.warn("Some donated buffers were not usable:"
  Skipping Cholesky (vertex_mu_L=1 CCT is indefinite); will LU-solve per q-batch
  L_q: (36, 600, 600)
/global/homes/j/jackm/software/lorrax_B/src/file_io/_slab_io_ffi.py:239: UserWarning: FFI backend: chunks/attrs on create_dataset currently no-op; pre-create with h5py if you need explicit chunking or attrs.
  warnings.warn(
/global/homes/j/jackm/software/lorrax_B/src/file_io/_slab_io_ffi.py:239: UserWarning: FFI backend: chunks/attrs on create_dataset currently no-op; pre-create with h5py if you need explicit chunking or attrs.
  warnings.warn(
/global/homes/j/jackm/software/lorrax_B/src/file_io/_slab_io_ffi.py:239: UserWarning: FFI backend: chunks/attrs on create_dataset currently no-op; pre-create with h5py if you need explicit chunking or attrs.
  warnings.warn(
/global/homes/j/jackm/software/lorrax_B/src/file_io/_slab_io_ffi.py:239: UserWarning: FFI backend: chunks/attrs on create_dataset currently no-op; pre-create with h5py if you need explicit chunking or attrs.
  warnings.warn(
/global/homes/j/jackm/software/lorrax_B/src/file_io/_slab_io_ffi.py:239: UserWarning: FFI backend: chunks/attrs on create_dataset currently no-op; pre-create with h5py if you need explicit chunking or attrs.
  warnings.warn(
/global/homes/j/jackm/software/lorrax_B/src/file_io/_slab_io_ffi.py:239: UserWarning: FFI backend: chunks/attrs on create_dataset currently no-op; pre-create with h5py if you need explicit chunking or attrs.
  warnings.warn(
/global/homes/j/jackm/software/lorrax_B/src/file_io/_slab_io_ffi.py:239: UserWarning: FFI backend: chunks/attrs on create_dataset currently no-op; pre-create with h5py if you need explicit chunking or attrs.
  warnings.warn(
/global/homes/j/jackm/software/lorrax_B/src/file_io/_slab_io_ffi.py:239: UserWarning: FFI backend: chunks/attrs on create_dataset currently no-op; pre-create with h5py if you need explicit chunking or attrs.
  warnings.warn(
/global/homes/j/jackm/software/lorrax_B/src/file_io/_slab_io_ffi.py:239: UserWarning: FFI backend: chunks/attrs on create_dataset currently no-op; pre-create with h5py if you need explicit chunking or attrs.
  warnings.warn(
/global/homes/j/jackm/software/lorrax_B/src/file_io/_slab_io_ffi.py:239: UserWarning: FFI backend: chunks/attrs on create_dataset currently no-op; pre-create with h5py if you need explicit chunking or attrs.
  warnings.warn(
/global/homes/j/jackm/software/lorrax_B/src/file_io/_slab_io_ffi.py:239: UserWarning: FFI backend: chunks/attrs on create_dataset currently no-op; pre-create with h5py if you need explicit chunking or attrs.
  warnings.warn(
/global/homes/j/jackm/software/lorrax_B/src/file_io/_slab_io_ffi.py:239: UserWarning: FFI backend: chunks/attrs on create_dataset currently no-op; pre-create with h5py if you need explicit chunking or attrs.
  warnings.warn(
/global/homes/j/jackm/software/lorrax_B/src/file_io/_slab_io_ffi.py:239: UserWarning: FFI backend: chunks/attrs on create_dataset currently no-op; pre-create with h5py if you need explicit chunking or attrs.
  warnings.warn(
/global/homes/j/jackm/software/lorrax_B/src/file_io/_slab_io_ffi.py:239: UserWarning: FFI backend: chunks/attrs on create_dataset currently no-op; pre-create with h5py if you need explicit chunking or attrs.
  warnings.warn(
/global/homes/j/jackm/software/lorrax_B/src/file_io/_slab_io_ffi.py:239: UserWarning: FFI backend: chunks/attrs on create_dataset currently no-op; pre-create with h5py if you need explicit chunking or attrs.
  warnings.warn(
/global/homes/j/jackm/software/lorrax_B/src/file_io/_slab_io_ffi.py:239: UserWarning: FFI backend: chunks/attrs on create_dataset currently no-op; pre-create with h5py if you need explicit chunking or attrs.
  warnings.warn(
  ψ(G) host cache: 25.92 GB/process resident
Started zeta fitting at 16:42:50.
[ 16:42:50 | █░░░░░░░░░ |   6% ] r-chunk  1 / 17 · ETA 0 s
[ 16:43:10 | █░░░░░░░░░ |  12% ] r-chunk  2 / 17 · ETA 151 s
[ 16:43:30 | ██░░░░░░░░ |  18% ] r-chunk  3 / 17 · ETA 187 s
[ 16:43:49 | ██░░░░░░░░ |  24% ] r-chunk  4 / 17 · ETA 194 s
[ 16:44:09 | ███░░░░░░░ |  29% ] r-chunk  5 / 17 · ETA 190 s
[ 16:44:29 | ████░░░░░░ |  35% ] r-chunk  6 / 17 · ETA 182 s
[ 16:44:49 | ████░░░░░░ |  41% ] r-chunk  7 / 17 · ETA 171 s
[ 16:45:09 | █████░░░░░ |  47% ] r-chunk  8 / 17 · ETA 157 s
[ 16:45:29 | █████░░░░░ |  53% ] r-chunk  9 / 17 · ETA 142 s
[ 16:45:48 | ██████░░░░ |  59% ] r-chunk 10 / 17 · ETA 125 s
[ 16:46:08 | ██████░░░░ |  65% ] r-chunk 11 / 17 · ETA 108 s
[ 16:46:28 | ███████░░░ |  71% ] r-chunk 12 / 17 · ETA 91 s
[ 16:46:48 | ████████░░ |  76% ] r-chunk 13 / 17 · ETA 73 s
[ 16:47:07 | ████████░░ |  82% ] r-chunk 14 / 17 · ETA 55 s
[ 16:47:27 | █████████░ |  88% ] r-chunk 15 / 17 · ETA 37 s
[ 16:47:47 | █████████░ |  94% ] r-chunk 16 / 17 · ETA 19 s
[ 16:48:32 | ██████████ | 100% ] r-chunk 17 / 17 · ETA 0 s
Finished zeta fitting at 16:48:32.  Elapsed: 342 s.
  [SlabIO.close] draining 1 pending writes for zeta_q_mu1.h5 …
  [SlabIO.close] Python dispatch drained in 8.6 s; joining writer thread
  [SlabIO.close] writer thread joined in 0.0 s; calling H5Fclose collectively
  [SlabIO.close] H5Fclose returned in 0.4 s
  Zeta output: /pscratch/sd/j/jackm/lorrax_sandbox/runs/CrI3/B_nonbisp_baseline/tmp/zeta_q_mu1.h5  shape: (6,6,1,600,1125000)
  Timing (17 r-chunks, 374.5s total):
    fit    374.16s  99.9%
    H5       0.32s   0.1%
  [bispinor] μ_L=2 → /pscratch/sd/j/jackm/lorrax_sandbox/runs/CrI3/B_nonbisp_baseline/tmp/zeta_q_mu2.h5

  Zeta fitting: 17 r-chunks x 70000 r-points, 160 bands (150 left + 160 right)
  Output: /pscratch/sd/j/jackm/lorrax_sandbox/runs/CrI3/B_nonbisp_baseline/tmp/zeta_q_mu2.h5
  Left wfns:  (36, 150, 4, 600)
  Right wfns: (36, 160, 4, 600)
  Pseudobands normalization: 0 weighted, 0 zero-weight (skipped)
  Computing pair densities P_l, P_r (γ̃^2 vertex)
/opt/jax/jax/_src/interpreters/mlir.py:1178: UserWarning: Some donated buffers were not usable: ShapedArray(complex128[36,150,150]).
See an explanation at https://jax.readthedocs.io/en/latest/faq.html#buffer-donation.
  warnings.warn("Some donated buffers were not usable:"
  Skipping Cholesky (vertex_mu_L=2 CCT is indefinite); will LU-solve per q-batch
  L_q: (36, 600, 600)
/opt/jax/jax/_src/interpreters/mlir.py:1178: UserWarning: Some donated buffers were not usable: ShapedArray(complex128[36,150,150]).
See an explanation at https://jax.readthedocs.io/en/latest/faq.html#buffer-donation.
  warnings.warn("Some donated buffers were not usable:"
/opt/jax/jax/_src/interpreters/mlir.py:1178: UserWarning: Some donated buffers were not usable: ShapedArray(complex128[36,150,150]).
See an explanation at https://jax.readthedocs.io/en/latest/faq.html#buffer-donation.
  warnings.warn("Some donated buffers were not usable:"
/opt/jax/jax/_src/interpreters/mlir.py:1178: UserWarning: Some donated buffers were not usable: ShapedArray(complex128[36,150,150]).
See an explanation at https://jax.readthedocs.io/en/latest/faq.html#buffer-donation.
  warnings.warn("Some donated buffers were not usable:"
/opt/jax/jax/_src/interpreters/mlir.py:1178: UserWarning: Some donated buffers were not usable: ShapedArray(complex128[36,150,150]).
See an explanation at https://jax.readthedocs.io/en/latest/faq.html#buffer-donation.
  warnings.warn("Some donated buffers were not usable:"
/opt/jax/jax/_src/interpreters/mlir.py:1178: UserWarning: Some donated buffers were not usable: ShapedArray(complex128[36,150,150]).
See an explanation at https://jax.readthedocs.io/en/latest/faq.html#buffer-donation.
  warnings.warn("Some donated buffers were not usable:"
/opt/jax/jax/_src/interpreters/mlir.py:1178: UserWarning: Some donated buffers were not usable: ShapedArray(complex128[36,150,150]).
See an explanation at https://jax.readthedocs.io/en/latest/faq.html#buffer-donation.
  warnings.warn("Some donated buffers were not usable:"
/opt/jax/jax/_src/interpreters/mlir.py:1178: UserWarning: Some donated buffers were not usable: ShapedArray(complex128[36,150,150]).
See an explanation at https://jax.readthedocs.io/en/latest/faq.html#buffer-donation.
  warnings.warn("Some donated buffers were not usable:"
/opt/jax/jax/_src/interpreters/mlir.py:1178: UserWarning: Some donated buffers were not usable: ShapedArray(complex128[36,150,150]).
See an explanation at https://jax.readthedocs.io/en/latest/faq.html#buffer-donation.
  warnings.warn("Some donated buffers were not usable:"
/opt/jax/jax/_src/interpreters/mlir.py:1178: UserWarning: Some donated buffers were not usable: ShapedArray(complex128[36,150,150]).
See an explanation at https://jax.readthedocs.io/en/latest/faq.html#buffer-donation.
  warnings.warn("Some donated buffers were not usable:"
/opt/jax/jax/_src/interpreters/mlir.py:1178: UserWarning: Some donated buffers were not usable: ShapedArray(complex128[36,150,150]).
See an explanation at https://jax.readthedocs.io/en/latest/faq.html#buffer-donation.
  warnings.warn("Some donated buffers were not usable:"
/opt/jax/jax/_src/interpreters/mlir.py:1178: UserWarning: Some donated buffers were not usable: ShapedArray(complex128[36,150,150]).
See an explanation at https://jax.readthedocs.io/en/latest/faq.html#buffer-donation.
  warnings.warn("Some donated buffers were not usable:"
/opt/jax/jax/_src/interpreters/mlir.py:1178: UserWarning: Some donated buffers were not usable: ShapedArray(complex128[36,150,150]).
See an explanation at https://jax.readthedocs.io/en/latest/faq.html#buffer-donation.
  warnings.warn("Some donated buffers were not usable:"
/opt/jax/jax/_src/interpreters/mlir.py:1178: UserWarning: Some donated buffers were not usable: ShapedArray(complex128[36,150,150]).
See an explanation at https://jax.readthedocs.io/en/latest/faq.html#buffer-donation.
  warnings.warn("Some donated buffers were not usable:"
/opt/jax/jax/_src/interpreters/mlir.py:1178: UserWarning: Some donated buffers were not usable: ShapedArray(complex128[36,150,150]).
See an explanation at https://jax.readthedocs.io/en/latest/faq.html#buffer-donation.
  warnings.warn("Some donated buffers were not usable:"
/opt/jax/jax/_src/interpreters/mlir.py:1178: UserWarning: Some donated buffers were not usable: ShapedArray(complex128[36,150,150]).
See an explanation at https://jax.readthedocs.io/en/latest/faq.html#buffer-donation.
  warnings.warn("Some donated buffers were not usable:"
/global/homes/j/jackm/software/lorrax_B/src/file_io/_slab_io_ffi.py:239: UserWarning: FFI backend: chunks/attrs on create_dataset currently no-op; pre-create with h5py if you need explicit chunking or attrs.
  warnings.warn(
/global/homes/j/jackm/software/lorrax_B/src/file_io/_slab_io_ffi.py:239: UserWarning: FFI backend: chunks/attrs on create_dataset currently no-op; pre-create with h5py if you need explicit chunking or attrs.
  warnings.warn(
/global/homes/j/jackm/software/lorrax_B/src/file_io/_slab_io_ffi.py:239: UserWarning: FFI backend: chunks/attrs on create_dataset currently no-op; pre-create with h5py if you need explicit chunking or attrs.
  warnings.warn(
/global/homes/j/jackm/software/lorrax_B/src/file_io/_slab_io_ffi.py:239: UserWarning: FFI backend: chunks/attrs on create_dataset currently no-op; pre-create with h5py if you need explicit chunking or attrs.
  warnings.warn(
/global/homes/j/jackm/software/lorrax_B/src/file_io/_slab_io_ffi.py:239: UserWarning: FFI backend: chunks/attrs on create_dataset currently no-op; pre-create with h5py if you need explicit chunking or attrs.
  warnings.warn(
/global/homes/j/jackm/software/lorrax_B/src/file_io/_slab_io_ffi.py:239: UserWarning: FFI backend: chunks/attrs on create_dataset currently no-op; pre-create with h5py if you need explicit chunking or attrs.
  warnings.warn(
/global/homes/j/jackm/software/lorrax_B/src/file_io/_slab_io_ffi.py:239: UserWarning: FFI backend: chunks/attrs on create_dataset currently no-op; pre-create with h5py if you need explicit chunking or attrs.
  warnings.warn(
/global/homes/j/jackm/software/lorrax_B/src/file_io/_slab_io_ffi.py:239: UserWarning: FFI backend: chunks/attrs on create_dataset currently no-op; pre-create with h5py if you need explicit chunking or attrs.
  warnings.warn(
/global/homes/j/jackm/software/lorrax_B/src/file_io/_slab_io_ffi.py:239: UserWarning: FFI backend: chunks/attrs on create_dataset currently no-op; pre-create with h5py if you need explicit chunking or attrs.
  warnings.warn(
/global/homes/j/jackm/software/lorrax_B/src/file_io/_slab_io_ffi.py:239: UserWarning: FFI backend: chunks/attrs on create_dataset currently no-op; pre-create with h5py if you need explicit chunking or attrs.
  warnings.warn(
/global/homes/j/jackm/software/lorrax_B/src/file_io/_slab_io_ffi.py:239: UserWarning: FFI backend: chunks/attrs on create_dataset currently no-op; pre-create with h5py if you need explicit chunking or attrs.
  warnings.warn(
/global/homes/j/jackm/software/lorrax_B/src/file_io/_slab_io_ffi.py:239: UserWarning: FFI backend: chunks/attrs on create_dataset currently no-op; pre-create with h5py if you need explicit chunking or attrs.
  warnings.warn(
/global/homes/j/jackm/software/lorrax_B/src/file_io/_slab_io_ffi.py:239: UserWarning: FFI backend: chunks/attrs on create_dataset currently no-op; pre-create with h5py if you need explicit chunking or attrs.
  warnings.warn(
/global/homes/j/jackm/software/lorrax_B/src/file_io/_slab_io_ffi.py:239: UserWarning: FFI backend: chunks/attrs on create_dataset currently no-op; pre-create with h5py if you need explicit chunking or attrs.
  warnings.warn(
/global/homes/j/jackm/software/lorrax_B/src/file_io/_slab_io_ffi.py:239: UserWarning: FFI backend: chunks/attrs on create_dataset currently no-op; pre-create with h5py if you need explicit chunking or attrs.
  warnings.warn(
/global/homes/j/jackm/software/lorrax_B/src/file_io/_slab_io_ffi.py:239: UserWarning: FFI backend: chunks/attrs on create_dataset currently no-op; pre-create with h5py if you need explicit chunking or attrs.
  warnings.warn(
  ψ(G) host cache: 25.92 GB/process resident
Started zeta fitting at 16:49:32.
[ 16:49:32 | █░░░░░░░░░ |   6% ] r-chunk  1 / 17 · ETA 0 s
[ 16:49:53 | █░░░░░░░░░ |  12% ] r-chunk  2 / 17 · ETA 154 s
[ 16:50:12 | ██░░░░░░░░ |  18% ] r-chunk  3 / 17 · ETA 186 s
[ 16:50:32 | ██░░░░░░░░ |  24% ] r-chunk  4 / 17 · ETA 193 s
[ 16:50:51 | ███░░░░░░░ |  29% ] r-chunk  5 / 17 · ETA 189 s
[ 16:51:10 | ████░░░░░░ |  35% ] r-chunk  6 / 17 · ETA 179 s
[ 16:51:30 | ████░░░░░░ |  41% ] r-chunk  7 / 17 · ETA 168 s
[ 16:51:49 | █████░░░░░ |  47% ] r-chunk  8 / 17 · ETA 154 s
[ 16:52:08 | █████░░░░░ |  53% ] r-chunk  9 / 17 · ETA 139 s
[ 16:52:28 | ██████░░░░ |  59% ] r-chunk 10 / 17 · ETA 123 s
[ 16:52:48 | ██████░░░░ |  65% ] r-chunk 11 / 17 · ETA 107 s
[ 16:53:08 | ███████░░░ |  71% ] r-chunk 12 / 17 · ETA 90 s
[ 16:53:28 | ████████░░ |  76% ] r-chunk 13 / 17 · ETA 72 s
[ 16:53:48 | ████████░░ |  82% ] r-chunk 14 / 17 · ETA 55 s
[ 16:54:07 | █████████░ |  88% ] r-chunk 15 / 17 · ETA 37 s
[ 16:54:27 | █████████░ |  94% ] r-chunk 16 / 17 · ETA 18 s
[ 16:55:09 | ██████████ | 100% ] r-chunk 17 / 17 · ETA 0 s
Finished zeta fitting at 16:55:09.  Elapsed: 336 s.
  [SlabIO.close] draining 1 pending writes for zeta_q_mu2.h5 …
  [SlabIO.close] Python dispatch drained in 7.3 s; joining writer thread
  [SlabIO.close] writer thread joined in 0.0 s; calling H5Fclose collectively
  [SlabIO.close] H5Fclose returned in 1.7 s
  Zeta output: /pscratch/sd/j/jackm/lorrax_sandbox/runs/CrI3/B_nonbisp_baseline/tmp/zeta_q_mu2.h5  shape: (6,6,1,600,1125000)
  Timing (17 r-chunks, 370.2s total):
    fit    370.04s  100.0%
    H5       0.13s   0.0%
  [bispinor] μ_L=3 → /pscratch/sd/j/jackm/lorrax_sandbox/runs/CrI3/B_nonbisp_baseline/tmp/zeta_q_mu3.h5

  Zeta fitting: 17 r-chunks x 70000 r-points, 160 bands (150 left + 160 right)
  Output: /pscratch/sd/j/jackm/lorrax_sandbox/runs/CrI3/B_nonbisp_baseline/tmp/zeta_q_mu3.h5
  Left wfns:  (36, 150, 4, 600)
  Right wfns: (36, 160, 4, 600)
  Pseudobands normalization: 0 weighted, 0 zero-weight (skipped)
  Computing pair densities P_l, P_r (γ̃^3 vertex)
/opt/jax/jax/_src/interpreters/mlir.py:1178: UserWarning: Some donated buffers were not usable: ShapedArray(complex128[36,150,150]).
See an explanation at https://jax.readthedocs.io/en/latest/faq.html#buffer-donation.
  warnings.warn("Some donated buffers were not usable:"
  Skipping Cholesky (vertex_mu_L=3 CCT is indefinite); will LU-solve per q-batch
  L_q: (36, 600, 600)
/opt/jax/jax/_src/interpreters/mlir.py:1178: UserWarning: Some donated buffers were not usable: ShapedArray(complex128[36,150,150]).
See an explanation at https://jax.readthedocs.io/en/latest/faq.html#buffer-donation.
  warnings.warn("Some donated buffers were not usable:"
/opt/jax/jax/_src/interpreters/mlir.py:1178: UserWarning: Some donated buffers were not usable: ShapedArray(complex128[36,150,150]).
See an explanation at https://jax.readthedocs.io/en/latest/faq.html#buffer-donation.
  warnings.warn("Some donated buffers were not usable:"
/opt/jax/jax/_src/interpreters/mlir.py:1178: UserWarning: Some donated buffers were not usable: ShapedArray(complex128[36,150,150]).
See an explanation at https://jax.readthedocs.io/en/latest/faq.html#buffer-donation.
  warnings.warn("Some donated buffers were not usable:"
/opt/jax/jax/_src/interpreters/mlir.py:1178: UserWarning: Some donated buffers were not usable: ShapedArray(complex128[36,150,150]).
See an explanation at https://jax.readthedocs.io/en/latest/faq.html#buffer-donation.
  warnings.warn("Some donated buffers were not usable:"
/opt/jax/jax/_src/interpreters/mlir.py:1178: UserWarning: Some donated buffers were not usable: ShapedArray(complex128[36,150,150]).
See an explanation at https://jax.readthedocs.io/en/latest/faq.html#buffer-donation.
  warnings.warn("Some donated buffers were not usable:"
/opt/jax/jax/_src/interpreters/mlir.py:1178: UserWarning: Some donated buffers were not usable: ShapedArray(complex128[36,150,150]).
See an explanation at https://jax.readthedocs.io/en/latest/faq.html#buffer-donation.
  warnings.warn("Some donated buffers were not usable:"
/opt/jax/jax/_src/interpreters/mlir.py:1178: UserWarning: Some donated buffers were not usable: ShapedArray(complex128[36,150,150]).
See an explanation at https://jax.readthedocs.io/en/latest/faq.html#buffer-donation.
  warnings.warn("Some donated buffers were not usable:"
/opt/jax/jax/_src/interpreters/mlir.py:1178: UserWarning: Some donated buffers were not usable: ShapedArray(complex128[36,150,150]).
See an explanation at https://jax.readthedocs.io/en/latest/faq.html#buffer-donation.
  warnings.warn("Some donated buffers were not usable:"
/opt/jax/jax/_src/interpreters/mlir.py:1178: UserWarning: Some donated buffers were not usable: ShapedArray(complex128[36,150,150]).
See an explanation at https://jax.readthedocs.io/en/latest/faq.html#buffer-donation.
  warnings.warn("Some donated buffers were not usable:"
/opt/jax/jax/_src/interpreters/mlir.py:1178: UserWarning: Some donated buffers were not usable: ShapedArray(complex128[36,150,150]).
See an explanation at https://jax.readthedocs.io/en/latest/faq.html#buffer-donation.
  warnings.warn("Some donated buffers were not usable:"
/opt/jax/jax/_src/interpreters/mlir.py:1178: UserWarning: Some donated buffers were not usable: ShapedArray(complex128[36,150,150]).
See an explanation at https://jax.readthedocs.io/en/latest/faq.html#buffer-donation.
  warnings.warn("Some donated buffers were not usable:"
/opt/jax/jax/_src/interpreters/mlir.py:1178: UserWarning: Some donated buffers were not usable: ShapedArray(complex128[36,150,150]).
See an explanation at https://jax.readthedocs.io/en/latest/faq.html#buffer-donation.
  warnings.warn("Some donated buffers were not usable:"
/opt/jax/jax/_src/interpreters/mlir.py:1178: UserWarning: Some donated buffers were not usable: ShapedArray(complex128[36,150,150]).
See an explanation at https://jax.readthedocs.io/en/latest/faq.html#buffer-donation.
  warnings.warn("Some donated buffers were not usable:"
/opt/jax/jax/_src/interpreters/mlir.py:1178: UserWarning: Some donated buffers were not usable: ShapedArray(complex128[36,150,150]).
See an explanation at https://jax.readthedocs.io/en/latest/faq.html#buffer-donation.
  warnings.warn("Some donated buffers were not usable:"
/opt/jax/jax/_src/interpreters/mlir.py:1178: UserWarning: Some donated buffers were not usable: ShapedArray(complex128[36,150,150]).
See an explanation at https://jax.readthedocs.io/en/latest/faq.html#buffer-donation.
  warnings.warn("Some donated buffers were not usable:"
/global/homes/j/jackm/software/lorrax_B/src/file_io/_slab_io_ffi.py:239: UserWarning: FFI backend: chunks/attrs on create_dataset currently no-op; pre-create with h5py if you need explicit chunking or attrs.
  warnings.warn(
/global/homes/j/jackm/software/lorrax_B/src/file_io/_slab_io_ffi.py:239: UserWarning: FFI backend: chunks/attrs on create_dataset currently no-op; pre-create with h5py if you need explicit chunking or attrs.
  warnings.warn(
/global/homes/j/jackm/software/lorrax_B/src/file_io/_slab_io_ffi.py:239: UserWarning: FFI backend: chunks/attrs on create_dataset currently no-op; pre-create with h5py if you need explicit chunking or attrs.
  warnings.warn(
/global/homes/j/jackm/software/lorrax_B/src/file_io/_slab_io_ffi.py:239: UserWarning: FFI backend: chunks/attrs on create_dataset currently no-op; pre-create with h5py if you need explicit chunking or attrs.
  warnings.warn(
/global/homes/j/jackm/software/lorrax_B/src/file_io/_slab_io_ffi.py:239: UserWarning: FFI backend: chunks/attrs on create_dataset currently no-op; pre-create with h5py if you need explicit chunking or attrs.
  warnings.warn(
/global/homes/j/jackm/software/lorrax_B/src/file_io/_slab_io_ffi.py:239: UserWarning: FFI backend: chunks/attrs on create_dataset currently no-op; pre-create with h5py if you need explicit chunking or attrs.
  warnings.warn(
/global/homes/j/jackm/software/lorrax_B/src/file_io/_slab_io_ffi.py:239: UserWarning: FFI backend: chunks/attrs on create_dataset currently no-op; pre-create with h5py if you need explicit chunking or attrs.
  warnings.warn(
/global/homes/j/jackm/software/lorrax_B/src/file_io/_slab_io_ffi.py:239: UserWarning: FFI backend: chunks/attrs on create_dataset currently no-op; pre-create with h5py if you need explicit chunking or attrs.
  warnings.warn(
/global/homes/j/jackm/software/lorrax_B/src/file_io/_slab_io_ffi.py:239: UserWarning: FFI backend: chunks/attrs on create_dataset currently no-op; pre-create with h5py if you need explicit chunking or attrs.
  warnings.warn(
/global/homes/j/jackm/software/lorrax_B/src/file_io/_slab_io_ffi.py:239: UserWarning: FFI backend: chunks/attrs on create_dataset currently no-op; pre-create with h5py if you need explicit chunking or attrs.
  warnings.warn(
/global/homes/j/jackm/software/lorrax_B/src/file_io/_slab_io_ffi.py:239: UserWarning: FFI backend: chunks/attrs on create_dataset currently no-op; pre-create with h5py if you need explicit chunking or attrs.
  warnings.warn(
/global/homes/j/jackm/software/lorrax_B/src/file_io/_slab_io_ffi.py:239: UserWarning: FFI backend: chunks/attrs on create_dataset currently no-op; pre-create with h5py if you need explicit chunking or attrs.
  warnings.warn(
/global/homes/j/jackm/software/lorrax_B/src/file_io/_slab_io_ffi.py:239: UserWarning: FFI backend: chunks/attrs on create_dataset currently no-op; pre-create with h5py if you need explicit chunking or attrs.
  warnings.warn(
/global/homes/j/jackm/software/lorrax_B/src/file_io/_slab_io_ffi.py:239: UserWarning: FFI backend: chunks/attrs on create_dataset currently no-op; pre-create with h5py if you need explicit chunking or attrs.
  warnings.warn(
/global/homes/j/jackm/software/lorrax_B/src/file_io/_slab_io_ffi.py:239: UserWarning: FFI backend: chunks/attrs on create_dataset currently no-op; pre-create with h5py if you need explicit chunking or attrs.
  warnings.warn(
/global/homes/j/jackm/software/lorrax_B/src/file_io/_slab_io_ffi.py:239: UserWarning: FFI backend: chunks/attrs on create_dataset currently no-op; pre-create with h5py if you need explicit chunking or attrs.
  warnings.warn(
  ψ(G) host cache: 25.92 GB/process resident
Started zeta fitting at 16:56:09.
[ 16:56:09 | █░░░░░░░░░ |   6% ] r-chunk  1 / 17 · ETA 0 s
[ 16:56:30 | █░░░░░░░░░ |  12% ] r-chunk  2 / 17 · ETA 155 s
[ 16:56:49 | ██░░░░░░░░ |  18% ] r-chunk  3 / 17 · ETA 187 s
[ 16:57:09 | ██░░░░░░░░ |  24% ] r-chunk  4 / 17 · ETA 195 s
[ 16:57:29 | ███░░░░░░░ |  29% ] r-chunk  5 / 17 · ETA 191 s
[ 16:57:49 | ████░░░░░░ |  35% ] r-chunk  6 / 17 · ETA 183 s
[ 16:58:09 | ████░░░░░░ |  41% ] r-chunk  7 / 17 · ETA 171 s
[ 16:58:28 | █████░░░░░ |  47% ] r-chunk  8 / 17 · ETA 157 s
[ 16:58:48 | █████░░░░░ |  53% ] r-chunk  9 / 17 · ETA 141 s
[ 16:59:08 | ██████░░░░ |  59% ] r-chunk 10 / 17 · ETA 125 s
[ 16:59:28 | ██████░░░░ |  65% ] r-chunk 11 / 17 · ETA 109 s
[ 16:59:48 | ███████░░░ |  71% ] r-chunk 12 / 17 · ETA 91 s
[ 17:00:08 | ████████░░ |  76% ] r-chunk 13 / 17 · ETA 73 s
[ 17:00:28 | ████████░░ |  82% ] r-chunk 14 / 17 · ETA 55 s
[ 17:00:48 | █████████░ |  88% ] r-chunk 15 / 17 · ETA 37 s
[ 17:01:08 | █████████░ |  94% ] r-chunk 16 / 17 · ETA 19 s
2026-05-05 17:01:17.298603: E external/xla/xla/service/slow_operation_alarm.cc:73] Constant folding an instruction is taking > 1s:

  %imag.2 = f64[36,75,75,200]{3,2,1,0} imag(%constant.55), metadata={op_name="jit(_kernel)/jit(main)/jit(_fft_and_rslice)/exp" source_file="/global/homes/j/jackm/software/lorrax_B/src/common/load_wfns.py" source_line=383}

This isn't necessarily a bug; constant-folding is inherently a trade-off between compilation time and speed at runtime. XLA has some guards that attempt to keep constant folding from taking too long, but fundamentally you'll always be able to come up with an input program that takes a long time.

If you'd like to file a bug, run with envvar XLA_FLAGS=--xla_dump_to=/tmp/foo and attach the results.
2026-05-05 17:01:17.312973: E external/xla/xla/service/slow_operation_alarm.cc:73] Constant folding an instruction is taking > 1s:

  %sine.1 = f64[36,75,75,200]{3,2,1,0} sine(%constant.145), metadata={op_name="jit(_kernel)/jit(main)/jit(_fft_and_rslice)/exp" source_file="/global/homes/j/jackm/software/lorrax_B/src/common/load_wfns.py" source_line=383}

This isn't necessarily a bug; constant-folding is inherently a trade-off between compilation time and speed at runtime. XLA has some guards that attempt to keep constant folding from taking too long, but fundamentally you'll always be able to come up with an input program that takes a long time.

If you'd like to file a bug, run with envvar XLA_FLAGS=--xla_dump_to=/tmp/foo and attach the results.
2026-05-05 17:01:17.323060: E external/xla/xla/service/slow_operation_alarm.cc:73] Constant folding an instruction is taking > 1s:

  %exponential.4 = f64[36,75,75,200]{3,2,1,0} exponential(%constant.156), metadata={op_name="jit(_kernel)/jit(main)/jit(_fft_and_rslice)/exp" source_file="/global/homes/j/jackm/software/lorrax_B/src/common/load_wfns.py" source_line=383}

This isn't necessarily a bug; constant-folding is inherently a trade-off between compilation time and speed at runtime. XLA has some guards that attempt to keep constant folding from taking too long, but fundamentally you'll always be able to come up with an input program that takes a long time.

If you'd like to file a bug, run with envvar XLA_FLAGS=--xla_dump_to=/tmp/foo and attach the results.
2026-05-05 17:01:17.326242: E external/xla/xla/service/slow_operation_alarm.cc:140] The operation took 1.028287802s
Constant folding an instruction is taking > 1s:

  %imag.2 = f64[36,75,75,200]{3,2,1,0} imag(%constant.55), metadata={op_name="jit(_kernel)/jit(main)/jit(_fft_and_rslice)/exp" source_file="/global/homes/j/jackm/software/lorrax_B/src/common/load_wfns.py" source_line=383}

This isn't necessarily a bug; constant-folding is inherently a trade-off between compilation time and speed at runtime. XLA has some guards that attempt to keep constant folding from taking too long, but fundamentally you'll always be able to come up with an input program that takes a long time.

If you'd like to file a bug, run with envvar XLA_FLAGS=--xla_dump_to=/tmp/foo and attach the results.
2026-05-05 17:01:17.328342: E external/xla/xla/service/slow_operation_alarm.cc:140] The operation took 1.015523046s
Constant folding an instruction is taking > 1s:

  %sine.1 = f64[36,75,75,200]{3,2,1,0} sine(%constant.145), metadata={op_name="jit(_kernel)/jit(main)/jit(_fft_and_rslice)/exp" source_file="/global/homes/j/jackm/software/lorrax_B/src/common/load_wfns.py" source_line=383}

This isn't necessarily a bug; constant-folding is inherently a trade-off between compilation time and speed at runtime. XLA has some guards that attempt to keep constant folding from taking too long, but fundamentally you'll always be able to come up with an input program that takes a long time.

If you'd like to file a bug, run with envvar XLA_FLAGS=--xla_dump_to=/tmp/foo and attach the results.
2026-05-05 17:01:17.337216: E external/xla/xla/service/slow_operation_alarm.cc:140] The operation took 1.036044222s
Constant folding an instruction is taking > 1s:

  %exponential.4 = f64[36,75,75,200]{3,2,1,0} exponential(%constant.156), metadata={op_name="jit(_kernel)/jit(main)/jit(_fft_and_rslice)/exp" source_file="/global/homes/j/jackm/software/lorrax_B/src/common/load_wfns.py" source_line=383}

This isn't necessarily a bug; constant-folding is inherently a trade-off between compilation time and speed at runtime. XLA has some guards that attempt to keep constant folding from taking too long, but fundamentally you'll always be able to come up with an input program that takes a long time.

If you'd like to file a bug, run with envvar XLA_FLAGS=--xla_dump_to=/tmp/foo and attach the results.
[ 17:01:50 | ██████████ | 100% ] r-chunk 17 / 17 · ETA 0 s
Finished zeta fitting at 17:01:50.  Elapsed: 341 s.
  [SlabIO.close] draining 1 pending writes for zeta_q_mu3.h5 …
  [SlabIO.close] Python dispatch drained in 7.3 s; joining writer thread
  [SlabIO.close] writer thread joined in 0.0 s; calling H5Fclose collectively
  [SlabIO.close] H5Fclose returned in 1.6 s
  Zeta output: /pscratch/sd/j/jackm/lorrax_sandbox/runs/CrI3/B_nonbisp_baseline/tmp/zeta_q_mu3.h5  shape: (6,6,1,600,1125000)
  Timing (17 r-chunks, 374.6s total):
    fit    374.40s  100.0%
    H5       0.15s   0.0%
    V_q bare cutoff: 80.0 Ry (auto: ecutwfc)
    V_q budget:    67.36 GB
    V_q mu chunks: 1247
    V_q (bispinor) channels: n_rmu={0: 1500, 1: 600, 2: 600, 3: 600}
  V_q (bispinor): mesh=4x4, channels n_rmu={0: 1500, 1: 600, 2: 600, 3: 600}, 7 unique tiles + 3 hermitian-transpose, 6 zero by Coulomb gauge
    tile (0,0) [scalar (0,0)]: n_rmu=1500, same_zeta=True, write_g0=True
Started V_q tile at 17:02:33.
[ 17:02:33 | ░░░░░░░░░░ |   3% ] q-point  1 / 36 · ETA 0 s
[ 17:02:33 | █░░░░░░░░░ |   8% ] q-point  3 / 36 · ETA 0 s
[ 17:03:00 | █░░░░░░░░░ |  14% ] q-point  5 / 36 · ETA 168 s
[ 17:03:00 | ██░░░░░░░░ |  19% ] q-point  7 / 36 · ETA 113 s
[ 17:03:00 | ██░░░░░░░░ |  22% ] q-point  8 / 36 · ETA 95 s
[ 17:03:27 | ███░░░░░░░ |  28% ] q-point 10 / 36 · ETA 142 s
[ 17:03:27 | ███░░░░░░░ |  33% ] q-point 12 / 36 · ETA 109 s
[ 17:03:54 | ████░░░░░░ |  39% ] q-point 14 / 36 · ETA 128 s
[ 17:03:54 | ████░░░░░░ |  44% ] q-point 16 / 36 · ETA 102 s
[ 17:04:22 | █████░░░░░ |  50% ] q-point 18 / 36 · ETA 109 s
[ 17:04:22 | █████░░░░░ |  53% ] q-point 19 / 36 · ETA 98 s
[ 17:04:50 | ██████░░░░ |  58% ] q-point 21 / 36 · ETA 98 s
[ 17:04:50 | ██████░░░░ |  64% ] q-point 23 / 36 · ETA 78 s
[ 17:05:18 | ███████░░░ |  69% ] q-point 25 / 36 · ETA 73 s
[ 17:05:18 | ████████░░ |  75% ] q-point 27 / 36 · ETA 55 s
[ 17:05:46 | ████████░░ |  81% ] q-point 29 / 36 · ETA 47 s
[ 17:05:46 | ████████░░ |  83% ] q-point 30 / 36 · ETA 39 s
[ 17:05:46 | █████████░ |  89% ] q-point 32 / 36 · ETA 24 s
[ 17:06:14 | █████████░ |  94% ] q-point 34 / 36 · ETA 13 s
[ 17:06:14 | ██████████ | 100% ] q-point 36 / 36 · ETA 0 s
Finished V_q tile at 17:06:14.  Elapsed: 221 s.
    tile (1,1) [transverse diag]: n_rmu=600, same_zeta=True, write_g0=False
Started V_q tile at 17:07:04.
[ 17:07:04 | ░░░░░░░░░░ |   3% ] q-point  1 / 36 · ETA 0 s
[ 17:07:04 | █░░░░░░░░░ |   8% ] q-point  3 / 36 · ETA 0 s
[ 17:07:04 | █░░░░░░░░░ |  14% ] q-point  5 / 36 · ETA 0 s
[ 17:07:04 | ██░░░░░░░░ |  19% ] q-point  7 / 36 · ETA 0 s
[ 17:07:04 | ██░░░░░░░░ |  22% ] q-point  8 / 36 · ETA 0 s
[ 17:07:04 | ███░░░░░░░ |  28% ] q-point 10 / 36 · ETA 0 s
[ 17:07:04 | ███░░░░░░░ |  33% ] q-point 12 / 36 · ETA 0 s
[ 17:07:47 | ████░░░░░░ |  39% ] q-point 14 / 36 · ETA 67 s
[ 17:07:47 | ████░░░░░░ |  44% ] q-point 16 / 36 · ETA 53 s
[ 17:07:47 | █████░░░░░ |  50% ] q-point 18 / 36 · ETA 43 s
[ 17:07:47 | █████░░░░░ |  53% ] q-point 19 / 36 · ETA 38 s
[ 17:07:47 | ██████░░░░ |  58% ] q-point 21 / 36 · ETA 30 s
[ 17:07:47 | ██████░░░░ |  64% ] q-point 23 / 36 · ETA 24 s
[ 17:08:31 | ███████░░░ |  69% ] q-point 25 / 36 · ETA 38 s
[ 17:08:31 | ████████░░ |  75% ] q-point 27 / 36 · ETA 29 s
[ 17:08:31 | ████████░░ |  81% ] q-point 29 / 36 · ETA 21 s
[ 17:08:31 | ████████░░ |  83% ] q-point 30 / 36 · ETA 17 s
[ 17:08:31 | █████████░ |  89% ] q-point 32 / 36 · ETA 11 s
[ 17:08:31 | █████████░ |  94% ] q-point 34 / 36 · ETA 5 s
[ 17:08:31 | ██████████ | 100% ] q-point 36 / 36 · ETA 0 s
Finished V_q tile at 17:08:31.  Elapsed: 86 s.
    tile (2,2) [transverse diag]: n_rmu=600, same_zeta=True, write_g0=False
Started V_q tile at 17:09:25.
[ 17:09:25 | ░░░░░░░░░░ |   3% ] q-point  1 / 36 · ETA 0 s
[ 17:09:25 | █░░░░░░░░░ |   8% ] q-point  3 / 36 · ETA 0 s
[ 17:09:25 | █░░░░░░░░░ |  14% ] q-point  5 / 36 · ETA 0 s
[ 17:09:25 | ██░░░░░░░░ |  19% ] q-point  7 / 36 · ETA 0 s
[ 17:09:25 | ██░░░░░░░░ |  22% ] q-point  8 / 36 · ETA 0 s
[ 17:09:25 | ███░░░░░░░ |  28% ] q-point 10 / 36 · ETA 0 s
[ 17:09:25 | ███░░░░░░░ |  33% ] q-point 12 / 36 · ETA 0 s
[ 17:10:07 | ████░░░░░░ |  39% ] q-point 14 / 36 · ETA 66 s
[ 17:10:07 | ████░░░░░░ |  44% ] q-point 16 / 36 · ETA 53 s
[ 17:10:07 | █████░░░░░ |  50% ] q-point 18 / 36 · ETA 42 s
[ 17:10:07 | █████░░░░░ |  53% ] q-point 19 / 36 · ETA 38 s
[ 17:10:07 | ██████░░░░ |  58% ] q-point 21 / 36 · ETA 30 s
[ 17:10:07 | ██████░░░░ |  64% ] q-point 23 / 36 · ETA 24 s
[ 17:10:49 | ███████░░░ |  69% ] q-point 25 / 36 · ETA 37 s
[ 17:10:49 | ████████░░ |  75% ] q-point 27 / 36 · ETA 28 s
[ 17:10:49 | ████████░░ |  81% ] q-point 29 / 36 · ETA 20 s
[ 17:10:49 | ████████░░ |  83% ] q-point 30 / 36 · ETA 17 s
[ 17:10:49 | █████████░ |  89% ] q-point 32 / 36 · ETA 11 s
[ 17:10:49 | █████████░ |  94% ] q-point 34 / 36 · ETA 5 s
[ 17:10:49 | ██████████ | 100% ] q-point 36 / 36 · ETA 0 s
Finished V_q tile at 17:10:49.  Elapsed: 84 s.
    tile (3,3) [transverse diag]: n_rmu=600, same_zeta=True, write_g0=False
Started V_q tile at 17:11:47.
[ 17:11:47 | ░░░░░░░░░░ |   3% ] q-point  1 / 36 · ETA 0 s
[ 17:11:47 | █░░░░░░░░░ |   8% ] q-point  3 / 36 · ETA 0 s
[ 17:11:47 | █░░░░░░░░░ |  14% ] q-point  5 / 36 · ETA 0 s
[ 17:11:47 | ██░░░░░░░░ |  19% ] q-point  7 / 36 · ETA 0 s
[ 17:11:47 | ██░░░░░░░░ |  22% ] q-point  8 / 36 · ETA 0 s
[ 17:11:47 | ███░░░░░░░ |  28% ] q-point 10 / 36 · ETA 0 s
[ 17:11:47 | ███░░░░░░░ |  33% ] q-point 12 / 36 · ETA 0 s
[ 17:12:34 | ████░░░░░░ |  39% ] q-point 14 / 36 · ETA 73 s
[ 17:12:34 | ████░░░░░░ |  44% ] q-point 16 / 36 · ETA 58 s
[ 17:12:34 | █████░░░░░ |  50% ] q-point 18 / 36 · ETA 46 s
[ 17:12:34 | █████░░░░░ |  53% ] q-point 19 / 36 · ETA 41 s
[ 17:12:34 | ██████░░░░ |  58% ] q-point 21 / 36 · ETA 33 s
[ 17:12:34 | ██████░░░░ |  64% ] q-point 23 / 36 · ETA 26 s
[ 17:13:18 | ███████░░░ |  69% ] q-point 25 / 36 · ETA 40 s
[ 17:13:18 | ████████░░ |  75% ] q-point 27 / 36 · ETA 30 s
[ 17:13:18 | ████████░░ |  81% ] q-point 29 / 36 · ETA 22 s
[ 17:13:18 | ████████░░ |  83% ] q-point 30 / 36 · ETA 18 s
[ 17:13:18 | █████████░ |  89% ] q-point 32 / 36 · ETA 11 s
[ 17:13:18 | █████████░ |  94% ] q-point 34 / 36 · ETA 5 s
[ 17:13:18 | ██████████ | 100% ] q-point 36 / 36 · ETA 0 s
Finished V_q tile at 17:13:18.  Elapsed: 91 s.
    tile (1,2) [transverse off-diag]: n_rmu=600, same_zeta=False, write_g0=False
Started V_q tile at 17:14:46.
[ 17:14:46 | ░░░░░░░░░░ |   3% ] q-point  1 / 36 · ETA 0 s
[ 17:14:46 | █░░░░░░░░░ |   8% ] q-point  3 / 36 · ETA 0 s
[ 17:14:46 | █░░░░░░░░░ |  14% ] q-point  5 / 36 · ETA 0 s
[ 17:14:46 | ██░░░░░░░░ |  19% ] q-point  7 / 36 · ETA 0 s
[ 17:14:46 | ██░░░░░░░░ |  22% ] q-point  8 / 36 · ETA 0 s
[ 17:14:46 | ███░░░░░░░ |  28% ] q-point 10 / 36 · ETA 0 s
[ 17:14:46 | ███░░░░░░░ |  33% ] q-point 12 / 36 · ETA 0 s
[ 17:16:11 | ████░░░░░░ |  39% ] q-point 14 / 36 · ETA 134 s
[ 17:16:11 | ████░░░░░░ |  44% ] q-point 16 / 36 · ETA 107 s
[ 17:16:11 | █████░░░░░ |  50% ] q-point 18 / 36 · ETA 86 s
[ 17:16:11 | █████░░░░░ |  53% ] q-point 19 / 36 · ETA 77 s
[ 17:16:11 | ██████░░░░ |  58% ] q-point 21 / 36 · ETA 61 s
[ 17:16:11 | ██████░░░░ |  64% ] q-point 23 / 36 · ETA 48 s
[ 17:17:38 | ███████░░░ |  69% ] q-point 25 / 36 · ETA 76 s
[ 17:17:38 | ████████░░ |  75% ] q-point 27 / 36 · ETA 57 s
[ 17:17:38 | ████████░░ |  81% ] q-point 29 / 36 · ETA 42 s
[ 17:17:38 | ████████░░ |  83% ] q-point 30 / 36 · ETA 34 s
[ 17:17:38 | █████████░ |  89% ] q-point 32 / 36 · ETA 22 s
[ 17:17:38 | █████████░ |  94% ] q-point 34 / 36 · ETA 10 s
[ 17:17:38 | ██████████ | 100% ] q-point 36 / 36 · ETA 0 s
Finished V_q tile at 17:17:38.  Elapsed: 172 s.
    tile (1,3) [transverse off-diag]: n_rmu=600, same_zeta=False, write_g0=False
Started V_q tile at 17:19:01.
[ 17:19:01 | ░░░░░░░░░░ |   3% ] q-point  1 / 36 · ETA 0 s
[ 17:19:01 | █░░░░░░░░░ |   8% ] q-point  3 / 36 · ETA 0 s
[ 17:19:01 | █░░░░░░░░░ |  14% ] q-point  5 / 36 · ETA 0 s
[ 17:19:01 | ██░░░░░░░░ |  19% ] q-point  7 / 36 · ETA 0 s
[ 17:19:01 | ██░░░░░░░░ |  22% ] q-point  8 / 36 · ETA 0 s
[ 17:19:01 | ███░░░░░░░ |  28% ] q-point 10 / 36 · ETA 0 s
[ 17:19:01 | ███░░░░░░░ |  33% ] q-point 12 / 36 · ETA 0 s
[ 17:20:26 | ████░░░░░░ |  39% ] q-point 14 / 36 · ETA 133 s
[ 17:20:26 | ████░░░░░░ |  44% ] q-point 16 / 36 · ETA 106 s
[ 17:20:26 | █████░░░░░ |  50% ] q-point 18 / 36 · ETA 85 s
[ 17:20:26 | █████░░░░░ |  53% ] q-point 19 / 36 · ETA 76 s
[ 17:20:26 | ██████░░░░ |  58% ] q-point 21 / 36 · ETA 60 s
[ 17:20:26 | ██████░░░░ |  64% ] q-point 23 / 36 · ETA 48 s
[ 17:21:50 | ███████░░░ |  69% ] q-point 25 / 36 · ETA 74 s
[ 17:21:50 | ████████░░ |  75% ] q-point 27 / 36 · ETA 56 s
[ 17:21:50 | ████████░░ |  81% ] q-point 29 / 36 · ETA 41 s
[ 17:21:50 | ████████░░ |  83% ] q-point 30 / 36 · ETA 34 s
[ 17:21:50 | █████████░ |  89% ] q-point 32 / 36 · ETA 21 s
[ 17:21:50 | █████████░ |  94% ] q-point 34 / 36 · ETA 10 s
[ 17:21:50 | ██████████ | 100% ] q-point 36 / 36 · ETA 0 s
Finished V_q tile at 17:21:50.  Elapsed: 169 s.
    tile (2,3) [transverse off-diag]: n_rmu=600, same_zeta=False, write_g0=False
Started V_q tile at 17:23:13.
[ 17:23:13 | ░░░░░░░░░░ |   3% ] q-point  1 / 36 · ETA 0 s
[ 17:23:13 | █░░░░░░░░░ |   8% ] q-point  3 / 36 · ETA 0 s
[ 17:23:13 | █░░░░░░░░░ |  14% ] q-point  5 / 36 · ETA 0 s
[ 17:23:13 | ██░░░░░░░░ |  19% ] q-point  7 / 36 · ETA 0 s
[ 17:23:13 | ██░░░░░░░░ |  22% ] q-point  8 / 36 · ETA 0 s
[ 17:23:13 | ███░░░░░░░ |  28% ] q-point 10 / 36 · ETA 0 s
[ 17:23:13 | ███░░░░░░░ |  33% ] q-point 12 / 36 · ETA 0 s
[ 17:24:39 | ████░░░░░░ |  39% ] q-point 14 / 36 · ETA 135 s
[ 17:24:39 | ████░░░░░░ |  44% ] q-point 16 / 36 · ETA 107 s
[ 17:24:39 | █████░░░░░ |  50% ] q-point 18 / 36 · ETA 86 s
[ 17:24:39 | █████░░░░░ |  53% ] q-point 19 / 36 · ETA 77 s
[ 17:24:39 | ██████░░░░ |  58% ] q-point 21 / 36 · ETA 61 s
[ 17:24:39 | ██████░░░░ |  64% ] q-point 23 / 36 · ETA 49 s
[ 17:26:03 | ███████░░░ |  69% ] q-point 25 / 36 · ETA 75 s
[ 17:26:03 | ████████░░ |  75% ] q-point 27 / 36 · ETA 57 s
[ 17:26:03 | ████████░░ |  81% ] q-point 29 / 36 · ETA 41 s
[ 17:26:03 | ████████░░ |  83% ] q-point 30 / 36 · ETA 34 s
[ 17:26:03 | █████████░ |  89% ] q-point 32 / 36 · ETA 21 s
[ 17:26:03 | █████████░ |  94% ] q-point 34 / 36 · ETA 10 s
[ 17:26:03 | ██████████ | 100% ] q-point 36 / 36 · ETA 0 s
Finished V_q tile at 17:26:03.  Elapsed: 170 s.
  V_q (bispinor) done: 10 non-zero tiles (7 computed + 3 hermitian-transpose), 6 (0,i)/(i,0) tiles omitted by Coulomb gauge.
  [SlabIO.close] draining 0 pending writes for zeta_q.h5 …
  [SlabIO.close] Python dispatch drained in 0.0 s; joining writer thread
  [SlabIO.close] writer thread joined in 0.0 s; calling H5Fclose collectively
  [SlabIO.close] H5Fclose returned in 1.6 s
  [SlabIO.close] draining 0 pending writes for zeta_q_mu1.h5 …
  [SlabIO.close] Python dispatch drained in 0.0 s; joining writer thread
  [SlabIO.close] writer thread joined in 0.0 s; calling H5Fclose collectively
  [SlabIO.close] H5Fclose returned in 2.2 s
  [SlabIO.close] draining 0 pending writes for zeta_q_mu2.h5 …
  [SlabIO.close] Python dispatch drained in 0.0 s; joining writer thread
  [SlabIO.close] writer thread joined in 0.0 s; calling H5Fclose collectively
  [SlabIO.close] H5Fclose returned in 2.2 s
  [SlabIO.close] draining 0 pending writes for zeta_q_mu3.h5 …
  [SlabIO.close] Python dispatch drained in 0.0 s; joining writer thread
  [SlabIO.close] writer thread joined in 0.0 s; calling H5Fclose collectively
  [SlabIO.close] H5Fclose returned in 1.9 s

  V_q (bispinor) computed:
    10 non-zero (μ_L, ν_L) tiles (7 unique kernel + 3 hermitian-transpose; 6 zero by Coulomb gauge).
      (0,0) shape=(36, 1500, 1500), V_q=0 trace=6921180815695.4814
      (1,1) shape=(36, 600, 600), V_q=0 trace=866963434219402880.0000
      (1,2) shape=(36, 600, 600), V_q=0 trace=-1928993069587660.2500
      (1,3) shape=(36, 600, 600), V_q=0 trace=-721124428992823.0000
      (2,1) shape=(36, 600, 600), V_q=0 trace=-1928993069587660.2500
      (2,2) shape=(36, 600, 600), V_q=0 trace=49275085004049376.0000
      (2,3) shape=(36, 600, 600), V_q=0 trace=527339047920440.7500
      (3,1) shape=(36, 600, 600), V_q=0 trace=-721124428992823.0000
      (3,2) shape=(36, 600, 600), V_q=0 trace=527339047920440.7500
      (3,3) shape=(36, 600, 600), V_q=0 trace=20401928901307808.0000
  [SlabIO.close] draining 3 pending writes for isdf_tensors_1500.h5 …
  [SlabIO.close] Python dispatch drained in 0.9 s; joining writer thread
  [SlabIO.close] writer thread joined in 0.0 s; calling H5Fclose collectively
  [SlabIO.close] H5Fclose returned in 1.2 s
  Wavefunctions built (b0:b4=160 bands, 4 sharded copies: xn/xr/yr/yn)
  Wavefunctions built (b0:b4=160 bands, 4 sharded copies: xn/xr/yr/yn)
  [SlabIO.close] draining 1 pending writes for isdf_tensors_1500.h5 …
  [SlabIO.close] Python dispatch drained in 14.9 s; joining writer thread
  [SlabIO.close] writer thread joined in 0.0 s; calling H5Fclose collectively
  [SlabIO.close] H5Fclose returned in 0.0 s
  Chunked ISDF path complete

------------------------------------------------------------------------
  FINITE-SIZE CORRECTIONS
------------------------------------------------------------------------
  Head source: override
  v(q→0)  =        0.000 a.u.  (bare Coulomb head)

------------------------------------------------------------------------
  STATIC HEAD TERMS (exact COHSEX / BGW-style)
------------------------------------------------------------------------
  Head source: override
  v_h(q→0)           =     0.000000 a.u.
  W_h(q→0, ω=0)      =     0.000000 a.u.
  W_h^c              =     0.000000 a.u.
  Σ^X head (occ)     = 0.000000e+00 Ry
  Σ^SX head (occ)    = 0.000000e+00 Ry
  Σ^(SX-X) head(occ) = 0.000000e+00 Ry
  Σ^COH head (all)   = 0.000000e+00 Ry

  Σ_H^B (bispinor) per-μ_L diagonal trace contributions:
      μ_L=0: tr Σ_H = +464594.339851 eV  (bundle = charge)
      μ_L=1: tr Σ_H = -0.000004 eV  (bundle = current)
      μ_L=2: tr Σ_H = +0.000000 eV  (bundle = current)
      μ_L=3: tr Σ_H = -0.000001 eV  (bundle = current)

  Σ_X^B (bispinor) per-tile diagonal trace contributions:
      (0,0): tr Σ = -181984.347312 eV
      (1,1): tr Σ = -703695510.543042 eV
      (1,2): tr Σ = -3497180.699516 eV
      (1,3): tr Σ = +1018346.514418 eV
      (2,1): tr Σ = -3497180.699516 eV
      (2,2): tr Σ = -24050777259.536407 eV
      (2,3): tr Σ = +1155133.408610 eV
      (3,1): tr Σ = +1018346.514418 eV
      (3,2): tr Σ = +1155133.408610 eV
      (3,3): tr Σ = -4752259886.541255 eV
  Bare Σ_X diagonal (eV), k=0: -194610996.7387  -194610996.7387  -198080273.9371  -198080273.9371  -665143168.3476  -665143168.3476  -667452668.8166  -667452668.8166
Traceback (most recent call last):
  File "<frozen runpy>", line 198, in _run_module_as_main
  File "<frozen runpy>", line 88, in _run_code
  File "/global/homes/j/jackm/software/lorrax_B/src/gw/gw_jax.py", line 570, in <module>
Traceback (most recent call last):
  File "<frozen runpy>", line 198, in _run_module_as_main
  File "<frozen runpy>", line 88, in _run_code
  File "/global/homes/j/jackm/software/lorrax_B/src/gw/gw_jax.py", line 570, in <module>
Traceback (most recent call last):
  File "<frozen runpy>", line 198, in _run_module_as_main
  File "<frozen runpy>", line 88, in _run_code
  File "/global/homes/j/jackm/software/lorrax_B/src/gw/gw_jax.py", line 570, in <module>
Traceback (most recent call last):
  File "<frozen runpy>", line 198, in _run_module_as_main
  File "<frozen runpy>", line 88, in _run_code
  File "/global/homes/j/jackm/software/lorrax_B/src/gw/gw_jax.py", line 570, in <module>
Traceback (most recent call last):
  File "<frozen runpy>", line 198, in _run_module_as_main
  File "<frozen runpy>", line 88, in _run_code
  File "/global/homes/j/jackm/software/lorrax_B/src/gw/gw_jax.py", line 570, in <module>
Traceback (most recent call last):
  File "<frozen runpy>", line 198, in _run_module_as_main
  File "<frozen runpy>", line 88, in _run_code
  File "/global/homes/j/jackm/software/lorrax_B/src/gw/gw_jax.py", line 570, in <module>
Traceback (most recent call last):
  File "<frozen runpy>", line 198, in _run_module_as_main
  File "<frozen runpy>", line 88, in _run_code
  File "/global/homes/j/jackm/software/lorrax_B/src/gw/gw_jax.py", line 570, in <module>
Traceback (most recent call last):
  File "<frozen runpy>", line 198, in _run_module_as_main
  File "<frozen runpy>", line 88, in _run_code
  File "/global/homes/j/jackm/software/lorrax_B/src/gw/gw_jax.py", line 570, in <module>
Traceback (most recent call last):
  File "<frozen runpy>", line 198, in _run_module_as_main
  File "<frozen runpy>", line 88, in _run_code
  File "/global/homes/j/jackm/software/lorrax_B/src/gw/gw_jax.py", line 570, in <module>
Traceback (most recent call last):
  File "<frozen runpy>", line 198, in _run_module_as_main
  File "<frozen runpy>", line 88, in _run_code
  File "/global/homes/j/jackm/software/lorrax_B/src/gw/gw_jax.py", line 570, in <module>
Traceback (most recent call last):
  File "<frozen runpy>", line 198, in _run_module_as_main
  File "<frozen runpy>", line 88, in _run_code
  File "/global/homes/j/jackm/software/lorrax_B/src/gw/gw_jax.py", line 570, in <module>
Traceback (most recent call last):
  File "<frozen runpy>", line 198, in _run_module_as_main
  File "<frozen runpy>", line 88, in _run_code
  File "/global/homes/j/jackm/software/lorrax_B/src/gw/gw_jax.py", line 570, in <module>
Traceback (most recent call last):
  File "<frozen runpy>", line 198, in _run_module_as_main
  File "<frozen runpy>", line 88, in _run_code
  File "/global/homes/j/jackm/software/lorrax_B/src/gw/gw_jax.py", line 570, in <module>
Traceback (most recent call last):
  File "<frozen runpy>", line 198, in _run_module_as_main
  File "<frozen runpy>", line 88, in _run_code
  File "/global/homes/j/jackm/software/lorrax_B/src/gw/gw_jax.py", line 570, in <module>
Traceback (most recent call last):
  File "<frozen runpy>", line 198, in _run_module_as_main
  File "<frozen runpy>", line 88, in _run_code
  File "/global/homes/j/jackm/software/lorrax_B/src/gw/gw_jax.py", line 570, in <module>
Traceback (most recent call last):
  File "<frozen runpy>", line 198, in _run_module_as_main
  File "<frozen runpy>", line 88, in _run_code
  File "/global/homes/j/jackm/software/lorrax_B/src/gw/gw_jax.py", line 570, in <module>
    raise SystemExit(main())
                     ^^^^^^
  File "/global/homes/j/jackm/software/lorrax_B/src/gw/gw_jax.py", line 408, in main
    raise SystemExit(main())
    raise SystemExit(main())
                     ^^^^^^
    raise SystemExit(main())
  File "/global/homes/j/jackm/software/lorrax_B/src/gw/gw_jax.py", line 408, in main
    raise SystemExit(main())
    raise SystemExit(main())
    raise SystemExit(main())
    raise SystemExit(main())
    raise SystemExit(main())
                     ^^^^^^
  File "/global/homes/j/jackm/software/lorrax_B/src/gw/gw_jax.py", line 408, in main
    raise SystemExit(main())
                     ^^^^^^
  File "/global/homes/j/jackm/software/lorrax_B/src/gw/gw_jax.py", line 408, in main
    raise SystemExit(main())
    raise SystemExit(main())
                     ^^^^^^
  File "/global/homes/j/jackm/software/lorrax_B/src/gw/gw_jax.py", line 408, in main
    raise SystemExit(main())
                     ^^^^^^
  File "/global/homes/j/jackm/software/lorrax_B/src/gw/gw_jax.py", line 408, in main
    raise SystemExit(main())
    kin_ion = load_kin_ion_submatrix(config.paths.kin_ion_file, band_slices.b0, band_slices.b3)
    kin_ion = load_kin_ion_submatrix(config.paths.kin_ion_file, band_slices.b0, band_slices.b3)
              ^^^^^^^^^^^^^^^^^^^^^^^^^^^^^^^^^^^^^^^^^^^^^^^^^^^^^^^^^^^^^^^^^^^^^^^^^^^^^^^^^
  File "/global/homes/j/jackm/software/lorrax_B/src/file_io/kin_ion.py", line 36, in load_kin_ion_submatrix
              ^^^^^^^^^^^^^^^^^^^^^^^^^^^^^^^^^^^^^^^^^^^^^^^^^^^^^^^^^^^^^^^^^^^^^^^^^^^^^^^^^
                     ^^^^^^
  File "/global/homes/j/jackm/software/lorrax_B/src/file_io/kin_ion.py", line 36, in load_kin_ion_submatrix
  File "/global/homes/j/jackm/software/lorrax_B/src/gw/gw_jax.py", line 408, in main
                     ^^^^^^
    raise SystemExit(main())
  File "/global/homes/j/jackm/software/lorrax_B/src/gw/gw_jax.py", line 408, in main
                     ^^^^^^
  File "/global/homes/j/jackm/software/lorrax_B/src/gw/gw_jax.py", line 408, in main
    kin_ion = load_kin_ion_submatrix(config.paths.kin_ion_file, band_slices.b0, band_slices.b3)
                     ^^^^^^
  File "/global/homes/j/jackm/software/lorrax_B/src/gw/gw_jax.py", line 408, in main
              ^^^^^^^^^^^^^^^^^^^^^^^^^^^^^^^^^^^^^^^^^^^^^^^^^^^^^^^^^^^^^^^^^^^^^^^^^^^^^^^^^
  File "/global/homes/j/jackm/software/lorrax_B/src/file_io/kin_ion.py", line 36, in load_kin_ion_submatrix
    kin_ion = load_kin_ion_submatrix(config.paths.kin_ion_file, band_slices.b0, band_slices.b3)
                     ^^^^^^
  File "/global/homes/j/jackm/software/lorrax_B/src/gw/gw_jax.py", line 408, in main
              ^^^^^^^^^^^^^^^^^^^^^^^^^^^^^^^^^^^^^^^^^^^^^^^^^^^^^^^^^^^^^^^^^^^^^^^^^^^^^^^^^
  File "/global/homes/j/jackm/software/lorrax_B/src/file_io/kin_ion.py", line 36, in load_kin_ion_submatrix
                     ^^^^^^
  File "/global/homes/j/jackm/software/lorrax_B/src/gw/gw_jax.py", line 408, in main
                     ^^^^^^
  File "/global/homes/j/jackm/software/lorrax_B/src/gw/gw_jax.py", line 408, in main
                     ^^^^^^
    kin_ion = load_kin_ion_submatrix(config.paths.kin_ion_file, band_slices.b0, band_slices.b3)
  File "/global/homes/j/jackm/software/lorrax_B/src/gw/gw_jax.py", line 408, in main
              ^^^^^^^^^^^^^^^^^^^^^^^^^^^^^^^^^^^^^^^^^^^^^^^^^^^^^^^^^^^^^^^^^^^^^^^^^^^^^^^^^
  File "/global/homes/j/jackm/software/lorrax_B/src/file_io/kin_ion.py", line 36, in load_kin_ion_submatrix
    kin_ion = load_kin_ion_submatrix(config.paths.kin_ion_file, band_slices.b0, band_slices.b3)
              ^^^^^^^^^^^^^^^^^^^^^^^^^^^^^^^^^^^^^^^^^^^^^^^^^^^^^^^^^^^^^^^^^^^^^^^^^^^^^^^^^
  File "/global/homes/j/jackm/software/lorrax_B/src/file_io/kin_ion.py", line 36, in load_kin_ion_submatrix
    kin_ion = load_kin_ion_submatrix(config.paths.kin_ion_file, band_slices.b0, band_slices.b3)
    kin_ion = load_kin_ion_submatrix(config.paths.kin_ion_file, band_slices.b0, band_slices.b3)
              ^^^^^^^^^^^^^^^^^^^^^^^^^^^^^^^^^^^^^^^^^^^^^^^^^^^^^^^^^^^^^^^^^^^^^^^^^^^^^^^^^
  File "/global/homes/j/jackm/software/lorrax_B/src/file_io/kin_ion.py", line 36, in load_kin_ion_submatrix
              ^^^^^^^^^^^^^^^^^^^^^^^^^^^^^^^^^^^^^^^^^^^^^^^^^^^^^^^^^^^^^^^^^^^^^^^^^^^^^^^^^
  File "/global/homes/j/jackm/software/lorrax_B/src/file_io/kin_ion.py", line 36, in load_kin_ion_submatrix
    kin_ion = load_kin_ion_submatrix(config.paths.kin_ion_file, band_slices.b0, band_slices.b3)
              ^^^^^^^^^^^^^^^^^^^^^^^^^^^^^^^^^^^^^^^^^^^^^^^^^^^^^^^^^^^^^^^^^^^^^^^^^^^^^^^^^
    kin_ion = load_kin_ion_submatrix(config.paths.kin_ion_file, band_slices.b0, band_slices.b3)
  File "/global/homes/j/jackm/software/lorrax_B/src/file_io/kin_ion.py", line 36, in load_kin_ion_submatrix
              ^^^^^^^^^^^^^^^^^^^^^^^^^^^^^^^^^^^^^^^^^^^^^^^^^^^^^^^^^^^^^^^^^^^^^^^^^^^^^^^^^
  File "/global/homes/j/jackm/software/lorrax_B/src/file_io/kin_ion.py", line 36, in load_kin_ion_submatrix
    kin_ion = load_kin_ion_submatrix(config.paths.kin_ion_file, band_slices.b0, band_slices.b3)
              ^^^^^^^^^^^^^^^^^^^^^^^^^^^^^^^^^^^^^^^^^^^^^^^^^^^^^^^^^^^^^^^^^^^^^^^^^^^^^^^^^
  File "/global/homes/j/jackm/software/lorrax_B/src/file_io/kin_ion.py", line 36, in load_kin_ion_submatrix
    kin_ion = load_kin_ion_submatrix(config.paths.kin_ion_file, band_slices.b0, band_slices.b3)
    kin_ion = load_kin_ion_submatrix(config.paths.kin_ion_file, band_slices.b0, band_slices.b3)
              ^^^^^^^^^^^^^^^^^^^^^^^^^^^^^^^^^^^^^^^^^^^^^^^^^^^^^^^^^^^^^^^^^^^^^^^^^^^^^^^^^
  File "/global/homes/j/jackm/software/lorrax_B/src/file_io/kin_ion.py", line 36, in load_kin_ion_submatrix
              ^^^^^^^^^^^^^^^^^^^^^^^^^^^^^^^^^^^^^^^^^^^^^^^^^^^^^^^^^^^^^^^^^^^^^^^^^^^^^^^^^
  File "/global/homes/j/jackm/software/lorrax_B/src/file_io/kin_ion.py", line 36, in load_kin_ion_submatrix
    raise SystemExit(main())
                     ^^^^^^
                     ^^^^^^
  File "/global/homes/j/jackm/software/lorrax_B/src/gw/gw_jax.py", line 408, in main
  File "/global/homes/j/jackm/software/lorrax_B/src/gw/gw_jax.py", line 408, in main
    kin_ion = load_kin_ion_submatrix(config.paths.kin_ion_file, band_slices.b0, band_slices.b3)
              ^^^^^^^^^^^^^^^^^^^^^^^^^^^^^^^^^^^^^^^^^^^^^^^^^^^^^^^^^^^^^^^^^^^^^^^^^^^^^^^^^
  File "/global/homes/j/jackm/software/lorrax_B/src/file_io/kin_ion.py", line 36, in load_kin_ion_submatrix
    raise ValueError(
ValueError: Requested bands require 150 states but kin_ion only has 80
    raise ValueError(
    raise ValueError(
    raise ValueError(
ValueError: Requested bands require 150 states but kin_ion only has 80
ValueError: Requested bands require 150 states but kin_ion only has 80
ValueError: Requested bands require 150 states but kin_ion only has 80
    raise ValueError(
    raise ValueError(
    raise ValueError(
    raise ValueError(
ValueError: Requested bands require 150 states but kin_ion only has 80
    raise ValueError(
ValueError: Requested bands require 150 states but kin_ion only has 80
ValueError: Requested bands require 150 states but kin_ion only has 80
ValueError: Requested bands require 150 states but kin_ion only has 80
    raise ValueError(
ValueError: Requested bands require 150 states but kin_ion only has 80
ValueError: Requested bands require 150 states but kin_ion only has 80
    raise ValueError(
    raise ValueError(
ValueError: Requested bands require 150 states but kin_ion only has 80
ValueError: Requested bands require 150 states but kin_ion only has 80
    raise ValueError(
    raise ValueError(
ValueError: Requested bands require 150 states but kin_ion only has 80
ValueError: Requested bands require 150 states but kin_ion only has 80
    kin_ion = load_kin_ion_submatrix(config.paths.kin_ion_file, band_slices.b0, band_slices.b3)
              ^^^^^^^^^^^^^^^^^^^^^^^^^^^^^^^^^^^^^^^^^^^^^^^^^^^^^^^^^^^^^^^^^^^^^^^^^^^^^^^^^
  File "/global/homes/j/jackm/software/lorrax_B/src/file_io/kin_ion.py", line 36, in load_kin_ion_submatrix
    kin_ion = load_kin_ion_submatrix(config.paths.kin_ion_file, band_slices.b0, band_slices.b3)
              ^^^^^^^^^^^^^^^^^^^^^^^^^^^^^^^^^^^^^^^^^^^^^^^^^^^^^^^^^^^^^^^^^^^^^^^^^^^^^^^^^
    raise ValueError(
  File "/global/homes/j/jackm/software/lorrax_B/src/file_io/kin_ion.py", line 36, in load_kin_ion_submatrix
ValueError: Requested bands require 150 states but kin_ion only has 80
    raise ValueError(
ValueError: Requested bands require 150 states but kin_ion only has 80
srun: error: nid008473: task 15: Exited with exit code 1
srun: Terminating StepId=52502231.7
srun: error: nid008469: tasks 4,6-7: Exited with exit code 1
srun: error: nid008472: task 10: Exited with exit code 1
srun: error: nid008452: task 0: Exited with exit code 1
srun: error: nid008469: task 5: Exited with exit code 1
srun: error: nid008472: tasks 8-9,11: Exited with exit code 1
srun: error: nid008452: tasks 1-3: Exited with exit code 1
srun: error: nid008473: tasks 12-14: Exited with exit code 1
