[lxrun] JID 52502231 · 4 nodes · 3:51:15 left · 4/4 free · incoming: lx-B
  1  nid008452  free   —              —      —  ← starting lx-B  python3 -u -m gw.gw_jax 
  2  nid008469  free   —              —      —  ← starting lx-B  python3 -u -m gw.gw_jax 
  3  nid008472  free   —              —      —  ← starting lx-B  python3 -u -m gw.gw_jax 
  4  nid008473  free   —              —      —  ← starting lx-B  python3 -u -m gw.gw_jax 

========================================================================
  COHSEX-JAX: Self-Energy Calculation
========================================================================
  Backend: GPU       Devices: 16  Mesh: 4×4  Processes: 16
  Device type: NVIDIA A100-SXM4-80GB
  XLA preallocate: false  mem_fraction: unset
========================================================================

  ISDF basis: 1502 centroids
  FFT grid: 75×75×200   Cell volume: 4960.60 a.u.³

Traceback (most recent call last):
  File "<frozen runpy>", line 198, in _run_module_as_main
  File "<frozen runpy>", line 88, in _run_code
  File "/global/homes/j/jackm/software/lorrax_B/src/gw/gw_jax.py", line 570, in <module>
    raise SystemExit(main())
                     ^^^^^^
  File "/global/homes/j/jackm/software/lorrax_B/src/gw/gw_jax.py", line 175, in main
    isdf = prepare_isdf_and_wavefunctions(
           ^^^^^^^^^^^^^^^^^^^^^^^^^^^^^^^
  File "/global/homes/j/jackm/software/lorrax_B/src/gw/gw_init.py", line 1073, in prepare_isdf_and_wavefunctions
    psi_rmu_Y, psi_rmuT_X = load_centroids_band_chunked(
                            ^^^^^^^^^^^^^^^^^^^^^^^^^^^^
  File "/global/homes/j/jackm/software/lorrax_B/src/common/load_wfns.py", line 871, in load_centroids_band_chunked
    psi_rmu_all = jax.lax.with_sharding_constraint(psi_rmu_all, out_Y)
                  ^^^^^^^^^^^^^^^^^^^^^^^^^^^^^^^^^^^^^^^^^^^^^^^^^^^^
  File "/opt/jax/jax/_src/pjit.py", line 2568, in with_sharding_constraint
Traceback (most recent call last):
  File "<frozen runpy>", line 198, in _run_module_as_main
  File "<frozen runpy>", line 88, in _run_code
  File "/global/homes/j/jackm/software/lorrax_B/src/gw/gw_jax.py", line 570, in <module>
    outs = [sharding_constraint_p.bind(xf, sharding=s, layout=l,
            ^^^^^^^^^^^^^^^^^^^^^^^^^^^^^^^^^^^^^^^^^^^^^^^^^^^^
  File "/opt/jax/jax/_src/core.py", line 502, in bind
    return self._true_bind(*args, **params)
           ^^^^^^^^^^^^^^^^^^^^^^^^^^^^^^^^
  File "/opt/jax/jax/_src/core.py", line 520, in _true_bind
    return self.bind_with_trace(prev_trace, args, params)
           ^^^^^^^^^^^^^^^^^^^^^^^^^^^^^^^^^^^^^^^^^^^^^^
  File "/opt/jax/jax/_src/core.py", line 525, in bind_with_trace
    return trace.process_primitive(self, args, params)
           ^^^^^^^^^^^^^^^^^^^^^^^^^^^^^^^^^^^^^^^^^^^
  File "/opt/jax/jax/_src/core.py", line 1029, in process_primitive
    return primitive.impl(*args, **params)
           ^^^^^^^^^^^^^^^^^^^^^^^^^^^^^^^
  File "/opt/jax/jax/_src/pjit.py", line 2609, in _sharding_constraint_impl
    return api.jit(_identity_fn, out_shardings=sharding)(x)
           ^^^^^^^^^^^^^^^^^^^^^^^^^^^^^^^^^^^^^^^^^^^^^^^^
ValueError: One of pjit outputs with pytree key path result was given the sharding of NamedSharding(mesh=Mesh('x': 4, 'y': 4, axis_types=(Auto, Auto)), spec=PartitionSpec(None, None, None, 'y'), memory_kind=device), which implies that the global size of its dimension 3 should be divisible by 4, but it is equal to 1502 (full shape: (36, 160, 4, 1502))
--------------------
For simplicity, JAX has removed its internal frames from the traceback of the following exception. Set JAX_TRACEBACK_FILTERING=off to include these.
    raise SystemExit(main())
                     ^^^^^^
  File "/global/homes/j/jackm/software/lorrax_B/src/gw/gw_jax.py", line 175, in main
    isdf = prepare_isdf_and_wavefunctions(
           ^^^^^^^^^^^^^^^^^^^^^^^^^^^^^^^
  File "/global/homes/j/jackm/software/lorrax_B/src/gw/gw_init.py", line 1073, in prepare_isdf_and_wavefunctions
    psi_rmu_Y, psi_rmuT_X = load_centroids_band_chunked(
                            ^^^^^^^^^^^^^^^^^^^^^^^^^^^^
  File "/global/homes/j/jackm/software/lorrax_B/src/common/load_wfns.py", line 871, in load_centroids_band_chunked
    psi_rmu_all = jax.lax.with_sharding_constraint(psi_rmu_all, out_Y)
                  ^^^^^^^^^^^^^^^^^^^^^^^^^^^^^^^^^^^^^^^^^^^^^^^^^^^^
  File "/opt/jax/jax/_src/pjit.py", line 2568, in with_sharding_constraint
    outs = [sharding_constraint_p.bind(xf, sharding=s, layout=l,
            ^^^^^^^^^^^^^^^^^^^^^^^^^^^^^^^^^^^^^^^^^^^^^^^^^^^^
  File "/opt/jax/jax/_src/core.py", line 502, in bind
    return self._true_bind(*args, **params)
           ^^^^^^^^^^^^^^^^^^^^^^^^^^^^^^^^
  File "/opt/jax/jax/_src/core.py", line 520, in _true_bind
    return self.bind_with_trace(prev_trace, args, params)
           ^^^^^^^^^^^^^^^^^^^^^^^^^^^^^^^^^^^^^^^^^^^^^^
  File "/opt/jax/jax/_src/core.py", line 525, in bind_with_trace
    return trace.process_primitive(self, args, params)
           ^^^^^^^^^^^^^^^^^^^^^^^^^^^^^^^^^^^^^^^^^^^
  File "/opt/jax/jax/_src/core.py", line 1029, in process_primitive
    return primitive.impl(*args, **params)
           ^^^^^^^^^^^^^^^^^^^^^^^^^^^^^^^
  File "/opt/jax/jax/_src/pjit.py", line 2609, in _sharding_constraint_impl
    return api.jit(_identity_fn, out_shardings=sharding)(x)
           ^^^^^^^^^^^^^^^^^^^^^^^^^^^^^^^^^^^^^^^^^^^^^^^^
ValueError: One of pjit outputs with pytree key path result was given the sharding of NamedSharding(mesh=Mesh('x': 4, 'y': 4, axis_types=(Auto, Auto)), spec=PartitionSpec(None, None, None, 'y'), memory_kind=device), which implies that the global size of its dimension 3 should be divisible by 4, but it is equal to 1502 (full shape: (36, 160, 4, 1502))
--------------------
For simplicity, JAX has removed its internal frames from the traceback of the following exception. Set JAX_TRACEBACK_FILTERING=off to include these.
Traceback (most recent call last):
  File "<frozen runpy>", line 198, in _run_module_as_main
  File "<frozen runpy>", line 88, in _run_code
  File "/global/homes/j/jackm/software/lorrax_B/src/gw/gw_jax.py", line 570, in <module>
    raise SystemExit(main())
                     ^^^^^^
  File "/global/homes/j/jackm/software/lorrax_B/src/gw/gw_jax.py", line 175, in main
    isdf = prepare_isdf_and_wavefunctions(
           ^^^^^^^^^^^^^^^^^^^^^^^^^^^^^^^
  File "/global/homes/j/jackm/software/lorrax_B/src/gw/gw_init.py", line 1073, in prepare_isdf_and_wavefunctions
Traceback (most recent call last):
  File "<frozen runpy>", line 198, in _run_module_as_main
  File "<frozen runpy>", line 88, in _run_code
  File "/global/homes/j/jackm/software/lorrax_B/src/gw/gw_jax.py", line 570, in <module>
    psi_rmu_Y, psi_rmuT_X = load_centroids_band_chunked(
                            ^^^^^^^^^^^^^^^^^^^^^^^^^^^^
  File "/global/homes/j/jackm/software/lorrax_B/src/common/load_wfns.py", line 871, in load_centroids_band_chunked
    raise SystemExit(main())
                     ^^^^^^
  File "/global/homes/j/jackm/software/lorrax_B/src/gw/gw_jax.py", line 175, in main
    psi_rmu_all = jax.lax.with_sharding_constraint(psi_rmu_all, out_Y)
                  ^^^^^^^^^^^^^^^^^^^^^^^^^^^^^^^^^^^^^^^^^^^^^^^^^^^^
  File "/opt/jax/jax/_src/pjit.py", line 2568, in with_sharding_constraint
    isdf = prepare_isdf_and_wavefunctions(
           ^^^^^^^^^^^^^^^^^^^^^^^^^^^^^^^
  File "/global/homes/j/jackm/software/lorrax_B/src/gw/gw_init.py", line 1073, in prepare_isdf_and_wavefunctions
    outs = [sharding_constraint_p.bind(xf, sharding=s, layout=l,
            ^^^^^^^^^^^^^^^^^^^^^^^^^^^^^^^^^^^^^^^^^^^^^^^^^^^^
  File "/opt/jax/jax/_src/core.py", line 502, in bind
    return self._true_bind(*args, **params)
           ^^^^^^^^^^^^^^^^^^^^^^^^^^^^^^^^
  File "/opt/jax/jax/_src/core.py", line 520, in _true_bind
    return self.bind_with_trace(prev_trace, args, params)
           ^^^^^^^^^^^^^^^^^^^^^^^^^^^^^^^^^^^^^^^^^^^^^^
  File "/opt/jax/jax/_src/core.py", line 525, in bind_with_trace
    return trace.process_primitive(self, args, params)
           ^^^^^^^^^^^^^^^^^^^^^^^^^^^^^^^^^^^^^^^^^^^
  File "/opt/jax/jax/_src/core.py", line 1029, in process_primitive
    return primitive.impl(*args, **params)
           ^^^^^^^^^^^^^^^^^^^^^^^^^^^^^^^
  File "/opt/jax/jax/_src/pjit.py", line 2609, in _sharding_constraint_impl
    return api.jit(_identity_fn, out_shardings=sharding)(x)
           ^^^^^^^^^^^^^^^^^^^^^^^^^^^^^^^^^^^^^^^^^^^^^^^^
ValueError: One of pjit outputs with pytree key path result was given the sharding of NamedSharding(mesh=Mesh('x': 4, 'y': 4, axis_types=(Auto, Auto)), spec=PartitionSpec(None, None, None, 'y'), memory_kind=device), which implies that the global size of its dimension 3 should be divisible by 4, but it is equal to 1502 (full shape: (36, 160, 4, 1502))
--------------------
For simplicity, JAX has removed its internal frames from the traceback of the following exception. Set JAX_TRACEBACK_FILTERING=off to include these.
    psi_rmu_Y, psi_rmuT_X = load_centroids_band_chunked(
                            ^^^^^^^^^^^^^^^^^^^^^^^^^^^^
  File "/global/homes/j/jackm/software/lorrax_B/src/common/load_wfns.py", line 871, in load_centroids_band_chunked
    psi_rmu_all = jax.lax.with_sharding_constraint(psi_rmu_all, out_Y)
                  ^^^^^^^^^^^^^^^^^^^^^^^^^^^^^^^^^^^^^^^^^^^^^^^^^^^^
  File "/opt/jax/jax/_src/pjit.py", line 2568, in with_sharding_constraint
    outs = [sharding_constraint_p.bind(xf, sharding=s, layout=l,
            ^^^^^^^^^^^^^^^^^^^^^^^^^^^^^^^^^^^^^^^^^^^^^^^^^^^^
  File "/opt/jax/jax/_src/core.py", line 502, in bind
    return self._true_bind(*args, **params)
           ^^^^^^^^^^^^^^^^^^^^^^^^^^^^^^^^
  File "/opt/jax/jax/_src/core.py", line 520, in _true_bind
    return self.bind_with_trace(prev_trace, args, params)
           ^^^^^^^^^^^^^^^^^^^^^^^^^^^^^^^^^^^^^^^^^^^^^^
  File "/opt/jax/jax/_src/core.py", line 525, in bind_with_trace
    return trace.process_primitive(self, args, params)
           ^^^^^^^^^^^^^^^^^^^^^^^^^^^^^^^^^^^^^^^^^^^
  File "/opt/jax/jax/_src/core.py", line 1029, in process_primitive
    return primitive.impl(*args, **params)
           ^^^^^^^^^^^^^^^^^^^^^^^^^^^^^^^
  File "/opt/jax/jax/_src/pjit.py", line 2609, in _sharding_constraint_impl
    return api.jit(_identity_fn, out_shardings=sharding)(x)
           ^^^^^^^^^^^^^^^^^^^^^^^^^^^^^^^^^^^^^^^^^^^^^^^^
ValueError: One of pjit outputs with pytree key path result was given the sharding of NamedSharding(mesh=Mesh('x': 4, 'y': 4, axis_types=(Auto, Auto)), spec=PartitionSpec(None, None, None, 'y'), memory_kind=device), which implies that the global size of its dimension 3 should be divisible by 4, but it is equal to 1502 (full shape: (36, 160, 4, 1502))
--------------------
For simplicity, JAX has removed its internal frames from the traceback of the following exception. Set JAX_TRACEBACK_FILTERING=off to include these.
Traceback (most recent call last):
  File "<frozen runpy>", line 198, in _run_module_as_main
  File "<frozen runpy>", line 88, in _run_code
  File "/global/homes/j/jackm/software/lorrax_B/src/gw/gw_jax.py", line 570, in <module>
    raise SystemExit(main())
                     ^^^^^^
  File "/global/homes/j/jackm/software/lorrax_B/src/gw/gw_jax.py", line 175, in main
    isdf = prepare_isdf_and_wavefunctions(
           ^^^^^^^^^^^^^^^^^^^^^^^^^^^^^^^
  File "/global/homes/j/jackm/software/lorrax_B/src/gw/gw_init.py", line 1073, in prepare_isdf_and_wavefunctions
    psi_rmu_Y, psi_rmuT_X = load_centroids_band_chunked(
                            ^^^^^^^^^^^^^^^^^^^^^^^^^^^^
  File "/global/homes/j/jackm/software/lorrax_B/src/common/load_wfns.py", line 871, in load_centroids_band_chunked
    psi_rmu_all = jax.lax.with_sharding_constraint(psi_rmu_all, out_Y)
                  ^^^^^^^^^^^^^^^^^^^^^^^^^^^^^^^^^^^^^^^^^^^^^^^^^^^^
  File "/opt/jax/jax/_src/pjit.py", line 2568, in with_sharding_constraint
    outs = [sharding_constraint_p.bind(xf, sharding=s, layout=l,
            ^^^^^^^^^^^^^^^^^^^^^^^^^^^^^^^^^^^^^^^^^^^^^^^^^^^^
  File "/opt/jax/jax/_src/core.py", line 502, in bind
    return self._true_bind(*args, **params)
           ^^^^^^^^^^^^^^^^^^^^^^^^^^^^^^^^
  File "/opt/jax/jax/_src/core.py", line 520, in _true_bind
    return self.bind_with_trace(prev_trace, args, params)
           ^^^^^^^^^^^^^^^^^^^^^^^^^^^^^^^^^^^^^^^^^^^^^^
  File "/opt/jax/jax/_src/core.py", line 525, in bind_with_trace
    return trace.process_primitive(self, args, params)
           ^^^^^^^^^^^^^^^^^^^^^^^^^^^^^^^^^^^^^^^^^^^
  File "/opt/jax/jax/_src/core.py", line 1029, in process_primitive
    return primitive.impl(*args, **params)
           ^^^^^^^^^^^^^^^^^^^^^^^^^^^^^^^
  File "/opt/jax/jax/_src/pjit.py", line 2609, in _sharding_constraint_impl
    return api.jit(_identity_fn, out_shardings=sharding)(x)
           ^^^^^^^^^^^^^^^^^^^^^^^^^^^^^^^^^^^^^^^^^^^^^^^^
ValueError: One of pjit outputs with pytree key path result was given the sharding of NamedSharding(mesh=Mesh('x': 4, 'y': 4, axis_types=(Auto, Auto)), spec=PartitionSpec(None, None, None, 'y'), memory_kind=device), which implies that the global size of its dimension 3 should be divisible by 4, but it is equal to 1502 (full shape: (36, 160, 4, 1502))
--------------------
For simplicity, JAX has removed its internal frames from the traceback of the following exception. Set JAX_TRACEBACK_FILTERING=off to include these.
Traceback (most recent call last):
  File "<frozen runpy>", line 198, in _run_module_as_main
  File "<frozen runpy>", line 88, in _run_code
  File "/global/homes/j/jackm/software/lorrax_B/src/gw/gw_jax.py", line 570, in <module>
    raise SystemExit(main())
                     ^^^^^^
  File "/global/homes/j/jackm/software/lorrax_B/src/gw/gw_jax.py", line 175, in main
    isdf = prepare_isdf_and_wavefunctions(
           ^^^^^^^^^^^^^^^^^^^^^^^^^^^^^^^
  File "/global/homes/j/jackm/software/lorrax_B/src/gw/gw_init.py", line 1073, in prepare_isdf_and_wavefunctions
    psi_rmu_Y, psi_rmuT_X = load_centroids_band_chunked(
                            ^^^^^^^^^^^^^^^^^^^^^^^^^^^^
  File "/global/homes/j/jackm/software/lorrax_B/src/common/load_wfns.py", line 871, in load_centroids_band_chunked
    psi_rmu_all = jax.lax.with_sharding_constraint(psi_rmu_all, out_Y)
                  ^^^^^^^^^^^^^^^^^^^^^^^^^^^^^^^^^^^^^^^^^^^^^^^^^^^^
  File "/opt/jax/jax/_src/pjit.py", line 2568, in with_sharding_constraint
    outs = [sharding_constraint_p.bind(xf, sharding=s, layout=l,
            ^^^^^^^^^^^^^^^^^^^^^^^^^^^^^^^^^^^^^^^^^^^^^^^^^^^^
  File "/opt/jax/jax/_src/core.py", line 502, in bind
    return self._true_bind(*args, **params)
           ^^^^^^^^^^^^^^^^^^^^^^^^^^^^^^^^
  File "/opt/jax/jax/_src/core.py", line 520, in _true_bind
    return self.bind_with_trace(prev_trace, args, params)
           ^^^^^^^^^^^^^^^^^^^^^^^^^^^^^^^^^^^^^^^^^^^^^^
  File "/opt/jax/jax/_src/core.py", line 525, in bind_with_trace
    return trace.process_primitive(self, args, params)
           ^^^^^^^^^^^^^^^^^^^^^^^^^^^^^^^^^^^^^^^^^^^
  File "/opt/jax/jax/_src/core.py", line 1029, in process_primitive
    return primitive.impl(*args, **params)
           ^^^^^^^^^^^^^^^^^^^^^^^^^^^^^^^
  File "/opt/jax/jax/_src/pjit.py", line 2609, in _sharding_constraint_impl
    return api.jit(_identity_fn, out_shardings=sharding)(x)
           ^^^^^^^^^^^^^^^^^^^^^^^^^^^^^^^^^^^^^^^^^^^^^^^^
ValueError: One of pjit outputs with pytree key path result was given the sharding of NamedSharding(mesh=Mesh('x': 4, 'y': 4, axis_types=(Auto, Auto)), spec=PartitionSpec(None, None, None, 'y'), memory_kind=device), which implies that the global size of its dimension 3 should be divisible by 4, but it is equal to 1502 (full shape: (36, 160, 4, 1502))
--------------------
For simplicity, JAX has removed its internal frames from the traceback of the following exception. Set JAX_TRACEBACK_FILTERING=off to include these.
Traceback (most recent call last):
  File "<frozen runpy>", line 198, in _run_module_as_main
  File "<frozen runpy>", line 88, in _run_code
  File "/global/homes/j/jackm/software/lorrax_B/src/gw/gw_jax.py", line 570, in <module>
    raise SystemExit(main())
                     ^^^^^^
  File "/global/homes/j/jackm/software/lorrax_B/src/gw/gw_jax.py", line 175, in main
    isdf = prepare_isdf_and_wavefunctions(
           ^^^^^^^^^^^^^^^^^^^^^^^^^^^^^^^
  File "/global/homes/j/jackm/software/lorrax_B/src/gw/gw_init.py", line 1073, in prepare_isdf_and_wavefunctions
    psi_rmu_Y, psi_rmuT_X = load_centroids_band_chunked(
                            ^^^^^^^^^^^^^^^^^^^^^^^^^^^^
  File "/global/homes/j/jackm/software/lorrax_B/src/common/load_wfns.py", line 871, in load_centroids_band_chunked
    psi_rmu_all = jax.lax.with_sharding_constraint(psi_rmu_all, out_Y)
                  ^^^^^^^^^^^^^^^^^^^^^^^^^^^^^^^^^^^^^^^^^^^^^^^^^^^^
  File "/opt/jax/jax/_src/pjit.py", line 2568, in with_sharding_constraint
    outs = [sharding_constraint_p.bind(xf, sharding=s, layout=l,
            ^^^^^^^^^^^^^^^^^^^^^^^^^^^^^^^^^^^^^^^^^^^^^^^^^^^^
  File "/opt/jax/jax/_src/core.py", line 502, in bind
    return self._true_bind(*args, **params)
           ^^^^^^^^^^^^^^^^^^^^^^^^^^^^^^^^
  File "/opt/jax/jax/_src/core.py", line 520, in _true_bind
    return self.bind_with_trace(prev_trace, args, params)
           ^^^^^^^^^^^^^^^^^^^^^^^^^^^^^^^^^^^^^^^^^^^^^^
  File "/opt/jax/jax/_src/core.py", line 525, in bind_with_trace
    return trace.process_primitive(self, args, params)
           ^^^^^^^^^^^^^^^^^^^^^^^^^^^^^^^^^^^^^^^^^^^
  File "/opt/jax/jax/_src/core.py", line 1029, in process_primitive
    return primitive.impl(*args, **params)
           ^^^^^^^^^^^^^^^^^^^^^^^^^^^^^^^
  File "/opt/jax/jax/_src/pjit.py", line 2609, in _sharding_constraint_impl
    return api.jit(_identity_fn, out_shardings=sharding)(x)
           ^^^^^^^^^^^^^^^^^^^^^^^^^^^^^^^^^^^^^^^^^^^^^^^^
ValueError: One of pjit outputs with pytree key path result was given the sharding of NamedSharding(mesh=Mesh('x': 4, 'y': 4, axis_types=(Auto, Auto)), spec=PartitionSpec(None, None, None, 'y'), memory_kind=device), which implies that the global size of its dimension 3 should be divisible by 4, but it is equal to 1502 (full shape: (36, 160, 4, 1502))
--------------------
For simplicity, JAX has removed its internal frames from the traceback of the following exception. Set JAX_TRACEBACK_FILTERING=off to include these.
Traceback (most recent call last):
  File "<frozen runpy>", line 198, in _run_module_as_main
  File "<frozen runpy>", line 88, in _run_code
  File "/global/homes/j/jackm/software/lorrax_B/src/gw/gw_jax.py", line 570, in <module>
    raise SystemExit(main())
                     ^^^^^^
  File "/global/homes/j/jackm/software/lorrax_B/src/gw/gw_jax.py", line 175, in main
    isdf = prepare_isdf_and_wavefunctions(
           ^^^^^^^^^^^^^^^^^^^^^^^^^^^^^^^
  File "/global/homes/j/jackm/software/lorrax_B/src/gw/gw_init.py", line 1073, in prepare_isdf_and_wavefunctions
    psi_rmu_Y, psi_rmuT_X = load_centroids_band_chunked(
                            ^^^^^^^^^^^^^^^^^^^^^^^^^^^^
  File "/global/homes/j/jackm/software/lorrax_B/src/common/load_wfns.py", line 871, in load_centroids_band_chunked
    psi_rmu_all = jax.lax.with_sharding_constraint(psi_rmu_all, out_Y)
                  ^^^^^^^^^^^^^^^^^^^^^^^^^^^^^^^^^^^^^^^^^^^^^^^^^^^^
  File "/opt/jax/jax/_src/pjit.py", line 2568, in with_sharding_constraint
    outs = [sharding_constraint_p.bind(xf, sharding=s, layout=l,
            ^^^^^^^^^^^^^^^^^^^^^^^^^^^^^^^^^^^^^^^^^^^^^^^^^^^^
  File "/opt/jax/jax/_src/core.py", line 502, in bind
    return self._true_bind(*args, **params)
           ^^^^^^^^^^^^^^^^^^^^^^^^^^^^^^^^
  File "/opt/jax/jax/_src/core.py", line 520, in _true_bind
    return self.bind_with_trace(prev_trace, args, params)
           ^^^^^^^^^^^^^^^^^^^^^^^^^^^^^^^^^^^^^^^^^^^^^^
  File "/opt/jax/jax/_src/core.py", line 525, in bind_with_trace
    return trace.process_primitive(self, args, params)
           ^^^^^^^^^^^^^^^^^^^^^^^^^^^^^^^^^^^^^^^^^^^
  File "/opt/jax/jax/_src/core.py", line 1029, in process_primitive
    return primitive.impl(*args, **params)
           ^^^^^^^^^^^^^^^^^^^^^^^^^^^^^^^
  File "/opt/jax/jax/_src/pjit.py", line 2609, in _sharding_constraint_impl
    return api.jit(_identity_fn, out_shardings=sharding)(x)
           ^^^^^^^^^^^^^^^^^^^^^^^^^^^^^^^^^^^^^^^^^^^^^^^^
ValueError: One of pjit outputs with pytree key path result was given the sharding of NamedSharding(mesh=Mesh('x': 4, 'y': 4, axis_types=(Auto, Auto)), spec=PartitionSpec(None, None, None, 'y'), memory_kind=device), which implies that the global size of its dimension 3 should be divisible by 4, but it is equal to 1502 (full shape: (36, 160, 4, 1502))
--------------------
For simplicity, JAX has removed its internal frames from the traceback of the following exception. Set JAX_TRACEBACK_FILTERING=off to include these.
Traceback (most recent call last):
  File "<frozen runpy>", line 198, in _run_module_as_main
  File "<frozen runpy>", line 88, in _run_code
  File "/global/homes/j/jackm/software/lorrax_B/src/gw/gw_jax.py", line 570, in <module>
Traceback (most recent call last):
  File "<frozen runpy>", line 198, in _run_module_as_main
  File "<frozen runpy>", line 88, in _run_code
  File "/global/homes/j/jackm/software/lorrax_B/src/gw/gw_jax.py", line 570, in <module>
    raise SystemExit(main())
                     ^^^^^^
  File "/global/homes/j/jackm/software/lorrax_B/src/gw/gw_jax.py", line 175, in main
    raise SystemExit(main())
                     ^^^^^^
  File "/global/homes/j/jackm/software/lorrax_B/src/gw/gw_jax.py", line 175, in main
    isdf = prepare_isdf_and_wavefunctions(
           ^^^^^^^^^^^^^^^^^^^^^^^^^^^^^^^
  File "/global/homes/j/jackm/software/lorrax_B/src/gw/gw_init.py", line 1073, in prepare_isdf_and_wavefunctions
Traceback (most recent call last):
  File "<frozen runpy>", line 198, in _run_module_as_main
  File "<frozen runpy>", line 88, in _run_code
  File "/global/homes/j/jackm/software/lorrax_B/src/gw/gw_jax.py", line 570, in <module>
    isdf = prepare_isdf_and_wavefunctions(
           ^^^^^^^^^^^^^^^^^^^^^^^^^^^^^^^
  File "/global/homes/j/jackm/software/lorrax_B/src/gw/gw_init.py", line 1073, in prepare_isdf_and_wavefunctions
    psi_rmu_Y, psi_rmuT_X = load_centroids_band_chunked(
                            ^^^^^^^^^^^^^^^^^^^^^^^^^^^^
  File "/global/homes/j/jackm/software/lorrax_B/src/common/load_wfns.py", line 871, in load_centroids_band_chunked
    psi_rmu_Y, psi_rmuT_X = load_centroids_band_chunked(
    raise SystemExit(main())
                            ^^^^^^^^^^^^^^^^^^^^^^^^^^^^
  File "/global/homes/j/jackm/software/lorrax_B/src/common/load_wfns.py", line 871, in load_centroids_band_chunked
                     ^^^^^^
  File "/global/homes/j/jackm/software/lorrax_B/src/gw/gw_jax.py", line 175, in main
Traceback (most recent call last):
  File "<frozen runpy>", line 198, in _run_module_as_main
  File "<frozen runpy>", line 88, in _run_code
  File "/global/homes/j/jackm/software/lorrax_B/src/gw/gw_jax.py", line 570, in <module>
    psi_rmu_all = jax.lax.with_sharding_constraint(psi_rmu_all, out_Y)
                  ^^^^^^^^^^^^^^^^^^^^^^^^^^^^^^^^^^^^^^^^^^^^^^^^^^^^
  File "/opt/jax/jax/_src/pjit.py", line 2568, in with_sharding_constraint
    outs = [sharding_constraint_p.bind(xf, sharding=s, layout=l,
            ^^^^^^^^^^^^^^^^^^^^^^^^^^^^^^^^^^^^^^^^^^^^^^^^^^^^
    isdf = prepare_isdf_and_wavefunctions(
  File "/opt/jax/jax/_src/core.py", line 502, in bind
           ^^^^^^^^^^^^^^^^^^^^^^^^^^^^^^^
  File "/global/homes/j/jackm/software/lorrax_B/src/gw/gw_init.py", line 1073, in prepare_isdf_and_wavefunctions
    return self._true_bind(*args, **params)
           ^^^^^^^^^^^^^^^^^^^^^^^^^^^^^^^^
  File "/opt/jax/jax/_src/core.py", line 520, in _true_bind
    return self.bind_with_trace(prev_trace, args, params)
    psi_rmu_all = jax.lax.with_sharding_constraint(psi_rmu_all, out_Y)
           ^^^^^^^^^^^^^^^^^^^^^^^^^^^^^^^^^^^^^^^^^^^^^^
  File "/opt/jax/jax/_src/core.py", line 525, in bind_with_trace
    return trace.process_primitive(self, args, params)
                  ^^^^^^^^^^^^^^^^^^^^^^^^^^^^^^^^^^^^^^^^^^^^^^^^^^^^
  File "/opt/jax/jax/_src/pjit.py", line 2568, in with_sharding_constraint
           ^^^^^^^^^^^^^^^^^^^^^^^^^^^^^^^^^^^^^^^^^^^
  File "/opt/jax/jax/_src/core.py", line 1029, in process_primitive
    return primitive.impl(*args, **params)
           ^^^^^^^^^^^^^^^^^^^^^^^^^^^^^^^
  File "/opt/jax/jax/_src/pjit.py", line 2609, in _sharding_constraint_impl
    outs = [sharding_constraint_p.bind(xf, sharding=s, layout=l,
            ^^^^^^^^^^^^^^^^^^^^^^^^^^^^^^^^^^^^^^^^^^^^^^^^^^^^
  File "/opt/jax/jax/_src/core.py", line 502, in bind
    return self._true_bind(*args, **params)
    return api.jit(_identity_fn, out_shardings=sharding)(x)
           ^^^^^^^^^^^^^^^^^^^^^^^^^^^^^^^^
  File "/opt/jax/jax/_src/core.py", line 520, in _true_bind
           ^^^^^^^^^^^^^^^^^^^^^^^^^^^^^^^^^^^^^^^^^^^^^^^^
ValueError: One of pjit outputs with pytree key path result was given the sharding of NamedSharding(mesh=Mesh('x': 4, 'y': 4, axis_types=(Auto, Auto)), spec=PartitionSpec(None, None, None, 'y'), memory_kind=device), which implies that the global size of its dimension 3 should be divisible by 4, but it is equal to 1502 (full shape: (36, 160, 4, 1502))
--------------------
For simplicity, JAX has removed its internal frames from the traceback of the following exception. Set JAX_TRACEBACK_FILTERING=off to include these.
    return self.bind_with_trace(prev_trace, args, params)
           ^^^^^^^^^^^^^^^^^^^^^^^^^^^^^^^^^^^^^^^^^^^^^^
  File "/opt/jax/jax/_src/core.py", line 525, in bind_with_trace
    return trace.process_primitive(self, args, params)
    raise SystemExit(main())
                     ^^^^^^
  File "/global/homes/j/jackm/software/lorrax_B/src/gw/gw_jax.py", line 175, in main
           ^^^^^^^^^^^^^^^^^^^^^^^^^^^^^^^^^^^^^^^^^^^
  File "/opt/jax/jax/_src/core.py", line 1029, in process_primitive
    return primitive.impl(*args, **params)
           ^^^^^^^^^^^^^^^^^^^^^^^^^^^^^^^
  File "/opt/jax/jax/_src/pjit.py", line 2609, in _sharding_constraint_impl
    return api.jit(_identity_fn, out_shardings=sharding)(x)
    psi_rmu_Y, psi_rmuT_X = load_centroids_band_chunked(
           ^^^^^^^^^^^^^^^^^^^^^^^^^^^^^^^^^^^^^^^^^^^^^^^^
ValueError: One of pjit outputs with pytree key path result was given the sharding of NamedSharding(mesh=Mesh('x': 4, 'y': 4, axis_types=(Auto, Auto)), spec=PartitionSpec(None, None, None, 'y'), memory_kind=device), which implies that the global size of its dimension 3 should be divisible by 4, but it is equal to 1502 (full shape: (36, 160, 4, 1502))
--------------------
For simplicity, JAX has removed its internal frames from the traceback of the following exception. Set JAX_TRACEBACK_FILTERING=off to include these.
                            ^^^^^^^^^^^^^^^^^^^^^^^^^^^^
  File "/global/homes/j/jackm/software/lorrax_B/src/common/load_wfns.py", line 871, in load_centroids_band_chunked
    isdf = prepare_isdf_and_wavefunctions(
           ^^^^^^^^^^^^^^^^^^^^^^^^^^^^^^^
  File "/global/homes/j/jackm/software/lorrax_B/src/gw/gw_init.py", line 1073, in prepare_isdf_and_wavefunctions
    psi_rmu_all = jax.lax.with_sharding_constraint(psi_rmu_all, out_Y)
                  ^^^^^^^^^^^^^^^^^^^^^^^^^^^^^^^^^^^^^^^^^^^^^^^^^^^^
  File "/opt/jax/jax/_src/pjit.py", line 2568, in with_sharding_constraint
    outs = [sharding_constraint_p.bind(xf, sharding=s, layout=l,
            ^^^^^^^^^^^^^^^^^^^^^^^^^^^^^^^^^^^^^^^^^^^^^^^^^^^^
  File "/opt/jax/jax/_src/core.py", line 502, in bind
    return self._true_bind(*args, **params)
           ^^^^^^^^^^^^^^^^^^^^^^^^^^^^^^^^
  File "/opt/jax/jax/_src/core.py", line 520, in _true_bind
    return self.bind_with_trace(prev_trace, args, params)
           ^^^^^^^^^^^^^^^^^^^^^^^^^^^^^^^^^^^^^^^^^^^^^^
  File "/opt/jax/jax/_src/core.py", line 525, in bind_with_trace
    return trace.process_primitive(self, args, params)
    psi_rmu_Y, psi_rmuT_X = load_centroids_band_chunked(
           ^^^^^^^^^^^^^^^^^^^^^^^^^^^^^^^^^^^^^^^^^^^
  File "/opt/jax/jax/_src/core.py", line 1029, in process_primitive
                            ^^^^^^^^^^^^^^^^^^^^^^^^^^^^
  File "/global/homes/j/jackm/software/lorrax_B/src/common/load_wfns.py", line 871, in load_centroids_band_chunked
    return primitive.impl(*args, **params)
           ^^^^^^^^^^^^^^^^^^^^^^^^^^^^^^^
  File "/opt/jax/jax/_src/pjit.py", line 2609, in _sharding_constraint_impl
    return api.jit(_identity_fn, out_shardings=sharding)(x)
           ^^^^^^^^^^^^^^^^^^^^^^^^^^^^^^^^^^^^^^^^^^^^^^^^
ValueError: One of pjit outputs with pytree key path result was given the sharding of NamedSharding(mesh=Mesh('x': 4, 'y': 4, axis_types=(Auto, Auto)), spec=PartitionSpec(None, None, None, 'y'), memory_kind=device), which implies that the global size of its dimension 3 should be divisible by 4, but it is equal to 1502 (full shape: (36, 160, 4, 1502))
--------------------
For simplicity, JAX has removed its internal frames from the traceback of the following exception. Set JAX_TRACEBACK_FILTERING=off to include these.
    psi_rmu_all = jax.lax.with_sharding_constraint(psi_rmu_all, out_Y)
                  ^^^^^^^^^^^^^^^^^^^^^^^^^^^^^^^^^^^^^^^^^^^^^^^^^^^^
  File "/opt/jax/jax/_src/pjit.py", line 2568, in with_sharding_constraint
    outs = [sharding_constraint_p.bind(xf, sharding=s, layout=l,
            ^^^^^^^^^^^^^^^^^^^^^^^^^^^^^^^^^^^^^^^^^^^^^^^^^^^^
  File "/opt/jax/jax/_src/core.py", line 502, in bind
    return self._true_bind(*args, **params)
           ^^^^^^^^^^^^^^^^^^^^^^^^^^^^^^^^
  File "/opt/jax/jax/_src/core.py", line 520, in _true_bind
    return self.bind_with_trace(prev_trace, args, params)
           ^^^^^^^^^^^^^^^^^^^^^^^^^^^^^^^^^^^^^^^^^^^^^^
  File "/opt/jax/jax/_src/core.py", line 525, in bind_with_trace
    return trace.process_primitive(self, args, params)
           ^^^^^^^^^^^^^^^^^^^^^^^^^^^^^^^^^^^^^^^^^^^
  File "/opt/jax/jax/_src/core.py", line 1029, in process_primitive
    return primitive.impl(*args, **params)
           ^^^^^^^^^^^^^^^^^^^^^^^^^^^^^^^
  File "/opt/jax/jax/_src/pjit.py", line 2609, in _sharding_constraint_impl
    return api.jit(_identity_fn, out_shardings=sharding)(x)
           ^^^^^^^^^^^^^^^^^^^^^^^^^^^^^^^^^^^^^^^^^^^^^^^^
ValueError: One of pjit outputs with pytree key path result was given the sharding of NamedSharding(mesh=Mesh('x': 4, 'y': 4, axis_types=(Auto, Auto)), spec=PartitionSpec(None, None, None, 'y'), memory_kind=device), which implies that the global size of its dimension 3 should be divisible by 4, but it is equal to 1502 (full shape: (36, 160, 4, 1502))
--------------------
For simplicity, JAX has removed its internal frames from the traceback of the following exception. Set JAX_TRACEBACK_FILTERING=off to include these.
Traceback (most recent call last):
  File "<frozen runpy>", line 198, in _run_module_as_main
  File "<frozen runpy>", line 88, in _run_code
  File "/global/homes/j/jackm/software/lorrax_B/src/gw/gw_jax.py", line 570, in <module>
Traceback (most recent call last):
  File "<frozen runpy>", line 198, in _run_module_as_main
  File "<frozen runpy>", line 88, in _run_code
  File "/global/homes/j/jackm/software/lorrax_B/src/gw/gw_jax.py", line 570, in <module>
    raise SystemExit(main())
                     ^^^^^^
  File "/global/homes/j/jackm/software/lorrax_B/src/gw/gw_jax.py", line 175, in main
    raise SystemExit(main())
                     ^^^^^^
  File "/global/homes/j/jackm/software/lorrax_B/src/gw/gw_jax.py", line 175, in main
    isdf = prepare_isdf_and_wavefunctions(
           ^^^^^^^^^^^^^^^^^^^^^^^^^^^^^^^
  File "/global/homes/j/jackm/software/lorrax_B/src/gw/gw_init.py", line 1073, in prepare_isdf_and_wavefunctions
    isdf = prepare_isdf_and_wavefunctions(
           ^^^^^^^^^^^^^^^^^^^^^^^^^^^^^^^
  File "/global/homes/j/jackm/software/lorrax_B/src/gw/gw_init.py", line 1073, in prepare_isdf_and_wavefunctions
    psi_rmu_Y, psi_rmuT_X = load_centroids_band_chunked(
                            ^^^^^^^^^^^^^^^^^^^^^^^^^^^^
  File "/global/homes/j/jackm/software/lorrax_B/src/common/load_wfns.py", line 871, in load_centroids_band_chunked
    psi_rmu_Y, psi_rmuT_X = load_centroids_band_chunked(
                            ^^^^^^^^^^^^^^^^^^^^^^^^^^^^
  File "/global/homes/j/jackm/software/lorrax_B/src/common/load_wfns.py", line 871, in load_centroids_band_chunked
    psi_rmu_all = jax.lax.with_sharding_constraint(psi_rmu_all, out_Y)
                  ^^^^^^^^^^^^^^^^^^^^^^^^^^^^^^^^^^^^^^^^^^^^^^^^^^^^
  File "/opt/jax/jax/_src/pjit.py", line 2568, in with_sharding_constraint
    outs = [sharding_constraint_p.bind(xf, sharding=s, layout=l,
            ^^^^^^^^^^^^^^^^^^^^^^^^^^^^^^^^^^^^^^^^^^^^^^^^^^^^
  File "/opt/jax/jax/_src/core.py", line 502, in bind
    return self._true_bind(*args, **params)
           ^^^^^^^^^^^^^^^^^^^^^^^^^^^^^^^^
  File "/opt/jax/jax/_src/core.py", line 520, in _true_bind
    return self.bind_with_trace(prev_trace, args, params)
           ^^^^^^^^^^^^^^^^^^^^^^^^^^^^^^^^^^^^^^^^^^^^^^
  File "/opt/jax/jax/_src/core.py", line 525, in bind_with_trace
    return trace.process_primitive(self, args, params)
           ^^^^^^^^^^^^^^^^^^^^^^^^^^^^^^^^^^^^^^^^^^^
  File "/opt/jax/jax/_src/core.py", line 1029, in process_primitive
    return primitive.impl(*args, **params)
           ^^^^^^^^^^^^^^^^^^^^^^^^^^^^^^^
  File "/opt/jax/jax/_src/pjit.py", line 2609, in _sharding_constraint_impl
    psi_rmu_all = jax.lax.with_sharding_constraint(psi_rmu_all, out_Y)
    return api.jit(_identity_fn, out_shardings=sharding)(x)
                  ^^^^^^^^^^^^^^^^^^^^^^^^^^^^^^^^^^^^^^^^^^^^^^^^^^^^
  File "/opt/jax/jax/_src/pjit.py", line 2568, in with_sharding_constraint
           ^^^^^^^^^^^^^^^^^^^^^^^^^^^^^^^^^^^^^^^^^^^^^^^^
ValueError: One of pjit outputs with pytree key path result was given the sharding of NamedSharding(mesh=Mesh('x': 4, 'y': 4, axis_types=(Auto, Auto)), spec=PartitionSpec(None, None, None, 'y'), memory_kind=device), which implies that the global size of its dimension 3 should be divisible by 4, but it is equal to 1502 (full shape: (36, 160, 4, 1502))
--------------------
For simplicity, JAX has removed its internal frames from the traceback of the following exception. Set JAX_TRACEBACK_FILTERING=off to include these.
    outs = [sharding_constraint_p.bind(xf, sharding=s, layout=l,
            ^^^^^^^^^^^^^^^^^^^^^^^^^^^^^^^^^^^^^^^^^^^^^^^^^^^^
  File "/opt/jax/jax/_src/core.py", line 502, in bind
    return self._true_bind(*args, **params)
Traceback (most recent call last):
  File "<frozen runpy>", line 198, in _run_module_as_main
  File "<frozen runpy>", line 88, in _run_code
  File "/global/homes/j/jackm/software/lorrax_B/src/gw/gw_jax.py", line 570, in <module>
           ^^^^^^^^^^^^^^^^^^^^^^^^^^^^^^^^
  File "/opt/jax/jax/_src/core.py", line 520, in _true_bind
    return self.bind_with_trace(prev_trace, args, params)
           ^^^^^^^^^^^^^^^^^^^^^^^^^^^^^^^^^^^^^^^^^^^^^^
  File "/opt/jax/jax/_src/core.py", line 525, in bind_with_trace
    return trace.process_primitive(self, args, params)
           ^^^^^^^^^^^^^^^^^^^^^^^^^^^^^^^^^^^^^^^^^^^
  File "/opt/jax/jax/_src/core.py", line 1029, in process_primitive
    return primitive.impl(*args, **params)
Traceback (most recent call last):
  File "<frozen runpy>", line 198, in _run_module_as_main
  File "<frozen runpy>", line 88, in _run_code
  File "/global/homes/j/jackm/software/lorrax_B/src/gw/gw_jax.py", line 570, in <module>
           ^^^^^^^^^^^^^^^^^^^^^^^^^^^^^^^
  File "/opt/jax/jax/_src/pjit.py", line 2609, in _sharding_constraint_impl
    return api.jit(_identity_fn, out_shardings=sharding)(x)
           ^^^^^^^^^^^^^^^^^^^^^^^^^^^^^^^^^^^^^^^^^^^^^^^^
ValueError: One of pjit outputs with pytree key path result was given the sharding of NamedSharding(mesh=Mesh('x': 4, 'y': 4, axis_types=(Auto, Auto)), spec=PartitionSpec(None, None, None, 'y'), memory_kind=device), which implies that the global size of its dimension 3 should be divisible by 4, but it is equal to 1502 (full shape: (36, 160, 4, 1502))
--------------------
For simplicity, JAX has removed its internal frames from the traceback of the following exception. Set JAX_TRACEBACK_FILTERING=off to include these.
    raise SystemExit(main())
                     ^^^^^^
  File "/global/homes/j/jackm/software/lorrax_B/src/gw/gw_jax.py", line 175, in main
    raise SystemExit(main())
                     ^^^^^^
  File "/global/homes/j/jackm/software/lorrax_B/src/gw/gw_jax.py", line 175, in main
    isdf = prepare_isdf_and_wavefunctions(
           ^^^^^^^^^^^^^^^^^^^^^^^^^^^^^^^
  File "/global/homes/j/jackm/software/lorrax_B/src/gw/gw_init.py", line 1073, in prepare_isdf_and_wavefunctions
    isdf = prepare_isdf_and_wavefunctions(
           ^^^^^^^^^^^^^^^^^^^^^^^^^^^^^^^
  File "/global/homes/j/jackm/software/lorrax_B/src/gw/gw_init.py", line 1073, in prepare_isdf_and_wavefunctions
    psi_rmu_Y, psi_rmuT_X = load_centroids_band_chunked(
                            ^^^^^^^^^^^^^^^^^^^^^^^^^^^^
  File "/global/homes/j/jackm/software/lorrax_B/src/common/load_wfns.py", line 871, in load_centroids_band_chunked
    psi_rmu_Y, psi_rmuT_X = load_centroids_band_chunked(
                            ^^^^^^^^^^^^^^^^^^^^^^^^^^^^
  File "/global/homes/j/jackm/software/lorrax_B/src/common/load_wfns.py", line 871, in load_centroids_band_chunked
    psi_rmu_all = jax.lax.with_sharding_constraint(psi_rmu_all, out_Y)
                  ^^^^^^^^^^^^^^^^^^^^^^^^^^^^^^^^^^^^^^^^^^^^^^^^^^^^
  File "/opt/jax/jax/_src/pjit.py", line 2568, in with_sharding_constraint
    psi_rmu_all = jax.lax.with_sharding_constraint(psi_rmu_all, out_Y)
    outs = [sharding_constraint_p.bind(xf, sharding=s, layout=l,
                  ^^^^^^^^^^^^^^^^^^^^^^^^^^^^^^^^^^^^^^^^^^^^^^^^^^^^
  File "/opt/jax/jax/_src/pjit.py", line 2568, in with_sharding_constraint
            ^^^^^^^^^^^^^^^^^^^^^^^^^^^^^^^^^^^^^^^^^^^^^^^^^^^^
  File "/opt/jax/jax/_src/core.py", line 502, in bind
    return self._true_bind(*args, **params)
           ^^^^^^^^^^^^^^^^^^^^^^^^^^^^^^^^
  File "/opt/jax/jax/_src/core.py", line 520, in _true_bind
    return self.bind_with_trace(prev_trace, args, params)
    outs = [sharding_constraint_p.bind(xf, sharding=s, layout=l,
           ^^^^^^^^^^^^^^^^^^^^^^^^^^^^^^^^^^^^^^^^^^^^^^
            ^^^^^^^^^^^^^^^^^^^^^^^^^^^^^^^^^^^^^^^^^^^^^^^^^^^^
  File "/opt/jax/jax/_src/core.py", line 525, in bind_with_trace
  File "/opt/jax/jax/_src/core.py", line 502, in bind
    return trace.process_primitive(self, args, params)
    return self._true_bind(*args, **params)
           ^^^^^^^^^^^^^^^^^^^^^^^^^^^^^^^^^^^^^^^^^^^
  File "/opt/jax/jax/_src/core.py", line 1029, in process_primitive
           ^^^^^^^^^^^^^^^^^^^^^^^^^^^^^^^^
  File "/opt/jax/jax/_src/core.py", line 520, in _true_bind
    return self.bind_with_trace(prev_trace, args, params)
    return primitive.impl(*args, **params)
           ^^^^^^^^^^^^^^^^^^^^^^^^^^^^^^^^^^^^^^^^^^^^^^
  File "/opt/jax/jax/_src/core.py", line 525, in bind_with_trace
           ^^^^^^^^^^^^^^^^^^^^^^^^^^^^^^^
  File "/opt/jax/jax/_src/pjit.py", line 2609, in _sharding_constraint_impl
    return trace.process_primitive(self, args, params)
           ^^^^^^^^^^^^^^^^^^^^^^^^^^^^^^^^^^^^^^^^^^^
  File "/opt/jax/jax/_src/core.py", line 1029, in process_primitive
    return primitive.impl(*args, **params)
    return api.jit(_identity_fn, out_shardings=sharding)(x)
           ^^^^^^^^^^^^^^^^^^^^^^^^^^^^^^^
  File "/opt/jax/jax/_src/pjit.py", line 2609, in _sharding_constraint_impl
           ^^^^^^^^^^^^^^^^^^^^^^^^^^^^^^^^^^^^^^^^^^^^^^^^
ValueError: One of pjit outputs with pytree key path result was given the sharding of NamedSharding(mesh=Mesh('x': 4, 'y': 4, axis_types=(Auto, Auto)), spec=PartitionSpec(None, None, None, 'y'), memory_kind=device), which implies that the global size of its dimension 3 should be divisible by 4, but it is equal to 1502 (full shape: (36, 160, 4, 1502))
--------------------
For simplicity, JAX has removed its internal frames from the traceback of the following exception. Set JAX_TRACEBACK_FILTERING=off to include these.
    return api.jit(_identity_fn, out_shardings=sharding)(x)
           ^^^^^^^^^^^^^^^^^^^^^^^^^^^^^^^^^^^^^^^^^^^^^^^^
ValueError: One of pjit outputs with pytree key path result was given the sharding of NamedSharding(mesh=Mesh('x': 4, 'y': 4, axis_types=(Auto, Auto)), spec=PartitionSpec(None, None, None, 'y'), memory_kind=device), which implies that the global size of its dimension 3 should be divisible by 4, but it is equal to 1502 (full shape: (36, 160, 4, 1502))
--------------------
For simplicity, JAX has removed its internal frames from the traceback of the following exception. Set JAX_TRACEBACK_FILTERING=off to include these.
srun: error: nid008452: task 0: Exited with exit code 1
srun: Terminating StepId=52502231.3
srun: error: nid008473: task 14: Exited with exit code 1
srun: error: nid008469: task 4: Exited with exit code 1
srun: error: nid008472: tasks 8-11: Exited with exit code 1
[2026-05-05T22:07:54.807] error: *** STEP 52502231.3 ON nid008452 CANCELLED AT 2026-05-05T22:07:54 DUE TO TASK FAILURE ***
srun: error: nid008452: tasks 1-3: Exited with exit code 1
srun: error: nid008469: tasks 5-7: Exited with exit code 1
srun: error: nid008473: tasks 12-13,15: Exited with exit code 1
