[lxrun] JID 52490208 · 4 nodes · 2:33:17 left · 4/4 free · incoming: lx-B
  1  nid001001  free   —              —      —  ← starting lx-B  python3 -u -m gw.gw_jax 
  2  nid002764  free   —              —      —  ← starting lx-B  python3 -u -m gw.gw_jax 
  3  nid002765  free   —              —      —  ← starting lx-B  python3 -u -m gw.gw_jax 
  4  nid002768  free   —              —      —  ← starting lx-B  python3 -u -m gw.gw_jax 

========================================================================
  COHSEX-JAX: Self-Energy Calculation
========================================================================
  Backend: GPU       Devices: 16  Mesh: 4×4  Processes: 16
  Device type: NVIDIA A100-SXM4-40GB
  XLA preallocate: false  mem_fraction: unset
========================================================================

  ISDF basis: 1800 centroids
  FFT grid: 75×75×200   Cell volume: 4960.60 a.u.³

    Reducing band_chunk to 16 (bands/device=1)
    Memory estimate: peak 29.10 GB (budget 30.00 GB), bottleneck=fft
    Per-stage: fft=28.30  zct=13.10  reshard=13.10  solve=9.23  gather=8.48 GB
    AOT fit_one_rchunk peak (driver-level): 17.94 GB

  Chunked ISDF fitting:
    Band chunks: 16
    R chunks:    65760 (contiguous r-space)
    Q chunks:    36
    Zeta output: /pscratch/sd/j/jackm/lorrax_sandbox/runs/CrI3/B_nonbisp_baseline/tmp/zeta_q.h5

  Zeta fitting: 18 r-chunks x 65760 r-points, 80 bands (78 left + 18 right)
  Output: /pscratch/sd/j/jackm/lorrax_sandbox/runs/CrI3/B_nonbisp_baseline/tmp/zeta_q.h5
  Left wfns:  (36, 78, 4, 1800)
  Right wfns: (36, 18, 4, 1800)
  Pseudobands normalization: 0 weighted, 0 zero-weight (skipped)
  Computing pair densities P_l, P_r (spin_traced)
/opt/jax/jax/_src/interpreters/mlir.py:1178: UserWarning: Some donated buffers were not usable: ShapedArray(complex128[36,450,450]).
See an explanation at https://jax.readthedocs.io/en/latest/faq.html#buffer-donation.
  warnings.warn("Some donated buffers were not usable:"
  Computing L_q = chol(C_q)
/opt/jax/jax/_src/interpreters/mlir.py:1178: UserWarning: Some donated buffers were not usable: ShapedArray(complex128[36,450,450]).
See an explanation at https://jax.readthedocs.io/en/latest/faq.html#buffer-donation.
  warnings.warn("Some donated buffers were not usable:"
/opt/jax/jax/_src/interpreters/mlir.py:1178: UserWarning: Some donated buffers were not usable: ShapedArray(complex128[36,450,450]).
See an explanation at https://jax.readthedocs.io/en/latest/faq.html#buffer-donation.
  warnings.warn("Some donated buffers were not usable:"
/opt/jax/jax/_src/interpreters/mlir.py:1178: UserWarning: Some donated buffers were not usable: ShapedArray(complex128[36,450,450]).
See an explanation at https://jax.readthedocs.io/en/latest/faq.html#buffer-donation.
  warnings.warn("Some donated buffers were not usable:"
/opt/jax/jax/_src/interpreters/mlir.py:1178: UserWarning: Some donated buffers were not usable: ShapedArray(complex128[36,450,450]).
See an explanation at https://jax.readthedocs.io/en/latest/faq.html#buffer-donation.
  warnings.warn("Some donated buffers were not usable:"
/opt/jax/jax/_src/interpreters/mlir.py:1178: UserWarning: Some donated buffers were not usable: ShapedArray(complex128[36,450,450]).
See an explanation at https://jax.readthedocs.io/en/latest/faq.html#buffer-donation.
  warnings.warn("Some donated buffers were not usable:"
/opt/jax/jax/_src/interpreters/mlir.py:1178: UserWarning: Some donated buffers were not usable: ShapedArray(complex128[36,450,450]).
See an explanation at https://jax.readthedocs.io/en/latest/faq.html#buffer-donation.
  warnings.warn("Some donated buffers were not usable:"
/opt/jax/jax/_src/interpreters/mlir.py:1178: UserWarning: Some donated buffers were not usable: ShapedArray(complex128[36,450,450]).
See an explanation at https://jax.readthedocs.io/en/latest/faq.html#buffer-donation.
  warnings.warn("Some donated buffers were not usable:"
/opt/jax/jax/_src/interpreters/mlir.py:1178: UserWarning: Some donated buffers were not usable: ShapedArray(complex128[36,450,450]).
See an explanation at https://jax.readthedocs.io/en/latest/faq.html#buffer-donation.
  warnings.warn("Some donated buffers were not usable:"
/opt/jax/jax/_src/interpreters/mlir.py:1178: UserWarning: Some donated buffers were not usable: ShapedArray(complex128[36,450,450]).
See an explanation at https://jax.readthedocs.io/en/latest/faq.html#buffer-donation.
  warnings.warn("Some donated buffers were not usable:"
/opt/jax/jax/_src/interpreters/mlir.py:1178: UserWarning: Some donated buffers were not usable: ShapedArray(complex128[36,450,450]).
See an explanation at https://jax.readthedocs.io/en/latest/faq.html#buffer-donation.
  warnings.warn("Some donated buffers were not usable:"
/opt/jax/jax/_src/interpreters/mlir.py:1178: UserWarning: Some donated buffers were not usable: ShapedArray(complex128[36,450,450]).
See an explanation at https://jax.readthedocs.io/en/latest/faq.html#buffer-donation.
  warnings.warn("Some donated buffers were not usable:"
/opt/jax/jax/_src/interpreters/mlir.py:1178: UserWarning: Some donated buffers were not usable: ShapedArray(complex128[36,450,450]).
See an explanation at https://jax.readthedocs.io/en/latest/faq.html#buffer-donation.
  warnings.warn("Some donated buffers were not usable:"
/opt/jax/jax/_src/interpreters/mlir.py:1178: UserWarning: Some donated buffers were not usable: ShapedArray(complex128[36,450,450]).
See an explanation at https://jax.readthedocs.io/en/latest/faq.html#buffer-donation.
  warnings.warn("Some donated buffers were not usable:"
/opt/jax/jax/_src/interpreters/mlir.py:1178: UserWarning: Some donated buffers were not usable: ShapedArray(complex128[36,450,450]).
See an explanation at https://jax.readthedocs.io/en/latest/faq.html#buffer-donation.
  warnings.warn("Some donated buffers were not usable:"
/opt/jax/jax/_src/interpreters/mlir.py:1178: UserWarning: Some donated buffers were not usable: ShapedArray(complex128[36,450,450]).
See an explanation at https://jax.readthedocs.io/en/latest/faq.html#buffer-donation.
  warnings.warn("Some donated buffers were not usable:"
  L_q: (36, 1800, 1800)
/global/homes/j/jackm/software/lorrax_B/src/file_io/_slab_io_ffi.py:239: UserWarning: FFI backend: chunks/attrs on create_dataset currently no-op; pre-create with h5py if you need explicit chunking or attrs.
  warnings.warn(
/global/homes/j/jackm/software/lorrax_B/src/file_io/_slab_io_ffi.py:239: UserWarning: FFI backend: chunks/attrs on create_dataset currently no-op; pre-create with h5py if you need explicit chunking or attrs.
  warnings.warn(
/global/homes/j/jackm/software/lorrax_B/src/file_io/_slab_io_ffi.py:239: UserWarning: FFI backend: chunks/attrs on create_dataset currently no-op; pre-create with h5py if you need explicit chunking or attrs.
  warnings.warn(
/global/homes/j/jackm/software/lorrax_B/src/file_io/_slab_io_ffi.py:239: UserWarning: FFI backend: chunks/attrs on create_dataset currently no-op; pre-create with h5py if you need explicit chunking or attrs.
  warnings.warn(
/global/homes/j/jackm/software/lorrax_B/src/file_io/_slab_io_ffi.py:239: UserWarning: FFI backend: chunks/attrs on create_dataset currently no-op; pre-create with h5py if you need explicit chunking or attrs.
  warnings.warn(
/global/homes/j/jackm/software/lorrax_B/src/file_io/_slab_io_ffi.py:239: UserWarning: FFI backend: chunks/attrs on create_dataset currently no-op; pre-create with h5py if you need explicit chunking or attrs.
  warnings.warn(
/global/homes/j/jackm/software/lorrax_B/src/file_io/_slab_io_ffi.py:239: UserWarning: FFI backend: chunks/attrs on create_dataset currently no-op; pre-create with h5py if you need explicit chunking or attrs.
  warnings.warn(
/global/homes/j/jackm/software/lorrax_B/src/file_io/_slab_io_ffi.py:239: UserWarning: FFI backend: chunks/attrs on create_dataset currently no-op; pre-create with h5py if you need explicit chunking or attrs.
  warnings.warn(
/global/homes/j/jackm/software/lorrax_B/src/file_io/_slab_io_ffi.py:239: UserWarning: FFI backend: chunks/attrs on create_dataset currently no-op; pre-create with h5py if you need explicit chunking or attrs.
  warnings.warn(
/global/homes/j/jackm/software/lorrax_B/src/file_io/_slab_io_ffi.py:239: UserWarning: FFI backend: chunks/attrs on create_dataset currently no-op; pre-create with h5py if you need explicit chunking or attrs.
  warnings.warn(
/global/homes/j/jackm/software/lorrax_B/src/file_io/_slab_io_ffi.py:239: UserWarning: FFI backend: chunks/attrs on create_dataset currently no-op; pre-create with h5py if you need explicit chunking or attrs.
  warnings.warn(
/global/homes/j/jackm/software/lorrax_B/src/file_io/_slab_io_ffi.py:239: UserWarning: FFI backend: chunks/attrs on create_dataset currently no-op; pre-create with h5py if you need explicit chunking or attrs.
  warnings.warn(
/global/homes/j/jackm/software/lorrax_B/src/file_io/_slab_io_ffi.py:239: UserWarning: FFI backend: chunks/attrs on create_dataset currently no-op; pre-create with h5py if you need explicit chunking or attrs.
  warnings.warn(
/global/homes/j/jackm/software/lorrax_B/src/file_io/_slab_io_ffi.py:239: UserWarning: FFI backend: chunks/attrs on create_dataset currently no-op; pre-create with h5py if you need explicit chunking or attrs.
  warnings.warn(
/global/homes/j/jackm/software/lorrax_B/src/file_io/_slab_io_ffi.py:239: UserWarning: FFI backend: chunks/attrs on create_dataset currently no-op; pre-create with h5py if you need explicit chunking or attrs.
  warnings.warn(
/global/homes/j/jackm/software/lorrax_B/src/file_io/_slab_io_ffi.py:239: UserWarning: FFI backend: chunks/attrs on create_dataset currently no-op; pre-create with h5py if you need explicit chunking or attrs.
  warnings.warn(
  ψ(G) host cache: 12.96 GB/process resident
Started zeta fitting at 11:41:45.
[ 11:41:45 | █░░░░░░░░░ |   6% ] r-chunk  1 / 18 · ETA 0 s
[ 11:42:07 | █░░░░░░░░░ |  11% ] r-chunk  2 / 18 · ETA 181 s
[ 11:42:27 | ██░░░░░░░░ |  17% ] r-chunk  3 / 18 · ETA 211 s
[ 11:42:46 | ██░░░░░░░░ |  22% ] r-chunk  4 / 18 · ETA 215 s
[ 11:43:05 | ███░░░░░░░ |  28% ] r-chunk  5 / 18 · ETA 208 s
[ 11:43:24 | ███░░░░░░░ |  33% ] r-chunk  6 / 18 · ETA 199 s
[ 11:43:44 | ████░░░░░░ |  39% ] r-chunk  7 / 18 · ETA 187 s
[ 11:44:03 | ████░░░░░░ |  44% ] r-chunk  8 / 18 · ETA 173 s
[ 11:44:23 | █████░░░░░ |  50% ] r-chunk  9 / 18 · ETA 158 s
[ 11:44:42 | ██████░░░░ |  56% ] r-chunk 10 / 18 · ETA 142 s
[ 11:45:01 | ██████░░░░ |  61% ] r-chunk 11 / 18 · ETA 125 s
[ 11:45:20 | ███████░░░ |  67% ] r-chunk 12 / 18 · ETA 108 s
[ 11:45:40 | ███████░░░ |  72% ] r-chunk 13 / 18 · ETA 90 s
[ 11:45:59 | ████████░░ |  78% ] r-chunk 14 / 18 · ETA 73 s
[ 11:46:19 | ████████░░ |  83% ] r-chunk 15 / 18 · ETA 55 s
[ 11:46:41 | █████████░ |  89% ] r-chunk 16 / 18 · ETA 37 s
[ 11:47:03 | █████████░ |  94% ] r-chunk 17 / 18 · ETA 19 s
[ 11:48:00 | ██████████ | 100% ] r-chunk 18 / 18 · ETA 0 s
Finished zeta fitting at 11:48:00.  Elapsed: 375 s.
  [SlabIO.close] draining 1 pending writes for zeta_q.h5 …
  [SlabIO.close] Python dispatch drained in 35.0 s; joining writer thread
  [SlabIO.close] writer thread joined in 0.0 s; calling H5Fclose collectively
  [SlabIO.close] H5Fclose returned in 3.0 s
  Zeta output: /pscratch/sd/j/jackm/lorrax_sandbox/runs/CrI3/B_nonbisp_baseline/tmp/zeta_q.h5  shape: (6,6,1,1800,1125000)
  Timing (18 r-chunks, 415.7s total):
    fit    415.29s  99.9%
    H5       0.28s   0.1%
    GPU high-water mark: 11.20 GB / 30.00 GB budget (37%)
    γ (runtime / AOT-pred) = 0.624  (AOT predicted 17.94 GB)

  [bispinor] fitting ζ^{μ_L=1,2,3} on current-density centroids: /pscratch/sd/j/jackm/lorrax_sandbox/runs/CrI3/B_nonbisp_baseline/centroids_frac_1808_current.txt
  [bispinor] μ_L=1 → /pscratch/sd/j/jackm/lorrax_sandbox/runs/CrI3/B_nonbisp_baseline/tmp/zeta_q_mu1.h5

  Zeta fitting: 18 r-chunks x 65760 r-points, 80 bands (78 left + 18 right)
  Output: /pscratch/sd/j/jackm/lorrax_sandbox/runs/CrI3/B_nonbisp_baseline/tmp/zeta_q_mu1.h5
  Left wfns:  (36, 78, 4, 1808)
  Right wfns: (36, 18, 4, 1808)
  Pseudobands normalization: 0 weighted, 0 zero-weight (skipped)
  Computing pair densities P_l, P_r (γ̃^1 vertex)
/opt/jax/jax/_src/interpreters/mlir.py:1178: UserWarning: Some donated buffers were not usable: ShapedArray(complex128[36,452,452]).
See an explanation at https://jax.readthedocs.io/en/latest/faq.html#buffer-donation.
  warnings.warn("Some donated buffers were not usable:"
  Skipping Cholesky (vertex_mu_L=1 CCT is indefinite); will LU-solve per q-batch
  L_q: (36, 1808, 1808)
/opt/jax/jax/_src/interpreters/mlir.py:1178: UserWarning: Some donated buffers were not usable: ShapedArray(complex128[36,452,452]).
See an explanation at https://jax.readthedocs.io/en/latest/faq.html#buffer-donation.
  warnings.warn("Some donated buffers were not usable:"
/opt/jax/jax/_src/interpreters/mlir.py:1178: UserWarning: Some donated buffers were not usable: ShapedArray(complex128[36,452,452]).
See an explanation at https://jax.readthedocs.io/en/latest/faq.html#buffer-donation.
  warnings.warn("Some donated buffers were not usable:"
/opt/jax/jax/_src/interpreters/mlir.py:1178: UserWarning: Some donated buffers were not usable: ShapedArray(complex128[36,452,452]).
See an explanation at https://jax.readthedocs.io/en/latest/faq.html#buffer-donation.
  warnings.warn("Some donated buffers were not usable:"
/opt/jax/jax/_src/interpreters/mlir.py:1178: UserWarning: Some donated buffers were not usable: ShapedArray(complex128[36,452,452]).
See an explanation at https://jax.readthedocs.io/en/latest/faq.html#buffer-donation.
  warnings.warn("Some donated buffers were not usable:"
/opt/jax/jax/_src/interpreters/mlir.py:1178: UserWarning: Some donated buffers were not usable: ShapedArray(complex128[36,452,452]).
See an explanation at https://jax.readthedocs.io/en/latest/faq.html#buffer-donation.
  warnings.warn("Some donated buffers were not usable:"
/opt/jax/jax/_src/interpreters/mlir.py:1178: UserWarning: Some donated buffers were not usable: ShapedArray(complex128[36,452,452]).
See an explanation at https://jax.readthedocs.io/en/latest/faq.html#buffer-donation.
  warnings.warn("Some donated buffers were not usable:"
/opt/jax/jax/_src/interpreters/mlir.py:1178: UserWarning: Some donated buffers were not usable: ShapedArray(complex128[36,452,452]).
See an explanation at https://jax.readthedocs.io/en/latest/faq.html#buffer-donation.
  warnings.warn("Some donated buffers were not usable:"
/opt/jax/jax/_src/interpreters/mlir.py:1178: UserWarning: Some donated buffers were not usable: ShapedArray(complex128[36,452,452]).
See an explanation at https://jax.readthedocs.io/en/latest/faq.html#buffer-donation.
  warnings.warn("Some donated buffers were not usable:"
/opt/jax/jax/_src/interpreters/mlir.py:1178: UserWarning: Some donated buffers were not usable: ShapedArray(complex128[36,452,452]).
See an explanation at https://jax.readthedocs.io/en/latest/faq.html#buffer-donation.
  warnings.warn("Some donated buffers were not usable:"
/opt/jax/jax/_src/interpreters/mlir.py:1178: UserWarning: Some donated buffers were not usable: ShapedArray(complex128[36,452,452]).
See an explanation at https://jax.readthedocs.io/en/latest/faq.html#buffer-donation.
  warnings.warn("Some donated buffers were not usable:"
/opt/jax/jax/_src/interpreters/mlir.py:1178: UserWarning: Some donated buffers were not usable: ShapedArray(complex128[36,452,452]).
See an explanation at https://jax.readthedocs.io/en/latest/faq.html#buffer-donation.
  warnings.warn("Some donated buffers were not usable:"
/opt/jax/jax/_src/interpreters/mlir.py:1178: UserWarning: Some donated buffers were not usable: ShapedArray(complex128[36,452,452]).
See an explanation at https://jax.readthedocs.io/en/latest/faq.html#buffer-donation.
  warnings.warn("Some donated buffers were not usable:"
/opt/jax/jax/_src/interpreters/mlir.py:1178: UserWarning: Some donated buffers were not usable: ShapedArray(complex128[36,452,452]).
See an explanation at https://jax.readthedocs.io/en/latest/faq.html#buffer-donation.
  warnings.warn("Some donated buffers were not usable:"
/opt/jax/jax/_src/interpreters/mlir.py:1178: UserWarning: Some donated buffers were not usable: ShapedArray(complex128[36,452,452]).
See an explanation at https://jax.readthedocs.io/en/latest/faq.html#buffer-donation.
  warnings.warn("Some donated buffers were not usable:"
/opt/jax/jax/_src/interpreters/mlir.py:1178: UserWarning: Some donated buffers were not usable: ShapedArray(complex128[36,452,452]).
See an explanation at https://jax.readthedocs.io/en/latest/faq.html#buffer-donation.
  warnings.warn("Some donated buffers were not usable:"
/global/homes/j/jackm/software/lorrax_B/src/file_io/_slab_io_ffi.py:239: UserWarning: FFI backend: chunks/attrs on create_dataset currently no-op; pre-create with h5py if you need explicit chunking or attrs.
  warnings.warn(
/global/homes/j/jackm/software/lorrax_B/src/file_io/_slab_io_ffi.py:239: UserWarning: FFI backend: chunks/attrs on create_dataset currently no-op; pre-create with h5py if you need explicit chunking or attrs.
  warnings.warn(
/global/homes/j/jackm/software/lorrax_B/src/file_io/_slab_io_ffi.py:239: UserWarning: FFI backend: chunks/attrs on create_dataset currently no-op; pre-create with h5py if you need explicit chunking or attrs.
  warnings.warn(
/global/homes/j/jackm/software/lorrax_B/src/file_io/_slab_io_ffi.py:239: UserWarning: FFI backend: chunks/attrs on create_dataset currently no-op; pre-create with h5py if you need explicit chunking or attrs.
  warnings.warn(
/global/homes/j/jackm/software/lorrax_B/src/file_io/_slab_io_ffi.py:239: UserWarning: FFI backend: chunks/attrs on create_dataset currently no-op; pre-create with h5py if you need explicit chunking or attrs.
  warnings.warn(
/global/homes/j/jackm/software/lorrax_B/src/file_io/_slab_io_ffi.py:239: UserWarning: FFI backend: chunks/attrs on create_dataset currently no-op; pre-create with h5py if you need explicit chunking or attrs.
  warnings.warn(
/global/homes/j/jackm/software/lorrax_B/src/file_io/_slab_io_ffi.py:239: UserWarning: FFI backend: chunks/attrs on create_dataset currently no-op; pre-create with h5py if you need explicit chunking or attrs.
  warnings.warn(
/global/homes/j/jackm/software/lorrax_B/src/file_io/_slab_io_ffi.py:239: UserWarning: FFI backend: chunks/attrs on create_dataset currently no-op; pre-create with h5py if you need explicit chunking or attrs.
  warnings.warn(
/global/homes/j/jackm/software/lorrax_B/src/file_io/_slab_io_ffi.py:239: UserWarning: FFI backend: chunks/attrs on create_dataset currently no-op; pre-create with h5py if you need explicit chunking or attrs.
  warnings.warn(
/global/homes/j/jackm/software/lorrax_B/src/file_io/_slab_io_ffi.py:239: UserWarning: FFI backend: chunks/attrs on create_dataset currently no-op; pre-create with h5py if you need explicit chunking or attrs.
  warnings.warn(
/global/homes/j/jackm/software/lorrax_B/src/file_io/_slab_io_ffi.py:239: UserWarning: FFI backend: chunks/attrs on create_dataset currently no-op; pre-create with h5py if you need explicit chunking or attrs.
  warnings.warn(
/global/homes/j/jackm/software/lorrax_B/src/file_io/_slab_io_ffi.py:239: UserWarning: FFI backend: chunks/attrs on create_dataset currently no-op; pre-create with h5py if you need explicit chunking or attrs.
  warnings.warn(
/global/homes/j/jackm/software/lorrax_B/src/file_io/_slab_io_ffi.py:239: UserWarning: FFI backend: chunks/attrs on create_dataset currently no-op; pre-create with h5py if you need explicit chunking or attrs.
  warnings.warn(
/global/homes/j/jackm/software/lorrax_B/src/file_io/_slab_io_ffi.py:239: UserWarning: FFI backend: chunks/attrs on create_dataset currently no-op; pre-create with h5py if you need explicit chunking or attrs.
  warnings.warn(
/global/homes/j/jackm/software/lorrax_B/src/file_io/_slab_io_ffi.py:239: UserWarning: FFI backend: chunks/attrs on create_dataset currently no-op; pre-create with h5py if you need explicit chunking or attrs.
  warnings.warn(
/global/homes/j/jackm/software/lorrax_B/src/file_io/_slab_io_ffi.py:239: UserWarning: FFI backend: chunks/attrs on create_dataset currently no-op; pre-create with h5py if you need explicit chunking or attrs.
  warnings.warn(
  ψ(G) host cache: 12.96 GB/process resident
Started zeta fitting at 11:49:31.
[ 11:49:31 | █░░░░░░░░░ |   6% ] r-chunk  1 / 18 · ETA 0 s
[ 11:49:54 | █░░░░░░░░░ |  11% ] r-chunk  2 / 18 · ETA 180 s
[ 11:50:14 | ██░░░░░░░░ |  17% ] r-chunk  3 / 18 · ETA 212 s
[ 11:50:33 | ██░░░░░░░░ |  22% ] r-chunk  4 / 18 · ETA 216 s
[ 11:50:53 | ███░░░░░░░ |  28% ] r-chunk  5 / 18 · ETA 211 s
[ 11:51:12 | ███░░░░░░░ |  33% ] r-chunk  6 / 18 · ETA 201 s
[ 11:51:31 | ████░░░░░░ |  39% ] r-chunk  7 / 18 · ETA 188 s
[ 11:51:51 | ████░░░░░░ |  44% ] r-chunk  8 / 18 · ETA 174 s
[ 11:52:10 | █████░░░░░ |  50% ] r-chunk  9 / 18 · ETA 159 s
[ 11:52:29 | ██████░░░░ |  56% ] r-chunk 10 / 18 · ETA 142 s
[ 11:52:49 | ██████░░░░ |  61% ] r-chunk 11 / 18 · ETA 126 s
[ 11:53:08 | ███████░░░ |  67% ] r-chunk 12 / 18 · ETA 108 s
[ 11:53:34 | ███████░░░ |  72% ] r-chunk 13 / 18 · ETA 93 s
[ 11:53:54 | ████████░░ |  78% ] r-chunk 14 / 18 · ETA 75 s
[ 11:54:22 | ████████░░ |  83% ] r-chunk 15 / 18 · ETA 58 s
[ 11:54:47 | █████████░ |  89% ] r-chunk 16 / 18 · ETA 39 s
[ 11:55:09 | █████████░ |  94% ] r-chunk 17 / 18 · ETA 20 s
2026-05-05 11:55:18.152417: E external/xla/xla/service/slow_operation_alarm.cc:73] Constant folding an instruction is taking > 1s:

  %exponential.0 = f64[36,75,75,200]{3,2,1,0} exponential(%constant.246), metadata={op_name="jit(_kernel)/jit(main)/jit(_fft_and_rslice)/exp" source_file="/global/homes/j/jackm/software/lorrax_B/src/common/load_wfns.py" source_line=383}

This isn't necessarily a bug; constant-folding is inherently a trade-off between compilation time and speed at runtime. XLA has some guards that attempt to keep constant folding from taking too long, but fundamentally you'll always be able to come up with an input program that takes a long time.

If you'd like to file a bug, run with envvar XLA_FLAGS=--xla_dump_to=/tmp/foo and attach the results.
2026-05-05 11:55:18.448727: E external/xla/xla/service/slow_operation_alarm.cc:140] The operation took 1.558920353s
Constant folding an instruction is taking > 1s:

  %exponential.0 = f64[36,75,75,200]{3,2,1,0} exponential(%constant.246), metadata={op_name="jit(_kernel)/jit(main)/jit(_fft_and_rslice)/exp" source_file="/global/homes/j/jackm/software/lorrax_B/src/common/load_wfns.py" source_line=383}

This isn't necessarily a bug; constant-folding is inherently a trade-off between compilation time and speed at runtime. XLA has some guards that attempt to keep constant folding from taking too long, but fundamentally you'll always be able to come up with an input program that takes a long time.

If you'd like to file a bug, run with envvar XLA_FLAGS=--xla_dump_to=/tmp/foo and attach the results.
2026-05-05 11:55:21.023364: E external/xla/xla/service/slow_operation_alarm.cc:73] Constant folding an instruction is taking > 1s:

  %sine.2 = f64[36,75,75,200]{3,2,1,0} sine(%constant.230), metadata={op_name="jit(_kernel)/jit(main)/jit(_fft_and_rslice)/exp" source_file="/global/homes/j/jackm/software/lorrax_B/src/common/load_wfns.py" source_line=383}

This isn't necessarily a bug; constant-folding is inherently a trade-off between compilation time and speed at runtime. XLA has some guards that attempt to keep constant folding from taking too long, but fundamentally you'll always be able to come up with an input program that takes a long time.

If you'd like to file a bug, run with envvar XLA_FLAGS=--xla_dump_to=/tmp/foo and attach the results.
2026-05-05 11:55:21.499654: E external/xla/xla/service/slow_operation_alarm.cc:140] The operation took 1.479655945s
Constant folding an instruction is taking > 1s:

  %sine.2 = f64[36,75,75,200]{3,2,1,0} sine(%constant.230), metadata={op_name="jit(_kernel)/jit(main)/jit(_fft_and_rslice)/exp" source_file="/global/homes/j/jackm/software/lorrax_B/src/common/load_wfns.py" source_line=383}

This isn't necessarily a bug; constant-folding is inherently a trade-off between compilation time and speed at runtime. XLA has some guards that attempt to keep constant folding from taking too long, but fundamentally you'll always be able to come up with an input program that takes a long time.

If you'd like to file a bug, run with envvar XLA_FLAGS=--xla_dump_to=/tmp/foo and attach the results.
[ 11:56:06 | ██████████ | 100% ] r-chunk 18 / 18 · ETA 0 s
Finished zeta fitting at 11:56:06.  Elapsed: 394 s.
  [SlabIO.close] draining 1 pending writes for zeta_q_mu1.h5 …
  [SlabIO.close] Python dispatch drained in 34.1 s; joining writer thread
  [SlabIO.close] writer thread joined in 0.0 s; calling H5Fclose collectively
  [SlabIO.close] H5Fclose returned in 3.1 s
  Zeta output: /pscratch/sd/j/jackm/lorrax_sandbox/runs/CrI3/B_nonbisp_baseline/tmp/zeta_q_mu1.h5  shape: (6,6,1,1808,1125000)
  Timing (18 r-chunks, 434.9s total):
    fit    434.60s  99.9%
    H5       0.26s   0.1%
  [bispinor] μ_L=2 → /pscratch/sd/j/jackm/lorrax_sandbox/runs/CrI3/B_nonbisp_baseline/tmp/zeta_q_mu2.h5

  Zeta fitting: 18 r-chunks x 65760 r-points, 80 bands (78 left + 18 right)
  Output: /pscratch/sd/j/jackm/lorrax_sandbox/runs/CrI3/B_nonbisp_baseline/tmp/zeta_q_mu2.h5
  Left wfns:  (36, 78, 4, 1808)
  Right wfns: (36, 18, 4, 1808)
  Pseudobands normalization: 0 weighted, 0 zero-weight (skipped)
  Computing pair densities P_l, P_r (γ̃^2 vertex)
/opt/jax/jax/_src/interpreters/mlir.py:1178: UserWarning: Some donated buffers were not usable: ShapedArray(complex128[36,452,452]).
See an explanation at https://jax.readthedocs.io/en/latest/faq.html#buffer-donation.
  warnings.warn("Some donated buffers were not usable:"
  Skipping Cholesky (vertex_mu_L=2 CCT is indefinite); will LU-solve per q-batch
  L_q: (36, 1808, 1808)
/opt/jax/jax/_src/interpreters/mlir.py:1178: UserWarning: Some donated buffers were not usable: ShapedArray(complex128[36,452,452]).
See an explanation at https://jax.readthedocs.io/en/latest/faq.html#buffer-donation.
  warnings.warn("Some donated buffers were not usable:"
/opt/jax/jax/_src/interpreters/mlir.py:1178: UserWarning: Some donated buffers were not usable: ShapedArray(complex128[36,452,452]).
See an explanation at https://jax.readthedocs.io/en/latest/faq.html#buffer-donation.
  warnings.warn("Some donated buffers were not usable:"
/opt/jax/jax/_src/interpreters/mlir.py:1178: UserWarning: Some donated buffers were not usable: ShapedArray(complex128[36,452,452]).
See an explanation at https://jax.readthedocs.io/en/latest/faq.html#buffer-donation.
  warnings.warn("Some donated buffers were not usable:"
/opt/jax/jax/_src/interpreters/mlir.py:1178: UserWarning: Some donated buffers were not usable: ShapedArray(complex128[36,452,452]).
See an explanation at https://jax.readthedocs.io/en/latest/faq.html#buffer-donation.
  warnings.warn("Some donated buffers were not usable:"
/opt/jax/jax/_src/interpreters/mlir.py:1178: UserWarning: Some donated buffers were not usable: ShapedArray(complex128[36,452,452]).
See an explanation at https://jax.readthedocs.io/en/latest/faq.html#buffer-donation.
  warnings.warn("Some donated buffers were not usable:"
/opt/jax/jax/_src/interpreters/mlir.py:1178: UserWarning: Some donated buffers were not usable: ShapedArray(complex128[36,452,452]).
See an explanation at https://jax.readthedocs.io/en/latest/faq.html#buffer-donation.
  warnings.warn("Some donated buffers were not usable:"
/opt/jax/jax/_src/interpreters/mlir.py:1178: UserWarning: Some donated buffers were not usable: ShapedArray(complex128[36,452,452]).
See an explanation at https://jax.readthedocs.io/en/latest/faq.html#buffer-donation.
  warnings.warn("Some donated buffers were not usable:"
/opt/jax/jax/_src/interpreters/mlir.py:1178: UserWarning: Some donated buffers were not usable: ShapedArray(complex128[36,452,452]).
See an explanation at https://jax.readthedocs.io/en/latest/faq.html#buffer-donation.
  warnings.warn("Some donated buffers were not usable:"
/opt/jax/jax/_src/interpreters/mlir.py:1178: UserWarning: Some donated buffers were not usable: ShapedArray(complex128[36,452,452]).
See an explanation at https://jax.readthedocs.io/en/latest/faq.html#buffer-donation.
  warnings.warn("Some donated buffers were not usable:"
/opt/jax/jax/_src/interpreters/mlir.py:1178: UserWarning: Some donated buffers were not usable: ShapedArray(complex128[36,452,452]).
See an explanation at https://jax.readthedocs.io/en/latest/faq.html#buffer-donation.
  warnings.warn("Some donated buffers were not usable:"
/opt/jax/jax/_src/interpreters/mlir.py:1178: UserWarning: Some donated buffers were not usable: ShapedArray(complex128[36,452,452]).
See an explanation at https://jax.readthedocs.io/en/latest/faq.html#buffer-donation.
  warnings.warn("Some donated buffers were not usable:"
/opt/jax/jax/_src/interpreters/mlir.py:1178: UserWarning: Some donated buffers were not usable: ShapedArray(complex128[36,452,452]).
See an explanation at https://jax.readthedocs.io/en/latest/faq.html#buffer-donation.
  warnings.warn("Some donated buffers were not usable:"
/opt/jax/jax/_src/interpreters/mlir.py:1178: UserWarning: Some donated buffers were not usable: ShapedArray(complex128[36,452,452]).
See an explanation at https://jax.readthedocs.io/en/latest/faq.html#buffer-donation.
  warnings.warn("Some donated buffers were not usable:"
/opt/jax/jax/_src/interpreters/mlir.py:1178: UserWarning: Some donated buffers were not usable: ShapedArray(complex128[36,452,452]).
See an explanation at https://jax.readthedocs.io/en/latest/faq.html#buffer-donation.
  warnings.warn("Some donated buffers were not usable:"
/opt/jax/jax/_src/interpreters/mlir.py:1178: UserWarning: Some donated buffers were not usable: ShapedArray(complex128[36,452,452]).
See an explanation at https://jax.readthedocs.io/en/latest/faq.html#buffer-donation.
  warnings.warn("Some donated buffers were not usable:"
/global/homes/j/jackm/software/lorrax_B/src/file_io/_slab_io_ffi.py:239: UserWarning: FFI backend: chunks/attrs on create_dataset currently no-op; pre-create with h5py if you need explicit chunking or attrs.
  warnings.warn(
/global/homes/j/jackm/software/lorrax_B/src/file_io/_slab_io_ffi.py:239: UserWarning: FFI backend: chunks/attrs on create_dataset currently no-op; pre-create with h5py if you need explicit chunking or attrs.
  warnings.warn(
/global/homes/j/jackm/software/lorrax_B/src/file_io/_slab_io_ffi.py:239: UserWarning: FFI backend: chunks/attrs on create_dataset currently no-op; pre-create with h5py if you need explicit chunking or attrs.
  warnings.warn(
/global/homes/j/jackm/software/lorrax_B/src/file_io/_slab_io_ffi.py:239: UserWarning: FFI backend: chunks/attrs on create_dataset currently no-op; pre-create with h5py if you need explicit chunking or attrs.
  warnings.warn(
/global/homes/j/jackm/software/lorrax_B/src/file_io/_slab_io_ffi.py:239: UserWarning: FFI backend: chunks/attrs on create_dataset currently no-op; pre-create with h5py if you need explicit chunking or attrs.
  warnings.warn(
/global/homes/j/jackm/software/lorrax_B/src/file_io/_slab_io_ffi.py:239: UserWarning: FFI backend: chunks/attrs on create_dataset currently no-op; pre-create with h5py if you need explicit chunking or attrs.
  warnings.warn(
/global/homes/j/jackm/software/lorrax_B/src/file_io/_slab_io_ffi.py:239: UserWarning: FFI backend: chunks/attrs on create_dataset currently no-op; pre-create with h5py if you need explicit chunking or attrs.
  warnings.warn(
/global/homes/j/jackm/software/lorrax_B/src/file_io/_slab_io_ffi.py:239: UserWarning: FFI backend: chunks/attrs on create_dataset currently no-op; pre-create with h5py if you need explicit chunking or attrs.
  warnings.warn(
/global/homes/j/jackm/software/lorrax_B/src/file_io/_slab_io_ffi.py:239: UserWarning: FFI backend: chunks/attrs on create_dataset currently no-op; pre-create with h5py if you need explicit chunking or attrs.
  warnings.warn(
/global/homes/j/jackm/software/lorrax_B/src/file_io/_slab_io_ffi.py:239: UserWarning: FFI backend: chunks/attrs on create_dataset currently no-op; pre-create with h5py if you need explicit chunking or attrs.
  warnings.warn(
/global/homes/j/jackm/software/lorrax_B/src/file_io/_slab_io_ffi.py:239: UserWarning: FFI backend: chunks/attrs on create_dataset currently no-op; pre-create with h5py if you need explicit chunking or attrs.
  warnings.warn(
/global/homes/j/jackm/software/lorrax_B/src/file_io/_slab_io_ffi.py:239: UserWarning: FFI backend: chunks/attrs on create_dataset currently no-op; pre-create with h5py if you need explicit chunking or attrs.
  warnings.warn(
/global/homes/j/jackm/software/lorrax_B/src/file_io/_slab_io_ffi.py:239: UserWarning: FFI backend: chunks/attrs on create_dataset currently no-op; pre-create with h5py if you need explicit chunking or attrs.
  warnings.warn(
/global/homes/j/jackm/software/lorrax_B/src/file_io/_slab_io_ffi.py:239: UserWarning: FFI backend: chunks/attrs on create_dataset currently no-op; pre-create with h5py if you need explicit chunking or attrs.
  warnings.warn(
/global/homes/j/jackm/software/lorrax_B/src/file_io/_slab_io_ffi.py:239: UserWarning: FFI backend: chunks/attrs on create_dataset currently no-op; pre-create with h5py if you need explicit chunking or attrs.
  warnings.warn(
/global/homes/j/jackm/software/lorrax_B/src/file_io/_slab_io_ffi.py:239: UserWarning: FFI backend: chunks/attrs on create_dataset currently no-op; pre-create with h5py if you need explicit chunking or attrs.
  warnings.warn(
  ψ(G) host cache: 12.96 GB/process resident
Started zeta fitting at 11:57:33.
[ 11:57:33 | █░░░░░░░░░ |   6% ] r-chunk  1 / 18 · ETA 0 s
[ 11:57:56 | █░░░░░░░░░ |  11% ] r-chunk  2 / 18 · ETA 184 s
[ 11:58:15 | ██░░░░░░░░ |  17% ] r-chunk  3 / 18 · ETA 211 s
[ 11:58:35 | ██░░░░░░░░ |  22% ] r-chunk  4 / 18 · ETA 215 s
[ 11:58:54 | ███░░░░░░░ |  28% ] r-chunk  5 / 18 · ETA 209 s
[ 11:59:13 | ███░░░░░░░ |  33% ] r-chunk  6 / 18 · ETA 200 s
[ 11:59:32 | ████░░░░░░ |  39% ] r-chunk  7 / 18 · ETA 187 s
[ 11:59:51 | ████░░░░░░ |  44% ] r-chunk  8 / 18 · ETA 172 s
[ 12:00:13 | █████░░░░░ |  50% ] r-chunk  9 / 18 · ETA 160 s
[ 12:00:34 | ██████░░░░ |  56% ] r-chunk 10 / 18 · ETA 145 s
[ 12:00:56 | ██████░░░░ |  61% ] r-chunk 11 / 18 · ETA 129 s
[ 12:01:21 | ███████░░░ |  67% ] r-chunk 12 / 18 · ETA 114 s
[ 12:01:43 | ███████░░░ |  72% ] r-chunk 13 / 18 · ETA 96 s
[ 12:02:03 | ████████░░ |  78% ] r-chunk 14 / 18 · ETA 77 s
[ 12:02:23 | ████████░░ |  83% ] r-chunk 15 / 18 · ETA 58 s
[ 12:02:47 | █████████░ |  89% ] r-chunk 16 / 18 · ETA 39 s
[ 12:03:09 | █████████░ |  94% ] r-chunk 17 / 18 · ETA 20 s
2026-05-05 12:03:19.375055: E external/xla/xla/service/slow_operation_alarm.cc:73] Constant folding an instruction is taking > 1s:

  %cosine.4 = f64[36,75,75,200]{3,2,1,0} cosine(%constant.242), metadata={op_name="jit(_kernel)/jit(main)/jit(_fft_and_rslice)/exp" source_file="/global/homes/j/jackm/software/lorrax_B/src/common/load_wfns.py" source_line=383}

This isn't necessarily a bug; constant-folding is inherently a trade-off between compilation time and speed at runtime. XLA has some guards that attempt to keep constant folding from taking too long, but fundamentally you'll always be able to come up with an input program that takes a long time.

If you'd like to file a bug, run with envvar XLA_FLAGS=--xla_dump_to=/tmp/foo and attach the results.
2026-05-05 12:03:19.430841: E external/xla/xla/service/slow_operation_alarm.cc:140] The operation took 1.096108364s
Constant folding an instruction is taking > 1s:

  %cosine.4 = f64[36,75,75,200]{3,2,1,0} cosine(%constant.242), metadata={op_name="jit(_kernel)/jit(main)/jit(_fft_and_rslice)/exp" source_file="/global/homes/j/jackm/software/lorrax_B/src/common/load_wfns.py" source_line=383}

This isn't necessarily a bug; constant-folding is inherently a trade-off between compilation time and speed at runtime. XLA has some guards that attempt to keep constant folding from taking too long, but fundamentally you'll always be able to come up with an input program that takes a long time.

If you'd like to file a bug, run with envvar XLA_FLAGS=--xla_dump_to=/tmp/foo and attach the results.
2026-05-05 12:03:20.969640: E external/xla/xla/service/slow_operation_alarm.cc:73] Constant folding an instruction is taking > 1s:

  %imag.2 = f64[36,75,75,200]{3,2,1,0} imag(%constant.71), metadata={op_name="jit(_kernel)/jit(main)/jit(_fft_and_rslice)/exp" source_file="/global/homes/j/jackm/software/lorrax_B/src/common/load_wfns.py" source_line=383}

This isn't necessarily a bug; constant-folding is inherently a trade-off between compilation time and speed at runtime. XLA has some guards that attempt to keep constant folding from taking too long, but fundamentally you'll always be able to come up with an input program that takes a long time.

If you'd like to file a bug, run with envvar XLA_FLAGS=--xla_dump_to=/tmp/foo and attach the results.
2026-05-05 12:03:21.451162: E external/xla/xla/service/slow_operation_alarm.cc:73] Constant folding an instruction is taking > 2s:

  %sine.4 = f64[36,75,75,200]{3,2,1,0} sine(%constant.242), metadata={op_name="jit(_kernel)/jit(main)/jit(_fft_and_rslice)/exp" source_file="/global/homes/j/jackm/software/lorrax_B/src/common/load_wfns.py" source_line=383}

This isn't necessarily a bug; constant-folding is inherently a trade-off between compilation time and speed at runtime. XLA has some guards that attempt to keep constant folding from taking too long, but fundamentally you'll always be able to come up with an input program that takes a long time.

If you'd like to file a bug, run with envvar XLA_FLAGS=--xla_dump_to=/tmp/foo and attach the results.
2026-05-05 12:03:22.211323: E external/xla/xla/service/slow_operation_alarm.cc:140] The operation took 2.78044134s
Constant folding an instruction is taking > 2s:

  %sine.4 = f64[36,75,75,200]{3,2,1,0} sine(%constant.242), metadata={op_name="jit(_kernel)/jit(main)/jit(_fft_and_rslice)/exp" source_file="/global/homes/j/jackm/software/lorrax_B/src/common/load_wfns.py" source_line=383}

This isn't necessarily a bug; constant-folding is inherently a trade-off between compilation time and speed at runtime. XLA has some guards that attempt to keep constant folding from taking too long, but fundamentally you'll always be able to come up with an input program that takes a long time.

If you'd like to file a bug, run with envvar XLA_FLAGS=--xla_dump_to=/tmp/foo and attach the results.
2026-05-05 12:03:23.809321: E external/xla/xla/service/slow_operation_alarm.cc:140] The operation took 3.84595246s
Constant folding an instruction is taking > 1s:

  %imag.2 = f64[36,75,75,200]{3,2,1,0} imag(%constant.71), metadata={op_name="jit(_kernel)/jit(main)/jit(_fft_and_rslice)/exp" source_file="/global/homes/j/jackm/software/lorrax_B/src/common/load_wfns.py" source_line=383}

This isn't necessarily a bug; constant-folding is inherently a trade-off between compilation time and speed at runtime. XLA has some guards that attempt to keep constant folding from taking too long, but fundamentally you'll always be able to come up with an input program that takes a long time.

If you'd like to file a bug, run with envvar XLA_FLAGS=--xla_dump_to=/tmp/foo and attach the results.
[ 12:04:03 | ██████████ | 100% ] r-chunk 18 / 18 · ETA 0 s
Finished zeta fitting at 12:04:03.  Elapsed: 390 s.
  [SlabIO.close] draining 1 pending writes for zeta_q_mu2.h5 …
  [SlabIO.close] Python dispatch drained in 35.0 s; joining writer thread
  [SlabIO.close] writer thread joined in 0.0 s; calling H5Fclose collectively
  [SlabIO.close] H5Fclose returned in 3.2 s
  Zeta output: /pscratch/sd/j/jackm/lorrax_sandbox/runs/CrI3/B_nonbisp_baseline/tmp/zeta_q_mu2.h5  shape: (6,6,1,1808,1125000)
  Timing (18 r-chunks, 430.0s total):
    fit    429.79s  99.9%
    H5       0.24s   0.1%
  [bispinor] μ_L=3 → /pscratch/sd/j/jackm/lorrax_sandbox/runs/CrI3/B_nonbisp_baseline/tmp/zeta_q_mu3.h5

  Zeta fitting: 18 r-chunks x 65760 r-points, 80 bands (78 left + 18 right)
  Output: /pscratch/sd/j/jackm/lorrax_sandbox/runs/CrI3/B_nonbisp_baseline/tmp/zeta_q_mu3.h5
  Left wfns:  (36, 78, 4, 1808)
  Right wfns: (36, 18, 4, 1808)
  Pseudobands normalization: 0 weighted, 0 zero-weight (skipped)
  Computing pair densities P_l, P_r (γ̃^3 vertex)
/opt/jax/jax/_src/interpreters/mlir.py:1178: UserWarning: Some donated buffers were not usable: ShapedArray(complex128[36,452,452]).
See an explanation at https://jax.readthedocs.io/en/latest/faq.html#buffer-donation.
  warnings.warn("Some donated buffers were not usable:"
  Skipping Cholesky (vertex_mu_L=3 CCT is indefinite); will LU-solve per q-batch
  L_q: (36, 1808, 1808)
/opt/jax/jax/_src/interpreters/mlir.py:1178: UserWarning: Some donated buffers were not usable: ShapedArray(complex128[36,452,452]).
See an explanation at https://jax.readthedocs.io/en/latest/faq.html#buffer-donation.
  warnings.warn("Some donated buffers were not usable:"
/opt/jax/jax/_src/interpreters/mlir.py:1178: UserWarning: Some donated buffers were not usable: ShapedArray(complex128[36,452,452]).
See an explanation at https://jax.readthedocs.io/en/latest/faq.html#buffer-donation.
  warnings.warn("Some donated buffers were not usable:"
/opt/jax/jax/_src/interpreters/mlir.py:1178: UserWarning: Some donated buffers were not usable: ShapedArray(complex128[36,452,452]).
See an explanation at https://jax.readthedocs.io/en/latest/faq.html#buffer-donation.
  warnings.warn("Some donated buffers were not usable:"
/opt/jax/jax/_src/interpreters/mlir.py:1178: UserWarning: Some donated buffers were not usable: ShapedArray(complex128[36,452,452]).
See an explanation at https://jax.readthedocs.io/en/latest/faq.html#buffer-donation.
  warnings.warn("Some donated buffers were not usable:"
/opt/jax/jax/_src/interpreters/mlir.py:1178: UserWarning: Some donated buffers were not usable: ShapedArray(complex128[36,452,452]).
See an explanation at https://jax.readthedocs.io/en/latest/faq.html#buffer-donation.
  warnings.warn("Some donated buffers were not usable:"
/opt/jax/jax/_src/interpreters/mlir.py:1178: UserWarning: Some donated buffers were not usable: ShapedArray(complex128[36,452,452]).
See an explanation at https://jax.readthedocs.io/en/latest/faq.html#buffer-donation.
  warnings.warn("Some donated buffers were not usable:"
/opt/jax/jax/_src/interpreters/mlir.py:1178: UserWarning: Some donated buffers were not usable: ShapedArray(complex128[36,452,452]).
See an explanation at https://jax.readthedocs.io/en/latest/faq.html#buffer-donation.
  warnings.warn("Some donated buffers were not usable:"
/opt/jax/jax/_src/interpreters/mlir.py:1178: UserWarning: Some donated buffers were not usable: ShapedArray(complex128[36,452,452]).
See an explanation at https://jax.readthedocs.io/en/latest/faq.html#buffer-donation.
  warnings.warn("Some donated buffers were not usable:"
/opt/jax/jax/_src/interpreters/mlir.py:1178: UserWarning: Some donated buffers were not usable: ShapedArray(complex128[36,452,452]).
See an explanation at https://jax.readthedocs.io/en/latest/faq.html#buffer-donation.
  warnings.warn("Some donated buffers were not usable:"
/opt/jax/jax/_src/interpreters/mlir.py:1178: UserWarning: Some donated buffers were not usable: ShapedArray(complex128[36,452,452]).
See an explanation at https://jax.readthedocs.io/en/latest/faq.html#buffer-donation.
  warnings.warn("Some donated buffers were not usable:"
/opt/jax/jax/_src/interpreters/mlir.py:1178: UserWarning: Some donated buffers were not usable: ShapedArray(complex128[36,452,452]).
See an explanation at https://jax.readthedocs.io/en/latest/faq.html#buffer-donation.
  warnings.warn("Some donated buffers were not usable:"
/opt/jax/jax/_src/interpreters/mlir.py:1178: UserWarning: Some donated buffers were not usable: ShapedArray(complex128[36,452,452]).
See an explanation at https://jax.readthedocs.io/en/latest/faq.html#buffer-donation.
  warnings.warn("Some donated buffers were not usable:"
/opt/jax/jax/_src/interpreters/mlir.py:1178: UserWarning: Some donated buffers were not usable: ShapedArray(complex128[36,452,452]).
See an explanation at https://jax.readthedocs.io/en/latest/faq.html#buffer-donation.
  warnings.warn("Some donated buffers were not usable:"
/opt/jax/jax/_src/interpreters/mlir.py:1178: UserWarning: Some donated buffers were not usable: ShapedArray(complex128[36,452,452]).
See an explanation at https://jax.readthedocs.io/en/latest/faq.html#buffer-donation.
  warnings.warn("Some donated buffers were not usable:"
/opt/jax/jax/_src/interpreters/mlir.py:1178: UserWarning: Some donated buffers were not usable: ShapedArray(complex128[36,452,452]).
See an explanation at https://jax.readthedocs.io/en/latest/faq.html#buffer-donation.
  warnings.warn("Some donated buffers were not usable:"
/global/homes/j/jackm/software/lorrax_B/src/file_io/_slab_io_ffi.py:239: UserWarning: FFI backend: chunks/attrs on create_dataset currently no-op; pre-create with h5py if you need explicit chunking or attrs.
  warnings.warn(
/global/homes/j/jackm/software/lorrax_B/src/file_io/_slab_io_ffi.py:239: UserWarning: FFI backend: chunks/attrs on create_dataset currently no-op; pre-create with h5py if you need explicit chunking or attrs.
  warnings.warn(
/global/homes/j/jackm/software/lorrax_B/src/file_io/_slab_io_ffi.py:239: UserWarning: FFI backend: chunks/attrs on create_dataset currently no-op; pre-create with h5py if you need explicit chunking or attrs.
  warnings.warn(
/global/homes/j/jackm/software/lorrax_B/src/file_io/_slab_io_ffi.py:239: UserWarning: FFI backend: chunks/attrs on create_dataset currently no-op; pre-create with h5py if you need explicit chunking or attrs.
  warnings.warn(
/global/homes/j/jackm/software/lorrax_B/src/file_io/_slab_io_ffi.py:239: UserWarning: FFI backend: chunks/attrs on create_dataset currently no-op; pre-create with h5py if you need explicit chunking or attrs.
  warnings.warn(
/global/homes/j/jackm/software/lorrax_B/src/file_io/_slab_io_ffi.py:239: UserWarning: FFI backend: chunks/attrs on create_dataset currently no-op; pre-create with h5py if you need explicit chunking or attrs.
  warnings.warn(
/global/homes/j/jackm/software/lorrax_B/src/file_io/_slab_io_ffi.py:239: UserWarning: FFI backend: chunks/attrs on create_dataset currently no-op; pre-create with h5py if you need explicit chunking or attrs.
  warnings.warn(
/global/homes/j/jackm/software/lorrax_B/src/file_io/_slab_io_ffi.py:239: UserWarning: FFI backend: chunks/attrs on create_dataset currently no-op; pre-create with h5py if you need explicit chunking or attrs.
  warnings.warn(
/global/homes/j/jackm/software/lorrax_B/src/file_io/_slab_io_ffi.py:239: UserWarning: FFI backend: chunks/attrs on create_dataset currently no-op; pre-create with h5py if you need explicit chunking or attrs.
  warnings.warn(
/global/homes/j/jackm/software/lorrax_B/src/file_io/_slab_io_ffi.py:239: UserWarning: FFI backend: chunks/attrs on create_dataset currently no-op; pre-create with h5py if you need explicit chunking or attrs.
  warnings.warn(
/global/homes/j/jackm/software/lorrax_B/src/file_io/_slab_io_ffi.py:239: UserWarning: FFI backend: chunks/attrs on create_dataset currently no-op; pre-create with h5py if you need explicit chunking or attrs.
  warnings.warn(
/global/homes/j/jackm/software/lorrax_B/src/file_io/_slab_io_ffi.py:239: UserWarning: FFI backend: chunks/attrs on create_dataset currently no-op; pre-create with h5py if you need explicit chunking or attrs.
  warnings.warn(
/global/homes/j/jackm/software/lorrax_B/src/file_io/_slab_io_ffi.py:239: UserWarning: FFI backend: chunks/attrs on create_dataset currently no-op; pre-create with h5py if you need explicit chunking or attrs.
  warnings.warn(
/global/homes/j/jackm/software/lorrax_B/src/file_io/_slab_io_ffi.py:239: UserWarning: FFI backend: chunks/attrs on create_dataset currently no-op; pre-create with h5py if you need explicit chunking or attrs.
  warnings.warn(
/global/homes/j/jackm/software/lorrax_B/src/file_io/_slab_io_ffi.py:239: UserWarning: FFI backend: chunks/attrs on create_dataset currently no-op; pre-create with h5py if you need explicit chunking or attrs.
  warnings.warn(
/global/homes/j/jackm/software/lorrax_B/src/file_io/_slab_io_ffi.py:239: UserWarning: FFI backend: chunks/attrs on create_dataset currently no-op; pre-create with h5py if you need explicit chunking or attrs.
  warnings.warn(
  ψ(G) host cache: 12.96 GB/process resident
Started zeta fitting at 12:05:38.
[ 12:05:38 | █░░░░░░░░░ |   6% ] r-chunk  1 / 18 · ETA 0 s
[ 12:05:59 | █░░░░░░░░░ |  11% ] r-chunk  2 / 18 · ETA 169 s
[ 12:06:19 | ██░░░░░░░░ |  17% ] r-chunk  3 / 18 · ETA 202 s
[ 12:06:37 | ██░░░░░░░░ |  22% ] r-chunk  4 / 18 · ETA 206 s
[ 12:06:56 | ███░░░░░░░ |  28% ] r-chunk  5 / 18 · ETA 202 s
[ 12:07:15 | ███░░░░░░░ |  33% ] r-chunk  6 / 18 · ETA 194 s
[ 12:07:34 | ████░░░░░░ |  39% ] r-chunk  7 / 18 · ETA 182 s
[ 12:07:54 | ████░░░░░░ |  44% ] r-chunk  8 / 18 · ETA 169 s
[ 12:08:23 | █████░░░░░ |  50% ] r-chunk  9 / 18 · ETA 165 s
[ 12:08:42 | ██████░░░░ |  56% ] r-chunk 10 / 18 · ETA 147 s
[ 12:09:02 | ██████░░░░ |  61% ] r-chunk 11 / 18 · ETA 129 s
[ 12:09:21 | ███████░░░ |  67% ] r-chunk 12 / 18 · ETA 111 s
[ 12:09:40 | ███████░░░ |  72% ] r-chunk 13 / 18 · ETA 93 s
[ 12:10:00 | ████████░░ |  78% ] r-chunk 14 / 18 · ETA 75 s
[ 12:10:24 | ████████░░ |  83% ] r-chunk 15 / 18 · ETA 57 s
[ 12:10:44 | █████████░ |  89% ] r-chunk 16 / 18 · ETA 38 s
[ 12:11:05 | █████████░ |  94% ] r-chunk 17 / 18 · ETA 19 s
2026-05-05 12:11:15.507544: E external/xla/xla/service/slow_operation_alarm.cc:73] Constant folding an instruction is taking > 1s:

  %sine.3 = f64[36,75,75,200]{3,2,1,0} sine(%constant.236), metadata={op_name="jit(_kernel)/jit(main)/jit(_fft_and_rslice)/exp" source_file="/global/homes/j/jackm/software/lorrax_B/src/common/load_wfns.py" source_line=383}

This isn't necessarily a bug; constant-folding is inherently a trade-off between compilation time and speed at runtime. XLA has some guards that attempt to keep constant folding from taking too long, but fundamentally you'll always be able to come up with an input program that takes a long time.

If you'd like to file a bug, run with envvar XLA_FLAGS=--xla_dump_to=/tmp/foo and attach the results.
2026-05-05 12:11:15.522379: E external/xla/xla/service/slow_operation_alarm.cc:140] The operation took 1.973653127s
Constant folding an instruction is taking > 1s:

  %sine.3 = f64[36,75,75,200]{3,2,1,0} sine(%constant.236), metadata={op_name="jit(_kernel)/jit(main)/jit(_fft_and_rslice)/exp" source_file="/global/homes/j/jackm/software/lorrax_B/src/common/load_wfns.py" source_line=383}

This isn't necessarily a bug; constant-folding is inherently a trade-off between compilation time and speed at runtime. XLA has some guards that attempt to keep constant folding from taking too long, but fundamentally you'll always be able to come up with an input program that takes a long time.

If you'd like to file a bug, run with envvar XLA_FLAGS=--xla_dump_to=/tmp/foo and attach the results.
2026-05-05 12:11:17.155347: E external/xla/xla/service/slow_operation_alarm.cc:73] Constant folding an instruction is taking > 2s:

  %imag.2 = f64[36,75,75,200]{3,2,1,0} imag(%constant.71), metadata={op_name="jit(_kernel)/jit(main)/jit(_fft_and_rslice)/exp" source_file="/global/homes/j/jackm/software/lorrax_B/src/common/load_wfns.py" source_line=383}

This isn't necessarily a bug; constant-folding is inherently a trade-off between compilation time and speed at runtime. XLA has some guards that attempt to keep constant folding from taking too long, but fundamentally you'll always be able to come up with an input program that takes a long time.

If you'd like to file a bug, run with envvar XLA_FLAGS=--xla_dump_to=/tmp/foo and attach the results.
2026-05-05 12:11:17.540389: E external/xla/xla/service/slow_operation_alarm.cc:73] Constant folding an instruction is taking > 2s:

  %real.4 = f64[36,75,75,200]{3,2,1,0} real(%constant.85), metadata={op_name="jit(_kernel)/jit(main)/jit(_fft_and_rslice)/exp" source_file="/global/homes/j/jackm/software/lorrax_B/src/common/load_wfns.py" source_line=383}

This isn't necessarily a bug; constant-folding is inherently a trade-off between compilation time and speed at runtime. XLA has some guards that attempt to keep constant folding from taking too long, but fundamentally you'll always be able to come up with an input program that takes a long time.

If you'd like to file a bug, run with envvar XLA_FLAGS=--xla_dump_to=/tmp/foo and attach the results.
2026-05-05 12:11:17.726141: E external/xla/xla/service/slow_operation_alarm.cc:140] The operation took 2.598658968s
Constant folding an instruction is taking > 2s:

  %imag.2 = f64[36,75,75,200]{3,2,1,0} imag(%constant.71), metadata={op_name="jit(_kernel)/jit(main)/jit(_fft_and_rslice)/exp" source_file="/global/homes/j/jackm/software/lorrax_B/src/common/load_wfns.py" source_line=383}

This isn't necessarily a bug; constant-folding is inherently a trade-off between compilation time and speed at runtime. XLA has some guards that attempt to keep constant folding from taking too long, but fundamentally you'll always be able to come up with an input program that takes a long time.

If you'd like to file a bug, run with envvar XLA_FLAGS=--xla_dump_to=/tmp/foo and attach the results.
2026-05-05 12:11:18.456001: E external/xla/xla/service/slow_operation_alarm.cc:140] The operation took 2.933563787s
Constant folding an instruction is taking > 2s:

  %real.4 = f64[36,75,75,200]{3,2,1,0} real(%constant.85), metadata={op_name="jit(_kernel)/jit(main)/jit(_fft_and_rslice)/exp" source_file="/global/homes/j/jackm/software/lorrax_B/src/common/load_wfns.py" source_line=383}

This isn't necessarily a bug; constant-folding is inherently a trade-off between compilation time and speed at runtime. XLA has some guards that attempt to keep constant folding from taking too long, but fundamentally you'll always be able to come up with an input program that takes a long time.

If you'd like to file a bug, run with envvar XLA_FLAGS=--xla_dump_to=/tmp/foo and attach the results.
2026-05-05 12:11:21.733528: E external/xla/xla/service/slow_operation_alarm.cc:73] Constant folding an instruction is taking > 4s:

  %cosine.2 = f64[36,75,75,200]{3,2,1,0} cosine(%constant.230), metadata={op_name="jit(_kernel)/jit(main)/jit(_fft_and_rslice)/exp" source_file="/global/homes/j/jackm/software/lorrax_B/src/common/load_wfns.py" source_line=383}

This isn't necessarily a bug; constant-folding is inherently a trade-off between compilation time and speed at runtime. XLA has some guards that attempt to keep constant folding from taking too long, but fundamentally you'll always be able to come up with an input program that takes a long time.

If you'd like to file a bug, run with envvar XLA_FLAGS=--xla_dump_to=/tmp/foo and attach the results.
2026-05-05 12:11:22.156228: E external/xla/xla/service/slow_operation_alarm.cc:140] The operation took 4.430042576s
Constant folding an instruction is taking > 4s:

  %cosine.2 = f64[36,75,75,200]{3,2,1,0} cosine(%constant.230), metadata={op_name="jit(_kernel)/jit(main)/jit(_fft_and_rslice)/exp" source_file="/global/homes/j/jackm/software/lorrax_B/src/common/load_wfns.py" source_line=383}

This isn't necessarily a bug; constant-folding is inherently a trade-off between compilation time and speed at runtime. XLA has some guards that attempt to keep constant folding from taking too long, but fundamentally you'll always be able to come up with an input program that takes a long time.

If you'd like to file a bug, run with envvar XLA_FLAGS=--xla_dump_to=/tmp/foo and attach the results.
[ 12:12:02 | ██████████ | 100% ] r-chunk 18 / 18 · ETA 0 s
Finished zeta fitting at 12:12:02.  Elapsed: 383 s.
  [SlabIO.close] draining 1 pending writes for zeta_q_mu3.h5 …
  [SlabIO.close] Python dispatch drained in 35.1 s; joining writer thread
  [SlabIO.close] writer thread joined in 0.0 s; calling H5Fclose collectively
  [SlabIO.close] H5Fclose returned in 3.0 s
  Zeta output: /pscratch/sd/j/jackm/lorrax_sandbox/runs/CrI3/B_nonbisp_baseline/tmp/zeta_q_mu3.h5  shape: (6,6,1,1808,1125000)
  Timing (18 r-chunks, 429.4s total):
    fit    429.16s  99.9%
    H5       0.26s   0.1%
    V_q bare cutoff: 80.0 Ry (auto: ecutwfc)
    V_q budget:    28.90 GB
    V_q mu chunks: 535
    V_q (bispinor) channels: n_rmu={0: 1800, 1: 1808, 2: 1808, 3: 1808}
  V_q (bispinor): mesh=4x4, channels n_rmu={0: 1800, 1: 1808, 2: 1808, 3: 1808}, 7 unique tiles + 3 hermitian-transpose, 6 zero by Coulomb gauge
    tile (0,0) [scalar (0,0)]: n_rmu=1800, same_zeta=True, write_g0=True
Started V_q tile at 12:12:53.
[ 12:12:53 | ░░░░░░░░░░ |   3% ] q-point  1 / 36 · ETA 0 s
[ 12:13:12 | █░░░░░░░░░ |   8% ] q-point  3 / 36 · ETA 216 s
[ 12:13:29 | █░░░░░░░░░ |  14% ] q-point  5 / 36 · ETA 224 s
[ 12:13:45 | ██░░░░░░░░ |  19% ] q-point  7 / 36 · ETA 217 s
[ 12:13:53 | ██░░░░░░░░ |  22% ] q-point  8 / 36 · ETA 213 s
[ 12:14:10 | ███░░░░░░░ |  28% ] q-point 10 / 36 · ETA 202 s
[ 12:14:27 | ███░░░░░░░ |  33% ] q-point 12 / 36 · ETA 189 s
[ 12:14:43 | ████░░░░░░ |  39% ] q-point 14 / 36 · ETA 174 s
[ 12:15:02 | ████░░░░░░ |  44% ] q-point 16 / 36 · ETA 162 s
[ 12:15:20 | █████░░░░░ |  50% ] q-point 18 / 36 · ETA 147 s
[ 12:15:28 | █████░░░░░ |  53% ] q-point 19 / 36 · ETA 139 s
[ 12:15:46 | ██████░░░░ |  58% ] q-point 21 / 36 · ETA 124 s
[ 12:16:03 | ██████░░░░ |  64% ] q-point 23 / 36 · ETA 108 s
[ 12:16:20 | ███████░░░ |  69% ] q-point 25 / 36 · ETA 91 s
[ 12:16:39 | ████████░░ |  75% ] q-point 27 / 36 · ETA 76 s
[ 12:16:56 | ████████░░ |  81% ] q-point 29 / 36 · ETA 59 s
[ 12:17:05 | ████████░░ |  83% ] q-point 30 / 36 · ETA 50 s
[ 12:17:24 | █████████░ |  89% ] q-point 32 / 36 · ETA 34 s
[ 12:17:42 | █████████░ |  94% ] q-point 34 / 36 · ETA 17 s
[ 12:18:00 | ██████████ | 100% ] q-point 36 / 36 · ETA 0 s
Finished V_q tile at 12:18:00.  Elapsed: 307 s.
    tile (1,1) [transverse diag]: n_rmu=1808, same_zeta=True, write_g0=False
Started V_q tile at 12:18:12.
[ 12:18:12 | ░░░░░░░░░░ |   3% ] q-point  1 / 36 · ETA 0 s
[ 12:18:35 | █░░░░░░░░░ |   8% ] q-point  3 / 36 · ETA 252 s
[ 12:18:56 | █░░░░░░░░░ |  14% ] q-point  5 / 36 · ETA 273 s
[ 12:19:16 | ██░░░░░░░░ |  19% ] q-point  7 / 36 · ETA 263 s
[ 12:19:24 | ██░░░░░░░░ |  22% ] q-point  8 / 36 · ETA 253 s
[ 12:19:42 | ███░░░░░░░ |  28% ] q-point 10 / 36 · ETA 233 s
[ 12:19:59 | ███░░░░░░░ |  33% ] q-point 12 / 36 · ETA 215 s
[ 12:20:19 | ████░░░░░░ |  39% ] q-point 14 / 36 · ETA 199 s
[ 12:20:38 | ████░░░░░░ |  44% ] q-point 16 / 36 · ETA 183 s
[ 12:20:59 | █████░░░░░ |  50% ] q-point 18 / 36 · ETA 167 s
[ 12:21:10 | █████░░░░░ |  53% ] q-point 19 / 36 · ETA 159 s
[ 12:21:32 | ██████░░░░ |  58% ] q-point 21 / 36 · ETA 143 s
[ 12:21:56 | ██████░░░░ |  64% ] q-point 23 / 36 · ETA 127 s
[ 12:22:18 | ███████░░░ |  69% ] q-point 25 / 36 · ETA 108 s
[ 12:22:41 | ████████░░ |  75% ] q-point 27 / 36 · ETA 90 s
[ 12:23:03 | ████████░░ |  81% ] q-point 29 / 36 · ETA 70 s
[ 12:23:14 | ████████░░ |  83% ] q-point 30 / 36 · ETA 60 s
[ 12:23:36 | █████████░ |  89% ] q-point 32 / 36 · ETA 41 s
[ 12:23:59 | █████████░ |  94% ] q-point 34 / 36 · ETA 20 s
[ 12:24:20 | ██████████ | 100% ] q-point 36 / 36 · ETA 0 s
Finished V_q tile at 12:24:20.  Elapsed: 368 s.
    tile (2,2) [transverse diag]: n_rmu=1808, same_zeta=True, write_g0=False
Started V_q tile at 12:24:33.
[ 12:24:33 | ░░░░░░░░░░ |   3% ] q-point  1 / 36 · ETA 0 s
[ 12:24:54 | █░░░░░░░░░ |   8% ] q-point  3 / 36 · ETA 228 s
[ 12:25:12 | █░░░░░░░░░ |  14% ] q-point  5 / 36 · ETA 244 s
[ 12:25:32 | ██░░░░░░░░ |  19% ] q-point  7 / 36 · ETA 247 s
[ 12:25:42 | ██░░░░░░░░ |  22% ] q-point  8 / 36 · ETA 241 s
[ 12:26:00 | ███░░░░░░░ |  28% ] q-point 10 / 36 · ETA 226 s
[ 12:26:18 | ███░░░░░░░ |  33% ] q-point 12 / 36 · ETA 210 s
[ 12:26:36 | ████░░░░░░ |  39% ] q-point 14 / 36 · ETA 194 s
[ 12:26:55 | ████░░░░░░ |  44% ] q-point 16 / 36 · ETA 178 s
[ 12:27:16 | █████░░░░░ |  50% ] q-point 18 / 36 · ETA 163 s
[ 12:27:25 | █████░░░░░ |  53% ] q-point 19 / 36 · ETA 154 s
[ 12:27:46 | ██████░░░░ |  58% ] q-point 21 / 36 · ETA 138 s
[ 12:28:07 | ██████░░░░ |  64% ] q-point 23 / 36 · ETA 121 s
[ 12:28:27 | ███████░░░ |  69% ] q-point 25 / 36 · ETA 103 s
[ 12:28:48 | ████████░░ |  75% ] q-point 27 / 36 · ETA 85 s
[ 12:29:09 | ████████░░ |  81% ] q-point 29 / 36 · ETA 67 s
[ 12:29:21 | ████████░░ |  83% ] q-point 30 / 36 · ETA 58 s
[ 12:29:44 | █████████░ |  89% ] q-point 32 / 36 · ETA 39 s
[ 12:30:08 | █████████░ |  94% ] q-point 34 / 36 · ETA 20 s
[ 12:30:33 | ██████████ | 100% ] q-point 36 / 36 · ETA 0 s
Finished V_q tile at 12:30:33.  Elapsed: 360 s.
    tile (3,3) [transverse diag]: n_rmu=1808, same_zeta=True, write_g0=False
Started V_q tile at 12:30:45.
[ 12:30:45 | ░░░░░░░░░░ |   3% ] q-point  1 / 36 · ETA 0 s
[ 12:31:05 | █░░░░░░░░░ |   8% ] q-point  3 / 36 · ETA 223 s
[ 12:31:24 | █░░░░░░░░░ |  14% ] q-point  5 / 36 · ETA 244 s
[ 12:31:43 | ██░░░░░░░░ |  19% ] q-point  7 / 36 · ETA 242 s
[ 12:31:53 | ██░░░░░░░░ |  22% ] q-point  8 / 36 · ETA 236 s
[ 12:32:12 | ███░░░░░░░ |  28% ] q-point 10 / 36 · ETA 225 s
[ 12:32:31 | ███░░░░░░░ |  33% ] q-point 12 / 36 · ETA 211 s
[ 12:32:50 | ████░░░░░░ |  39% ] q-point 14 / 36 · ETA 197 s
[ 12:33:10 | ████░░░░░░ |  44% ] q-point 16 / 36 · ETA 181 s
[ 12:33:32 | █████░░░░░ |  50% ] q-point 18 / 36 · ETA 167 s
[ 12:33:43 | █████░░░░░ |  53% ] q-point 19 / 36 · ETA 159 s
[ 12:34:04 | ██████░░░░ |  58% ] q-point 21 / 36 · ETA 142 s
[ 12:34:27 | ██████░░░░ |  64% ] q-point 23 / 36 · ETA 125 s
[ 12:34:49 | ███████░░░ |  69% ] q-point 25 / 36 · ETA 107 s
[ 12:35:11 | ████████░░ |  75% ] q-point 27 / 36 · ETA 89 s
[ 12:35:36 | ████████░░ |  81% ] q-point 29 / 36 · ETA 70 s
[ 12:35:47 | ████████░░ |  83% ] q-point 30 / 36 · ETA 60 s
[ 12:36:09 | █████████░ |  89% ] q-point 32 / 36 · ETA 41 s
[ 12:36:34 | █████████░ |  94% ] q-point 34 / 36 · ETA 21 s
[ 12:36:58 | ██████████ | 100% ] q-point 36 / 36 · ETA 0 s
Finished V_q tile at 12:36:58.  Elapsed: 373 s.
    tile (1,2) [transverse off-diag]: n_rmu=1808, same_zeta=False, write_g0=False
Started V_q tile at 12:37:09.
[ 12:37:09 | ░░░░░░░░░░ |   3% ] q-point  1 / 36 · ETA 0 s
[ 12:37:37 | █░░░░░░░░░ |   8% ] q-point  3 / 36 · ETA 305 s
[ 12:38:06 | █░░░░░░░░░ |  14% ] q-point  5 / 36 · ETA 351 s
[ 12:38:35 | ██░░░░░░░░ |  19% ] q-point  7 / 36 · ETA 357 s
[ 12:38:49 | ██░░░░░░░░ |  22% ] q-point  8 / 36 · ETA 351 s
[ 12:39:19 | ███░░░░░░░ |  28% ] q-point 10 / 36 · ETA 338 s
[ 12:39:50 | ███░░░░░░░ |  33% ] q-point 12 / 36 · ETA 323 s
[ 12:40:20 | ████░░░░░░ |  39% ] q-point 14 / 36 · ETA 301 s
[ 12:40:52 | ████░░░░░░ |  44% ] q-point 16 / 36 · ETA 278 s
[ 12:41:23 | █████░░░░░ |  50% ] q-point 18 / 36 · ETA 254 s
[ 12:41:38 | █████░░░░░ |  53% ] q-point 19 / 36 · ETA 241 s
[ 12:42:08 | ██████░░░░ |  58% ] q-point 21 / 36 · ETA 213 s
[ 12:42:39 | ██████░░░░ |  64% ] q-point 23 / 36 · ETA 187 s
[ 12:43:09 | ███████░░░ |  69% ] q-point 25 / 36 · ETA 158 s
[ 12:43:41 | ████████░░ |  75% ] q-point 27 / 36 · ETA 130 s
[ 12:44:11 | ████████░░ |  81% ] q-point 29 / 36 · ETA 102 s
[ 12:44:27 | ████████░░ |  83% ] q-point 30 / 36 · ETA 87 s
[ 12:44:55 | █████████░ |  89% ] q-point 32 / 36 · ETA 58 s
[ 12:45:24 | █████████░ |  94% ] q-point 34 / 36 · ETA 29 s
[ 12:45:51 | ██████████ | 100% ] q-point 36 / 36 · ETA 0 s
Finished V_q tile at 12:45:51.  Elapsed: 522 s.
    tile (1,3) [transverse off-diag]: n_rmu=1808, same_zeta=False, write_g0=False
Started V_q tile at 12:46:03.
[ 12:46:03 | ░░░░░░░░░░ |   3% ] q-point  1 / 36 · ETA 0 s
[ 12:46:26 | █░░░░░░░░░ |   8% ] q-point  3 / 36 · ETA 254 s
[ 12:46:50 | █░░░░░░░░░ |  14% ] q-point  5 / 36 · ETA 292 s
[ 12:47:15 | ██░░░░░░░░ |  19% ] q-point  7 / 36 · ETA 300 s
[ 12:47:28 | ██░░░░░░░░ |  22% ] q-point  8 / 36 · ETA 298 s
[ 12:47:54 | ███░░░░░░░ |  28% ] q-point 10 / 36 · ETA 288 s
[ 12:48:21 | ███░░░░░░░ |  33% ] q-point 12 / 36 · ETA 277 s
[ 12:48:49 | ████░░░░░░ |  39% ] q-point 14 / 36 · ETA 260 s
[ 12:49:17 | ████░░░░░░ |  44% ] q-point 16 / 36 · ETA 243 s
[ 12:49:44 | █████░░░░░ |  50% ] q-point 18 / 36 · ETA 222 s
[ 12:49:59 | █████░░░░░ |  53% ] q-point 19 / 36 · ETA 212 s
[ 12:50:28 | ██████░░░░ |  58% ] q-point 21 / 36 · ETA 189 s
[ 12:50:57 | ██████░░░░ |  64% ] q-point 23 / 36 · ETA 166 s
[ 12:51:26 | ███████░░░ |  69% ] q-point 25 / 36 · ETA 142 s
[ 12:51:55 | ████████░░ |  75% ] q-point 27 / 36 · ETA 117 s
[ 12:52:24 | ████████░░ |  81% ] q-point 29 / 36 · ETA 92 s
[ 12:52:39 | ████████░░ |  83% ] q-point 30 / 36 · ETA 79 s
[ 12:53:08 | █████████░ |  89% ] q-point 32 / 36 · ETA 53 s
[ 12:53:38 | █████████░ |  94% ] q-point 34 / 36 · ETA 27 s
[ 12:54:06 | ██████████ | 100% ] q-point 36 / 36 · ETA 0 s
Finished V_q tile at 12:54:06.  Elapsed: 483 s.
    tile (2,3) [transverse off-diag]: n_rmu=1808, same_zeta=False, write_g0=False
Started V_q tile at 12:54:18.
[ 12:54:18 | ░░░░░░░░░░ |   3% ] q-point  1 / 36 · ETA 0 s
[ 12:54:42 | █░░░░░░░░░ |   8% ] q-point  3 / 36 · ETA 268 s
[ 12:55:10 | █░░░░░░░░░ |  14% ] q-point  5 / 36 · ETA 324 s
[ 12:55:39 | ██░░░░░░░░ |  19% ] q-point  7 / 36 · ETA 336 s
[ 12:55:53 | ██░░░░░░░░ |  22% ] q-point  8 / 36 · ETA 332 s
[ 12:56:19 | ███░░░░░░░ |  28% ] q-point 10 / 36 · ETA 315 s
[ 12:56:45 | ███░░░░░░░ |  33% ] q-point 12 / 36 · ETA 294 s
[ 12:57:11 | ████░░░░░░ |  39% ] q-point 14 / 36 · ETA 272 s
[ 12:57:39 | ████░░░░░░ |  44% ] q-point 16 / 36 · ETA 251 s
[ 12:58:07 | █████░░░░░ |  50% ] q-point 18 / 36 · ETA 229 s
[ 12:58:22 | █████░░░░░ |  53% ] q-point 19 / 36 · ETA 218 s
[ 12:58:51 | ██████░░░░ |  58% ] q-point 21 / 36 · ETA 195 s
[ 12:59:19 | ██████░░░░ |  64% ] q-point 23 / 36 · ETA 170 s
[ 12:59:47 | ███████░░░ |  69% ] q-point 25 / 36 · ETA 145 s
[ 13:00:16 | ████████░░ |  75% ] q-point 27 / 36 · ETA 119 s
[ 13:00:45 | ████████░░ |  81% ] q-point 29 / 36 · ETA 93 s
[ 13:00:59 | ████████░░ |  83% ] q-point 30 / 36 · ETA 80 s
[ 13:01:27 | █████████░ |  89% ] q-point 32 / 36 · ETA 54 s
[ 13:01:54 | █████████░ |  94% ] q-point 34 / 36 · ETA 27 s
[ 13:02:22 | ██████████ | 100% ] q-point 36 / 36 · ETA 0 s
Finished V_q tile at 13:02:22.  Elapsed: 484 s.
  V_q (bispinor) done: 10 non-zero tiles (7 computed + 3 hermitian-transpose), 6 (0,i)/(i,0) tiles omitted by Coulomb gauge.
  [SlabIO.close] draining 0 pending writes for zeta_q.h5 …
  [SlabIO.close] Python dispatch drained in 0.0 s; joining writer thread
  [SlabIO.close] writer thread joined in 0.0 s; calling H5Fclose collectively
  [SlabIO.close] H5Fclose returned in 0.9 s
  [SlabIO.close] draining 0 pending writes for zeta_q_mu1.h5 …
  [SlabIO.close] Python dispatch drained in 0.0 s; joining writer thread
  [SlabIO.close] writer thread joined in 0.0 s; calling H5Fclose collectively
  [SlabIO.close] H5Fclose returned in 0.6 s
  [SlabIO.close] draining 0 pending writes for zeta_q_mu2.h5 …
  [SlabIO.close] Python dispatch drained in 0.0 s; joining writer thread
  [SlabIO.close] writer thread joined in 0.0 s; calling H5Fclose collectively
  [SlabIO.close] H5Fclose returned in 0.5 s
  [SlabIO.close] draining 0 pending writes for zeta_q_mu3.h5 …
  [SlabIO.close] Python dispatch drained in 0.0 s; joining writer thread
  [SlabIO.close] writer thread joined in 0.0 s; calling H5Fclose collectively
  [SlabIO.close] H5Fclose returned in 0.6 s

  V_q (bispinor) computed:
    10 non-zero (μ_L, ν_L) tiles (7 unique kernel + 3 hermitian-transpose; 6 zero by Coulomb gauge).
      (0,0) shape=(36, 1800, 1800), V_q=0 trace=14849309491.4883
      (1,1) shape=(36, 1808, 1808), V_q=0 trace=500518770487521152.0000
      (1,2) shape=(36, 1808, 1808), V_q=0 trace=2328832107666674.0000
      (1,3) shape=(36, 1808, 1808), V_q=0 trace=9129694998005024.0000
      (2,1) shape=(36, 1808, 1808), V_q=0 trace=2328832107666674.0000
      (2,2) shape=(36, 1808, 1808), V_q=0 trace=34440052626210516.0000
      (2,3) shape=(36, 1808, 1808), V_q=0 trace=-1002032466511030.6250
      (3,1) shape=(36, 1808, 1808), V_q=0 trace=9129694998005024.0000
      (3,2) shape=(36, 1808, 1808), V_q=0 trace=-1002032466511030.6250
      (3,3) shape=(36, 1808, 1808), V_q=0 trace=587798813120787712.0000
  [SlabIO.close] draining 3 pending writes for isdf_tensors_1800.h5 …
  [SlabIO.close] Python dispatch drained in 55.5 s; joining writer thread
  [SlabIO.close] writer thread joined in 0.0 s; calling H5Fclose collectively
  [SlabIO.close] H5Fclose returned in 7.9 s
  Wavefunctions built (b0:b4=80 bands, 4 sharded copies: xn/xr/yr/yn)
  Wavefunctions built (b0:b4=80 bands, 4 sharded copies: xn/xr/yr/yn)
  [SlabIO.close] draining 1 pending writes for isdf_tensors_1800.h5 …
  [SlabIO.close] Python dispatch drained in 2.1 s; joining writer thread
  [SlabIO.close] writer thread joined in 0.0 s; calling H5Fclose collectively
  [SlabIO.close] H5Fclose returned in 4.2 s
  [bispinor] skipping save_restart_state_per_proc — (0,0)-only view would mis-represent bispinor V_q
  Chunked ISDF path complete

------------------------------------------------------------------------
  FINITE-SIZE CORRECTIONS
------------------------------------------------------------------------
  Head source: override
  v(q→0)  =        0.000 a.u.  (bare Coulomb head)

------------------------------------------------------------------------
  STATIC HEAD TERMS (exact COHSEX / BGW-style)
------------------------------------------------------------------------
  Head source: override
  v_h(q→0)           =     0.000000 a.u.
  W_h(q→0, ω=0)      =     0.000000 a.u.
  W_h^c              =     0.000000 a.u.
  Σ^X head (occ)     = 0.000000e+00 Ry
  Σ^SX head (occ)    = 0.000000e+00 Ry
  Σ^(SX-X) head(occ) = 0.000000e+00 Ry
  Σ^COH head (all)   = 0.000000e+00 Ry

  Σ_X^B (bispinor) per-tile diagonal trace contributions:
      (0,0): tr Σ = -4358.597063 eV
      (1,1): tr Σ = -2.735221 eV
      (1,2): tr Σ = -0.014986 eV
      (1,3): tr Σ = -0.015695 eV
      (2,1): tr Σ = -0.014986 eV
      (2,2): tr Σ = -2.880835 eV
      (2,3): tr Σ = -0.016283 eV
      (3,1): tr Σ = -0.015695 eV
      (3,2): tr Σ = -0.016283 eV
      (3,3): tr Σ = -3.415123 eV
  Bare Σ_X diagonal (eV), k=0: -48.8848  -48.8848  -48.8872  -48.8872  -41.3679  -41.3679  -41.3535  -41.3535

  Sigma diag:   /pscratch/sd/j/jackm/lorrax_sandbox/runs/CrI3/B_nonbisp_baseline/sigma_diag.dat
  BGW eqp0:     /pscratch/sd/j/jackm/lorrax_sandbox/runs/CrI3/B_nonbisp_baseline/eqp0.dat
  BGW eqp1:     /pscratch/sd/j/jackm/lorrax_sandbox/runs/CrI3/B_nonbisp_baseline/eqp1.dat
  Restart:      /pscratch/sd/j/jackm/lorrax_sandbox/runs/CrI3/B_nonbisp_baseline/tmp/isdf_tensors_1800.h5

--- Timing ---
Total recorded: 4914.540 s
Section                                            Count    Total[s]     Self[s]      %
gw_jax.load_centroid_wfns                              1      10.733       5.682    0.2
  load_wfns.precompute_owned                           5       0.000       0.000    0.0
  load_wfns.k_loop                                     5       4.069       4.069    0.1
  load_wfns.scatter                                    5       0.975       0.975    0.0
  load_wfns.make_global_array                          5       0.006       0.006    0.0
gw_jax.load_centroid_wfns_current                      1       6.458       2.163    0.1
  load_wfns.precompute_owned                           5       0.000       0.000    0.0
  load_wfns.k_loop                                     5       3.322       3.322    0.1
  load_wfns.scatter                                    5       0.968       0.968    0.0
  load_wfns.make_global_array                          5       0.006       0.006    0.0
gw_jax.zeta_fit_chunked                                1     467.960      10.233    9.5
  zeta_fit.slice_halves                                1       0.108       0.108    0.0
  zeta_fit.CCT                                         1       0.180       0.180    0.0
  zeta_fit.cholesky                                    1       3.452       3.452    0.1
  zeta_fit.gc_pre_chunk_loop                           1       0.170       0.170    0.0
  zeta_fit.open_file                                   1       0.166       0.166    0.0
  zeta_fit.chunk_loop                                  1     415.579       0.011    8.5
    zeta_fit.chunk.fit_one_rchunk                     18     415.288     415.288    8.5
    zeta_fit.chunk.h5_write                           18       0.280       0.280    0.0
  zeta_fit.close_io                                    1      38.050      38.050    0.8
  zeta_fit.sync_global                                 1       0.023       0.023    0.0
gw_jax.zeta_fit_chunked_mu1                            1     484.717       9.440    9.9
  zeta_fit.slice_halves                                1       0.398       0.398    0.0
  zeta_fit.CCT                                         1       0.546       0.546    0.0
  zeta_fit.cholesky                                    1       0.000       0.000    0.0
  zeta_fit.gc_pre_chunk_loop                           1       0.068       0.068    0.0
  zeta_fit.open_file                                   1       1.975       1.975    0.0
  zeta_fit.chunk_loop                                  1     434.869       0.013    8.8
    zeta_fit.chunk.fit_one_rchunk                     18     434.596     434.596    8.8
    zeta_fit.chunk.h5_write                           18       0.260       0.260    0.0
  zeta_fit.close_io                                    1      37.268      37.268    0.8
  zeta_fit.sync_global                                 1       0.152       0.152    0.0
gw_jax.zeta_fit_chunked_mu2                            1     478.849       8.986    9.7
  zeta_fit.slice_halves                                1       0.122       0.122    0.0
  zeta_fit.CCT                                         1       0.108       0.108    0.0
  zeta_fit.cholesky                                    1       0.000       0.000    0.0
  zeta_fit.gc_pre_chunk_loop                           1       0.045       0.045    0.0
  zeta_fit.open_file                                   1       1.045       1.045    0.0
  zeta_fit.chunk_loop                                  1     430.036       0.006    8.8
    zeta_fit.chunk.fit_one_rchunk                     18     429.786     429.786    8.7
    zeta_fit.chunk.h5_write                           18       0.244       0.244    0.0
  zeta_fit.close_io                                    1      38.267      38.267    0.8
  zeta_fit.sync_global                                 1       0.240       0.240    0.0
gw_jax.zeta_fit_chunked_mu3                            1     477.789       8.929    9.7
  zeta_fit.slice_halves                                1       0.124       0.124    0.0
  zeta_fit.CCT                                         1       0.091       0.091    0.0
  zeta_fit.cholesky                                    1       0.000       0.000    0.0
  zeta_fit.gc_pre_chunk_loop                           1       0.046       0.046    0.0
  zeta_fit.open_file                                   1       0.957       0.957    0.0
  zeta_fit.chunk_loop                                  1     429.420       0.006    8.7
    zeta_fit.chunk.fit_one_rchunk                     18     429.158     429.158    8.7
    zeta_fit.chunk.h5_write                           18       0.256       0.256    0.0
  zeta_fit.close_io                                    1      38.046      38.046    0.8
  zeta_fit.sync_global                                 1       0.176       0.176    0.0
gw_jax.V_q_compute                                     1    2983.975       2.683   60.7
  compute_all_V_q_lorentz_sharded                      1    2981.292       0.118   60.7
    V_q_lorentz_(0,0)                                  1     319.035       0.003    6.5
      V_q_lorentz_(0,0)                                1     319.032     319.032    6.5
    V_q_lorentz_(1,1)                                  1     380.392       0.007    7.7
      V_q_lorentz_(1,1)                                1     380.385     380.385    7.7
    V_q_lorentz_(2,2)                                  1     372.121       0.007    7.6
      V_q_lorentz_(2,2)                                1     372.114     372.114    7.6
    V_q_lorentz_(3,3)                                  1     385.156       0.005    7.8
      V_q_lorentz_(3,3)                                1     385.151     385.151    7.8
    V_q_lorentz_(1,2)                                  1     533.641       0.002   10.9
      V_q_lorentz_(1,2)                                1     533.639     533.639   10.9
    V_q_lorentz_(1,3)                                  1     494.645       0.004   10.1
      V_q_lorentz_(1,3)                                1     494.642     494.642   10.1
    V_q_lorentz_(2,3)                                  1     496.183       0.009   10.1
      V_q_lorentz_(2,3)                                1     496.174     496.174   10.1
gw_jax.wavefunction_setup                              1       0.271       0.271    0.0
gw_jax.sigma                                           1       3.787       3.787    0.1
