[lxrun] JID 52502231 · 4 nodes · 3:02:37 left · 4/4 free · incoming: lx-B
  1  nid008452  free   —              —      —  ← starting lx-B  python3 -u -m gw.gw_jax 
  2  nid008469  free   —              —      —  ← starting lx-B  python3 -u -m gw.gw_jax 
  3  nid008472  free   —              —      —  ← starting lx-B  python3 -u -m gw.gw_jax 
  4  nid008473  free   —              —      —  ← starting lx-B  python3 -u -m gw.gw_jax 

========================================================================
  COHSEX-JAX: Self-Energy Calculation
========================================================================
  Backend: GPU       Devices: 16  Mesh: 4×4  Processes: 16
  Device type: NVIDIA A100-SXM4-80GB
  XLA preallocate: false  mem_fraction: unset
========================================================================

  ISDF basis: 1500 centroids
  FFT grid: 75×75×200   Cell volume: 4960.60 a.u.³

    Memory estimate: peak 25.80 GB (budget 45.00 GB), bottleneck=fft
    Per-stage: fft=25.00  zct=11.96  reshard=11.96  solve=8.50  gather=7.86 GB
    AOT fit_one_rchunk peak (driver-level): 17.53 GB

  Chunked ISDF fitting:
    Band chunks: 16
    R chunks:    70000 (contiguous r-space)
    Q chunks:    36
    Zeta output: /pscratch/sd/j/jackm/lorrax_sandbox/runs/CrI3/B_nonbisp_baseline/tmp/zeta_q.h5

  Zeta fitting: 17 r-chunks x 70000 r-points, 160 bands (150 left + 160 right)
  Output: /pscratch/sd/j/jackm/lorrax_sandbox/runs/CrI3/B_nonbisp_baseline/tmp/zeta_q.h5
  Left wfns:  (36, 150, 4, 1500)
  Right wfns: (36, 160, 4, 1500)
  Pseudobands normalization: 0 weighted, 0 zero-weight (skipped)
  Computing pair densities P_l, P_r (spin_traced)
/opt/jax/jax/_src/interpreters/mlir.py:1178: UserWarning: Some donated buffers were not usable: ShapedArray(complex128[36,375,375]).
See an explanation at https://jax.readthedocs.io/en/latest/faq.html#buffer-donation.
  warnings.warn("Some donated buffers were not usable:"
  Computing L_q = chol(C_q)
/opt/jax/jax/_src/interpreters/mlir.py:1178: UserWarning: Some donated buffers were not usable: ShapedArray(complex128[36,375,375]).
See an explanation at https://jax.readthedocs.io/en/latest/faq.html#buffer-donation.
  warnings.warn("Some donated buffers were not usable:"
/opt/jax/jax/_src/interpreters/mlir.py:1178: UserWarning: Some donated buffers were not usable: ShapedArray(complex128[36,375,375]).
See an explanation at https://jax.readthedocs.io/en/latest/faq.html#buffer-donation.
  warnings.warn("Some donated buffers were not usable:"
/opt/jax/jax/_src/interpreters/mlir.py:1178: UserWarning: Some donated buffers were not usable: ShapedArray(complex128[36,375,375]).
See an explanation at https://jax.readthedocs.io/en/latest/faq.html#buffer-donation.
  warnings.warn("Some donated buffers were not usable:"
/opt/jax/jax/_src/interpreters/mlir.py:1178: UserWarning: Some donated buffers were not usable: ShapedArray(complex128[36,375,375]).
See an explanation at https://jax.readthedocs.io/en/latest/faq.html#buffer-donation.
  warnings.warn("Some donated buffers were not usable:"
/opt/jax/jax/_src/interpreters/mlir.py:1178: UserWarning: Some donated buffers were not usable: ShapedArray(complex128[36,375,375]).
See an explanation at https://jax.readthedocs.io/en/latest/faq.html#buffer-donation.
  warnings.warn("Some donated buffers were not usable:"
/opt/jax/jax/_src/interpreters/mlir.py:1178: UserWarning: Some donated buffers were not usable: ShapedArray(complex128[36,375,375]).
See an explanation at https://jax.readthedocs.io/en/latest/faq.html#buffer-donation.
  warnings.warn("Some donated buffers were not usable:"
/opt/jax/jax/_src/interpreters/mlir.py:1178: UserWarning: Some donated buffers were not usable: ShapedArray(complex128[36,375,375]).
See an explanation at https://jax.readthedocs.io/en/latest/faq.html#buffer-donation.
  warnings.warn("Some donated buffers were not usable:"
/opt/jax/jax/_src/interpreters/mlir.py:1178: UserWarning: Some donated buffers were not usable: ShapedArray(complex128[36,375,375]).
See an explanation at https://jax.readthedocs.io/en/latest/faq.html#buffer-donation.
  warnings.warn("Some donated buffers were not usable:"
/opt/jax/jax/_src/interpreters/mlir.py:1178: UserWarning: Some donated buffers were not usable: ShapedArray(complex128[36,375,375]).
See an explanation at https://jax.readthedocs.io/en/latest/faq.html#buffer-donation.
  warnings.warn("Some donated buffers were not usable:"
/opt/jax/jax/_src/interpreters/mlir.py:1178: UserWarning: Some donated buffers were not usable: ShapedArray(complex128[36,375,375]).
See an explanation at https://jax.readthedocs.io/en/latest/faq.html#buffer-donation.
  warnings.warn("Some donated buffers were not usable:"
/opt/jax/jax/_src/interpreters/mlir.py:1178: UserWarning: Some donated buffers were not usable: ShapedArray(complex128[36,375,375]).
See an explanation at https://jax.readthedocs.io/en/latest/faq.html#buffer-donation.
  warnings.warn("Some donated buffers were not usable:"
/opt/jax/jax/_src/interpreters/mlir.py:1178: UserWarning: Some donated buffers were not usable: ShapedArray(complex128[36,375,375]).
See an explanation at https://jax.readthedocs.io/en/latest/faq.html#buffer-donation.
  warnings.warn("Some donated buffers were not usable:"
/opt/jax/jax/_src/interpreters/mlir.py:1178: UserWarning: Some donated buffers were not usable: ShapedArray(complex128[36,375,375]).
See an explanation at https://jax.readthedocs.io/en/latest/faq.html#buffer-donation.
  warnings.warn("Some donated buffers were not usable:"
/opt/jax/jax/_src/interpreters/mlir.py:1178: UserWarning: Some donated buffers were not usable: ShapedArray(complex128[36,375,375]).
See an explanation at https://jax.readthedocs.io/en/latest/faq.html#buffer-donation.
  warnings.warn("Some donated buffers were not usable:"
/opt/jax/jax/_src/interpreters/mlir.py:1178: UserWarning: Some donated buffers were not usable: ShapedArray(complex128[36,375,375]).
See an explanation at https://jax.readthedocs.io/en/latest/faq.html#buffer-donation.
  warnings.warn("Some donated buffers were not usable:"
  L_q: (36, 1500, 1500)
/global/homes/j/jackm/software/lorrax_B/src/file_io/_slab_io_ffi.py:239: UserWarning: FFI backend: chunks/attrs on create_dataset currently no-op; pre-create with h5py if you need explicit chunking or attrs.
  warnings.warn(
/global/homes/j/jackm/software/lorrax_B/src/file_io/_slab_io_ffi.py:239: UserWarning: FFI backend: chunks/attrs on create_dataset currently no-op; pre-create with h5py if you need explicit chunking or attrs.
  warnings.warn(
/global/homes/j/jackm/software/lorrax_B/src/file_io/_slab_io_ffi.py:239: UserWarning: FFI backend: chunks/attrs on create_dataset currently no-op; pre-create with h5py if you need explicit chunking or attrs.
  warnings.warn(
/global/homes/j/jackm/software/lorrax_B/src/file_io/_slab_io_ffi.py:239: UserWarning: FFI backend: chunks/attrs on create_dataset currently no-op; pre-create with h5py if you need explicit chunking or attrs.
  warnings.warn(
/global/homes/j/jackm/software/lorrax_B/src/file_io/_slab_io_ffi.py:239: UserWarning: FFI backend: chunks/attrs on create_dataset currently no-op; pre-create with h5py if you need explicit chunking or attrs.
  warnings.warn(
/global/homes/j/jackm/software/lorrax_B/src/file_io/_slab_io_ffi.py:239: UserWarning: FFI backend: chunks/attrs on create_dataset currently no-op; pre-create with h5py if you need explicit chunking or attrs.
  warnings.warn(
/global/homes/j/jackm/software/lorrax_B/src/file_io/_slab_io_ffi.py:239: UserWarning: FFI backend: chunks/attrs on create_dataset currently no-op; pre-create with h5py if you need explicit chunking or attrs.
  warnings.warn(
/global/homes/j/jackm/software/lorrax_B/src/file_io/_slab_io_ffi.py:239: UserWarning: FFI backend: chunks/attrs on create_dataset currently no-op; pre-create with h5py if you need explicit chunking or attrs.
  warnings.warn(
/global/homes/j/jackm/software/lorrax_B/src/file_io/_slab_io_ffi.py:239: UserWarning: FFI backend: chunks/attrs on create_dataset currently no-op; pre-create with h5py if you need explicit chunking or attrs.
  warnings.warn(
/global/homes/j/jackm/software/lorrax_B/src/file_io/_slab_io_ffi.py:239: UserWarning: FFI backend: chunks/attrs on create_dataset currently no-op; pre-create with h5py if you need explicit chunking or attrs.
  warnings.warn(
/global/homes/j/jackm/software/lorrax_B/src/file_io/_slab_io_ffi.py:239: UserWarning: FFI backend: chunks/attrs on create_dataset currently no-op; pre-create with h5py if you need explicit chunking or attrs.
  warnings.warn(
/global/homes/j/jackm/software/lorrax_B/src/file_io/_slab_io_ffi.py:239: UserWarning: FFI backend: chunks/attrs on create_dataset currently no-op; pre-create with h5py if you need explicit chunking or attrs.
  warnings.warn(
/global/homes/j/jackm/software/lorrax_B/src/file_io/_slab_io_ffi.py:239: UserWarning: FFI backend: chunks/attrs on create_dataset currently no-op; pre-create with h5py if you need explicit chunking or attrs.
  warnings.warn(
/global/homes/j/jackm/software/lorrax_B/src/file_io/_slab_io_ffi.py:239: UserWarning: FFI backend: chunks/attrs on create_dataset currently no-op; pre-create with h5py if you need explicit chunking or attrs.
  warnings.warn(
/global/homes/j/jackm/software/lorrax_B/src/file_io/_slab_io_ffi.py:239: UserWarning: FFI backend: chunks/attrs on create_dataset currently no-op; pre-create with h5py if you need explicit chunking or attrs.
  warnings.warn(
/global/homes/j/jackm/software/lorrax_B/src/file_io/_slab_io_ffi.py:239: UserWarning: FFI backend: chunks/attrs on create_dataset currently no-op; pre-create with h5py if you need explicit chunking or attrs.
  warnings.warn(
  ψ(G) host cache: 25.92 GB/process resident
[2026-05-05T22:57:38.451] error: Detected 1 oom_kill event in StepId=52502231.5. Some of the step tasks have been OOM Killed.
srun: error: nid008473: task 14: Out Of Memory
srun: Terminating StepId=52502231.5
[2026-05-05T22:57:38.558] error: *** STEP 52502231.5 ON nid008452 CANCELLED AT 2026-05-05T22:57:38 DUE TO TASK FAILURE ***
2026-05-05 15:57:38.833734: W external/xla/xla/tsl/distributed_runtime/preemption/preemption_notifier.cc:89] SIGTERM caught at 2026-05-05T15:57:38.816177882-07:00
2026-05-05 15:57:38.832425: W external/xla/xla/tsl/distributed_runtime/preemption/preemption_notifier.cc:89] SIGTERM caught at 2026-05-05T15:57:38.815717017-07:00
2026-05-05 15:57:38.833734: W external/xla/xla/tsl/distributed_runtime/preemption/preemption_notifier.cc:89] SIGTERM caught at 2026-05-05T15:57:38.817379651-07:00
2026-05-05 15:57:39.180057: W external/xla/xla/tsl/distributed_runtime/preemption/preemption_notifier.cc:89] SIGTERM caught at 2026-05-05T15:57:39.179953834-07:00
2026-05-05 15:57:39.187947: W external/xla/xla/tsl/distributed_runtime/preemption/preemption_notifier.cc:89] SIGTERM caught at 2026-05-05T15:57:39.1878095-07:00
2026-05-05 15:57:39.212945: W external/xla/xla/tsl/distributed_runtime/preemption/preemption_notifier.cc:89] SIGTERM caught at 2026-05-05T15:57:39.212857877-07:00
2026-05-05 15:57:39.253630: W external/xla/xla/tsl/distributed_runtime/preemption/preemption_notifier.cc:89] SIGTERM caught at 2026-05-05T15:57:39.253557381-07:00
[2026-05-05T22:57:39.259] error: Detected 1 oom_kill event in StepId=52502231.5. Some of the step tasks have been OOM Killed.
[2026-05-05T22:57:39.262] error: Detected 1 oom_kill event in StepId=52502231.5. Some of the step tasks have been OOM Killed.
2026-05-05 15:57:39.449591: W external/xla/xla/tsl/distributed_runtime/preemption/preemption_notifier.cc:89] SIGTERM caught at 2026-05-05T15:57:39.449532399-07:00
2026-05-05 15:57:39.459720: W external/xla/xla/tsl/distributed_runtime/preemption/preemption_notifier.cc:89] SIGTERM caught at 2026-05-05T15:57:39.449132968-07:00
2026-05-05 15:57:39.883757: W external/xla/xla/tsl/distributed_runtime/preemption/preemption_notifier.cc:89] SIGTERM caught at 2026-05-05T15:57:39.535497253-07:00
2026-05-05 15:57:40.294634: W external/xla/xla/tsl/distributed_runtime/preemption/preemption_notifier.cc:89] SIGTERM caught at 2026-05-05T15:57:39.508266312-07:00
2026-05-05 15:57:40.571168: W external/xla/xla/tsl/distributed_runtime/preemption/preemption_notifier.cc:89] SIGTERM caught at 2026-05-05T15:57:39.476582012-07:00
2026-05-05 15:57:40.909990: W external/xla/xla/tsl/distributed_runtime/preemption/preemption_notifier.cc:89] SIGTERM caught at 2026-05-05T15:57:39.483124191-07:00
[2026-05-05T22:57:55.516] error: Detected 1 oom_kill event in StepId=52502231.5. Some of the step tasks have been OOM Killed.
