[lxrun] JID 52502231 · 4 nodes · 3:54:19 left · 4/4 free · incoming: lx-B
  1  nid008452  free   —              —      —  ← starting lx-B  python3 -u -m centroid.k
  2  nid008469  free   —              —      —
  3  nid008472  free   —              —      —
  4  nid008473  free   —              —      —
✓ JAX initialized: 1 device(s) (local: 1, proc 0/1)
Over-sampling: k-means M = 900, prune to N_c = 600 (ratio 1.5)
  density-mode=current: building bispinor j² weight with n_occ=70 (nspinor_wfn=2)
    [j^Gordon] 2/36 k-points after 8.8s
    [j^Gordon] 4/36 k-points after 16.9s
    [j^Gordon] 6/36 k-points after 22.1s
    [j^Gordon] 8/36 k-points after 28.9s
    [j^Gordon] 10/36 k-points after 35.6s
    [j^Gordon] 12/36 k-points after 40.7s
    [j^Gordon] 14/36 k-points after 45.9s
    [j^Gordon] 16/36 k-points after 52.6s
    [j^Gordon] 18/36 k-points after 57.8s
    [j^Gordon] 20/36 k-points after 63.0s
    [j^Gordon] 22/36 k-points after 68.2s
    [j^Gordon] 24/36 k-points after 73.3s
    [j^Gordon] 26/36 k-points after 78.5s
    [j^Gordon] 28/36 k-points after 83.6s
    [j^Gordon] 30/36 k-points after 88.8s
    [j^Gordon] 32/36 k-points after 93.9s
    [j^Gordon] 34/36 k-points after 99.1s
    [j^Gordon] 36/36 k-points after 104.2s
  ρ_current (Gordon Pauli) built in 104.35s; max=2.315e-05, mean=1.765e-08
Charge density shape: (75, 75, 200)
Lattice lengths: [ 6.867       6.86699961 17.99999999] Å
Orbit-aware mode: n_sym = 6, running kmeans for M_rep = 150 representatives (unfolded ≈ 900 centroids)
PBC min-image offsets: 5 (1 ⇒ orthorhombic); orbit mode: on (n_sym=6)
Grid: 75×75×200 = 1125000 points; N_c = 150
Lloyd: 33 steps, max movement = 0.004424

Unfolded 150 reps → 892 distinct centroids (n_sym=6)

Pivoted-Cholesky prune: 892 → 600 (target 101 orbits)
[pivoted_cholesky] M=892, n_keep=101, n_val=70, n_cond=70 (load_wfns 2-D, mesh axes ('x', 'y'))
  [gpu_utils] WARNING: bytes_limit=None, falling back to nvidia-smi (pid=102995)
[pivoted_cholesky] 2-D Gram build via load_wfns: nk_tot=36, left=(0, 70) (nb=70), right=(70, 140) (nb=70), M=892, norms=off, backend=WFNReader, budget=70.911 GB/device, band_chunk_size=64
  K-point chunking: 6 chunks of 7 (total 36 k-points)
  K-point chunking: 6 chunks of 7 (total 36 k-points)
[pivoted_cholesky] G built, shape=(892, 892), diag range [1.616e-08, 3.442e-05]
[pivoted_cholesky] picked-pivot residuals: first=3.442e-05, mid=1.384e-06, last=3.859e-08
[pivoted_cholesky] tr(R_k)/tr(G): first=9.693e-01, mid=1.255e-02, last=4.872e-04
[pivoted_cholesky] orbit-aware: 101 orbits picked → 602 unfolded centroids (orbit-closed)
After pruning: 602 centroids (rank=101)
Saved centroids to centroids_frac_602_current.txt
--- kmeans_cli timing (s) ---
Total recorded: 162.193 s
Section                                            Count    Total[s]     Self[s]      %
setup.wfn_io                                           1       0.696       0.696    0.4
setup.charge_density                                   1     108.626     108.626   67.0
kmeans                                                 1      11.364       0.184    7.0
  init                                                 1       1.842       1.842    1.1
  lloyd                                                1       8.555       8.555    5.3
  assign_labels                                        1       0.783       0.783    0.5
snap_unfold                                            1       0.004       0.004    0.0
prune                                                  1      41.503       0.404   25.6
  prune.gram                                           1      40.396       0.092   24.9
    left.load                                          1      21.944      11.792   13.5
      load_wfns.precompute_owned                      12       0.000       0.000    0.0
      load_wfns.k_loop                                12       4.191       4.191    2.6
      load_wfns.scatter                               12       5.869       5.869    3.6
      load_wfns.make_global_array                     12       0.092       0.092    0.1
    left.pair                                          1       0.044       0.044    0.0
    right.load                                         1      18.150       8.038   11.2
      load_wfns.precompute_owned                      12       0.000       0.000    0.0
      load_wfns.k_loop                                12       4.123       4.123    2.5
      load_wfns.scatter                               12       5.889       5.889    3.6
      load_wfns.make_global_array                     12       0.100       0.100    0.1
    right.pair                                         1       0.003       0.003    0.0
    q0_sum                                             1       0.162       0.162    0.1
  prune.select                                         1       0.703       0.703    0.4
