JAX: 1 gpu devices
== Chunked kin_ion_io ==
Loading WFN: WFN.h5
Bands: 388, FFT grid: (36, 36, 36), k-points: 8
sys_dim: 3
Devices: 1
Pseudopotentials: ['Si']
Coulomb truncation: 3D bulk
Building V_loc...
Building unified V_NL setup...

Processing 8 k-points...
  k=1/8...

Writing to /pscratch/sd/j/jackm/lorrax_sandbox/runs/Si_pseudobands/00_si_2x2x2_60Ry/cohsex_sweep3/v1_k6_60w_s0/kin_ion.h5...
Wrote kin_ion.h5: shape (8, 388, 388), sys_dim=3
--- Timing (seconds) ---
Total recorded: 7.570 s
Section                                            Count    Total[s]     Self[s]      %
load_wfn                                               1       0.060       0.060    0.8
build_V_loc                                            1       0.736       0.736    9.7
k0                                                     1       2.466       2.466   32.6
k1                                                     1       1.725       1.725   22.8
k2                                                     1       0.173       0.173    2.3
k3                                                     1       1.703       1.703   22.5
k4                                                     1       0.171       0.171    2.3
k5                                                     1       0.173       0.173    2.3
k6                                                     1       0.172       0.172    2.3
k7                                                     1       0.170       0.170    2.3
write_h5                                               1       0.023       0.023    0.3
