Jax plugin configuration error: Exception when calling jax_plugins.xla_cuda13.initialize()
Traceback (most recent call last):
  File "/pscratch/sd/j/jackm/lorrax_sandbox/sources/lorrax_B/.venv/lib/python3.12/site-packages/jax/_src/xla_bridge.py", line 497, in discover_pjrt_plugins
    plugin_module.initialize()
  File "/pscratch/sd/j/jackm/lorrax_sandbox/sources/lorrax_B/.venv/lib/python3.12/site-packages/jax_plugins/xla_cuda13/__init__.py", line 348, in initialize
    _check_cuda_versions(raise_on_first_error=True)
  File "/pscratch/sd/j/jackm/lorrax_sandbox/sources/lorrax_B/.venv/lib/python3.12/site-packages/jax_plugins/xla_cuda13/__init__.py", line 274, in _check_cuda_versions
    for d in range(cuda_versions.cuda_device_count())
                   ^^^^^^^^^^^^^^^^^^^^^^^^^^^^^^^^^
RuntimeError: jaxlib/cuda/versions_helpers.cc:126: operation cuInit(0) failed: CUDA_ERROR_NO_DEVICE
Jax plugin configuration error: Exception when calling jax_plugins.xla_cuda13.initialize()
Traceback (most recent call last):
  File "/pscratch/sd/j/jackm/lorrax_sandbox/sources/lorrax_B/.venv/lib/python3.12/site-packages/jax/_src/xla_bridge.py", line 497, in discover_pjrt_plugins
    plugin_module.initialize()
  File "/pscratch/sd/j/jackm/lorrax_sandbox/sources/lorrax_B/.venv/lib/python3.12/site-packages/jax_plugins/xla_cuda13/__init__.py", line 348, in initialize
    _check_cuda_versions(raise_on_first_error=True)
  File "/pscratch/sd/j/jackm/lorrax_sandbox/sources/lorrax_B/.venv/lib/python3.12/site-packages/jax_plugins/xla_cuda13/__init__.py", line 274, in _check_cuda_versions
    for d in range(cuda_versions.cuda_device_count())
                   ^^^^^^^^^^^^^^^^^^^^^^^^^^^^^^^^^
RuntimeError: jaxlib/cuda/versions_helpers.cc:126: operation cuInit(0) failed: CUDA_ERROR_NO_DEVICE
Jax plugin configuration error: Exception when calling jax_plugins.xla_cuda13.initialize()
Traceback (most recent call last):
  File "/pscratch/sd/j/jackm/lorrax_sandbox/sources/lorrax_B/.venv/lib/python3.12/site-packages/jax/_src/xla_bridge.py", line 497, in discover_pjrt_plugins
    plugin_module.initialize()
  File "/pscratch/sd/j/jackm/lorrax_sandbox/sources/lorrax_B/.venv/lib/python3.12/site-packages/jax_plugins/xla_cuda13/__init__.py", line 348, in initialize
    _check_cuda_versions(raise_on_first_error=True)
  File "/pscratch/sd/j/jackm/lorrax_sandbox/sources/lorrax_B/.venv/lib/python3.12/site-packages/jax_plugins/xla_cuda13/__init__.py", line 274, in _check_cuda_versions
    for d in range(cuda_versions.cuda_device_count())
                   ^^^^^^^^^^^^^^^^^^^^^^^^^^^^^^^^^
RuntimeError: jaxlib/cuda/versions_helpers.cc:126: operation cuInit(0) failed: CUDA_ERROR_NO_DEVICE
Jax plugin configuration error: Exception when calling jax_plugins.xla_cuda13.initialize()
Traceback (most recent call last):
  File "/pscratch/sd/j/jackm/lorrax_sandbox/sources/lorrax_B/.venv/lib/python3.12/site-packages/jax/_src/xla_bridge.py", line 497, in discover_pjrt_plugins
    plugin_module.initialize()
  File "/pscratch/sd/j/jackm/lorrax_sandbox/sources/lorrax_B/.venv/lib/python3.12/site-packages/jax_plugins/xla_cuda13/__init__.py", line 348, in initialize
    _check_cuda_versions(raise_on_first_error=True)
  File "/pscratch/sd/j/jackm/lorrax_sandbox/sources/lorrax_B/.venv/lib/python3.12/site-packages/jax_plugins/xla_cuda13/__init__.py", line 274, in _check_cuda_versions
    for d in range(cuda_versions.cuda_device_count())
                   ^^^^^^^^^^^^^^^^^^^^^^^^^^^^^^^^^
RuntimeError: jaxlib/cuda/versions_helpers.cc:126: operation cuInit(0) failed: CUDA_ERROR_NO_DEVICE
[Gloo] Rank 0 is connected to 3 peer ranks. Expected number of connected peer ranks is : 3
[Gloo] Rank 3 is connected to 3 peer ranks. Expected number of connected peer ranks is : 3
[Gloo] Rank 2 is connected to 3 peer ranks. Expected number of connected peer ranks is : 3
[Gloo] Rank 1 is connected to 3 peer ranks. Expected number of connected peer ranks is : 3
[Gloo] Rank 0 is connected to 1 peer ranks. Expected number of connected peer ranks is : 1
[Gloo] Rank 1 is connected to 1 peer ranks. Expected number of connected peer ranks is : 1
[Gloo] Rank 1 is connected to 1 peer ranks. Expected number of connected peer ranks is : 1
[Gloo] Rank 0 is connected to 1 peer ranks. Expected number of connected peer ranks is : 1
[Gloo] Rank 1 is connected to 1 peer ranks. Expected number of connected peer ranks is : 1
[Gloo] Rank 0 is connected to 1 peer ranks. Expected number of connected peer ranks is : 1
[Gloo] Rank 1 is connected to 1 peer ranks. Expected number of connected peer ranks is : 1
[Gloo] Rank 0 is connected to 1 peer ranks. Expected number of connected peer ranks is : 1

========================================================================
  COHSEX-JAX: Self-Energy Calculation
========================================================================
  Backend: CPU       Devices: 4  Mesh: 2×2  Processes: 4
  Device type: cpu
  XLA preallocate: unset  mem_fraction: unset
========================================================================

  ISDF basis: 432 centroids
  FFT grid: 24×24×24   Cell volume: 270.11 a.u.³

W0613 12:35:26.134947  281419 pjrt_executable.cc:638] Assume version compatibility. PjRt-IFRT does not track XLA executable versions.
W0613 12:35:26.231780  281419 pjrt_executable.cc:638] Assume version compatibility. PjRt-IFRT does not track XLA executable versions.
W0613 12:35:26.462901  281419 pjrt_executable.cc:638] Assume version compatibility. PjRt-IFRT does not track XLA executable versions.
W0613 12:35:26.474509  281419 pjrt_executable.cc:638] Assume version compatibility. PjRt-IFRT does not track XLA executable versions.
W0613 12:35:26.486814  281419 pjrt_executable.cc:638] Assume version compatibility. PjRt-IFRT does not track XLA executable versions.
W0613 12:35:26.499608  281419 pjrt_executable.cc:638] Assume version compatibility. PjRt-IFRT does not track XLA executable versions.
W0613 12:35:26.509933  281419 pjrt_executable.cc:638] Assume version compatibility. PjRt-IFRT does not track XLA executable versions.
W0613 12:35:26.542751  281419 pjrt_executable.cc:638] Assume version compatibility. PjRt-IFRT does not track XLA executable versions.
W0613 12:35:26.556760  281419 pjrt_executable.cc:638] Assume version compatibility. PjRt-IFRT does not track XLA executable versions.
W0613 12:35:26.573225  281419 pjrt_executable.cc:638] Assume version compatibility. PjRt-IFRT does not track XLA executable versions.
W0613 12:35:26.584891  281419 pjrt_executable.cc:638] Assume version compatibility. PjRt-IFRT does not track XLA executable versions.
W0613 12:35:26.597798  281419 pjrt_executable.cc:638] Assume version compatibility. PjRt-IFRT does not track XLA executable versions.
W0613 12:35:26.608208  281419 pjrt_executable.cc:638] Assume version compatibility. PjRt-IFRT does not track XLA executable versions.
W0613 12:35:26.618654  281419 pjrt_executable.cc:638] Assume version compatibility. PjRt-IFRT does not track XLA executable versions.
W0613 12:35:26.629276  281419 pjrt_executable.cc:638] Assume version compatibility. PjRt-IFRT does not track XLA executable versions.
W0613 12:35:26.640250  281419 pjrt_executable.cc:638] Assume version compatibility. PjRt-IFRT does not track XLA executable versions.
W0613 12:35:26.650609  281419 pjrt_executable.cc:638] Assume version compatibility. PjRt-IFRT does not track XLA executable versions.
W0613 12:35:26.660687  281419 pjrt_executable.cc:638] Assume version compatibility. PjRt-IFRT does not track XLA executable versions.
W0613 12:35:26.671638  281419 pjrt_executable.cc:638] Assume version compatibility. PjRt-IFRT does not track XLA executable versions.
W0613 12:35:26.682028  281419 pjrt_executable.cc:638] Assume version compatibility. PjRt-IFRT does not track XLA executable versions.
W0613 12:35:26.756206  281419 pjrt_executable.cc:638] Assume version compatibility. PjRt-IFRT does not track XLA executable versions.
W0613 12:35:29.110949  281419 pjrt_executable.cc:638] Assume version compatibility. PjRt-IFRT does not track XLA executable versions.
W0613 12:35:29.825865  281419 pjrt_executable.cc:638] Assume version compatibility. PjRt-IFRT does not track XLA executable versions.
W0613 12:35:29.837329  281419 pjrt_executable.cc:638] Assume version compatibility. PjRt-IFRT does not track XLA executable versions.
W0613 12:35:29.848668  281419 pjrt_executable.cc:638] Assume version compatibility. PjRt-IFRT does not track XLA executable versions.
W0613 12:35:29.859218  281419 pjrt_executable.cc:638] Assume version compatibility. PjRt-IFRT does not track XLA executable versions.
W0613 12:35:29.879641  281419 pjrt_executable.cc:638] Assume version compatibility. PjRt-IFRT does not track XLA executable versions.
W0613 12:35:29.890025  281419 pjrt_executable.cc:638] Assume version compatibility. PjRt-IFRT does not track XLA executable versions.
W0613 12:35:29.900319  281419 pjrt_executable.cc:638] Assume version compatibility. PjRt-IFRT does not track XLA executable versions.
W0613 12:35:29.910980  281419 pjrt_executable.cc:638] Assume version compatibility. PjRt-IFRT does not track XLA executable versions.
W0613 12:35:29.921919  281419 pjrt_executable.cc:638] Assume version compatibility. PjRt-IFRT does not track XLA executable versions.
W0613 12:35:29.933181  281419 pjrt_executable.cc:638] Assume version compatibility. PjRt-IFRT does not track XLA executable versions.
W0613 12:35:29.943323  281419 pjrt_executable.cc:638] Assume version compatibility. PjRt-IFRT does not track XLA executable versions.
W0613 12:35:29.951959  281419 pjrt_executable.cc:638] Assume version compatibility. PjRt-IFRT does not track XLA executable versions.
W0613 12:35:29.961092  281419 pjrt_executable.cc:638] Assume version compatibility. PjRt-IFRT does not track XLA executable versions.
W0613 12:35:29.971243  281419 pjrt_executable.cc:638] Assume version compatibility. PjRt-IFRT does not track XLA executable versions.
W0613 12:35:29.982022  281419 pjrt_executable.cc:638] Assume version compatibility. PjRt-IFRT does not track XLA executable versions.
W0613 12:35:29.992506  281419 pjrt_executable.cc:638] Assume version compatibility. PjRt-IFRT does not track XLA executable versions.
W0613 12:35:30.003942  281419 pjrt_executable.cc:638] Assume version compatibility. PjRt-IFRT does not track XLA executable versions.
W0613 12:35:30.015704  281419 pjrt_executable.cc:638] Assume version compatibility. PjRt-IFRT does not track XLA executable versions.
W0613 12:35:30.030941  281419 pjrt_executable.cc:638] Assume version compatibility. PjRt-IFRT does not track XLA executable versions.
W0613 12:35:30.046786  281419 pjrt_executable.cc:638] Assume version compatibility. PjRt-IFRT does not track XLA executable versions.
W0613 12:35:30.058317  281419 pjrt_executable.cc:638] Assume version compatibility. PjRt-IFRT does not track XLA executable versions.
W0613 12:35:30.068428  281419 pjrt_executable.cc:638] Assume version compatibility. PjRt-IFRT does not track XLA executable versions.
W0613 12:35:30.080081  281419 pjrt_executable.cc:638] Assume version compatibility. PjRt-IFRT does not track XLA executable versions.
W0613 12:35:30.089640  281419 pjrt_executable.cc:638] Assume version compatibility. PjRt-IFRT does not track XLA executable versions.
W0613 12:35:30.100323  281419 pjrt_executable.cc:638] Assume version compatibility. PjRt-IFRT does not track XLA executable versions.
W0613 12:35:30.113538  281419 pjrt_executable.cc:638] Assume version compatibility. PjRt-IFRT does not track XLA executable versions.
W0613 12:35:30.124912  281419 pjrt_executable.cc:638] Assume version compatibility. PjRt-IFRT does not track XLA executable versions.
W0613 12:35:30.135406  281419 pjrt_executable.cc:638] Assume version compatibility. PjRt-IFRT does not track XLA executable versions.
W0613 12:35:30.146586  281419 pjrt_executable.cc:638] Assume version compatibility. PjRt-IFRT does not track XLA executable versions.
W0613 12:35:30.162484  281419 pjrt_executable.cc:638] Assume version compatibility. PjRt-IFRT does not track XLA executable versions.
W0613 12:35:30.173387  281419 pjrt_executable.cc:638] Assume version compatibility. PjRt-IFRT does not track XLA executable versions.
W0613 12:35:30.183970  281419 pjrt_executable.cc:638] Assume version compatibility. PjRt-IFRT does not track XLA executable versions.
W0613 12:35:30.193711  281419 pjrt_executable.cc:638] Assume version compatibility. PjRt-IFRT does not track XLA executable versions.
    Memory estimate: peak 30.73 GB (budget 70.00 GB), bottleneck=zct
    Per-stage: fft=14.93  zct=30.73  reshard=4.74  solve=3.27  gather=1.90 GB
    AOT fit_one_rchunk peak (driver-level): 6.59 GB

  G-flat memory model — chunk plan + HWM estimate
    band_chunk         = 32
    r_chunk            = 13824  (1 chunks)
    gflat_chunk_size   = 100
    budget             = 70.00 GB/dev
    HWM estimate       = 20.12 GB/dev (29% of budget) [bottleneck: C_fit_one_rchunk]
    peak totals (GB/dev):
      C_fit_one_rchunk........   20.12
      D_accumulate............    1.82
      B_CCT_chol..............    0.59
      E_v_q...................    0.20
      A_centroid..............    0.10
    per-peak components (GB/dev):
      [A]
        fft_box...............   0.057
        centroid_out_filling..   0.027
        phase_table...........   0.014
        sphere_idx_replicated.   0.004
      [B]
        P_l_plus_P_r_open_spin   0.382
        centroids_persistent..   0.106
        C_q...................   0.048
        L_q...................   0.048
        sphere_idx_replicated.   0.004
      [C]
        P_pair_concurrent_slots  18.346
        zeta_out..............   1.529
        centroids_persist.....   0.106
        gflat_acc.............   0.092
        L_q...................   0.048
        sphere_idx_replicated.   0.004
      [D]
        zeta_chunk............   1.529
        centroids_persist.....   0.106
        gflat_acc.............   0.092
        L_q...................   0.048
        accumulate_fft_box....   0.044
        sphere_idx_replicated.   0.004
      [E]
        zeta_L_all............   0.092
        psi_centroids_persistent   0.053
        V_acc.................   0.048
        V_acc_full_BZ.........   0.048
        sphere_idx_replicated.   0.004
        zeta_L_on_x_axis......   0.003
        zeta_R_on_y_axis......   0.003
        v_q_table_replicated..   0.001
        V_q_block.............   0.001
        g0_acc................   0.000
        lorentz_mix_buffer....   0.000

  Chunked ISDF fitting:
    Band chunks: 32
    R chunks:    13824 (contiguous r-space)
    Q chunks:    64
    GFlat cs:    100
    Zeta output: /pscratch/sd/j/jackm/lorrax_sandbox/runs/Si/NONBISPINOR_CPU_2026-05-20/mu384_fft_probe/bc32/tmp/zeta_q.h5
    cutoffs: zeta = 25.0 Ry, bare-Coulomb = 25.0 Ry  (ecutwfc=25.0, ecutrho=100.0)
[mem_probe zeta_fit_start] in_use=-0.00 GB  peak=-0.00 GB  live_count=43 live_total=0.11 GB  nvsmi=0.00 GB nvsmi_peak=0.00 GB
[mem_probe zeta_fit_start]   complex128 (64, 432, 60, 2) x 1 = 0.05 GB
[mem_probe zeta_fit_start]   complex128 (64, 60, 2, 432) x 1 = 0.05 GB
[mem_probe zeta_fit_start]   int32 (64, 24, 24, 24) x 1 = 0.00 GB
[mem_probe zeta_fit_start]   complex128 (64, 432) x 6 = 0.00 GB
[mem_probe zeta_fit_start]   int32 (432, 3) x 2 = 0.00 GB
[mem_probe zeta_fit_start]   complex128 (4, 4) x 6 = 0.00 GB
[mem_probe zeta_fit_start]   complex128 (4,) x 8 = 0.00 GB
[mem_probe zeta_fit_start]   int64 (4,) x 8 = 0.00 GB
[mem_probe zeta_fit_start]   complex128 (2, 2) x 3 = 0.00 GB
[mem_probe zeta_fit_start]   int32 (4, 4) x 1 = 0.00 GB

  Zeta fitting: 1 r-chunks x 13824 r-points, 60 bands (60 left + 60 right)
  Output: /pscratch/sd/j/jackm/lorrax_sandbox/runs/Si/NONBISPINOR_CPU_2026-05-20/mu384_fft_probe/bc32/tmp/zeta_q.h5
  Left wfns:  (64, 60, 2, 432)
  Right wfns: (64, 60, 2, 432)
W0613 12:35:30.333564  281419 pjrt_executable.cc:638] Assume version compatibility. PjRt-IFRT does not track XLA executable versions.
W0613 12:35:30.344608  281419 pjrt_executable.cc:638] Assume version compatibility. PjRt-IFRT does not track XLA executable versions.
W0613 12:35:30.354984  281419 pjrt_executable.cc:638] Assume version compatibility. PjRt-IFRT does not track XLA executable versions.
W0613 12:35:30.367111  281419 pjrt_executable.cc:638] Assume version compatibility. PjRt-IFRT does not track XLA executable versions.
W0613 12:35:30.378789  281419 pjrt_executable.cc:638] Assume version compatibility. PjRt-IFRT does not track XLA executable versions.
W0613 12:35:30.391276  281419 pjrt_executable.cc:638] Assume version compatibility. PjRt-IFRT does not track XLA executable versions.
  Computing C_q via shard_map pipeline (open-spin, charge γ̃^0=I)
W0613 12:35:30.404322  281419 pjrt_executable.cc:638] Assume version compatibility. PjRt-IFRT does not track XLA executable versions.
W0613 12:35:30.416631  281419 pjrt_executable.cc:638] Assume version compatibility. PjRt-IFRT does not track XLA executable versions.
W0613 12:35:30.427523  281419 pjrt_executable.cc:638] Assume version compatibility. PjRt-IFRT does not track XLA executable versions.
W0613 12:35:30.457719  281419 pjrt_executable.cc:638] Assume version compatibility. PjRt-IFRT does not track XLA executable versions.
W0613 12:35:30.917413  281419 pjrt_executable.cc:638] Assume version compatibility. PjRt-IFRT does not track XLA executable versions.

  Zeta fitting: 1 r-chunks x 13824 r-points, 60 bands (60 left + 60 right)
  Output: /pscratch/sd/j/jackm/lorrax_sandbox/runs/Si/NONBISPINOR_CPU_2026-05-20/mu384_fft_probe/bc32/tmp/zeta_q.h5
  Left wfns:  (64, 60, 2, 432)
  Right wfns: (64, 60, 2, 432)
W0613 12:35:30.935825  281419 pjrt_executable.cc:638] Assume version compatibility. PjRt-IFRT does not track XLA executable versions.
W0613 12:35:30.946588  281419 pjrt_executable.cc:638] Assume version compatibility. PjRt-IFRT does not track XLA executable versions.
W0613 12:35:30.956494  281419 pjrt_executable.cc:638] Assume version compatibility. PjRt-IFRT does not track XLA executable versions.
W0613 12:35:30.966489  281419 pjrt_executable.cc:638] Assume version compatibility. PjRt-IFRT does not track XLA executable versions.
W0613 12:35:30.977067  281419 pjrt_executable.cc:638] Assume version compatibility. PjRt-IFRT does not track XLA executable versions.

  Zeta fitting: 1 r-chunks x 13824 r-points, 60 bands (60 left + 60 right)
  Output: /pscratch/sd/j/jackm/lorrax_sandbox/runs/Si/NONBISPINOR_CPU_2026-05-20/mu384_fft_probe/bc32/tmp/zeta_q.h5
  Left wfns:  (64, 60, 2, 432)
  Right wfns: (64, 60, 2, 432)
W0613 12:35:30.987685  281419 pjrt_executable.cc:638] Assume version compatibility. PjRt-IFRT does not track XLA executable versions.
W0613 12:35:30.999597  281419 pjrt_executable.cc:638] Assume version compatibility. PjRt-IFRT does not track XLA executable versions.
W0613 12:35:31.009941  281419 pjrt_executable.cc:638] Assume version compatibility. PjRt-IFRT does not track XLA executable versions.
  Computing L_q = chol(C_q)  [PSD, charge channel, path=sharded_cholesky]
W0613 12:35:31.023538  281419 pjrt_executable.cc:638] Assume version compatibility. PjRt-IFRT does not track XLA executable versions.

  Zeta fitting: 1 r-chunks x 13824 r-points, 60 bands (60 left + 60 right)
  Output: /pscratch/sd/j/jackm/lorrax_sandbox/runs/Si/NONBISPINOR_CPU_2026-05-20/mu384_fft_probe/bc32/tmp/zeta_q.h5
  Left wfns:  (64, 60, 2, 432)
  Right wfns: (64, 60, 2, 432)
W0613 12:35:31.035560  281419 pjrt_executable.cc:638] Assume version compatibility. PjRt-IFRT does not track XLA executable versions.
W0613 12:35:31.052466  281419 pjrt_executable.cc:638] Assume version compatibility. PjRt-IFRT does not track XLA executable versions.
W0613 12:35:31.061721  281419 pjrt_executable.cc:638] Assume version compatibility. PjRt-IFRT does not track XLA executable versions.
W0613 12:35:31.071425  281419 pjrt_executable.cc:638] Assume version compatibility. PjRt-IFRT does not track XLA executable versions.
W0613 12:35:31.081896  281419 pjrt_executable.cc:638] Assume version compatibility. PjRt-IFRT does not track XLA executable versions.
W0613 12:35:31.091695  281419 pjrt_executable.cc:638] Assume version compatibility. PjRt-IFRT does not track XLA executable versions.
W0613 12:35:31.103414  281419 pjrt_executable.cc:638] Assume version compatibility. PjRt-IFRT does not track XLA executable versions.
W0613 12:35:31.118414  281419 pjrt_executable.cc:638] Assume version compatibility. PjRt-IFRT does not track XLA executable versions.
W0613 12:35:31.127895  281419 pjrt_executable.cc:638] Assume version compatibility. PjRt-IFRT does not track XLA executable versions.
  Computing C_q via shard_map pipeline (open-spin, charge γ̃^0=I)
  Computing C_q via shard_map pipeline (open-spin, charge γ̃^0=I)
W0613 12:35:31.267885  281419 pjrt_executable.cc:638] Assume version compatibility. PjRt-IFRT does not track XLA executable versions.
  Computing C_q via shard_map pipeline (open-spin, charge γ̃^0=I)
W0613 12:35:31.290538  281419 pjrt_executable.cc:638] Assume version compatibility. PjRt-IFRT does not track XLA executable versions.
W0613 12:35:31.320815  281419 pjrt_executable.cc:638] Assume version compatibility. PjRt-IFRT does not track XLA executable versions.
  Computing L_q = chol(C_q)  [PSD, charge channel, path=sharded_cholesky]
  Computing L_q = chol(C_q)  [PSD, charge channel, path=sharded_cholesky]
  Computing L_q = chol(C_q)  [PSD, charge channel, path=sharded_cholesky]
  L_q: (8, 432, 432)
  L_q: (8, 432, 432)
  L_q: (8, 432, 432)
  L_q: (8, 432, 432)
W0613 12:35:33.703991  281419 pjrt_executable.cc:638] Assume version compatibility. PjRt-IFRT does not track XLA executable versions.
  q-IBZ reduction: 8 IBZ q-points / 64 full-BZ (disk shrink 8.0×)
  q-IBZ reduction: 8 IBZ q-points / 64 full-BZ (disk shrink 8.0×)
  q-IBZ reduction: 8 IBZ q-points / 64 full-BZ (disk shrink 8.0×)
  q-IBZ reduction: 8 IBZ q-points / 64 full-BZ (disk shrink 8.0×)
  G-flat ζ sphere: ngkmax=588, min ngk=537, max ngk=588 (4.253% of n_rtot)
W0613 12:35:33.770966  281419 pjrt_executable.cc:638] Assume version compatibility. PjRt-IFRT does not track XLA executable versions.
W0613 12:35:34.109757  281419 pjrt_executable.cc:638] Assume version compatibility. PjRt-IFRT does not track XLA executable versions.
  ψ(G-flat) host cache: 0.02 GB/process resident
W0613 12:35:34.139709  281419 pjrt_executable.cc:638] Assume version compatibility. PjRt-IFRT does not track XLA executable versions.
  G-flat ζ accumulator: N=864 rows/rank (n_q=8 × n_mu_local=108); chunk_size=100 → per-iter FFT box 0.02 GB/rank
W0613 12:35:34.150213  281419 pjrt_executable.cc:638] Assume version compatibility. PjRt-IFRT does not track XLA executable versions.
[mem_probe pre_rchunk_loop] in_use=-0.00 GB  peak=-0.00 GB  live_count=54 live_total=0.38 GB  nvsmi=0.00 GB nvsmi_peak=0.00 GB
[mem_probe pre_rchunk_loop]   complex128 (64, 432, 60, 2) x 3 = 0.16 GB
[mem_probe pre_rchunk_loop]   complex128 (64, 60, 2, 432) x 3 = 0.16 GB
[mem_probe pre_rchunk_loop]   complex128 (8, 432, 588) x 1 = 0.03 GB
[mem_probe pre_rchunk_loop]   complex128 (8, 432, 432) x 1 = 0.02 GB
[mem_probe pre_rchunk_loop]   int32 (64, 24, 24, 24) x 1 = 0.00 GB
[mem_probe pre_rchunk_loop]   complex128 (64, 432) x 6 = 0.00 GB
[mem_probe pre_rchunk_loop]   int32 (432, 3) x 2 = 0.00 GB
[mem_probe pre_rchunk_loop]   float64 (64, 3) x 1 = 0.00 GB
[mem_probe pre_rchunk_loop]   complex128 (4, 4) x 6 = 0.00 GB
[mem_probe pre_rchunk_loop]   float64 (60,) x 2 = 0.00 GB
[mem_probe rchunk_start chunk=0] in_use=-0.00 GB  peak=-0.00 GB  live_count=54 live_total=0.38 GB  nvsmi=0.00 GB nvsmi_peak=0.00 GB
[mem_probe rchunk_start chunk=0]   complex128 (64, 432, 60, 2) x 3 = 0.16 GB
[mem_probe rchunk_start chunk=0]   complex128 (64, 60, 2, 432) x 3 = 0.16 GB
[mem_probe rchunk_start chunk=0]   complex128 (8, 432, 588) x 1 = 0.03 GB
[mem_probe rchunk_start chunk=0]   complex128 (8, 432, 432) x 1 = 0.02 GB
[mem_probe rchunk_start chunk=0]   int32 (64, 24, 24, 24) x 1 = 0.00 GB
[mem_probe rchunk_start chunk=0]   complex128 (64, 432) x 6 = 0.00 GB
[mem_probe rchunk_start chunk=0]   int32 (432, 3) x 2 = 0.00 GB
[mem_probe rchunk_start chunk=0]   float64 (64, 3) x 1 = 0.00 GB
[mem_probe rchunk_start chunk=0]   complex128 (4, 4) x 6 = 0.00 GB
[mem_probe rchunk_start chunk=0]   float64 (60,) x 2 = 0.00 GB
W0613 12:35:34.274035  281419 pjrt_executable.cc:638] Assume version compatibility. PjRt-IFRT does not track XLA executable versions.
W0613 12:35:34.291632  281419 pjrt_executable.cc:638] Assume version compatibility. PjRt-IFRT does not track XLA executable versions.
W0613 12:35:34.302663  281419 pjrt_executable.cc:638] Assume version compatibility. PjRt-IFRT does not track XLA executable versions.
W0613 12:35:34.311394  281419 pjrt_executable.cc:638] Assume version compatibility. PjRt-IFRT does not track XLA executable versions.
W0613 12:35:34.322567  281419 pjrt_executable.cc:638] Assume version compatibility. PjRt-IFRT does not track XLA executable versions.
W0613 12:35:34.331325  281419 pjrt_executable.cc:638] Assume version compatibility. PjRt-IFRT does not track XLA executable versions.
W0613 12:35:34.340542  281419 pjrt_executable.cc:638] Assume version compatibility. PjRt-IFRT does not track XLA executable versions.
W0613 12:35:34.349091  281419 pjrt_executable.cc:638] Assume version compatibility. PjRt-IFRT does not track XLA executable versions.
W0613 12:35:34.358375  281419 pjrt_executable.cc:638] Assume version compatibility. PjRt-IFRT does not track XLA executable versions.
W0613 12:35:34.369597  281419 pjrt_executable.cc:638] Assume version compatibility. PjRt-IFRT does not track XLA executable versions.
W0613 12:35:34.379332  281419 pjrt_executable.cc:638] Assume version compatibility. PjRt-IFRT does not track XLA executable versions.
W0613 12:35:51.376454  281419 pjrt_executable.cc:638] Assume version compatibility. PjRt-IFRT does not track XLA executable versions.
W0613 12:35:51.388900  281419 pjrt_executable.cc:638] Assume version compatibility. PjRt-IFRT does not track XLA executable versions.
W0613 12:35:51.399848  281419 pjrt_executable.cc:638] Assume version compatibility. PjRt-IFRT does not track XLA executable versions.
W0613 12:35:51.409394  281419 pjrt_executable.cc:638] Assume version compatibility. PjRt-IFRT does not track XLA executable versions.
W0613 12:35:51.418369  281419 pjrt_executable.cc:638] Assume version compatibility. PjRt-IFRT does not track XLA executable versions.
W0613 12:35:51.431609  281419 pjrt_executable.cc:638] Assume version compatibility. PjRt-IFRT does not track XLA executable versions.
W0613 12:35:51.459739  281419 pjrt_executable.cc:638] Assume version compatibility. PjRt-IFRT does not track XLA executable versions.
W0613 12:35:51.491358  281419 pjrt_executable.cc:638] Assume version compatibility. PjRt-IFRT does not track XLA executable versions.
W0613 12:35:51.978556  281419 pjrt_executable.cc:638] Assume version compatibility. PjRt-IFRT does not track XLA executable versions.
W0613 12:35:51.996833  281419 pjrt_executable.cc:638] Assume version compatibility. PjRt-IFRT does not track XLA executable versions.
W0613 12:35:52.013626  281419 pjrt_executable.cc:638] Assume version compatibility. PjRt-IFRT does not track XLA executable versions.
[rchunk_dbg]   z_q_build=17015ms solve=1808ms
[mem_probe after_fit_one_rchunk chunk=0] in_use=-0.00 GB  peak=-0.00 GB  live_count=56 live_total=1.15 GB  nvsmi=0.00 GB nvsmi_peak=0.00 GB
[mem_probe after_fit_one_rchunk chunk=0]   complex128 (8, 432, 13824) x 1 = 0.76 GB
[mem_probe after_fit_one_rchunk chunk=0]   complex128 (64, 432, 60, 2) x 3 = 0.16 GB
[mem_probe after_fit_one_rchunk chunk=0]   complex128 (64, 60, 2, 432) x 3 = 0.16 GB
[mem_probe after_fit_one_rchunk chunk=0]   complex128 (8, 432, 588) x 1 = 0.03 GB
[mem_probe after_fit_one_rchunk chunk=0]   complex128 (8, 432, 432) x 1 = 0.02 GB
[mem_probe after_fit_one_rchunk chunk=0]   int32 (64, 24, 24, 24) x 1 = 0.00 GB
[mem_probe after_fit_one_rchunk chunk=0]   complex128 (64, 432) x 6 = 0.00 GB
[mem_probe after_fit_one_rchunk chunk=0]   int32 (432, 3) x 2 = 0.00 GB
[mem_probe after_fit_one_rchunk chunk=0]   float64 (64, 3) x 1 = 0.00 GB
[mem_probe after_fit_one_rchunk chunk=0]   complex128 (4, 4) x 6 = 0.00 GB
W0613 12:35:53.227024  281419 pjrt_executable.cc:638] Assume version compatibility. PjRt-IFRT does not track XLA executable versions.
W0613 12:35:53.243870  281419 pjrt_executable.cc:638] Assume version compatibility. PjRt-IFRT does not track XLA executable versions.
W0613 12:35:53.254055  281419 pjrt_executable.cc:638] Assume version compatibility. PjRt-IFRT does not track XLA executable versions.
W0613 12:35:53.264007  281419 pjrt_executable.cc:638] Assume version compatibility. PjRt-IFRT does not track XLA executable versions.
W0613 12:35:53.273039  281419 pjrt_executable.cc:638] Assume version compatibility. PjRt-IFRT does not track XLA executable versions.
W0613 12:35:53.286180  281419 pjrt_executable.cc:638] Assume version compatibility. PjRt-IFRT does not track XLA executable versions.
W0613 12:35:53.304316  281419 pjrt_executable.cc:638] Assume version compatibility. PjRt-IFRT does not track XLA executable versions.
W0613 12:35:53.314578  281419 pjrt_executable.cc:638] Assume version compatibility. PjRt-IFRT does not track XLA executable versions.
W0613 12:35:53.325402  281419 pjrt_executable.cc:638] Assume version compatibility. PjRt-IFRT does not track XLA executable versions.
W0613 12:35:53.390949  281419 pjrt_executable.cc:638] Assume version compatibility. PjRt-IFRT does not track XLA executable versions.
[mem_probe after_accumulate chunk=0] in_use=-0.00 GB  peak=-0.00 GB  live_count=64 live_total=0.38 GB  nvsmi=0.00 GB nvsmi_peak=0.00 GB
[mem_probe after_accumulate chunk=0]   complex128 (64, 432, 60, 2) x 3 = 0.16 GB
[mem_probe after_accumulate chunk=0]   complex128 (64, 60, 2, 432) x 3 = 0.16 GB
[mem_probe after_accumulate chunk=0]   complex128 (8, 432, 588) x 1 = 0.03 GB
[mem_probe after_accumulate chunk=0]   complex128 (8, 432, 432) x 1 = 0.02 GB
[mem_probe after_accumulate chunk=0]   int32 (64, 24, 24, 24) x 1 = 0.00 GB
[mem_probe after_accumulate chunk=0]   complex128 (64, 432) x 6 = 0.00 GB
[mem_probe after_accumulate chunk=0]   int32 (8, 588) x 2 = 0.00 GB
[mem_probe after_accumulate chunk=0]   complex128 (8, 24) x 6 = 0.00 GB
[mem_probe after_accumulate chunk=0]   int32 (432, 3) x 2 = 0.00 GB
[mem_probe after_accumulate chunk=0]   float64 (64, 3) x 1 = 0.00 GB
[rchunk_dbg] chunk=1/1 r=[0,13824) fit=18906ms write=300ms total=19205ms
Started zeta fitting at 12:35:53.
[ 12:35:53 | ██████████ | 100% ] r-chunk 1 / 1 · ETA 0 s
[rchunk_dbg] LORRAX_MAX_RCHUNKS=1 reached after chunk 1; breaking r-chunk loop for profiling.
Finished zeta fitting at 12:35:53.  Elapsed: 0 s.
W0613 12:35:53.594319  281419 pjrt_executable.cc:638] Assume version compatibility. PjRt-IFRT does not track XLA executable versions.
W0613 12:35:53.976349  281419 pjrt_executable.cc:638] Assume version compatibility. PjRt-IFRT does not track XLA executable versions.
W0613 12:35:53.986031  281419 pjrt_executable.cc:638] Assume version compatibility. PjRt-IFRT does not track XLA executable versions.
W0613 12:35:53.996409  281419 pjrt_executable.cc:638] Assume version compatibility. PjRt-IFRT does not track XLA executable versions.
W0613 12:35:54.006705  281419 pjrt_executable.cc:638] Assume version compatibility. PjRt-IFRT does not track XLA executable versions.
W0613 12:35:54.016585  281419 pjrt_executable.cc:638] Assume version compatibility. PjRt-IFRT does not track XLA executable versions.
W0613 12:35:54.028993  281419 pjrt_executable.cc:638] Assume version compatibility. PjRt-IFRT does not track XLA executable versions.
W0613 12:35:54.044921  281419 pjrt_executable.cc:638] Assume version compatibility. PjRt-IFRT does not track XLA executable versions.
  Zeta output: /pscratch/sd/j/jackm/lorrax_sandbox/runs/Si/NONBISPINOR_CPU_2026-05-20/mu384_fft_probe/bc32/tmp/zeta_q.h5  shape: (n_q_disk=8 of 4·4·4=64 full-BZ, n_rtot=13824, n_rmu=432)
  Timing (1 r-chunks, 19.8s total):
    fit     18.97s  95.9%
    H5       0.73s   3.7%
  Zeta output: /pscratch/sd/j/jackm/lorrax_sandbox/runs/Si/NONBISPINOR_CPU_2026-05-20/mu384_fft_probe/bc32/tmp/zeta_q.h5  shape: (n_q_disk=8 of 4·4·4=64 full-BZ, n_rtot=13824, n_rmu=432)
  Timing (1 r-chunks, 19.7s total):
    fit     18.96s  96.2%
  Zeta output: /pscratch/sd/j/jackm/lorrax_sandbox/runs/Si/NONBISPINOR_CPU_2026-05-20/mu384_fft_probe/bc32/tmp/zeta_q.h5  shape: (n_q_disk=8 of 4·4·4=64 full-BZ, n_rtot=13824, n_rmu=432)
  Timing (1 r-chunks, 19.7s total):
    fit     18.96s  96.1%
    H5       0.69s   3.5%
    H5       0.67s   3.4%
  Zeta output: /pscratch/sd/j/jackm/lorrax_sandbox/runs/Si/NONBISPINOR_CPU_2026-05-20/mu384_fft_probe/bc32/tmp/zeta_q.h5  shape: (n_q_disk=8 of 4·4·4=64 full-BZ, n_rtot=13824, n_rmu=432)
  Timing (1 r-chunks, 19.4s total):
    fit     18.91s  97.3%
    H5       0.30s   1.5%
[mem_probe zeta_fit_end] in_use=-0.00 GB  peak=-0.00 GB  live_count=67 live_total=0.38 GB  nvsmi=0.00 GB nvsmi_peak=0.00 GB
[mem_probe zeta_fit_end]   complex128 (64, 432, 60, 2) x 3 = 0.16 GB
[mem_probe zeta_fit_end]   complex128 (64, 60, 2, 432) x 3 = 0.16 GB
[mem_probe zeta_fit_end]   complex128 (8, 432, 588) x 1 = 0.03 GB
[mem_probe zeta_fit_end]   complex128 (8, 432, 432) x 1 = 0.02 GB
[mem_probe zeta_fit_end]   int32 (64, 24, 24, 24) x 1 = 0.00 GB
[mem_probe zeta_fit_end]   complex128 (64, 432) x 6 = 0.00 GB
[mem_probe zeta_fit_end]   int32 (8, 588) x 2 = 0.00 GB
[mem_probe zeta_fit_end]   complex128 (8, 24) x 6 = 0.00 GB
[mem_probe zeta_fit_end]   int32 (432, 3) x 2 = 0.00 GB
[mem_probe zeta_fit_end]   bool (8, 1, 588) x 1 = 0.00 GB
[profile] LORRAX_EXIT_AFTER_ZETA set: exiting cleanly after fit_zeta.
