[lxrun] JID 52886424 · 4 nodes · 1:23:56 left · 4/4 free · incoming: lx-D
  1  nid008384  free   —              —      —  ← starting lx-D  python3 -u /pscratch/sd/
  2  nid008385  free   —              —      —
  3  nid008552  free   —              —      —
  4  nid008600  free   —              —      —
2026-05-12 21:40:50.268963: E external/xla/xla/python/profiler/internal/python_hooks.cc:412] Can't import tensorflow.python.profiler.trace
2026-05-12 21:40:50.268990: E external/xla/xla/python/profiler/internal/python_hooks.cc:412] Can't import tensorflow.python.profiler.trace
2026-05-12 21:40:50.269243: E external/xla/xla/python/profiler/internal/python_hooks.cc:412] Can't import tensorflow.python.profiler.trace
2026-05-12 21:40:50.273889: E external/xla/xla/python/profiler/internal/python_hooks.cc:412] Can't import tensorflow.python.profiler.trace
[pf] ▶ run_module:gw.gw_jax
[pf] ▶ run_module:gw.gw_jax
[pf] ▶ run_module:gw.gw_jax
[pf] ▶ run_module:gw.gw_jax

========================================================================
  COHSEX-JAX: Self-Energy Calculation
========================================================================
  Backend: GPU       Devices: 4  Mesh: 2×2  Processes: 4
  Device type: NVIDIA A100-SXM4-80GB
  XLA preallocate: false  mem_fraction: unset
========================================================================

/pscratch/sd/j/jackm/lorrax_sandbox/sources/lorrax_D/src/common/symmetry_maps.py:331: UserWarning: SymMaps: 4/9 full-BZ k-points require time-reversal symmetry for unfolding. Non-symmorphic phases are NOT applied for these k-points. Use noinv=.true. in QE to avoid this.
  warnings.warn(
/pscratch/sd/j/jackm/lorrax_sandbox/sources/lorrax_D/src/common/symmetry_maps.py:331: UserWarning: SymMaps: 4/9 full-BZ k-points require time-reversal symmetry for unfolding. Non-symmorphic phases are NOT applied for these k-points. Use noinv=.true. in QE to avoid this.
  warnings.warn(
/pscratch/sd/j/jackm/lorrax_sandbox/sources/lorrax_D/src/common/symmetry_maps.py:331: UserWarning: SymMaps: 4/9 full-BZ k-points require time-reversal symmetry for unfolding. Non-symmorphic phases are NOT applied for these k-points. Use noinv=.true. in QE to avoid this.
  warnings.warn(
/pscratch/sd/j/jackm/lorrax_sandbox/sources/lorrax_D/src/common/symmetry_maps.py:331: UserWarning: SymMaps: 4/9 full-BZ k-points require time-reversal symmetry for unfolding. Non-symmorphic phases are NOT applied for these k-points. Use noinv=.true. in QE to avoid this.
  warnings.warn(
  ISDF basis: 640 centroids
  FFT grid: 24×24×80   Cell volume: 702.20 a.u.³

WARNING:2026-05-12 21:40:54,863:jax._src.compilation_cache:265: Writing jit__local_fft to persistent compilation cache with key 'jit__local_fft-a5643a923953928a5f2256d6caa03e5edad8134438201dfb70aae238fc505ce0'
WARNING:jax._src.compilation_cache:Writing jit__local_fft to persistent compilation cache with key 'jit__local_fft-a5643a923953928a5f2256d6caa03e5edad8134438201dfb70aae238fc505ce0'
WARNING:2026-05-12 21:40:55,548:jax._src.compilation_cache:265: Writing jit__per_rank to persistent compilation cache with key 'jit__per_rank-7acf40eeefc31738775df18c7c3bdcb4e3802b1e1c7b1355e21ed02ab04a0963'
WARNING:jax._src.compilation_cache:Writing jit__per_rank to persistent compilation cache with key 'jit__per_rank-7acf40eeefc31738775df18c7c3bdcb4e3802b1e1c7b1355e21ed02ab04a0963'
    Memory estimate: peak 10.69 GB (budget 28.00 GB), bottleneck=zct
    Per-stage: fft=6.58  zct=10.69  reshard=0.47  solve=0.39  gather=0.34 GB
    AOT fit_one_rchunk peak (driver-level): 0.80 GB

  G-flat memory model — chunk plan + HWM estimate
    band_chunk         = 16
    r_chunk            = 5760  (8 chunks)
    gflat_chunk_size   = None
    budget             = 28.00 GB/dev
    HWM estimate       = 10.77 GB/dev (38% of budget) [bottleneck: C_fit_one_rchunk]
    peak breakdown (GB/dev):
      C_fit_one_rchunk........   10.77
      D_accumulate............    4.44
      B_CCT_chol..............    0.50
      A_centroid..............    0.45

  Chunked ISDF fitting:
    Band chunks: 16
    R chunks:    5760 (contiguous r-space)
    Q chunks:    9
    Zeta output: /pscratch/sd/j/jackm/lorrax_sandbox/runs/MoS2/00_mos2_3x3_cohsex/D_perf_after_2026-05-12/tmp/zeta_q.h5
    cutoffs: zeta = 30.0 Ry, bare-Coulomb = 30.0 Ry  (ecutwfc=30.0, ecutrho=120.0)

  Zeta fitting: 8 r-chunks x 5760 r-points, 80 bands (80 left + 80 right)
  Output: /pscratch/sd/j/jackm/lorrax_sandbox/runs/MoS2/00_mos2_3x3_cohsex/D_perf_after_2026-05-12/tmp/zeta_q.h5
  Left wfns:  (9, 80, 4, 640)
  Right wfns: (9, 80, 4, 640)
  Computing pair densities P_l, P_r (open-spin, charge γ̃^0=I)
/opt/jax/jax/_src/interpreters/mlir.py:1178: UserWarning: Some donated buffers were not usable: ShapedArray(complex128[9,4,4,320,320]), ShapedArray(complex128[9,4,4,320,320]).
See an explanation at https://jax.readthedocs.io/en/latest/faq.html#buffer-donation.
  warnings.warn("Some donated buffers were not usable:"
  Computing L_q = chol(C_q)  [PSD, charge channel, path=cusolvermp_cholesky]

  Zeta fitting: 8 r-chunks x 5760 r-points, 80 bands (80 left + 80 right)
  Output: /pscratch/sd/j/jackm/lorrax_sandbox/runs/MoS2/00_mos2_3x3_cohsex/D_perf_after_2026-05-12/tmp/zeta_q.h5
  Left wfns:  (9, 80, 4, 640)
  Right wfns: (9, 80, 4, 640)

  Zeta fitting: 8 r-chunks x 5760 r-points, 80 bands (80 left + 80 right)
  Output: /pscratch/sd/j/jackm/lorrax_sandbox/runs/MoS2/00_mos2_3x3_cohsex/D_perf_after_2026-05-12/tmp/zeta_q.h5
  Left wfns:  (9, 80, 4, 640)
  Right wfns: (9, 80, 4, 640)

  Zeta fitting: 8 r-chunks x 5760 r-points, 80 bands (80 left + 80 right)
  Output: /pscratch/sd/j/jackm/lorrax_sandbox/runs/MoS2/00_mos2_3x3_cohsex/D_perf_after_2026-05-12/tmp/zeta_q.h5
  Left wfns:  (9, 80, 4, 640)
  Right wfns: (9, 80, 4, 640)
  Computing pair densities P_l, P_r (open-spin, charge γ̃^0=I)
  Computing pair densities P_l, P_r (open-spin, charge γ̃^0=I)
  Computing pair densities P_l, P_r (open-spin, charge γ̃^0=I)
/opt/jax/jax/_src/interpreters/mlir.py:1178: UserWarning: Some donated buffers were not usable: ShapedArray(complex128[9,4,4,320,320]), ShapedArray(complex128[9,4,4,320,320]).
See an explanation at https://jax.readthedocs.io/en/latest/faq.html#buffer-donation.
  warnings.warn("Some donated buffers were not usable:"
/opt/jax/jax/_src/interpreters/mlir.py:1178: UserWarning: Some donated buffers were not usable: ShapedArray(complex128[9,4,4,320,320]), ShapedArray(complex128[9,4,4,320,320]).
See an explanation at https://jax.readthedocs.io/en/latest/faq.html#buffer-donation.
  warnings.warn("Some donated buffers were not usable:"
/opt/jax/jax/_src/interpreters/mlir.py:1178: UserWarning: Some donated buffers were not usable: ShapedArray(complex128[9,4,4,320,320]), ShapedArray(complex128[9,4,4,320,320]).
See an explanation at https://jax.readthedocs.io/en/latest/faq.html#buffer-donation.
  warnings.warn("Some donated buffers were not usable:"
  Computing L_q = chol(C_q)  [PSD, charge channel, path=cusolvermp_cholesky]
  Computing L_q = chol(C_q)  [PSD, charge channel, path=cusolvermp_cholesky]
  Computing L_q = chol(C_q)  [PSD, charge channel, path=cusolvermp_cholesky]
[lorrax cusolverMp] library 0.7.2, NCCL 2.26.3, comm path: NCCL, grid: 2x2 (row-major)
WARNING:2026-05-12 21:41:00,388:jax._src.compilation_cache:265: Writing jit__potrf to persistent compilation cache with key 'jit__potrf-f6c12488f0919602bb1b3a7cd8bcedda041763604084dfb6ce93e32fe7231707'
WARNING:jax._src.compilation_cache:Writing jit__potrf to persistent compilation cache with key 'jit__potrf-f6c12488f0919602bb1b3a7cd8bcedda041763604084dfb6ce93e32fe7231707'
  L_q: (9, 640, 640)
  L_q: (9, 640, 640)
  L_q: (9, 640, 640)
  L_q: (9, 640, 640)
  q axis on disk: full BZ (9 q-points) (write_ibz_only=False or closure check failed)
  q axis on disk: full BZ (9 q-points) (write_ibz_only=False or closure check failed)
  q axis on disk: full BZ (9 q-points) (write_ibz_only=False or closure check failed)
  q axis on disk: full BZ (9 q-points) (write_ibz_only=False or closure check failed)
/pscratch/sd/j/jackm/lorrax_sandbox/sources/lorrax_D/src/file_io/_slab_io_ffi.py:456: UserWarning: FFI backend: chunks/attrs on create_dataset currently no-op; pre-create with h5py if you need explicit chunking or attrs.
  warnings.warn(
/pscratch/sd/j/jackm/lorrax_sandbox/sources/lorrax_D/src/file_io/_slab_io_ffi.py:456: UserWarning: FFI backend: chunks/attrs on create_dataset currently no-op; pre-create with h5py if you need explicit chunking or attrs.
  warnings.warn(
/pscratch/sd/j/jackm/lorrax_sandbox/sources/lorrax_D/src/file_io/_slab_io_ffi.py:456: UserWarning: FFI backend: chunks/attrs on create_dataset currently no-op; pre-create with h5py if you need explicit chunking or attrs.
  warnings.warn(
/pscratch/sd/j/jackm/lorrax_sandbox/sources/lorrax_D/src/file_io/_slab_io_ffi.py:456: UserWarning: FFI backend: chunks/attrs on create_dataset currently no-op; pre-create with h5py if you need explicit chunking or attrs.
  warnings.warn(
  ψ(G-flat) host cache: 0.02 GB/process resident
WARNING:2026-05-12 21:41:02,766:jax._src.compilation_cache:265: Writing jit_broadcast_in_dim to persistent compilation cache with key 'jit_broadcast_in_dim-fd45b650e0711f367b4b4a8c6f26f2408561a9982558043d99854673ce9640d3'
WARNING:jax._src.compilation_cache:Writing jit_broadcast_in_dim to persistent compilation cache with key 'jit_broadcast_in_dim-fd45b650e0711f367b4b4a8c6f26f2408561a9982558043d99854673ce9640d3'
Started zeta fitting at 21:41:05.
[ 21:41:05 | █░░░░░░░░░ |  12% ] r-chunk 1 / 8 · ETA 0 s
WARNING:2026-05-12 21:41:05,075:jax._src.compilation_cache:265: Writing jit__per_rank to persistent compilation cache with key 'jit__per_rank-2864d761e36a5919d43d0f65cf9702e65348a55457afa9e9768a7abdfa94d1f3'
WARNING:jax._src.compilation_cache:Writing jit__per_rank to persistent compilation cache with key 'jit__per_rank-2864d761e36a5919d43d0f65cf9702e65348a55457afa9e9768a7abdfa94d1f3'
[ 21:41:05 | ██░░░░░░░░ |  25% ] r-chunk 2 / 8 · ETA 1 s
[ 21:41:05 | ████░░░░░░ |  38% ] r-chunk 3 / 8 · ETA 1 s
[ 21:41:07 | █████░░░░░ |  50% ] r-chunk 4 / 8 · ETA 3 s
[ 21:41:09 | ██████░░░░ |  62% ] r-chunk 5 / 8 · ETA 3 s
[ 21:41:11 | ████████░░ |  75% ] r-chunk 6 / 8 · ETA 2 s
[ 21:41:13 | █████████░ |  88% ] r-chunk 7 / 8 · ETA 1 s
[ 21:41:15 | ██████████ | 100% ] r-chunk 8 / 8 · ETA 0 s
Finished zeta fitting at 21:41:15.  Elapsed: 10 s.
  [SlabIO.close] draining 3 pending writes for zeta_q.h5 …
  [SlabIO.close] Python dispatch drained in 5.7 s; joining writer thread
  [SlabIO.close] writer thread joined in 0.0 s; calling H5Fclose collectively
  [SlabIO.close] H5Fclose returned in 0.0 s
  Zeta output: /pscratch/sd/j/jackm/lorrax_sandbox/runs/MoS2/00_mos2_3x3_cohsex/D_perf_after_2026-05-12/tmp/zeta_q.h5  shape: (n_q_disk=9 of 3·3·1=9 full-BZ, n_rtot=46080, n_rmu=640)
  Timing (8 r-chunks, 12.8s total):
    fit      4.86s  38.1%
    H5       7.90s  61.9%
  Zeta output: /pscratch/sd/j/jackm/lorrax_sandbox/runs/MoS2/00_mos2_3x3_cohsex/D_perf_after_2026-05-12/tmp/zeta_q.h5  shape: (n_q_disk=9 of 3·3·1=9 full-BZ, n_rtot=46080, n_rmu=640)
  Timing (8 r-chunks, 12.8s total):
    fit      4.73s  37.0%
    H5       8.04s  63.0%
  Zeta output: /pscratch/sd/j/jackm/lorrax_sandbox/runs/MoS2/00_mos2_3x3_cohsex/D_perf_after_2026-05-12/tmp/zeta_q.h5  shape: (n_q_disk=9 of 3·3·1=9 full-BZ, n_rtot=46080, n_rmu=640)
  Timing (8 r-chunks, 12.8s total):
    fit      5.28s  41.3%
    H5       7.49s  58.6%
  Zeta output: /pscratch/sd/j/jackm/lorrax_sandbox/runs/MoS2/00_mos2_3x3_cohsex/D_perf_after_2026-05-12/tmp/zeta_q.h5  shape: (n_q_disk=9 of 3·3·1=9 full-BZ, n_rtot=46080, n_rmu=640)
  Timing (8 r-chunks, 12.8s total):
    fit      4.55s  35.7%
    H5       8.21s  64.3%
  [diag] ζ^{μ_L=0} (zeta_q) q=0: max|ζ|=3.926e+00, L2=3.847e+02
    GPU high-water mark: 3.71 GB / 28.00 GB budget (13%)
    γ (runtime / AOT-pred) = 4.660  (AOT predicted 0.80 GB)

  [bispinor] fitting ζ^{μ_L=1,2,3} on current-density centroids: centroids_frac_656_current.txt

  Zeta fitting: 8 r-chunks x 5760 r-points, 80 bands (80 left + 80 right)
  Output: /pscratch/sd/j/jackm/lorrax_sandbox/runs/MoS2/00_mos2_3x3_cohsex/D_perf_after_2026-05-12/tmp/zeta_q_mu1.h5
  Left wfns:  (9, 80, 4, 656)
  Right wfns: (9, 80, 4, 656)
  [bispinor] μ_L=1 → /pscratch/sd/j/jackm/lorrax_sandbox/runs/MoS2/00_mos2_3x3_cohsex/D_perf_after_2026-05-12/tmp/zeta_q_mu1.h5

  Zeta fitting: 8 r-chunks x 5760 r-points, 80 bands (80 left + 80 right)
  Output: /pscratch/sd/j/jackm/lorrax_sandbox/runs/MoS2/00_mos2_3x3_cohsex/D_perf_after_2026-05-12/tmp/zeta_q_mu1.h5
  Left wfns:  (9, 80, 4, 656)
  Right wfns: (9, 80, 4, 656)

  Zeta fitting: 8 r-chunks x 5760 r-points, 80 bands (80 left + 80 right)
  Output: /pscratch/sd/j/jackm/lorrax_sandbox/runs/MoS2/00_mos2_3x3_cohsex/D_perf_after_2026-05-12/tmp/zeta_q_mu1.h5
  Left wfns:  (9, 80, 4, 656)
  Right wfns: (9, 80, 4, 656)

  Zeta fitting: 8 r-chunks x 5760 r-points, 80 bands (80 left + 80 right)
  Output: /pscratch/sd/j/jackm/lorrax_sandbox/runs/MoS2/00_mos2_3x3_cohsex/D_perf_after_2026-05-12/tmp/zeta_q_mu1.h5
  Left wfns:  (9, 80, 4, 656)
  Right wfns: (9, 80, 4, 656)
  Computing pair densities P_l, P_r (open-spin, transverse γ̃^1)
/opt/jax/jax/_src/interpreters/mlir.py:1178: UserWarning: Some donated buffers were not usable: ShapedArray(complex128[9,4,4,328,328]), ShapedArray(complex128[9,4,4,328,328]).
See an explanation at https://jax.readthedocs.io/en/latest/faq.html#buffer-donation.
  warnings.warn("Some donated buffers were not usable:"
  Pass through C_q  [γ̃^1 indefinite — path=cusolvermp_lu]
  L_q: (9, 656, 656)
WARNING:2026-05-12 21:41:23,222:jax._src.compilation_cache:265: Writing jit__einsum to persistent compilation cache with key 'jit__einsum-0f4fe1c29cd39e8852236fa72fe043f5fe73d85ecf6367b52753540c097c5ab6'
WARNING:jax._src.compilation_cache:Writing jit__einsum to persistent compilation cache with key 'jit__einsum-0f4fe1c29cd39e8852236fa72fe043f5fe73d85ecf6367b52753540c097c5ab6'
  Computing pair densities P_l, P_r (open-spin, transverse γ̃^1)
  Computing pair densities P_l, P_r (open-spin, transverse γ̃^1)
  Computing pair densities P_l, P_r (open-spin, transverse γ̃^1)
/opt/jax/jax/_src/interpreters/mlir.py:1178: UserWarning: Some donated buffers were not usable: ShapedArray(complex128[9,4,4,328,328]), ShapedArray(complex128[9,4,4,328,328]).
See an explanation at https://jax.readthedocs.io/en/latest/faq.html#buffer-donation.
  warnings.warn("Some donated buffers were not usable:"
/opt/jax/jax/_src/interpreters/mlir.py:1178: UserWarning: Some donated buffers were not usable: ShapedArray(complex128[9,4,4,328,328]), ShapedArray(complex128[9,4,4,328,328]).
See an explanation at https://jax.readthedocs.io/en/latest/faq.html#buffer-donation.
  warnings.warn("Some donated buffers were not usable:"
/opt/jax/jax/_src/interpreters/mlir.py:1178: UserWarning: Some donated buffers were not usable: ShapedArray(complex128[9,4,4,328,328]), ShapedArray(complex128[9,4,4,328,328]).
See an explanation at https://jax.readthedocs.io/en/latest/faq.html#buffer-donation.
  warnings.warn("Some donated buffers were not usable:"
  Pass through C_q  [γ̃^1 indefinite — path=cusolvermp_lu]
  L_q: (9, 656, 656)
  Pass through C_q  [γ̃^1 indefinite — path=cusolvermp_lu]
  L_q: (9, 656, 656)
  Pass through C_q  [γ̃^1 indefinite — path=cusolvermp_lu]
  L_q: (9, 656, 656)
  q axis on disk: full BZ (9 q-points) (write_ibz_only=False or closure check failed)
  q axis on disk: full BZ (9 q-points) (write_ibz_only=False or closure check failed)
  q axis on disk: full BZ (9 q-points) (write_ibz_only=False or closure check failed)
  q axis on disk: full BZ (9 q-points) (write_ibz_only=False or closure check failed)
/pscratch/sd/j/jackm/lorrax_sandbox/sources/lorrax_D/src/file_io/_slab_io_ffi.py:456: UserWarning: FFI backend: chunks/attrs on create_dataset currently no-op; pre-create with h5py if you need explicit chunking or attrs.
  warnings.warn(
/pscratch/sd/j/jackm/lorrax_sandbox/sources/lorrax_D/src/file_io/_slab_io_ffi.py:456: UserWarning: FFI backend: chunks/attrs on create_dataset currently no-op; pre-create with h5py if you need explicit chunking or attrs.
  warnings.warn(
/pscratch/sd/j/jackm/lorrax_sandbox/sources/lorrax_D/src/file_io/_slab_io_ffi.py:456: UserWarning: FFI backend: chunks/attrs on create_dataset currently no-op; pre-create with h5py if you need explicit chunking or attrs.
  warnings.warn(
/pscratch/sd/j/jackm/lorrax_sandbox/sources/lorrax_D/src/file_io/_slab_io_ffi.py:456: UserWarning: FFI backend: chunks/attrs on create_dataset currently no-op; pre-create with h5py if you need explicit chunking or attrs.
  warnings.warn(
  ψ(G-flat) host cache: 0.02 GB/process resident
Started zeta fitting at 21:41:27.
[ 21:41:27 | █░░░░░░░░░ |  12% ] r-chunk 1 / 8 · ETA 0 s
WARNING:2026-05-12 21:41:27,840:jax._src.compilation_cache:265: Writing jit__per_rank to persistent compilation cache with key 'jit__per_rank-ef515f2f883f415e0a59b270e7bdadb5b7b2bc5c0a2ebec545b7e3eb7bb8b747'
WARNING:jax._src.compilation_cache:Writing jit__per_rank to persistent compilation cache with key 'jit__per_rank-ef515f2f883f415e0a59b270e7bdadb5b7b2bc5c0a2ebec545b7e3eb7bb8b747'
[ 21:41:28 | ██░░░░░░░░ |  25% ] r-chunk 2 / 8 · ETA 2 s
[ 21:41:28 | ████░░░░░░ |  38% ] r-chunk 3 / 8 · ETA 2 s
[ 21:41:30 | █████░░░░░ |  50% ] r-chunk 4 / 8 · ETA 2 s
[ 21:41:32 | ██████░░░░ |  62% ] r-chunk 5 / 8 · ETA 3 s
[ 21:41:34 | ████████░░ |  75% ] r-chunk 6 / 8 · ETA 2 s
[ 21:41:36 | █████████░ |  88% ] r-chunk 7 / 8 · ETA 1 s
[ 21:41:38 | ██████████ | 100% ] r-chunk 8 / 8 · ETA 0 s
Finished zeta fitting at 21:41:38.  Elapsed: 10 s.
  [SlabIO.close] draining 3 pending writes for zeta_q_mu1.h5 …
  [SlabIO.close] Python dispatch drained in 5.6 s; joining writer thread
  [SlabIO.close] writer thread joined in 0.0 s; calling H5Fclose collectively
  [SlabIO.close] H5Fclose returned in 0.0 s
  Zeta output: /pscratch/sd/j/jackm/lorrax_sandbox/runs/MoS2/00_mos2_3x3_cohsex/D_perf_after_2026-05-12/tmp/zeta_q_mu1.h5  shape: (n_q_disk=9 of 3·3·1=9 full-BZ, n_rtot=46080, n_rmu=656)
  Timing (8 r-chunks, 13.2s total):
    fit      5.79s  44.0%
    H5       7.37s  56.0%
  Zeta output: /pscratch/sd/j/jackm/lorrax_sandbox/runs/MoS2/00_mos2_3x3_cohsex/D_perf_after_2026-05-12/tmp/zeta_q_mu1.h5  shape: (n_q_disk=9 of 3·3·1=9 full-BZ, n_rtot=46080, n_rmu=656)
  Timing (8 r-chunks, 13.2s total):
    fit      6.14s  46.7%
    H5       7.01s  53.3%
  Zeta output: /pscratch/sd/j/jackm/lorrax_sandbox/runs/MoS2/00_mos2_3x3_cohsex/D_perf_after_2026-05-12/tmp/zeta_q_mu1.h5  shape: (n_q_disk=9 of 3·3·1=9 full-BZ, n_rtot=46080, n_rmu=656)
  Timing (8 r-chunks, 13.1s total):
    fit      5.66s  43.1%
    H5       7.48s  56.9%
  Zeta output: /pscratch/sd/j/jackm/lorrax_sandbox/runs/MoS2/00_mos2_3x3_cohsex/D_perf_after_2026-05-12/tmp/zeta_q_mu1.h5  shape: (n_q_disk=9 of 3·3·1=9 full-BZ, n_rtot=46080, n_rmu=656)
  Timing (8 r-chunks, 13.2s total):
    fit      5.68s  43.2%
    H5       7.47s  56.8%
  [diag] ζ^{μ_L=1} q=0: max|ζ|=7.461e+00, L2=1.327e+03

  Zeta fitting: 8 r-chunks x 5760 r-points, 80 bands (80 left + 80 right)
  Output: /pscratch/sd/j/jackm/lorrax_sandbox/runs/MoS2/00_mos2_3x3_cohsex/D_perf_after_2026-05-12/tmp/zeta_q_mu2.h5
  Left wfns:  (9, 80, 4, 656)
  Right wfns: (9, 80, 4, 656)
  [bispinor] μ_L=2 → /pscratch/sd/j/jackm/lorrax_sandbox/runs/MoS2/00_mos2_3x3_cohsex/D_perf_after_2026-05-12/tmp/zeta_q_mu2.h5

  Zeta fitting: 8 r-chunks x 5760 r-points, 80 bands (80 left + 80 right)
  Output: /pscratch/sd/j/jackm/lorrax_sandbox/runs/MoS2/00_mos2_3x3_cohsex/D_perf_after_2026-05-12/tmp/zeta_q_mu2.h5
  Left wfns:  (9, 80, 4, 656)
  Right wfns: (9, 80, 4, 656)

  Zeta fitting: 8 r-chunks x 5760 r-points, 80 bands (80 left + 80 right)
  Output: /pscratch/sd/j/jackm/lorrax_sandbox/runs/MoS2/00_mos2_3x3_cohsex/D_perf_after_2026-05-12/tmp/zeta_q_mu2.h5
  Left wfns:  (9, 80, 4, 656)
  Right wfns: (9, 80, 4, 656)

  Zeta fitting: 8 r-chunks x 5760 r-points, 80 bands (80 left + 80 right)
  Output: /pscratch/sd/j/jackm/lorrax_sandbox/runs/MoS2/00_mos2_3x3_cohsex/D_perf_after_2026-05-12/tmp/zeta_q_mu2.h5
  Left wfns:  (9, 80, 4, 656)
  Right wfns: (9, 80, 4, 656)
  Computing pair densities P_l, P_r (open-spin, transverse γ̃^2)
/opt/jax/jax/_src/interpreters/mlir.py:1178: UserWarning: Some donated buffers were not usable: ShapedArray(complex128[9,4,4,328,328]), ShapedArray(complex128[9,4,4,328,328]).
See an explanation at https://jax.readthedocs.io/en/latest/faq.html#buffer-donation.
  warnings.warn("Some donated buffers were not usable:"
  Pass through C_q  [γ̃^2 indefinite — path=cusolvermp_lu]
  L_q: (9, 656, 656)
  Computing pair densities P_l, P_r (open-spin, transverse γ̃^2)
  Computing pair densities P_l, P_r (open-spin, transverse γ̃^2)
  Computing pair densities P_l, P_r (open-spin, transverse γ̃^2)
/opt/jax/jax/_src/interpreters/mlir.py:1178: UserWarning: Some donated buffers were not usable: ShapedArray(complex128[9,4,4,328,328]), ShapedArray(complex128[9,4,4,328,328]).
See an explanation at https://jax.readthedocs.io/en/latest/faq.html#buffer-donation.
  warnings.warn("Some donated buffers were not usable:"
/opt/jax/jax/_src/interpreters/mlir.py:1178: UserWarning: Some donated buffers were not usable: ShapedArray(complex128[9,4,4,328,328]), ShapedArray(complex128[9,4,4,328,328]).
See an explanation at https://jax.readthedocs.io/en/latest/faq.html#buffer-donation.
  warnings.warn("Some donated buffers were not usable:"
/opt/jax/jax/_src/interpreters/mlir.py:1178: UserWarning: Some donated buffers were not usable: ShapedArray(complex128[9,4,4,328,328]), ShapedArray(complex128[9,4,4,328,328]).
See an explanation at https://jax.readthedocs.io/en/latest/faq.html#buffer-donation.
  warnings.warn("Some donated buffers were not usable:"
  Pass through C_q  [γ̃^2 indefinite — path=cusolvermp_lu]
  L_q: (9, 656, 656)
  Pass through C_q  [γ̃^2 indefinite — path=cusolvermp_lu]
  L_q: (9, 656, 656)
  Pass through C_q  [γ̃^2 indefinite — path=cusolvermp_lu]
  L_q: (9, 656, 656)
  q axis on disk: full BZ (9 q-points) (write_ibz_only=False or closure check failed)
  q axis on disk: full BZ (9 q-points) (write_ibz_only=False or closure check failed)
  q axis on disk: full BZ (9 q-points) (write_ibz_only=False or closure check failed)
  q axis on disk: full BZ (9 q-points) (write_ibz_only=False or closure check failed)
/pscratch/sd/j/jackm/lorrax_sandbox/sources/lorrax_D/src/file_io/_slab_io_ffi.py:456: UserWarning: FFI backend: chunks/attrs on create_dataset currently no-op; pre-create with h5py if you need explicit chunking or attrs.
  warnings.warn(
/pscratch/sd/j/jackm/lorrax_sandbox/sources/lorrax_D/src/file_io/_slab_io_ffi.py:456: UserWarning: FFI backend: chunks/attrs on create_dataset currently no-op; pre-create with h5py if you need explicit chunking or attrs.
  warnings.warn(
/pscratch/sd/j/jackm/lorrax_sandbox/sources/lorrax_D/src/file_io/_slab_io_ffi.py:456: UserWarning: FFI backend: chunks/attrs on create_dataset currently no-op; pre-create with h5py if you need explicit chunking or attrs.
  warnings.warn(
/pscratch/sd/j/jackm/lorrax_sandbox/sources/lorrax_D/src/file_io/_slab_io_ffi.py:456: UserWarning: FFI backend: chunks/attrs on create_dataset currently no-op; pre-create with h5py if you need explicit chunking or attrs.
  warnings.warn(
  ψ(G-flat) host cache: 0.02 GB/process resident
Started zeta fitting at 21:41:49.
[ 21:41:49 | █░░░░░░░░░ |  12% ] r-chunk 1 / 8 · ETA 0 s
WARNING:2026-05-12 21:41:49,130:jax._src.compilation_cache:265: Writing jit__per_rank to persistent compilation cache with key 'jit__per_rank-7b2125743a0574dcd0324308cc0202386906e0b72b25b75b494903056c626c3a'
WARNING:jax._src.compilation_cache:Writing jit__per_rank to persistent compilation cache with key 'jit__per_rank-7b2125743a0574dcd0324308cc0202386906e0b72b25b75b494903056c626c3a'
[ 21:41:49 | ██░░░░░░░░ |  25% ] r-chunk 2 / 8 · ETA 2 s
[ 21:41:50 | ████░░░░░░ |  38% ] r-chunk 3 / 8 · ETA 2 s
[ 21:41:52 | █████░░░░░ |  50% ] r-chunk 4 / 8 · ETA 3 s
[ 21:41:54 | ██████░░░░ |  62% ] r-chunk 5 / 8 · ETA 3 s
[ 21:41:55 | ████████░░ |  75% ] r-chunk 6 / 8 · ETA 2 s
[ 21:41:57 | █████████░ |  88% ] r-chunk 7 / 8 · ETA 1 s
[ 21:41:58 | ██████████ | 100% ] r-chunk 8 / 8 · ETA 0 s
Finished zeta fitting at 21:41:58.  Elapsed: 10 s.
  [SlabIO.close] draining 3 pending writes for zeta_q_mu2.h5 …
  [SlabIO.close] Python dispatch drained in 5.7 s; joining writer thread
  [SlabIO.close] writer thread joined in 0.0 s; calling H5Fclose collectively
  [SlabIO.close] H5Fclose returned in 0.5 s
  Zeta output: /pscratch/sd/j/jackm/lorrax_sandbox/runs/MoS2/00_mos2_3x3_cohsex/D_perf_after_2026-05-12/tmp/zeta_q_mu2.h5  shape: (n_q_disk=9 of 3·3·1=9 full-BZ, n_rtot=46080, n_rmu=656)
  Timing (8 r-chunks, 12.8s total):
    fit      5.34s  41.8%
    H5       7.43s  58.2%
  Zeta output: /pscratch/sd/j/jackm/lorrax_sandbox/runs/MoS2/00_mos2_3x3_cohsex/D_perf_after_2026-05-12/tmp/zeta_q_mu2.h5  shape: (n_q_disk=9 of 3·3·1=9 full-BZ, n_rtot=46080, n_rmu=656)
  Timing (8 r-chunks, 11.5s total):
    fit     10.84s  94.0%
    H5       0.69s   6.0%
  Zeta output: /pscratch/sd/j/jackm/lorrax_sandbox/runs/MoS2/00_mos2_3x3_cohsex/D_perf_after_2026-05-12/tmp/zeta_q_mu2.h5  shape: (n_q_disk=9 of 3·3·1=9 full-BZ, n_rtot=46080, n_rmu=656)
  Timing (8 r-chunks, 12.8s total):
    fit      5.19s  40.7%
    H5       7.56s  59.3%
  Zeta output: /pscratch/sd/j/jackm/lorrax_sandbox/runs/MoS2/00_mos2_3x3_cohsex/D_perf_after_2026-05-12/tmp/zeta_q_mu2.h5  shape: (n_q_disk=9 of 3·3·1=9 full-BZ, n_rtot=46080, n_rmu=656)
  Timing (8 r-chunks, 11.8s total):
    fit      6.74s  56.9%
    H5       5.09s  43.0%
  [diag] ζ^{μ_L=2} q=0: max|ζ|=1.048e+01, L2=1.306e+03

  Zeta fitting: 8 r-chunks x 5760 r-points, 80 bands (80 left + 80 right)
  Output: /pscratch/sd/j/jackm/lorrax_sandbox/runs/MoS2/00_mos2_3x3_cohsex/D_perf_after_2026-05-12/tmp/zeta_q_mu3.h5
  Left wfns:  (9, 80, 4, 656)
  Right wfns: (9, 80, 4, 656)
  [bispinor] μ_L=3 → /pscratch/sd/j/jackm/lorrax_sandbox/runs/MoS2/00_mos2_3x3_cohsex/D_perf_after_2026-05-12/tmp/zeta_q_mu3.h5

  Zeta fitting: 8 r-chunks x 5760 r-points, 80 bands (80 left + 80 right)
  Output: /pscratch/sd/j/jackm/lorrax_sandbox/runs/MoS2/00_mos2_3x3_cohsex/D_perf_after_2026-05-12/tmp/zeta_q_mu3.h5
  Left wfns:  (9, 80, 4, 656)
  Right wfns: (9, 80, 4, 656)

  Zeta fitting: 8 r-chunks x 5760 r-points, 80 bands (80 left + 80 right)
  Output: /pscratch/sd/j/jackm/lorrax_sandbox/runs/MoS2/00_mos2_3x3_cohsex/D_perf_after_2026-05-12/tmp/zeta_q_mu3.h5
  Left wfns:  (9, 80, 4, 656)
  Right wfns: (9, 80, 4, 656)

  Zeta fitting: 8 r-chunks x 5760 r-points, 80 bands (80 left + 80 right)
  Output: /pscratch/sd/j/jackm/lorrax_sandbox/runs/MoS2/00_mos2_3x3_cohsex/D_perf_after_2026-05-12/tmp/zeta_q_mu3.h5
  Left wfns:  (9, 80, 4, 656)
  Right wfns: (9, 80, 4, 656)
  Computing pair densities P_l, P_r (open-spin, transverse γ̃^3)
/opt/jax/jax/_src/interpreters/mlir.py:1178: UserWarning: Some donated buffers were not usable: ShapedArray(complex128[9,4,4,328,328]), ShapedArray(complex128[9,4,4,328,328]).
See an explanation at https://jax.readthedocs.io/en/latest/faq.html#buffer-donation.
  warnings.warn("Some donated buffers were not usable:"
  Pass through C_q  [γ̃^3 indefinite — path=cusolvermp_lu]
  L_q: (9, 656, 656)
  Computing pair densities P_l, P_r (open-spin, transverse γ̃^3)
  Computing pair densities P_l, P_r (open-spin, transverse γ̃^3)
  Computing pair densities P_l, P_r (open-spin, transverse γ̃^3)
/opt/jax/jax/_src/interpreters/mlir.py:1178: UserWarning: Some donated buffers were not usable: ShapedArray(complex128[9,4,4,328,328]), ShapedArray(complex128[9,4,4,328,328]).
See an explanation at https://jax.readthedocs.io/en/latest/faq.html#buffer-donation.
  warnings.warn("Some donated buffers were not usable:"
/opt/jax/jax/_src/interpreters/mlir.py:1178: UserWarning: Some donated buffers were not usable: ShapedArray(complex128[9,4,4,328,328]), ShapedArray(complex128[9,4,4,328,328]).
See an explanation at https://jax.readthedocs.io/en/latest/faq.html#buffer-donation.
  warnings.warn("Some donated buffers were not usable:"
/opt/jax/jax/_src/interpreters/mlir.py:1178: UserWarning: Some donated buffers were not usable: ShapedArray(complex128[9,4,4,328,328]), ShapedArray(complex128[9,4,4,328,328]).
See an explanation at https://jax.readthedocs.io/en/latest/faq.html#buffer-donation.
  warnings.warn("Some donated buffers were not usable:"
  Pass through C_q  [γ̃^3 indefinite — path=cusolvermp_lu]
  L_q: (9, 656, 656)
  Pass through C_q  [γ̃^3 indefinite — path=cusolvermp_lu]
  L_q: (9, 656, 656)
  Pass through C_q  [γ̃^3 indefinite — path=cusolvermp_lu]
  L_q: (9, 656, 656)
  q axis on disk: full BZ (9 q-points) (write_ibz_only=False or closure check failed)
  q axis on disk: full BZ (9 q-points) (write_ibz_only=False or closure check failed)
  q axis on disk: full BZ (9 q-points) (write_ibz_only=False or closure check failed)
  q axis on disk: full BZ (9 q-points) (write_ibz_only=False or closure check failed)
/pscratch/sd/j/jackm/lorrax_sandbox/sources/lorrax_D/src/file_io/_slab_io_ffi.py:456: UserWarning: FFI backend: chunks/attrs on create_dataset currently no-op; pre-create with h5py if you need explicit chunking or attrs.
  warnings.warn(
/pscratch/sd/j/jackm/lorrax_sandbox/sources/lorrax_D/src/file_io/_slab_io_ffi.py:456: UserWarning: FFI backend: chunks/attrs on create_dataset currently no-op; pre-create with h5py if you need explicit chunking or attrs.
  warnings.warn(
/pscratch/sd/j/jackm/lorrax_sandbox/sources/lorrax_D/src/file_io/_slab_io_ffi.py:456: UserWarning: FFI backend: chunks/attrs on create_dataset currently no-op; pre-create with h5py if you need explicit chunking or attrs.
  warnings.warn(
/pscratch/sd/j/jackm/lorrax_sandbox/sources/lorrax_D/src/file_io/_slab_io_ffi.py:456: UserWarning: FFI backend: chunks/attrs on create_dataset currently no-op; pre-create with h5py if you need explicit chunking or attrs.
  warnings.warn(
  ψ(G-flat) host cache: 0.02 GB/process resident
Started zeta fitting at 21:42:09.
[ 21:42:09 | █░░░░░░░░░ |  12% ] r-chunk 1 / 8 · ETA 0 s
WARNING:2026-05-12 21:42:09,965:jax._src.compilation_cache:265: Writing jit__per_rank to persistent compilation cache with key 'jit__per_rank-8a23a266d6d155718f794b8180e39b1575881439ae1f9da93ce85f5dce00d8ac'
WARNING:jax._src.compilation_cache:Writing jit__per_rank to persistent compilation cache with key 'jit__per_rank-8a23a266d6d155718f794b8180e39b1575881439ae1f9da93ce85f5dce00d8ac'
[ 21:42:10 | ██░░░░░░░░ |  25% ] r-chunk 2 / 8 · ETA 2 s
[ 21:42:10 | ████░░░░░░ |  38% ] r-chunk 3 / 8 · ETA 2 s
[ 21:42:13 | █████░░░░░ |  50% ] r-chunk 4 / 8 · ETA 3 s
[ 21:42:14 | ██████░░░░ |  62% ] r-chunk 5 / 8 · ETA 3 s
[ 21:42:16 | ████████░░ |  75% ] r-chunk 6 / 8 · ETA 2 s
[ 21:42:18 | █████████░ |  88% ] r-chunk 7 / 8 · ETA 1 s
[ 21:42:19 | ██████████ | 100% ] r-chunk 8 / 8 · ETA 0 s
Finished zeta fitting at 21:42:19.  Elapsed: 10 s.
  [SlabIO.close] draining 3 pending writes for zeta_q_mu3.h5 …
  [SlabIO.close] Python dispatch drained in 4.7 s; joining writer thread
  [SlabIO.close] writer thread joined in 0.0 s; calling H5Fclose collectively
  [SlabIO.close] H5Fclose returned in 0.0 s
  Zeta output: /pscratch/sd/j/jackm/lorrax_sandbox/runs/MoS2/00_mos2_3x3_cohsex/D_perf_after_2026-05-12/tmp/zeta_q_mu3.h5  shape: (n_q_disk=9 of 3·3·1=9 full-BZ, n_rtot=46080, n_rmu=656)
  Timing (8 r-chunks, 11.2s total):
    fit      7.63s  68.3%
    H5       3.54s  31.7%
  Zeta output: /pscratch/sd/j/jackm/lorrax_sandbox/runs/MoS2/00_mos2_3x3_cohsex/D_perf_after_2026-05-12/tmp/zeta_q_mu3.h5  shape: (n_q_disk=9 of 3·3·1=9 full-BZ, n_rtot=46080, n_rmu=656)
  Timing (8 r-chunks, 11.2s total):
    fit     10.46s  93.6%
    H5       0.72s   6.4%
  Zeta output: /pscratch/sd/j/jackm/lorrax_sandbox/runs/MoS2/00_mos2_3x3_cohsex/D_perf_after_2026-05-12/tmp/zeta_q_mu3.h5  shape: (n_q_disk=9 of 3·3·1=9 full-BZ, n_rtot=46080, n_rmu=656)
  Timing (8 r-chunks, 11.7s total):
    fit      5.90s  50.4%
    H5       5.80s  49.6%
  Zeta output: /pscratch/sd/j/jackm/lorrax_sandbox/runs/MoS2/00_mos2_3x3_cohsex/D_perf_after_2026-05-12/tmp/zeta_q_mu3.h5  shape: (n_q_disk=9 of 3·3·1=9 full-BZ, n_rtot=46080, n_rmu=656)
  Timing (8 r-chunks, 12.2s total):
    fit      5.30s  43.5%
    H5       6.87s  56.5%
  [diag] ζ^{μ_L=3} q=0: max|ζ|=1.023e+01, L2=1.356e+03
    V_q bare cutoff: 30.0 Ry
    V_q budget:    27.10 GB

  [bispinor] V_q^{μ_L,ν_L} → /pscratch/sd/j/jackm/lorrax_sandbox/runs/MoS2/00_mos2_3x3_cohsex/D_perf_after_2026-05-12/tmp/v_q_bispinor.h5
  [SlabIO.close] draining 0 pending writes for v_q_bispinor.h5 …
  [SlabIO.close] Python dispatch drained in 0.0 s; joining writer thread
  [SlabIO.close] writer thread joined in 0.0 s; calling H5Fclose collectively
  [SlabIO.close] H5Fclose returned in 0.0 s
WARNING:2026-05-12 21:42:28,363:jax._src.compilation_cache:265: Writing jit__per_rank to persistent compilation cache with key 'jit__per_rank-9ae403398458701c6097d9bdf2d4751dbb534bab6c374db453829503939e4e67'
WARNING:jax._src.compilation_cache:Writing jit__per_rank to persistent compilation cache with key 'jit__per_rank-9ae403398458701c6097d9bdf2d4751dbb534bab6c374db453829503939e4e67'
Started V_q tile at 21:42:32.
[ 21:42:32 | █░░░░░░░░░ |  11% ] q-point 1 / 9 · ETA 0 s
[ 21:42:32 | ██░░░░░░░░ |  22% ] q-point 2 / 9 · ETA 0 s
[ 21:42:32 | ███░░░░░░░ |  33% ] q-point 3 / 9 · ETA 0 s
[ 21:42:32 | ████░░░░░░ |  44% ] q-point 4 / 9 · ETA 0 s
[ 21:42:32 | ██████░░░░ |  56% ] q-point 5 / 9 · ETA 0 s
[ 21:42:32 | ███████░░░ |  67% ] q-point 6 / 9 · ETA 0 s
[ 21:42:32 | ████████░░ |  78% ] q-point 7 / 9 · ETA 0 s
[ 21:42:32 | █████████░ |  89% ] q-point 8 / 9 · ETA 0 s
[ 21:42:32 | ██████████ | 100% ] q-point 9 / 9 · ETA 0 s
Finished V_q tile at 21:42:32.  Elapsed: 0 s.
WARNING:2026-05-12 21:42:32,610:jax._src.compilation_cache:265: Writing jit__per_rank to persistent compilation cache with key 'jit__per_rank-3da0fea17dd4bfcd9226d3fc5fd4f27a2084e71c0ba8851c2857db9f58434183'
WARNING:jax._src.compilation_cache:Writing jit__per_rank to persistent compilation cache with key 'jit__per_rank-3da0fea17dd4bfcd9226d3fc5fd4f27a2084e71c0ba8851c2857db9f58434183'
  [SlabIO.close] draining 1 pending writes for v_q_bispinor.h5 …
WARNING:2026-05-12 21:42:32,844:jax._src.compilation_cache:265: Writing jit__per_rank to persistent compilation cache with key 'jit__per_rank-e3500021ffb48c72b53514b5e0f24b6bead5cf6fd814ccc713201416fc4a8121'
WARNING:jax._src.compilation_cache:Writing jit__per_rank to persistent compilation cache with key 'jit__per_rank-e3500021ffb48c72b53514b5e0f24b6bead5cf6fd814ccc713201416fc4a8121'
  [SlabIO.close] Python dispatch drained in 0.0 s; joining writer thread
  [SlabIO.close] writer thread joined in 0.0 s; calling H5Fclose collectively
  [SlabIO.close] H5Fclose returned in 0.0 s
WARNING:2026-05-12 21:42:34,251:jax._src.compilation_cache:265: Writing jit__per_rank to persistent compilation cache with key 'jit__per_rank-2067ec310e15f2c111959089bbd51c20d361a33909e22d6227aa4d8572bc67c8'
WARNING:jax._src.compilation_cache:Writing jit__per_rank to persistent compilation cache with key 'jit__per_rank-2067ec310e15f2c111959089bbd51c20d361a33909e22d6227aa4d8572bc67c8'
Started V_q tile at 21:42:37.
[ 21:42:37 | █░░░░░░░░░ |  11% ] q-point 1 / 9 · ETA 0 s
[ 21:42:37 | ██░░░░░░░░ |  22% ] q-point 2 / 9 · ETA 0 s
[ 21:42:37 | ███░░░░░░░ |  33% ] q-point 3 / 9 · ETA 0 s
[ 21:42:37 | ████░░░░░░ |  44% ] q-point 4 / 9 · ETA 0 s
[ 21:42:37 | ██████░░░░ |  56% ] q-point 5 / 9 · ETA 0 s
[ 21:42:37 | ███████░░░ |  67% ] q-point 6 / 9 · ETA 0 s
[ 21:42:37 | ████████░░ |  78% ] q-point 7 / 9 · ETA 0 s
[ 21:42:37 | █████████░ |  89% ] q-point 8 / 9 · ETA 0 s
[ 21:42:37 | ██████████ | 100% ] q-point 9 / 9 · ETA 0 s
Finished V_q tile at 21:42:37.  Elapsed: 0 s.
  [SlabIO.close] draining 1 pending writes for v_q_bispinor.h5 …
WARNING:2026-05-12 21:42:37,915:jax._src.compilation_cache:265: Writing jit__per_rank to persistent compilation cache with key 'jit__per_rank-4560f7f39475d02380acc3fc74610150df09f5e328ab0015948524ebd194855e'
WARNING:jax._src.compilation_cache:Writing jit__per_rank to persistent compilation cache with key 'jit__per_rank-4560f7f39475d02380acc3fc74610150df09f5e328ab0015948524ebd194855e'
  [SlabIO.close] Python dispatch drained in 0.2 s; joining writer thread
  [SlabIO.close] writer thread joined in 0.0 s; calling H5Fclose collectively
  [SlabIO.close] H5Fclose returned in 0.0 s
WARNING:2026-05-12 21:42:38,272:jax._src.compilation_cache:265: Writing jit__per_rank to persistent compilation cache with key 'jit__per_rank-e2126558e3346ca81aec867cef1e320e5bbc978cf6bedd96a7f407c4b74a40f2'
WARNING:jax._src.compilation_cache:Writing jit__per_rank to persistent compilation cache with key 'jit__per_rank-e2126558e3346ca81aec867cef1e320e5bbc978cf6bedd96a7f407c4b74a40f2'
Started V_q tile at 21:42:41.
[ 21:42:41 | █░░░░░░░░░ |  11% ] q-point 1 / 9 · ETA 0 s
[ 21:42:41 | ██░░░░░░░░ |  22% ] q-point 2 / 9 · ETA 0 s
[ 21:42:41 | ███░░░░░░░ |  33% ] q-point 3 / 9 · ETA 0 s
[ 21:42:41 | ████░░░░░░ |  44% ] q-point 4 / 9 · ETA 0 s
[ 21:42:41 | ██████░░░░ |  56% ] q-point 5 / 9 · ETA 0 s
[ 21:42:41 | ███████░░░ |  67% ] q-point 6 / 9 · ETA 0 s
[ 21:42:41 | ████████░░ |  78% ] q-point 7 / 9 · ETA 0 s
[ 21:42:41 | █████████░ |  89% ] q-point 8 / 9 · ETA 0 s
[ 21:42:41 | ██████████ | 100% ] q-point 9 / 9 · ETA 0 s
Finished V_q tile at 21:42:41.  Elapsed: 0 s.
  [SlabIO.close] draining 1 pending writes for v_q_bispinor.h5 …
WARNING:2026-05-12 21:42:41,989:jax._src.compilation_cache:265: Writing jit__per_rank to persistent compilation cache with key 'jit__per_rank-5884fbbc8c4957a86217746c30a91922c9eadfdf6aabfead5cc554f40d9aa892'
WARNING:jax._src.compilation_cache:Writing jit__per_rank to persistent compilation cache with key 'jit__per_rank-5884fbbc8c4957a86217746c30a91922c9eadfdf6aabfead5cc554f40d9aa892'
  [SlabIO.close] Python dispatch drained in 0.3 s; joining writer thread
  [SlabIO.close] writer thread joined in 0.0 s; calling H5Fclose collectively
  [SlabIO.close] H5Fclose returned in 0.0 s
WARNING:2026-05-12 21:42:42,463:jax._src.compilation_cache:265: Writing jit__per_rank to persistent compilation cache with key 'jit__per_rank-a3d589261f6ebeb756968a085ae07883d14726c2575451d66f92bac00c20c9cd'
WARNING:jax._src.compilation_cache:Writing jit__per_rank to persistent compilation cache with key 'jit__per_rank-a3d589261f6ebeb756968a085ae07883d14726c2575451d66f92bac00c20c9cd'
Started V_q tile at 21:42:45.
[ 21:42:45 | █░░░░░░░░░ |  11% ] q-point 1 / 9 · ETA 0 s
[ 21:42:45 | ██░░░░░░░░ |  22% ] q-point 2 / 9 · ETA 0 s
[ 21:42:45 | ███░░░░░░░ |  33% ] q-point 3 / 9 · ETA 0 s
[ 21:42:45 | ████░░░░░░ |  44% ] q-point 4 / 9 · ETA 0 s
[ 21:42:45 | ██████░░░░ |  56% ] q-point 5 / 9 · ETA 0 s
[ 21:42:45 | ███████░░░ |  67% ] q-point 6 / 9 · ETA 0 s
[ 21:42:45 | ████████░░ |  78% ] q-point 7 / 9 · ETA 0 s
[ 21:42:45 | █████████░ |  89% ] q-point 8 / 9 · ETA 0 s
[ 21:42:45 | ██████████ | 100% ] q-point 9 / 9 · ETA 0 s
Finished V_q tile at 21:42:45.  Elapsed: 0 s.
  [SlabIO.close] draining 1 pending writes for v_q_bispinor.h5 …
WARNING:2026-05-12 21:42:45,790:jax._src.compilation_cache:265: Writing jit__per_rank to persistent compilation cache with key 'jit__per_rank-6c95fb54deaf6e127b08e7a3a72efece78c7f01bb97ed6b9b117a3ac465aa71e'
WARNING:jax._src.compilation_cache:Writing jit__per_rank to persistent compilation cache with key 'jit__per_rank-6c95fb54deaf6e127b08e7a3a72efece78c7f01bb97ed6b9b117a3ac465aa71e'
  [SlabIO.close] Python dispatch drained in 0.3 s; joining writer thread
  [SlabIO.close] writer thread joined in 0.0 s; calling H5Fclose collectively
  [SlabIO.close] H5Fclose returned in 0.0 s
Started V_q tile at 21:42:52.
[ 21:42:52 | █░░░░░░░░░ |  11% ] q-point 1 / 9 · ETA 0 s
[ 21:42:52 | ██░░░░░░░░ |  22% ] q-point 2 / 9 · ETA 0 s
[ 21:42:52 | ███░░░░░░░ |  33% ] q-point 3 / 9 · ETA 0 s
[ 21:42:52 | ████░░░░░░ |  44% ] q-point 4 / 9 · ETA 0 s
[ 21:42:52 | ██████░░░░ |  56% ] q-point 5 / 9 · ETA 0 s
[ 21:42:52 | ███████░░░ |  67% ] q-point 6 / 9 · ETA 0 s
[ 21:42:52 | ████████░░ |  78% ] q-point 7 / 9 · ETA 0 s
[ 21:42:52 | █████████░ |  89% ] q-point 8 / 9 · ETA 0 s
[ 21:42:52 | ██████████ | 100% ] q-point 9 / 9 · ETA 0 s
Finished V_q tile at 21:42:52.  Elapsed: 0 s.
  [SlabIO.close] draining 1 pending writes for v_q_bispinor.h5 …
WARNING:2026-05-12 21:42:52,835:jax._src.compilation_cache:265: Writing jit__per_rank to persistent compilation cache with key 'jit__per_rank-80a6d98388a0784eb404977999378e2356fcc0103c97cbbe91413f8d9ab4060f'
WARNING:jax._src.compilation_cache:Writing jit__per_rank to persistent compilation cache with key 'jit__per_rank-80a6d98388a0784eb404977999378e2356fcc0103c97cbbe91413f8d9ab4060f'
  [SlabIO.close] Python dispatch drained in 0.3 s; joining writer thread
  [SlabIO.close] writer thread joined in 0.0 s; calling H5Fclose collectively
  [SlabIO.close] H5Fclose returned in 0.0 s
Started V_q tile at 21:42:58.
[ 21:42:58 | █░░░░░░░░░ |  11% ] q-point 1 / 9 · ETA 0 s
[ 21:42:58 | ██░░░░░░░░ |  22% ] q-point 2 / 9 · ETA 0 s
[ 21:42:58 | ███░░░░░░░ |  33% ] q-point 3 / 9 · ETA 0 s
[ 21:42:58 | ████░░░░░░ |  44% ] q-point 4 / 9 · ETA 0 s
[ 21:42:58 | ██████░░░░ |  56% ] q-point 5 / 9 · ETA 0 s
[ 21:42:58 | ███████░░░ |  67% ] q-point 6 / 9 · ETA 0 s
[ 21:42:58 | ████████░░ |  78% ] q-point 7 / 9 · ETA 0 s
[ 21:42:58 | █████████░ |  89% ] q-point 8 / 9 · ETA 0 s
[ 21:42:58 | ██████████ | 100% ] q-point 9 / 9 · ETA 0 s
Finished V_q tile at 21:42:58.  Elapsed: 0 s.
  [SlabIO.close] draining 1 pending writes for v_q_bispinor.h5 …
WARNING:2026-05-12 21:42:58,830:jax._src.compilation_cache:265: Writing jit__per_rank to persistent compilation cache with key 'jit__per_rank-cf37244cc9878c3cc15f6e810dc6c76790965f165f29607c36330dce52923f1f'
WARNING:jax._src.compilation_cache:Writing jit__per_rank to persistent compilation cache with key 'jit__per_rank-cf37244cc9878c3cc15f6e810dc6c76790965f165f29607c36330dce52923f1f'
  [SlabIO.close] Python dispatch drained in 0.2 s; joining writer thread
  [SlabIO.close] writer thread joined in 0.0 s; calling H5Fclose collectively
  [SlabIO.close] H5Fclose returned in 0.0 s
Started V_q tile at 21:43:04.
[ 21:43:04 | █░░░░░░░░░ |  11% ] q-point 1 / 9 · ETA 0 s
[ 21:43:04 | ██░░░░░░░░ |  22% ] q-point 2 / 9 · ETA 0 s
[ 21:43:04 | ███░░░░░░░ |  33% ] q-point 3 / 9 · ETA 0 s
[ 21:43:04 | ████░░░░░░ |  44% ] q-point 4 / 9 · ETA 0 s
[ 21:43:04 | ██████░░░░ |  56% ] q-point 5 / 9 · ETA 0 s
[ 21:43:04 | ███████░░░ |  67% ] q-point 6 / 9 · ETA 0 s
[ 21:43:04 | ████████░░ |  78% ] q-point 7 / 9 · ETA 0 s
[ 21:43:04 | █████████░ |  89% ] q-point 8 / 9 · ETA 0 s
[ 21:43:04 | ██████████ | 100% ] q-point 9 / 9 · ETA 0 s
Finished V_q tile at 21:43:04.  Elapsed: 0 s.
  [SlabIO.close] draining 1 pending writes for v_q_bispinor.h5 …
WARNING:2026-05-12 21:43:04,728:jax._src.compilation_cache:265: Writing jit__per_rank to persistent compilation cache with key 'jit__per_rank-27f1d2b3a44908216a59abc37df7ed3ef8365d6249ad7b94eb229a2c5a61d1d7'
WARNING:jax._src.compilation_cache:Writing jit__per_rank to persistent compilation cache with key 'jit__per_rank-27f1d2b3a44908216a59abc37df7ed3ef8365d6249ad7b94eb229a2c5a61d1d7'
  [SlabIO.close] Python dispatch drained in 0.2 s; joining writer thread
  [SlabIO.close] writer thread joined in 0.0 s; calling H5Fclose collectively
  [SlabIO.close] H5Fclose returned in 0.0 s
  [SlabIO.close] draining 0 pending writes for zeta_q_mu3.h5 …
  [SlabIO.close] Python dispatch drained in 0.0 s; joining writer thread
  [SlabIO.close] writer thread joined in 0.0 s; calling H5Fclose collectively
  [SlabIO.close] H5Fclose returned in 0.2 s
  [SlabIO.close] draining 0 pending writes for zeta_q_mu2.h5 …
  [SlabIO.close] Python dispatch drained in 0.0 s; joining writer thread
  [SlabIO.close] writer thread joined in 0.0 s; calling H5Fclose collectively
  [SlabIO.close] H5Fclose returned in 0.2 s
  [SlabIO.close] draining 0 pending writes for zeta_q_mu1.h5 …
  [SlabIO.close] Python dispatch drained in 0.0 s; joining writer thread
  [SlabIO.close] writer thread joined in 0.0 s; calling H5Fclose collectively
  [SlabIO.close] H5Fclose returned in 0.2 s
  [SlabIO.close] draining 0 pending writes for zeta_q.h5 …
  [SlabIO.close] Python dispatch drained in 0.0 s; joining writer thread
  [SlabIO.close] writer thread joined in 0.0 s; calling H5Fclose collectively
  [SlabIO.close] H5Fclose returned in 0.2 s
WARNING:2026-05-12 21:43:05,831:jax._src.compilation_cache:265: Writing jit__per_rank to persistent compilation cache with key 'jit__per_rank-c7e08c0a53669ac9235fd427466791b272fb6f49f703d095c4a69776be54e4eb'
WARNING:jax._src.compilation_cache:Writing jit__per_rank to persistent compilation cache with key 'jit__per_rank-c7e08c0a53669ac9235fd427466791b272fb6f49f703d095c4a69776be54e4eb'
WARNING:2026-05-12 21:43:05,954:jax._src.compilation_cache:265: Writing jit__per_rank to persistent compilation cache with key 'jit__per_rank-1acb5136fa723f40bc454c85cb4a62a90cd7103c30021fd2f74256410b2c20af'
WARNING:jax._src.compilation_cache:Writing jit__per_rank to persistent compilation cache with key 'jit__per_rank-1acb5136fa723f40bc454c85cb4a62a90cd7103c30021fd2f74256410b2c20af'
  [SlabIO.close] draining 0 pending writes for v_q_bispinor.h5 …
  [SlabIO.close] Python dispatch drained in 0.0 s; joining writer thread
  [SlabIO.close] writer thread joined in 0.0 s; calling H5Fclose collectively
  [SlabIO.close] H5Fclose returned in 0.0 s

  V_q computed:
    Shape: (9, 640, 640)
    V_q=0 trace: 841298830.3700
WARNING:2026-05-12 21:43:06,446:jax._src.compilation_cache:265: Writing jit__per_rank to persistent compilation cache with key 'jit__per_rank-ea2a13483cb2a34b1a72a62f3ac8785b65394051f5ab27c71978edf53b88884a'
WARNING:jax._src.compilation_cache:Writing jit__per_rank to persistent compilation cache with key 'jit__per_rank-ea2a13483cb2a34b1a72a62f3ac8785b65394051f5ab27c71978edf53b88884a'
WARNING:2026-05-12 21:43:06,733:jax._src.compilation_cache:265: Writing jit__per_rank to persistent compilation cache with key 'jit__per_rank-3a82233c3d7339f914e694d6602a1cf54b5883e6cb923909d0d676d19b1e7177'
WARNING:jax._src.compilation_cache:Writing jit__per_rank to persistent compilation cache with key 'jit__per_rank-3a82233c3d7339f914e694d6602a1cf54b5883e6cb923909d0d676d19b1e7177'
WARNING:2026-05-12 21:43:06,825:jax._src.compilation_cache:265: Writing jit__per_rank to persistent compilation cache with key 'jit__per_rank-83e4c7a6b2f04e67c8ef9f8eceff2e192762728ee3e0d83b663c1c58ffe14302'
WARNING:jax._src.compilation_cache:Writing jit__per_rank to persistent compilation cache with key 'jit__per_rank-83e4c7a6b2f04e67c8ef9f8eceff2e192762728ee3e0d83b663c1c58ffe14302'
  [SlabIO.close] draining 0 pending writes for isdf_tensors_640.h5 …
  [SlabIO.close] Python dispatch drained in 0.0 s; joining writer thread
  [SlabIO.close] writer thread joined in 0.0 s; calling H5Fclose collectively
  [SlabIO.close] H5Fclose returned in 0.0 s
  Wavefunctions built (b0:b4=80 bands, 4 sharded copies: xn/xr/yr/yn)
  Wavefunctions built (b0:b4=80 bands, 4 sharded copies: xn/xr/yr/yn)
  [bispinor] σ^B-side Wfns built on n_rmu_T=656 transverse centroids
  [SlabIO.close] draining 1 pending writes for isdf_tensors_640.h5 …
WARNING:2026-05-12 21:43:07,644:jax._src.compilation_cache:265: Writing jit__per_rank to persistent compilation cache with key 'jit__per_rank-f3d14e3c47926c8e611a0a852cb0d0e484cad81868f63956dbe44cd7f275d146'
WARNING:jax._src.compilation_cache:Writing jit__per_rank to persistent compilation cache with key 'jit__per_rank-f3d14e3c47926c8e611a0a852cb0d0e484cad81868f63956dbe44cd7f275d146'
  [SlabIO.close] Python dispatch drained in 0.2 s; joining writer thread
  [SlabIO.close] writer thread joined in 0.0 s; calling H5Fclose collectively
  [SlabIO.close] H5Fclose returned in 0.0 s
  Chunked ISDF path complete
  Minimax static window: x=[1.249527e-01, 6.336166e+00] Ry, R=50.71, nodes=10, fit_err~2.561e-06
  [SlabIO.close] draining 1 pending writes for isdf_tensors_640.h5 …
WARNING:2026-05-12 21:43:10,179:jax._src.compilation_cache:265: Writing jit__per_rank to persistent compilation cache with key 'jit__per_rank-947eb6cf736c729cdc59d2d11a9c32f1adaa3b2ac1022455918824fd1a020196'
WARNING:jax._src.compilation_cache:Writing jit__per_rank to persistent compilation cache with key 'jit__per_rank-947eb6cf736c729cdc59d2d11a9c32f1adaa3b2ac1022455918824fd1a020196'
  [SlabIO.close] Python dispatch drained in 0.1 s; joining writer thread
  [SlabIO.close] writer thread joined in 0.0 s; calling H5Fclose collectively
  [SlabIO.close] H5Fclose returned in 0.2 s
  Persisted W0_qmunu + q=0 head scalars: vhead=1655.335 a.u.,  whead[ω=0]=343.785 a.u.

------------------------------------------------------------------------
  FINITE-SIZE CORRECTIONS
------------------------------------------------------------------------
  Head source: s_tensor
  v(q→0)  =     1655.335 a.u.  (bare Coulomb head)
  W(q→0)  =      343.785 a.u.  (screened Coulomb head)
  ΔW      =    -1311.550 a.u.  (screening correction)

------------------------------------------------------------------------
  STATIC HEAD TERMS (exact COHSEX / BGW-style)
------------------------------------------------------------------------
  Head source: s_tensor
  v_h(q→0)           =  1655.334970 a.u.
  W_h(q→0, ω=0)      =   343.784973 a.u.
  W_h^c              = -1311.549997 a.u.
  Σ^X head (occ)     = -2.619279e-01 Ry
  Σ^SX head (occ)    = -5.439799e-02 Ry
  Σ^(SX-X) head(occ) = 2.075300e-01 Ry
  Σ^COH head (all)   = -1.037650e-01 Ry
WARNING:2026-05-12 21:43:17,517:jax._src.compilation_cache:265: Writing jit__per_rank to persistent compilation cache with key 'jit__per_rank-f5d4c36f6692de74dc5f0805e85c67293b2bcb5762eb90dbc07f4c4571562c02'
WARNING:jax._src.compilation_cache:Writing jit__per_rank to persistent compilation cache with key 'jit__per_rank-f5d4c36f6692de74dc5f0805e85c67293b2bcb5762eb90dbc07f4c4571562c02'
  Σ^B tile (μ_L=1, ν_L=1): tr Σ = -0.239508 eV
WARNING:2026-05-12 21:43:18,071:jax._src.compilation_cache:265: Writing jit__per_rank to persistent compilation cache with key 'jit__per_rank-1443212e6c53aed04e61d363d9d5da9145704ff9ff4e1cbd93c44c486c40a0c2'
WARNING:jax._src.compilation_cache:Writing jit__per_rank to persistent compilation cache with key 'jit__per_rank-1443212e6c53aed04e61d363d9d5da9145704ff9ff4e1cbd93c44c486c40a0c2'
  Σ^B tile (μ_L=1, ν_L=2): tr Σ = -0.012683 eV
WARNING:2026-05-12 21:43:18,174:jax._src.compilation_cache:265: Writing jit__per_rank to persistent compilation cache with key 'jit__per_rank-cc030c686e89be335d7e7b69900c0f2e9e23c17dccdd88ea49a03f754e72d795'
WARNING:jax._src.compilation_cache:Writing jit__per_rank to persistent compilation cache with key 'jit__per_rank-cc030c686e89be335d7e7b69900c0f2e9e23c17dccdd88ea49a03f754e72d795'
  Σ^B tile (μ_L=1, ν_L=3): tr Σ = -0.013978 eV
  Σ^B tile (μ_L=2, ν_L=1): tr Σ = -0.012683 eV
WARNING:2026-05-12 21:43:18,767:jax._src.compilation_cache:265: Writing jit__per_rank to persistent compilation cache with key 'jit__per_rank-18bf8ed955761aaa0722b74f302c41426eabc88632ec2665dad9057a7b83dcca'
WARNING:jax._src.compilation_cache:Writing jit__per_rank to persistent compilation cache with key 'jit__per_rank-18bf8ed955761aaa0722b74f302c41426eabc88632ec2665dad9057a7b83dcca'
  Σ^B tile (μ_L=2, ν_L=2): tr Σ = -0.230193 eV
WARNING:2026-05-12 21:43:18,854:jax._src.compilation_cache:265: Writing jit__per_rank to persistent compilation cache with key 'jit__per_rank-8974ddf985885bf86b288dd1c2f638e66a4ca1e436dc51197c318ccc7f62794d'
WARNING:jax._src.compilation_cache:Writing jit__per_rank to persistent compilation cache with key 'jit__per_rank-8974ddf985885bf86b288dd1c2f638e66a4ca1e436dc51197c318ccc7f62794d'
  Σ^B tile (μ_L=2, ν_L=3): tr Σ = -0.013474 eV
  Σ^B tile (μ_L=3, ν_L=1): tr Σ = -0.013978 eV
  Σ^B tile (μ_L=3, ν_L=2): tr Σ = -0.013474 eV
WARNING:2026-05-12 21:43:19,013:jax._src.compilation_cache:265: Writing jit__per_rank to persistent compilation cache with key 'jit__per_rank-17dc35b4333e451bf20aedc57cc346c43b423956c940bf8f533a7bdb4fcbb4cc'
WARNING:jax._src.compilation_cache:Writing jit__per_rank to persistent compilation cache with key 'jit__per_rank-17dc35b4333e451bf20aedc57cc346c43b423956c940bf8f533a7bdb4fcbb4cc'
  Σ^B tile (μ_L=3, ν_L=3): tr Σ = -0.238062 eV
  [SlabIO.close] draining 0 pending writes for v_q_bispinor.h5 …
  [SlabIO.close] Python dispatch drained in 0.0 s; joining writer thread
  [SlabIO.close] writer thread joined in 0.0 s; calling H5Fclose collectively
  [SlabIO.close] H5Fclose returned in 0.0 s
  Bare Σ_X diagonal (eV), k=0: -40.0325  -40.0325  -33.8744  -33.8744  -33.3598  -33.3598  -33.4984  -33.4984
WARNING:2026-05-12 21:43:19,102:jax._src.compilation_cache:265: Writing jit__per_rank to persistent compilation cache with key 'jit__per_rank-99903cd922047c876a110f001cdb8012de0282adfcf00ce445b3c1789cea96ae'
WARNING:jax._src.compilation_cache:Writing jit__per_rank to persistent compilation cache with key 'jit__per_rank-99903cd922047c876a110f001cdb8012de0282adfcf00ce445b3c1789cea96ae'
  [SlabIO.close] draining 0 pending writes for kin_ion.h5 …
  [SlabIO.close] Python dispatch drained in 0.0 s; joining writer thread
  [SlabIO.close] writer thread joined in 0.0 s; calling H5Fclose collectively
  [SlabIO.close] H5Fclose returned in 0.0 s
  QP WFN (one-shot): /pscratch/sd/j/jackm/lorrax_sandbox/runs/MoS2/00_mos2_3x3_cohsex/D_perf_after_2026-05-12/WFN_qp.h5
[pf] ■ run_module:gw.gw_jax  149.539s
[pf] ■ run_module:gw.gw_jax  149.539s
[pf] ■ run_module:gw.gw_jax  149.530s
2026-05-12 21:43:19.881980: E external/xla/xla/python/profiler/internal/python_hooks.cc:412] Can't import tensorflow.python.profiler.trace
2026-05-12 21:43:19.882016: E external/xla/xla/python/profiler/internal/python_hooks.cc:412] Can't import tensorflow.python.profiler.trace
2026-05-12 21:43:19.882087: E external/xla/xla/python/profiler/internal/python_hooks.cc:412] Can't import tensorflow.python.profiler.trace

  Sigma diag:   /pscratch/sd/j/jackm/lorrax_sandbox/runs/MoS2/00_mos2_3x3_cohsex/D_perf_after_2026-05-12/sigma_diag.dat
  BGW eqp0:     /pscratch/sd/j/jackm/lorrax_sandbox/runs/MoS2/00_mos2_3x3_cohsex/D_perf_after_2026-05-12/eqp0.dat
  BGW eqp1:     /pscratch/sd/j/jackm/lorrax_sandbox/runs/MoS2/00_mos2_3x3_cohsex/D_perf_after_2026-05-12/eqp1.dat
  Restart:      /pscratch/sd/j/jackm/lorrax_sandbox/runs/MoS2/00_mos2_3x3_cohsex/D_perf_after_2026-05-12/tmp/isdf_tensors_640.h5

--- Timing ---
Total recorded: 133.415 s
Section                                            Count    Total[s]     Self[s]      %
gw_jax.load_centroid_wfns                              1       2.535       0.149    1.9
  load_centroids.loader_load                           5       1.278       1.278    1.0
  load_centroids.to_rmu                                5       0.243       0.243    0.2
  load_centroids.reshard                               5       0.865       0.865    0.6
gw_jax.zeta_fit_chunked                                1      23.492       0.171   17.6
  zeta_fit.slice_halves                                1       0.049       0.049    0.0
  zeta_fit.CCT                                         1       0.124       0.124    0.1
  zeta_fit.cholesky                                    1       3.646       3.646    2.7
  zeta_fit.gc_pre_chunk_loop                           1       0.086       0.086    0.1
  zeta_fit.write_headers                               1       0.086       0.086    0.1
  zeta_fit.open_file                                   1       0.007       0.007    0.0
  psi_G_store.populate.loader_load                     5       0.832       0.832    0.6
  psi_G_store.populate.shard_to_host                   5       0.010       0.010    0.0
  zeta_fit.chunk_loop                                  1      12.770       0.002    9.6
    zeta_fit.chunk.fit_one_rchunk                      8       4.553       4.553    3.4
    zeta_fit.chunk.h5_write                            8       8.215       8.215    6.2
  zeta_fit.close_io                                    1       5.711       5.711    4.3
  zeta_fit.sync_global                                 1       0.001       0.001    0.0
gw_jax.load_centroid_wfns_current                      1       1.256       0.123    0.9
  load_centroids.loader_load                           5       0.626       0.626    0.5
  load_centroids.to_rmu                                5       0.084       0.084    0.1
  load_centroids.reshard                               5       0.423       0.423    0.3
gw_jax.zeta_fit_chunked_mu1                            1      21.142       0.201   15.8
  zeta_fit.slice_halves                                1       0.049       0.049    0.0
  zeta_fit.CCT                                         1       0.132       0.132    0.1
  zeta_fit.cholesky                                    1       0.000       0.000    0.0
  zeta_fit.trace_L_q                                   1       0.929       0.929    0.7
  zeta_fit.gc_pre_chunk_loop                           1       0.060       0.060    0.0
  zeta_fit.write_headers                               1       0.086       0.086    0.1
  zeta_fit.open_file                                   1       0.006       0.006    0.0
  psi_G_store.populate.loader_load                     5       0.850       0.850    0.6
  psi_G_store.populate.shard_to_host                   5       0.008       0.008    0.0
  zeta_fit.chunk_loop                                  1      13.155       0.004    9.9
    zeta_fit.chunk.fit_one_rchunk                      8       5.683       5.683    4.3
    zeta_fit.chunk.h5_write                            8       7.468       7.468    5.6
  zeta_fit.close_io                                    1       5.664       5.664    4.2
  zeta_fit.sync_global                                 1       0.002       0.002    0.0
gw_jax.zeta_fit_chunked_mu2                            1      20.396       0.175   15.3
  zeta_fit.slice_halves                                1       0.048       0.048    0.0
  zeta_fit.CCT                                         1       0.128       0.128    0.1
  zeta_fit.cholesky                                    1       0.000       0.000    0.0
  zeta_fit.trace_L_q                                   1       0.955       0.955    0.7
  zeta_fit.gc_pre_chunk_loop                           1       0.059       0.059    0.0
  zeta_fit.write_headers                               1       0.101       0.101    0.1
  zeta_fit.open_file                                   1       0.005       0.005    0.0
  psi_G_store.populate.loader_load                     5       0.864       0.864    0.6
  psi_G_store.populate.shard_to_host                   5       0.009       0.009    0.0
  zeta_fit.chunk_loop                                  1      11.839       0.005    8.9
    zeta_fit.chunk.fit_one_rchunk                      8       6.740       6.740    5.1
    zeta_fit.chunk.h5_write                            8       5.094       5.094    3.8
  zeta_fit.close_io                                    1       6.210       6.210    4.7
  zeta_fit.sync_global                                 1       0.001       0.001    0.0
gw_jax.zeta_fit_chunked_mu3                            1      19.279       0.202   14.5
  zeta_fit.slice_halves                                1       0.044       0.044    0.0
  zeta_fit.CCT                                         1       0.189       0.189    0.1
  zeta_fit.cholesky                                    1       0.000       0.000    0.0
  zeta_fit.trace_L_q                                   1       0.877       0.877    0.7
  zeta_fit.gc_pre_chunk_loop                           1       0.058       0.058    0.0
  zeta_fit.write_headers                               1       0.081       0.081    0.1
  zeta_fit.open_file                                   1       0.005       0.005    0.0
  psi_G_store.populate.loader_load                     5       0.892       0.892    0.7
  psi_G_store.populate.shard_to_host                   5       0.007       0.007    0.0
  zeta_fit.chunk_loop                                  1      12.169       0.001    9.1
    zeta_fit.chunk.fit_one_rchunk                      8       5.298       5.298    4.0
    zeta_fit.chunk.h5_write                            8       6.870       6.870    5.1
  zeta_fit.close_io                                    1       4.754       4.754    3.6
  zeta_fit.sync_global                                 1       0.002       0.002    0.0
gw_jax.V_q_compute                                     1      39.381       4.097   29.5
  V_q_bispinor[0,0]                                    1       5.126       5.126    3.8
  V_q_bispinor[1,1]                                    1       4.889       4.889    3.7
  V_q_bispinor[2,2]                                    1       3.829       3.829    2.9
  V_q_bispinor[3,3]                                    1       3.459       3.459    2.6
  V_q_bispinor[1,2]                                    1       6.656       6.656    5.0
  V_q_bispinor[1,3]                                    1       5.686       5.686    4.3
  V_q_bispinor[2,3]                                    1       5.639       5.639    4.2
gw_jax.wavefunction_setup                              1       0.075       0.075    0.1
gw_jax.chi0_W                                          1       1.825       0.040    1.4
  chi.compile                                          1       0.154       0.154    0.1
  chi.exec                                             1       0.070       0.070    0.1
  W.compile                                            1       0.108       0.108    0.1
  W.exec                                               1       1.452       1.452    1.1
gw_jax.sigma                                           1       4.035       4.035    3.0
[pf] ■ run_module:gw.gw_jax  149.558s
2026-05-12 21:43:19.901126: E external/xla/xla/python/profiler/internal/python_hooks.cc:412] Can't import tensorflow.python.profiler.trace
[pf] mem snapshot 'end' → /pscratch/sd/j/jackm/lorrax_sandbox/runs/MoS2/00_mos2_3x3_cohsex/D_perf_after_2026-05-12/profile/memprof/end.prof
[run_profiled] gw.gw_jax finished in 162.04s. Artifacts: /pscratch/sd/j/jackm/lorrax_sandbox/runs/MoS2/00_mos2_3x3_cohsex/D_perf_after_2026-05-12/profile
[run_profiled] Next: run
  python3 scripts/profiling/analyze_hlo_dump.py /pscratch/sd/j/jackm/lorrax_sandbox/runs/MoS2/00_mos2_3x3_cohsex/D_perf_after_2026-05-12/profile
  python3 scripts/profiling/analyze_compile_log.py /pscratch/sd/j/jackm/lorrax_sandbox/runs/MoS2/00_mos2_3x3_cohsex/D_perf_after_2026-05-12/profile
[pf] mem snapshot 'end' → /pscratch/sd/j/jackm/lorrax_sandbox/runs/MoS2/00_mos2_3x3_cohsex/D_perf_after_2026-05-12/profile/memprof/end.prof
[run_profiled] gw.gw_jax finished in 164.51s. Artifacts: /pscratch/sd/j/jackm/lorrax_sandbox/runs/MoS2/00_mos2_3x3_cohsex/D_perf_after_2026-05-12/profile
[run_profiled] Next: run
  python3 scripts/profiling/analyze_hlo_dump.py /pscratch/sd/j/jackm/lorrax_sandbox/runs/MoS2/00_mos2_3x3_cohsex/D_perf_after_2026-05-12/profile
  python3 scripts/profiling/analyze_compile_log.py /pscratch/sd/j/jackm/lorrax_sandbox/runs/MoS2/00_mos2_3x3_cohsex/D_perf_after_2026-05-12/profile
[pf] mem snapshot 'end' → /pscratch/sd/j/jackm/lorrax_sandbox/runs/MoS2/00_mos2_3x3_cohsex/D_perf_after_2026-05-12/profile/memprof/end.prof
[run_profiled] gw.gw_jax finished in 166.13s. Artifacts: /pscratch/sd/j/jackm/lorrax_sandbox/runs/MoS2/00_mos2_3x3_cohsex/D_perf_after_2026-05-12/profile
[run_profiled] Next: run
  python3 scripts/profiling/analyze_hlo_dump.py /pscratch/sd/j/jackm/lorrax_sandbox/runs/MoS2/00_mos2_3x3_cohsex/D_perf_after_2026-05-12/profile
  python3 scripts/profiling/analyze_compile_log.py /pscratch/sd/j/jackm/lorrax_sandbox/runs/MoS2/00_mos2_3x3_cohsex/D_perf_after_2026-05-12/profile
[pf] mem snapshot 'end' → /pscratch/sd/j/jackm/lorrax_sandbox/runs/MoS2/00_mos2_3x3_cohsex/D_perf_after_2026-05-12/profile/memprof/end.prof
[run_profiled] gw.gw_jax finished in 168.60s. Artifacts: /pscratch/sd/j/jackm/lorrax_sandbox/runs/MoS2/00_mos2_3x3_cohsex/D_perf_after_2026-05-12/profile
[run_profiled] Next: run
  python3 scripts/profiling/analyze_hlo_dump.py /pscratch/sd/j/jackm/lorrax_sandbox/runs/MoS2/00_mos2_3x3_cohsex/D_perf_after_2026-05-12/profile
  python3 scripts/profiling/analyze_compile_log.py /pscratch/sd/j/jackm/lorrax_sandbox/runs/MoS2/00_mos2_3x3_cohsex/D_perf_after_2026-05-12/profile
