JAX: 1 gpu devices
== Chunked kin_ion_io ==
Loading WFN: WFN.h5
Bands: 268, FFT grid: (36, 36, 36), k-points: 8
sys_dim: 3
Devices: 1
Pseudopotentials: ['Si']
Coulomb truncation: 3D bulk
Building V_loc...
Building unified V_NL setup...

Processing 8 k-points...
  k=1/8...

Writing to /pscratch/sd/j/jackm/lorrax_sandbox/runs/Si_pseudobands/00_si_2x2x2_60Ry/cohsex_sweep2/v1_k6_40w_s2/kin_ion.h5...
Wrote kin_ion.h5: shape (8, 268, 268), sys_dim=3
--- Timing (seconds) ---
Total recorded: 7.236 s
Section                                            Count    Total[s]     Self[s]      %
load_wfn                                               1       0.050       0.050    0.7
build_V_loc                                            1       0.851       0.851   11.8
k0                                                     1       2.378       2.378   32.9
k1                                                     1       1.649       1.649   22.8
k2                                                     1       0.146       0.146    2.0
k3                                                     1       1.617       1.617   22.4
k4                                                     1       0.130       0.130    1.8
k5                                                     1       0.144       0.144    2.0
k6                                                     1       0.129       0.129    1.8
k7                                                     1       0.127       0.127    1.8
write_h5                                               1       0.013       0.013    0.2
