[lxrun] JID 52966174 · 1 nodes · 13:41 left · 1/1 free · incoming: lx-B
  1  nid001081  free   —              —      —  ← starting lx-B  python3 -u -m gw.gw_jax 

========================================================================
  COHSEX-JAX: Self-Energy Calculation
========================================================================
  Backend: GPU       Devices: 4  Mesh: 2×2  Processes: 4
  Device type: NVIDIA A100-SXM4-40GB
  XLA preallocate: false  mem_fraction: unset
========================================================================

  ISDF basis: 384 centroids
  FFT grid: 24×24×24   Cell volume: 270.11 a.u.³

    Memory estimate: peak 27.16 GB (budget 28.00 GB), bottleneck=zct
    Per-stage: fft=13.31  zct=27.16  reshard=4.18  solve=2.88  gather=1.67 GB

  Zeta fitting: 2 r-chunks x 13748 r-points, 56 bands (56 left + 56 right)
  Output: /pscratch/sd/j/jackm/lorrax_sandbox/runs/Si/08_4x4x4_sym_vs_nosym_2026-05-14/run_sym/tmp/zeta_q.h5
  Left wfns:  (64, 56, 2, 384)
  Right wfns: (64, 56, 2, 384)
    AOT fit_one_rchunk peak (driver-level): 5.80 GB

  Chunked ISDF fitting:
    Band chunks: 56
    R chunks:    13748 (contiguous r-space)
    Q chunks:    64
    Zeta output: /pscratch/sd/j/jackm/lorrax_sandbox/runs/Si/08_4x4x4_sym_vs_nosym_2026-05-14/run_sym/tmp/zeta_q.h5

  Zeta fitting: 2 r-chunks x 13748 r-points, 56 bands (56 left + 56 right)
  Output: /pscratch/sd/j/jackm/lorrax_sandbox/runs/Si/08_4x4x4_sym_vs_nosym_2026-05-14/run_sym/tmp/zeta_q.h5
  Left wfns:  (64, 56, 2, 384)
  Right wfns: (64, 56, 2, 384)

  Zeta fitting: 2 r-chunks x 13748 r-points, 56 bands (56 left + 56 right)
  Output: /pscratch/sd/j/jackm/lorrax_sandbox/runs/Si/08_4x4x4_sym_vs_nosym_2026-05-14/run_sym/tmp/zeta_q.h5
  Left wfns:  (64, 56, 2, 384)
  Right wfns: (64, 56, 2, 384)
  Pseudobands normalization: 0 weighted, 0 zero-weight (skipped)
  Computing pair densities P_l, P_r (open-spin, charge γ̃^0=I)

  Zeta fitting: 2 r-chunks x 13748 r-points, 56 bands (56 left + 56 right)
  Output: /pscratch/sd/j/jackm/lorrax_sandbox/runs/Si/08_4x4x4_sym_vs_nosym_2026-05-14/run_sym/tmp/zeta_q.h5
  Left wfns:  (64, 56, 2, 384)
  Right wfns: (64, 56, 2, 384)
/opt/jax/jax/_src/interpreters/mlir.py:1178: UserWarning: Some donated buffers were not usable: ShapedArray(complex128[64,2,2,192,192]), ShapedArray(complex128[64,2,2,192,192]).
See an explanation at https://jax.readthedocs.io/en/latest/faq.html#buffer-donation.
  warnings.warn("Some donated buffers were not usable:"
  Pseudobands normalization: 0 weighted, 0 zero-weight (skipped)
  Computing pair densities P_l, P_r (open-spin, charge γ̃^0=I)
  Pseudobands normalization: 0 weighted, 0 zero-weight (skipped)
  Computing pair densities P_l, P_r (open-spin, charge γ̃^0=I)
  Computing L_q = chol(C_q)  [PSD, charge channel, path=sharded_cholesky]
  Pseudobands normalization: 0 weighted, 0 zero-weight (skipped)
  Computing pair densities P_l, P_r (open-spin, charge γ̃^0=I)
/opt/jax/jax/_src/interpreters/mlir.py:1178: UserWarning: Some donated buffers were not usable: ShapedArray(complex128[64,2,2,192,192]), ShapedArray(complex128[64,2,2,192,192]).
See an explanation at https://jax.readthedocs.io/en/latest/faq.html#buffer-donation.
  warnings.warn("Some donated buffers were not usable:"
/opt/jax/jax/_src/interpreters/mlir.py:1178: UserWarning: Some donated buffers were not usable: ShapedArray(complex128[64,2,2,192,192]), ShapedArray(complex128[64,2,2,192,192]).
See an explanation at https://jax.readthedocs.io/en/latest/faq.html#buffer-donation.
  warnings.warn("Some donated buffers were not usable:"
/opt/jax/jax/_src/interpreters/mlir.py:1178: UserWarning: Some donated buffers were not usable: ShapedArray(complex128[64,2,2,192,192]), ShapedArray(complex128[64,2,2,192,192]).
See an explanation at https://jax.readthedocs.io/en/latest/faq.html#buffer-donation.
  warnings.warn("Some donated buffers were not usable:"
  Computing L_q = chol(C_q)  [PSD, charge channel, path=sharded_cholesky]
  Computing L_q = chol(C_q)  [PSD, charge channel, path=sharded_cholesky]
  Computing L_q = chol(C_q)  [PSD, charge channel, path=sharded_cholesky]
  L_q: (64, 384, 384)
  L_q: (64, 384, 384)
  L_q: (64, 384, 384)
  L_q: (64, 384, 384)
/global/homes/j/jackm/software/lorrax_B/src/file_io/_slab_io_ffi.py:385: UserWarning: FFI backend: chunks/attrs on create_dataset currently no-op; pre-create with h5py if you need explicit chunking or attrs.
  warnings.warn(
/global/homes/j/jackm/software/lorrax_B/src/file_io/_slab_io_ffi.py:385: UserWarning: FFI backend: chunks/attrs on create_dataset currently no-op; pre-create with h5py if you need explicit chunking or attrs.
  warnings.warn(
/global/homes/j/jackm/software/lorrax_B/src/file_io/_slab_io_ffi.py:385: UserWarning: FFI backend: chunks/attrs on create_dataset currently no-op; pre-create with h5py if you need explicit chunking or attrs.
  warnings.warn(
/global/homes/j/jackm/software/lorrax_B/src/file_io/_slab_io_ffi.py:385: UserWarning: FFI backend: chunks/attrs on create_dataset currently no-op; pre-create with h5py if you need explicit chunking or attrs.
  warnings.warn(
  ψ(G) host cache: 0.40 GB/process resident
Started zeta fitting at 16:32:26.
[ 16:32:26 | █████░░░░░ |  50% ] r-chunk 1 / 2 · ETA 0 s
[ 16:32:27 | ██████████ | 100% ] r-chunk 2 / 2 · ETA 0 s
Finished zeta fitting at 16:32:27.  Elapsed: 1 s.
  [SlabIO.close] draining 2 pending writes for zeta_q.h5 …
  [SlabIO.close] Python dispatch drained in 3.2 s; joining writer thread
  [SlabIO.close] writer thread joined in 0.0 s; calling H5Fclose collectively
  [SlabIO.close] H5Fclose returned in 0.3 s
  Zeta output: /pscratch/sd/j/jackm/lorrax_sandbox/runs/Si/08_4x4x4_sym_vs_nosym_2026-05-14/run_sym/tmp/zeta_q.h5  shape: (4,4,4,384,13824)
  Timing (2 r-chunks, 3.0s total):
    fit      2.56s  84.9%
    H5       0.14s   4.7%
  Zeta output: /pscratch/sd/j/jackm/lorrax_sandbox/runs/Si/08_4x4x4_sym_vs_nosym_2026-05-14/run_sym/tmp/zeta_q.h5  shape: (4,4,4,384,13824)
  Timing (2 r-chunks, 3.1s total):
    fit      2.54s  82.4%
    H5       0.16s   5.1%
  Zeta output: /pscratch/sd/j/jackm/lorrax_sandbox/runs/Si/08_4x4x4_sym_vs_nosym_2026-05-14/run_sym/tmp/zeta_q.h5  shape: (4,4,4,384,13824)
  Timing (2 r-chunks, 3.1s total):
    fit      2.57s  83.3%
  Zeta output: /pscratch/sd/j/jackm/lorrax_sandbox/runs/Si/08_4x4x4_sym_vs_nosym_2026-05-14/run_sym/tmp/zeta_q.h5  shape: (4,4,4,384,13824)
  Timing (2 r-chunks, 3.1s total):
    fit      2.56s  83.1%
    H5       0.15s   4.9%
    H5       0.17s   5.4%
  [diag] ζ^{μ_L=0} q=0: max|ζ|=2.311e+00, L2=4.392e+02
    GPU high-water mark: 3.31 GB / 28.00 GB budget (12%)
    γ (runtime / AOT-pred) = 0.571  (AOT predicted 5.80 GB)
    V_q bare cutoff: 25.0 Ry
    V_q budget:    27.07 GB
Started V_q tile at 16:32:39.
[ 16:32:39 | ░░░░░░░░░░ |   2% ] q-point  1 / 64 · ETA 0 s
[ 16:32:39 | █░░░░░░░░░ |   6% ] q-point  4 / 64 · ETA 0 s
[ 16:32:39 | █░░░░░░░░░ |  12% ] q-point  8 / 64 · ETA 0 s
[ 16:32:39 | ██░░░░░░░░ |  17% ] q-point 11 / 64 · ETA 0 s
[ 16:32:39 | ██░░░░░░░░ |  22% ] q-point 14 / 64 · ETA 0 s
[ 16:32:39 | ███░░░░░░░ |  28% ] q-point 18 / 64 · ETA 0 s
[ 16:32:39 | ███░░░░░░░ |  33% ] q-point 21 / 64 · ETA 0 s
[ 16:32:39 | ████░░░░░░ |  38% ] q-point 24 / 64 · ETA 0 s
[ 16:32:39 | ████░░░░░░ |  44% ] q-point 28 / 64 · ETA 0 s
[ 16:32:39 | █████░░░░░ |  48% ] q-point 31 / 64 · ETA 0 s
[ 16:32:39 | █████░░░░░ |  53% ] q-point 34 / 64 · ETA 0 s
[ 16:32:39 | ██████░░░░ |  58% ] q-point 37 / 64 · ETA 0 s
[ 16:32:39 | ██████░░░░ |  64% ] q-point 41 / 64 · ETA 0 s
[ 16:32:39 | ███████░░░ |  69% ] q-point 44 / 64 · ETA 0 s
[ 16:32:39 | ███████░░░ |  73% ] q-point 47 / 64 · ETA 0 s
[ 16:32:39 | ████████░░ |  80% ] q-point 51 / 64 · ETA 0 s
[ 16:32:39 | ████████░░ |  84% ] q-point 54 / 64 · ETA 0 s
[ 16:32:39 | █████████░ |  89% ] q-point 57 / 64 · ETA 0 s
[ 16:32:39 | ██████████ |  95% ] q-point 61 / 64 · ETA 0 s
[ 16:32:39 | ██████████ | 100% ] q-point 64 / 64 · ETA 0 s
Finished V_q tile at 16:32:39.  Elapsed: 0 s.
  [SlabIO.close] draining 0 pending writes for zeta_q.h5 …
  [SlabIO.close] Python dispatch drained in 0.0 s; joining writer thread
  [SlabIO.close] writer thread joined in 0.0 s; calling H5Fclose collectively
  [SlabIO.close] H5Fclose returned in 0.3 s

  V_q computed:
    Shape: (64, 384, 384)
    V_q=0 trace: 97149117.6290
  [SlabIO.close] draining 0 pending writes for isdf_tensors_384.h5 …
  [SlabIO.close] Python dispatch drained in 0.0 s; joining writer thread
  [SlabIO.close] writer thread joined in 0.0 s; calling H5Fclose collectively
  [SlabIO.close] H5Fclose returned in 0.0 s
  Wavefunctions built (b0:b4=56 bands, 4 sharded copies: xn/xr/yr/yn)
  [SlabIO.close] draining 1 pending writes for isdf_tensors_384.h5 …
  [SlabIO.close] Python dispatch drained in 0.3 s; joining writer thread
  [SlabIO.close] writer thread joined in 0.0 s; calling H5Fclose collectively
  [SlabIO.close] H5Fclose returned in 0.0 s
  Chunked ISDF path complete

------------------------------------------------------------------------
  FINITE-SIZE CORRECTIONS
------------------------------------------------------------------------
  Head source: s_tensor
  v(q→0)  =     3291.885 a.u.  (bare Coulomb head)

------------------------------------------------------------------------
  STATIC HEAD TERMS (exact COHSEX / BGW-style)
------------------------------------------------------------------------
  Head source: s_tensor
  v_h(q→0)           =  3291.885355 a.u.
  W_h(q→0, ω=0)      =   103.437093 a.u.
  W_h^c              = -3188.448262 a.u.
  Σ^X head (occ)     = -1.904270e-01 Ry
  Σ^SX head (occ)    = -5.983568e-03 Ry
  Σ^(SX-X) head(occ) = 1.844435e-01 Ry
  Σ^COH head (all)   = -9.222174e-02 Ry
  Bare Σ_X diagonal (eV), k=0: -17.9702  -17.9702  -13.1850  -13.1850  -13.1669  -13.1669  -13.1669  -13.1669
  [SlabIO.close] draining 0 pending writes for kin_ion.h5 …
  [SlabIO.close] Python dispatch drained in 0.0 s; joining writer thread
  [SlabIO.close] writer thread joined in 0.0 s; calling H5Fclose collectively
  [SlabIO.close] H5Fclose returned in 0.0 s
  Sigma freq debug: sigma_freq_debug.dat

  Sigma diag:   /pscratch/sd/j/jackm/lorrax_sandbox/runs/Si/08_4x4x4_sym_vs_nosym_2026-05-14/run_sym/sigma_diag.dat
  BGW eqp0:     /pscratch/sd/j/jackm/lorrax_sandbox/runs/Si/08_4x4x4_sym_vs_nosym_2026-05-14/run_sym/eqp0.dat
  BGW eqp1:     /pscratch/sd/j/jackm/lorrax_sandbox/runs/Si/08_4x4x4_sym_vs_nosym_2026-05-14/run_sym/eqp1.dat
  Restart:      /pscratch/sd/j/jackm/lorrax_sandbox/runs/Si/08_4x4x4_sym_vs_nosym_2026-05-14/run_sym/tmp/isdf_tensors_384.h5

--- Timing ---
Total recorded: 22.733 s
Section                                            Count    Total[s]     Self[s]      %
gw_jax.load_centroid_wfns                              1       1.243       1.112    5.5
  load_wfns.precompute_owned                           1       0.000       0.000    0.0
  load_wfns.k_loop                                     1       0.024       0.024    0.1
  load_wfns.scatter                                    1       0.035       0.035    0.2
  load_wfns.make_global_array                          1       0.072       0.072    0.3
gw_jax.zeta_fit_chunked                                1      10.526       2.126   46.3
  zeta_fit.slice_halves                                1       0.032       0.032    0.1
  zeta_fit.CCT                                         1       0.207       0.207    0.9
  zeta_fit.cholesky                                    1       1.435       1.435    6.3
  zeta_fit.gc_pre_chunk_loop                           1       0.088       0.088    0.4
  zeta_fit.write_headers                               1       0.084       0.084    0.4
  zeta_fit.open_file                                   1       0.294       0.294    1.3
  zeta_fit.chunk_loop                                  1       2.706       0.000   11.9
    zeta_fit.chunk.fit_one_rchunk                      2       2.565       2.565   11.3
    zeta_fit.chunk.h5_write                            2       0.141       0.141    0.6
  zeta_fit.close_io                                    1       3.553       3.553   15.6
  zeta_fit.sync_global                                 1       0.002       0.002    0.0
gw_jax.V_q_compute                                     1       8.514       1.241   37.5
  compute_all_V_q_sharded                              1       7.273       7.273   32.0
gw_jax.wavefunction_setup                              1       0.028       0.028    0.1
gw_jax.sigma                                           1       2.421       2.421   10.7
