✓ JAX initialized: 4 device(s) (local: 1, proc 1/4)
✓ JAX initialized: 4 device(s) (local: 1, proc 3/4)
✓ JAX initialized: 4 device(s) (local: 1, proc 2/4)
✓ JAX initialized: 4 device(s) (local: 1, proc 0/4)
[assay] mesh = ('x'=2, 'y'=2)
[assay] Building M=2400 candidates via k-means (density=valence)…
[charge_density] source='auto' → reading /pscratch/sd/j/jackm/lorrax_sandbox/runs/Si_pseudobands/00_si_2x2x2_60Ry/qe/scf/silicon.save/charge-density.hdf5
[charge_density] source='auto' → reading /pscratch/sd/j/jackm/lorrax_sandbox/runs/Si_pseudobands/00_si_2x2x2_60Ry/qe/scf/silicon.save/charge-density.hdf5
[charge_density] source='auto' → reading /pscratch/sd/j/jackm/lorrax_sandbox/runs/Si_pseudobands/00_si_2x2x2_60Ry/qe/scf/silicon.save/charge-density.hdf5
[charge_density] source='auto' → reading /pscratch/sd/j/jackm/lorrax_sandbox/runs/Si_pseudobands/00_si_2x2x2_60Ry/qe/scf/silicon.save/charge-density.hdf5
Starting weighted k-means with 2400 clusters (mesh=x=2|y=2)...
Starting weighted k-means with 2400 clusters (mesh=x=2|y=2)...
Starting weighted k-means with 2400 clusters (mesh=x=2|y=2)...
Starting weighted k-means with 2400 clusters (mesh=x=2|y=2)...
Grid size: 36x36x36 = 46656 points
C-chunk size for distance scan: 32 (75 chunks)
[weighted_kmeans_jax] P/4 = 11664 < 100000, but force_shard=True — using mesh anyway.
Grid size: 36x36x36 = 46656 points
C-chunk size for distance scan: 32 (75 chunks)
[weighted_kmeans_jax] P/4 = 11664 < 100000, but force_shard=True — using mesh anyway.
K-means++ initialization (on-device fori_loop)...
K-means++ initialization (on-device fori_loop)...
Grid size: 36x36x36 = 46656 points
C-chunk size for distance scan: 32 (75 chunks)
[weighted_kmeans_jax] P/4 = 11664 < 100000, but force_shard=True — using mesh anyway.
K-means++ initialization (on-device fori_loop)...
Grid size: 36x36x36 = 46656 points
C-chunk size for distance scan: 32 (75 chunks)
[weighted_kmeans_jax] P/4 = 11664 < 100000, but force_shard=True — using mesh anyway.
K-means++ initialization (on-device fori_loop)...
K-means++ initialization complete.
Starting k-means iterations...
K-means++ initialization complete.
Starting k-means iterations...
K-means++ initialization complete.
Starting k-means iterations...
K-means++ initialization complete.
Starting k-means iterations...
  Step 0: max movement = 0.123445 (avec units)
  Step 0: max movement = 0.123445 (avec units)
  Step 0: max movement = 0.123445 (avec units)
  Step 0: max movement = 0.123445 (avec units)
  Step 20: max movement = 0.008120 (avec units)
  Step 20: max movement = 0.008120 (avec units)
  Step 20: max movement = 0.008120 (avec units)
  Step 20: max movement = 0.008120 (avec units)
Converged in 29 steps (max movement = 0.004424 (avec units))
Converged in 29 steps (max movement = 0.004424 (avec units))
Converged in 29 steps (max movement = 0.004424 (avec units))
Converged in 29 steps (max movement = 0.004424 (avec units))
[assay] got M=2400 candidates in 2.5s
[assay] band_norms: 0/4200 entries > 1.01 (pseudobands), max=1.0000

[assay] ========== n_cond = 60 ==========
[pivoted_cholesky] M=2400 candidates, n_keep=1300, n_val=8, n_cond=60, nk_tot=8 (full-BZ via load_wfns on mesh x=2, y=2)
[pivoted_cholesky] M=2400 candidates, n_keep=1300, n_val=8, n_cond=60, nk_tot=8 (full-BZ via load_wfns on mesh x=2, y=2)
[pivoted_cholesky] M=2400 candidates, n_keep=1300, n_val=8, n_cond=60, nk_tot=8 (full-BZ via load_wfns on mesh x=2, y=2)
[pivoted_cholesky] M=2400 candidates, n_keep=1300, n_val=8, n_cond=60, nk_tot=8 (full-BZ via load_wfns on mesh x=2, y=2)
[pivoted_cholesky] 2-D Gram build via load_wfns: nk_tot=8, left=(0, 8) (nb=8), right=(8, 68) (nb=60), M=2400, norms=on
[pivoted_cholesky] 2-D Gram build via load_wfns: nk_tot=8, left=(0, 8) (nb=8), right=(8, 68) (nb=60), M=2400, norms=on
[pivoted_cholesky] 2-D Gram build via load_wfns: nk_tot=8, left=(0, 8) (nb=8), right=(8, 68) (nb=60), M=2400, norms=on
[pivoted_cholesky] 2-D Gram build via load_wfns: nk_tot=8, left=(0, 8) (nb=8), right=(8, 68) (nb=60), M=2400, norms=on
[pivoted_cholesky] resharding G P('x','y') → P(('x','y'), None) for select
[pivoted_cholesky] resharding G P('x','y') → P(('x','y'), None) for select
[pivoted_cholesky] resharding G P('x','y') → P(('x','y'), None) for select
[pivoted_cholesky] resharding G P('x','y') → P(('x','y'), None) for select
[pivoted_cholesky] G built, shape=(2400, 2400), diag range [1.151e-08, 1.090e-06]
[pivoted_cholesky] G built, shape=(2400, 2400), diag range [1.151e-08, 1.090e-06]
[pivoted_cholesky] G built, shape=(2400, 2400), diag range [1.151e-08, 1.090e-06]
[pivoted_cholesky] G built, shape=(2400, 2400), diag range [1.151e-08, 1.090e-06]
[pivoted_cholesky] rank=1300/1300
[pivoted_cholesky] picked-pivot residuals: first=1.090e-06, mid=9.111e-15, last=3.619e-17
[pivoted_cholesky] tr(R_k)/tr(G): first=9.613e-01, mid=9.670e-09, last=3.482e-11
[pivoted_cholesky] leftover residuals: max=3.608e-17, mean(>0)=2.713e-17
  ⚠ last picked / biggest leftover = 1.00: k_keep cuts in a region where picked and leftover residuals are similar — try increasing k_keep or shrinking the candidate pool.
[pivoted_cholesky] rank=1300/1300
[pivoted_cholesky] picked-pivot residuals: first=1.090e-06, mid=9.111e-15, last=3.619e-17
[pivoted_cholesky] tr(R_k)/tr(G): first=9.613e-01, mid=9.670e-09, last=3.482e-11
[pivoted_cholesky] leftover residuals: max=3.608e-17, mean(>0)=2.713e-17
  ⚠ last picked / biggest leftover = 1.00: k_keep cuts in a region where picked and leftover residuals are similar — try increasing k_keep or shrinking the candidate pool.
[pivoted_cholesky] rank=1300/1300
[pivoted_cholesky] picked-pivot residuals: first=1.090e-06, mid=9.111e-15, last=3.619e-17
[pivoted_cholesky] tr(R_k)/tr(G): first=9.613e-01, mid=9.670e-09, last=3.482e-11
[pivoted_cholesky] leftover residuals: max=3.608e-17, mean(>0)=2.713e-17
  ⚠ last picked / biggest leftover = 1.00: k_keep cuts in a region where picked and leftover residuals are similar — try increasing k_keep or shrinking the candidate pool.
[pivoted_cholesky] rank=1300/1300
[pivoted_cholesky] picked-pivot residuals: first=1.090e-06, mid=9.111e-15, last=3.619e-17
[pivoted_cholesky] tr(R_k)/tr(G): first=9.613e-01, mid=9.670e-09, last=3.482e-11
[pivoted_cholesky] leftover residuals: max=3.608e-17, mean(>0)=2.713e-17
  ⚠ last picked / biggest leftover = 1.00: k_keep cuts in a region where picked and leftover residuals are similar — try increasing k_keep or shrinking the candidate pool.
[assay] n_cond=60: rank=1300, wall=3.2s
[pivoted_cholesky] M=2400 candidates, n_keep=1300, n_val=8, n_cond=140, nk_tot=8 (full-BZ via load_wfns on mesh x=2, y=2)
[pivoted_cholesky] M=2400 candidates, n_keep=1300, n_val=8, n_cond=140, nk_tot=8 (full-BZ via load_wfns on mesh x=2, y=2)
[pivoted_cholesky] M=2400 candidates, n_keep=1300, n_val=8, n_cond=140, nk_tot=8 (full-BZ via load_wfns on mesh x=2, y=2)
[pivoted_cholesky] 2-D Gram build via load_wfns: nk_tot=8, left=(0, 8) (nb=8), right=(8, 148) (nb=140), M=2400, norms=on
[pivoted_cholesky] 2-D Gram build via load_wfns: nk_tot=8, left=(0, 8) (nb=8), right=(8, 148) (nb=140), M=2400, norms=on
[pivoted_cholesky] 2-D Gram build via load_wfns: nk_tot=8, left=(0, 8) (nb=8), right=(8, 148) (nb=140), M=2400, norms=on
[assay] wrote /pscratch/sd/j/jackm/lorrax_sandbox/runs/Si_pseudobands/00_si_2x2x2_60Ry/cohsex_valcond_2026-04-18/centroids/centroids_frac_ncond60_Nmu400.txt
[assay] wrote /pscratch/sd/j/jackm/lorrax_sandbox/runs/Si_pseudobands/00_si_2x2x2_60Ry/cohsex_valcond_2026-04-18/centroids/centroids_frac_ncond60_Nmu800.txt
[assay] wrote /pscratch/sd/j/jackm/lorrax_sandbox/runs/Si_pseudobands/00_si_2x2x2_60Ry/cohsex_valcond_2026-04-18/centroids/centroids_frac_ncond60_Nmu1200.txt

[assay] ========== n_cond = 140 ==========
[pivoted_cholesky] M=2400 candidates, n_keep=1300, n_val=8, n_cond=140, nk_tot=8 (full-BZ via load_wfns on mesh x=2, y=2)
[pivoted_cholesky] 2-D Gram build via load_wfns: nk_tot=8, left=(0, 8) (nb=8), right=(8, 148) (nb=140), M=2400, norms=on
[pivoted_cholesky] resharding G P('x','y') → P(('x','y'), None) for select
[pivoted_cholesky] resharding G P('x','y') → P(('x','y'), None) for select
[pivoted_cholesky] resharding G P('x','y') → P(('x','y'), None) for select
[pivoted_cholesky] resharding G P('x','y') → P(('x','y'), None) for select
[pivoted_cholesky] G built, shape=(2400, 2400), diag range [2.884e-08, 2.296e-06]
[pivoted_cholesky] G built, shape=(2400, 2400), diag range [2.884e-08, 2.296e-06]
[pivoted_cholesky] G built, shape=(2400, 2400), diag range [2.884e-08, 2.296e-06]
[pivoted_cholesky] G built, shape=(2400, 2400), diag range [2.884e-08, 2.296e-06]
[pivoted_cholesky] rank=1300/1300
[pivoted_cholesky] picked-pivot residuals: first=2.296e-06, mid=7.010e-13, last=7.009e-15
[pivoted_cholesky] tr(R_k)/tr(G): first=9.761e-01, mid=2.832e-07, last=2.696e-09
[pivoted_cholesky] leftover residuals: max=6.955e-15, mean(>0)=4.536e-15
[pivoted_cholesky] rank=1300/1300
[pivoted_cholesky] picked-pivot residuals: first=2.296e-06, mid=7.010e-13, last=7.009e-15
[pivoted_cholesky] tr(R_k)/tr(G): first=9.761e-01, mid=2.832e-07, last=2.696e-09
[pivoted_cholesky] leftover residuals: max=6.955e-15, mean(>0)=4.536e-15
  ⚠ last picked / biggest leftover = 1.01: k_keep cuts in a region where picked and leftover residuals are similar — try increasing k_keep or shrinking the candidate pool.
  ⚠ last picked / biggest leftover = 1.01: k_keep cuts in a region where picked and leftover residuals are similar — try increasing k_keep or shrinking the candidate pool.
[pivoted_cholesky] rank=1300/1300
[pivoted_cholesky] picked-pivot residuals: first=2.296e-06, mid=7.010e-13, last=7.009e-15
[pivoted_cholesky] tr(R_k)/tr(G): first=9.761e-01, mid=2.832e-07, last=2.696e-09
[pivoted_cholesky] leftover residuals: max=6.955e-15, mean(>0)=4.536e-15
  ⚠ last picked / biggest leftover = 1.01: k_keep cuts in a region where picked and leftover residuals are similar — try increasing k_keep or shrinking the candidate pool.
[pivoted_cholesky] rank=1300/1300
[pivoted_cholesky] picked-pivot residuals: first=2.296e-06, mid=7.010e-13, last=7.009e-15
[pivoted_cholesky] tr(R_k)/tr(G): first=9.761e-01, mid=2.832e-07, last=2.696e-09
[pivoted_cholesky] leftover residuals: max=6.955e-15, mean(>0)=4.536e-15
  ⚠ last picked / biggest leftover = 1.01: k_keep cuts in a region where picked and leftover residuals are similar — try increasing k_keep or shrinking the candidate pool.
[assay] n_cond=140: rank=1300, wall=1.7s
[pivoted_cholesky] M=2400 candidates, n_keep=1300, n_val=8, n_cond=208, nk_tot=8 (full-BZ via load_wfns on mesh x=2, y=2)
[pivoted_cholesky] M=2400 candidates, n_keep=1300, n_val=8, n_cond=208, nk_tot=8 (full-BZ via load_wfns on mesh x=2, y=2)
[pivoted_cholesky] M=2400 candidates, n_keep=1300, n_val=8, n_cond=208, nk_tot=8 (full-BZ via load_wfns on mesh x=2, y=2)
[pivoted_cholesky] 2-D Gram build via load_wfns: nk_tot=8, left=(0, 8) (nb=8), right=(8, 216) (nb=208), M=2400, norms=on
[pivoted_cholesky] 2-D Gram build via load_wfns: nk_tot=8, left=(0, 8) (nb=8), right=(8, 216) (nb=208), M=2400, norms=on
[pivoted_cholesky] 2-D Gram build via load_wfns: nk_tot=8, left=(0, 8) (nb=8), right=(8, 216) (nb=208), M=2400, norms=on
[assay] wrote /pscratch/sd/j/jackm/lorrax_sandbox/runs/Si_pseudobands/00_si_2x2x2_60Ry/cohsex_valcond_2026-04-18/centroids/centroids_frac_ncond140_Nmu400.txt
[assay] wrote /pscratch/sd/j/jackm/lorrax_sandbox/runs/Si_pseudobands/00_si_2x2x2_60Ry/cohsex_valcond_2026-04-18/centroids/centroids_frac_ncond140_Nmu800.txt
[assay] wrote /pscratch/sd/j/jackm/lorrax_sandbox/runs/Si_pseudobands/00_si_2x2x2_60Ry/cohsex_valcond_2026-04-18/centroids/centroids_frac_ncond140_Nmu1200.txt

[assay] ========== n_cond = 208 ==========
[pivoted_cholesky] M=2400 candidates, n_keep=1300, n_val=8, n_cond=208, nk_tot=8 (full-BZ via load_wfns on mesh x=2, y=2)
[pivoted_cholesky] 2-D Gram build via load_wfns: nk_tot=8, left=(0, 8) (nb=8), right=(8, 216) (nb=208), M=2400, norms=on
[pivoted_cholesky] resharding G P('x','y') → P(('x','y'), None) for select
[pivoted_cholesky] resharding G P('x','y') → P(('x','y'), None) for select
[pivoted_cholesky] resharding G P('x','y') → P(('x','y'), None) for select
[pivoted_cholesky] resharding G P('x','y') → P(('x','y'), None) for select
[pivoted_cholesky] G built, shape=(2400, 2400), diag range [4.143e-08, 2.961e-06]
[pivoted_cholesky] G built, shape=(2400, 2400), diag range [4.143e-08, 2.961e-06]
[pivoted_cholesky] G built, shape=(2400, 2400), diag range [4.143e-08, 2.961e-06]
[pivoted_cholesky] G built, shape=(2400, 2400), diag range [4.143e-08, 2.961e-06]
[pivoted_cholesky] rank=1300/1300
[pivoted_cholesky] picked-pivot residuals: first=2.961e-06, mid=5.401e-12, last=5.036e-14
[pivoted_cholesky] tr(R_k)/tr(G): first=9.824e-01, mid=1.433e-06, last=1.342e-08
[pivoted_cholesky] leftover residuals: max=5.017e-14, mean(>0)=3.290e-14
[pivoted_cholesky] rank=1300/1300
[pivoted_cholesky] picked-pivot residuals: first=2.961e-06, mid=5.401e-12, last=5.036e-14
[pivoted_cholesky] tr(R_k)/tr(G): first=9.824e-01, mid=1.433e-06, last=1.342e-08
[pivoted_cholesky] leftover residuals: max=5.017e-14, mean(>0)=3.290e-14
  ⚠ last picked / biggest leftover = 1.00: k_keep cuts in a region where picked and leftover residuals are similar — try increasing k_keep or shrinking the candidate pool.
[pivoted_cholesky] rank=1300/1300
[pivoted_cholesky] picked-pivot residuals: first=2.961e-06, mid=5.401e-12, last=5.036e-14
[pivoted_cholesky] tr(R_k)/tr(G): first=9.824e-01, mid=1.433e-06, last=1.342e-08
[pivoted_cholesky] leftover residuals: max=5.017e-14, mean(>0)=3.290e-14
  ⚠ last picked / biggest leftover = 1.00: k_keep cuts in a region where picked and leftover residuals are similar — try increasing k_keep or shrinking the candidate pool.
  ⚠ last picked / biggest leftover = 1.00: k_keep cuts in a region where picked and leftover residuals are similar — try increasing k_keep or shrinking the candidate pool.
[pivoted_cholesky] rank=1300/1300
[pivoted_cholesky] picked-pivot residuals: first=2.961e-06, mid=5.401e-12, last=5.036e-14
[pivoted_cholesky] tr(R_k)/tr(G): first=9.824e-01, mid=1.433e-06, last=1.342e-08
[pivoted_cholesky] leftover residuals: max=5.017e-14, mean(>0)=3.290e-14
  ⚠ last picked / biggest leftover = 1.00: k_keep cuts in a region where picked and leftover residuals are similar — try increasing k_keep or shrinking the candidate pool.
[assay] n_cond=208: rank=1300, wall=1.7s
[assay] wrote /pscratch/sd/j/jackm/lorrax_sandbox/runs/Si_pseudobands/00_si_2x2x2_60Ry/cohsex_valcond_2026-04-18/centroids/centroids_frac_ncond208_Nmu400.txt
[assay] wrote /pscratch/sd/j/jackm/lorrax_sandbox/runs/Si_pseudobands/00_si_2x2x2_60Ry/cohsex_valcond_2026-04-18/centroids/centroids_frac_ncond208_Nmu800.txt
[assay] wrote /pscratch/sd/j/jackm/lorrax_sandbox/runs/Si_pseudobands/00_si_2x2x2_60Ry/cohsex_valcond_2026-04-18/centroids/centroids_frac_ncond208_Nmu1200.txt

[assay] wrote /pscratch/sd/j/jackm/lorrax_sandbox/runs/Si_pseudobands/00_si_2x2x2_60Ry/cohsex_valcond_2026-04-18/centroids/pchol_assay_parabands_4200.json
