
========================================================================
  COHSEX-JAX: Self-Energy Calculation
========================================================================
  Backend: GPU       Devices: 2  Mesh: 1×2  Processes: 2
  Device type: NVIDIA A100-SXM4-80GB
  XLA preallocate: false  mem_fraction: unset
========================================================================

  ISDF basis: 384 centroids
  FFT grid: 24×24×24   Cell volume: 270.11 a.u.³

    Memory estimate: peak 27.16 GB (budget 28.00 GB), bottleneck=zct
    Per-stage: fft=14.55  zct=27.16  reshard=4.25  solve=2.95  gather=1.66 GB
    AOT fit_one_rchunk peak (driver-level): 6.18 GB

  Zeta fitting: 2 r-chunks x 9424 r-points, 56 bands (56 left + 56 right)
  Output: /pscratch/sd/j/jackm/lorrax_sandbox/runs/Si/08_4x4x4_sym_vs_nosym_2026-05-14/run_sym_ibz_chol_2026-05-16/tmp/zeta_q.h5

  G-flat memory model — chunk plan + HWM estimate
    band_chunk         = 16
    r_chunk            = 9424  (2 chunks)
    gflat_chunk_size   = None
    budget             = 28.00 GB/dev
    HWM estimate       = 24.21 GB/dev (86% of budget) [bottleneck: C_fit_one_rchunk]
    peak breakdown (GB/dev):
      C_fit_one_rchunk........   24.21
      D_accumulate............   12.89
      A_centroid..............    0.96
      B_CCT_chol..............    0.76

  Chunked ISDF fitting:
    Band chunks: 16
    R chunks:    9424 (contiguous r-space)
    Q chunks:    64
    GFlat cs:    0
  Left wfns:  (64, 56, 2, 384)
  Right wfns: (64, 56, 2, 384)
    Zeta output: /pscratch/sd/j/jackm/lorrax_sandbox/runs/Si/08_4x4x4_sym_vs_nosym_2026-05-14/run_sym_ibz_chol_2026-05-16/tmp/zeta_q.h5
    cutoffs: zeta = 25.0 Ry, bare-Coulomb = 25.0 Ry  (ecutwfc=25.0, ecutrho=100.0)

  Zeta fitting: 2 r-chunks x 9424 r-points, 56 bands (56 left + 56 right)
  Output: /pscratch/sd/j/jackm/lorrax_sandbox/runs/Si/08_4x4x4_sym_vs_nosym_2026-05-14/run_sym_ibz_chol_2026-05-16/tmp/zeta_q.h5
  Left wfns:  (64, 56, 2, 384)
  Right wfns: (64, 56, 2, 384)
  Computing C_q via shard_map pipeline (open-spin, charge γ̃^0=I)
  Computing C_q via shard_map pipeline (open-spin, charge γ̃^0=I)
  Computing L_q = chol(C_q)  [PSD, charge channel, path=sharded_cholesky]
  Computing L_q = chol(C_q)  [PSD, charge channel, path=sharded_cholesky]
  L_q: (8, 384, 384)
  L_q: (8, 384, 384)
  q-IBZ reduction: 8 IBZ q-points / 64 full-BZ (disk shrink 8.0×)
  G-flat ζ sphere: ngkmax=588, min ngk=537, max ngk=588 (4.253% of n_rtot)
  q-IBZ reduction: 8 IBZ q-points / 64 full-BZ (disk shrink 8.0×)
/global/homes/j/jackm/software/lorrax_B/src/file_io/_slab_io_ffi.py:453: UserWarning: FFI backend: chunks/attrs on create_dataset currently no-op; pre-create with h5py if you need explicit chunking or attrs.
  warnings.warn(
/global/homes/j/jackm/software/lorrax_B/src/file_io/_slab_io_ffi.py:453: UserWarning: FFI backend: chunks/attrs on create_dataset currently no-op; pre-create with h5py if you need explicit chunking or attrs.
  warnings.warn(
  ψ(G-flat) host cache: 0.03 GB/process resident
  G-flat ζ accumulator: N=1536 rows/rank (n_q=8 × n_mu_local=192); chunk_size=1536 → per-iter FFT box 0.34 GB/rank
Started zeta fitting at 12:19:08.
[ 12:19:08 | █████░░░░░ |  50% ] r-chunk 1 / 2 · ETA 0 s
[ 12:19:09 | ██████████ | 100% ] r-chunk 2 / 2 · ETA 0 s
Finished zeta fitting at 12:19:09.  Elapsed: 1 s.
  [SlabIO.close] draining 1 pending writes for zeta_q.h5 …
  [SlabIO.close] Python dispatch drained in 0.0 s; joining writer thread
  [SlabIO.close] writer thread joined in 0.0 s; calling H5Fclose collectively
  [SlabIO.close] H5Fclose returned in 0.0 s
  Zeta output: /pscratch/sd/j/jackm/lorrax_sandbox/runs/Si/08_4x4x4_sym_vs_nosym_2026-05-14/run_sym_ibz_chol_2026-05-16/tmp/zeta_q.h5  shape: (n_q_disk=8 of 4·4·4=64 full-BZ, n_rtot=13824, n_rmu=384)
  Timing (2 r-chunks, 3.5s total):
    fit      2.63s  74.6%
    H5       0.83s  23.5%
  Zeta output: /pscratch/sd/j/jackm/lorrax_sandbox/runs/Si/08_4x4x4_sym_vs_nosym_2026-05-14/run_sym_ibz_chol_2026-05-16/tmp/zeta_q.h5  shape: (n_q_disk=8 of 4·4·4=64 full-BZ, n_rtot=13824, n_rmu=384)
  Timing (2 r-chunks, 3.5s total):
    fit      2.67s  76.6%
    H5       0.75s  21.6%
    GPU high-water mark: 1.24 GB / 28.00 GB budget (4%)
    γ (runtime / AOT-pred) = 0.201  (AOT predicted 6.18 GB)
    V_q bare cutoff: 25.0 Ry
    V_q budget:    27.03 GB
  V_q g-flat [CC]: n_q_ibz=8, ngkmax=588, g_chunk=588 (1/q), n_rmu_L=384→384, n_rmu_R=384→384, unfold=IBZ→full
    [CC] pre-read all 8 IBZ ζ̃ slabs (1 batched call): 0.10s
    [CC] q=0/8: kernel=0.24s
    [CC] q=1/8: kernel=0.01s
    [CC] q=2/8: kernel=0.00s
    [CC] q=3/8: kernel=0.00s
    [CC] q=4/8: kernel=0.01s
    [CC] q=5/8: kernel=0.01s
    [CC] q=6/8: kernel=0.01s
    [CC] q=7/8: kernel=0.01s
  [SlabIO.close] draining 0 pending writes for zeta_q.h5 …
  [SlabIO.close] Python dispatch drained in 0.0 s; joining writer thread
  [SlabIO.close] writer thread joined in 0.0 s; calling H5Fclose collectively
  [SlabIO.close] H5Fclose returned in 0.0 s

  V_q computed:
    Shape: (64, 384, 384)
    V_q=0 trace: 160027577.4841
  [SlabIO.close] draining 0 pending writes for isdf_tensors_384.h5 …
  [SlabIO.close] Python dispatch drained in 0.0 s; joining writer thread
  [SlabIO.close] writer thread joined in 0.0 s; calling H5Fclose collectively
  [SlabIO.close] H5Fclose returned in 0.0 s
  Wavefunctions built (b0:b4=56 bands, 4 sharded copies: xn/xr/yr/yn)
  [SlabIO.close] draining 1 pending writes for isdf_tensors_384.h5 …
  [SlabIO.close] Python dispatch drained in 0.3 s; joining writer thread
  [SlabIO.close] writer thread joined in 0.0 s; calling H5Fclose collectively
  [SlabIO.close] H5Fclose returned in 0.0 s
  Chunked ISDF path complete

------------------------------------------------------------------------
  FINITE-SIZE CORRECTIONS
------------------------------------------------------------------------
  Head source: s_tensor
  v(q→0)  =     3291.885 a.u.  (bare Coulomb head)

------------------------------------------------------------------------
  STATIC HEAD TERMS (exact COHSEX / BGW-style)
------------------------------------------------------------------------
  Head source: s_tensor
  v_h(q→0)           =  3291.885355 a.u.
  W_h(q→0, ω=0)      =   103.437093 a.u.
  W_h^c              = -3188.448262 a.u.
  Σ^X head (occ)     = -1.904270e-01 Ry
  Σ^SX head (occ)    = -5.983568e-03 Ry
  Σ^(SX-X) head(occ) = 1.844435e-01 Ry
  Σ^COH head (all)   = -9.222174e-02 Ry
  Bare Σ_X diagonal (eV), k=0: -17.7002  -17.7002  -12.9942  -12.9942  -12.9700  -12.9700  -12.9700  -12.9700
  [SlabIO.close] draining 0 pending writes for kin_ion.h5 …
  [SlabIO.close] Python dispatch drained in 0.0 s; joining writer thread
  [SlabIO.close] writer thread joined in 0.0 s; calling H5Fclose collectively
  [SlabIO.close] H5Fclose returned in 0.0 s
  Sigma freq debug: sigma_freq_debug.dat

  Sigma diag:   /pscratch/sd/j/jackm/lorrax_sandbox/runs/Si/08_4x4x4_sym_vs_nosym_2026-05-14/run_sym_ibz_chol_2026-05-16/sigma_diag.dat
  BGW eqp0:     /pscratch/sd/j/jackm/lorrax_sandbox/runs/Si/08_4x4x4_sym_vs_nosym_2026-05-14/run_sym_ibz_chol_2026-05-16/eqp0.dat
  BGW eqp1:     /pscratch/sd/j/jackm/lorrax_sandbox/runs/Si/08_4x4x4_sym_vs_nosym_2026-05-14/run_sym_ibz_chol_2026-05-16/eqp1.dat
  Restart:      /pscratch/sd/j/jackm/lorrax_sandbox/runs/Si/08_4x4x4_sym_vs_nosym_2026-05-14/run_sym_ibz_chol_2026-05-16/tmp/isdf_tensors_384.h5

--- Timing ---
Total recorded: 11.192 s
Section                                            Count    Total[s]     Self[s]      %
gw_jax.load_centroid_wfns                              1       2.133       0.265   19.1
  load_centroids.loader_load                           1       0.613       0.613    5.5
  load_centroids.gflat_to_rmu                          1       1.042       1.042    9.3
  load_centroids.reshard                               1       0.215       0.215    1.9
gw_jax.zeta_fit_chunked                                1       6.511       0.219   58.2
  zeta_fit.slice_halves                                1       0.231       0.231    2.1
  zeta_fit.CCT                                         1       0.510       0.510    4.6
  zeta_fit.cholesky                                    1       1.064       1.064    9.5
  zeta_fit.gc_pre_chunk_loop                           1       0.104       0.104    0.9
  zeta_fit.write_headers                               1       0.056       0.056    0.5
  zeta_fit.open_file                                   1       0.009       0.009    0.1
  psi_G_store.populate.loader_load                     4       0.510       0.510    4.6
  psi_G_store.populate.shard_to_host                   4       0.017       0.017    0.2
  zeta_fit.chunk_loop                                  1       3.425       0.000   30.6
    zeta_fit.chunk.fit_one_rchunk                      2       2.672       2.672   23.9
    zeta_fit.chunk.h5_write                            2       0.753       0.753    6.7
  zeta_fit.write_g_flat                                1       0.305       0.305    2.7
  zeta_fit.close_io                                    1       0.061       0.061    0.5
  zeta_fit.sync_global                                 1       0.001       0.001    0.0
gw_jax.V_q_compute                                     1       1.096       1.096    9.8
gw_jax.wavefunction_setup                              1       0.237       0.237    2.1
gw_jax.sigma                                           1       1.215       1.215   10.9
