JAX: 1 gpu devices
== kin_ion_io ==
Loading WFN: WFN.h5
Bands: 700, FFT grid: (75, 75, 200), k-points: 36
sys_dim: 2
Devices: 1
Pseudopotentials: ['Cr', 'I']
Coulomb truncation: 2D slab
Building V_loc...
Building unified V_NL setup...

Processing 36 k-points...
  k=1/36...
2026-06-15 23:23:00.736187: W external/xla/xla/hlo/transforms/simplifiers/hlo_rematerialization.cc:3021] Can't reduce memory use below 21.68GiB (23282592849 bytes) by rematerialization; only reduced to 23.47GiB (25200000000 bytes), down from 23.47GiB (25200000000 bytes) originally
2026-06-15 23:23:00.805876: W external/xla/xla/hlo/transforms/simplifiers/hlo_rematerialization.cc:3021] Can't reduce memory use below 594.57MiB (623455003 bytes) by rematerialization; only reduced to 23.47GiB (25200000000 bytes), down from 23.47GiB (25200000000 bytes) originally
2026-06-15 23:23:10.808135: W external/xla/xla/tsl/framework/bfc_allocator.cc:501] Allocator (GPU_0_bfc) ran out of memory trying to allocate 23.47GiB (rounded to 25200000000)requested by op 
2026-06-15 23:23:10.808248: W external/xla/xla/tsl/framework/bfc_allocator.cc:512] *****************************************************_______________________________________________
E0615 23:23:10.808276 2107034 pjrt_stream_executor_client.cc:3077] Execution of replica 0 failed: RESOURCE_EXHAUSTED: Out of memory while trying to allocate 25200000000 bytes. [tf-allocator-allocation-error='']
Traceback (most recent call last):
  File "<frozen runpy>", line 198, in _run_module_as_main
  File "<frozen runpy>", line 88, in _run_code
  File "/global/u2/j/jackm/software/lorrax_A/src/gw/kin_ion_io.py", line 220, in <module>
    raise SystemExit(main())
                     ^^^^^^
  File "/global/u2/j/jackm/software/lorrax_A/src/gw/kin_ion_io.py", line 194, in main
    wfn_k = load_kpoint_fftbox(wfn, sym, meta, ik, nb_eff)
            ^^^^^^^^^^^^^^^^^^^^^^^^^^^^^^^^^^^^^^^^^^^^^^
  File "/global/u2/j/jackm/software/lorrax_A/src/common/load_wfns.py", line 43, in load_kpoint_fftbox
    return psi_box[0]                                # strip the singleton k-axis
           ~~~~~~~^^^
  File "/opt/jax/jax/_src/array.py", line 382, in __getitem__
    return indexing.rewriting_take(self, idx)
           ^^^^^^^^^^^^^^^^^^^^^^^^^^^^^^^^^^
  File "/opt/jax/jax/_src/numpy/indexing.py", line 618, in rewriting_take
    if (result := _attempt_rewriting_take_via_slice(arr, idx, mode)) is not None:
                  ^^^^^^^^^^^^^^^^^^^^^^^^^^^^^^^^^^^^^^^^^^^^^^^^^
  File "/opt/jax/jax/_src/numpy/indexing.py", line 594, in _attempt_rewriting_take_via_slice
    arr = lax.slice(
          ^^^^^^^^^^
  File "/opt/jax/jax/_src/lax/slicing.py", line 108, in slice
    return slice_p.bind(operand, start_indices=tuple(start_indices),
           ^^^^^^^^^^^^^^^^^^^^^^^^^^^^^^^^^^^^^^^^^^^^^^^^^^^^^^^^^
  File "/opt/jax/jax/_src/core.py", line 502, in bind
    return self._true_bind(*args, **params)
           ^^^^^^^^^^^^^^^^^^^^^^^^^^^^^^^^
  File "/opt/jax/jax/_src/core.py", line 520, in _true_bind
    return self.bind_with_trace(prev_trace, args, params)
           ^^^^^^^^^^^^^^^^^^^^^^^^^^^^^^^^^^^^^^^^^^^^^^
  File "/opt/jax/jax/_src/core.py", line 525, in bind_with_trace
    return trace.process_primitive(self, args, params)
           ^^^^^^^^^^^^^^^^^^^^^^^^^^^^^^^^^^^^^^^^^^^
  File "/opt/jax/jax/_src/core.py", line 1029, in process_primitive
    return primitive.impl(*args, **params)
           ^^^^^^^^^^^^^^^^^^^^^^^^^^^^^^^
  File "/opt/jax/jax/_src/lax/slicing.py", line 1414, in _slice_impl
    return dispatch.apply_primitive(dynamic_slice_p, x, *start_indices,
           ^^^^^^^^^^^^^^^^^^^^^^^^^^^^^^^^^^^^^^^^^^^^^^^^^^^^^^^^^^^^
  File "/opt/jax/jax/_src/dispatch.py", line 88, in apply_primitive
    outs = fun(*args)
           ^^^^^^^^^^
jaxlib.xla_extension.XlaRuntimeError: RESOURCE_EXHAUSTED: Out of memory while trying to allocate 25200000000 bytes.
--------------------
For simplicity, JAX has removed its internal frames from the traceback of the following exception. Set JAX_TRACEBACK_FILTERING=off to include these.
srun: error: nid008349: task 0: Exited with exit code 1
srun: Terminating StepId=54544991.9
