
========================================================================
  COHSEX-JAX: Self-Energy Calculation
========================================================================
  Backend: GPU       Devices: 4  Mesh: 2×2  Processes: 4
  Device type: NVIDIA A100-SXM4-40GB
  XLA preallocate: false  mem_fraction: unset
========================================================================

  ISDF basis: 480 centroids
  FFT grid: 24×24×24   Cell volume: 270.11 a.u.³

  BGW vcoul override: loading /pscratch/sd/j/jackm/lorrax_sandbox/runs/Si/00_si_4x4x4_60band/0B_lorrax_hl_w800_bgw_overlay/bgw_vcoul.dat
    41 unique q-points, G counts per q: [537, 570, 568, 576, 562, 574, 588, 560, 570, 570, 570, 568, 576, 562, 562, 562, 562, 562, 574, 574, 570, 576, 562, 562, 574, 574, 588, 560, 570, 568, 576, 562, 562, 562, 562, 562, 562, 574, 574, 560, 560]
    Memory estimate: peak 17.16 GB (budget 28.00 GB), bottleneck=zct
    Per-stage: fft=6.12  zct=8.67  reshard=5.27  solve=3.64  gather=2.11 GB
    AOT fit_one_rchunk peak (driver-level): 7.33 GB

  Chunked ISDF fitting:
    Band chunks: 60
    R chunks:    13824 (contiguous r-space)
    Q chunks:    64
    Zeta output: /pscratch/sd/j/jackm/lorrax_sandbox/runs/Si/00_si_4x4x4_60band/0B_lorrax_hl_w800_bgw_overlay/tmp/zeta_q.h5

  Zeta fitting: 1 r-chunks x 13824 r-points, 60 bands (60 left + 60 right)
  Output: /pscratch/sd/j/jackm/lorrax_sandbox/runs/Si/00_si_4x4x4_60band/0B_lorrax_hl_w800_bgw_overlay/tmp/zeta_q.h5
  Left wfns:  (64, 60, 2, 480)
  Right wfns: (64, 60, 2, 480)
  Pseudobands normalization: 0 weighted, 0 zero-weight (skipped)
  Computing pair densities P_l, P_r (spin_traced)
  Computing L_q = chol(C_q)
  L_q: (64, 480, 480)
  ψ(G) host cache: 0.42 GB/process resident
Started zeta fitting at 14:37:58.
[ 14:37:58 | ██████████ | 100% ] r-chunk 1 / 1 · ETA 0 s
Finished zeta fitting at 14:37:58.  Elapsed: 0 s.
  [SlabIO.close] draining 1 pending writes for zeta_q.h5 …
  [SlabIO.close] Python dispatch drained in 5.5 s; joining writer thread
  [SlabIO.close] writer thread joined in 0.0 s; calling H5Fclose collectively
  [SlabIO.close] H5Fclose returned in 0.5 s
  Zeta output: /pscratch/sd/j/jackm/lorrax_sandbox/runs/Si/00_si_4x4x4_60band/0B_lorrax_hl_w800_bgw_overlay/tmp/zeta_q.h5  shape: (4,4,4,480,13824)
  Timing (1 r-chunks, 1.6s total):
    fit      1.54s  98.6%
    H5       0.02s   1.3%
    GPU high-water mark: 3.72 GB / 28.00 GB budget (13%)
    γ (runtime / AOT-pred) = 0.507  (AOT predicted 7.33 GB)
    V_q bare cutoff: 25.0 Ry
    V_q budget:    27.04 GB
    V_q mu chunks: 480
    V_q q batches: 4
  V_q (sharded): mesh=2x2, one-shot (Case A), q_chunk=64, μ_chunk=480 (1 μ-blocks), aligned=True, N_μ=480, N_G=645, predicted peak/rank=0.76 GB (V_ref+g0_ref=0.06 GB)
Started V_q computation at 14:38:09.
[ 14:38:09 | ░░░░░░░░░░ |   2% ] q-point  1 / 64 · ETA 0 s
[ 14:38:09 | █░░░░░░░░░ |   6% ] q-point  4 / 64 · ETA 0 s
[ 14:38:09 | █░░░░░░░░░ |  12% ] q-point  8 / 64 · ETA 0 s
[ 14:38:09 | ██░░░░░░░░ |  17% ] q-point 11 / 64 · ETA 0 s
[ 14:38:09 | ██░░░░░░░░ |  22% ] q-point 14 / 64 · ETA 0 s
[ 14:38:09 | ███░░░░░░░ |  28% ] q-point 18 / 64 · ETA 0 s
[ 14:38:09 | ███░░░░░░░ |  33% ] q-point 21 / 64 · ETA 0 s
[ 14:38:09 | ████░░░░░░ |  38% ] q-point 24 / 64 · ETA 0 s
[ 14:38:09 | ████░░░░░░ |  44% ] q-point 28 / 64 · ETA 0 s
[ 14:38:09 | █████░░░░░ |  48% ] q-point 31 / 64 · ETA 0 s
[ 14:38:09 | █████░░░░░ |  53% ] q-point 34 / 64 · ETA 0 s
[ 14:38:09 | ██████░░░░ |  58% ] q-point 37 / 64 · ETA 0 s
[ 14:38:09 | ██████░░░░ |  64% ] q-point 41 / 64 · ETA 0 s
[ 14:38:09 | ███████░░░ |  69% ] q-point 44 / 64 · ETA 0 s
[ 14:38:09 | ███████░░░ |  73% ] q-point 47 / 64 · ETA 0 s
[ 14:38:09 | ████████░░ |  80% ] q-point 51 / 64 · ETA 0 s
[ 14:38:09 | ████████░░ |  84% ] q-point 54 / 64 · ETA 0 s
[ 14:38:09 | █████████░ |  89% ] q-point 57 / 64 · ETA 0 s
[ 14:38:09 | ██████████ |  95% ] q-point 61 / 64 · ETA 0 s
[ 14:38:09 | ██████████ | 100% ] q-point 64 / 64 · ETA 0 s
Finished V_q computation at 14:38:09.  Elapsed: 0 s.
  [SlabIO.close] draining 0 pending writes for zeta_q.h5 …
  [SlabIO.close] Python dispatch drained in 0.0 s; joining writer thread
  [SlabIO.close] writer thread joined in 0.0 s; calling H5Fclose collectively
  [SlabIO.close] H5Fclose returned in 0.4 s

  V_q computed:
    Shape: (1, 1, 1, 4, 4, 4, 480, 480)
    V_q=0 trace: 5515914.2157
  [SlabIO.close] draining 3 pending writes for isdf_tensors_480.h5 …
  [SlabIO.close] Python dispatch drained in 0.9 s; joining writer thread
  [SlabIO.close] writer thread joined in 0.0 s; calling H5Fclose collectively
  [SlabIO.close] H5Fclose returned in 0.3 s
  Wavefunctions built (b0:b4=60 bands, 4 sharded copies: xn/xr/yr/yn)
  [SlabIO.close] draining 1 pending writes for isdf_tensors_480.h5 …
  [SlabIO.close] Python dispatch drained in 0.3 s; joining writer thread
  [SlabIO.close] writer thread joined in 0.0 s; calling H5Fclose collectively
  [SlabIO.close] H5Fclose returned in 0.0 s
  Chunked ISDF path complete
  Minimax static window: x=[4.973384e-02, 3.704181e+00] Ry, R=74.48, nodes=10, fit_err~6.434e-06
  [SlabIO.close] draining 1 pending writes for isdf_tensors_480.h5 …
  [SlabIO.close] Python dispatch drained in 0.2 s; joining writer thread
  [SlabIO.close] writer thread joined in 0.0 s; calling H5Fclose collectively
  [SlabIO.close] H5Fclose returned in 0.0 s
  Persisted W0_qmunu + q=0 head scalars: vhead=3303.748 a.u.,  whead[ω=0]=150.339 a.u.,  whead[iωp]=3291.896 a.u.

------------------------------------------------------------------------
  FINITE-SIZE CORRECTIONS
------------------------------------------------------------------------
  Head source: override
  v(q→0)  =     3303.748 a.u.  (bare Coulomb head)
  W(q→0)  =      150.339 a.u.  (screened Coulomb head)
  ΔW      =    -3153.409 a.u.  (screening correction)

------------------------------------------------------------------------
  STATIC HEAD TERMS (exact COHSEX / BGW-style)
------------------------------------------------------------------------
  Head source: override
  v_h(q→0)           =  3303.748102 a.u.
  W_h(q→0, ω=0)      =   150.338778 a.u.
  W_h^c              = -3153.409324 a.u.
  Σ^X head (occ)     = -1.911133e-01 Ry
  Σ^SX head (occ)    = -8.696709e-03 Ry
  Σ^(SX-X) head(occ) = 1.824166e-01 Ry
  Σ^COH head (all)   = -9.120828e-02 Ry
  Bare Σ_X diagonal (eV), k=0: -17.4213  -17.4213  -12.9030  -12.9030  -12.8845  -12.8863  -12.8851  -12.8865

------------------------------------------------------------------------
  HL-PPM + FREQUENCY-INTEGRATED SIGMA
------------------------------------------------------------------------
  PPM real-freq quadrature (Ω=800.0000 Ry, decomposed via 1/y minimax): +branch nodes=7 (R'=16160.109), -branch nodes=7 (R'=1.005), err~1.0e-10
  HL-PPM fit: 1.11s, Ω=800.0000 Ry, unfulfilled=1.74%
  [pf] profiling hooks unavailable: [Errno 2] No such file or directory: 'profile/memprof/sigma_ppm_pre.prof'
  Σc(ω) grid: -10.000..10.000 eV, Nω=41, Δω=0.500 eV, ξ=0.250 eV
  GN invalid modes: 256048/14745600 (1.74%)
    ω≥E_F cond window "core" (crossing): 103 nodes, err<1e-06, E_A=[0.0249, 0.7527] Ry, project=imag
    ω≥E_F cond window "a_stripe" (Laplace): 10 nodes, err<1e-06, E_A=[0.7827, 2.7977] Ry, project=full
    ω≥E_F cond window "b_slab" (Laplace): 14 nodes, err<1e-06, E_A=[0.0249, 2.7977] Ry, project=full
Started sigma[ω≥E_F cond] at 14:38:21.
[ 14:38:21 | ░░░░░░░░░░ |   1% ] tau node   1 / 127 · ETA 0 s
[ 14:38:21 | █░░░░░░░░░ |  12% ] tau node  15 / 127 · ETA 3 s
[ 14:38:22 | ██░░░░░░░░ |  23% ] tau node  29 / 127 · ETA 2 s
[ 14:38:22 | ███░░░░░░░ |  34% ] tau node  43 / 127 · ETA 2 s
[ 14:38:22 | ████░░░░░░ |  45% ] tau node  57 / 127 · ETA 2 s
[ 14:38:23 | ██████░░░░ |  56% ] tau node  71 / 127 · ETA 1 s
[ 14:38:23 | ███████░░░ |  67% ] tau node  85 / 127 · ETA 1 s
[ 14:38:23 | ████████░░ |  78% ] tau node  99 / 127 · ETA 1 s
[ 14:38:24 | █████████░ |  89% ] tau node 113 / 127 · ETA 0 s
[ 14:38:24 | ██████████ | 100% ] tau node 127 / 127 · ETA 0 s
Finished sigma[ω≥E_F cond] at 14:38:24.  Elapsed: 3 s.
    ω≥E_F val window "single" (Laplace): 14 nodes, err<1e-06, E_A=[0.0249, 0.9064] Ry, project=full
Started sigma[ω≥E_F val] at 14:38:24.
[ 14:38:24 | █░░░░░░░░░ |   7% ] tau node  1 / 14 · ETA 0 s
[ 14:38:24 | █░░░░░░░░░ |  14% ] tau node  2 / 14 · ETA 0 s
[ 14:38:24 | ███░░░░░░░ |  29% ] tau node  4 / 14 · ETA 0 s
[ 14:38:24 | ████░░░░░░ |  36% ] tau node  5 / 14 · ETA 0 s
[ 14:38:25 | █████░░░░░ |  50% ] tau node  7 / 14 · ETA 0 s
[ 14:38:25 | ██████░░░░ |  57% ] tau node  8 / 14 · ETA 0 s
[ 14:38:25 | ███████░░░ |  71% ] tau node 10 / 14 · ETA 0 s
[ 14:38:25 | ████████░░ |  79% ] tau node 11 / 14 · ETA 0 s
[ 14:38:25 | █████████░ |  93% ] tau node 13 / 14 · ETA 0 s
[ 14:38:25 | ██████████ | 100% ] tau node 14 / 14 · ETA 0 s
Finished sigma[ω≥E_F val] at 14:38:25.  Elapsed: 0 s.
    ω<E_F cond window "single" (Laplace): 14 nodes, err<1e-06, E_A=[0.0249, 2.7977] Ry, project=full
Started sigma[ω<E_F cond] at 14:38:25.
[ 14:38:25 | █░░░░░░░░░ |   7% ] tau node  1 / 14 · ETA 0 s
[ 14:38:25 | █░░░░░░░░░ |  14% ] tau node  2 / 14 · ETA 0 s
[ 14:38:25 | ███░░░░░░░ |  29% ] tau node  4 / 14 · ETA 0 s
[ 14:38:25 | ████░░░░░░ |  36% ] tau node  5 / 14 · ETA 0 s
[ 14:38:25 | █████░░░░░ |  50% ] tau node  7 / 14 · ETA 0 s
[ 14:38:25 | ██████░░░░ |  57% ] tau node  8 / 14 · ETA 0 s
[ 14:38:25 | ███████░░░ |  71% ] tau node 10 / 14 · ETA 0 s
[ 14:38:25 | ████████░░ |  79% ] tau node 11 / 14 · ETA 0 s
[ 14:38:25 | █████████░ |  93% ] tau node 13 / 14 · ETA 0 s
[ 14:38:25 | ██████████ | 100% ] tau node 14 / 14 · ETA 0 s
Finished sigma[ω<E_F cond] at 14:38:25.  Elapsed: 0 s.
    ω<E_F val window "core" (crossing): 103 nodes, err<1e-06, E_A=[0.0249, 0.7561] Ry, project=imag
    ω<E_F val window "a_stripe" (Laplace): 8 nodes, err<1e-06, E_A=[0.8269, 0.9064] Ry, project=full
    ω<E_F val window "b_slab" (Laplace): 14 nodes, err<1e-06, E_A=[0.0249, 0.9064] Ry, project=full
Started sigma[ω<E_F val] at 14:38:25.
[ 14:38:25 | ░░░░░░░░░░ |   1% ] tau node   1 / 125 · ETA 0 s
[ 14:38:26 | █░░░░░░░░░ |  12% ] tau node  15 / 125 · ETA 2 s
[ 14:38:26 | ██░░░░░░░░ |  23% ] tau node  29 / 125 · ETA 2 s
[ 14:38:26 | ███░░░░░░░ |  34% ] tau node  42 / 125 · ETA 2 s
[ 14:38:27 | ████░░░░░░ |  45% ] tau node  56 / 125 · ETA 2 s
[ 14:38:27 | ██████░░░░ |  56% ] tau node  70 / 125 · ETA 1 s
[ 14:38:27 | ███████░░░ |  67% ] tau node  84 / 125 · ETA 1 s
[ 14:38:28 | ████████░░ |  78% ] tau node  97 / 125 · ETA 1 s
[ 14:38:28 | █████████░ |  89% ] tau node 111 / 125 · ETA 0 s
[ 14:38:28 | ██████████ | 100% ] tau node 125 / 125 · ETA 0 s
Finished sigma[ω<E_F val] at 14:38:28.  Elapsed: 3 s.
  PPM head: Ω_h override = 1.249000 Ry (16.9935 eV)

------------------------------------------------------------------------
  HEAD CORRECTION (scalar GN, separate from ISDF body)
------------------------------------------------------------------------
  v(q→0)             =     3303.748 a.u.
  W^c(q→0, ω=0)      =    -3153.409 a.u.
  W^c(q→0, ω=iωp)    =        0.000 a.u.  [ωp=1.2490 Ry]
  Ω_h²               =     1.560001 Ry²
  Ω_h                =     1.249000 Ry  (16.993517 eV)
  B_h                =  4919.321699 Ry² · a.u.
  R_h                =  1969.304123 Ry · a.u.
  R_h / (Ω_h · vol)  = 5.837330e+00 (Ry)
  Σ_c head shift: max|Σ^head_diag| = 2.8762 eV (on-shell occ band → -1.2410 eV)
  E_F(midgap) = 6.635312 eV  (VBM=6.296980, CBM=6.973644)
  [SlabIO.close] draining 3 pending writes for sigma_mnk.h5 …
  [SlabIO.close] Python dispatch drained in 0.3 s; joining writer thread
  [SlabIO.close] writer thread joined in 0.0 s; calling H5Fclose collectively
  [SlabIO.close] H5Fclose returned in 0.5 s
  Diagonal SC: 1144/3840 states in grid, 20 iterations
  QSGW: 3096 clipped (80.6%)
  G0W0 diag (E_DFT):     /pscratch/sd/j/jackm/lorrax_sandbox/runs/Si/00_si_4x4x4_60band/0B_lorrax_hl_w800_bgw_overlay/eqp_g0w0.dat

  Output: /pscratch/sd/j/jackm/lorrax_sandbox/runs/Si/00_si_4x4x4_60band/0B_lorrax_hl_w800_bgw_overlay/eqp0.dat
  Sigma(ω): /pscratch/sd/j/jackm/lorrax_sandbox/runs/Si/00_si_4x4x4_60band/0B_lorrax_hl_w800_bgw_overlay/sigma_mnk.h5
  Restart:  /pscratch/sd/j/jackm/lorrax_sandbox/runs/Si/00_si_4x4x4_60band/0B_lorrax_hl_w800_bgw_overlay/tmp/isdf_tensors_480.h5

--- Timing ---
Total recorded: 31.629 s
Section                                            Count    Total[s]     Self[s]      %
gw_jax.load_centroid_wfns                              1       1.285       1.152    4.1
  load_wfns.precompute_owned                           1       0.000       0.000    0.0
  load_wfns.k_loop                                     1       0.024       0.024    0.1
  load_wfns.scatter                                    1       0.037       0.037    0.1
  load_wfns.make_global_array                          1       0.072       0.072    0.2
gw_jax.zeta_fit_chunked                                1      10.082       0.845   31.9
  zeta_fit.slice_halves                                1       0.030       0.030    0.1
  zeta_fit.CCT                                         1       0.376       0.376    1.2
  zeta_fit.cholesky                                    1       1.117       1.117    3.5
  zeta_fit.gc_pre_chunk_loop                           1       0.063       0.063    0.2
  zeta_fit.open_file                                   1       0.069       0.069    0.2
  zeta_fit.chunk_loop                                  1       1.561       0.000    4.9
    zeta_fit.chunk.fit_one_rchunk                      1       1.540       1.540    4.9
    zeta_fit.chunk.h5_write                            1       0.021       0.021    0.1
  zeta_fit.close_io                                    1       6.017       6.017   19.0
  zeta_fit.sync_global                                 1       0.004       0.004    0.0
gw_jax.V_q_compute                                     1       4.421       0.553   14.0
  compute_all_V_q_sharded                              1       3.869       3.869   12.2
gw_jax.wavefunction_setup                              1       0.029       0.029    0.1
gw_jax.chi0_W                                          1       1.244       0.026    3.9
  chi.compile                                          1       0.444       0.444    1.4
  chi.exec                                             1       0.130       0.130    0.4
  W.compile                                            1       0.066       0.066    0.2
  W.exec                                               1       0.578       0.578    1.8
gw_jax.sigma                                           1       1.874       1.874    5.9
gw_jax.ppm_sigma                                       1      12.694       3.147   40.1
  sigma.compile                                        1       0.656       0.656    2.1
  sigma.exec                                           1       8.891       8.891   28.1
