[lxrun] JID 52295037 · 4 nodes · 36:40 left · 4/4 free · incoming: lx-D
  1  nid001153  free   —              —      —  ← starting lx-D  python3 -u -m gw.gw_jax 
  2  nid001156  free   —              —      —
  3  nid001157  free   —              —      —
  4  nid001160  free   —              —      —
srun: Step created for StepId=52295037.14

========================================================================
  COHSEX-JAX: Self-Energy Calculation
========================================================================
  Backend: GPU       Devices: 4  Mesh: 2×2  Processes: 4
  Device type: NVIDIA A100-SXM4-40GB
  XLA preallocate: false  mem_fraction: unset
========================================================================

  ISDF basis: 480 centroids
  FFT grid: 24×24×24   Cell volume: 270.11 a.u.³

  BGW vcoul override: loading /pscratch/sd/j/jackm/lorrax_sandbox/runs/Si/00_si_4x4x4_60band/D_lorrax_xonly_overlay_HEADOFF/bgw_vcoul.dat
    41 unique q-points, G counts per q: [537, 570, 568, 576, 562, 574, 588, 560, 570, 570, 570, 568, 576, 562, 562, 562, 562, 562, 574, 574, 570, 576, 562, 562, 574, 574, 588, 560, 570, 568, 576, 562, 562, 562, 562, 562, 562, 574, 574, 560, 560]
    Memory estimate: peak 17.16 GB (budget 28.00 GB), bottleneck=zct
    Per-stage: fft=6.12  zct=8.67  reshard=5.27  solve=3.64  gather=2.11 GB
    AOT fit_one_rchunk peak (driver-level): 7.33 GB

  Chunked ISDF fitting:
    Band chunks: 60
    R chunks:    13824 (contiguous r-space)
    Q chunks:    64
    Zeta output: /pscratch/sd/j/jackm/lorrax_sandbox/runs/Si/00_si_4x4x4_60band/D_lorrax_xonly_overlay_HEADOFF/tmp/zeta_q.h5

  Zeta fitting: 1 r-chunks x 13824 r-points, 60 bands (60 left + 60 right)
  Output: /pscratch/sd/j/jackm/lorrax_sandbox/runs/Si/00_si_4x4x4_60band/D_lorrax_xonly_overlay_HEADOFF/tmp/zeta_q.h5
  Left wfns:  (64, 60, 2, 480)
  Right wfns: (64, 60, 2, 480)
  Pseudobands normalization: 0 weighted, 0 zero-weight (skipped)
  Computing pair densities P_l, P_r (spin_traced)
/opt/jax/jax/_src/interpreters/mlir.py:1178: UserWarning: Some donated buffers were not usable: ShapedArray(complex128[64,240,240]).
See an explanation at https://jax.readthedocs.io/en/latest/faq.html#buffer-donation.
  warnings.warn("Some donated buffers were not usable:"
  Computing L_q = chol(C_q)
/opt/jax/jax/_src/interpreters/mlir.py:1178: UserWarning: Some donated buffers were not usable: ShapedArray(complex128[64,240,240]).
See an explanation at https://jax.readthedocs.io/en/latest/faq.html#buffer-donation.
  warnings.warn("Some donated buffers were not usable:"
/opt/jax/jax/_src/interpreters/mlir.py:1178: UserWarning: Some donated buffers were not usable: ShapedArray(complex128[64,240,240]).
See an explanation at https://jax.readthedocs.io/en/latest/faq.html#buffer-donation.
  warnings.warn("Some donated buffers were not usable:"
/opt/jax/jax/_src/interpreters/mlir.py:1178: UserWarning: Some donated buffers were not usable: ShapedArray(complex128[64,240,240]).
See an explanation at https://jax.readthedocs.io/en/latest/faq.html#buffer-donation.
  warnings.warn("Some donated buffers were not usable:"
  L_q: (64, 480, 480)
/pscratch/sd/j/jackm/lorrax_sandbox/sources/lorrax_D/src/file_io/_slab_io_ffi.py:239: UserWarning: FFI backend: chunks/attrs on create_dataset currently no-op; pre-create with h5py if you need explicit chunking or attrs.
  warnings.warn(
/pscratch/sd/j/jackm/lorrax_sandbox/sources/lorrax_D/src/file_io/_slab_io_ffi.py:239: UserWarning: FFI backend: chunks/attrs on create_dataset currently no-op; pre-create with h5py if you need explicit chunking or attrs.
  warnings.warn(
/pscratch/sd/j/jackm/lorrax_sandbox/sources/lorrax_D/src/file_io/_slab_io_ffi.py:239: UserWarning: FFI backend: chunks/attrs on create_dataset currently no-op; pre-create with h5py if you need explicit chunking or attrs.
  warnings.warn(
/pscratch/sd/j/jackm/lorrax_sandbox/sources/lorrax_D/src/file_io/_slab_io_ffi.py:239: UserWarning: FFI backend: chunks/attrs on create_dataset currently no-op; pre-create with h5py if you need explicit chunking or attrs.
  warnings.warn(
  ψ(G) host cache: 0.42 GB/process resident
Started zeta fitting at 20:44:46.
[ 20:44:46 | ██████████ | 100% ] r-chunk 1 / 1 · ETA 0 s
Finished zeta fitting at 20:44:46.  Elapsed: 0 s.
  [SlabIO.close] draining 1 pending writes for zeta_q.h5 …
  [SlabIO.close] Python dispatch drained in 5.6 s; joining writer thread
  [SlabIO.close] writer thread joined in 0.0 s; calling H5Fclose collectively
  [SlabIO.close] H5Fclose returned in 0.5 s
  Zeta output: /pscratch/sd/j/jackm/lorrax_sandbox/runs/Si/00_si_4x4x4_60band/D_lorrax_xonly_overlay_HEADOFF/tmp/zeta_q.h5  shape: (4,4,4,480,13824)
  Timing (1 r-chunks, 1.4s total):
    fit      1.39s  98.5%
    H5       0.02s   1.4%
    GPU high-water mark: 3.72 GB / 28.00 GB budget (13%)
    γ (runtime / AOT-pred) = 0.507  (AOT predicted 7.33 GB)
    V_q bare cutoff: 25.0 Ry
    V_q budget:    27.04 GB
    V_q mu chunks: 480
    V_q q batches: 4
  V_q (sharded): mesh=2x2, one-shot (Case A), q_chunk=64, μ_chunk=480 (1 μ-blocks), aligned=True, N_μ=480, N_G=645, predicted peak/rank=0.76 GB (V_ref+g0_ref=0.06 GB)
Started V_q computation at 20:44:56.
[ 20:44:56 | ░░░░░░░░░░ |   2% ] q-point  1 / 64 · ETA 0 s
[ 20:44:56 | █░░░░░░░░░ |   6% ] q-point  4 / 64 · ETA 0 s
[ 20:44:56 | █░░░░░░░░░ |  12% ] q-point  8 / 64 · ETA 0 s
[ 20:44:56 | ██░░░░░░░░ |  17% ] q-point 11 / 64 · ETA 0 s
[ 20:44:56 | ██░░░░░░░░ |  22% ] q-point 14 / 64 · ETA 0 s
[ 20:44:56 | ███░░░░░░░ |  28% ] q-point 18 / 64 · ETA 0 s
[ 20:44:56 | ███░░░░░░░ |  33% ] q-point 21 / 64 · ETA 0 s
[ 20:44:56 | ████░░░░░░ |  38% ] q-point 24 / 64 · ETA 0 s
[ 20:44:56 | ████░░░░░░ |  44% ] q-point 28 / 64 · ETA 0 s
[ 20:44:56 | █████░░░░░ |  48% ] q-point 31 / 64 · ETA 0 s
[ 20:44:56 | █████░░░░░ |  53% ] q-point 34 / 64 · ETA 0 s
[ 20:44:56 | ██████░░░░ |  58% ] q-point 37 / 64 · ETA 0 s
[ 20:44:56 | ██████░░░░ |  64% ] q-point 41 / 64 · ETA 0 s
[ 20:44:56 | ███████░░░ |  69% ] q-point 44 / 64 · ETA 0 s
[ 20:44:56 | ███████░░░ |  73% ] q-point 47 / 64 · ETA 0 s
[ 20:44:56 | ████████░░ |  80% ] q-point 51 / 64 · ETA 0 s
[ 20:44:56 | ████████░░ |  84% ] q-point 54 / 64 · ETA 0 s
[ 20:44:56 | █████████░ |  89% ] q-point 57 / 64 · ETA 0 s
[ 20:44:56 | ██████████ |  95% ] q-point 61 / 64 · ETA 0 s
[ 20:44:56 | ██████████ | 100% ] q-point 64 / 64 · ETA 0 s
Finished V_q computation at 20:44:56.  Elapsed: 0 s.
  [SlabIO.close] draining 0 pending writes for zeta_q.h5 …
  [SlabIO.close] Python dispatch drained in 0.0 s; joining writer thread
  [SlabIO.close] writer thread joined in 0.0 s; calling H5Fclose collectively
  [SlabIO.close] H5Fclose returned in 0.4 s

  V_q computed:
    Shape: (1, 1, 1, 4, 4, 4, 480, 480)
    V_q=0 trace: 5515914.2157
  [SlabIO.close] draining 3 pending writes for isdf_tensors_480.h5 …
  [SlabIO.close] Python dispatch drained in 1.1 s; joining writer thread
  [SlabIO.close] writer thread joined in 0.0 s; calling H5Fclose collectively
  [SlabIO.close] H5Fclose returned in 0.0 s
  Wavefunctions built (b0:b4=60 bands, 4 sharded copies: xn/xr/yr/yn)
  [SlabIO.close] draining 1 pending writes for isdf_tensors_480.h5 …
  [SlabIO.close] Python dispatch drained in 0.3 s; joining writer thread
  [SlabIO.close] writer thread joined in 0.0 s; calling H5Fclose collectively
  [SlabIO.close] H5Fclose returned in 0.0 s
  Chunked ISDF path complete

------------------------------------------------------------------------
  FINITE-SIZE CORRECTIONS
------------------------------------------------------------------------
  Head source: override
  v(q→0)  =        0.000 a.u.  (bare Coulomb head)

------------------------------------------------------------------------
  STATIC HEAD TERMS (exact COHSEX / BGW-style)
------------------------------------------------------------------------
  Head source: override
  v_h(q→0)           =     0.000000 a.u.
  W_h(q→0, ω=0)      =     0.000000 a.u.
  W_h^c              =     0.000000 a.u.
  Σ^X head (occ)     = 0.000000e+00 Ry
  Σ^SX head (occ)    = 0.000000e+00 Ry
  Σ^(SX-X) head(occ) = 0.000000e+00 Ry
  Σ^COH head (all)   = 0.000000e+00 Ry
  Bare Σ_X diagonal (eV), k=0: -14.8211  -14.8211  -10.3027  -10.3027  -10.2843  -10.2860  -10.2849  -10.2863

  Output: /pscratch/sd/j/jackm/lorrax_sandbox/runs/Si/00_si_4x4x4_60band/D_lorrax_xonly_overlay_HEADOFF/eqp0.dat
  Restart:  /pscratch/sd/j/jackm/lorrax_sandbox/runs/Si/00_si_4x4x4_60band/D_lorrax_xonly_overlay_HEADOFF/tmp/isdf_tensors_480.h5

--- Timing ---
Total recorded: 19.344 s
Section                                            Count    Total[s]     Self[s]      %
gw_jax.load_centroid_wfns                              1       1.274       1.142    6.6
  load_wfns.precompute_owned                           1       0.000       0.000    0.0
  load_wfns.k_loop                                     1       0.024       0.024    0.1
  load_wfns.scatter                                    1       0.038       0.038    0.2
  load_wfns.make_global_array                          1       0.070       0.070    0.4
gw_jax.zeta_fit_chunked                                1      12.467       0.889   64.4
  zeta_fit.slice_halves                                1       0.033       0.033    0.2
  zeta_fit.CCT                                         1       0.158       0.158    0.8
  zeta_fit.cholesky                                    1       2.153       2.153   11.1
  zeta_fit.gc_pre_chunk_loop                           1       0.069       0.069    0.4
  zeta_fit.open_file                                   1       1.660       1.660    8.6
  zeta_fit.chunk_loop                                  1       1.411       0.000    7.3
    zeta_fit.chunk.fit_one_rchunk                      1       1.390       1.390    7.2
    zeta_fit.chunk.h5_write                            1       0.020       0.020    0.1
  zeta_fit.close_io                                    1       6.092       6.092   31.5
  zeta_fit.sync_global                                 1       0.002       0.002    0.0
gw_jax.V_q_compute                                     1       4.353       0.559   22.5
  compute_all_V_q_sharded                              1       3.795       3.795   19.6
gw_jax.wavefunction_setup                              1       0.029       0.029    0.2
gw_jax.sigma                                           1       1.221       1.221    6.3
