[lxrun] JID 52926821 · 4 nodes · 3:52:41 left · 4/4 free · incoming: lx-A
  1  nid001100  free   —              —      —  ← starting lx-A  python3 -u -m gw.gw_jax 
  2  nid001101  free   —              —      —  ← starting lx-A  python3 -u -m gw.gw_jax 
  3  nid001129  free   —              —      —  ← starting lx-A  python3 -u -m gw.gw_jax 
  4  nid001132  free   —              —      —  ← starting lx-A  python3 -u -m gw.gw_jax 

========================================================================
  COHSEX-JAX: Self-Energy Calculation
========================================================================
  Backend: GPU       Devices: 16  Mesh: 4×4  Processes: 16
  Device type: NVIDIA A100-SXM4-40GB
  XLA preallocate: false  mem_fraction: unset
========================================================================

  ISDF basis: 1504 centroids
  FFT grid: 75×75×200   Cell volume: 4960.60 a.u.³

    K-point chunking: 23 k-pts per FFT batch (total 36)
    K-point chunking: 23 k-pts per FFT batch (total 36)
    K-point chunking: 23 k-pts per FFT batch (total 36)
    K-point chunking: 23 k-pts per FFT batch (total 36)
    K-point chunking: 23 k-pts per FFT batch (total 36)
    K-point chunking: 23 k-pts per FFT batch (total 36)
    K-point chunking: 23 k-pts per FFT batch (total 36)
    K-point chunking: 23 k-pts per FFT batch (total 36)
  K-point chunking: 6 chunks of 6 (total 36 k-points)
  K-point chunking: 6 chunks of 6 (total 36 k-points)
  K-point chunking: 6 chunks of 6 (total 36 k-points)
  K-point chunking: 6 chunks of 6 (total 36 k-points)
  K-point chunking: 6 chunks of 6 (total 36 k-points)
  K-point chunking: 6 chunks of 6 (total 36 k-points)
  K-point chunking: 6 chunks of 6 (total 36 k-points)
  K-point chunking: 6 chunks of 6 (total 36 k-points)
    K-point chunking: 23 k-pts per FFT batch (total 36)
    K-point chunking: 23 k-pts per FFT batch (total 36)
    K-point chunking: 23 k-pts per FFT batch (total 36)
    K-point chunking: 23 k-pts per FFT batch (total 36)
  K-point chunking: 6 chunks of 6 (total 36 k-points)
  K-point chunking: 6 chunks of 6 (total 36 k-points)
  K-point chunking: 6 chunks of 6 (total 36 k-points)
  K-point chunking: 6 chunks of 6 (total 36 k-points)
    K-point chunking: 23 k-pts per FFT batch (total 36)
    K-point chunking: 23 k-pts per FFT batch (total 36)
    K-point chunking: 23 k-pts per FFT batch (total 36)
    K-point chunking: 23 k-pts per FFT batch (total 36)
  K-point chunking: 6 chunks of 6 (total 36 k-points)
  K-point chunking: 6 chunks of 6 (total 36 k-points)
  K-point chunking: 6 chunks of 6 (total 36 k-points)
  K-point chunking: 6 chunks of 6 (total 36 k-points)
    Memory estimate: peak 58.19 GB (budget 60.00 GB), bottleneck=fft
    Per-stage: fft=58.19  zct=13.92  reshard=2.38  solve=1.86  gather=1.65 GB
    AOT fit_one_rchunk peak (driver-level): 3.92 GB

  Zeta fitting: 16 r-chunks x 73328 r-points, 160 bands (150 left + 160 right)
  Output: /pscratch/sd/j/jackm/lorrax_sandbox/runs/CrI3/M_6x6_80Ry_2026-05-07/lorrax_A_hlo_dump_2026-05-13/tmp/zeta_q.h5

  Zeta fitting: 16 r-chunks x 73328 r-points, 160 bands (150 left + 160 right)
  Output: /pscratch/sd/j/jackm/lorrax_sandbox/runs/CrI3/M_6x6_80Ry_2026-05-07/lorrax_A_hlo_dump_2026-05-13/tmp/zeta_q.h5

  Zeta fitting: 16 r-chunks x 73328 r-points, 160 bands (150 left + 160 right)
  Output: /pscratch/sd/j/jackm/lorrax_sandbox/runs/CrI3/M_6x6_80Ry_2026-05-07/lorrax_A_hlo_dump_2026-05-13/tmp/zeta_q.h5

  Zeta fitting: 16 r-chunks x 73328 r-points, 160 bands (150 left + 160 right)
  Output: /pscratch/sd/j/jackm/lorrax_sandbox/runs/CrI3/M_6x6_80Ry_2026-05-07/lorrax_A_hlo_dump_2026-05-13/tmp/zeta_q.h5

  Zeta fitting: 16 r-chunks x 73328 r-points, 160 bands (150 left + 160 right)
  Output: /pscratch/sd/j/jackm/lorrax_sandbox/runs/CrI3/M_6x6_80Ry_2026-05-07/lorrax_A_hlo_dump_2026-05-13/tmp/zeta_q.h5

  G-flat memory model — chunk plan + HWM estimate
    band_chunk         = 16
    r_chunk            = 73328  (16 chunks)
    gflat_chunk_size   = 555
    budget             = 60.00 GB/dev
    HWM estimate       = 51.96 GB/dev (87% of budget) [bottleneck: C_fit_one_rchunk]
    peak breakdown (GB/dev):
      C_fit_one_rchunk........   51.96
      D_accumulate............   47.58
      A_centroid..............    5.87
      B_CCT_chol..............    0.81

  Chunked ISDF fitting:
    Band chunks: 16
    R chunks:    73328 (contiguous r-space)
    Q chunks:    36
    GFlat cs:    64
    Zeta output: /pscratch/sd/j/jackm/lorrax_sandbox/runs/CrI3/M_6x6_80Ry_2026-05-07/lorrax_A_hlo_dump_2026-05-13/tmp/zeta_q.h5
    cutoffs: zeta = 80.0 Ry, bare-Coulomb = 80.0 Ry  (ecutwfc=80.0, ecutrho=320.0)

  Zeta fitting: 16 r-chunks x 73328 r-points, 160 bands (150 left + 160 right)
  Output: /pscratch/sd/j/jackm/lorrax_sandbox/runs/CrI3/M_6x6_80Ry_2026-05-07/lorrax_A_hlo_dump_2026-05-13/tmp/zeta_q.h5

  Zeta fitting: 16 r-chunks x 73328 r-points, 160 bands (150 left + 160 right)
  Output: /pscratch/sd/j/jackm/lorrax_sandbox/runs/CrI3/M_6x6_80Ry_2026-05-07/lorrax_A_hlo_dump_2026-05-13/tmp/zeta_q.h5

  Zeta fitting: 16 r-chunks x 73328 r-points, 160 bands (150 left + 160 right)
  Output: /pscratch/sd/j/jackm/lorrax_sandbox/runs/CrI3/M_6x6_80Ry_2026-05-07/lorrax_A_hlo_dump_2026-05-13/tmp/zeta_q.h5

  Zeta fitting: 16 r-chunks x 73328 r-points, 160 bands (150 left + 160 right)
  Output: /pscratch/sd/j/jackm/lorrax_sandbox/runs/CrI3/M_6x6_80Ry_2026-05-07/lorrax_A_hlo_dump_2026-05-13/tmp/zeta_q.h5

  Zeta fitting: 16 r-chunks x 73328 r-points, 160 bands (150 left + 160 right)
  Output: /pscratch/sd/j/jackm/lorrax_sandbox/runs/CrI3/M_6x6_80Ry_2026-05-07/lorrax_A_hlo_dump_2026-05-13/tmp/zeta_q.h5

  Zeta fitting: 16 r-chunks x 73328 r-points, 160 bands (150 left + 160 right)
  Output: /pscratch/sd/j/jackm/lorrax_sandbox/runs/CrI3/M_6x6_80Ry_2026-05-07/lorrax_A_hlo_dump_2026-05-13/tmp/zeta_q.h5

  Zeta fitting: 16 r-chunks x 73328 r-points, 160 bands (150 left + 160 right)
  Output: /pscratch/sd/j/jackm/lorrax_sandbox/runs/CrI3/M_6x6_80Ry_2026-05-07/lorrax_A_hlo_dump_2026-05-13/tmp/zeta_q.h5

  Zeta fitting: 16 r-chunks x 73328 r-points, 160 bands (150 left + 160 right)
  Output: /pscratch/sd/j/jackm/lorrax_sandbox/runs/CrI3/M_6x6_80Ry_2026-05-07/lorrax_A_hlo_dump_2026-05-13/tmp/zeta_q.h5

  Zeta fitting: 16 r-chunks x 73328 r-points, 160 bands (150 left + 160 right)
  Output: /pscratch/sd/j/jackm/lorrax_sandbox/runs/CrI3/M_6x6_80Ry_2026-05-07/lorrax_A_hlo_dump_2026-05-13/tmp/zeta_q.h5

  Zeta fitting: 16 r-chunks x 73328 r-points, 160 bands (150 left + 160 right)
  Output: /pscratch/sd/j/jackm/lorrax_sandbox/runs/CrI3/M_6x6_80Ry_2026-05-07/lorrax_A_hlo_dump_2026-05-13/tmp/zeta_q.h5

  Zeta fitting: 16 r-chunks x 73328 r-points, 160 bands (150 left + 160 right)
  Output: /pscratch/sd/j/jackm/lorrax_sandbox/runs/CrI3/M_6x6_80Ry_2026-05-07/lorrax_A_hlo_dump_2026-05-13/tmp/zeta_q.h5
  Left wfns:  (36, 150, 2, 1504)
  Right wfns: (36, 160, 2, 1504)
  Left wfns:  (36, 150, 2, 1504)
  Right wfns: (36, 160, 2, 1504)
  Left wfns:  (36, 150, 2, 1504)
  Right wfns: (36, 160, 2, 1504)
  Left wfns:  (36, 150, 2, 1504)
  Right wfns: (36, 160, 2, 1504)
  Left wfns:  (36, 150, 2, 1504)
  Right wfns: (36, 160, 2, 1504)
  Left wfns:  (36, 150, 2, 1504)
  Right wfns: (36, 160, 2, 1504)
  Left wfns:  (36, 150, 2, 1504)
  Right wfns: (36, 160, 2, 1504)
  Left wfns:  (36, 150, 2, 1504)
  Right wfns: (36, 160, 2, 1504)
  Left wfns:  (36, 150, 2, 1504)
  Right wfns: (36, 160, 2, 1504)
  Left wfns:  (36, 150, 2, 1504)
  Right wfns: (36, 160, 2, 1504)
  Left wfns:  (36, 150, 2, 1504)
  Right wfns: (36, 160, 2, 1504)
  Left wfns:  (36, 150, 2, 1504)
  Right wfns: (36, 160, 2, 1504)
  Left wfns:  (36, 150, 2, 1504)
  Right wfns: (36, 160, 2, 1504)
  Left wfns:  (36, 150, 2, 1504)
  Right wfns: (36, 160, 2, 1504)
  Left wfns:  (36, 150, 2, 1504)
  Right wfns: (36, 160, 2, 1504)
  Left wfns:  (36, 150, 2, 1504)
  Right wfns: (36, 160, 2, 1504)
  Computing C_q via shard_map pipeline (open-spin, charge γ̃^0=I)
  Computing C_q via shard_map pipeline (open-spin, charge γ̃^0=I)
  Computing C_q via shard_map pipeline (open-spin, charge γ̃^0=I)
  Computing C_q via shard_map pipeline (open-spin, charge γ̃^0=I)
  Computing C_q via shard_map pipeline (open-spin, charge γ̃^0=I)
  Computing C_q via shard_map pipeline (open-spin, charge γ̃^0=I)
  Computing C_q via shard_map pipeline (open-spin, charge γ̃^0=I)
  Computing C_q via shard_map pipeline (open-spin, charge γ̃^0=I)
  Computing C_q via shard_map pipeline (open-spin, charge γ̃^0=I)
  Computing C_q via shard_map pipeline (open-spin, charge γ̃^0=I)
  Computing C_q via shard_map pipeline (open-spin, charge γ̃^0=I)
  Computing C_q via shard_map pipeline (open-spin, charge γ̃^0=I)
  Computing C_q via shard_map pipeline (open-spin, charge γ̃^0=I)
  Computing C_q via shard_map pipeline (open-spin, charge γ̃^0=I)
  Computing C_q via shard_map pipeline (open-spin, charge γ̃^0=I)
  Computing C_q via shard_map pipeline (open-spin, charge γ̃^0=I)
  Computing L_q = chol(C_q)  [PSD, charge channel, path=cusolvermp_cholesky]
  Computing L_q = chol(C_q)  [PSD, charge channel, path=cusolvermp_cholesky]
  Computing L_q = chol(C_q)  [PSD, charge channel, path=cusolvermp_cholesky]
  Computing L_q = chol(C_q)  [PSD, charge channel, path=cusolvermp_cholesky]
  Computing L_q = chol(C_q)  [PSD, charge channel, path=cusolvermp_cholesky]
  Computing L_q = chol(C_q)  [PSD, charge channel, path=cusolvermp_cholesky]
  Computing L_q = chol(C_q)  [PSD, charge channel, path=cusolvermp_cholesky]
  Computing L_q = chol(C_q)  [PSD, charge channel, path=cusolvermp_cholesky]
  Computing L_q = chol(C_q)  [PSD, charge channel, path=cusolvermp_cholesky]
  Computing L_q = chol(C_q)  [PSD, charge channel, path=cusolvermp_cholesky]
  Computing L_q = chol(C_q)  [PSD, charge channel, path=cusolvermp_cholesky]
  Computing L_q = chol(C_q)  [PSD, charge channel, path=cusolvermp_cholesky]
  Computing L_q = chol(C_q)  [PSD, charge channel, path=cusolvermp_cholesky]
  Computing L_q = chol(C_q)  [PSD, charge channel, path=cusolvermp_cholesky]
  Computing L_q = chol(C_q)  [PSD, charge channel, path=cusolvermp_cholesky]
  Computing L_q = chol(C_q)  [PSD, charge channel, path=cusolvermp_cholesky]
[lorrax cusolverMp] library 0.7.2, NCCL 2.26.3, comm path: NCCL, grid: 4x4 (row-major)
  L_q: (36, 1504, 1504)
  L_q: (36, 1504, 1504)
  L_q: (36, 1504, 1504)
  L_q: (36, 1504, 1504)
  L_q: (36, 1504, 1504)
  L_q: (36, 1504, 1504)
  L_q: (36, 1504, 1504)
  L_q: (36, 1504, 1504)
  L_q: (36, 1504, 1504)
  L_q: (36, 1504, 1504)
  L_q: (36, 1504, 1504)
  L_q: (36, 1504, 1504)
  L_q: (36, 1504, 1504)
  L_q: (36, 1504, 1504)
  L_q: (36, 1504, 1504)
  L_q: (36, 1504, 1504)
  q-IBZ reduction: centroid orbit closure failed — falling back to full-BZ on disk.  Reason: compute_centroid_sym_perm: centroid orbit closure failed.  sym 1 maps centroid μ=0 (at fft_idx [50, 22, 2]) to fft_idx [47, 25, 2], which is NOT in the centroid table.  Total failures: 7444 / 9024.  Regenerate centroids with orbit-aware kmeans or fall back to identity-only sym.
  q axis on disk: full BZ (36 q-points) (write_ibz_only=False or closure check failed)
  q axis on disk: full BZ (36 q-points) (write_ibz_only=False or closure check failed)
  q axis on disk: full BZ (36 q-points) (write_ibz_only=False or closure check failed)
  q axis on disk: full BZ (36 q-points) (write_ibz_only=False or closure check failed)
  q axis on disk: full BZ (36 q-points) (write_ibz_only=False or closure check failed)
  q axis on disk: full BZ (36 q-points) (write_ibz_only=False or closure check failed)
  q axis on disk: full BZ (36 q-points) (write_ibz_only=False or closure check failed)
  q axis on disk: full BZ (36 q-points) (write_ibz_only=False or closure check failed)
  q axis on disk: full BZ (36 q-points) (write_ibz_only=False or closure check failed)
  q axis on disk: full BZ (36 q-points) (write_ibz_only=False or closure check failed)
  q axis on disk: full BZ (36 q-points) (write_ibz_only=False or closure check failed)
  q axis on disk: full BZ (36 q-points) (write_ibz_only=False or closure check failed)
  q axis on disk: full BZ (36 q-points) (write_ibz_only=False or closure check failed)
  q axis on disk: full BZ (36 q-points) (write_ibz_only=False or closure check failed)
  q axis on disk: full BZ (36 q-points) (write_ibz_only=False or closure check failed)
  q axis on disk: full BZ (36 q-points) (write_ibz_only=False or closure check failed)
  G-flat ζ sphere: ngkmax=59990, min ngk=59826, max ngk=59990 (5.332% of n_rtot)
/global/u2/j/jackm/software/lorrax_A/src/file_io/_slab_io_ffi.py:453: UserWarning: FFI backend: chunks/attrs on create_dataset currently no-op; pre-create with h5py if you need explicit chunking or attrs.
  warnings.warn(
/global/u2/j/jackm/software/lorrax_A/src/file_io/_slab_io_ffi.py:453: UserWarning: FFI backend: chunks/attrs on create_dataset currently no-op; pre-create with h5py if you need explicit chunking or attrs.
  warnings.warn(
/global/u2/j/jackm/software/lorrax_A/src/file_io/_slab_io_ffi.py:453: UserWarning: FFI backend: chunks/attrs on create_dataset currently no-op; pre-create with h5py if you need explicit chunking or attrs.
  warnings.warn(
/global/u2/j/jackm/software/lorrax_A/src/file_io/_slab_io_ffi.py:453: UserWarning: FFI backend: chunks/attrs on create_dataset currently no-op; pre-create with h5py if you need explicit chunking or attrs.
  warnings.warn(
/global/u2/j/jackm/software/lorrax_A/src/file_io/_slab_io_ffi.py:453: UserWarning: FFI backend: chunks/attrs on create_dataset currently no-op; pre-create with h5py if you need explicit chunking or attrs.
  warnings.warn(
/global/u2/j/jackm/software/lorrax_A/src/file_io/_slab_io_ffi.py:453: UserWarning: FFI backend: chunks/attrs on create_dataset currently no-op; pre-create with h5py if you need explicit chunking or attrs.
  warnings.warn(
/global/u2/j/jackm/software/lorrax_A/src/file_io/_slab_io_ffi.py:453: UserWarning: FFI backend: chunks/attrs on create_dataset currently no-op; pre-create with h5py if you need explicit chunking or attrs.
  warnings.warn(
/global/u2/j/jackm/software/lorrax_A/src/file_io/_slab_io_ffi.py:453: UserWarning: FFI backend: chunks/attrs on create_dataset currently no-op; pre-create with h5py if you need explicit chunking or attrs.
  warnings.warn(
/global/u2/j/jackm/software/lorrax_A/src/file_io/_slab_io_ffi.py:453: UserWarning: FFI backend: chunks/attrs on create_dataset currently no-op; pre-create with h5py if you need explicit chunking or attrs.
  warnings.warn(
/global/u2/j/jackm/software/lorrax_A/src/file_io/_slab_io_ffi.py:453: UserWarning: FFI backend: chunks/attrs on create_dataset currently no-op; pre-create with h5py if you need explicit chunking or attrs.
  warnings.warn(
/global/u2/j/jackm/software/lorrax_A/src/file_io/_slab_io_ffi.py:453: UserWarning: FFI backend: chunks/attrs on create_dataset currently no-op; pre-create with h5py if you need explicit chunking or attrs.
  warnings.warn(
/global/u2/j/jackm/software/lorrax_A/src/file_io/_slab_io_ffi.py:453: UserWarning: FFI backend: chunks/attrs on create_dataset currently no-op; pre-create with h5py if you need explicit chunking or attrs.
  warnings.warn(
/global/u2/j/jackm/software/lorrax_A/src/file_io/_slab_io_ffi.py:453: UserWarning: FFI backend: chunks/attrs on create_dataset currently no-op; pre-create with h5py if you need explicit chunking or attrs.
  warnings.warn(
/global/u2/j/jackm/software/lorrax_A/src/file_io/_slab_io_ffi.py:453: UserWarning: FFI backend: chunks/attrs on create_dataset currently no-op; pre-create with h5py if you need explicit chunking or attrs.
  warnings.warn(
/global/u2/j/jackm/software/lorrax_A/src/file_io/_slab_io_ffi.py:453: UserWarning: FFI backend: chunks/attrs on create_dataset currently no-op; pre-create with h5py if you need explicit chunking or attrs.
  warnings.warn(
/global/u2/j/jackm/software/lorrax_A/src/file_io/_slab_io_ffi.py:453: UserWarning: FFI backend: chunks/attrs on create_dataset currently no-op; pre-create with h5py if you need explicit chunking or attrs.
  warnings.warn(
  ψ(G-flat) host cache: 0.69 GB/process resident
  G-flat ζ accumulator: N=3384 rows/rank (n_q=36 × n_mu_local=94); chunk_size=64 → per-iter FFT box 1.15 GB/rank
E0513 15:31:06.345390  381373 pjrt_stream_executor_client.cc:3077] Execution of replica 0 failed: RESOURCE_EXHAUSTED: Failed to allocate request for 196.30GiB (210781201760B) on device ordinal 0
Traceback (most recent call last):
  File "<frozen runpy>", line 198, in _run_module_as_main
  File "<frozen runpy>", line 88, in _run_code
  File "/global/u2/j/jackm/software/lorrax_A/src/gw/gw_jax.py", line 897, in <module>
    raise SystemExit(main())
                     ^^^^^^
  File "/global/u2/j/jackm/software/lorrax_A/src/gw/gw_jax.py", line 169, in main
    isdf = prepare_isdf_and_wavefunctions(
           ^^^^^^^^^^^^^^^^^^^^^^^^^^^^^^^
  File "/global/u2/j/jackm/software/lorrax_A/src/gw/gw_init.py", line 1187, in prepare_isdf_and_wavefunctions
    zeta_path, mem_est, transverse_wfn_data = fit_zeta(
                                              ^^^^^^^^^
  File "/global/u2/j/jackm/software/lorrax_A/src/gw/gw_init.py", line 684, in fit_zeta
    peak_bytes = fit_zeta_to_h5(
                 ^^^^^^^^^^^^^^^
  File "/global/u2/j/jackm/software/lorrax_A/src/common/isdf_fitting.py", line 2130, in fit_zeta_to_h5
    zeta_chunk = fit_one_rchunk(
                 ^^^^^^^^^^^^^^^
  File "/global/u2/j/jackm/software/lorrax_A/src/common/isdf_fitting.py", line 1414, in fit_one_rchunk
E0513 15:31:06.401309  381376 pjrt_stream_executor_client.cc:3077] Execution of replica 0 failed: RESOURCE_EXHAUSTED: Failed to allocate request for 196.30GiB (210781201760B) on device ordinal 0
    return fn(
           ^^^
jaxlib.xla_extension.XlaRuntimeError: RESOURCE_EXHAUSTED: Failed to allocate request for 196.30GiB (210781201760B) on device ordinal 0
--------------------
For simplicity, JAX has removed its internal frames from the traceback of the following exception. Set JAX_TRACEBACK_FILTERING=off to include these.
E0513 15:31:06.406728  508898 pjrt_stream_executor_client.cc:3077] Execution of replica 0 failed: RESOURCE_EXHAUSTED: Failed to allocate request for 196.30GiB (210781201760B) on device ordinal 0
Traceback (most recent call last):
  File "<frozen runpy>", line 198, in _run_module_as_main
  File "<frozen runpy>", line 88, in _run_code
  File "/global/u2/j/jackm/software/lorrax_A/src/gw/gw_jax.py", line 897, in <module>
    raise SystemExit(main())
                     ^^^^^^
  File "/global/u2/j/jackm/software/lorrax_A/src/gw/gw_jax.py", line 169, in main
    isdf = prepare_isdf_and_wavefunctions(
           ^^^^^^^^^^^^^^^^^^^^^^^^^^^^^^^
  File "/global/u2/j/jackm/software/lorrax_A/src/gw/gw_init.py", line 1187, in prepare_isdf_and_wavefunctions
E0513 15:31:06.414428  381374 pjrt_stream_executor_client.cc:3077] Execution of replica 0 failed: RESOURCE_EXHAUSTED: Failed to allocate request for 196.30GiB (210781201760B) on device ordinal 0
    zeta_path, mem_est, transverse_wfn_data = fit_zeta(
                                              ^^^^^^^^^
  File "/global/u2/j/jackm/software/lorrax_A/src/gw/gw_init.py", line 684, in fit_zeta
    peak_bytes = fit_zeta_to_h5(
                 ^^^^^^^^^^^^^^^
  File "/global/u2/j/jackm/software/lorrax_A/src/common/isdf_fitting.py", line 2130, in fit_zeta_to_h5
Traceback (most recent call last):
  File "<frozen runpy>", line 198, in _run_module_as_main
  File "<frozen runpy>", line 88, in _run_code
  File "/global/u2/j/jackm/software/lorrax_A/src/gw/gw_jax.py", line 897, in <module>
Traceback (most recent call last):
  File "<frozen runpy>", line 198, in _run_module_as_main
  File "<frozen runpy>", line 88, in _run_code
  File "/global/u2/j/jackm/software/lorrax_A/src/gw/gw_jax.py", line 897, in <module>
    zeta_chunk = fit_one_rchunk(
                 ^^^^^^^^^^^^^^^
  File "/global/u2/j/jackm/software/lorrax_A/src/common/isdf_fitting.py", line 1414, in fit_one_rchunk
    raise SystemExit(main())
                     ^^^^^^
  File "/global/u2/j/jackm/software/lorrax_A/src/gw/gw_jax.py", line 169, in main
    raise SystemExit(main())
                     ^^^^^^
  File "/global/u2/j/jackm/software/lorrax_A/src/gw/gw_jax.py", line 169, in main
    return fn(
           ^^^
jaxlib.xla_extension.XlaRuntimeError: RESOURCE_EXHAUSTED: Failed to allocate request for 196.30GiB (210781201760B) on device ordinal 0
--------------------
For simplicity, JAX has removed its internal frames from the traceback of the following exception. Set JAX_TRACEBACK_FILTERING=off to include these.
    isdf = prepare_isdf_and_wavefunctions(
           ^^^^^^^^^^^^^^^^^^^^^^^^^^^^^^^
  File "/global/u2/j/jackm/software/lorrax_A/src/gw/gw_init.py", line 1187, in prepare_isdf_and_wavefunctions
    isdf = prepare_isdf_and_wavefunctions(
           ^^^^^^^^^^^^^^^^^^^^^^^^^^^^^^^
  File "/global/u2/j/jackm/software/lorrax_A/src/gw/gw_init.py", line 1187, in prepare_isdf_and_wavefunctions
    zeta_path, mem_est, transverse_wfn_data = fit_zeta(
                                              ^^^^^^^^^
  File "/global/u2/j/jackm/software/lorrax_A/src/gw/gw_init.py", line 684, in fit_zeta
    zeta_path, mem_est, transverse_wfn_data = fit_zeta(
                                              ^^^^^^^^^
  File "/global/u2/j/jackm/software/lorrax_A/src/gw/gw_init.py", line 684, in fit_zeta
    peak_bytes = fit_zeta_to_h5(
                 ^^^^^^^^^^^^^^^
  File "/global/u2/j/jackm/software/lorrax_A/src/common/isdf_fitting.py", line 2130, in fit_zeta_to_h5
    peak_bytes = fit_zeta_to_h5(
                 ^^^^^^^^^^^^^^^
  File "/global/u2/j/jackm/software/lorrax_A/src/common/isdf_fitting.py", line 2130, in fit_zeta_to_h5
    zeta_chunk = fit_one_rchunk(
                 ^^^^^^^^^^^^^^^
  File "/global/u2/j/jackm/software/lorrax_A/src/common/isdf_fitting.py", line 1414, in fit_one_rchunk
    zeta_chunk = fit_one_rchunk(
                 ^^^^^^^^^^^^^^^
  File "/global/u2/j/jackm/software/lorrax_A/src/common/isdf_fitting.py", line 1414, in fit_one_rchunk
    return fn(
           ^^^
jaxlib.xla_extension.XlaRuntimeError: RESOURCE_EXHAUSTED: Failed to allocate request for 196.30GiB (210781201760B) on device ordinal 0
--------------------
For simplicity, JAX has removed its internal frames from the traceback of the following exception. Set JAX_TRACEBACK_FILTERING=off to include these.
    return fn(
           ^^^
jaxlib.xla_extension.XlaRuntimeError: RESOURCE_EXHAUSTED: Failed to allocate request for 196.30GiB (210781201760B) on device ordinal 0
--------------------
For simplicity, JAX has removed its internal frames from the traceback of the following exception. Set JAX_TRACEBACK_FILTERING=off to include these.
E0513 15:31:06.449425  381378 pjrt_stream_executor_client.cc:3077] Execution of replica 0 failed: RESOURCE_EXHAUSTED: Failed to allocate request for 196.30GiB (210781201760B) on device ordinal 0
Traceback (most recent call last):
  File "<frozen runpy>", line 198, in _run_module_as_main
  File "<frozen runpy>", line 88, in _run_code
  File "/global/u2/j/jackm/software/lorrax_A/src/gw/gw_jax.py", line 897, in <module>
    raise SystemExit(main())
                     ^^^^^^
  File "/global/u2/j/jackm/software/lorrax_A/src/gw/gw_jax.py", line 169, in main
    isdf = prepare_isdf_and_wavefunctions(
           ^^^^^^^^^^^^^^^^^^^^^^^^^^^^^^^
  File "/global/u2/j/jackm/software/lorrax_A/src/gw/gw_init.py", line 1187, in prepare_isdf_and_wavefunctions
    zeta_path, mem_est, transverse_wfn_data = fit_zeta(
                                              ^^^^^^^^^
  File "/global/u2/j/jackm/software/lorrax_A/src/gw/gw_init.py", line 684, in fit_zeta
    peak_bytes = fit_zeta_to_h5(
                 ^^^^^^^^^^^^^^^
  File "/global/u2/j/jackm/software/lorrax_A/src/common/isdf_fitting.py", line 2130, in fit_zeta_to_h5
E0513 15:31:06.466080  508899 pjrt_stream_executor_client.cc:3077] Execution of replica 0 failed: RESOURCE_EXHAUSTED: Failed to allocate request for 196.30GiB (210781201760B) on device ordinal 0
    zeta_chunk = fit_one_rchunk(
                 ^^^^^^^^^^^^^^^
  File "/global/u2/j/jackm/software/lorrax_A/src/common/isdf_fitting.py", line 1414, in fit_one_rchunk
    return fn(
           ^^^
jaxlib.xla_extension.XlaRuntimeError: RESOURCE_EXHAUSTED: Failed to allocate request for 196.30GiB (210781201760B) on device ordinal 0
--------------------
For simplicity, JAX has removed its internal frames from the traceback of the following exception. Set JAX_TRACEBACK_FILTERING=off to include these.
Traceback (most recent call last):
  File "<frozen runpy>", line 198, in _run_module_as_main
  File "<frozen runpy>", line 88, in _run_code
  File "/global/u2/j/jackm/software/lorrax_A/src/gw/gw_jax.py", line 897, in <module>
    raise SystemExit(main())
                     ^^^^^^
  File "/global/u2/j/jackm/software/lorrax_A/src/gw/gw_jax.py", line 169, in main
    isdf = prepare_isdf_and_wavefunctions(
           ^^^^^^^^^^^^^^^^^^^^^^^^^^^^^^^
  File "/global/u2/j/jackm/software/lorrax_A/src/gw/gw_init.py", line 1187, in prepare_isdf_and_wavefunctions
    zeta_path, mem_est, transverse_wfn_data = fit_zeta(
                                              ^^^^^^^^^
  File "/global/u2/j/jackm/software/lorrax_A/src/gw/gw_init.py", line 684, in fit_zeta
    peak_bytes = fit_zeta_to_h5(
                 ^^^^^^^^^^^^^^^
  File "/global/u2/j/jackm/software/lorrax_A/src/common/isdf_fitting.py", line 2130, in fit_zeta_to_h5
E0513 15:31:06.487087  850505 pjrt_stream_executor_client.cc:3077] Execution of replica 0 failed: RESOURCE_EXHAUSTED: Failed to allocate request for 196.30GiB (210781201760B) on device ordinal 0
    zeta_chunk = fit_one_rchunk(
                 ^^^^^^^^^^^^^^^
  File "/global/u2/j/jackm/software/lorrax_A/src/common/isdf_fitting.py", line 1414, in fit_one_rchunk
    return fn(
           ^^^
jaxlib.xla_extension.XlaRuntimeError: RESOURCE_EXHAUSTED: Failed to allocate request for 196.30GiB (210781201760B) on device ordinal 0
--------------------
For simplicity, JAX has removed its internal frames from the traceback of the following exception. Set JAX_TRACEBACK_FILTERING=off to include these.
E0513 15:31:06.504416  508901 pjrt_stream_executor_client.cc:3077] Execution of replica 0 failed: RESOURCE_EXHAUSTED: Failed to allocate request for 196.30GiB (210781201760B) on device ordinal 0
Traceback (most recent call last):
  File "<frozen runpy>", line 198, in _run_module_as_main
  File "<frozen runpy>", line 88, in _run_code
  File "/global/u2/j/jackm/software/lorrax_A/src/gw/gw_jax.py", line 897, in <module>
    raise SystemExit(main())
                     ^^^^^^
  File "/global/u2/j/jackm/software/lorrax_A/src/gw/gw_jax.py", line 169, in main
Traceback (most recent call last):
  File "<frozen runpy>", line 198, in _run_module_as_main
  File "<frozen runpy>", line 88, in _run_code
  File "/global/u2/j/jackm/software/lorrax_A/src/gw/gw_jax.py", line 897, in <module>
    isdf = prepare_isdf_and_wavefunctions(
           ^^^^^^^^^^^^^^^^^^^^^^^^^^^^^^^
  File "/global/u2/j/jackm/software/lorrax_A/src/gw/gw_init.py", line 1187, in prepare_isdf_and_wavefunctions
    raise SystemExit(main())
                     ^^^^^^
  File "/global/u2/j/jackm/software/lorrax_A/src/gw/gw_jax.py", line 169, in main
    zeta_path, mem_est, transverse_wfn_data = fit_zeta(
                                              ^^^^^^^^^
  File "/global/u2/j/jackm/software/lorrax_A/src/gw/gw_init.py", line 684, in fit_zeta
    isdf = prepare_isdf_and_wavefunctions(
           ^^^^^^^^^^^^^^^^^^^^^^^^^^^^^^^
  File "/global/u2/j/jackm/software/lorrax_A/src/gw/gw_init.py", line 1187, in prepare_isdf_and_wavefunctions
    peak_bytes = fit_zeta_to_h5(
                 ^^^^^^^^^^^^^^^
  File "/global/u2/j/jackm/software/lorrax_A/src/common/isdf_fitting.py", line 2130, in fit_zeta_to_h5
    zeta_path, mem_est, transverse_wfn_data = fit_zeta(
                                              ^^^^^^^^^
  File "/global/u2/j/jackm/software/lorrax_A/src/gw/gw_init.py", line 684, in fit_zeta
    peak_bytes = fit_zeta_to_h5(
                 ^^^^^^^^^^^^^^^
  File "/global/u2/j/jackm/software/lorrax_A/src/common/isdf_fitting.py", line 2130, in fit_zeta_to_h5
E0513 15:31:06.533576 1092860 pjrt_stream_executor_client.cc:3077] Execution of replica 0 failed: RESOURCE_EXHAUSTED: Failed to allocate request for 196.30GiB (210781201760B) on device ordinal 0
    zeta_chunk = fit_one_rchunk(
                 ^^^^^^^^^^^^^^^
  File "/global/u2/j/jackm/software/lorrax_A/src/common/isdf_fitting.py", line 1414, in fit_one_rchunk
    zeta_chunk = fit_one_rchunk(
                 ^^^^^^^^^^^^^^^
  File "/global/u2/j/jackm/software/lorrax_A/src/common/isdf_fitting.py", line 1414, in fit_one_rchunk
    return fn(
           ^^^
jaxlib.xla_extension.XlaRuntimeError: RESOURCE_EXHAUSTED: Failed to allocate request for 196.30GiB (210781201760B) on device ordinal 0
--------------------
For simplicity, JAX has removed its internal frames from the traceback of the following exception. Set JAX_TRACEBACK_FILTERING=off to include these.
    return fn(
           ^^^
jaxlib.xla_extension.XlaRuntimeError: RESOURCE_EXHAUSTED: Failed to allocate request for 196.30GiB (210781201760B) on device ordinal 0
--------------------
For simplicity, JAX has removed its internal frames from the traceback of the following exception. Set JAX_TRACEBACK_FILTERING=off to include these.
Traceback (most recent call last):
  File "<frozen runpy>", line 198, in _run_module_as_main
  File "<frozen runpy>", line 88, in _run_code
  File "/global/u2/j/jackm/software/lorrax_A/src/gw/gw_jax.py", line 897, in <module>
    raise SystemExit(main())
                     ^^^^^^
  File "/global/u2/j/jackm/software/lorrax_A/src/gw/gw_jax.py", line 169, in main
    isdf = prepare_isdf_and_wavefunctions(
           ^^^^^^^^^^^^^^^^^^^^^^^^^^^^^^^
  File "/global/u2/j/jackm/software/lorrax_A/src/gw/gw_init.py", line 1187, in prepare_isdf_and_wavefunctions
    zeta_path, mem_est, transverse_wfn_data = fit_zeta(
                                              ^^^^^^^^^
  File "/global/u2/j/jackm/software/lorrax_A/src/gw/gw_init.py", line 684, in fit_zeta
    peak_bytes = fit_zeta_to_h5(
                 ^^^^^^^^^^^^^^^
  File "/global/u2/j/jackm/software/lorrax_A/src/common/isdf_fitting.py", line 2130, in fit_zeta_to_h5
E0513 15:31:06.573853  508903 pjrt_stream_executor_client.cc:3077] Execution of replica 0 failed: RESOURCE_EXHAUSTED: Failed to allocate request for 196.30GiB (210781201760B) on device ordinal 0
    zeta_chunk = fit_one_rchunk(
                 ^^^^^^^^^^^^^^^
  File "/global/u2/j/jackm/software/lorrax_A/src/common/isdf_fitting.py", line 1414, in fit_one_rchunk
    return fn(
           ^^^
jaxlib.xla_extension.XlaRuntimeError: RESOURCE_EXHAUSTED: Failed to allocate request for 196.30GiB (210781201760B) on device ordinal 0
--------------------
For simplicity, JAX has removed its internal frames from the traceback of the following exception. Set JAX_TRACEBACK_FILTERING=off to include these.
Traceback (most recent call last):
  File "<frozen runpy>", line 198, in _run_module_as_main
  File "<frozen runpy>", line 88, in _run_code
  File "/global/u2/j/jackm/software/lorrax_A/src/gw/gw_jax.py", line 897, in <module>
    raise SystemExit(main())
                     ^^^^^^
  File "/global/u2/j/jackm/software/lorrax_A/src/gw/gw_jax.py", line 169, in main
    isdf = prepare_isdf_and_wavefunctions(
           ^^^^^^^^^^^^^^^^^^^^^^^^^^^^^^^
  File "/global/u2/j/jackm/software/lorrax_A/src/gw/gw_init.py", line 1187, in prepare_isdf_and_wavefunctions
    zeta_path, mem_est, transverse_wfn_data = fit_zeta(
                                              ^^^^^^^^^
  File "/global/u2/j/jackm/software/lorrax_A/src/gw/gw_init.py", line 684, in fit_zeta
    peak_bytes = fit_zeta_to_h5(
                 ^^^^^^^^^^^^^^^
  File "/global/u2/j/jackm/software/lorrax_A/src/common/isdf_fitting.py", line 2130, in fit_zeta_to_h5
E0513 15:31:06.601753  850510 pjrt_stream_executor_client.cc:3077] Execution of replica 0 failed: RESOURCE_EXHAUSTED: Failed to allocate request for 196.30GiB (210781201760B) on device ordinal 0
    zeta_chunk = fit_one_rchunk(
                 ^^^^^^^^^^^^^^^
  File "/global/u2/j/jackm/software/lorrax_A/src/common/isdf_fitting.py", line 1414, in fit_one_rchunk
    return fn(
           ^^^
jaxlib.xla_extension.XlaRuntimeError: RESOURCE_EXHAUSTED: Failed to allocate request for 196.30GiB (210781201760B) on device ordinal 0
--------------------
For simplicity, JAX has removed its internal frames from the traceback of the following exception. Set JAX_TRACEBACK_FILTERING=off to include these.
Traceback (most recent call last):
  File "<frozen runpy>", line 198, in _run_module_as_main
  File "<frozen runpy>", line 88, in _run_code
  File "/global/u2/j/jackm/software/lorrax_A/src/gw/gw_jax.py", line 897, in <module>
E0513 15:31:06.611220 1092857 pjrt_stream_executor_client.cc:3077] Execution of replica 0 failed: RESOURCE_EXHAUSTED: Failed to allocate request for 196.30GiB (210781201760B) on device ordinal 0
    raise SystemExit(main())
                     ^^^^^^
  File "/global/u2/j/jackm/software/lorrax_A/src/gw/gw_jax.py", line 169, in main
    isdf = prepare_isdf_and_wavefunctions(
           ^^^^^^^^^^^^^^^^^^^^^^^^^^^^^^^
  File "/global/u2/j/jackm/software/lorrax_A/src/gw/gw_init.py", line 1187, in prepare_isdf_and_wavefunctions
    zeta_path, mem_est, transverse_wfn_data = fit_zeta(
                                              ^^^^^^^^^
  File "/global/u2/j/jackm/software/lorrax_A/src/gw/gw_init.py", line 684, in fit_zeta
Traceback (most recent call last):
  File "<frozen runpy>", line 198, in _run_module_as_main
  File "<frozen runpy>", line 88, in _run_code
  File "/global/u2/j/jackm/software/lorrax_A/src/gw/gw_jax.py", line 897, in <module>
    peak_bytes = fit_zeta_to_h5(
                 ^^^^^^^^^^^^^^^
  File "/global/u2/j/jackm/software/lorrax_A/src/common/isdf_fitting.py", line 2130, in fit_zeta_to_h5
E0513 15:31:06.622538 1092862 pjrt_stream_executor_client.cc:3077] Execution of replica 0 failed: RESOURCE_EXHAUSTED: Failed to allocate request for 196.30GiB (210781201760B) on device ordinal 0
    raise SystemExit(main())
                     ^^^^^^
  File "/global/u2/j/jackm/software/lorrax_A/src/gw/gw_jax.py", line 169, in main
    isdf = prepare_isdf_and_wavefunctions(
           ^^^^^^^^^^^^^^^^^^^^^^^^^^^^^^^
  File "/global/u2/j/jackm/software/lorrax_A/src/gw/gw_init.py", line 1187, in prepare_isdf_and_wavefunctions
    zeta_chunk = fit_one_rchunk(
                 ^^^^^^^^^^^^^^^
  File "/global/u2/j/jackm/software/lorrax_A/src/common/isdf_fitting.py", line 1414, in fit_one_rchunk
    zeta_path, mem_est, transverse_wfn_data = fit_zeta(
                                              ^^^^^^^^^
  File "/global/u2/j/jackm/software/lorrax_A/src/gw/gw_init.py", line 684, in fit_zeta
    return fn(
           ^^^
jaxlib.xla_extension.XlaRuntimeError: RESOURCE_EXHAUSTED: Failed to allocate request for 196.30GiB (210781201760B) on device ordinal 0
--------------------
For simplicity, JAX has removed its internal frames from the traceback of the following exception. Set JAX_TRACEBACK_FILTERING=off to include these.
    peak_bytes = fit_zeta_to_h5(
                 ^^^^^^^^^^^^^^^
  File "/global/u2/j/jackm/software/lorrax_A/src/common/isdf_fitting.py", line 2130, in fit_zeta_to_h5
Traceback (most recent call last):
  File "<frozen runpy>", line 198, in _run_module_as_main
  File "<frozen runpy>", line 88, in _run_code
  File "/global/u2/j/jackm/software/lorrax_A/src/gw/gw_jax.py", line 897, in <module>
    raise SystemExit(main())
                     ^^^^^^
  File "/global/u2/j/jackm/software/lorrax_A/src/gw/gw_jax.py", line 169, in main
    zeta_chunk = fit_one_rchunk(
                 ^^^^^^^^^^^^^^^
  File "/global/u2/j/jackm/software/lorrax_A/src/common/isdf_fitting.py", line 1414, in fit_one_rchunk
    isdf = prepare_isdf_and_wavefunctions(
           ^^^^^^^^^^^^^^^^^^^^^^^^^^^^^^^
  File "/global/u2/j/jackm/software/lorrax_A/src/gw/gw_init.py", line 1187, in prepare_isdf_and_wavefunctions
    return fn(
           ^^^
jaxlib.xla_extension.XlaRuntimeError: RESOURCE_EXHAUSTED: Failed to allocate request for 196.30GiB (210781201760B) on device ordinal 0
--------------------
For simplicity, JAX has removed its internal frames from the traceback of the following exception. Set JAX_TRACEBACK_FILTERING=off to include these.
    zeta_path, mem_est, transverse_wfn_data = fit_zeta(
                                              ^^^^^^^^^
  File "/global/u2/j/jackm/software/lorrax_A/src/gw/gw_init.py", line 684, in fit_zeta
    peak_bytes = fit_zeta_to_h5(
                 ^^^^^^^^^^^^^^^
  File "/global/u2/j/jackm/software/lorrax_A/src/common/isdf_fitting.py", line 2130, in fit_zeta_to_h5
    zeta_chunk = fit_one_rchunk(
                 ^^^^^^^^^^^^^^^
  File "/global/u2/j/jackm/software/lorrax_A/src/common/isdf_fitting.py", line 1414, in fit_one_rchunk
    return fn(
           ^^^
jaxlib.xla_extension.XlaRuntimeError: RESOURCE_EXHAUSTED: Failed to allocate request for 196.30GiB (210781201760B) on device ordinal 0
--------------------
For simplicity, JAX has removed its internal frames from the traceback of the following exception. Set JAX_TRACEBACK_FILTERING=off to include these.
E0513 15:31:06.649738 1092858 pjrt_stream_executor_client.cc:3077] Execution of replica 0 failed: RESOURCE_EXHAUSTED: Failed to allocate request for 196.30GiB (210781201760B) on device ordinal 0
Traceback (most recent call last):
  File "<frozen runpy>", line 198, in _run_module_as_main
  File "<frozen runpy>", line 88, in _run_code
  File "/global/u2/j/jackm/software/lorrax_A/src/gw/gw_jax.py", line 897, in <module>
    raise SystemExit(main())
                     ^^^^^^
  File "/global/u2/j/jackm/software/lorrax_A/src/gw/gw_jax.py", line 169, in main
    isdf = prepare_isdf_and_wavefunctions(
           ^^^^^^^^^^^^^^^^^^^^^^^^^^^^^^^
  File "/global/u2/j/jackm/software/lorrax_A/src/gw/gw_init.py", line 1187, in prepare_isdf_and_wavefunctions
    zeta_path, mem_est, transverse_wfn_data = fit_zeta(
                                              ^^^^^^^^^
  File "/global/u2/j/jackm/software/lorrax_A/src/gw/gw_init.py", line 684, in fit_zeta
    peak_bytes = fit_zeta_to_h5(
                 ^^^^^^^^^^^^^^^
  File "/global/u2/j/jackm/software/lorrax_A/src/common/isdf_fitting.py", line 2130, in fit_zeta_to_h5
    zeta_chunk = fit_one_rchunk(
                 ^^^^^^^^^^^^^^^
  File "/global/u2/j/jackm/software/lorrax_A/src/common/isdf_fitting.py", line 1414, in fit_one_rchunk
    return fn(
           ^^^
jaxlib.xla_extension.XlaRuntimeError: RESOURCE_EXHAUSTED: Failed to allocate request for 196.30GiB (210781201760B) on device ordinal 0
--------------------
For simplicity, JAX has removed its internal frames from the traceback of the following exception. Set JAX_TRACEBACK_FILTERING=off to include these.
E0513 15:31:06.744557  850508 pjrt_stream_executor_client.cc:3077] Execution of replica 0 failed: RESOURCE_EXHAUSTED: Failed to allocate request for 196.30GiB (210781201760B) on device ordinal 0
Traceback (most recent call last):
  File "<frozen runpy>", line 198, in _run_module_as_main
  File "<frozen runpy>", line 88, in _run_code
  File "/global/u2/j/jackm/software/lorrax_A/src/gw/gw_jax.py", line 897, in <module>
    raise SystemExit(main())
                     ^^^^^^
  File "/global/u2/j/jackm/software/lorrax_A/src/gw/gw_jax.py", line 169, in main
    isdf = prepare_isdf_and_wavefunctions(
           ^^^^^^^^^^^^^^^^^^^^^^^^^^^^^^^
  File "/global/u2/j/jackm/software/lorrax_A/src/gw/gw_init.py", line 1187, in prepare_isdf_and_wavefunctions
    zeta_path, mem_est, transverse_wfn_data = fit_zeta(
                                              ^^^^^^^^^
  File "/global/u2/j/jackm/software/lorrax_A/src/gw/gw_init.py", line 684, in fit_zeta
    peak_bytes = fit_zeta_to_h5(
                 ^^^^^^^^^^^^^^^
  File "/global/u2/j/jackm/software/lorrax_A/src/common/isdf_fitting.py", line 2130, in fit_zeta_to_h5
    zeta_chunk = fit_one_rchunk(
                 ^^^^^^^^^^^^^^^
  File "/global/u2/j/jackm/software/lorrax_A/src/common/isdf_fitting.py", line 1414, in fit_one_rchunk
    return fn(
           ^^^
jaxlib.xla_extension.XlaRuntimeError: RESOURCE_EXHAUSTED: Failed to allocate request for 196.30GiB (210781201760B) on device ordinal 0
--------------------
For simplicity, JAX has removed its internal frames from the traceback of the following exception. Set JAX_TRACEBACK_FILTERING=off to include these.
E0513 15:31:06.781654  850506 pjrt_stream_executor_client.cc:3077] Execution of replica 0 failed: RESOURCE_EXHAUSTED: Failed to allocate request for 196.30GiB (210781201760B) on device ordinal 0
Traceback (most recent call last):
  File "<frozen runpy>", line 198, in _run_module_as_main
  File "<frozen runpy>", line 88, in _run_code
  File "/global/u2/j/jackm/software/lorrax_A/src/gw/gw_jax.py", line 897, in <module>
    raise SystemExit(main())
                     ^^^^^^
  File "/global/u2/j/jackm/software/lorrax_A/src/gw/gw_jax.py", line 169, in main
    isdf = prepare_isdf_and_wavefunctions(
           ^^^^^^^^^^^^^^^^^^^^^^^^^^^^^^^
  File "/global/u2/j/jackm/software/lorrax_A/src/gw/gw_init.py", line 1187, in prepare_isdf_and_wavefunctions
    zeta_path, mem_est, transverse_wfn_data = fit_zeta(
                                              ^^^^^^^^^
  File "/global/u2/j/jackm/software/lorrax_A/src/gw/gw_init.py", line 684, in fit_zeta
    peak_bytes = fit_zeta_to_h5(
                 ^^^^^^^^^^^^^^^
  File "/global/u2/j/jackm/software/lorrax_A/src/common/isdf_fitting.py", line 2130, in fit_zeta_to_h5
    zeta_chunk = fit_one_rchunk(
                 ^^^^^^^^^^^^^^^
  File "/global/u2/j/jackm/software/lorrax_A/src/common/isdf_fitting.py", line 1414, in fit_one_rchunk
    return fn(
           ^^^
jaxlib.xla_extension.XlaRuntimeError: RESOURCE_EXHAUSTED: Failed to allocate request for 196.30GiB (210781201760B) on device ordinal 0
--------------------
For simplicity, JAX has removed its internal frames from the traceback of the following exception. Set JAX_TRACEBACK_FILTERING=off to include these.
srun: error: nid001101: task 5: Exited with exit code 1
srun: Terminating StepId=52926821.0
srun: error: nid001132: task 15: Exited with exit code 1
srun: error: nid001100: task 0: Exited with exit code 1
srun: error: nid001129: tasks 8-9: Exited with exit code 1
[2026-05-13T22:31:11.384] error: *** STEP 52926821.0 ON nid001100 CANCELLED AT 2026-05-13T22:31:11 DUE TO TASK FAILURE ***
srun: error: nid001129: tasks 10-11: Exited with exit code 1
srun: error: nid001100: tasks 1-3: Exited with exit code 1
srun: error: nid001101: tasks 4,6-7: Exited with exit code 1
srun: error: nid001132: tasks 12-14: Exited with exit code 1
