
 BerkeleyGW version 4.0
 Epsilon code, Complex version, run on 02-Jul-2026 at 14:24:13 -0700

                                                                 ..o.          
                                                                .oxxo.         
                                                               .oxxxxo...      
                                                               oxxxxxxo.       
                                                              .oxxxxxxx.       
                                                              .ooooooxxo..     
                                                              .oooooooxo..     
                                                              .oooooxxo...     
                                                       .........oxooo......    
                                                 ............................  
                                             ................................. 
                                          .................................... 
           .          ..oo. ....  .................................oooxxxxxxxo.
     .............oxxxx@ox@@@x@x.....................o...........ooooooooooxx. 
    .o.........oox@x.oo........xxx@@............ooxxxxo..........ooooxxxxxoxo  
    .x........x@xxo...............o@xxo........oxxx@@@xoooooooooooooooxxxo...  
    .o......ox@@o..................oox@o.....ooxxx@xoooxxxxxxxoooooooooooo.... 
    o..ooooo@@xoooo....ooo...........x@o.....ooxxxxo   .oxxxxxxxxxxooooooo.... 
    . .oooo@@@@@@@@@@@@@@@@@@@@@@@@@@@@@@....ooooox.     .oxx@@@@@xxoo........ 
      .ooooxxxxxxxooooooxooooooooooooooxo...oooooxx.        ..ox@xxxoo.........
      .ooooooxxxx@xoooooooooooooxxoooooooooooxxxxx.            .oxxooooooooxxo.
     .oooooxxxxx@@@xxxxxxxxxxxxxxxxxxxxxxxxoxxxxo.                .oxxxxxxxxo. 
   ....oooxxxxx@@@xo..oxxx@@@@@@xxxxoxxoooooooxx.                  .oxxxoo..   
  .....ooxxxx@@xo.       ........    .ooooooooxxo                              
  ..oooxxxx@@@o                       .oooooooxoo.                             
  ....oxooxxxxx.                       .ooo..oooo.                             
  .....o.ooxxxxxo.                     .oooooooxo.                             
 ......ooooxxxxxxo.                     .ooooooxoo..                           
........ooxxxxxxxo..                     .o....oxoo...                         
.......ooooxxxxxxxo.                     ........oooo.                         
.ooooooo..ooxxxxoooo.                    .........ooo...                       
..oxo...ooooxxxoooo..                    .ooo......oooo...                     
  .ooooo....o.                            .oxxxoo....ooo....                   
    .oooooo...                              ...ooooo...ooo..                   
       ...                                     .oo.......                      
                                               ....ooo...                      
                      __              __                                       
 ______              [  |            [  |                 ._____  _          _ 
|_   _               | |  _          | |                /  ___ | |        | |
  | |_) | .---.  _. _.| | / |  .---.  | | .---.  _    _ / /    _|   /  / / 
  |  __'./ /__\[ /`_| '' <  / /__\ | |/ /__\|   | | |   _____  /  / /  
 _| |__| | __. | |   | |`  | ___. | || ___.  / /  .___| |    /  /   
|_______/ .__./[_]  [__|  _] .__./[___].__./    /   .____./    /  /    
                                                  / /                          
                                                 /_/                           
 --------------------------------------------------------------------------------
 Please cite the main BerkeleyGW paper when using results from this calculation:

 Jack Deslippe, Georgy Samsonidze, David A. Strubbe, Manish Jain, Marvin L.
 Cohen, and Steven G. Louie, "BerkeleyGW: A Massively Parallel Computer Package
 for the Calculation of the Quasiparticle and Optical Properties of Materials
 and Nanostructures," Comput. Phys. Commun. 183, 1269 (2012)

 Aditionally, PLEASE CITE ALL PAPERS REPORTED AT THE END OF THIS CALCULATION.
 --------------------------------------------------------------------------------

 Running MPI version (parallel)
 Running with 4 MPI task(s)
 Using OpenMP. Number of threads per MPI task: 16

 Compilation flags:
 - Compiler: NVHPC
 - Para. flags: MPI, OMP
 - Math  flags: USESCALAPACK, UNPACKED, USEFFTW3, HDF5
 - Debug flags: 

 Running with verbosity level 1 (default).

 We will start a new calculation from scratch.

 
 We`ll perform a uniform sampling of the full BZ.
 
 Computing the inverse dielectric matrix for two purely imaginary frequencies (Godby-Needs formulation)

 We are using matrix communication scheme

 We are communicating via MPI

 We are using a truncated Coulomb interaction: cell slab
 Reading header of WFN.h5
 Highest occupied band (unshifted grid) = 26
 Valence max    (unshifted grid) = -5.193613 eV
 Conduction min (unshifted grid) = -3.493545 eV
 Middle energy  (unshifted grid) = -4.343579 eV
 Fermi  energy  (unshifted grid) = -4.343579 eV

 Reading header of WFNq.h5
 Highest occupied band (shifted grid) = 26

 Calculation parameters:
 - Cutoff of the dielectric matrix (Ry): 30.00
 - Total number of bands in the calculation: 80
 - Number of fully occupied valence bands: 26
 - Number of partially occ. conduction bands: 0
 - Monkhorst-Pack q-grid for epsilon(q): 3 3 1
 
 Running with 1 valence pools
 Number of conduction bands per processor: 14
 Number of valence bands per processor: 26

 Memory available: 61164.6 MB per PE
 Memory required for execution: 673.0 MB per PE
 Memory required for vcoul: 0.0 MB per PE

 Number of electrons per unit cell (from ifmax) = 26.000000
 Number of electrons per unit cell (from occupations) = 26.000000
 Plasma Frequency = 1.364240 Ry

 Reading using H5FD_MPIO_COLLECTIVE.
 Using communication style:  1
 
 Reading using H5FD_MPIO_COLLECTIVE.
 Using communication style:  1
 
 Initializing eps0mat.h5
 Initializing epsmat.h5
 - Screened Coulomb cutoff: 30.000 Ry
 - Total number of bands: 80
 - Number of q-points: 9

 Scissors parameters:
 - Valence:    es =   0.0000 eV, e0 =   0.0000 eV, edel =   0.0000
 - Conduction: es =   0.0000 eV, e0 =   0.0000 eV, edel =   0.0000

 Q0 and |Q0| =  0.000333  0.000000  0.000000  0.000404
 Q  and |Q|  =  0.000000  0.333333  0.000000  0.404439
 Q  and |Q|  =  0.000000  0.666667  0.000000  0.808877
 Q  and |Q|  =  0.333333  0.000000  0.000000  0.404438
 Q  and |Q|  =  0.333333  0.333333  0.000000  0.700508
 Q  and |Q|  =  0.333333  0.666667  0.000000  1.070043
 Q  and |Q|  =  0.666667  0.000000  0.000000  0.808877
 Q  and |Q|  =  0.666667  0.333333  0.000000  1.070043
 Q  and |Q|  =  0.666667  0.666667  0.000000  1.401016

 ==================================== WARNING ====================================
 You have enabled spin polarization or full spinor calculations.
 Current formalism and implementation adopted by BerkeleyGW implicitly assumes
 time-reversal symmetry (TRS), e.g. in the standard Adler-Wiser RPA polarizability.
 Running magnetic/broken-TRS systems is fundamentally against these assumptions.
 One needs to be aware of and justify its direct usage. Use at your own risk.
 =================================================================================
 GPU acceleration is : ENABLED
 
 Algorithms used:
 - mtxel         : OPENACC_ALGO
 - chi_summation : OPENACC_ALGO
 
 You have a slightly shifted q0 vector and a semiconductor.
 So, reading from WFNq.
 Reading header of WFNq.h5
 Highest occupied band (shifted grid) = 26
 Reading using H5FD_MPIO_COLLECTIVE.
 Using communication style:  1
 
 Summary of the WFN files:
 - Number of k-points in WFN: 9
 - Number of k-points in WFNq: 9
 - Number of k-points in the full BZ of WFN: 9

================================================================================
 14:24:14   Dealing with q =  0.000333  0.000000  0.000000                 1 / 9
================================================================================

 This is the special q->0 point.
 Rank of the polarizability matrix (nmtx): 1947
 
 BLACS processor grid:   2 x   2; BLOCKSIZE =   32
 
 Number of k-points in the irreducible BZ(q) (nrk): 9
 
 Using GPU support via OpenACC/OMP-Target implementation
 Using batch implementation, batch size:    20
 
 Started calculation of matrix elements with 234 transition(s) at 14:24:15.
 [ 14:24:15 |   0% ] transition   1 / 234.
 [ 14:24:15 |   1% ] transition   3 / 234, remaining: 0 s.
 [ 14:24:15 |  10% ] transition  24 / 234, remaining: 0 s.
 [ 14:24:15 |  20% ] transition  47 / 234, remaining: 0 s.
 [ 14:24:15 |  30% ] transition  71 / 234, remaining: 0 s.
 [ 14:24:15 |  40% ] transition  94 / 234, remaining: 0 s.
 [ 14:24:15 |  50% ] transition 117 / 234, remaining: 0 s.
 [ 14:24:15 |  60% ] transition 141 / 234, remaining: 0 s.
 [ 14:24:15 |  70% ] transition 164 / 234, remaining: 0 s.
 [ 14:24:15 |  80% ] transition 188 / 234, remaining: 0 s.
 [ 14:24:15 |  90% ] transition 211 / 234, remaining: 0 s.
 [ 14:24:15 | 100% ] transition 234 / 234, remaining: 0 s.
 Finished calculation of matrix elements at 14:24:15.
 Elapsed time: 0 s.
 
 
 Started building polarizability matrix with 4 processor(s) at 14:24:15.
 [ 14:24:15 |   0% ] processor 1 / 4.
 [ 14:24:16 |  25% ] processor 2 / 4.
 [ 14:24:17 |  50% ] processor 3 / 4, remaining: 2 s.
 [ 14:24:18 |  75% ] processor 4 / 4, remaining: 1 s.
 Finished building polarizability matrix at 14:24:19.
 Elapsed time: 4 s.
 
 q-pt      1: Head of Epsilon         =    1.042092425159704E+000   3.386234293360324E-019
 q-pt      1: Epsilon(2,2)            =    7.410206880794004E+000   8.304950984715117E-018
 
 Started inversion of dielectric matrix with 2 frequency(s) at 14:24:19.
 [ 14:24:19 |   0% ] frequency 1 / 2.
 [ 14:24:20 |  50% ] frequency 2 / 2.
 Finished inversion of dielectric matrix at 14:24:21.
 Elapsed time: 1 s.
 
 q-pt      1: Head of Epsilon Inverse =    9.648187025639580E-001  -5.067112364845278E-019
 q-pt      1: Epsilon Inverse(2,2)    =    2.667125049673215E-001   5.556536133988210E-019

 Writing dielectric matrix to file
 Note: using old code to directly write the matrix to file.
 Ok

================================================================================
 14:24:21   Dealing with q =  0.000000  0.333333  0.000000                 2 / 9
================================================================================

 This is a regular non-zero q-point.
 Rank of the polarizability matrix (nmtx): 1963
 
 BLACS processor grid:   2 x   2; BLOCKSIZE =   32
 
 Number of k-points in the irreducible BZ(q) (nrk): 9
 
 Using GPU support via OpenACC/OMP-Target implementation
 Using batch implementation, batch size:    20
 
 Started calculation of matrix elements with 234 transition(s) at 14:24:22.
 [ 14:24:22 |   0% ] transition   1 / 234.
 [ 14:24:22 |   1% ] transition   3 / 234, remaining: 0 s.
 [ 14:24:22 |  10% ] transition  24 / 234, remaining: 0 s.
 [ 14:24:22 |  20% ] transition  47 / 234, remaining: 0 s.
 [ 14:24:22 |  30% ] transition  71 / 234, remaining: 0 s.
 [ 14:24:22 |  40% ] transition  94 / 234, remaining: 0 s.
 [ 14:24:22 |  50% ] transition 117 / 234, remaining: 0 s.
 [ 14:24:22 |  60% ] transition 141 / 234, remaining: 0 s.
 [ 14:24:22 |  70% ] transition 164 / 234, remaining: 0 s.
 [ 14:24:22 |  80% ] transition 188 / 234, remaining: 0 s.
 [ 14:24:22 |  90% ] transition 211 / 234, remaining: 0 s.
 [ 14:24:22 | 100% ] transition 234 / 234, remaining: 0 s.
 Finished calculation of matrix elements at 14:24:22.
 Elapsed time: 0 s.
 
 
 Started building polarizability matrix with 4 processor(s) at 14:24:22.
 [ 14:24:22 |   0% ] processor 1 / 4.
 [ 14:24:23 |  25% ] processor 2 / 4.
 [ 14:24:24 |  50% ] processor 3 / 4, remaining: 2 s.
 [ 14:24:25 |  75% ] processor 4 / 4, remaining: 1 s.
 Finished building polarizability matrix at 14:24:26.
 Elapsed time: 4 s.
 
 q-pt      2: Head of Epsilon         =    4.527175282387905E+000  -5.189309404152258E-018
 q-pt      2: Epsilon(2,2)            =    3.595421328520592E+000   2.941500065787208E-018
 
 Started inversion of dielectric matrix with 2 frequency(s) at 14:24:26.
 [ 14:24:26 |   0% ] frequency 1 / 2.
 [ 14:24:27 |  50% ] frequency 2 / 2.
 Finished inversion of dielectric matrix at 14:24:28.
 Elapsed time: 1 s.
 
 q-pt      2: Head of Epsilon Inverse =    5.055126723730513E-001  -4.336808689942018E-018
 q-pt      2: Epsilon Inverse(2,2)    =    5.716646060890452E-001   1.843143693225358E-018

 Writing dielectric matrix to file
 Note: using old code to directly write the matrix to file.
 Ok

================================================================================
 14:24:28   Dealing with q =  0.000000  0.666667  0.000000                 3 / 9
================================================================================

 This is a regular non-zero q-point.
 Rank of the polarizability matrix (nmtx): 1963
 
 BLACS processor grid:   2 x   2; BLOCKSIZE =   32
 
 Number of k-points in the irreducible BZ(q) (nrk): 9
 
 Using GPU support via OpenACC/OMP-Target implementation
 Using batch implementation, batch size:    20
 
 Started calculation of matrix elements with 234 transition(s) at 14:24:29.
 [ 14:24:29 |   0% ] transition   1 / 234.
 [ 14:24:29 |   1% ] transition   3 / 234, remaining: 0 s.
 [ 14:24:29 |  10% ] transition  24 / 234, remaining: 0 s.
 [ 14:24:29 |  20% ] transition  47 / 234, remaining: 0 s.
 [ 14:24:29 |  30% ] transition  71 / 234, remaining: 0 s.
 [ 14:24:29 |  40% ] transition  94 / 234, remaining: 0 s.
 [ 14:24:29 |  50% ] transition 117 / 234, remaining: 0 s.
 [ 14:24:29 |  60% ] transition 141 / 234, remaining: 0 s.
 [ 14:24:29 |  70% ] transition 164 / 234, remaining: 0 s.
 [ 14:24:29 |  80% ] transition 188 / 234, remaining: 0 s.
 [ 14:24:29 |  90% ] transition 211 / 234, remaining: 0 s.
 [ 14:24:29 | 100% ] transition 234 / 234, remaining: 0 s.
 Finished calculation of matrix elements at 14:24:29.
 Elapsed time: 0 s.
 
 
 Started building polarizability matrix with 4 processor(s) at 14:24:29.
 [ 14:24:29 |   0% ] processor 1 / 4.
 [ 14:24:30 |  25% ] processor 2 / 4.
 [ 14:24:31 |  50% ] processor 3 / 4, remaining: 2 s.
 [ 14:24:32 |  75% ] processor 4 / 4, remaining: 1 s.
 Finished building polarizability matrix at 14:24:33.
 Elapsed time: 4 s.
 
 q-pt      3: Head of Epsilon         =    4.527175282444428E+000   1.350723268562449E-017
 q-pt      3: Epsilon(2,2)            =    3.595421328502070E+000   4.068253003034426E-018
 
 Started inversion of dielectric matrix with 2 frequency(s) at 14:24:33.
 [ 14:24:33 |   0% ] frequency 1 / 2.
 [ 14:24:34 |  50% ] frequency 2 / 2.
 Finished inversion of dielectric matrix at 14:24:34.
 Elapsed time: 1 s.
 
 q-pt      3: Head of Epsilon Inverse =    5.055126723731589E-001  -4.336808689942018E-018
 q-pt      3: Epsilon Inverse(2,2)    =    5.716646060906975E-001  -3.252606517456513E-018

 Writing dielectric matrix to file
 Note: using old code to directly write the matrix to file.
 Ok

================================================================================
 14:24:35   Dealing with q =  0.333333  0.000000  0.000000                 4 / 9
================================================================================

 This is a regular non-zero q-point.
 Rank of the polarizability matrix (nmtx): 1963
 
 BLACS processor grid:   2 x   2; BLOCKSIZE =   32
 
 Number of k-points in the irreducible BZ(q) (nrk): 9
 
 Using GPU support via OpenACC/OMP-Target implementation
 Using batch implementation, batch size:    20
 
 Started calculation of matrix elements with 234 transition(s) at 14:24:36.
 [ 14:24:36 |   0% ] transition   1 / 234.
 [ 14:24:36 |   1% ] transition   3 / 234, remaining: 0 s.
 [ 14:24:36 |  10% ] transition  24 / 234, remaining: 0 s.
 [ 14:24:36 |  20% ] transition  47 / 234, remaining: 0 s.
 [ 14:24:36 |  30% ] transition  71 / 234, remaining: 0 s.
 [ 14:24:36 |  40% ] transition  94 / 234, remaining: 0 s.
 [ 14:24:36 |  50% ] transition 117 / 234, remaining: 0 s.
 [ 14:24:36 |  60% ] transition 141 / 234, remaining: 0 s.
 [ 14:24:36 |  70% ] transition 164 / 234, remaining: 0 s.
 [ 14:24:36 |  80% ] transition 188 / 234, remaining: 0 s.
 [ 14:24:36 |  90% ] transition 211 / 234, remaining: 0 s.
 [ 14:24:36 | 100% ] transition 234 / 234, remaining: 0 s.
 Finished calculation of matrix elements at 14:24:36.
 Elapsed time: 0 s.
 
 
 Started building polarizability matrix with 4 processor(s) at 14:24:36.
 [ 14:24:36 |   0% ] processor 1 / 4.
 [ 14:24:37 |  25% ] processor 2 / 4.
 [ 14:24:38 |  50% ] processor 3 / 4, remaining: 2 s.
 [ 14:24:39 |  75% ] processor 4 / 4, remaining: 1 s.
 Finished building polarizability matrix at 14:24:40.
 Elapsed time: 4 s.
 
 q-pt      4: Head of Epsilon         =    4.527179761372326E+000   6.466878971605935E-018
 q-pt      4: Epsilon(2,2)            =    3.595424091257705E+000   1.065468458918497E-017
 
 Started inversion of dielectric matrix with 2 frequency(s) at 14:24:40.
 [ 14:24:40 |   0% ] frequency 1 / 2.
 [ 14:24:41 |  50% ] frequency 2 / 2.
 Finished inversion of dielectric matrix at 14:24:41.
 Elapsed time: 1 s.
 
 q-pt      4: Head of Epsilon Inverse =    5.055124303153541E-001  -1.734723475976807E-018
 q-pt      4: Epsilon Inverse(2,2)    =    5.716644680061296E-001   8.673617379884035E-019

 Writing dielectric matrix to file
 Note: using old code to directly write the matrix to file.
 Ok

================================================================================
 14:24:42   Dealing with q =  0.333333  0.333333  0.000000                 5 / 9
================================================================================

 This is a regular non-zero q-point.
 Rank of the polarizability matrix (nmtx): 1917
 
 BLACS processor grid:   2 x   2; BLOCKSIZE =   32
 
 Number of k-points in the irreducible BZ(q) (nrk): 9
 
 Using GPU support via OpenACC/OMP-Target implementation
 Using batch implementation, batch size:    20
 
 Started calculation of matrix elements with 234 transition(s) at 14:24:42.
 [ 14:24:42 |   0% ] transition   1 / 234.
 [ 14:24:42 |   1% ] transition   3 / 234, remaining: 0 s.
 [ 14:24:42 |  10% ] transition  24 / 234, remaining: 0 s.
 [ 14:24:43 |  20% ] transition  47 / 234, remaining: 0 s.
 [ 14:24:43 |  30% ] transition  71 / 234, remaining: 0 s.
 [ 14:24:43 |  40% ] transition  94 / 234, remaining: 0 s.
 [ 14:24:43 |  50% ] transition 117 / 234, remaining: 0 s.
 [ 14:24:43 |  60% ] transition 141 / 234, remaining: 0 s.
 [ 14:24:43 |  70% ] transition 164 / 234, remaining: 0 s.
 [ 14:24:43 |  80% ] transition 188 / 234, remaining: 0 s.
 [ 14:24:43 |  90% ] transition 211 / 234, remaining: 0 s.
 [ 14:24:43 | 100% ] transition 234 / 234, remaining: 0 s.
 Finished calculation of matrix elements at 14:24:43.
 Elapsed time: 0 s.
 
 
 Started building polarizability matrix with 4 processor(s) at 14:24:43.
 [ 14:24:43 |   0% ] processor 1 / 4.
 [ 14:24:44 |  25% ] processor 2 / 4.
 [ 14:24:45 |  50% ] processor 3 / 4, remaining: 2 s.
 [ 14:24:46 |  75% ] processor 4 / 4, remaining: 1 s.
 Finished building polarizability matrix at 14:24:47.
 Elapsed time: 4 s.
 
 q-pt      5: Head of Epsilon         =    2.475547848754191E+000  -4.705028969333346E-018
 q-pt      5: Epsilon(2,2)            =    2.475545844467437E+000   1.300951319257042E-018
 
 Started inversion of dielectric matrix with 2 frequency(s) at 14:24:47.
 [ 14:24:47 |   0% ] frequency 1 / 2.
 [ 14:24:47 |  50% ] frequency 2 / 2.
 Finished inversion of dielectric matrix at 14:24:48.
 Elapsed time: 1 s.
 
 q-pt      5: Head of Epsilon Inverse =    6.525122943572850E-001   6.505213034913027E-019
 q-pt      5: Epsilon Inverse(2,2)    =    6.525123882295624E-001  -1.301042606982605E-018

 Writing dielectric matrix to file
 Note: using old code to directly write the matrix to file.
 Ok

================================================================================
 14:24:49   Dealing with q =  0.333333  0.666667  0.000000                 6 / 9
================================================================================

 This is a regular non-zero q-point.
 Rank of the polarizability matrix (nmtx): 1963
 
 BLACS processor grid:   2 x   2; BLOCKSIZE =   32
 
 Number of k-points in the irreducible BZ(q) (nrk): 9
 
 Using GPU support via OpenACC/OMP-Target implementation
 Using batch implementation, batch size:    20
 
 Started calculation of matrix elements with 234 transition(s) at 14:24:49.
 [ 14:24:49 |   0% ] transition   1 / 234.
 [ 14:24:49 |   1% ] transition   3 / 234, remaining: 0 s.
 [ 14:24:49 |  10% ] transition  24 / 234, remaining: 0 s.
 [ 14:24:49 |  20% ] transition  47 / 234, remaining: 0 s.
 [ 14:24:49 |  30% ] transition  71 / 234, remaining: 0 s.
 [ 14:24:49 |  40% ] transition  94 / 234, remaining: 0 s.
 [ 14:24:49 |  50% ] transition 117 / 234, remaining: 0 s.
 [ 14:24:49 |  60% ] transition 141 / 234, remaining: 0 s.
 [ 14:24:49 |  70% ] transition 164 / 234, remaining: 0 s.
 [ 14:24:49 |  80% ] transition 188 / 234, remaining: 0 s.
 [ 14:24:49 |  90% ] transition 211 / 234, remaining: 0 s.
 [ 14:24:49 | 100% ] transition 234 / 234, remaining: 0 s.
 Finished calculation of matrix elements at 14:24:49.
 Elapsed time: 0 s.
 
 
 Started building polarizability matrix with 4 processor(s) at 14:24:49.
 [ 14:24:49 |   0% ] processor 1 / 4.
 [ 14:24:50 |  25% ] processor 2 / 4.
 [ 14:24:51 |  50% ] processor 3 / 4, remaining: 2 s.
 [ 14:24:52 |  75% ] processor 4 / 4, remaining: 1 s.
 Finished building polarizability matrix at 14:24:53.
 Elapsed time: 4 s.
 
 q-pt      6: Head of Epsilon         =    4.527164100377266E+000  -9.487710090877709E-018
 q-pt      6: Epsilon(2,2)            =    3.595415355050940E+000  -7.133665231138574E-018
 
 Started inversion of dielectric matrix with 2 frequency(s) at 14:24:53.
 [ 14:24:53 |   0% ] frequency 1 / 2.
 [ 14:24:54 |  50% ] frequency 2 / 2.
 Finished inversion of dielectric matrix at 14:24:54.
 Elapsed time: 1 s.
 
 q-pt      6: Head of Epsilon Inverse =    5.055130320195313E-001   4.770489558936220E-018
 q-pt      6: Epsilon Inverse(2,2)    =    5.716647737559916E-001  -2.602085213965211E-018

 Writing dielectric matrix to file
 Note: using old code to directly write the matrix to file.
 Ok

================================================================================
 14:24:55   Dealing with q =  0.666667  0.000000  0.000000                 7 / 9
================================================================================

 This is a regular non-zero q-point.
 Rank of the polarizability matrix (nmtx): 1963
 
 BLACS processor grid:   2 x   2; BLOCKSIZE =   32
 
 Number of k-points in the irreducible BZ(q) (nrk): 9
 
 Using GPU support via OpenACC/OMP-Target implementation
 Using batch implementation, batch size:    20
 
 Started calculation of matrix elements with 234 transition(s) at 14:24:55.
 [ 14:24:55 |   0% ] transition   1 / 234.
 [ 14:24:55 |   1% ] transition   3 / 234, remaining: 0 s.
 [ 14:24:55 |  10% ] transition  24 / 234, remaining: 0 s.
 [ 14:24:56 |  20% ] transition  47 / 234, remaining: 0 s.
 [ 14:24:56 |  30% ] transition  71 / 234, remaining: 0 s.
 [ 14:24:56 |  40% ] transition  94 / 234, remaining: 0 s.
 [ 14:24:56 |  50% ] transition 117 / 234, remaining: 0 s.
 [ 14:24:56 |  60% ] transition 141 / 234, remaining: 0 s.
 [ 14:24:56 |  70% ] transition 164 / 234, remaining: 0 s.
 [ 14:24:56 |  80% ] transition 188 / 234, remaining: 0 s.
 [ 14:24:56 |  90% ] transition 211 / 234, remaining: 0 s.
 [ 14:24:56 | 100% ] transition 234 / 234, remaining: 0 s.
 Finished calculation of matrix elements at 14:24:56.
 Elapsed time: 0 s.
 
 
 Started building polarizability matrix with 4 processor(s) at 14:24:56.
 [ 14:24:56 |   0% ] processor 1 / 4.
 [ 14:24:57 |  25% ] processor 2 / 4.
 [ 14:24:58 |  50% ] processor 3 / 4, remaining: 2 s.
 [ 14:24:59 |  75% ] processor 4 / 4, remaining: 1 s.
 Finished building polarizability matrix at 14:25:00.
 Elapsed time: 4 s.
 
 q-pt      7: Head of Epsilon         =    4.527179761459739E+000   8.603040688698234E-019
 q-pt      7: Epsilon(2,2)            =    3.595424091498239E+000   4.942829380339541E-018
 
 Started inversion of dielectric matrix with 2 frequency(s) at 14:25:00.
 [ 14:25:00 |   0% ] frequency 1 / 2.
 [ 14:25:01 |  50% ] frequency 2 / 2.
 Finished inversion of dielectric matrix at 14:25:01.
 Elapsed time: 1 s.
 
 q-pt      7: Head of Epsilon Inverse =    5.055124303215242E-001  -3.469446951953614E-018
 q-pt      7: Epsilon Inverse(2,2)    =    5.716644679966369E-001  -2.168404344971009E-019

 Writing dielectric matrix to file
 Note: using old code to directly write the matrix to file.
 Ok

================================================================================
 14:25:02   Dealing with q =  0.666667  0.333333  0.000000                 8 / 9
================================================================================

 This is a regular non-zero q-point.
 Rank of the polarizability matrix (nmtx): 1963
 
 BLACS processor grid:   2 x   2; BLOCKSIZE =   32
 
 Number of k-points in the irreducible BZ(q) (nrk): 9
 
 Using GPU support via OpenACC/OMP-Target implementation
 Using batch implementation, batch size:    20
 
 Started calculation of matrix elements with 234 transition(s) at 14:25:02.
 [ 14:25:02 |   0% ] transition   1 / 234.
 [ 14:25:02 |   1% ] transition   3 / 234, remaining: 0 s.
 [ 14:25:02 |  10% ] transition  24 / 234, remaining: 0 s.
 [ 14:25:02 |  20% ] transition  47 / 234, remaining: 0 s.
 [ 14:25:02 |  30% ] transition  71 / 234, remaining: 0 s.
 [ 14:25:02 |  40% ] transition  94 / 234, remaining: 0 s.
 [ 14:25:02 |  50% ] transition 117 / 234, remaining: 0 s.
 [ 14:25:02 |  60% ] transition 141 / 234, remaining: 0 s.
 [ 14:25:02 |  70% ] transition 164 / 234, remaining: 0 s.
 [ 14:25:02 |  80% ] transition 188 / 234, remaining: 0 s.
 [ 14:25:02 |  90% ] transition 211 / 234, remaining: 0 s.
 [ 14:25:02 | 100% ] transition 234 / 234, remaining: 0 s.
 Finished calculation of matrix elements at 14:25:02.
 Elapsed time: 0 s.
 
 
 Started building polarizability matrix with 4 processor(s) at 14:25:02.
 [ 14:25:02 |   0% ] processor 1 / 4.
 [ 14:25:03 |  25% ] processor 2 / 4.
 [ 14:25:05 |  50% ] processor 3 / 4, remaining: 2 s.
 [ 14:25:06 |  75% ] processor 4 / 4, remaining: 1 s.
 Finished building polarizability matrix at 14:25:07.
 Elapsed time: 4 s.
 
 q-pt      8: Head of Epsilon         =    4.527164100294553E+000  -2.518435138952222E-018
 q-pt      8: Epsilon(2,2)            =    3.595415355065118E+000   8.845130575054275E-018
 
 Started inversion of dielectric matrix with 2 frequency(s) at 14:25:07.
 [ 14:25:07 |   0% ] frequency 1 / 2.
 [ 14:25:07 |  50% ] frequency 2 / 2.
 Finished inversion of dielectric matrix at 14:25:08.
 Elapsed time: 1 s.
 
 q-pt      8: Head of Epsilon Inverse =    5.055130320307731E-001   4.336808689942018E-019
 q-pt      8: Epsilon Inverse(2,2)    =    5.716647737564565E-001  -3.035766082959412E-018

 Writing dielectric matrix to file
 Note: using old code to directly write the matrix to file.
 Ok

================================================================================
 14:25:08   Dealing with q =  0.666667  0.666667  0.000000                 9 / 9
================================================================================

 This is a regular non-zero q-point.
 Rank of the polarizability matrix (nmtx): 1917
 
 BLACS processor grid:   2 x   2; BLOCKSIZE =   32
 
 Number of k-points in the irreducible BZ(q) (nrk): 9
 
 Using GPU support via OpenACC/OMP-Target implementation
 Using batch implementation, batch size:    20
 
 Started calculation of matrix elements with 234 transition(s) at 14:25:09.
 [ 14:25:09 |   0% ] transition   1 / 234.
 [ 14:25:09 |   1% ] transition   3 / 234, remaining: 0 s.
 [ 14:25:09 |  10% ] transition  24 / 234, remaining: 0 s.
 [ 14:25:09 |  20% ] transition  47 / 234, remaining: 0 s.
 [ 14:25:09 |  30% ] transition  71 / 234, remaining: 0 s.
 [ 14:25:09 |  40% ] transition  94 / 234, remaining: 0 s.
 [ 14:25:09 |  50% ] transition 117 / 234, remaining: 0 s.
 [ 14:25:09 |  60% ] transition 141 / 234, remaining: 0 s.
 [ 14:25:09 |  70% ] transition 164 / 234, remaining: 0 s.
 [ 14:25:09 |  80% ] transition 188 / 234, remaining: 0 s.
 [ 14:25:09 |  90% ] transition 211 / 234, remaining: 0 s.
 [ 14:25:09 | 100% ] transition 234 / 234, remaining: 0 s.
 Finished calculation of matrix elements at 14:25:09.
 Elapsed time: 0 s.
 
 
 Started building polarizability matrix with 4 processor(s) at 14:25:09.
 [ 14:25:09 |   0% ] processor 1 / 4.
 [ 14:25:10 |  25% ] processor 2 / 4.
 [ 14:25:11 |  50% ] processor 3 / 4, remaining: 2 s.
 [ 14:25:12 |  75% ] processor 4 / 4, remaining: 1 s.
 Finished building polarizability matrix at 14:25:13.
 Elapsed time: 4 s.
 
 q-pt      9: Head of Epsilon         =    2.475547849147535E+000   2.653942473114373E-018
 q-pt      9: Epsilon(2,2)            =    2.475545844701000E+000  -1.460322877738128E-019
 
 Started inversion of dielectric matrix with 2 frequency(s) at 14:25:13.
 [ 14:25:13 |   0% ] frequency 1 / 2.
 [ 14:25:14 |  50% ] frequency 2 / 2.
 Finished inversion of dielectric matrix at 14:25:14.
 Elapsed time: 1 s.
 
 q-pt      9: Head of Epsilon Inverse =    6.525122943350666E-001   1.301042606982605E-018
 q-pt      9: Epsilon Inverse(2,2)    =    6.525123882159189E-001  -2.114194236346734E-018

 Writing dielectric matrix to file
 Note: using old code to directly write the matrix to file.
 Ok


********************************************************************************
*                                                                              *
* Your calculation employed methods and algorithms published in peer-reviewed  *
* papers. Please, cite the following references to give proper credit to their *
*          authors and help support future development of BerkeleyGW.          *
*                                                                              *
********************************************************************************

 J. Deslippe, G. Samsonidze, D. A. Strubbe, M. Jain, M. L. Cohen, and S. G.
 Louie, BerkeleyGW: A Massively Parallel Computer Package for the Calculation
 of the Quasiparticle and Optical Properties of Materials and Nanostructures,
 Computer Physics Communications 183, 1269 (2012).

 M. S. Hybertsen and S. G. Louie, Electron Correlation in Semiconductors and
 Insulators: Band Gaps and Quasiparticle Energies, Phys. Rev. B 34, 5390
 (1986).

 S. Ismail-Beigi, Truncation of Periodic Image Interactions for Confined
 Systems, Phys. Rev. B 73, 233103 (2006).

 B. A. Barker, and S. G. Louie, Electronic and Optical Properties of Solids
 with Strong Spin-Orbit Coupling, U. C. Berkeley PhD dissertation (2018).

 M. D. Ben, C. Yang, Z. Li, F. H. da Jornada, S. G. Louie, and J. Deslippe,
 Accelerating Large-Scale Excited-State GW Calculations on Leadership HPC
 Systems, SC20: International Conference for High Performance Computing,
 Networking, Storage and Analysis (2020).

********************************************************************************

 
 Timing information
 
                                CPU time (s)          WALL time (s)       Number
 Routine                       min        max        min        max     of calls
 -------------------------  ---------  ---------  ---------  ---------  --------
 - Eps (I/O) Comm                0.06       0.08       0.07       0.08         9
 - Eps (I/O) IO                  5.97       6.03       5.97       6.03         9
 - I/O TOTAL                     6.44       6.87       6.43       6.87        16
 - INPUT                         0.52       0.52       0.52       0.52         1
 - INPUT_Q                       0.02       0.48       0.02       0.48         1
 - FULLBZ                        0.00       0.00       0.00       0.00         1
 - GVEC                          0.01       0.01       0.01       0.01         9
 - SUBGRP                        0.00       0.00       0.00       0.00         9
 - IRRBZ                         0.00       0.01       0.00       0.01         9
 - GENWF                         0.33       0.33       0.31       0.34      2106
 - MTXEL                         2.43       2.49       2.45       2.50      2106
 - RQSTAR                        0.00       0.00       0.00       0.00        81
 - GMAP                          0.01       0.01       0.01       0.01        81
 - EPSINV (TOTAL)               16.95      17.00      16.95      17.00         9
 - CHI SUM (COMM)                0.00       0.59       0.00       0.59        36
 - CHI SUM (TOTAL)              37.20      37.56      37.20      37.56         9
 - GENWF (VAL)                   0.22       0.23       0.21       0.23      2106
 - GENWF (COND)                  0.10       0.10       0.09       0.11        81
 - EPSINV (VCOUL)                0.00       0.06       0.00       0.06         9
 - JOB SETUP                     0.00       0.00       0.00       0.00         1
 - Q LOOP SETUP                  0.01       0.01       0.01       0.01         9
 - INIT CUTOFF                   0.00       0.00       0.00       0.00         9
 - INIT SCALAPACK                0.02       0.03       0.02       0.03         9
 - INIT ARRAYS                   2.99       3.27       2.99       3.27        18
 - CONVERGE TESTS                0.00       0.00       0.00       0.00         9
 - MTXEL (DENOM)                 0.02       0.03       0.02       0.03     58968
 - MTXEL (FFT)                   2.42       2.49       2.44       2.50      2106
 - GENWF (Ekin)                  0.00       0.00       0.00       0.00       162
 - GENWF (Sort)                  0.13       0.13       0.13       0.14       162
 - CHI SUM (zGEMM)               0.00      35.50       0.00      35.49        72
 - CHI SUM (PREP)                0.00       0.73       0.00       0.74        36
 - CHI SUM (ARRAY ALLOC)         0.00       0.05       0.00       0.05        36
 - EPSINV (I/O)                  6.28       6.32       6.28       6.32         9
 - EPSINV (INVERT)              10.57      10.58      10.57      10.58         9
 - FFT MLTPLY                    0.29       0.34       0.31       0.33     58968
 - TOTAL                        61.34      61.35      61.34      61.35         1
 
 Job Done
 
