bash: cannot set terminal process group (-1): Inappropriate ioctl for device
bash: no job control in this shell
[lxrun] JID 52662293 · 4 nodes · 1:57:44 left · 4/4 free · incoming: lx-B
  1  nid008517  free   —              —      —  ← starting lx-B  python3 -u -m gw.gw_jax 
  2  nid008653  free   —              —      —  ← starting lx-B  python3 -u -m gw.gw_jax 
  3  nid008656  free   —              —      —  ← starting lx-B  python3 -u -m gw.gw_jax 
  4  nid008657  free   —              —      —  ← starting lx-B  python3 -u -m gw.gw_jax 
srun: Step created for StepId=52662293.2

========================================================================
  COHSEX-JAX: Self-Energy Calculation
========================================================================
  Backend: GPU       Devices: 16  Mesh: 4×4  Processes: 16
  Device type: NVIDIA A100-SXM4-80GB
  XLA preallocate: false  mem_fraction: unset
========================================================================

  ISDF basis: 1504 centroids
  FFT grid: 75×75×200   Cell volume: 4960.60 a.u.³

    K-point chunking: 18 k-pts per FFT batch (total 36)
  K-point chunking: 3 chunks of 13 (total 36 k-points)
  K-point chunking: 3 chunks of 13 (total 36 k-points)
    Memory estimate: peak 58.21 GB (budget 45.00 GB), bottleneck=fft
    Per-stage: fft=57.41  zct=11.99  reshard=11.99  solve=8.52  gather=7.88 GB
    AOT fit_one_rchunk peak (driver-level): 17.58 GB

  Chunked ISDF fitting:
    Band chunks: 64
    R chunks:    70000 (contiguous r-space)
    Q chunks:    36
    Zeta output: /pscratch/sd/j/jackm/lorrax_sandbox/runs/CrI3/M_6x6_80Ry_2026-05-07/lorrax_B/tmp/zeta_q.h5

  Zeta fitting: 17 r-chunks x 70000 r-points, 160 bands (150 left + 160 right)
  Output: /pscratch/sd/j/jackm/lorrax_sandbox/runs/CrI3/M_6x6_80Ry_2026-05-07/lorrax_B/tmp/zeta_q.h5
  Left wfns:  (36, 150, 4, 1504)
  Right wfns: (36, 160, 4, 1504)
  Pseudobands normalization: 0 weighted, 0 zero-weight (skipped)
  Computing pair densities P_l, P_r (spin_traced)
/opt/jax/jax/_src/interpreters/mlir.py:1178: UserWarning: Some donated buffers were not usable: ShapedArray(complex128[36,376,376]).
See an explanation at https://jax.readthedocs.io/en/latest/faq.html#buffer-donation.
  warnings.warn("Some donated buffers were not usable:"
  Computing L_q = chol(C_q)
/opt/jax/jax/_src/interpreters/mlir.py:1178: UserWarning: Some donated buffers were not usable: ShapedArray(complex128[36,376,376]).
See an explanation at https://jax.readthedocs.io/en/latest/faq.html#buffer-donation.
  warnings.warn("Some donated buffers were not usable:"
/opt/jax/jax/_src/interpreters/mlir.py:1178: UserWarning: Some donated buffers were not usable: ShapedArray(complex128[36,376,376]).
See an explanation at https://jax.readthedocs.io/en/latest/faq.html#buffer-donation.
  warnings.warn("Some donated buffers were not usable:"
/opt/jax/jax/_src/interpreters/mlir.py:1178: UserWarning: Some donated buffers were not usable: ShapedArray(complex128[36,376,376]).
See an explanation at https://jax.readthedocs.io/en/latest/faq.html#buffer-donation.
  warnings.warn("Some donated buffers were not usable:"
/opt/jax/jax/_src/interpreters/mlir.py:1178: UserWarning: Some donated buffers were not usable: ShapedArray(complex128[36,376,376]).
See an explanation at https://jax.readthedocs.io/en/latest/faq.html#buffer-donation.
  warnings.warn("Some donated buffers were not usable:"
/opt/jax/jax/_src/interpreters/mlir.py:1178: UserWarning: Some donated buffers were not usable: ShapedArray(complex128[36,376,376]).
See an explanation at https://jax.readthedocs.io/en/latest/faq.html#buffer-donation.
  warnings.warn("Some donated buffers were not usable:"
/opt/jax/jax/_src/interpreters/mlir.py:1178: UserWarning: Some donated buffers were not usable: ShapedArray(complex128[36,376,376]).
See an explanation at https://jax.readthedocs.io/en/latest/faq.html#buffer-donation.
  warnings.warn("Some donated buffers were not usable:"
/opt/jax/jax/_src/interpreters/mlir.py:1178: UserWarning: Some donated buffers were not usable: ShapedArray(complex128[36,376,376]).
See an explanation at https://jax.readthedocs.io/en/latest/faq.html#buffer-donation.
  warnings.warn("Some donated buffers were not usable:"
/opt/jax/jax/_src/interpreters/mlir.py:1178: UserWarning: Some donated buffers were not usable: ShapedArray(complex128[36,376,376]).
See an explanation at https://jax.readthedocs.io/en/latest/faq.html#buffer-donation.
  warnings.warn("Some donated buffers were not usable:"
/opt/jax/jax/_src/interpreters/mlir.py:1178: UserWarning: Some donated buffers were not usable: ShapedArray(complex128[36,376,376]).
See an explanation at https://jax.readthedocs.io/en/latest/faq.html#buffer-donation.
  warnings.warn("Some donated buffers were not usable:"
/opt/jax/jax/_src/interpreters/mlir.py:1178: UserWarning: Some donated buffers were not usable: ShapedArray(complex128[36,376,376]).
See an explanation at https://jax.readthedocs.io/en/latest/faq.html#buffer-donation.
  warnings.warn("Some donated buffers were not usable:"
/opt/jax/jax/_src/interpreters/mlir.py:1178: UserWarning: Some donated buffers were not usable: ShapedArray(complex128[36,376,376]).
See an explanation at https://jax.readthedocs.io/en/latest/faq.html#buffer-donation.
  warnings.warn("Some donated buffers were not usable:"
/opt/jax/jax/_src/interpreters/mlir.py:1178: UserWarning: Some donated buffers were not usable: ShapedArray(complex128[36,376,376]).
See an explanation at https://jax.readthedocs.io/en/latest/faq.html#buffer-donation.
  warnings.warn("Some donated buffers were not usable:"
/opt/jax/jax/_src/interpreters/mlir.py:1178: UserWarning: Some donated buffers were not usable: ShapedArray(complex128[36,376,376]).
See an explanation at https://jax.readthedocs.io/en/latest/faq.html#buffer-donation.
  warnings.warn("Some donated buffers were not usable:"
/opt/jax/jax/_src/interpreters/mlir.py:1178: UserWarning: Some donated buffers were not usable: ShapedArray(complex128[36,376,376]).
See an explanation at https://jax.readthedocs.io/en/latest/faq.html#buffer-donation.
  warnings.warn("Some donated buffers were not usable:"
/opt/jax/jax/_src/interpreters/mlir.py:1178: UserWarning: Some donated buffers were not usable: ShapedArray(complex128[36,376,376]).
See an explanation at https://jax.readthedocs.io/en/latest/faq.html#buffer-donation.
  warnings.warn("Some donated buffers were not usable:"
  L_q: (36, 1504, 1504)
/global/homes/j/jackm/software/lorrax_B/src/file_io/_slab_io_ffi.py:378: UserWarning: FFI backend: chunks/attrs on create_dataset currently no-op; pre-create with h5py if you need explicit chunking or attrs.
  warnings.warn(
/global/homes/j/jackm/software/lorrax_B/src/file_io/_slab_io_ffi.py:378: UserWarning: FFI backend: chunks/attrs on create_dataset currently no-op; pre-create with h5py if you need explicit chunking or attrs.
  warnings.warn(
/global/homes/j/jackm/software/lorrax_B/src/file_io/_slab_io_ffi.py:378: UserWarning: FFI backend: chunks/attrs on create_dataset currently no-op; pre-create with h5py if you need explicit chunking or attrs.
  warnings.warn(
/global/homes/j/jackm/software/lorrax_B/src/file_io/_slab_io_ffi.py:378: UserWarning: FFI backend: chunks/attrs on create_dataset currently no-op; pre-create with h5py if you need explicit chunking or attrs.
  warnings.warn(
/global/homes/j/jackm/software/lorrax_B/src/file_io/_slab_io_ffi.py:378: UserWarning: FFI backend: chunks/attrs on create_dataset currently no-op; pre-create with h5py if you need explicit chunking or attrs.
  warnings.warn(
/global/homes/j/jackm/software/lorrax_B/src/file_io/_slab_io_ffi.py:378: UserWarning: FFI backend: chunks/attrs on create_dataset currently no-op; pre-create with h5py if you need explicit chunking or attrs.
  warnings.warn(
/global/homes/j/jackm/software/lorrax_B/src/file_io/_slab_io_ffi.py:378: UserWarning: FFI backend: chunks/attrs on create_dataset currently no-op; pre-create with h5py if you need explicit chunking or attrs.
  warnings.warn(
/global/homes/j/jackm/software/lorrax_B/src/file_io/_slab_io_ffi.py:378: UserWarning: FFI backend: chunks/attrs on create_dataset currently no-op; pre-create with h5py if you need explicit chunking or attrs.
  warnings.warn(
/global/homes/j/jackm/software/lorrax_B/src/file_io/_slab_io_ffi.py:378: UserWarning: FFI backend: chunks/attrs on create_dataset currently no-op; pre-create with h5py if you need explicit chunking or attrs.
  warnings.warn(
/global/homes/j/jackm/software/lorrax_B/src/file_io/_slab_io_ffi.py:378: UserWarning: FFI backend: chunks/attrs on create_dataset currently no-op; pre-create with h5py if you need explicit chunking or attrs.
  warnings.warn(
/global/homes/j/jackm/software/lorrax_B/src/file_io/_slab_io_ffi.py:378: UserWarning: FFI backend: chunks/attrs on create_dataset currently no-op; pre-create with h5py if you need explicit chunking or attrs.
  warnings.warn(
/global/homes/j/jackm/software/lorrax_B/src/file_io/_slab_io_ffi.py:378: UserWarning: FFI backend: chunks/attrs on create_dataset currently no-op; pre-create with h5py if you need explicit chunking or attrs.
  warnings.warn(
/global/homes/j/jackm/software/lorrax_B/src/file_io/_slab_io_ffi.py:378: UserWarning: FFI backend: chunks/attrs on create_dataset currently no-op; pre-create with h5py if you need explicit chunking or attrs.
  warnings.warn(
/global/homes/j/jackm/software/lorrax_B/src/file_io/_slab_io_ffi.py:378: UserWarning: FFI backend: chunks/attrs on create_dataset currently no-op; pre-create with h5py if you need explicit chunking or attrs.
  warnings.warn(
/global/homes/j/jackm/software/lorrax_B/src/file_io/_slab_io_ffi.py:378: UserWarning: FFI backend: chunks/attrs on create_dataset currently no-op; pre-create with h5py if you need explicit chunking or attrs.
  warnings.warn(
/global/homes/j/jackm/software/lorrax_B/src/file_io/_slab_io_ffi.py:378: UserWarning: FFI backend: chunks/attrs on create_dataset currently no-op; pre-create with h5py if you need explicit chunking or attrs.
  warnings.warn(
  ψ(G) host cache: 25.92 GB/process resident
Started zeta fitting at 17:44:58.
[ 17:44:58 | █░░░░░░░░░ |   6% ] r-chunk  1 / 17 · ETA 0 s
[ 17:45:27 | █░░░░░░░░░ |  12% ] r-chunk  2 / 17 · ETA 217 s
[ 17:45:54 | ██░░░░░░░░ |  18% ] r-chunk  3 / 17 · ETA 260 s
[ 17:46:19 | ██░░░░░░░░ |  24% ] r-chunk  4 / 17 · ETA 264 s
[ 17:46:46 | ███░░░░░░░ |  29% ] r-chunk  5 / 17 · ETA 259 s
[ 17:47:13 | ████░░░░░░ |  35% ] r-chunk  6 / 17 · ETA 247 s
[ 17:47:39 | ████░░░░░░ |  41% ] r-chunk  7 / 17 · ETA 229 s
[ 17:48:05 | █████░░░░░ |  47% ] r-chunk  8 / 17 · ETA 211 s
[ 17:48:34 | █████░░░░░ |  53% ] r-chunk  9 / 17 · ETA 192 s
[ 17:49:01 | ██████░░░░ |  59% ] r-chunk 10 / 17 · ETA 170 s
[ 17:49:27 | ██████░░░░ |  65% ] r-chunk 11 / 17 · ETA 147 s
[ 17:49:55 | ███████░░░ |  71% ] r-chunk 12 / 17 · ETA 123 s
[ 17:50:21 | ████████░░ |  76% ] r-chunk 13 / 17 · ETA 99 s
[ 17:50:49 | ████████░░ |  82% ] r-chunk 14 / 17 · ETA 75 s
[ 17:51:17 | █████████░ |  88% ] r-chunk 15 / 17 · ETA 51 s
[ 17:51:45 | █████████░ |  94% ] r-chunk 16 / 17 · ETA 25 s
[ 17:52:30 | ██████████ | 100% ] r-chunk 17 / 17 · ETA 0 s
Finished zeta fitting at 17:52:30.  Elapsed: 451 s.
  [SlabIO.close] draining 1 pending writes for zeta_q.h5 …
  [SlabIO.close] Python dispatch drained in 20.2 s; joining writer thread
  [SlabIO.close] writer thread joined in 0.0 s; calling H5Fclose collectively
  [SlabIO.close] H5Fclose returned in 1.9 s
  Zeta output: /pscratch/sd/j/jackm/lorrax_sandbox/runs/CrI3/M_6x6_80Ry_2026-05-07/lorrax_B/tmp/zeta_q.h5  shape: (6,6,1,1504,1125000)
  Timing (17 r-chunks, 491.6s total):
    fit    437.14s  88.9%
    H5      54.48s  11.1%
    GPU high-water mark: 8.61 GB / 45.00 GB budget (19%)
    γ (runtime / AOT-pred) = 0.490  (AOT predicted 17.58 GB)

  [bispinor] fitting ζ^{μ_L=1,2,3} on current-density centroids: /pscratch/sd/j/jackm/lorrax_sandbox/runs/CrI3/M_6x6_80Ry_2026-05-07/lorrax_B/centroids_frac_608_current.txt
  [bispinor] μ_L=1 → /pscratch/sd/j/jackm/lorrax_sandbox/runs/CrI3/M_6x6_80Ry_2026-05-07/lorrax_B/tmp/zeta_q_mu1.h5

  Zeta fitting: 17 r-chunks x 70000 r-points, 160 bands (150 left + 160 right)
  Output: /pscratch/sd/j/jackm/lorrax_sandbox/runs/CrI3/M_6x6_80Ry_2026-05-07/lorrax_B/tmp/zeta_q_mu1.h5
  Left wfns:  (36, 150, 4, 608)
  Right wfns: (36, 160, 4, 608)
  Pseudobands normalization: 0 weighted, 0 zero-weight (skipped)
  Computing pair densities P_l, P_r (spin_traced metric; γ̃^1 RHS)
/opt/jax/jax/_src/interpreters/mlir.py:1178: UserWarning: Some donated buffers were not usable: ShapedArray(complex128[36,152,152]).
See an explanation at https://jax.readthedocs.io/en/latest/faq.html#buffer-donation.
  warnings.warn("Some donated buffers were not usable:"
  Computing L_q = chol(C_q) from scalar metric (vertex_mu_L=1 uses γ̃ RHS only)
/opt/jax/jax/_src/interpreters/mlir.py:1178: UserWarning: Some donated buffers were not usable: ShapedArray(complex128[36,152,152]).
See an explanation at https://jax.readthedocs.io/en/latest/faq.html#buffer-donation.
  warnings.warn("Some donated buffers were not usable:"
/opt/jax/jax/_src/interpreters/mlir.py:1178: UserWarning: Some donated buffers were not usable: ShapedArray(complex128[36,152,152]).
See an explanation at https://jax.readthedocs.io/en/latest/faq.html#buffer-donation.
  warnings.warn("Some donated buffers were not usable:"
/opt/jax/jax/_src/interpreters/mlir.py:1178: UserWarning: Some donated buffers were not usable: ShapedArray(complex128[36,152,152]).
See an explanation at https://jax.readthedocs.io/en/latest/faq.html#buffer-donation.
  warnings.warn("Some donated buffers were not usable:"
/opt/jax/jax/_src/interpreters/mlir.py:1178: UserWarning: Some donated buffers were not usable: ShapedArray(complex128[36,152,152]).
See an explanation at https://jax.readthedocs.io/en/latest/faq.html#buffer-donation.
  warnings.warn("Some donated buffers were not usable:"
/opt/jax/jax/_src/interpreters/mlir.py:1178: UserWarning: Some donated buffers were not usable: ShapedArray(complex128[36,152,152]).
See an explanation at https://jax.readthedocs.io/en/latest/faq.html#buffer-donation.
  warnings.warn("Some donated buffers were not usable:"
/opt/jax/jax/_src/interpreters/mlir.py:1178: UserWarning: Some donated buffers were not usable: ShapedArray(complex128[36,152,152]).
See an explanation at https://jax.readthedocs.io/en/latest/faq.html#buffer-donation.
  warnings.warn("Some donated buffers were not usable:"
/opt/jax/jax/_src/interpreters/mlir.py:1178: UserWarning: Some donated buffers were not usable: ShapedArray(complex128[36,152,152]).
See an explanation at https://jax.readthedocs.io/en/latest/faq.html#buffer-donation.
  warnings.warn("Some donated buffers were not usable:"
/opt/jax/jax/_src/interpreters/mlir.py:1178: UserWarning: Some donated buffers were not usable: ShapedArray(complex128[36,152,152]).
See an explanation at https://jax.readthedocs.io/en/latest/faq.html#buffer-donation.
  warnings.warn("Some donated buffers were not usable:"
/opt/jax/jax/_src/interpreters/mlir.py:1178: UserWarning: Some donated buffers were not usable: ShapedArray(complex128[36,152,152]).
See an explanation at https://jax.readthedocs.io/en/latest/faq.html#buffer-donation.
  warnings.warn("Some donated buffers were not usable:"
/opt/jax/jax/_src/interpreters/mlir.py:1178: UserWarning: Some donated buffers were not usable: ShapedArray(complex128[36,152,152]).
See an explanation at https://jax.readthedocs.io/en/latest/faq.html#buffer-donation.
  warnings.warn("Some donated buffers were not usable:"
/opt/jax/jax/_src/interpreters/mlir.py:1178: UserWarning: Some donated buffers were not usable: ShapedArray(complex128[36,152,152]).
See an explanation at https://jax.readthedocs.io/en/latest/faq.html#buffer-donation.
  warnings.warn("Some donated buffers were not usable:"
/opt/jax/jax/_src/interpreters/mlir.py:1178: UserWarning: Some donated buffers were not usable: ShapedArray(complex128[36,152,152]).
See an explanation at https://jax.readthedocs.io/en/latest/faq.html#buffer-donation.
  warnings.warn("Some donated buffers were not usable:"
/opt/jax/jax/_src/interpreters/mlir.py:1178: UserWarning: Some donated buffers were not usable: ShapedArray(complex128[36,152,152]).
See an explanation at https://jax.readthedocs.io/en/latest/faq.html#buffer-donation.
  warnings.warn("Some donated buffers were not usable:"
/opt/jax/jax/_src/interpreters/mlir.py:1178: UserWarning: Some donated buffers were not usable: ShapedArray(complex128[36,152,152]).
See an explanation at https://jax.readthedocs.io/en/latest/faq.html#buffer-donation.
  warnings.warn("Some donated buffers were not usable:"
/opt/jax/jax/_src/interpreters/mlir.py:1178: UserWarning: Some donated buffers were not usable: ShapedArray(complex128[36,152,152]).
See an explanation at https://jax.readthedocs.io/en/latest/faq.html#buffer-donation.
  warnings.warn("Some donated buffers were not usable:"
  L_q: (36, 608, 608)
/global/homes/j/jackm/software/lorrax_B/src/file_io/_slab_io_ffi.py:378: UserWarning: FFI backend: chunks/attrs on create_dataset currently no-op; pre-create with h5py if you need explicit chunking or attrs.
  warnings.warn(
/global/homes/j/jackm/software/lorrax_B/src/file_io/_slab_io_ffi.py:378: UserWarning: FFI backend: chunks/attrs on create_dataset currently no-op; pre-create with h5py if you need explicit chunking or attrs.
  warnings.warn(
/global/homes/j/jackm/software/lorrax_B/src/file_io/_slab_io_ffi.py:378: UserWarning: FFI backend: chunks/attrs on create_dataset currently no-op; pre-create with h5py if you need explicit chunking or attrs.
  warnings.warn(
/global/homes/j/jackm/software/lorrax_B/src/file_io/_slab_io_ffi.py:378: UserWarning: FFI backend: chunks/attrs on create_dataset currently no-op; pre-create with h5py if you need explicit chunking or attrs.
  warnings.warn(
/global/homes/j/jackm/software/lorrax_B/src/file_io/_slab_io_ffi.py:378: UserWarning: FFI backend: chunks/attrs on create_dataset currently no-op; pre-create with h5py if you need explicit chunking or attrs.
  warnings.warn(
/global/homes/j/jackm/software/lorrax_B/src/file_io/_slab_io_ffi.py:378: UserWarning: FFI backend: chunks/attrs on create_dataset currently no-op; pre-create with h5py if you need explicit chunking or attrs.
  warnings.warn(
/global/homes/j/jackm/software/lorrax_B/src/file_io/_slab_io_ffi.py:378: UserWarning: FFI backend: chunks/attrs on create_dataset currently no-op; pre-create with h5py if you need explicit chunking or attrs.
  warnings.warn(
/global/homes/j/jackm/software/lorrax_B/src/file_io/_slab_io_ffi.py:378: UserWarning: FFI backend: chunks/attrs on create_dataset currently no-op; pre-create with h5py if you need explicit chunking or attrs.
  warnings.warn(
/global/homes/j/jackm/software/lorrax_B/src/file_io/_slab_io_ffi.py:378: UserWarning: FFI backend: chunks/attrs on create_dataset currently no-op; pre-create with h5py if you need explicit chunking or attrs.
  warnings.warn(
/global/homes/j/jackm/software/lorrax_B/src/file_io/_slab_io_ffi.py:378: UserWarning: FFI backend: chunks/attrs on create_dataset currently no-op; pre-create with h5py if you need explicit chunking or attrs.
  warnings.warn(
/global/homes/j/jackm/software/lorrax_B/src/file_io/_slab_io_ffi.py:378: UserWarning: FFI backend: chunks/attrs on create_dataset currently no-op; pre-create with h5py if you need explicit chunking or attrs.
  warnings.warn(
/global/homes/j/jackm/software/lorrax_B/src/file_io/_slab_io_ffi.py:378: UserWarning: FFI backend: chunks/attrs on create_dataset currently no-op; pre-create with h5py if you need explicit chunking or attrs.
  warnings.warn(
/global/homes/j/jackm/software/lorrax_B/src/file_io/_slab_io_ffi.py:378: UserWarning: FFI backend: chunks/attrs on create_dataset currently no-op; pre-create with h5py if you need explicit chunking or attrs.
  warnings.warn(
/global/homes/j/jackm/software/lorrax_B/src/file_io/_slab_io_ffi.py:378: UserWarning: FFI backend: chunks/attrs on create_dataset currently no-op; pre-create with h5py if you need explicit chunking or attrs.
  warnings.warn(
/global/homes/j/jackm/software/lorrax_B/src/file_io/_slab_io_ffi.py:378: UserWarning: FFI backend: chunks/attrs on create_dataset currently no-op; pre-create with h5py if you need explicit chunking or attrs.
  warnings.warn(
/global/homes/j/jackm/software/lorrax_B/src/file_io/_slab_io_ffi.py:378: UserWarning: FFI backend: chunks/attrs on create_dataset currently no-op; pre-create with h5py if you need explicit chunking or attrs.
  warnings.warn(
  ψ(G) host cache: 25.92 GB/process resident
Started zeta fitting at 17:53:48.
[ 17:53:48 | █░░░░░░░░░ |   6% ] r-chunk  1 / 17 · ETA 0 s
[ 17:54:07 | █░░░░░░░░░ |  12% ] r-chunk  2 / 17 · ETA 147 s
[ 17:54:26 | ██░░░░░░░░ |  18% ] r-chunk  3 / 17 · ETA 178 s
[ 17:54:45 | ██░░░░░░░░ |  24% ] r-chunk  4 / 17 · ETA 186 s
[ 17:55:04 | ███░░░░░░░ |  29% ] r-chunk  5 / 17 · ETA 183 s
[ 17:55:23 | ████░░░░░░ |  35% ] r-chunk  6 / 17 · ETA 174 s
[ 17:55:42 | ████░░░░░░ |  41% ] r-chunk  7 / 17 · ETA 163 s
[ 17:56:01 | █████░░░░░ |  47% ] r-chunk  8 / 17 · ETA 150 s
[ 17:56:20 | █████░░░░░ |  53% ] r-chunk  9 / 17 · ETA 135 s
[ 17:56:40 | ██████░░░░ |  59% ] r-chunk 10 / 17 · ETA 120 s
[ 17:56:59 | ██████░░░░ |  65% ] r-chunk 11 / 17 · ETA 104 s
[ 17:57:18 | ███████░░░ |  71% ] r-chunk 12 / 17 · ETA 88 s
[ 17:57:37 | ████████░░ |  76% ] r-chunk 13 / 17 · ETA 71 s
[ 17:57:56 | ████████░░ |  82% ] r-chunk 14 / 17 · ETA 53 s
[ 17:58:16 | █████████░ |  88% ] r-chunk 15 / 17 · ETA 36 s
[ 17:58:35 | █████████░ |  94% ] r-chunk 16 / 17 · ETA 18 s
[ 17:59:14 | ██████████ | 100% ] r-chunk 17 / 17 · ETA 0 s
Finished zeta fitting at 17:59:14.  Elapsed: 326 s.
  [SlabIO.close] draining 1 pending writes for zeta_q_mu1.h5 …
  [SlabIO.close] Python dispatch drained in 9.4 s; joining writer thread
  [SlabIO.close] writer thread joined in 0.0 s; calling H5Fclose collectively
  [SlabIO.close] H5Fclose returned in 0.4 s
  Zeta output: /pscratch/sd/j/jackm/lorrax_sandbox/runs/CrI3/M_6x6_80Ry_2026-05-07/lorrax_B/tmp/zeta_q_mu1.h5  shape: (6,6,1,608,1125000)
  Timing (17 r-chunks, 361.7s total):
    fit    340.07s  94.0%
    H5      21.66s   6.0%
  [bispinor] μ_L=2 → /pscratch/sd/j/jackm/lorrax_sandbox/runs/CrI3/M_6x6_80Ry_2026-05-07/lorrax_B/tmp/zeta_q_mu2.h5

  Zeta fitting: 17 r-chunks x 70000 r-points, 160 bands (150 left + 160 right)
  Output: /pscratch/sd/j/jackm/lorrax_sandbox/runs/CrI3/M_6x6_80Ry_2026-05-07/lorrax_B/tmp/zeta_q_mu2.h5
  Left wfns:  (36, 150, 4, 608)
  Right wfns: (36, 160, 4, 608)
  Pseudobands normalization: 0 weighted, 0 zero-weight (skipped)
  Computing pair densities P_l, P_r (spin_traced metric; γ̃^2 RHS)
/opt/jax/jax/_src/interpreters/mlir.py:1178: UserWarning: Some donated buffers were not usable: ShapedArray(complex128[36,152,152]).
See an explanation at https://jax.readthedocs.io/en/latest/faq.html#buffer-donation.
  warnings.warn("Some donated buffers were not usable:"
  Computing L_q = chol(C_q) from scalar metric (vertex_mu_L=2 uses γ̃ RHS only)
/opt/jax/jax/_src/interpreters/mlir.py:1178: UserWarning: Some donated buffers were not usable: ShapedArray(complex128[36,152,152]).
See an explanation at https://jax.readthedocs.io/en/latest/faq.html#buffer-donation.
  warnings.warn("Some donated buffers were not usable:"
/opt/jax/jax/_src/interpreters/mlir.py:1178: UserWarning: Some donated buffers were not usable: ShapedArray(complex128[36,152,152]).
See an explanation at https://jax.readthedocs.io/en/latest/faq.html#buffer-donation.
  warnings.warn("Some donated buffers were not usable:"
/opt/jax/jax/_src/interpreters/mlir.py:1178: UserWarning: Some donated buffers were not usable: ShapedArray(complex128[36,152,152]).
See an explanation at https://jax.readthedocs.io/en/latest/faq.html#buffer-donation.
  warnings.warn("Some donated buffers were not usable:"
/opt/jax/jax/_src/interpreters/mlir.py:1178: UserWarning: Some donated buffers were not usable: ShapedArray(complex128[36,152,152]).
See an explanation at https://jax.readthedocs.io/en/latest/faq.html#buffer-donation.
  warnings.warn("Some donated buffers were not usable:"
/opt/jax/jax/_src/interpreters/mlir.py:1178: UserWarning: Some donated buffers were not usable: ShapedArray(complex128[36,152,152]).
See an explanation at https://jax.readthedocs.io/en/latest/faq.html#buffer-donation.
  warnings.warn("Some donated buffers were not usable:"
/opt/jax/jax/_src/interpreters/mlir.py:1178: UserWarning: Some donated buffers were not usable: ShapedArray(complex128[36,152,152]).
See an explanation at https://jax.readthedocs.io/en/latest/faq.html#buffer-donation.
  warnings.warn("Some donated buffers were not usable:"
/opt/jax/jax/_src/interpreters/mlir.py:1178: UserWarning: Some donated buffers were not usable: ShapedArray(complex128[36,152,152]).
See an explanation at https://jax.readthedocs.io/en/latest/faq.html#buffer-donation.
  warnings.warn("Some donated buffers were not usable:"
/opt/jax/jax/_src/interpreters/mlir.py:1178: UserWarning: Some donated buffers were not usable: ShapedArray(complex128[36,152,152]).
See an explanation at https://jax.readthedocs.io/en/latest/faq.html#buffer-donation.
  warnings.warn("Some donated buffers were not usable:"
/opt/jax/jax/_src/interpreters/mlir.py:1178: UserWarning: Some donated buffers were not usable: ShapedArray(complex128[36,152,152]).
See an explanation at https://jax.readthedocs.io/en/latest/faq.html#buffer-donation.
  warnings.warn("Some donated buffers were not usable:"
/opt/jax/jax/_src/interpreters/mlir.py:1178: UserWarning: Some donated buffers were not usable: ShapedArray(complex128[36,152,152]).
See an explanation at https://jax.readthedocs.io/en/latest/faq.html#buffer-donation.
  warnings.warn("Some donated buffers were not usable:"
/opt/jax/jax/_src/interpreters/mlir.py:1178: UserWarning: Some donated buffers were not usable: ShapedArray(complex128[36,152,152]).
See an explanation at https://jax.readthedocs.io/en/latest/faq.html#buffer-donation.
  warnings.warn("Some donated buffers were not usable:"
/opt/jax/jax/_src/interpreters/mlir.py:1178: UserWarning: Some donated buffers were not usable: ShapedArray(complex128[36,152,152]).
See an explanation at https://jax.readthedocs.io/en/latest/faq.html#buffer-donation.
  warnings.warn("Some donated buffers were not usable:"
/opt/jax/jax/_src/interpreters/mlir.py:1178: UserWarning: Some donated buffers were not usable: ShapedArray(complex128[36,152,152]).
See an explanation at https://jax.readthedocs.io/en/latest/faq.html#buffer-donation.
  warnings.warn("Some donated buffers were not usable:"
/opt/jax/jax/_src/interpreters/mlir.py:1178: UserWarning: Some donated buffers were not usable: ShapedArray(complex128[36,152,152]).
See an explanation at https://jax.readthedocs.io/en/latest/faq.html#buffer-donation.
  warnings.warn("Some donated buffers were not usable:"
/opt/jax/jax/_src/interpreters/mlir.py:1178: UserWarning: Some donated buffers were not usable: ShapedArray(complex128[36,152,152]).
See an explanation at https://jax.readthedocs.io/en/latest/faq.html#buffer-donation.
  warnings.warn("Some donated buffers were not usable:"
  L_q: (36, 608, 608)
/global/homes/j/jackm/software/lorrax_B/src/file_io/_slab_io_ffi.py:378: UserWarning: FFI backend: chunks/attrs on create_dataset currently no-op; pre-create with h5py if you need explicit chunking or attrs.
  warnings.warn(
/global/homes/j/jackm/software/lorrax_B/src/file_io/_slab_io_ffi.py:378: UserWarning: FFI backend: chunks/attrs on create_dataset currently no-op; pre-create with h5py if you need explicit chunking or attrs.
  warnings.warn(
/global/homes/j/jackm/software/lorrax_B/src/file_io/_slab_io_ffi.py:378: UserWarning: FFI backend: chunks/attrs on create_dataset currently no-op; pre-create with h5py if you need explicit chunking or attrs.
  warnings.warn(
/global/homes/j/jackm/software/lorrax_B/src/file_io/_slab_io_ffi.py:378: UserWarning: FFI backend: chunks/attrs on create_dataset currently no-op; pre-create with h5py if you need explicit chunking or attrs.
  warnings.warn(
/global/homes/j/jackm/software/lorrax_B/src/file_io/_slab_io_ffi.py:378: UserWarning: FFI backend: chunks/attrs on create_dataset currently no-op; pre-create with h5py if you need explicit chunking or attrs.
  warnings.warn(
/global/homes/j/jackm/software/lorrax_B/src/file_io/_slab_io_ffi.py:378: UserWarning: FFI backend: chunks/attrs on create_dataset currently no-op; pre-create with h5py if you need explicit chunking or attrs.
  warnings.warn(
/global/homes/j/jackm/software/lorrax_B/src/file_io/_slab_io_ffi.py:378: UserWarning: FFI backend: chunks/attrs on create_dataset currently no-op; pre-create with h5py if you need explicit chunking or attrs.
  warnings.warn(
/global/homes/j/jackm/software/lorrax_B/src/file_io/_slab_io_ffi.py:378: UserWarning: FFI backend: chunks/attrs on create_dataset currently no-op; pre-create with h5py if you need explicit chunking or attrs.
  warnings.warn(
/global/homes/j/jackm/software/lorrax_B/src/file_io/_slab_io_ffi.py:378: UserWarning: FFI backend: chunks/attrs on create_dataset currently no-op; pre-create with h5py if you need explicit chunking or attrs.
  warnings.warn(
/global/homes/j/jackm/software/lorrax_B/src/file_io/_slab_io_ffi.py:378: UserWarning: FFI backend: chunks/attrs on create_dataset currently no-op; pre-create with h5py if you need explicit chunking or attrs.
  warnings.warn(
/global/homes/j/jackm/software/lorrax_B/src/file_io/_slab_io_ffi.py:378: UserWarning: FFI backend: chunks/attrs on create_dataset currently no-op; pre-create with h5py if you need explicit chunking or attrs.
  warnings.warn(
/global/homes/j/jackm/software/lorrax_B/src/file_io/_slab_io_ffi.py:378: UserWarning: FFI backend: chunks/attrs on create_dataset currently no-op; pre-create with h5py if you need explicit chunking or attrs.
  warnings.warn(
/global/homes/j/jackm/software/lorrax_B/src/file_io/_slab_io_ffi.py:378: UserWarning: FFI backend: chunks/attrs on create_dataset currently no-op; pre-create with h5py if you need explicit chunking or attrs.
  warnings.warn(
/global/homes/j/jackm/software/lorrax_B/src/file_io/_slab_io_ffi.py:378: UserWarning: FFI backend: chunks/attrs on create_dataset currently no-op; pre-create with h5py if you need explicit chunking or attrs.
  warnings.warn(
/global/homes/j/jackm/software/lorrax_B/src/file_io/_slab_io_ffi.py:378: UserWarning: FFI backend: chunks/attrs on create_dataset currently no-op; pre-create with h5py if you need explicit chunking or attrs.
  warnings.warn(
/global/homes/j/jackm/software/lorrax_B/src/file_io/_slab_io_ffi.py:378: UserWarning: FFI backend: chunks/attrs on create_dataset currently no-op; pre-create with h5py if you need explicit chunking or attrs.
  warnings.warn(
  ψ(G) host cache: 25.92 GB/process resident
Started zeta fitting at 18:00:20.
[ 18:00:20 | █░░░░░░░░░ |   6% ] r-chunk  1 / 17 · ETA 0 s
[ 18:00:40 | █░░░░░░░░░ |  12% ] r-chunk  2 / 17 · ETA 152 s
[ 18:00:59 | ██░░░░░░░░ |  18% ] r-chunk  3 / 17 · ETA 186 s
[ 18:01:18 | ██░░░░░░░░ |  24% ] r-chunk  4 / 17 · ETA 190 s
[ 18:01:38 | ███░░░░░░░ |  29% ] r-chunk  5 / 17 · ETA 188 s
[ 18:01:57 | ████░░░░░░ |  35% ] r-chunk  6 / 17 · ETA 178 s
[ 18:02:16 | ████░░░░░░ |  41% ] r-chunk  7 / 17 · ETA 166 s
[ 18:02:36 | █████░░░░░ |  47% ] r-chunk  8 / 17 · ETA 153 s
[ 18:02:55 | █████░░░░░ |  53% ] r-chunk  9 / 17 · ETA 138 s
[ 18:03:14 | ██████░░░░ |  59% ] r-chunk 10 / 17 · ETA 122 s
[ 18:03:33 | ██████░░░░ |  65% ] r-chunk 11 / 17 · ETA 105 s
[ 18:03:52 | ███████░░░ |  71% ] r-chunk 12 / 17 · ETA 89 s
[ 18:04:11 | ████████░░ |  76% ] r-chunk 13 / 17 · ETA 71 s
[ 18:04:31 | ████████░░ |  82% ] r-chunk 14 / 17 · ETA 54 s
[ 18:04:52 | █████████░ |  88% ] r-chunk 15 / 17 · ETA 36 s
[ 18:05:12 | █████████░ |  94% ] r-chunk 16 / 17 · ETA 18 s
[ 18:05:52 | ██████████ | 100% ] r-chunk 17 / 17 · ETA 0 s
Finished zeta fitting at 18:05:52.  Elapsed: 333 s.
  [SlabIO.close] draining 1 pending writes for zeta_q_mu2.h5 …
  [SlabIO.close] Python dispatch drained in 8.0 s; joining writer thread
  [SlabIO.close] writer thread joined in 0.0 s; calling H5Fclose collectively
  [SlabIO.close] H5Fclose returned in 1.0 s
  Zeta output: /pscratch/sd/j/jackm/lorrax_sandbox/runs/CrI3/M_6x6_80Ry_2026-05-07/lorrax_B/tmp/zeta_q_mu2.h5  shape: (6,6,1,608,1125000)
  Timing (17 r-chunks, 369.7s total):
    fit    347.89s  94.1%
    H5      21.76s   5.9%
  [bispinor] μ_L=3 → /pscratch/sd/j/jackm/lorrax_sandbox/runs/CrI3/M_6x6_80Ry_2026-05-07/lorrax_B/tmp/zeta_q_mu3.h5

  Zeta fitting: 17 r-chunks x 70000 r-points, 160 bands (150 left + 160 right)
  Output: /pscratch/sd/j/jackm/lorrax_sandbox/runs/CrI3/M_6x6_80Ry_2026-05-07/lorrax_B/tmp/zeta_q_mu3.h5
  Left wfns:  (36, 150, 4, 608)
  Right wfns: (36, 160, 4, 608)
  Pseudobands normalization: 0 weighted, 0 zero-weight (skipped)
  Computing pair densities P_l, P_r (spin_traced metric; γ̃^3 RHS)
/opt/jax/jax/_src/interpreters/mlir.py:1178: UserWarning: Some donated buffers were not usable: ShapedArray(complex128[36,152,152]).
See an explanation at https://jax.readthedocs.io/en/latest/faq.html#buffer-donation.
  warnings.warn("Some donated buffers were not usable:"
  Computing L_q = chol(C_q) from scalar metric (vertex_mu_L=3 uses γ̃ RHS only)
/opt/jax/jax/_src/interpreters/mlir.py:1178: UserWarning: Some donated buffers were not usable: ShapedArray(complex128[36,152,152]).
See an explanation at https://jax.readthedocs.io/en/latest/faq.html#buffer-donation.
  warnings.warn("Some donated buffers were not usable:"
/opt/jax/jax/_src/interpreters/mlir.py:1178: UserWarning: Some donated buffers were not usable: ShapedArray(complex128[36,152,152]).
See an explanation at https://jax.readthedocs.io/en/latest/faq.html#buffer-donation.
  warnings.warn("Some donated buffers were not usable:"
/opt/jax/jax/_src/interpreters/mlir.py:1178: UserWarning: Some donated buffers were not usable: ShapedArray(complex128[36,152,152]).
See an explanation at https://jax.readthedocs.io/en/latest/faq.html#buffer-donation.
  warnings.warn("Some donated buffers were not usable:"
/opt/jax/jax/_src/interpreters/mlir.py:1178: UserWarning: Some donated buffers were not usable: ShapedArray(complex128[36,152,152]).
See an explanation at https://jax.readthedocs.io/en/latest/faq.html#buffer-donation.
  warnings.warn("Some donated buffers were not usable:"
/opt/jax/jax/_src/interpreters/mlir.py:1178: UserWarning: Some donated buffers were not usable: ShapedArray(complex128[36,152,152]).
See an explanation at https://jax.readthedocs.io/en/latest/faq.html#buffer-donation.
  warnings.warn("Some donated buffers were not usable:"
/opt/jax/jax/_src/interpreters/mlir.py:1178: UserWarning: Some donated buffers were not usable: ShapedArray(complex128[36,152,152]).
See an explanation at https://jax.readthedocs.io/en/latest/faq.html#buffer-donation.
  warnings.warn("Some donated buffers were not usable:"
/opt/jax/jax/_src/interpreters/mlir.py:1178: UserWarning: Some donated buffers were not usable: ShapedArray(complex128[36,152,152]).
See an explanation at https://jax.readthedocs.io/en/latest/faq.html#buffer-donation.
  warnings.warn("Some donated buffers were not usable:"
/opt/jax/jax/_src/interpreters/mlir.py:1178: UserWarning: Some donated buffers were not usable: ShapedArray(complex128[36,152,152]).
See an explanation at https://jax.readthedocs.io/en/latest/faq.html#buffer-donation.
  warnings.warn("Some donated buffers were not usable:"
/opt/jax/jax/_src/interpreters/mlir.py:1178: UserWarning: Some donated buffers were not usable: ShapedArray(complex128[36,152,152]).
See an explanation at https://jax.readthedocs.io/en/latest/faq.html#buffer-donation.
  warnings.warn("Some donated buffers were not usable:"
/opt/jax/jax/_src/interpreters/mlir.py:1178: UserWarning: Some donated buffers were not usable: ShapedArray(complex128[36,152,152]).
See an explanation at https://jax.readthedocs.io/en/latest/faq.html#buffer-donation.
  warnings.warn("Some donated buffers were not usable:"
/opt/jax/jax/_src/interpreters/mlir.py:1178: UserWarning: Some donated buffers were not usable: ShapedArray(complex128[36,152,152]).
See an explanation at https://jax.readthedocs.io/en/latest/faq.html#buffer-donation.
  warnings.warn("Some donated buffers were not usable:"
/opt/jax/jax/_src/interpreters/mlir.py:1178: UserWarning: Some donated buffers were not usable: ShapedArray(complex128[36,152,152]).
See an explanation at https://jax.readthedocs.io/en/latest/faq.html#buffer-donation.
  warnings.warn("Some donated buffers were not usable:"
/opt/jax/jax/_src/interpreters/mlir.py:1178: UserWarning: Some donated buffers were not usable: ShapedArray(complex128[36,152,152]).
See an explanation at https://jax.readthedocs.io/en/latest/faq.html#buffer-donation.
  warnings.warn("Some donated buffers were not usable:"
/opt/jax/jax/_src/interpreters/mlir.py:1178: UserWarning: Some donated buffers were not usable: ShapedArray(complex128[36,152,152]).
See an explanation at https://jax.readthedocs.io/en/latest/faq.html#buffer-donation.
  warnings.warn("Some donated buffers were not usable:"
/opt/jax/jax/_src/interpreters/mlir.py:1178: UserWarning: Some donated buffers were not usable: ShapedArray(complex128[36,152,152]).
See an explanation at https://jax.readthedocs.io/en/latest/faq.html#buffer-donation.
  warnings.warn("Some donated buffers were not usable:"
  L_q: (36, 608, 608)
/global/homes/j/jackm/software/lorrax_B/src/file_io/_slab_io_ffi.py:378: UserWarning: FFI backend: chunks/attrs on create_dataset currently no-op; pre-create with h5py if you need explicit chunking or attrs.
  warnings.warn(
/global/homes/j/jackm/software/lorrax_B/src/file_io/_slab_io_ffi.py:378: UserWarning: FFI backend: chunks/attrs on create_dataset currently no-op; pre-create with h5py if you need explicit chunking or attrs.
  warnings.warn(
/global/homes/j/jackm/software/lorrax_B/src/file_io/_slab_io_ffi.py:378: UserWarning: FFI backend: chunks/attrs on create_dataset currently no-op; pre-create with h5py if you need explicit chunking or attrs.
  warnings.warn(
/global/homes/j/jackm/software/lorrax_B/src/file_io/_slab_io_ffi.py:378: UserWarning: FFI backend: chunks/attrs on create_dataset currently no-op; pre-create with h5py if you need explicit chunking or attrs.
  warnings.warn(
/global/homes/j/jackm/software/lorrax_B/src/file_io/_slab_io_ffi.py:378: UserWarning: FFI backend: chunks/attrs on create_dataset currently no-op; pre-create with h5py if you need explicit chunking or attrs.
  warnings.warn(
/global/homes/j/jackm/software/lorrax_B/src/file_io/_slab_io_ffi.py:378: UserWarning: FFI backend: chunks/attrs on create_dataset currently no-op; pre-create with h5py if you need explicit chunking or attrs.
  warnings.warn(
/global/homes/j/jackm/software/lorrax_B/src/file_io/_slab_io_ffi.py:378: UserWarning: FFI backend: chunks/attrs on create_dataset currently no-op; pre-create with h5py if you need explicit chunking or attrs.
  warnings.warn(
/global/homes/j/jackm/software/lorrax_B/src/file_io/_slab_io_ffi.py:378: UserWarning: FFI backend: chunks/attrs on create_dataset currently no-op; pre-create with h5py if you need explicit chunking or attrs.
  warnings.warn(
/global/homes/j/jackm/software/lorrax_B/src/file_io/_slab_io_ffi.py:378: UserWarning: FFI backend: chunks/attrs on create_dataset currently no-op; pre-create with h5py if you need explicit chunking or attrs.
  warnings.warn(
/global/homes/j/jackm/software/lorrax_B/src/file_io/_slab_io_ffi.py:378: UserWarning: FFI backend: chunks/attrs on create_dataset currently no-op; pre-create with h5py if you need explicit chunking or attrs.
  warnings.warn(
/global/homes/j/jackm/software/lorrax_B/src/file_io/_slab_io_ffi.py:378: UserWarning: FFI backend: chunks/attrs on create_dataset currently no-op; pre-create with h5py if you need explicit chunking or attrs.
  warnings.warn(
/global/homes/j/jackm/software/lorrax_B/src/file_io/_slab_io_ffi.py:378: UserWarning: FFI backend: chunks/attrs on create_dataset currently no-op; pre-create with h5py if you need explicit chunking or attrs.
  warnings.warn(
/global/homes/j/jackm/software/lorrax_B/src/file_io/_slab_io_ffi.py:378: UserWarning: FFI backend: chunks/attrs on create_dataset currently no-op; pre-create with h5py if you need explicit chunking or attrs.
  warnings.warn(
/global/homes/j/jackm/software/lorrax_B/src/file_io/_slab_io_ffi.py:378: UserWarning: FFI backend: chunks/attrs on create_dataset currently no-op; pre-create with h5py if you need explicit chunking or attrs.
  warnings.warn(
/global/homes/j/jackm/software/lorrax_B/src/file_io/_slab_io_ffi.py:378: UserWarning: FFI backend: chunks/attrs on create_dataset currently no-op; pre-create with h5py if you need explicit chunking or attrs.
  warnings.warn(
/global/homes/j/jackm/software/lorrax_B/src/file_io/_slab_io_ffi.py:378: UserWarning: FFI backend: chunks/attrs on create_dataset currently no-op; pre-create with h5py if you need explicit chunking or attrs.
  warnings.warn(
  ψ(G) host cache: 25.92 GB/process resident
Started zeta fitting at 18:06:58.
[ 18:06:58 | █░░░░░░░░░ |   6% ] r-chunk  1 / 17 · ETA 0 s
[ 18:07:19 | █░░░░░░░░░ |  12% ] r-chunk  2 / 17 · ETA 159 s
[ 18:07:39 | ██░░░░░░░░ |  18% ] r-chunk  3 / 17 · ETA 190 s
[ 18:07:59 | ██░░░░░░░░ |  24% ] r-chunk  4 / 17 · ETA 199 s
[ 18:08:19 | ███░░░░░░░ |  29% ] r-chunk  5 / 17 · ETA 194 s
[ 18:08:39 | ████░░░░░░ |  35% ] r-chunk  6 / 17 · ETA 186 s
[ 18:08:59 | ████░░░░░░ |  41% ] r-chunk  7 / 17 · ETA 173 s
[ 18:09:19 | █████░░░░░ |  47% ] r-chunk  8 / 17 · ETA 158 s
[ 18:09:38 | █████░░░░░ |  53% ] r-chunk  9 / 17 · ETA 143 s
[ 18:09:58 | ██████░░░░ |  59% ] r-chunk 10 / 17 · ETA 126 s
[ 18:10:18 | ██████░░░░ |  65% ] r-chunk 11 / 17 · ETA 109 s
[ 18:10:38 | ███████░░░ |  71% ] r-chunk 12 / 17 · ETA 92 s
[ 18:10:58 | ████████░░ |  76% ] r-chunk 13 / 17 · ETA 74 s
[ 18:11:18 | ████████░░ |  82% ] r-chunk 14 / 17 · ETA 56 s
[ 18:11:40 | █████████░ |  88% ] r-chunk 15 / 17 · ETA 38 s
[ 18:12:00 | █████████░ |  94% ] r-chunk 16 / 17 · ETA 19 s
2026-05-07 18:12:08.236748: E external/xla/xla/service/slow_operation_alarm.cc:73] Constant folding an instruction is taking > 1s:

  %exponential.0 = f64[36,75,75,200]{3,2,1,0} exponential(%constant.120), metadata={op_name="jit(_kernel)/jit(main)/jit(_fft_and_rslice)/exp" source_file="/global/homes/j/jackm/software/lorrax_B/src/common/load_wfns.py" source_line=383}

This isn't necessarily a bug; constant-folding is inherently a trade-off between compilation time and speed at runtime. XLA has some guards that attempt to keep constant folding from taking too long, but fundamentally you'll always be able to come up with an input program that takes a long time.

If you'd like to file a bug, run with envvar XLA_FLAGS=--xla_dump_to=/tmp/foo and attach the results.
2026-05-07 18:12:08.561475: E external/xla/xla/service/slow_operation_alarm.cc:140] The operation took 1.324854005s
Constant folding an instruction is taking > 1s:

  %exponential.0 = f64[36,75,75,200]{3,2,1,0} exponential(%constant.120), metadata={op_name="jit(_kernel)/jit(main)/jit(_fft_and_rslice)/exp" source_file="/global/homes/j/jackm/software/lorrax_B/src/common/load_wfns.py" source_line=383}

This isn't necessarily a bug; constant-folding is inherently a trade-off between compilation time and speed at runtime. XLA has some guards that attempt to keep constant folding from taking too long, but fundamentally you'll always be able to come up with an input program that takes a long time.

If you'd like to file a bug, run with envvar XLA_FLAGS=--xla_dump_to=/tmp/foo and attach the results.
2026-05-07 18:12:09.652684: E external/xla/xla/service/slow_operation_alarm.cc:73] Constant folding an instruction is taking > 1s:

  %exponential.0 = f64[36,75,75,200]{3,2,1,0} exponential(%constant.120), metadata={op_name="jit(_kernel)/jit(main)/jit(_fft_and_rslice)/exp" source_file="/global/homes/j/jackm/software/lorrax_B/src/common/load_wfns.py" source_line=383}

This isn't necessarily a bug; constant-folding is inherently a trade-off between compilation time and speed at runtime. XLA has some guards that attempt to keep constant folding from taking too long, but fundamentally you'll always be able to come up with an input program that takes a long time.

If you'd like to file a bug, run with envvar XLA_FLAGS=--xla_dump_to=/tmp/foo and attach the results.
2026-05-07 18:12:09.696646: E external/xla/xla/service/slow_operation_alarm.cc:140] The operation took 1.275840002s
Constant folding an instruction is taking > 1s:

  %exponential.0 = f64[36,75,75,200]{3,2,1,0} exponential(%constant.120), metadata={op_name="jit(_kernel)/jit(main)/jit(_fft_and_rslice)/exp" source_file="/global/homes/j/jackm/software/lorrax_B/src/common/load_wfns.py" source_line=383}

This isn't necessarily a bug; constant-folding is inherently a trade-off between compilation time and speed at runtime. XLA has some guards that attempt to keep constant folding from taking too long, but fundamentally you'll always be able to come up with an input program that takes a long time.

If you'd like to file a bug, run with envvar XLA_FLAGS=--xla_dump_to=/tmp/foo and attach the results.
[ 18:12:39 | ██████████ | 100% ] r-chunk 17 / 17 · ETA 0 s
Finished zeta fitting at 18:12:39.  Elapsed: 341 s.
  [SlabIO.close] draining 1 pending writes for zeta_q_mu3.h5 …
  [SlabIO.close] Python dispatch drained in 8.6 s; joining writer thread
  [SlabIO.close] writer thread joined in 0.0 s; calling H5Fclose collectively
  [SlabIO.close] H5Fclose returned in 0.4 s
  Zeta output: /pscratch/sd/j/jackm/lorrax_sandbox/runs/CrI3/M_6x6_80Ry_2026-05-07/lorrax_B/tmp/zeta_q_mu3.h5  shape: (6,6,1,608,1125000)
  Timing (17 r-chunks, 379.0s total):
    fit    357.59s  94.4%
    H5      21.40s   5.6%
    V_q bare cutoff: 80.0 Ry (auto: ecutwfc)
    V_q budget:    43.11 GB
    V_q mu chunks: 798
    V_q (bispinor) channels: n_rmu={0: 1504, 1: 608, 2: 608, 3: 608}
  V_q (bispinor): mesh=4x4, channels n_rmu={0: 1504, 1: 608, 2: 608, 3: 608}, 7 unique tiles + 3 hermitian-transpose, 6 zero by Coulomb gauge
    tile (0,0) [scalar (0,0)]: n_rmu=1504, same_zeta=True, write_g0=True
Started V_q tile at 18:14:58.
[ 18:14:58 | ░░░░░░░░░░ |   3% ] q-point  1 / 36 · ETA 0 s
[ 18:14:58 | █░░░░░░░░░ |   8% ] q-point  3 / 36 · ETA 0 s
[ 18:16:18 | █░░░░░░░░░ |  14% ] q-point  5 / 36 · ETA 498 s
[ 18:17:39 | ██░░░░░░░░ |  19% ] q-point  7 / 36 · ETA 666 s
[ 18:17:39 | ██░░░░░░░░ |  22% ] q-point  8 / 36 · ETA 563 s
[ 18:19:00 | ███░░░░░░░ |  28% ] q-point 10 / 36 · ETA 630 s
[ 18:19:00 | ███░░░░░░░ |  33% ] q-point 12 / 36 · ETA 485 s
[ 18:20:20 | ████░░░░░░ |  39% ] q-point 14 / 36 · ETA 506 s
[ 18:21:39 | ████░░░░░░ |  44% ] q-point 16 / 36 · ETA 502 s
[ 18:21:39 | █████░░░░░ |  50% ] q-point 18 / 36 · ETA 401 s
[ 18:23:00 | █████░░░░░ |  53% ] q-point 19 / 36 · ETA 431 s
[ 18:23:00 | ██████░░░░ |  58% ] q-point 21 / 36 · ETA 344 s
[ 18:24:21 | ██████░░░░ |  64% ] q-point 23 / 36 · ETA 318 s
[ 18:25:42 | ███████░░░ |  69% ] q-point 25 / 36 · ETA 283 s
[ 18:25:42 | ████████░░ |  75% ] q-point 27 / 36 · ETA 215 s
[ 18:27:03 | ████████░░ |  81% ] q-point 29 / 36 · ETA 175 s
[ 18:27:03 | ████████░░ |  83% ] q-point 30 / 36 · ETA 145 s
[ 18:28:23 | █████████░ |  89% ] q-point 32 / 36 · ETA 101 s
[ 18:29:42 | █████████░ |  94% ] q-point 34 / 36 · ETA 52 s
[ 18:29:42 | ██████████ | 100% ] q-point 36 / 36 · ETA 0 s
Finished V_q tile at 18:29:42.  Elapsed: 884 s.
    tile (1,1) [transverse diag]: n_rmu=608, same_zeta=True, write_g0=False
Started V_q tile at 18:34:12.
[ 18:34:12 | ░░░░░░░░░░ |   3% ] q-point  1 / 36 · ETA 0 s
[ 18:34:12 | █░░░░░░░░░ |   8% ] q-point  3 / 36 · ETA 0 s
[ 18:34:12 | █░░░░░░░░░ |  14% ] q-point  5 / 36 · ETA 0 s
[ 18:34:12 | ██░░░░░░░░ |  19% ] q-point  7 / 36 · ETA 0 s
[ 18:36:55 | ██░░░░░░░░ |  22% ] q-point  8 / 36 · ETA 573 s
[ 18:36:55 | ███░░░░░░░ |  28% ] q-point 10 / 36 · ETA 425 s
[ 18:36:55 | ███░░░░░░░ |  33% ] q-point 12 / 36 · ETA 327 s
[ 18:36:55 | ████░░░░░░ |  39% ] q-point 14 / 36 · ETA 257 s
