JAX: 1 gpu devices
JAX: 1 gpu devices
JAX: 1 gpu devices
== kin_ion_io ==
== kin_ion_io ==
== kin_ion_io ==
Loading WFN: WFN.h5
Loading WFN: WFN.h5
Loading WFN: WFN.h5
JAX: 1 gpu devices
== kin_ion_io ==
Loading WFN: WFN.h5
Bands: 208, FFT grid: (36, 36, 36), k-points: 8
sys_dim: 3
Devices: 1
Bands: 208, FFT grid: (36, 36, 36), k-points: 8
sys_dim: 3
Devices: 1
Bands: 208, FFT grid: (36, 36, 36), k-points: 8
sys_dim: 3
Devices: 1
Bands: 208, FFT grid: (36, 36, 36), k-points: 8
sys_dim: 3
Devices: 1
No pseudopotentials (*.upf) found in /pscratch/sd/j/jackm/lorrax_sandbox/runs/Si_pseudobands/00_si_2x2x2_60Ry/D_lorrax_para_208_gnppm_nosym
No pseudopotentials (*.upf) found in /pscratch/sd/j/jackm/lorrax_sandbox/runs/Si_pseudobands/00_si_2x2x2_60Ry/D_lorrax_para_208_gnppm_nosym
No pseudopotentials (*.upf) found in /pscratch/sd/j/jackm/lorrax_sandbox/runs/Si_pseudobands/00_si_2x2x2_60Ry/D_lorrax_para_208_gnppm_nosym
No pseudopotentials (*.upf) found in /pscratch/sd/j/jackm/lorrax_sandbox/runs/Si_pseudobands/00_si_2x2x2_60Ry/D_lorrax_para_208_gnppm_nosym
Found pseudopotentials in /pscratch/sd/j/jackm/lorrax_sandbox/runs/Si_pseudobands/00_si_2x2x2_60Ry/D_lorrax_para_208_gnppm_nosym/../qe/scf
Found pseudopotentials in /pscratch/sd/j/jackm/lorrax_sandbox/runs/Si_pseudobands/00_si_2x2x2_60Ry/D_lorrax_para_208_gnppm_nosym/../qe/scf
Pseudopotentials: ['Si']
Coulomb truncation: 3D bulk
Pseudopotentials: ['Si']
Coulomb truncation: 3D bulk
Found pseudopotentials in /pscratch/sd/j/jackm/lorrax_sandbox/runs/Si_pseudobands/00_si_2x2x2_60Ry/D_lorrax_para_208_gnppm_nosym/../qe/scf
Pseudopotentials: ['Si']
Coulomb truncation: 3D bulk
Found pseudopotentials in /pscratch/sd/j/jackm/lorrax_sandbox/runs/Si_pseudobands/00_si_2x2x2_60Ry/D_lorrax_para_208_gnppm_nosym/../qe/scf
Pseudopotentials: ['Si']
Coulomb truncation: 3D bulk
Building V_loc...
Building V_loc...
Building V_loc...
Building V_loc...
Building unified V_NL setup...
Building unified V_NL setup...
Building unified V_NL setup...
E0506 09:21:21.931975  699959 hlo_lexer.cc:443] Failed to parse int literal: 3108256298220942765969
E0506 09:21:21.934036  699958 hlo_lexer.cc:443] Failed to parse int literal: 3108256298220942765969
E0506 09:21:21.934185  699961 hlo_lexer.cc:443] Failed to parse int literal: 3108256298220942765969
Building unified V_NL setup...
E0506 09:21:22.076505  699963 hlo_lexer.cc:443] Failed to parse int literal: 3108256298220942765969

Processing 8 k-points...
  k=1/8...

Processing 8 k-points...
  k=1/8...

Processing 8 k-points...
  k=1/8...

Processing 8 k-points...
  k=1/8...

Writing to /pscratch/sd/j/jackm/lorrax_sandbox/runs/Si_pseudobands/00_si_2x2x2_60Ry/D_lorrax_para_208_gnppm_nosym/kin_ion.h5...
Wrote kin_ion.h5: shape (8, 208, 208), sys_dim=3
--- Timing (seconds) ---
Total recorded: 5.436 s
Section                                            Count    Total[s]     Self[s]      %
load_wfn                                               1       0.708       0.708   13.0
build_V_loc                                            1       0.821       0.821   15.1
k0                                                     1       1.357       1.357   25.0
k1                                                     1       1.065       1.065   19.6
k2                                                     1       0.079       0.079    1.5
k3                                                     1       1.064       1.064   19.6
k4                                                     1       0.078       0.078    1.4
k5                                                     1       0.077       0.077    1.4
k6                                                     1       0.078       0.078    1.4
k7                                                     1       0.096       0.096    1.8
write_h5                                               1       0.013       0.013    0.2

Writing to /pscratch/sd/j/jackm/lorrax_sandbox/runs/Si_pseudobands/00_si_2x2x2_60Ry/D_lorrax_para_208_gnppm_nosym/kin_ion.h5...
Wrote kin_ion.h5: shape (8, 208, 208), sys_dim=3
--- Timing (seconds) ---
Total recorded: 5.476 s
Section                                            Count    Total[s]     Self[s]      %
load_wfn                                               1       0.708       0.708   12.9
build_V_loc                                            1       0.820       0.820   15.0
k0                                                     1       1.357       1.357   24.8
k1                                                     1       1.066       1.066   19.5
k2                                                     1       0.082       0.082    1.5
k3                                                     1       1.058       1.058   19.3
k4                                                     1       0.079       0.079    1.5
k5                                                     1       0.091       0.091    1.7
k6                                                     1       0.091       0.091    1.7
k7                                                     1       0.108       0.108    2.0
write_h5                                               1       0.014       0.014    0.3

Writing to /pscratch/sd/j/jackm/lorrax_sandbox/runs/Si_pseudobands/00_si_2x2x2_60Ry/D_lorrax_para_208_gnppm_nosym/kin_ion.h5...
Wrote kin_ion.h5: shape (8, 208, 208), sys_dim=3
--- Timing (seconds) ---
Total recorded: 5.508 s
Section                                            Count    Total[s]     Self[s]      %
load_wfn                                               1       0.708       0.708   12.9
build_V_loc                                            1       0.822       0.822   14.9
k0                                                     1       1.357       1.357   24.6
k1                                                     1       1.067       1.067   19.4
k2                                                     1       0.086       0.086    1.6
k3                                                     1       1.111       1.111   20.2
k4                                                     1       0.082       0.082    1.5
k5                                                     1       0.086       0.086    1.6
k6                                                     1       0.091       0.091    1.6
k7                                                     1       0.085       0.085    1.5
write_h5                                               1       0.013       0.013    0.2

Writing to /pscratch/sd/j/jackm/lorrax_sandbox/runs/Si_pseudobands/00_si_2x2x2_60Ry/D_lorrax_para_208_gnppm_nosym/kin_ion.h5...
Wrote kin_ion.h5: shape (8, 208, 208), sys_dim=3
--- Timing (seconds) ---
Total recorded: 5.536 s
Section                                            Count    Total[s]     Self[s]      %
load_wfn                                               1       0.696       0.696   12.6
build_V_loc                                            1       0.919       0.919   16.6
k0                                                     1       1.335       1.335   24.1
k1                                                     1       1.060       1.060   19.1
k2                                                     1       0.077       0.077    1.4
k3                                                     1       1.082       1.082   19.5
k4                                                     1       0.090       0.090    1.6
k5                                                     1       0.106       0.106    1.9
k6                                                     1       0.082       0.082    1.5
k7                                                     1       0.077       0.077    1.4
write_h5                                               1       0.013       0.013    0.2
