[lxrun] JID 54596188 · 1 nodes · 1:56:19 left · 1/1 free · incoming: lx-C
  1  nid001129  free   —              —      —  ← starting lx-C  python3 -u -m centroid.k
✓ JAX initialized: 1 device(s) (local: 1, proc 0/1)
Over-sampling: k-means M = 315, prune to N_c = 210 (ratio 1.5)
  density-mode=current: building bispinor j² weight with n_occ=70 (nspinor_wfn=2)
    [j^Gordon] 5/36 k-points after 5.1s
    [j^Gordon] 13/36 k-points after 10.4s
    [j^Gordon] 22/36 k-points after 15.8s
    [j^Gordon] 31/36 k-points after 21.0s
  ρ_current (Gordon Pauli) built in 23.90s; max=3.367e-04, mean=3.002e-07
Charge density shape: (45, 45, 120)
Lattice lengths: [ 6.867       6.86699961 17.99999999] Å
Orbit-aware mode: n_sym = 6, running kmeans for M_rep = 53 representatives (unfolded ≈ 318 centroids)
PBC min-image offsets: 5 (1 ⇒ orthorhombic); orbit mode: on (n_sym=6)
Grid: 45×45×120 = 243000 points; N_c = 53
Lloyd: 40 steps, max movement = 0.003256

Unfolded 53 reps → 314 distinct centroids (n_sym=6)

Pivoted-Cholesky prune: 314 → 210 (target 36 orbits)
  prune window: v×(v+c)  left=(0,70) right=(0,86)  [covers |ψ_v|² + v×c]
[pivoted_cholesky] M=314, n_keep=36, left=(0, 70), right=(0, 86), norms=off (load_wfns 2-D, mesh axes ('x', 'y'))
  [gpu_utils] WARNING: bytes_limit=None, falling back to nvidia-smi (pid=898848)
[pivoted_cholesky] 2-D Gram build via load_wfns: nk_tot=36, left=(0, 70) (nb=70), right=(0, 86) (nb=86), M=314, norms=off, backend=WFNReader, budget=35.1448 GB/device, band_chunk_size=64
[pivoted_cholesky] G built, shape=(314, 314), diag range [1.950e-06, 7.380e-04]
[pivoted_cholesky] picked-pivot residuals: first=7.380e-04, mid=3.645e-04, last=6.102e-05
[pivoted_cholesky] tr(R_k)/tr(G): first=9.537e-01, mid=1.299e-01, last=1.318e-02
[pivoted_cholesky] orbit-aware: 36 orbits picked → 212 unfolded centroids (orbit-closed)
After pruning: 212 centroids (rank=36)
Saved centroids to centroids_frac_212_current.txt
--- kmeans_cli timing (s) ---
Total recorded: 36.473 s
Section                                            Count    Total[s]     Self[s]      %
setup.wfn_io                                           1       0.343       0.343    0.9
setup.charge_density                                   1      24.704      24.704   67.7
kmeans                                                 1       5.057       0.162   13.9
  init                                                 1       1.765       1.765    4.8
  lloyd                                                1       2.450       2.450    6.7
  assign_labels                                        1       0.680       0.680    1.9
snap_unfold                                            1       0.002       0.002    0.0
prune                                                  1       6.367       0.507   17.5
  prune.gram                                           1       5.272       0.083   14.5
    left.load                                          1       2.689       0.169    7.4
      load_centroids.loader_load                       1       0.893       0.893    2.4
      load_centroids.gflat_to_rmu                      1       1.383       1.383    3.8
      load_centroids.reshard                           1       0.244       0.244    0.7
    left.pair                                          1       0.146       0.146    0.4
    right.load                                         1       1.975       0.043    5.4
      load_centroids.loader_load                       1       1.198       1.198    3.3
      load_centroids.gflat_to_rmu                      1       0.496       0.496    1.4
      load_centroids.reshard                           1       0.238       0.238    0.7
    right.pair                                         1       0.109       0.109    0.3
    q0_sum                                             1       0.270       0.270    0.7
  prune.select                                         1       0.588       0.588    1.6
