
========================================================================
  COHSEX-JAX: Self-Energy Calculation
========================================================================
  Backend: GPU       Devices: 16  Mesh: 4×4  Processes: 16
  Device type: NVIDIA A100-SXM4-40GB
  XLA preallocate: false  mem_fraction: 0.95
  XLA pool: limit=40.29 GB, in_use=0.00 GB, avail=40.29 GB
========================================================================

  [TIMING-BOOT] input parsed: 0.000s
  [TIMING-BOOT] WFNReader: 0.841s
  [TIMING-BOOT] SymMaps: 1.088s
  [TIMING-BOOT] load_centroids: 0.001s
  ISDF basis: 480 centroids
  FFT grid: 24×24×24   Cell volume: 270.11 a.u.³

  Chunk target utilization: 0.97
  ISDF pair mode: spin_traced (ignored when restart=true)
  [TIMING-BOOT] runtime_config: 0.011s
  Band chunk size: disabled
  Loaded restart tensors from h5.
2026-04-09 00:01:12.789392: E external/xla/xla/python/profiler/internal/python_hooks.cc:412] Can't import tensorflow.python.profiler.trace
2026-04-09 00:01:12.794089: E external/xla/xla/python/profiler/internal/python_hooks.cc:412] Can't import tensorflow.python.profiler.trace
  Wavefunction bundle built (b0:b4=60 bands, canonical X/Y storage)
  [TIMING-BOOT] prepare_isdf_and_wavefunctions: 6.211s
2026-04-09 00:01:12.802886: E external/xla/xla/python/profiler/internal/python_hooks.cc:412] Can't import tensorflow.python.profiler.trace
2026-04-09 00:01:12.803431: E external/xla/xla/python/profiler/internal/python_hooks.cc:412] Can't import tensorflow.python.profiler.trace

  Minimax screening path enabled at ω = 0.0000 eV (0.000000 Ry)
2026-04-09 00:01:12.960617: E external/xla/xla/python/profiler/internal/python_hooks.cc:412] Can't import tensorflow.python.profiler.trace
2026-04-09 00:01:12.966305: E external/xla/xla/python/profiler/internal/python_hooks.cc:412] Can't import tensorflow.python.profiler.trace
2026-04-09 00:01:12.973935: E external/xla/xla/python/profiler/internal/python_hooks.cc:412] Can't import tensorflow.python.profiler.trace
2026-04-09 00:01:12.974718: E external/xla/xla/python/profiler/internal/python_hooks.cc:412] Can't import tensorflow.python.profiler.trace
2026-04-09 00:01:12.976063: E external/xla/xla/python/profiler/internal/python_hooks.cc:412] Can't import tensorflow.python.profiler.trace
2026-04-09 00:01:12.977191: E external/xla/xla/python/profiler/internal/python_hooks.cc:412] Can't import tensorflow.python.profiler.trace
2026-04-09 00:01:12.977582: E external/xla/xla/python/profiler/internal/python_hooks.cc:412] Can't import tensorflow.python.profiler.trace
2026-04-09 00:01:12.979959: E external/xla/xla/python/profiler/internal/python_hooks.cc:412] Can't import tensorflow.python.profiler.trace
2026-04-09 00:01:12.986963: E external/xla/xla/python/profiler/internal/python_hooks.cc:412] Can't import tensorflow.python.profiler.trace
2026-04-09 00:01:12.988883: E external/xla/xla/python/profiler/internal/python_hooks.cc:412] Can't import tensorflow.python.profiler.trace
2026-04-09 00:01:12.989519: E external/xla/xla/python/profiler/internal/python_hooks.cc:412] Can't import tensorflow.python.profiler.trace
2026-04-09 00:01:12.991285: E external/xla/xla/python/profiler/internal/python_hooks.cc:412] Can't import tensorflow.python.profiler.trace
  Minimax static window: x=[4.144792e-02, 3.702740e+00] Ry, R=89.33, nodes=10, fit_err~7.720e-06
  |χ(0)|_max = 2.234940e-04   (minimax, 10 nodes)
  minimax χ→W time:    13.090 s
2026-04-09 00:01:29.925264: E external/xla/xla/python/profiler/internal/python_hooks.cc:412] Can't import tensorflow.python.profiler.trace
2026-04-09 00:01:30.009368: E external/xla/xla/python/profiler/internal/python_hooks.cc:412] Can't import tensorflow.python.profiler.trace
2026-04-09 00:01:30.021507: E external/xla/xla/python/profiler/internal/python_hooks.cc:412] Can't import tensorflow.python.profiler.trace
2026-04-09 00:01:30.035672: E external/xla/xla/python/profiler/internal/python_hooks.cc:412] Can't import tensorflow.python.profiler.trace
2026-04-09 00:01:30.055511: E external/xla/xla/python/profiler/internal/python_hooks.cc:412] Can't import tensorflow.python.profiler.trace
2026-04-09 00:01:30.509029: E external/xla/xla/python/profiler/internal/python_hooks.cc:412] Can't import tensorflow.python.profiler.trace
2026-04-09 00:01:30.515847: E external/xla/xla/python/profiler/internal/python_hooks.cc:412] Can't import tensorflow.python.profiler.trace
2026-04-09 00:01:30.518766: E external/xla/xla/python/profiler/internal/python_hooks.cc:412] Can't import tensorflow.python.profiler.trace
2026-04-09 00:01:30.592950: E external/xla/xla/python/profiler/internal/python_hooks.cc:412] Can't import tensorflow.python.profiler.trace
2026-04-09 00:01:30.600584: E external/xla/xla/python/profiler/internal/python_hooks.cc:412] Can't import tensorflow.python.profiler.trace
2026-04-09 00:01:30.616677: E external/xla/xla/python/profiler/internal/python_hooks.cc:412] Can't import tensorflow.python.profiler.trace
2026-04-09 00:01:30.619782: E external/xla/xla/python/profiler/internal/python_hooks.cc:412] Can't import tensorflow.python.profiler.trace
2026-04-09 00:01:30.627029: E external/xla/xla/python/profiler/internal/python_hooks.cc:412] Can't import tensorflow.python.profiler.trace
2026-04-09 00:01:30.633537: E external/xla/xla/python/profiler/internal/python_hooks.cc:412] Can't import tensorflow.python.profiler.trace
2026-04-09 00:01:30.644495: E external/xla/xla/python/profiler/internal/python_hooks.cc:412] Can't import tensorflow.python.profiler.trace
2026-04-09 00:01:35.873608: E external/xla/xla/python/profiler/internal/python_hooks.cc:412] Can't import tensorflow.python.profiler.trace

------------------------------------------------------------------------
  FINITE-SIZE CORRECTIONS
------------------------------------------------------------------------
  Head source: s_tensor
  v(q→0)  =    20423.666 a.u.  (bare Coulomb head)
  W(q→0)  =     1271.365 a.u.  (screened Coulomb head)
  ΔW      =   -19152.301 a.u.  (screening correction)

------------------------------------------------------------------------
  GN-PPM + FREQUENCY-INTEGRATED SIGMA
------------------------------------------------------------------------
  NOTE: using midgap reference for Σ^c windowing
  epsinv head (ω=0):       0.062250+1.363790e-20i  [source=s_tensor]
  epsinv head (ω=iωp):     0.726335-6.639650e-20i  [ωp=2.000000 Ry, source=s_tensor(omega=2j Ry)]
  Minimax static window: x=[4.144792e-02, 3.702740e+00] Ry, R=89.33, nodes=10, fit_err~7.720e-06
  Minimax imag-freq window (ωp=2.0000 Ry): x=[4.144792e-02, 3.702740e+00] Ry, R=89.33, ω̂=48.25, nodes=6, fit_err~1.426e-05
  [TIMING-PPM] chi(0): 0.368s
  [TIMING-PPM] chi(iωp): 0.249s
  [TIMING-PPM] W(0): 13.533s
  [TIMING-PPM] W(iωp): 5.236s
  PPM finite-size heads:
    v(q→0)          =    20423.666 a.u.
    W(q→0, ω=0)     =     1271.365 a.u.
    W(q→0, ω=iωp)   =    14834.415 a.u.  [ωp=2.0000 Ry]
    W^c(q→0, ω=0)   =   -19152.301 a.u.
    W^c(q→0, ω=iωp) =    -5589.251 a.u.
  [W(0)] hermitian residual=5.897e-10 max|Im diag|=1.128e-10 diag range=[1.3138e+03, 2.0001e+05]
  [W(iωp=2.000 Ry)] hermitian residual=7.480e-09 max|Im diag|=3.740e-09 diag range=[1.4028e+03, 1.9192e+06]
  [TIMING-PPM] GN fit: 0.723s
  [TIMING-PPM] q->mu,nu layout: 0.180s
  GN-PPM from W^c(0), W^c(iωp): ωp=2.000000 Ry, unfulfilled=0.81%
  PPM W^c(0) check (+2B/Ω): max|Δ|=4.856e+06, rel=2.000e+00 (ref max|W^c(0)|=2.428e+06)
  PPM W^c(0) check (-2B/Ω): max|Δ|=2.328e-10, rel=9.589e-17
  [TIMING] PPM build: 22.1s
  [TIMING] W-debug write: 0.0s
  Σc(ω) grid: -10.000 .. 10.000 eV, Nω=41, Δω=0.500 eV, ξ=0.250 eV
  [TIMING-SIG] post-grid diag: reducing occupied / unoccupied windows on device
  [TIMING-SIG] post-grid diag energy summary built in 0.002s
  [TIMING-SIG] post-grid diag: reducing omega abs on device
  [TIMING-SIG] post-grid diag omega summary built in 0.151s
  [TIMING-SIG] post-grid diag summary built in 0.000s
  Σc(ω) axes (vacuum): Ev=[-4.213114e-01,4.596298e-01] Ry, Ec=[5.010777e-01,3.281428e+00] Ry, Omega=[3.980222e-04,5.509519e+01] Ry
  GN invalid modes: 1869498/230400000 (0.81%), policy=static_limit
  WARNING: omega_accumulation=kij_stream without sigma_kij_h5_path; falling back to kij.
  Σc(ω) accumulation: kij (single-pass), est=2252.2 MiB
  [TIMING-SIG] setup: 1.3s
  [TIMING-SIG] pre-convolution: 1.3s
  [TIMING-SIG] entering _convolve_kij[ω>=E_F]: Nω=21, cond_sign=+1, val_sign=-1
  [TIMING-BRANCH] ω>=E_F device_get pre-loop: 0.022s
  [TIMING-BRANCH] ω>=E_F windows built: count=3, total_nodes=127, kernel_sign=+1, axis=cond
2026-04-09 00:02:07.546873: E external/xla/xla/python/profiler/internal/python_hooks.cc:412] Can't import tensorflow.python.profiler.trace
2026-04-09 00:02:07.555422: E external/xla/xla/python/profiler/internal/python_hooks.cc:412] Can't import tensorflow.python.profiler.trace
2026-04-09 00:02:07.558241: E external/xla/xla/python/profiler/internal/python_hooks.cc:412] Can't import tensorflow.python.profiler.trace
2026-04-09 00:02:07.580472: E external/xla/xla/python/profiler/internal/python_hooks.cc:412] Can't import tensorflow.python.profiler.trace
2026-04-09 00:02:07.581185: E external/xla/xla/python/profiler/internal/python_hooks.cc:412] Can't import tensorflow.python.profiler.trace
2026-04-09 00:02:07.581386: E external/xla/xla/python/profiler/internal/python_hooks.cc:412] Can't import tensorflow.python.profiler.trace
2026-04-09 00:02:07.582646: E external/xla/xla/python/profiler/internal/python_hooks.cc:412] Can't import tensorflow.python.profiler.trace
  [TIMING-BRANCH] ω>=E_F first tau start: window=core, tau_idx=0, nodes=103, project=imag
2026-04-09 00:02:07.583160: E external/xla/xla/python/profiler/internal/python_hooks.cc:412] Can't import tensorflow.python.profiler.trace
2026-04-09 00:02:07.583625: E external/xla/xla/python/profiler/internal/python_hooks.cc:412] Can't import tensorflow.python.profiler.trace
2026-04-09 00:02:07.584136: E external/xla/xla/python/profiler/internal/python_hooks.cc:412] Can't import tensorflow.python.profiler.trace
2026-04-09 00:02:07.584050: E external/xla/xla/python/profiler/internal/python_hooks.cc:412] Can't import tensorflow.python.profiler.trace
2026-04-09 00:02:07.586588: E external/xla/xla/python/profiler/internal/python_hooks.cc:412] Can't import tensorflow.python.profiler.trace
2026-04-09 00:02:07.587904: E external/xla/xla/python/profiler/internal/python_hooks.cc:412] Can't import tensorflow.python.profiler.trace
2026-04-09 00:02:07.588211: E external/xla/xla/python/profiler/internal/python_hooks.cc:412] Can't import tensorflow.python.profiler.trace
2026-04-09 00:02:07.589280: E external/xla/xla/python/profiler/internal/python_hooks.cc:412] Can't import tensorflow.python.profiler.trace
2026-04-09 00:02:07.589719: E external/xla/xla/python/profiler/internal/python_hooks.cc:412] Can't import tensorflow.python.profiler.trace
2026-04-09 00:02:08.592361: E external/xla/xla/python/profiler/internal/python_hooks.cc:412] Can't import tensorflow.python.profiler.trace
2026-04-09 00:02:08.592875: E external/xla/xla/python/profiler/internal/python_hooks.cc:412] Can't import tensorflow.python.profiler.trace
2026-04-09 00:02:08.594289: E external/xla/xla/python/profiler/internal/python_hooks.cc:412] Can't import tensorflow.python.profiler.trace
2026-04-09 00:02:08.595706: E external/xla/xla/python/profiler/internal/python_hooks.cc:412] Can't import tensorflow.python.profiler.trace
2026-04-09 00:02:08.600532: E external/xla/xla/python/profiler/internal/python_hooks.cc:412] Can't import tensorflow.python.profiler.trace
2026-04-09 00:02:08.603332: E external/xla/xla/python/profiler/internal/python_hooks.cc:412] Can't import tensorflow.python.profiler.trace
2026-04-09 00:02:08.616330: E external/xla/xla/python/profiler/internal/python_hooks.cc:412] Can't import tensorflow.python.profiler.trace
2026-04-09 00:02:08.616923: E external/xla/xla/python/profiler/internal/python_hooks.cc:412] Can't import tensorflow.python.profiler.trace
2026-04-09 00:02:08.619656: E external/xla/xla/python/profiler/internal/python_hooks.cc:412] Can't import tensorflow.python.profiler.trace
2026-04-09 00:02:08.619700: E external/xla/xla/python/profiler/internal/python_hooks.cc:412] Can't import tensorflow.python.profiler.trace
2026-04-09 00:02:08.619973: E external/xla/xla/python/profiler/internal/python_hooks.cc:412] Can't import tensorflow.python.profiler.trace
2026-04-09 00:02:08.620211: E external/xla/xla/python/profiler/internal/python_hooks.cc:412] Can't import tensorflow.python.profiler.trace
2026-04-09 00:02:08.631302: E external/xla/xla/python/profiler/internal/python_hooks.cc:412] Can't import tensorflow.python.profiler.trace
2026-04-09 00:02:08.635117: E external/xla/xla/python/profiler/internal/python_hooks.cc:412] Can't import tensorflow.python.profiler.trace
2026-04-09 00:02:08.635169: E external/xla/xla/python/profiler/internal/python_hooks.cc:412] Can't import tensorflow.python.profiler.trace
2026-04-09 00:02:08.639858: E external/xla/xla/python/profiler/internal/python_hooks.cc:412] Can't import tensorflow.python.profiler.trace
  [TIMING-BRANCH] ω>=E_F first tau returned: 2.268s
  [TIMING-BRANCH] ω>=E_F first omega_acc start: window=core, tau_idx=0, Nω=21
  [TIMING-BRANCH] ω>=E_F first omega_acc returned: 0.201s
  [PROFILE] ω>=E_F tau-node loop: 127 iterations, 74.341s total
    tau_channel:   72.871s ( 98.0%)  avg 0.574s/iter
    omega_acc:    1.304s (  1.8%)  avg 0.010s/iter
    overhead:     0.166s (  0.2%)
  ω>=E_F Σ^- windows: core=1, exterior=2
  [TIMING-SIG] _convolve_kij[ω>=E_F] cond branch returned: 74.695s
  [TIMING-BRANCH] ω>=E_F device_get pre-loop: 0.003s
  [TIMING-BRANCH] ω>=E_F windows built: count=1, total_nodes=14, kernel_sign=-1, axis=val
2026-04-09 00:03:21.910554: E external/xla/xla/python/profiler/internal/python_hooks.cc:412] Can't import tensorflow.python.profiler.trace
2026-04-09 00:03:21.910823: E external/xla/xla/python/profiler/internal/python_hooks.cc:412] Can't import tensorflow.python.profiler.trace
2026-04-09 00:03:21.911063: E external/xla/xla/python/profiler/internal/python_hooks.cc:412] Can't import tensorflow.python.profiler.trace
2026-04-09 00:03:21.911350: E external/xla/xla/python/profiler/internal/python_hooks.cc:412] Can't import tensorflow.python.profiler.trace
  [TIMING-BRANCH] ω>=E_F first tau start: window=single, tau_idx=0, nodes=14, project=full
2026-04-09 00:03:21.913816: E external/xla/xla/python/profiler/internal/python_hooks.cc:412] Can't import tensorflow.python.profiler.trace
2026-04-09 00:03:21.914157: E external/xla/xla/python/profiler/internal/python_hooks.cc:412] Can't import tensorflow.python.profiler.trace
2026-04-09 00:03:21.914344: E external/xla/xla/python/profiler/internal/python_hooks.cc:412] Can't import tensorflow.python.profiler.trace
2026-04-09 00:03:21.914688: E external/xla/xla/python/profiler/internal/python_hooks.cc:412] Can't import tensorflow.python.profiler.trace
2026-04-09 00:03:21.914879: E external/xla/xla/python/profiler/internal/python_hooks.cc:412] Can't import tensorflow.python.profiler.trace
2026-04-09 00:03:21.914940: E external/xla/xla/python/profiler/internal/python_hooks.cc:412] Can't import tensorflow.python.profiler.trace
2026-04-09 00:03:21.914972: E external/xla/xla/python/profiler/internal/python_hooks.cc:412] Can't import tensorflow.python.profiler.trace
2026-04-09 00:03:21.915057: E external/xla/xla/python/profiler/internal/python_hooks.cc:412] Can't import tensorflow.python.profiler.trace
2026-04-09 00:03:21.915277: E external/xla/xla/python/profiler/internal/python_hooks.cc:412] Can't import tensorflow.python.profiler.trace
2026-04-09 00:03:21.915346: E external/xla/xla/python/profiler/internal/python_hooks.cc:412] Can't import tensorflow.python.profiler.trace
2026-04-09 00:03:21.915592: E external/xla/xla/python/profiler/internal/python_hooks.cc:412] Can't import tensorflow.python.profiler.trace
2026-04-09 00:03:21.915684: E external/xla/xla/python/profiler/internal/python_hooks.cc:412] Can't import tensorflow.python.profiler.trace
2026-04-09 00:03:21.979520: E external/xla/xla/python/profiler/internal/python_hooks.cc:412] Can't import tensorflow.python.profiler.trace
2026-04-09 00:03:21.979616: E external/xla/xla/python/profiler/internal/python_hooks.cc:412] Can't import tensorflow.python.profiler.trace
2026-04-09 00:03:21.979654: E external/xla/xla/python/profiler/internal/python_hooks.cc:412] Can't import tensorflow.python.profiler.trace
2026-04-09 00:03:21.980072: E external/xla/xla/python/profiler/internal/python_hooks.cc:412] Can't import tensorflow.python.profiler.trace
2026-04-09 00:03:21.980359: E external/xla/xla/python/profiler/internal/python_hooks.cc:412] Can't import tensorflow.python.profiler.trace
2026-04-09 00:03:21.980421: E external/xla/xla/python/profiler/internal/python_hooks.cc:412] Can't import tensorflow.python.profiler.trace
2026-04-09 00:03:21.981860: E external/xla/xla/python/profiler/internal/python_hooks.cc:412] Can't import tensorflow.python.profiler.trace
2026-04-09 00:03:21.982539: E external/xla/xla/python/profiler/internal/python_hooks.cc:412] Can't import tensorflow.python.profiler.trace
2026-04-09 00:03:21.983290: E external/xla/xla/python/profiler/internal/python_hooks.cc:412] Can't import tensorflow.python.profiler.trace
2026-04-09 00:03:21.983461: E external/xla/xla/python/profiler/internal/python_hooks.cc:412] Can't import tensorflow.python.profiler.trace
2026-04-09 00:03:21.984106: E external/xla/xla/python/profiler/internal/python_hooks.cc:412] Can't import tensorflow.python.profiler.trace
2026-04-09 00:03:21.987936: E external/xla/xla/python/profiler/internal/python_hooks.cc:412] Can't import tensorflow.python.profiler.trace
2026-04-09 00:03:21.988334: E external/xla/xla/python/profiler/internal/python_hooks.cc:412] Can't import tensorflow.python.profiler.trace
2026-04-09 00:03:21.988963: E external/xla/xla/python/profiler/internal/python_hooks.cc:412] Can't import tensorflow.python.profiler.trace
2026-04-09 00:03:21.990449: E external/xla/xla/python/profiler/internal/python_hooks.cc:412] Can't import tensorflow.python.profiler.trace
2026-04-09 00:03:21.993710: E external/xla/xla/python/profiler/internal/python_hooks.cc:412] Can't import tensorflow.python.profiler.trace
  [TIMING-BRANCH] ω>=E_F first tau returned: 0.664s
  [TIMING-BRANCH] ω>=E_F first omega_acc start: window=single, tau_idx=0, Nω=21
  [TIMING-BRANCH] ω>=E_F first omega_acc returned: 0.006s
  [PROFILE] ω>=E_F tau-node loop: 14 iterations, 7.827s total
    tau_channel:    7.744s ( 98.9%)  avg 0.553s/iter
    omega_acc:    0.082s (  1.1%)  avg 0.006s/iter
    overhead:     0.001s (  0.0%)
  ω>=E_F Σ^+ windows: count=1, total nodes=14
  [TIMING-SIG] _convolve_kij[ω>=E_F] val branch returned: 7.851s
  [TIMING-SIG] convolve_kij(pos) returned: 82.5s
  [TIMING-SIG] device_get(pos kij): 0.7s
  [TIMING-SIG] device_get(pos split): 1.9s
  [TIMING-SIG] entering _convolve_kij[ω<E_F]: Nω=20, cond_sign=-1, val_sign=+1
  [TIMING-BRANCH] ω<E_F device_get pre-loop: 0.004s
  [TIMING-BRANCH] ω<E_F windows built: count=1, total_nodes=14, kernel_sign=-1, axis=cond
2026-04-09 00:03:31.684488: E external/xla/xla/python/profiler/internal/python_hooks.cc:412] Can't import tensorflow.python.profiler.trace
2026-04-09 00:03:31.684783: E external/xla/xla/python/profiler/internal/python_hooks.cc:412] Can't import tensorflow.python.profiler.trace
2026-04-09 00:03:31.685034: E external/xla/xla/python/profiler/internal/python_hooks.cc:412] Can't import tensorflow.python.profiler.trace
  [TIMING-BRANCH] ω<E_F first tau start: window=single, tau_idx=0, nodes=14, project=full
2026-04-09 00:03:31.685330: E external/xla/xla/python/profiler/internal/python_hooks.cc:412] Can't import tensorflow.python.profiler.trace
2026-04-09 00:03:31.685321: E external/xla/xla/python/profiler/internal/python_hooks.cc:412] Can't import tensorflow.python.profiler.trace
2026-04-09 00:03:31.685666: E external/xla/xla/python/profiler/internal/python_hooks.cc:412] Can't import tensorflow.python.profiler.trace
2026-04-09 00:03:31.685647: E external/xla/xla/python/profiler/internal/python_hooks.cc:412] Can't import tensorflow.python.profiler.trace
2026-04-09 00:03:31.686006: E external/xla/xla/python/profiler/internal/python_hooks.cc:412] Can't import tensorflow.python.profiler.trace
2026-04-09 00:03:31.686026: E external/xla/xla/python/profiler/internal/python_hooks.cc:412] Can't import tensorflow.python.profiler.trace
2026-04-09 00:03:31.686187: E external/xla/xla/python/profiler/internal/python_hooks.cc:412] Can't import tensorflow.python.profiler.trace
2026-04-09 00:03:31.686278: E external/xla/xla/python/profiler/internal/python_hooks.cc:412] Can't import tensorflow.python.profiler.trace
2026-04-09 00:03:31.686522: E external/xla/xla/python/profiler/internal/python_hooks.cc:412] Can't import tensorflow.python.profiler.trace
2026-04-09 00:03:31.686492: E external/xla/xla/python/profiler/internal/python_hooks.cc:412] Can't import tensorflow.python.profiler.trace
2026-04-09 00:03:31.686805: E external/xla/xla/python/profiler/internal/python_hooks.cc:412] Can't import tensorflow.python.profiler.trace
2026-04-09 00:03:31.687861: E external/xla/xla/python/profiler/internal/python_hooks.cc:412] Can't import tensorflow.python.profiler.trace
2026-04-09 00:03:31.687928: E external/xla/xla/python/profiler/internal/python_hooks.cc:412] Can't import tensorflow.python.profiler.trace
2026-04-09 00:03:31.728354: E external/xla/xla/python/profiler/internal/python_hooks.cc:412] Can't import tensorflow.python.profiler.trace
2026-04-09 00:03:31.728551: E external/xla/xla/python/profiler/internal/python_hooks.cc:412] Can't import tensorflow.python.profiler.trace
2026-04-09 00:03:31.729472: E external/xla/xla/python/profiler/internal/python_hooks.cc:412] Can't import tensorflow.python.profiler.trace
2026-04-09 00:03:31.729535: E external/xla/xla/python/profiler/internal/python_hooks.cc:412] Can't import tensorflow.python.profiler.trace
2026-04-09 00:03:31.729591: E external/xla/xla/python/profiler/internal/python_hooks.cc:412] Can't import tensorflow.python.profiler.trace
2026-04-09 00:03:31.729957: E external/xla/xla/python/profiler/internal/python_hooks.cc:412] Can't import tensorflow.python.profiler.trace
2026-04-09 00:03:31.730065: E external/xla/xla/python/profiler/internal/python_hooks.cc:412] Can't import tensorflow.python.profiler.trace
2026-04-09 00:03:31.730387: E external/xla/xla/python/profiler/internal/python_hooks.cc:412] Can't import tensorflow.python.profiler.trace
2026-04-09 00:03:31.730461: E external/xla/xla/python/profiler/internal/python_hooks.cc:412] Can't import tensorflow.python.profiler.trace
2026-04-09 00:03:31.730794: E external/xla/xla/python/profiler/internal/python_hooks.cc:412] Can't import tensorflow.python.profiler.trace
2026-04-09 00:03:31.730927: E external/xla/xla/python/profiler/internal/python_hooks.cc:412] Can't import tensorflow.python.profiler.trace
2026-04-09 00:03:31.731077: E external/xla/xla/python/profiler/internal/python_hooks.cc:412] Can't import tensorflow.python.profiler.trace
2026-04-09 00:03:31.731164: E external/xla/xla/python/profiler/internal/python_hooks.cc:412] Can't import tensorflow.python.profiler.trace
2026-04-09 00:03:31.731184: E external/xla/xla/python/profiler/internal/python_hooks.cc:412] Can't import tensorflow.python.profiler.trace
2026-04-09 00:03:31.731695: E external/xla/xla/python/profiler/internal/python_hooks.cc:412] Can't import tensorflow.python.profiler.trace
2026-04-09 00:03:31.734040: E external/xla/xla/python/profiler/internal/python_hooks.cc:412] Can't import tensorflow.python.profiler.trace
  [TIMING-BRANCH] ω<E_F first tau returned: 0.658s
  [TIMING-BRANCH] ω<E_F first omega_acc start: window=single, tau_idx=0, Nω=20
  [TIMING-BRANCH] ω<E_F first omega_acc returned: 0.199s
  [PROFILE] ω<E_F tau-node loop: 14 iterations, 8.255s total
    tau_channel:    7.723s ( 93.6%)  avg 0.552s/iter
    omega_acc:    0.459s (  5.6%)  avg 0.033s/iter
    overhead:     0.073s (  0.9%)
  ω<E_F Σ^+ windows: count=1, total nodes=14
  [TIMING-SIG] _convolve_kij[ω<E_F] cond branch returned: 8.318s
  [TIMING-BRANCH] ω<E_F device_get pre-loop: 0.003s
2026-04-09 00:03:39.980596: E external/xla/xla/python/profiler/internal/python_hooks.cc:412] Can't import tensorflow.python.profiler.trace
2026-04-09 00:03:39.980701: E external/xla/xla/python/profiler/internal/python_hooks.cc:412] Can't import tensorflow.python.profiler.trace
2026-04-09 00:03:39.981127: E external/xla/xla/python/profiler/internal/python_hooks.cc:412] Can't import tensorflow.python.profiler.trace
2026-04-09 00:03:39.982056: E external/xla/xla/python/profiler/internal/python_hooks.cc:412] Can't import tensorflow.python.profiler.trace
2026-04-09 00:03:39.986188: E external/xla/xla/python/profiler/internal/python_hooks.cc:412] Can't import tensorflow.python.profiler.trace
2026-04-09 00:03:39.987715: E external/xla/xla/python/profiler/internal/python_hooks.cc:412] Can't import tensorflow.python.profiler.trace
2026-04-09 00:03:39.988045: E external/xla/xla/python/profiler/internal/python_hooks.cc:412] Can't import tensorflow.python.profiler.trace
  [TIMING-BRANCH] ω<E_F windows built: count=3, total_nodes=126, kernel_sign=+1, axis=val
2026-04-09 00:03:39.988421: E external/xla/xla/python/profiler/internal/python_hooks.cc:412] Can't import tensorflow.python.profiler.trace
2026-04-09 00:03:39.988701: E external/xla/xla/python/profiler/internal/python_hooks.cc:412] Can't import tensorflow.python.profiler.trace
2026-04-09 00:03:39.988739: E external/xla/xla/python/profiler/internal/python_hooks.cc:412] Can't import tensorflow.python.profiler.trace
2026-04-09 00:03:39.988953: E external/xla/xla/python/profiler/internal/python_hooks.cc:412] Can't import tensorflow.python.profiler.trace
2026-04-09 00:03:39.989175: E external/xla/xla/python/profiler/internal/python_hooks.cc:412] Can't import tensorflow.python.profiler.trace
2026-04-09 00:03:39.989844: E external/xla/xla/python/profiler/internal/python_hooks.cc:412] Can't import tensorflow.python.profiler.trace
2026-04-09 00:03:39.990422: E external/xla/xla/python/profiler/internal/python_hooks.cc:412] Can't import tensorflow.python.profiler.trace
  [TIMING-BRANCH] ω<E_F first tau start: window=core, tau_idx=0, nodes=103, project=imag
2026-04-09 00:03:39.991089: E external/xla/xla/python/profiler/internal/python_hooks.cc:412] Can't import tensorflow.python.profiler.trace
2026-04-09 00:03:39.993110: E external/xla/xla/python/profiler/internal/python_hooks.cc:412] Can't import tensorflow.python.profiler.trace
2026-04-09 00:03:40.025592: E external/xla/xla/python/profiler/internal/python_hooks.cc:412] Can't import tensorflow.python.profiler.trace
2026-04-09 00:03:40.026944: E external/xla/xla/python/profiler/internal/python_hooks.cc:412] Can't import tensorflow.python.profiler.trace
2026-04-09 00:03:40.030231: E external/xla/xla/python/profiler/internal/python_hooks.cc:412] Can't import tensorflow.python.profiler.trace
2026-04-09 00:03:40.030474: E external/xla/xla/python/profiler/internal/python_hooks.cc:412] Can't import tensorflow.python.profiler.trace
2026-04-09 00:03:40.030837: E external/xla/xla/python/profiler/internal/python_hooks.cc:412] Can't import tensorflow.python.profiler.trace
2026-04-09 00:03:40.031191: E external/xla/xla/python/profiler/internal/python_hooks.cc:412] Can't import tensorflow.python.profiler.trace
2026-04-09 00:03:40.031523: E external/xla/xla/python/profiler/internal/python_hooks.cc:412] Can't import tensorflow.python.profiler.trace
2026-04-09 00:03:40.031591: E external/xla/xla/python/profiler/internal/python_hooks.cc:412] Can't import tensorflow.python.profiler.trace
2026-04-09 00:03:40.031694: E external/xla/xla/python/profiler/internal/python_hooks.cc:412] Can't import tensorflow.python.profiler.trace
2026-04-09 00:03:40.031957: E external/xla/xla/python/profiler/internal/python_hooks.cc:412] Can't import tensorflow.python.profiler.trace
2026-04-09 00:03:40.032094: E external/xla/xla/python/profiler/internal/python_hooks.cc:412] Can't import tensorflow.python.profiler.trace
2026-04-09 00:03:40.032376: E external/xla/xla/python/profiler/internal/python_hooks.cc:412] Can't import tensorflow.python.profiler.trace
2026-04-09 00:03:40.080495: E external/xla/xla/python/profiler/internal/python_hooks.cc:412] Can't import tensorflow.python.profiler.trace
2026-04-09 00:03:40.080561: E external/xla/xla/python/profiler/internal/python_hooks.cc:412] Can't import tensorflow.python.profiler.trace
2026-04-09 00:03:40.080637: E external/xla/xla/python/profiler/internal/python_hooks.cc:412] Can't import tensorflow.python.profiler.trace
2026-04-09 00:03:40.080695: E external/xla/xla/python/profiler/internal/python_hooks.cc:412] Can't import tensorflow.python.profiler.trace
  [TIMING-BRANCH] ω<E_F first tau returned: 0.684s
  [TIMING-BRANCH] ω<E_F first omega_acc start: window=core, tau_idx=0, Nω=20
  [TIMING-BRANCH] ω<E_F first omega_acc returned: 0.007s
  [PROFILE] ω<E_F tau-node loop: 126 iterations, 70.696s total
    tau_channel:   69.804s ( 98.7%)  avg 0.554s/iter
    omega_acc:    0.841s (  1.2%)  avg 0.007s/iter
    overhead:     0.051s (  0.1%)
  ω<E_F Σ^- windows: core=1, exterior=2
  [TIMING-SIG] _convolve_kij[ω<E_F] val branch returned: 70.746s
  [TIMING-SIG] convolve_kij(neg) returned: 79.1s
  [TIMING-SIG] device_get(neg kij): 0.7s
  [TIMING-SIG] device_get(neg split): 1.4s
  [TIMING-SIG] convolution total: 164.9s
  GN invalid-mode static correction: max|Σ|=1.126938e-04 Ry
  [TIMING] compute_sigma_c_ppm_omega_grid: 169.9s
  Sigma(E_DFT) reference: E_F(midgap)=6.535548 eV from VBM=6.253584 eV, CBM=6.817512 eV
  Replacing static COH with PPM-integrated Σ^c(ω=0.000000 Ry)
  Σ^c difference vs static COH: abs=1.413241e+03, rel=2.107300e+03
  Bare Σ^X vs screened Σ^SX: abs=9.614473e-01, rel=2.916398e+00
  [Σ^X + Σ^c(0)] vs [Σ^SX + Σ^COH]: abs=1.413241e+03 Ry (1.922814e+04 eV), rel=1.420149e+03
  Sigma(E_DFT) in-grid states: 18244/60000 within [-10.000, 10.000] eV
  Gap@k=0 (E9-E8): static=0.005041 eV, omega0=0.005051 eV, diag-SC=-0.793647 eV
  Gap shifts: omega0-static=+0.000010 eV, diagSC-static=-0.798688 eV
  Diagonal Sigma(E) fixed point: in-grid=13532/60000, converged=100.0% in-grid states in 20 iterations
  QSGW Σ_xc interpolation: clipped=47182/60000 (78.64%) outside [-10.000, 10.000] eV
  QP energy plot:         /global/homes/j/jackm/scratchperl/lorrax_sandbox/runs/Si/03_si_10x10x10_nosym_timing/15_lorrax_gnppm_xprof_wrapup/qp_energy_compare.png
  Sigma frequency debug:  /global/homes/j/jackm/scratchperl/lorrax_sandbox/runs/Si/03_si_10x10x10_nosym_timing/15_lorrax_gnppm_xprof_wrapup/sigma_freq_debug.dat
  G0W0 diag (E_DFT):     /global/homes/j/jackm/scratchperl/lorrax_sandbox/runs/Si/03_si_10x10x10_nosym_timing/15_lorrax_gnppm_xprof_wrapup/eqp_g0w0.dat

------------------------------------------------------------------------
  OUTPUT FILES
------------------------------------------------------------------------
  Sigma matrix elements:  /global/homes/j/jackm/scratchperl/lorrax_sandbox/runs/Si/03_si_10x10x10_nosym_timing/15_lorrax_gnppm_xprof_wrapup/eqp0.dat
  Sigma_mnk(ω) h5:        /global/homes/j/jackm/scratchperl/lorrax_sandbox/runs/Si/03_si_10x10x10_nosym_timing/15_lorrax_gnppm_xprof_wrapup/sigma_mnk.h5
  QP rotations (h5):      /global/homes/j/jackm/scratchperl/lorrax_sandbox/runs/Si/03_si_10x10x10_nosym_timing/15_lorrax_gnppm_xprof_wrapup/qp_wfn_rotations.h5
  Restart arrays:         /global/homes/j/jackm/scratchperl/lorrax_sandbox/runs/Si/03_si_10x10x10_nosym_timing/15_lorrax_gnppm_xprof_wrapup/tmp/isdf_tensors_480.h5

--- Timing ---
Total recorded: 246.624 s
Section                                            Count    Total[s]     Self[s]      %
gw_jax.restart_load                                    1       6.211       6.211    2.5
gw_jax.chi0_W                                          1      24.548      24.548   10.0
gw_jax.pipeline                                        1       1.552       1.552    0.6
gw_jax.ppm_sigma                                       1     214.313     214.313   86.9
