[lxrun] JID 52224230 · 2 nodes · 1:18:01 left · 2/2 free · incoming: lx-D
  1  nid001064  free   —              —      —  ← starting lx-D  python3 -u -m gw.gw_jax 
  2  nid001065  free   —              —      —

========================================================================
  COHSEX-JAX: Self-Energy Calculation
========================================================================
  Backend: GPU       Devices: 4  Mesh: 2×2  Processes: 4
  Device type: NVIDIA A100-SXM4-40GB
  XLA preallocate: false  mem_fraction: unset
========================================================================

/pscratch/sd/j/jackm/lorrax_sandbox/sources/lorrax_D/src/common/symmetry_maps.py:324: UserWarning: SymMaps: 4/9 full-BZ k-points require time-reversal symmetry for unfolding. Non-symmorphic phases are NOT applied for these k-points. Use noinv=.true. in QE to avoid this.
  warnings.warn(
/pscratch/sd/j/jackm/lorrax_sandbox/sources/lorrax_D/src/common/symmetry_maps.py:324: UserWarning: SymMaps: 4/9 full-BZ k-points require time-reversal symmetry for unfolding. Non-symmorphic phases are NOT applied for these k-points. Use noinv=.true. in QE to avoid this.
  warnings.warn(
/pscratch/sd/j/jackm/lorrax_sandbox/sources/lorrax_D/src/common/symmetry_maps.py:324: UserWarning: SymMaps: 4/9 full-BZ k-points require time-reversal symmetry for unfolding. Non-symmorphic phases are NOT applied for these k-points. Use noinv=.true. in QE to avoid this.
  warnings.warn(
/pscratch/sd/j/jackm/lorrax_sandbox/sources/lorrax_D/src/common/symmetry_maps.py:324: UserWarning: SymMaps: 4/9 full-BZ k-points require time-reversal symmetry for unfolding. Non-symmorphic phases are NOT applied for these k-points. Use noinv=.true. in QE to avoid this.
  warnings.warn(
  ISDF basis: 640 centroids
  FFT grid: 24×24×80   Cell volume: 702.20 a.u.³

    Memory estimate: peak 10.66 GB (budget 28.00 GB), bottleneck=zct
    Per-stage: fft=3.76  zct=5.35  reshard=3.23  solve=2.42  gather=2.17 GB
    AOT fit_one_rchunk peak (driver-level): 4.38 GB

  Chunked ISDF fitting:
    Band chunks: 80
    R chunks:    46080 (contiguous r-space)
    Q chunks:    9
    Zeta output: /pscratch/sd/j/jackm/lorrax_sandbox/runs/MoS2/00_mos2_3x3_cohsex/D_lorrax_hl_w200_headoff/tmp/zeta_q.h5

  Zeta fitting: 1 r-chunks x 46080 r-points, 80 bands (80 left + 80 right)
  Output: /pscratch/sd/j/jackm/lorrax_sandbox/runs/MoS2/00_mos2_3x3_cohsex/D_lorrax_hl_w200_headoff/tmp/zeta_q.h5
  Left wfns:  (9, 80, 2, 640)
  Right wfns: (9, 80, 2, 640)
  Pseudobands normalization: 0 weighted, 0 zero-weight (skipped)
  Computing pair densities P_l, P_r (spin_traced)
/opt/jax/jax/_src/interpreters/mlir.py:1178: UserWarning: Some donated buffers were not usable: ShapedArray(complex128[9,320,320]).
See an explanation at https://jax.readthedocs.io/en/latest/faq.html#buffer-donation.
  warnings.warn("Some donated buffers were not usable:"
/opt/jax/jax/_src/interpreters/mlir.py:1178: UserWarning: Some donated buffers were not usable: ShapedArray(complex128[9,320,320]).
See an explanation at https://jax.readthedocs.io/en/latest/faq.html#buffer-donation.
  warnings.warn("Some donated buffers were not usable:"
/opt/jax/jax/_src/interpreters/mlir.py:1178: UserWarning: Some donated buffers were not usable: ShapedArray(complex128[9,320,320]).
See an explanation at https://jax.readthedocs.io/en/latest/faq.html#buffer-donation.
  warnings.warn("Some donated buffers were not usable:"
/opt/jax/jax/_src/interpreters/mlir.py:1178: UserWarning: Some donated buffers were not usable: ShapedArray(complex128[9,320,320]).
See an explanation at https://jax.readthedocs.io/en/latest/faq.html#buffer-donation.
  warnings.warn("Some donated buffers were not usable:"
  Computing L_q = chol(C_q)
  L_q: (9, 640, 640)
/pscratch/sd/j/jackm/lorrax_sandbox/sources/lorrax_D/src/file_io/_slab_io_ffi.py:239: UserWarning: FFI backend: chunks/attrs on create_dataset currently no-op; pre-create with h5py if you need explicit chunking or attrs.
  warnings.warn(
/pscratch/sd/j/jackm/lorrax_sandbox/sources/lorrax_D/src/file_io/_slab_io_ffi.py:239: UserWarning: FFI backend: chunks/attrs on create_dataset currently no-op; pre-create with h5py if you need explicit chunking or attrs.
  warnings.warn(
/pscratch/sd/j/jackm/lorrax_sandbox/sources/lorrax_D/src/file_io/_slab_io_ffi.py:239: UserWarning: FFI backend: chunks/attrs on create_dataset currently no-op; pre-create with h5py if you need explicit chunking or attrs.
  warnings.warn(
/pscratch/sd/j/jackm/lorrax_sandbox/sources/lorrax_D/src/file_io/_slab_io_ffi.py:239: UserWarning: FFI backend: chunks/attrs on create_dataset currently no-op; pre-create with h5py if you need explicit chunking or attrs.
  warnings.warn(
  ψ(G) host cache: 0.27 GB/process resident
Started zeta fitting at 11:06:36.
[ 11:06:36 | ██████████ | 100% ] r-chunk 1 / 1 · ETA 0 s
Finished zeta fitting at 11:06:36.  Elapsed: 0 s.
  [SlabIO.close] draining 1 pending writes for zeta_q.h5 …
  [SlabIO.close] Python dispatch drained in 3.2 s; joining writer thread
  [SlabIO.close] writer thread joined in 0.0 s; calling H5Fclose collectively
  [SlabIO.close] H5Fclose returned in 0.4 s
  Zeta output: /pscratch/sd/j/jackm/lorrax_sandbox/runs/MoS2/00_mos2_3x3_cohsex/D_lorrax_hl_w200_headoff/tmp/zeta_q.h5  shape: (3,3,1,640,46080)
  Timing (1 r-chunks, 1.5s total):
    fit      1.47s  98.6%
    H5       0.02s   1.3%
    GPU high-water mark: 2.90 GB / 28.00 GB budget (10%)
    γ (runtime / AOT-pred) = 0.662  (AOT predicted 4.38 GB)
    V_q bare cutoff: 30.0 Ry
    V_q budget:    27.13 GB
    V_q mu chunks: 640
    V_q q batches: 4
  V_q (sharded): mesh=2x2, one-shot (Case A), q_chunk=9, μ_chunk=640 (1 μ-blocks), aligned=True, N_μ=640, N_G=2419, predicted peak/rank=0.51 GB (V_ref+g0_ref=0.01 GB)
Started V_q computation at 11:06:42.
[ 11:06:42 | █░░░░░░░░░ |  11% ] q-point 1 / 9 · ETA 0 s
[ 11:06:42 | ██░░░░░░░░ |  22% ] q-point 2 / 9 · ETA 0 s
[ 11:06:42 | ███░░░░░░░ |  33% ] q-point 3 / 9 · ETA 0 s
[ 11:06:42 | ████░░░░░░ |  44% ] q-point 4 / 9 · ETA 0 s
[ 11:06:42 | ██████░░░░ |  56% ] q-point 5 / 9 · ETA 0 s
[ 11:06:42 | ███████░░░ |  67% ] q-point 6 / 9 · ETA 0 s
[ 11:06:42 | ████████░░ |  78% ] q-point 7 / 9 · ETA 0 s
[ 11:06:42 | █████████░ |  89% ] q-point 8 / 9 · ETA 0 s
[ 11:06:42 | ██████████ | 100% ] q-point 9 / 9 · ETA 0 s
Finished V_q computation at 11:06:42.  Elapsed: 0 s.
  [SlabIO.close] draining 0 pending writes for zeta_q.h5 …
  [SlabIO.close] Python dispatch drained in 0.0 s; joining writer thread
  [SlabIO.close] writer thread joined in 0.0 s; calling H5Fclose collectively
  [SlabIO.close] H5Fclose returned in 0.2 s

  V_q computed:
    Shape: (1, 1, 1, 3, 3, 1, 640, 640)
    V_q=0 trace: 842442655.9262
  [SlabIO.close] draining 3 pending writes for isdf_tensors_640.h5 …
  [SlabIO.close] Python dispatch drained in 0.2 s; joining writer thread
  [SlabIO.close] writer thread joined in 0.0 s; calling H5Fclose collectively
  [SlabIO.close] H5Fclose returned in 0.0 s
  Wavefunctions built (b0:b4=80 bands, 4 sharded copies: xn/xr/yr/yn)
  [SlabIO.close] draining 1 pending writes for isdf_tensors_640.h5 …
  [SlabIO.close] Python dispatch drained in 0.1 s; joining writer thread
  [SlabIO.close] writer thread joined in 0.0 s; calling H5Fclose collectively
  [SlabIO.close] H5Fclose returned in 0.0 s
  Chunked ISDF path complete
  Minimax static window: x=[1.249527e-01, 6.336166e+00] Ry, R=50.71, nodes=10, fit_err~2.561e-06
  [SlabIO.close] draining 1 pending writes for isdf_tensors_640.h5 …
  [SlabIO.close] Python dispatch drained in 0.1 s; joining writer thread
  [SlabIO.close] writer thread joined in 0.0 s; calling H5Fclose collectively
  [SlabIO.close] H5Fclose returned in 0.2 s
  Persisted W0_qmunu + q=0 head scalars: vhead=0.000 a.u.,  whead[ω=0]=0.000 a.u.,  whead[iωp]=0.000 a.u.

------------------------------------------------------------------------
  FINITE-SIZE CORRECTIONS
------------------------------------------------------------------------
  Head source: override
  v(q→0)  =        0.000 a.u.  (bare Coulomb head)
  W(q→0)  =        0.000 a.u.  (screened Coulomb head)
  ΔW      =        0.000 a.u.  (screening correction)

------------------------------------------------------------------------
  STATIC HEAD TERMS (exact COHSEX / BGW-style)
------------------------------------------------------------------------
  Head source: override
  v_h(q→0)           =     0.000000 a.u.
  W_h(q→0, ω=0)      =     0.000000 a.u.
  W_h^c              =     0.000000 a.u.
  Σ^X head (occ)     = 0.000000e+00 Ry
  Σ^SX head (occ)    = 0.000000e+00 Ry
  Σ^(SX-X) head(occ) = 0.000000e+00 Ry
  Σ^COH head (all)   = 0.000000e+00 Ry
  Bare Σ_X diagonal (eV), k=0: -36.4652  -36.4636  -30.3047  -30.3038  -29.7901  -29.7905  -29.9275  -29.9299

------------------------------------------------------------------------
  HL-PPM + FREQUENCY-INTEGRATED SIGMA
------------------------------------------------------------------------
  PPM real-freq quadrature (Ω=200.0000 Ry, decomposed via 1/y minimax): +branch nodes=7 (R'=1651.314), -branch nodes=7 (R'=1.032), err~4.2e-10
  [debug] Persisted W(probe ω) → /pscratch/sd/j/jackm/lorrax_sandbox/runs/MoS2/00_mos2_3x3_cohsex/D_lorrax_hl_w200_headoff/tmp/wprobe_qmunu.h5
  HL-PPM fit: 0.81s, Ω=200.0000 Ry, unfulfilled=3.33%
  [pf] profiling hooks unavailable: [Errno 2] No such file or directory: 'profile/memprof/sigma_ppm_pre.prof'
  Σc(ω) grid: -10.000..10.000 eV, Nω=41, Δω=0.500 eV, ξ=0.250 eV
  GN invalid modes: 122576/3686400 (3.33%)
    ω≥E_F cond window "core" (crossing): 103 nodes, err<1e-06, E_A=[0.0625, 0.7490] Ry, project=imag
    ω≥E_F cond window "a_stripe" (Laplace): 9 nodes, err<1e-06, E_A=[0.7865, 1.8491] Ry, project=full
    ω≥E_F cond window "b_slab" (Laplace): 14 nodes, err<1e-06, E_A=[0.0625, 1.8491] Ry, project=full
Started sigma[ω≥E_F cond] at 11:06:50.
[ 11:06:50 | ░░░░░░░░░░ |   1% ] tau node   1 / 126 · ETA 0 s
[ 11:06:50 | █░░░░░░░░░ |  12% ] tau node  15 / 126 · ETA 1 s
[ 11:06:50 | ██░░░░░░░░ |  23% ] tau node  29 / 126 · ETA 1 s
[ 11:06:51 | ███░░░░░░░ |  34% ] tau node  43 / 126 · ETA 1 s
[ 11:06:51 | █████░░░░░ |  45% ] tau node  57 / 126 · ETA 0 s
[ 11:06:51 | ██████░░░░ |  56% ] tau node  70 / 126 · ETA 0 s
[ 11:06:51 | ███████░░░ |  67% ] tau node  84 / 126 · ETA 0 s
[ 11:06:51 | ████████░░ |  78% ] tau node  98 / 126 · ETA 0 s
[ 11:06:51 | █████████░ |  89% ] tau node 112 / 126 · ETA 0 s
[ 11:06:51 | ██████████ | 100% ] tau node 126 / 126 · ETA 0 s
Finished sigma[ω≥E_F cond] at 11:06:51.  Elapsed: 1 s.
    ω≥E_F val window "single" (Laplace): 14 nodes, err<1e-06, E_A=[0.0625, 4.4870] Ry, project=full
Started sigma[ω≥E_F val] at 11:06:51.
[ 11:06:51 | █░░░░░░░░░ |   7% ] tau node  1 / 14 · ETA 0 s
[ 11:06:51 | █░░░░░░░░░ |  14% ] tau node  2 / 14 · ETA 0 s
[ 11:06:51 | ███░░░░░░░ |  29% ] tau node  4 / 14 · ETA 0 s
[ 11:06:51 | ████░░░░░░ |  36% ] tau node  5 / 14 · ETA 0 s
[ 11:06:51 | █████░░░░░ |  50% ] tau node  7 / 14 · ETA 0 s
[ 11:06:51 | ██████░░░░ |  57% ] tau node  8 / 14 · ETA 0 s
[ 11:06:51 | ███████░░░ |  71% ] tau node 10 / 14 · ETA 0 s
[ 11:06:51 | ████████░░ |  79% ] tau node 11 / 14 · ETA 0 s
[ 11:06:51 | █████████░ |  93% ] tau node 13 / 14 · ETA 0 s
[ 11:06:51 | ██████████ | 100% ] tau node 14 / 14 · ETA 0 s
Finished sigma[ω≥E_F val] at 11:06:51.  Elapsed: 0 s.
    ω<E_F cond window "single" (Laplace): 14 nodes, err<1e-06, E_A=[0.0625, 1.8491] Ry, project=full
Started sigma[ω<E_F cond] at 11:06:51.
[ 11:06:51 | █░░░░░░░░░ |   7% ] tau node  1 / 14 · ETA 0 s
[ 11:06:51 | █░░░░░░░░░ |  14% ] tau node  2 / 14 · ETA 0 s
[ 11:06:51 | ███░░░░░░░ |  29% ] tau node  4 / 14 · ETA 0 s
[ 11:06:51 | ████░░░░░░ |  36% ] tau node  5 / 14 · ETA 0 s
[ 11:06:51 | █████░░░░░ |  50% ] tau node  7 / 14 · ETA 0 s
[ 11:06:51 | ██████░░░░ |  57% ] tau node  8 / 14 · ETA 0 s
[ 11:06:51 | ███████░░░ |  71% ] tau node 10 / 14 · ETA 0 s
[ 11:06:51 | ████████░░ |  79% ] tau node 11 / 14 · ETA 0 s
[ 11:06:51 | █████████░ |  93% ] tau node 13 / 14 · ETA 0 s
[ 11:06:51 | ██████████ | 100% ] tau node 14 / 14 · ETA 0 s
Finished sigma[ω<E_F cond] at 11:06:51.  Elapsed: 0 s.
    ω<E_F val window "core" (crossing): 103 nodes, err<1e-06, E_A=[0.0625, 0.4800] Ry, project=imag
    ω<E_F val window "a_stripe" (Laplace): 9 nodes, err<1e-06, E_A=[0.9457, 4.4870] Ry, project=full
    ω<E_F val window "b_slab" (Laplace): 14 nodes, err<1e-06, E_A=[0.0625, 4.4870] Ry, project=full
Started sigma[ω<E_F val] at 11:06:51.
[ 11:06:51 | ░░░░░░░░░░ |   1% ] tau node   1 / 126 · ETA 0 s
[ 11:06:51 | █░░░░░░░░░ |  12% ] tau node  15 / 126 · ETA 1 s
[ 11:06:52 | ██░░░░░░░░ |  23% ] tau node  29 / 126 · ETA 1 s
[ 11:06:52 | ███░░░░░░░ |  34% ] tau node  43 / 126 · ETA 1 s
[ 11:06:52 | █████░░░░░ |  45% ] tau node  57 / 126 · ETA 0 s
[ 11:06:52 | ██████░░░░ |  56% ] tau node  70 / 126 · ETA 0 s
[ 11:06:52 | ███████░░░ |  67% ] tau node  84 / 126 · ETA 0 s
[ 11:06:52 | ████████░░ |  78% ] tau node  98 / 126 · ETA 0 s
[ 11:06:52 | █████████░ |  89% ] tau node 112 / 126 · ETA 0 s
[ 11:06:52 | ██████████ | 100% ] tau node 126 / 126 · ETA 0 s
Finished sigma[ω<E_F val] at 11:06:52.  Elapsed: 1 s.
  HL head: ω_p (analytic, BGW-style) = 1.364240 Ry (18.5614 eV)

------------------------------------------------------------------------
  HEAD CORRECTION (scalar GN, separate from ISDF body)
------------------------------------------------------------------------
  v(q→0)             =        0.000 a.u.
  W^c(q→0, ω=0)      =        0.000 a.u.
  W^c(q→0, ω=iωp)    =        0.000 a.u.  [ωp=1.3642 Ry]
  Ω_h²               =     1.000000 Ry²
  Ω_h                =     1.000000 Ry  (13.605698 eV)
  B_h                =     0.000000 Ry² · a.u.
  R_h                =     0.000000 Ry · a.u.
  R_h / (Ω_h · vol)  = 0.000000e+00 (Ry)
  Σ_c head shift: max|Σ^head_diag| = 0.0000 eV (on-shell occ band → -0.0000 eV)
  E_F(midgap) = -4.343581 eV  (VBM=-5.193615, CBM=-3.493546)
/pscratch/sd/j/jackm/lorrax_sandbox/sources/lorrax_D/src/file_io/_slab_io_ffi.py:239: UserWarning: FFI backend: chunks/attrs on create_dataset currently no-op; pre-create with h5py if you need explicit chunking or attrs.
  warnings.warn(
/pscratch/sd/j/jackm/lorrax_sandbox/sources/lorrax_D/src/file_io/_slab_io_ffi.py:239: UserWarning: FFI backend: chunks/attrs on create_dataset currently no-op; pre-create with h5py if you need explicit chunking or attrs.
  warnings.warn(
/pscratch/sd/j/jackm/lorrax_sandbox/sources/lorrax_D/src/file_io/_slab_io_ffi.py:239: UserWarning: FFI backend: chunks/attrs on create_dataset currently no-op; pre-create with h5py if you need explicit chunking or attrs.
  warnings.warn(
/pscratch/sd/j/jackm/lorrax_sandbox/sources/lorrax_D/src/file_io/_slab_io_ffi.py:239: UserWarning: FFI backend: chunks/attrs on create_dataset currently no-op; pre-create with h5py if you need explicit chunking or attrs.
  warnings.warn(
  [SlabIO.close] draining 3 pending writes for sigma_mnk.h5 …
  [SlabIO.close] Python dispatch drained in 0.1 s; joining writer thread
  [SlabIO.close] writer thread joined in 0.0 s; calling H5Fclose collectively
  [SlabIO.close] H5Fclose returned in 0.1 s
  Diagonal SC: 282/720 states in grid, 20 iterations
  QSGW: 720 clipped (100.0%)
  G0W0 diag (E_DFT):     /pscratch/sd/j/jackm/lorrax_sandbox/runs/MoS2/00_mos2_3x3_cohsex/D_lorrax_hl_w200_headoff/eqp_g0w0.dat

  Output: /pscratch/sd/j/jackm/lorrax_sandbox/runs/MoS2/00_mos2_3x3_cohsex/D_lorrax_hl_w200_headoff/eqp0.dat
  Sigma(ω): /pscratch/sd/j/jackm/lorrax_sandbox/runs/MoS2/00_mos2_3x3_cohsex/D_lorrax_hl_w200_headoff/sigma_mnk.h5
  Restart:  /pscratch/sd/j/jackm/lorrax_sandbox/runs/MoS2/00_mos2_3x3_cohsex/D_lorrax_hl_w200_headoff/tmp/isdf_tensors_640.h5

--- Timing ---
Total recorded: 20.256 s
Section                                            Count    Total[s]     Self[s]      %
gw_jax.load_centroid_wfns                              1       1.271       1.197    6.3
  load_wfns.precompute_owned                           1       0.000       0.000    0.0
  load_wfns.k_loop                                     1       0.013       0.013    0.1
  load_wfns.scatter                                    1       0.025       0.025    0.1
  load_wfns.make_global_array                          1       0.036       0.036    0.2
gw_jax.zeta_fit_chunked                                1       7.202       0.612   35.6
  zeta_fit.slice_halves                                1       0.029       0.029    0.1
  zeta_fit.CCT                                         1       0.382       0.382    1.9
  zeta_fit.cholesky                                    1       0.938       0.938    4.6
  zeta_fit.gc_pre_chunk_loop                           1       0.066       0.066    0.3
  zeta_fit.open_file                                   1       0.069       0.069    0.3
  zeta_fit.chunk_loop                                  1       1.490       0.000    7.4
    zeta_fit.chunk.fit_one_rchunk                      1       1.470       1.470    7.3
    zeta_fit.chunk.h5_write                            1       0.020       0.020    0.1
  zeta_fit.close_io                                    1       3.613       3.613   17.8
  zeta_fit.sync_global                                 1       0.002       0.002    0.0
gw_jax.V_q_compute                                     1       2.678       0.317   13.2
  compute_all_V_q_sharded                              1       2.361       2.361   11.7
gw_jax.wavefunction_setup                              1       0.031       0.031    0.2
gw_jax.chi0_W                                          1       1.255       0.028    6.2
  chi.compile                                          1       0.405       0.405    2.0
  chi.exec                                             1       0.066       0.066    0.3
  W.compile                                            1       0.077       0.077    0.4
  W.exec                                               1       0.680       0.680    3.4
gw_jax.sigma                                           1       1.844       1.844    9.1
gw_jax.ppm_sigma                                       1       5.975       1.960   29.5
  sigma.compile                                        1       0.757       0.757    3.7
  sigma.exec                                           1       3.258       3.258   16.1
