
 BerkeleyGW version 4.0
 Sigma code, Complex version, run on 05-May-2026 at 21:36:11 -0700

                                                                 ..o.          
                                                                .oxxo.         
                                                               .oxxxxo...      
                                                               oxxxxxxo.       
                                                              .oxxxxxxx.       
                                                              .ooooooxxo..     
                                                              .oooooooxo..     
                                                              .oooooxxo...     
                                                       .........oxooo......    
                                                 ............................  
                                             ................................. 
                                          .................................... 
           .          ..oo. ....  .................................oooxxxxxxxo.
     .............oxxxx@ox@@@x@x.....................o...........ooooooooooxx. 
    .o.........oox@x.oo........xxx@@............ooxxxxo..........ooooxxxxxoxo  
    .x........x@xxo...............o@xxo........oxxx@@@xoooooooooooooooxxxo...  
    .o......ox@@o..................oox@o.....ooxxx@xoooxxxxxxxoooooooooooo.... 
    o..ooooo@@xoooo....ooo...........x@o.....ooxxxxo   .oxxxxxxxxxxooooooo.... 
    . .oooo@@@@@@@@@@@@@@@@@@@@@@@@@@@@@@....ooooox.     .oxx@@@@@xxoo........ 
      .ooooxxxxxxxooooooxooooooooooooooxo...oooooxx.        ..ox@xxxoo.........
      .ooooooxxxx@xoooooooooooooxxoooooooooooxxxxx.            .oxxooooooooxxo.
     .oooooxxxxx@@@xxxxxxxxxxxxxxxxxxxxxxxxoxxxxo.                .oxxxxxxxxo. 
   ....oooxxxxx@@@xo..oxxx@@@@@@xxxxoxxoooooooxx.                  .oxxxoo..   
  .....ooxxxx@@xo.       ........    .ooooooooxxo                              
  ..oooxxxx@@@o                       .oooooooxoo.                             
  ....oxooxxxxx.                       .ooo..oooo.                             
  .....o.ooxxxxxo.                     .oooooooxo.                             
 ......ooooxxxxxxo.                     .ooooooxoo..                           
........ooxxxxxxxo..                     .o....oxoo...                         
.......ooooxxxxxxxo.                     ........oooo.                         
.ooooooo..ooxxxxoooo.                    .........ooo...                       
..oxo...ooooxxxoooo..                    .ooo......oooo...                     
  .ooooo....o.                            .oxxxoo....ooo....                   
    .oooooo...                              ...ooooo...ooo..                   
       ...                                     .oo.......                      
                                               ....ooo...                      
                      __              __                                       
 ______              [  |            [  |                 ._____  _          _ 
|_   _               | |  _          | |                /  ___ | |        | |
  | |_) | .---.  _. _.| | / |  .---.  | | .---.  _    _ / /    _|   /  / / 
  |  __'./ /__\[ /`_| '' <  / /__\ | |/ /__\|   | | |   _____  /  / /  
 _| |__| | __. | |   | |`  | ___. | || ___.  / /  .___| |    /  /   
|_______/ .__./[_]  [__|  _] .__./[___].__./    /   .____./    /  /    
                                                  / /                          
                                                 /_/                           
 --------------------------------------------------------------------------------
 Please cite the main BerkeleyGW paper when using results from this calculation:

 Jack Deslippe, Georgy Samsonidze, David A. Strubbe, Manish Jain, Marvin L.
 Cohen, and Steven G. Louie, "BerkeleyGW: A Massively Parallel Computer Package
 for the Calculation of the Quasiparticle and Optical Properties of Materials
 and Nanostructures," Comput. Phys. Commun. 183, 1269 (2012)

 Aditionally, PLEASE CITE ALL PAPERS REPORTED AT THE END OF THIS CALCULATION.
 --------------------------------------------------------------------------------

 Running MPI version (parallel)
 Running with 4 MPI task(s)
 Using OpenMP. Number of threads per MPI task: 16

 Compilation flags:
 - Compiler: NVHPC
 - Para. flags: MPI, OMP
 - Math  flags: USESCALAPACK, UNPACKED, USEFFTW3, HDF5
 - Debug flags: 

 Running with verbosity level 1 (default).


 NOTE: `screened_coulomb_cutoff` and `bare_coulomb_cutoff` are now optional flags.

 Using the static COHSEX approximation

 We are communicating via MPI

 Using Collectives (MPI_BCast) Communication Scheme
 
 Computing CH as a partial sum over empty bands

 Running with semiconductor screening

 We are using no truncation
 Cutoff for Monte-Carlo average of Coulomb potential: 1.000E-012 Ry

 Reading (Kinetic energy + Ionic potential + Hartree) matrix elements from kih.dat file

 Treating W within the Static COHSEX approximation
 
 Memory available: 60325.6 MB per PE
 
 Read from eps0mat.h5:
 - Number of G-vectors in the charge-density grid: 16889
 - Max. number of G-vectors for dielectric matrices: 2109
 - Cutoff of the dielectric matrix (Ry): 60.000
 - Number of imaginary frequencies: 0
 - Total number of frequencies: 1
 - Frequency dependence: 0
 - Number of q-points: 1
 - Q grid: 2 2 2
 
 Read from epsmat.h5:
 - Number of G-vectors in the charge-density grid: 16889
 - Max. number of G-vectors for dielectric matrices: 2120
 - Cutoff of the dielectric matrix: 60.000
 - Number of imaginary frequencies: 0
 - Total number of frequencies: 1
 - Frequency dependence: 0
 - Number of q-points: 3
 - Q grid: 2 2 2
 
 Reading header of WFN_inner.h5
 Highest occupied band (unshifted grid) = 8
 Valence max    (unshifted grid) = 6.294142 eV
 Conduction min (unshifted grid) = 6.968806 eV
 Middle energy  (unshifted grid) = 6.631474 eV
 Fermi  energy  (unshifted grid) = 6.631474 eV

 
 Calculation parameters:
 - Cutoff of the bare Coulomb interaction (Ry): 60.00
 - Cutoff of the screened Coulomb interaction (Ry): 60.00
 - Number of G-vectors up to the bare int. cutoff: 2109
 - Number of G-vectors up to the screened int. cutoff: 2109
 - Total number of bands in the calculation: 208
 - Number of fully occupied valence bands: 8
 - Number of partially occ. conduction bands: 0
 
 Memory required for execution: 124.3 MB per PE
 Memory required for vcoul: 114.4 MB per PE
 
 Number of electrons per unit cell (from ifmax) = 8.000000
 Number of electrons per unit cell (from occupations) = 8.000000
 Plasma Frequency = 1.220146 Ry

 Q-grid symmetries are being used.
 
 Parallelization report:
 - Using 4 processor(s), 1 pool(s), 4 processor(s) per pool.
 - Each pool is computing 16 diagonal sigma matrix element(s).
 - Each pool is computing 0 off-diagonal sigma matrix element(s).
 - Each processor is holding 52 band(s).
 
 
 Started reading wavefunctions (WFN_inner) with 832 state(s) at 21:36:11.
 Reading band block from WFN_inner.h5
 Reading using H5FD_MPIO_COLLECTIVE.
 Using communication style:  1
 
 [ 21:36:11 |   0% ] state   1 / 832.
 [ 21:36:11 |   0% ] state   3 / 832, remaining: 0 s.
 [ 21:36:11 |  10% ] state  84 / 832, remaining: 0 s.
 [ 21:36:11 |  20% ] state 167 / 832, remaining: 0 s.
 [ 21:36:11 |  30% ] state 250 / 832, remaining: 0 s.
 [ 21:36:11 |  40% ] state 333 / 832, remaining: 0 s.
 [ 21:36:11 |  50% ] state 417 / 832, remaining: 0 s.
 [ 21:36:11 |  60% ] state 500 / 832, remaining: 0 s.
 [ 21:36:11 |  70% ] state 583 / 832, remaining: 0 s.
 [ 21:36:11 |  80% ] state 666 / 832, remaining: 0 s.
 [ 21:36:11 |  90% ] state 749 / 832, remaining: 0 s.
 Finished reading wavefunctions (WFN_inner) at 21:36:11.
 Elapsed time: 0 s.
 

 Scissors parameters:
 - Valence:    es =   0.0000 eV, e0 =   0.0000 eV, edel =   0.0000
 - Conduction: es =   0.0000 eV, e0 =   0.0000 eV, edel =   0.0000

 Scissors parameters (outer):
 - Valence:    es =   0.0000 eV, e0 =   0.0000 eV, edel =   0.0000
 - Conduction: es =   0.0000 eV, e0 =   0.0000 eV, edel =   0.0000

 Number of bands to compute diagonal self-energy matrix elements: 16
 Bands:
 - 1
 - 2
 - 3
 - 4
 - 5
 - 6
 - 7
 - 8
 - 9
 - 10
 - 11
 - 12
 - 13
 - 14
 - 15
 - 16
 Number of off-diagonal bands to compute self-energy matrix elements: 0
 
 GPU acceleration is : ENABLED
 
 Algorithms used:
 - mtxel     : OPENACC_ALGO
 - sigma_gpp : OPENACC_ALGO

 Total number of frequencies in the dielectric matrix: 1
 Number of imag. frequencies in the dielectric matrix: 0

 
 Started reading eps0mat.h5 with 1 q-point(s) at 21:36:11.
 [ 21:36:11 |   0% ] q-point 1 / 1.
 Finished reading eps0mat.h5 at 21:36:12.
 Elapsed time: 0 s.
 
 
 Started reading epsmat.h5 with 3 q-point(s) at 21:36:12.
 [ 21:36:12 |   0% ] q-point 1 / 3.
 [ 21:36:12 |  33% ] q-point 2 / 3.
 [ 21:36:12 |  67% ] q-point 3 / 3, remaining: 0 s.
 Finished reading epsmat.h5 at 21:36:12.
 Elapsed time: 0 s.
 
 Number of k-points in WFN_inner: 4
 Number of k-points in the full BZ of WFN_inner: 8
 
================================================================================
 21:36:12   Dealing with k =  0.000000  0.000000  0.000000                 1 / 4
================================================================================

 Reading kih.dat
 Number of q-points in the irreducible BZ(k) (nrq): 3

 Using GPU support via OpenACC/OMP-Target implementation
 Band block size in MTXEL:    20
 
 Started calculating Sigma with 48 block(s) at 21:36:12.
 [ 21:36:13 |   0% ] block  1 / 48.
 [ 21:36:14 |   4% ] block  3 / 48, remaining: 6 s.
 [ 21:36:14 |   8% ] block  5 / 48, remaining: 5 s.
 [ 21:36:15 |  19% ] block 10 / 48, remaining: 5 s.
 [ 21:36:16 |  29% ] block 15 / 48, remaining: 4 s.
 [ 21:36:16 |  40% ] block 20 / 48, remaining: 3 s.
 [ 21:36:16 |  48% ] block 24 / 48, remaining: 2 s.
 [ 21:36:16 |  58% ] block 29 / 48, remaining: 2 s.
 [ 21:36:17 |  69% ] block 34 / 48, remaining: 1 s.
 [ 21:36:17 |  79% ] block 39 / 48, remaining: 1 s.
 [ 21:36:17 |  90% ] block 44 / 48, remaining: 0 s.
 [ 21:36:17 |  98% ] block 48 / 48, remaining: 0 s.
 Finished calculating Sigma at 21:36:17.
 Elapsed time: 5 s.
 
 Unsymmetrized values for ik =   1 spin = 1
 
     n      Emf       Eo      KIH        X     SX-X       CH      Cor      Sig
     1   -5.697   -5.697    5.103  -16.544   12.332   -9.859    2.473  -14.071
     2   -5.697   -5.697    5.103  -16.544   12.332   -9.859    2.473  -14.071
     3    6.246    6.246   17.950  -13.714    9.727  -10.477   -0.750  -14.463
     4    6.246    6.246   17.950  -13.714    9.727  -10.477   -0.750  -14.463
     5    6.294    6.294   17.993  -13.537    9.651  -10.509   -0.857  -14.394
     6    6.294    6.294   17.993  -13.882    9.766  -10.424   -0.658  -14.540
     7    6.294    6.294   17.993  -13.484    9.625  -10.516   -0.891  -14.375
     8    6.294    6.294   17.993  -13.901    9.827  -10.446   -0.619  -14.520
     9    8.792    8.792   19.123   -4.924    2.966   -9.558   -6.592  -11.516
    10    8.792    8.792   19.123   -4.924    2.966   -9.558   -6.592  -11.516
    11    8.827    8.827   19.150   -5.254    3.199   -9.553   -6.354  -11.608
    12    8.827    8.827   19.150   -4.827    2.908   -9.544   -6.635  -11.463
    13    8.827    8.827   19.150   -4.755    2.840   -9.559   -6.719  -11.474
    14    8.827    8.827   19.150   -4.811    2.881   -9.556   -6.676  -11.487
    15    9.626    9.626   21.353   -5.001    2.851  -10.452   -7.601  -12.602
    16    9.626    9.626   21.353   -5.001    2.851  -10.452   -7.601  -12.602

 Symmetrized values from band-averaging:

       k =  0.000000  0.000000  0.000000 ik =   1 spin = 1

     n      Emf       Eo      KIH        X      Cor     Eqp0     Eqp1      Znk
     1   -5.697   -5.697    5.103  -16.544    2.473   -8.969   -8.969    1.000
     2   -5.697   -5.697    5.103  -16.544    2.473   -8.969   -8.969    1.000
     3    6.246    6.246   17.950  -13.714   -0.750    3.487    3.487    1.000
     4    6.246    6.246   17.950  -13.714   -0.750    3.487    3.487    1.000
     5    6.294    6.294   17.993  -13.701   -0.756    3.536    3.536    1.000
     6    6.294    6.294   17.993  -13.701   -0.756    3.536    3.536    1.000
     7    6.294    6.294   17.993  -13.701   -0.756    3.536    3.536    1.000
     8    6.294    6.294   17.993  -13.701   -0.756    3.536    3.536    1.000
     9    8.792    8.792   19.123   -4.924   -6.592    7.608    7.608    1.000
    10    8.792    8.792   19.123   -4.924   -6.592    7.608    7.608    1.000
    11    8.827    8.827   19.150   -4.912   -6.596    7.643    7.643    1.000
    12    8.827    8.827   19.150   -4.912   -6.596    7.643    7.643    1.000
    13    8.827    8.827   19.150   -4.912   -6.596    7.643    7.643    1.000
    14    8.827    8.827   19.150   -4.912   -6.596    7.643    7.643    1.000
    15    9.626    9.626   21.353   -5.001   -7.601    8.752    8.752    1.000
    16    9.626    9.626   21.353   -5.001   -7.601    8.752    8.752    1.000
 
================================================================================
 21:36:17   Dealing with k = -0.000000 -0.000000  0.500000                 2 / 4
================================================================================

 Reading kih.dat
 Number of q-points in the irreducible BZ(k) (nrq): 4

 Using GPU support via OpenACC/OMP-Target implementation
 Band block size in MTXEL:    20
 
 Started calculating Sigma with 64 block(s) at 21:36:18.
 [ 21:36:18 |   0% ] block  1 / 64.
 [ 21:36:18 |   3% ] block  3 / 64, remaining: 7 s.
 [ 21:36:18 |   9% ] block  7 / 64, remaining: 7 s.
 [ 21:36:19 |  19% ] block 13 / 64, remaining: 6 s.
 [ 21:36:20 |  30% ] block 20 / 64, remaining: 5 s.
 [ 21:36:20 |  39% ] block 26 / 64, remaining: 4 s.
 [ 21:36:20 |  50% ] block 33 / 64, remaining: 3 s.
 [ 21:36:20 |  59% ] block 39 / 64, remaining: 2 s.
 [ 21:36:21 |  69% ] block 45 / 64, remaining: 1 s.
 [ 21:36:21 |  80% ] block 52 / 64, remaining: 1 s.
 [ 21:36:21 |  89% ] block 58 / 64, remaining: 0 s.
 Finished calculating Sigma at 21:36:22.
 Elapsed time: 4 s.
 
 Unsymmetrized values for ik =   2 spin = 1
 
     n      Emf       Eo      KIH        X     SX-X       CH      Cor      Sig
     1   -3.363   -3.363    7.885  -16.066   11.869  -10.174    1.694  -14.371
     2   -3.363   -3.363    7.885  -16.066   11.869  -10.174    1.694  -14.371
     3   -0.707   -0.707    9.791  -13.868   10.243   -9.641    0.602  -13.266
     4   -0.707   -0.707    9.791  -13.868   10.243   -9.641    0.602  -13.266
     5    5.057    5.057   16.471  -13.539    9.718  -10.287   -0.569  -14.108
     6    5.057    5.057   16.471  -13.539    9.718  -10.287   -0.569  -14.108
     7    5.088    5.088   16.499  -13.528    9.710  -10.285   -0.575  -14.103
     8    5.088    5.088   16.499  -13.528    9.710  -10.285   -0.575  -14.103
     9    7.800    7.800   18.352   -5.038    2.947   -9.652   -6.705  -11.743
    10    7.800    7.800   18.352   -5.038    2.947   -9.652   -6.705  -11.743
    11    9.587    9.587   19.474   -4.431    2.619   -9.232   -6.613  -11.045
    12    9.587    9.587   19.474   -4.431    2.619   -9.232   -6.613  -11.045
    13    9.601    9.601   19.483   -4.426    2.615   -9.228   -6.613  -11.039
    14    9.601    9.601   19.483   -4.426    2.615   -9.228   -6.613  -11.039
    15   13.996   13.996   21.840   -2.020    0.818   -7.721   -6.903   -8.923
    16   13.996   13.996   21.840   -2.020    0.818   -7.721   -6.903   -8.923

 Symmetrized values from band-averaging:

       k = -0.000000 -0.000000  0.500000 ik =   2 spin = 1

     n      Emf       Eo      KIH        X      Cor     Eqp0     Eqp1      Znk
     1   -3.363   -3.363    7.885  -16.066    1.694   -6.487   -6.487    1.000
     2   -3.363   -3.363    7.885  -16.066    1.694   -6.487   -6.487    1.000
     3   -0.707   -0.707    9.791  -13.868    0.602   -3.475   -3.475    1.000
     4   -0.707   -0.707    9.791  -13.868    0.602   -3.475   -3.475    1.000
     5    5.057    5.057   16.471  -13.539   -0.569    2.363    2.363    1.000
     6    5.057    5.057   16.471  -13.539   -0.569    2.363    2.363    1.000
     7    5.088    5.088   16.499  -13.528   -0.575    2.396    2.396    1.000
     8    5.088    5.088   16.499  -13.528   -0.575    2.396    2.396    1.000
     9    7.800    7.800   18.352   -5.038   -6.705    6.610    6.610    1.000
    10    7.800    7.800   18.352   -5.038   -6.705    6.610    6.610    1.000
    11    9.587    9.587   19.474   -4.431   -6.613    8.430    8.430    1.000
    12    9.587    9.587   19.474   -4.431   -6.613    8.430    8.430    1.000
    13    9.601    9.601   19.483   -4.426   -6.613    8.444    8.444    1.000
    14    9.601    9.601   19.483   -4.426   -6.613    8.444    8.444    1.000
    15   13.996   13.996   21.840   -2.020   -6.903   12.917   12.917    1.000
    16   13.996   13.996   21.840   -2.020   -6.903   12.917   12.917    1.000
 
================================================================================
 21:36:22   Dealing with k =  0.000000  0.500000  0.500000                 3 / 4
================================================================================

 Reading kih.dat
 Number of q-points in the irreducible BZ(k) (nrq): 4

 Using GPU support via OpenACC/OMP-Target implementation
 Band block size in MTXEL:    20
 
 Started calculating Sigma with 64 block(s) at 21:36:22.
 [ 21:36:22 |   0% ] block  1 / 64.
 [ 21:36:22 |   3% ] block  3 / 64, remaining: 7 s.
 [ 21:36:23 |   9% ] block  7 / 64, remaining: 7 s.
 [ 21:36:24 |  19% ] block 13 / 64, remaining: 6 s.
 [ 21:36:24 |  30% ] block 20 / 64, remaining: 5 s.
 [ 21:36:24 |  39% ] block 26 / 64, remaining: 4 s.
 [ 21:36:25 |  50% ] block 33 / 64, remaining: 3 s.
 [ 21:36:25 |  59% ] block 39 / 64, remaining: 2 s.
 [ 21:36:25 |  69% ] block 45 / 64, remaining: 1 s.
 [ 21:36:26 |  80% ] block 52 / 64, remaining: 1 s.
 [ 21:36:26 |  89% ] block 58 / 64, remaining: 0 s.
 Finished calculating Sigma at 21:36:26.
 Elapsed time: 4 s.
 
 Unsymmetrized values for ik =   3 spin = 1
 
     n      Emf       Eo      KIH        X     SX-X       CH      Cor      Sig
     1   -1.550   -1.550    9.700  -15.133   10.996  -10.133    0.863  -14.270
     2   -1.550   -1.550    9.700  -15.281   11.287  -10.191    1.096  -14.185
     3   -1.550   -1.550    9.700  -15.330   11.382  -10.210    1.172  -14.157
     4   -1.550   -1.550    9.700  -15.198   11.123  -10.158    0.965  -14.233
     5    3.412    3.412   14.298  -13.555    9.750   -9.888   -0.138  -13.693
     6    3.412    3.412   14.298  -13.143    9.609   -9.935   -0.326  -13.469
     7    3.412    3.412   14.298  -13.447    9.713   -9.900   -0.187  -13.634
     8    3.412    3.412   14.298  -12.904    9.528   -9.963   -0.435  -13.339
     9    6.969    6.969   16.146   -3.605    2.009   -8.614   -6.605  -10.211
    10    6.969    6.969   16.146   -3.678    2.064   -8.624   -6.560  -10.238
    11    6.969    6.969   16.146   -4.764    2.896   -8.772   -5.877  -10.640
    12    6.969    6.969   16.146   -4.758    2.891   -8.772   -5.880  -10.638
    13   16.361   16.361   27.465   -3.778    1.946  -10.086   -8.140  -11.919
    14   16.361   16.361   27.465   -3.762    1.933  -10.088   -8.155  -11.918
    15   16.361   16.361   27.465   -3.768    1.938  -10.087   -8.150  -11.918
    16   16.361   16.361   27.465   -3.771    1.940  -10.087   -8.147  -11.918

 Symmetrized values from band-averaging:

       k =  0.000000  0.500000  0.500000 ik =   3 spin = 1

     n      Emf       Eo      KIH        X      Cor     Eqp0     Eqp1      Znk
     1   -1.550   -1.550    9.700  -15.235    1.024   -4.511   -4.511    1.000
     2   -1.550   -1.550    9.700  -15.235    1.024   -4.511   -4.511    1.000
     3   -1.550   -1.550    9.700  -15.235    1.024   -4.511   -4.511    1.000
     4   -1.550   -1.550    9.700  -15.235    1.024   -4.511   -4.511    1.000
     5    3.412    3.412   14.298  -13.262   -0.271    0.764    0.764    1.000
     6    3.412    3.412   14.298  -13.262   -0.271    0.764    0.764    1.000
     7    3.412    3.412   14.298  -13.262   -0.271    0.764    0.764    1.000
     8    3.412    3.412   14.298  -13.262   -0.271    0.764    0.764    1.000
     9    6.969    6.969   16.146   -4.201   -6.231    5.714    5.714    1.000
    10    6.969    6.969   16.146   -4.201   -6.231    5.714    5.714    1.000
    11    6.969    6.969   16.146   -4.201   -6.231    5.714    5.714    1.000
    12    6.969    6.969   16.146   -4.201   -6.231    5.714    5.714    1.000
    13   16.361   16.361   27.465   -3.770   -8.148   15.547   15.547    1.000
    14   16.361   16.361   27.465   -3.770   -8.148   15.547   15.547    1.000
    15   16.361   16.361   27.465   -3.770   -8.148   15.547   15.547    1.000
    16   16.361   16.361   27.465   -3.770   -8.148   15.547   15.547    1.000
 
================================================================================
 21:36:26   Dealing with k =  0.500000  0.500000  0.500000                 4 / 4
================================================================================

 Reading kih.dat
 Number of q-points in the irreducible BZ(k) (nrq): 4

 Using GPU support via OpenACC/OMP-Target implementation
 Band block size in MTXEL:    20
 
 Started calculating Sigma with 64 block(s) at 21:36:27.
 [ 21:36:27 |   0% ] block  1 / 64.
 [ 21:36:27 |   3% ] block  3 / 64, remaining: 7 s.
 [ 21:36:27 |   9% ] block  7 / 64, remaining: 7 s.
 [ 21:36:28 |  19% ] block 13 / 64, remaining: 6 s.
 [ 21:36:29 |  30% ] block 20 / 64, remaining: 5 s.
 [ 21:36:29 |  39% ] block 26 / 64, remaining: 3 s.
 [ 21:36:29 |  50% ] block 33 / 64, remaining: 3 s.
 [ 21:36:29 |  59% ] block 39 / 64, remaining: 2 s.
 [ 21:36:30 |  69% ] block 45 / 64, remaining: 1 s.
 [ 21:36:30 |  80% ] block 52 / 64, remaining: 1 s.
 [ 21:36:30 |  89% ] block 58 / 64, remaining: 0 s.
 Finished calculating Sigma at 21:36:31.
 Elapsed time: 4 s.
 
 Unsymmetrized values for ik =   4 spin = 1
 
     n      Emf       Eo      KIH        X     SX-X       CH      Cor      Sig
     1   -3.363   -3.363    7.885  -16.066   11.869  -10.174    1.694  -14.371
     2   -3.363   -3.363    7.885  -16.066   11.869  -10.174    1.694  -14.371
     3   -0.707   -0.707    9.791  -13.868   10.243   -9.641    0.602  -13.266
     4   -0.707   -0.707    9.791  -13.868   10.243   -9.641    0.602  -13.266
     5    5.057    5.057   16.471  -13.539    9.718  -10.287   -0.569  -14.108
     6    5.057    5.057   16.471  -13.539    9.718  -10.287   -0.569  -14.108
     7    5.088    5.088   16.499  -13.528    9.710  -10.285   -0.575  -14.103
     8    5.088    5.088   16.499  -13.528    9.710  -10.285   -0.575  -14.103
     9    7.800    7.800   18.352   -5.038    2.947   -9.652   -6.705  -11.743
    10    7.800    7.800   18.352   -5.038    2.947   -9.652   -6.705  -11.743
    11    9.587    9.587   19.474   -4.431    2.619   -9.232   -6.613  -11.045
    12    9.587    9.587   19.474   -4.431    2.619   -9.232   -6.613  -11.045
    13    9.601    9.601   19.483   -4.426    2.615   -9.228   -6.613  -11.039
    14    9.601    9.601   19.483   -4.426    2.615   -9.228   -6.613  -11.039
    15   13.996   13.996   21.840   -2.020    0.818   -7.721   -6.903   -8.923
    16   13.996   13.996   21.840   -2.020    0.818   -7.721   -6.903   -8.923

 Symmetrized values from band-averaging:

       k =  0.500000  0.500000  0.500000 ik =   4 spin = 1

     n      Emf       Eo      KIH        X      Cor     Eqp0     Eqp1      Znk
     1   -3.363   -3.363    7.885  -16.066    1.694   -6.487   -6.487    1.000
     2   -3.363   -3.363    7.885  -16.066    1.694   -6.487   -6.487    1.000
     3   -0.707   -0.707    9.791  -13.868    0.602   -3.475   -3.475    1.000
     4   -0.707   -0.707    9.791  -13.868    0.602   -3.475   -3.475    1.000
     5    5.057    5.057   16.471  -13.539   -0.569    2.363    2.363    1.000
     6    5.057    5.057   16.471  -13.539   -0.569    2.363    2.363    1.000
     7    5.088    5.088   16.499  -13.528   -0.575    2.396    2.396    1.000
     8    5.088    5.088   16.499  -13.528   -0.575    2.396    2.396    1.000
     9    7.800    7.800   18.352   -5.038   -6.705    6.610    6.610    1.000
    10    7.800    7.800   18.352   -5.038   -6.705    6.610    6.610    1.000
    11    9.587    9.587   19.474   -4.431   -6.613    8.430    8.430    1.000
    12    9.587    9.587   19.474   -4.431   -6.613    8.430    8.430    1.000
    13    9.601    9.601   19.483   -4.426   -6.613    8.444    8.444    1.000
    14    9.601    9.601   19.483   -4.426   -6.613    8.444    8.444    1.000
    15   13.996   13.996   21.840   -2.020   -6.903   12.917   12.917    1.000
    16   13.996   13.996   21.840   -2.020   -6.903   12.917   12.917    1.000

================================================================================

    n = band index.
  Emf = "inner" mean-field energy eigenvalue used to construct Sigma(E),
        read from WFN_inner.
   Eo = "outer" mean-field energy eigenvalue where we center the evaluation
        frequency grid {E} of Sigma(E). Defaults to Emf, unless
        you use WFN_outer and eqp_outer.dat / scissors_outer.
  Vxc = exchange-correlation pot., calculated from VXC or read from vxc.dat.
  KIH = Kinetic energy + Ionic potential + Hartree, read from kih.dat.
    X = bare exchange.
   SX = screened exchange contrib. to Sigma(E) at energy E=Eo
   CH = Coulomb hole contrib. to Sigma(E) at energy E=Eo
  Cor = SX-X + CH = correlation portion of Sigma(E) at energy E=Eo.
  Sig = X + Cor = self energy, Sigma(E), at energy E=Eo.
 Eqp0 = on-shell QP energy = Emf - Vxc + Sig(Eo)
        Eqp0 is *not* the recommended quantity to use for QP properties.
 Eqp1 = off-shell solution to the linearized  Dyson`s equation
      = Eqp0 + (dSig/dE) / (1 - dSig/dE) * (Eqp0 - Eo),
        or a full linear interpolation if more freq. points where computed.
        Eqp1 is the recommended quantity to use for QP properties.
  Znk = quasiparticle renormalization factor

 General notes:
 - All energies are reported here in eV.
 - Both Emf and Vxc contain the average pot. Vxc0, so Vxc0 doesn`t affect Sigma.
 - Eqp1 and Eqp0 are Eqs. (36-37) from Hybertsen & Louie PRB 34 5390.
 - We recommend you use Eqp1 for QP properties of materials.

================================================================================


********************************************************************************
*                                                                              *
* Your calculation employed methods and algorithms published in peer-reviewed  *
* papers. Please, cite the following references to give proper credit to their *
*          authors and help support future development of BerkeleyGW.          *
*                                                                              *
********************************************************************************

 J. Deslippe, G. Samsonidze, D. A. Strubbe, M. Jain, M. L. Cohen, and S. G.
 Louie, BerkeleyGW: A Massively Parallel Computer Package for the Calculation
 of the Quasiparticle and Optical Properties of Materials and Nanostructures,
 Computer Physics Communications 183, 1269 (2012).

 M. S. Hybertsen and S. G. Louie, Electron Correlation in Semiconductors and
 Insulators: Band Gaps and Quasiparticle Energies, Phys. Rev. B 34, 5390
 (1986).

 B. A. Barker, and S. G. Louie, Electronic and Optical Properties of Solids
 with Strong Spin-Orbit Coupling, U. C. Berkeley PhD dissertation (2018).

 M. D. Ben, C. Yang, Z. Li, F. H. da Jornada, S. G. Louie, and J. Deslippe,
 Accelerating Large-Scale Excited-State GW Calculations on Leadership HPC
 Systems, SC20: International Conference for High Performance Computing,
 Networking, Storage and Analysis (2020).

********************************************************************************

 
 Timing information
 
                                CPU time (s)          WALL time (s)       Number
 Routine                       min        max        min        max     of calls
 -------------------------  ---------  ---------  ---------  ---------  --------
 - Epscopy Comm                  0.01       0.01       0.01       0.01         4
 - FFT Zero                      0.00       0.01       0.00       0.01       256
 - FFT Put                       0.00       0.00       0.00       0.01       256
 - FFT Plan                      0.85       0.87       0.84       0.86       384
 - FFT Exec                      3.56       3.57       3.56       3.59       384
 - FFT Mltply                    0.00       0.00       0.00       0.00       128
 - FFT Conjg                     0.00       0.00       0.00       0.00       128
 - FFT Get                       0.00       0.00       0.00       0.00       128
 - I/O TOTAL                     0.67       0.68       0.67       0.68         8
 - INPUT                         0.29       0.72       0.29       0.72         1
 - EPSCOPY                       0.61       0.61       0.61       0.61         1
 - FULLBZ                        0.00       0.00       0.00       0.00         2
 - VXC                           0.00       0.00       0.00       0.00         8
 - MTXEL_CH                      4.45       4.47       4.45       4.46        64
 - SUBGRP                        0.00       0.00       0.00       0.00         4
 - IRRBZ                         0.00       0.00       0.00       0.00         4
 - GMAP                          0.00       0.00       0.00       0.01        15
 - GENWF                         0.05       0.05       0.05       0.05        15
 - MTXEL                         2.39       2.46       2.40       2.46       240
 - MTXEL_COR TOT                 9.33       9.39       9.33       9.38       240
 - VCOUL                         0.57       0.60       0.57       0.60        15
 - EPSREAD                       0.04       0.07       0.03       0.06        15
 - INPUT_OUTER                   0.00       0.00       0.00       0.00         1
 - MTXEL COMM                    0.00       0.00       0.00       0.00        15
 - BARE X                        0.00       0.09       0.00       0.09       244
 - WF COMM                       0.01       0.02       0.01       0.02         4
 - INPUT (READ)                  0.00       0.00       0.00       0.01     16800
 - INPUT (WRITE)                 0.00       0.00       0.00       0.01       836
 - SUB-TRANSF TOT                0.00       0.00       0.00       0.00       240
 - M.COR INIT                    0.00       0.00       0.00       0.00       240
 - M.COR EPSINIT                 1.21       1.22       1.21       1.22       240
 - M.COR COMM                    1.22       1.42       1.22       1.43       960
 - M.COR SX+CH                   6.18       6.32       6.17       6.33     49920
 - READ NEPS                     0.00       0.43       0.00       0.43         1
 - EPSCOPY IO                    0.60       0.60       0.60       0.60         4
 - EQP LOOP TOTAL               16.97      16.98      16.97      16.98         4
 - TOTAL                        19.83      19.84      19.83      19.84         1
 
 Job Done
 
