
========================================================================
  COHSEX-JAX: Self-Energy Calculation
========================================================================
  Backend: GPU       Devices: 4  Mesh: 2×2  Processes: 4
  Device type: NVIDIA A100-SXM4-40GB
  XLA preallocate: false  mem_fraction: unset
========================================================================

  ISDF basis: 480 centroids
  FFT grid: 24×24×24   Cell volume: 270.11 a.u.³

    Memory estimate: peak 17.59 GB (budget 28.00 GB), bottleneck=zct
    Per-stage: fft=1.47  pair=4.85  zct=7.40  reshard=7.40  solve=4.06  gather=2.54 GB

  Chunked ISDF fitting:
    Band chunks: 60
    R chunks:    13824 (contiguous r-space)
    Q chunks:    64
    Pair mode:   spin_traced
    Zeta output: /pscratch/sd/j/jackm/lorrax_sandbox/runs/Si/00_si_4x4x4_60band/A_high_mem_ref/tmp/zeta_q.h5

  Zeta fitting: 1 r-chunks x 13824 r-points, 60 bands (60 left + 60 right), spin_traced
  Output: /pscratch/sd/j/jackm/lorrax_sandbox/runs/Si/00_si_4x4x4_60band/A_high_mem_ref/tmp/zeta_q.h5
  Left wfns:  (64, 60, 2, 480)
  Right wfns: (64, 60, 2, 480)
  Pseudobands normalization: 0 weighted, 0 zero-weight (skipped)
  Computing pair densities P_l, P_r (spin_traced)
/opt/jax/jax/_src/interpreters/mlir.py:1178: UserWarning: Some donated buffers were not usable: ShapedArray(complex128[64,240,240]).
See an explanation at https://jax.readthedocs.io/en/latest/faq.html#buffer-donation.
  warnings.warn("Some donated buffers were not usable:"
/opt/jax/jax/_src/interpreters/mlir.py:1178: UserWarning: Some donated buffers were not usable: ShapedArray(complex128[64,240,240]).
See an explanation at https://jax.readthedocs.io/en/latest/faq.html#buffer-donation.
  warnings.warn("Some donated buffers were not usable:"
/opt/jax/jax/_src/interpreters/mlir.py:1178: UserWarning: Some donated buffers were not usable: ShapedArray(complex128[64,240,240]).
See an explanation at https://jax.readthedocs.io/en/latest/faq.html#buffer-donation.
  warnings.warn("Some donated buffers were not usable:"
/opt/jax/jax/_src/interpreters/mlir.py:1178: UserWarning: Some donated buffers were not usable: ShapedArray(complex128[64,240,240]).
See an explanation at https://jax.readthedocs.io/en/latest/faq.html#buffer-donation.
  warnings.warn("Some donated buffers were not usable:"
  Computing L_q = chol(C_q) [memory_mode=auto]
  L_q: shape=(64, 480, 480)  mode=high_mem
/global/homes/j/jackm/software/lorrax_A/src/file_io/_slab_io_ffi.py:239: UserWarning: FFI backend: chunks/attrs on create_dataset currently no-op; pre-create with h5py if you need explicit chunking or attrs.
  warnings.warn(
  Caching G-space wavefunctions for r-chunk loop
/global/homes/j/jackm/software/lorrax_A/src/file_io/_slab_io_ffi.py:239: UserWarning: FFI backend: chunks/attrs on create_dataset currently no-op; pre-create with h5py if you need explicit chunking or attrs.
  warnings.warn(
/global/homes/j/jackm/software/lorrax_A/src/file_io/_slab_io_ffi.py:239: UserWarning: FFI backend: chunks/attrs on create_dataset currently no-op; pre-create with h5py if you need explicit chunking or attrs.
  warnings.warn(
/global/homes/j/jackm/software/lorrax_A/src/file_io/_slab_io_ffi.py:239: UserWarning: FFI backend: chunks/attrs on create_dataset currently no-op; pre-create with h5py if you need explicit chunking or attrs.
  warnings.warn(
  G-space cache: 1 band chunks (chunk_size=60, remainder=60)
/opt/jax/jax/_src/interpreters/mlir.py:1178: UserWarning: Some donated buffers were not usable: ShapedArray(complex128[64,240,6912]).
See an explanation at https://jax.readthedocs.io/en/latest/faq.html#buffer-donation.
  warnings.warn("Some donated buffers were not usable:"
/opt/jax/jax/_src/interpreters/mlir.py:1178: UserWarning: Some donated buffers were not usable: ShapedArray(complex128[64,240,6912]).
See an explanation at https://jax.readthedocs.io/en/latest/faq.html#buffer-donation.
  warnings.warn("Some donated buffers were not usable:"
/opt/jax/jax/_src/interpreters/mlir.py:1178: UserWarning: Some donated buffers were not usable: ShapedArray(complex128[64,240,6912]).
See an explanation at https://jax.readthedocs.io/en/latest/faq.html#buffer-donation.
  warnings.warn("Some donated buffers were not usable:"
/opt/jax/jax/_src/interpreters/mlir.py:1178: UserWarning: Some donated buffers were not usable: ShapedArray(complex128[64,240,6912]).
See an explanation at https://jax.readthedocs.io/en/latest/faq.html#buffer-donation.
  warnings.warn("Some donated buffers were not usable:"
Started zeta fitting at 10:50:35.
[ 10:50:35 | ██████████ | 100% ] r-chunk 1 / 1 · ETA 0 s
Finished zeta fitting at 10:50:35.  Elapsed: 0 s.
  [SlabIO.close] draining 1 pending writes for zeta_q.h5 …
  [SlabIO.close] Python dispatch drained in 5.8 s; joining writer thread
  [SlabIO.close] writer thread joined in 0.0 s; calling H5Fclose collectively
  [SlabIO.close] H5Fclose returned in 0.4 s
  Zeta output: /pscratch/sd/j/jackm/lorrax_sandbox/runs/Si/00_si_4x4x4_60band/A_high_mem_ref/tmp/zeta_q.h5  shape: (4,4,4,480,13824)
  Timing (1 r-chunks, 1.7s total):
    load     0.00s   0.0%
    pair     0.66s  37.5%
    ZCT      0.45s  25.8%
    solve    0.36s  20.8%
    H5       0.03s   2.0%
    V_q bare cutoff: 100.0 Ry (auto: 4·ecutwfc)
    V_q budget:    27.04 GB
    V_q mu chunks: 480
    V_q q batches: 4
  V_q: 64 q-points, batch=4, mu=480 (single chunk), overlapped H5 I/O
Started V_q computation at 10:50:42.
[ 10:50:42 | ░░░░░░░░░░ |   2% ] q-point  1 / 64 · ETA 0 s
[ 10:50:42 | █░░░░░░░░░ |   6% ] q-point  4 / 64 · ETA 0 s
[ 10:50:42 | █░░░░░░░░░ |  12% ] q-point  8 / 64 · ETA 2 s
[ 10:50:42 | ██░░░░░░░░ |  17% ] q-point 11 / 64 · ETA 2 s
[ 10:50:43 | ██░░░░░░░░ |  22% ] q-point 14 / 64 · ETA 3 s
[ 10:50:43 | ███░░░░░░░ |  28% ] q-point 18 / 64 · ETA 3 s
[ 10:50:43 | ███░░░░░░░ |  33% ] q-point 21 / 64 · ETA 3 s
[ 10:50:43 | ████░░░░░░ |  38% ] q-point 24 / 64 · ETA 2 s
[ 10:50:43 | ████░░░░░░ |  44% ] q-point 28 / 64 · ETA 2 s
[ 10:50:44 | █████░░░░░ |  48% ] q-point 31 / 64 · ETA 2 s
[ 10:50:44 | █████░░░░░ |  53% ] q-point 34 / 64 · ETA 2 s
[ 10:50:44 | ██████░░░░ |  58% ] q-point 37 / 64 · ETA 2 s
[ 10:50:45 | ██████░░░░ |  64% ] q-point 41 / 64 · ETA 2 s
[ 10:50:45 | ███████░░░ |  69% ] q-point 44 / 64 · ETA 1 s
[ 10:50:45 | ███████░░░ |  73% ] q-point 47 / 64 · ETA 1 s
[ 10:50:45 | ████████░░ |  80% ] q-point 51 / 64 · ETA 1 s
[ 10:50:46 | ████████░░ |  84% ] q-point 54 / 64 · ETA 1 s
[ 10:50:46 | █████████░ |  89% ] q-point 57 / 64 · ETA 1 s
[ 10:50:46 | ██████████ |  95% ] q-point 61 / 64 · ETA 0 s
[ 10:50:46 | ██████████ | 100% ] q-point 64 / 64 · ETA 0 s
Finished V_q computation at 10:50:46.  Elapsed: 4 s.

  V_q computed:
    Shape: (1, 1, 1, 4, 4, 4, 480, 480)
    V_q=0 trace: 5744861.8321
  Wavefunctions built (b0:b4=60 bands, 4 sharded copies: xn/xr/yr/yn)
  [SlabIO.close] draining 3 pending writes for isdf_tensors_480.h5 …
  [SlabIO.close] Python dispatch drained in 0.3 s; joining writer thread
  [SlabIO.close] writer thread joined in 0.0 s; calling H5Fclose collectively
  [SlabIO.close] H5Fclose returned in 0.4 s
  Chunked ISDF path complete
  Minimax static window: x=[4.973384e-02, 3.704181e+00] Ry, R=74.48, nodes=10, fit_err~6.434e-06
  |χ(0)|_max = 5.776708e-05  (minimax, 10 nodes)

------------------------------------------------------------------------
  FINITE-SIZE CORRECTIONS
------------------------------------------------------------------------
  Head source: s_tensor
  v(q→0)  =     3291.885 a.u.  (bare Coulomb head)
  W(q→0)  =      118.100 a.u.  (screened Coulomb head)
  ΔW      =    -3173.785 a.u.  (screening correction)

------------------------------------------------------------------------
  STATIC HEAD TERMS (exact COHSEX / BGW-style)
------------------------------------------------------------------------
  Head source: s_tensor
  v_h(q→0)           =  3291.885355 a.u.
  W_h(q→0, ω=0)      =   118.100047 a.u.
  W_h^c              = -3173.785307 a.u.
  Σ^X head (occ)     = -1.904270e-01 Ry
  Σ^SX head (occ)    = -6.831782e-03 Ry
  Σ^(SX-X) head(occ) = 1.835953e-01 Ry
  Σ^COH head (all)   = -9.179763e-02 Ry
2026-04-21 10:50:54.287786: E external/xla/xla/service/spmd/spmd_partitioner.cc:620] [spmd] Involuntary full rematerialization. The compiler was not able to go from sharding {devices=[4,1,1]<=[4]} to {devices=[1,2,2]<=[4]} without doing a full rematerialization of the tensor for HLO operation: %param = c128[16,480,480]{2,1,0} parameter(5), sharding={devices=[4,1,1]<=[4]}, metadata={op_name="W_q"}. You probably want to enrich the sharding annotations to prevent this from happening.
2026-04-21 10:50:57.131320: E external/xla/xla/service/spmd/spmd_partitioner.cc:620] [spmd] Involuntary full rematerialization. The compiler was not able to go from sharding {devices=[4,1,1]<=[4]} to {devices=[1,2,2]<=[4]} without doing a full rematerialization of the tensor for HLO operation: %param = c128[16,480,480]{2,1,0} parameter(5), sharding={devices=[4,1,1]<=[4]}, metadata={op_name="W_q"}. You probably want to enrich the sharding annotations to prevent this from happening.
2026-04-21 10:50:57.132355: E external/xla/xla/service/spmd/spmd_partitioner.cc:620] [spmd] Involuntary full rematerialization. The compiler was not able to go from sharding {devices=[4,1,1]<=[4]} to {devices=[1,2,2]<=[4]} without doing a full rematerialization of the tensor for HLO operation: %param = c128[16,480,480]{2,1,0} parameter(5), sharding={devices=[4,1,1]<=[4]}, metadata={op_name="W_q"}. You probably want to enrich the sharding annotations to prevent this from happening.
2026-04-21 10:50:57.208037: E external/xla/xla/service/spmd/spmd_partitioner.cc:620] [spmd] Involuntary full rematerialization. The compiler was not able to go from sharding {devices=[4,1,1]<=[4]} to {devices=[1,2,2]<=[4]} without doing a full rematerialization of the tensor for HLO operation: %param = c128[16,480,480]{2,1,0} parameter(5), sharding={devices=[4,1,1]<=[4]}, metadata={op_name="W_q"}. You probably want to enrich the sharding annotations to prevent this from happening.
2026-04-21 10:50:57.613658: E external/xla/xla/service/spmd/spmd_partitioner.cc:620] [spmd] Involuntary full rematerialization. The compiler was not able to go from sharding {devices=[1,2,2]<=[4]} to {devices=[4,1,1]<=[4]} without doing a full rematerialization of the tensor for HLO operation: %param = c128[64,240,240]{2,1,0} parameter(5), sharding={devices=[1,2,2]<=[4]}, metadata={op_name="V_q"}. You probably want to enrich the sharding annotations to prevent this from happening.
2026-04-21 10:50:57.613691: E external/xla/xla/service/spmd/spmd_partitioner.cc:620] [spmd] Involuntary full rematerialization. The compiler was not able to go from sharding {devices=[1,2,2]<=[4]} to {devices=[4,1,1]<=[4]} without doing a full rematerialization of the tensor for HLO operation: %param = c128[64,240,240]{2,1,0} parameter(5), sharding={devices=[1,2,2]<=[4]}, metadata={op_name="V_q"}. You probably want to enrich the sharding annotations to prevent this from happening.
2026-04-21 10:50:57.613718: E external/xla/xla/service/spmd/spmd_partitioner.cc:620] [spmd] Involuntary full rematerialization. The compiler was not able to go from sharding {devices=[4,1,1]<=[4]} to {devices=[1,2,2]<=[4]} without doing a full rematerialization of the tensor for HLO operation: %subtract.13 = c128[16,480,480]{2,1,0} subtract(%param, %dynamic-slice), sharding={devices=[4,1,1]<=[4]}, metadata={op_name="jit(sigma_coh)/jit(main)/sub" source_file="/global/homes/j/jackm/software/lorrax_A/src/gw/gw_jax.py" source_line=392}. You probably want to enrich the sharding annotations to prevent this from happening.
2026-04-21 10:50:57.613751: E external/xla/xla/service/spmd/spmd_partitioner.cc:620] [spmd] Involuntary full rematerialization. The compiler was not able to go from sharding {devices=[4,1,1]<=[4]} to {devices=[1,2,2]<=[4]} without doing a full rematerialization of the tensor for HLO operation: %subtract.13 = c128[16,480,480]{2,1,0} subtract(%param, %dynamic-slice), sharding={devices=[4,1,1]<=[4]}, metadata={op_name="jit(sigma_coh)/jit(main)/sub" source_file="/global/homes/j/jackm/software/lorrax_A/src/gw/gw_jax.py" source_line=392}. You probably want to enrich the sharding annotations to prevent this from happening.
2026-04-21 10:50:57.614559: E external/xla/xla/service/spmd/spmd_partitioner.cc:620] [spmd] Involuntary full rematerialization. The compiler was not able to go from sharding {devices=[1,2,2]<=[4]} to {devices=[4,1,1]<=[4]} without doing a full rematerialization of the tensor for HLO operation: %param = c128[64,240,240]{2,1,0} parameter(5), sharding={devices=[1,2,2]<=[4]}, metadata={op_name="V_q"}. You probably want to enrich the sharding annotations to prevent this from happening.
2026-04-21 10:50:57.614626: E external/xla/xla/service/spmd/spmd_partitioner.cc:620] [spmd] Involuntary full rematerialization. The compiler was not able to go from sharding {devices=[4,1,1]<=[4]} to {devices=[1,2,2]<=[4]} without doing a full rematerialization of the tensor for HLO operation: %subtract.13 = c128[16,480,480]{2,1,0} subtract(%param, %dynamic-slice), sharding={devices=[4,1,1]<=[4]}, metadata={op_name="jit(sigma_coh)/jit(main)/sub" source_file="/global/homes/j/jackm/software/lorrax_A/src/gw/gw_jax.py" source_line=392}. You probably want to enrich the sharding annotations to prevent this from happening.
2026-04-21 10:50:57.620166: E external/xla/xla/service/spmd/spmd_partitioner.cc:620] [spmd] Involuntary full rematerialization. The compiler was not able to go from sharding {devices=[1,2,2]<=[4]} to {devices=[4,1,1]<=[4]} without doing a full rematerialization of the tensor for HLO operation: %param = c128[64,240,240]{2,1,0} parameter(5), sharding={devices=[1,2,2]<=[4]}, metadata={op_name="V_q"}. You probably want to enrich the sharding annotations to prevent this from happening.
2026-04-21 10:50:57.620233: E external/xla/xla/service/spmd/spmd_partitioner.cc:620] [spmd] Involuntary full rematerialization. The compiler was not able to go from sharding {devices=[4,1,1]<=[4]} to {devices=[1,2,2]<=[4]} without doing a full rematerialization of the tensor for HLO operation: %subtract.13 = c128[16,480,480]{2,1,0} subtract(%param, %dynamic-slice), sharding={devices=[4,1,1]<=[4]}, metadata={op_name="jit(sigma_coh)/jit(main)/sub" source_file="/global/homes/j/jackm/software/lorrax_A/src/gw/gw_jax.py" source_line=392}. You probably want to enrich the sharding annotations to prevent this from happening.
  Bare Σ_X diagonal (eV), k=0: -17.4120  -17.4120  -12.8937  -12.8937  -12.8752  -12.8770  -12.8758  -12.8772

  Output: /pscratch/sd/j/jackm/lorrax_sandbox/runs/Si/00_si_4x4x4_60band/A_high_mem_ref/eqp0.dat
  Restart:  /pscratch/sd/j/jackm/lorrax_sandbox/runs/Si/00_si_4x4x4_60band/A_high_mem_ref/tmp/isdf_tensors_480.h5

--- Timing ---
Total recorded: 24.782 s
Section                                            Count    Total[s]     Self[s]      %
gw_jax.zeta_fit_chunked                                1      11.948       0.027   48.2
  zeta_fit.load_wfns                                   1       2.139       2.006    8.6
    load_wfns.precompute_owned                         1       0.000       0.000    0.0
    load_wfns.k_loop                                   1       0.024       0.024    0.1
    load_wfns.scatter                                  1       0.038       0.038    0.2
    load_wfns.make_global_array                        1       0.070       0.070    0.3
  zeta_fit.CCT                                         1       0.452       0.452    1.8
  zeta_fit.cholesky                                    1       1.269       1.269    5.1
  zeta_fit.gc_pre_chunk_loop                           1       0.054       0.054    0.2
  zeta_fit.open_file                                   1       0.077       0.077    0.3
  zeta_fit.cache_gspace                                1       0.064       0.000    0.3
    load_wfns.precompute_owned                         1       0.000       0.000    0.0
    load_wfns.k_loop                                   1       0.024       0.024    0.1
    load_wfns.scatter                                  1       0.038       0.038    0.2
    load_wfns.make_global_array                        1       0.002       0.002    0.0
  zeta_fit.chunk_loop                                  1       1.740       0.236    7.0
    zeta_fit.chunk.load_and_pair_density               1       0.656       0.656    2.6
    zeta_fit.chunk.ZCT                                 1       0.451       0.451    1.8
    zeta_fit.chunk.solve                               1       0.363       0.363    1.5
    zeta_fit.chunk.h5_write                            1       0.034       0.034    0.1
  zeta_fit.close_io                                    1       6.124       6.124   24.7
  zeta_fit.sync_global                                 1       0.002       0.002    0.0
gw_jax.V_q_compute                                     1       6.627       1.743   26.7
  compute_all_V_q                                      1       4.884       4.884   19.7
gw_jax.wavefunction_setup                              1       0.029       0.029    0.1
gw_jax.chi0_W                                          1       1.835       1.835    7.4
gw_jax.sigma                                           1       4.344       4.344   17.5
