
========================================================================
  COHSEX-JAX: Self-Energy Calculation
========================================================================
  Backend: GPU       Devices: 4  Mesh: 2×2  Processes: 4
  Device type: NVIDIA A100-SXM4-80GB
  XLA preallocate: unset  mem_fraction: 0.95
  XLA pool: limit=80.84 GB, in_use=0.00 GB, avail=80.84 GB
========================================================================

  ISDF basis: 2000 centroids
  FFT grid: 36×36×36   Cell volume: 270.11 a.u.³

  BGW vcoul override: loading /pscratch/sd/j/jackm/lorrax_sandbox/runs/Si_pseudobands/00_si_2x2x2_60Ry/cohsex_sweep4/v1_k6_28w_s0/bgw_vcoul.txt
    6 unique q-points, G counts per q: [2109, 2120, 2100, 2120, 2100, 2120]
    crystal sym ops loaded from /pscratch/sd/j/jackm/lorrax_sandbox/runs/Si_pseudobands/00_si_2x2x2_60Ry/cohsex_sweep4/v1_k6_28w_s0/sym_wfn.h5: 48
    Memory estimate: peak 23.98 GB (budget 28.00 GB), bottleneck=zct
    Per-stage: fft=2.28  pair=8.02  zct=12.79  reshard=12.79  solve=7.77  gather=7.19 GB

  Chunked ISDF fitting:
    Band chunks: 202
    R chunks:    46656 (contiguous r-space)
    Q chunks:    8
    Pair mode:   spin_traced
    Zeta output: /pscratch/sd/j/jackm/lorrax_sandbox/runs/Si_pseudobands/00_si_2x2x2_60Ry/cohsex_sweep4/v1_k6_28w_s0/tmp/zeta_q.h5

  Zeta fitting: 1 r-chunks x 46656 r-points, 202 bands (16 left + 202 right), spin_traced
  Output: /pscratch/sd/j/jackm/lorrax_sandbox/runs/Si_pseudobands/00_si_2x2x2_60Ry/cohsex_sweep4/v1_k6_28w_s0/tmp/zeta_q.h5
  Left wfns:  (8, 16, 2, 2000)
  Right wfns: (8, 202, 2, 2000)
  Pseudobands normalization: 156 weighted, 0 zero-weight (skipped)
  Computing pair densities P_l, P_r (spin_traced)
  Computing L_q = chol(C_q)
  L_q: (8, 2000, 2000)
  Caching G-space wavefunctions for r-chunk loop
  G-space cache: 1 band chunks
Started zeta fitting at 16:23:38.
[ 16:23:38 | ██████████ | 100% ] r-chunk 1 / 1 · ETA 0 s
Finished zeta fitting at 16:23:38.  Elapsed: 0 s.
  Zeta output: /pscratch/sd/j/jackm/lorrax_sandbox/runs/Si_pseudobands/00_si_2x2x2_60Ry/cohsex_sweep4/v1_k6_28w_s0/tmp/zeta_q.h5  shape: (2,2,2,2000,46656)
  Timing (1 r-chunks, 10.9s total):
    load     1.53s  14.0%
    pair     0.04s   0.3%
    ZCT      0.50s   4.6%
    solve    0.76s   7.0%
    H5       7.77s  71.4%
    GPU high-water mark: 13.50 GB / 28.00 GB budget (48%)
    V_q budget:    27.05 GB
    V_q mu chunks: 2000
    V_q q batches: 4
    V_q bare cutoff: 60.0 Ry
  V_q: 8 q-points, batch=4, mu=2000 (single chunk), overlapped H5 I/O
Started V_q computation at 16:23:57.
[ 16:23:57 | █░░░░░░░░░ |  12% ] q-point 1 / 8 · ETA 0 s
[ 16:23:57 | ██░░░░░░░░ |  25% ] q-point 2 / 8 · ETA 0 s
[ 16:23:57 | ████░░░░░░ |  38% ] q-point 3 / 8 · ETA 0 s
[ 16:23:57 | █████░░░░░ |  50% ] q-point 4 / 8 · ETA 0 s
[ 16:23:59 | ██████░░░░ |  62% ] q-point 5 / 8 · ETA 1 s
[ 16:23:59 | ████████░░ |  75% ] q-point 6 / 8 · ETA 1 s
[ 16:23:59 | █████████░ |  88% ] q-point 7 / 8 · ETA 0 s
[ 16:23:59 | ██████████ | 100% ] q-point 8 / 8 · ETA 0 s
Finished V_q computation at 16:23:59.  Elapsed: 2 s.

  V_q computed:
    Shape: (1, 1, 1, 2, 2, 2, 2000, 2000)
    V_q=0 trace: 59370458.2903
  Wavefunctions built (b0:b4=202 bands, 4 sharded copies: xn/xr/yr/yn)
  Chunked ISDF path complete
  Minimax static window: x=[4.958707e-02, 5.849925e+01] Ry, R=1179.73, nodes=13, fit_err~9.508e-06
  |χ(0)|_max = 7.532896e-06  (minimax, 13 nodes)

------------------------------------------------------------------------
  FINITE-SIZE CORRECTIONS
------------------------------------------------------------------------
  Head source: override
  v(q→0)  =      825.937 a.u.  (bare Coulomb head)
  W(q→0)  =       17.128 a.u.  (screened Coulomb head)
  ΔW      =     -808.809 a.u.  (screening correction)

------------------------------------------------------------------------
  STATIC HEAD TERMS (exact COHSEX / BGW-style)
------------------------------------------------------------------------
  Head source: override
  v_h(q→0)           =   825.937000 a.u.
  W_h(q→0, ω=0)      =    17.128000 a.u.
  W_h^c              =  -808.809000 a.u.
  Σ^X head (occ)     = -3.822265e-01 Ry
  Σ^SX head (occ)    = -7.926484e-03 Ry
  Σ^(SX-X) head(occ) = 3.743001e-01 Ry
  Σ^COH head (all)   = -1.871500e-01 Ry
2026-04-17 16:24:08.920534: E external/xla/xla/service/spmd/spmd_partitioner.cc:620] [spmd] Involuntary full rematerialization. The compiler was not able to go from sharding {devices=[4,1,1]<=[4]} to {devices=[1,2,2]<=[4]} without doing a full rematerialization of the tensor for HLO operation: %param = c128[2,2000,2000]{2,1,0} parameter(5), sharding={devices=[4,1,1]<=[4]}, metadata={op_name="W_q"}. You probably want to enrich the sharding annotations to prevent this from happening.
2026-04-17 16:24:08.920533: E external/xla/xla/service/spmd/spmd_partitioner.cc:620] [spmd] Involuntary full rematerialization. The compiler was not able to go from sharding {devices=[4,1,1]<=[4]} to {devices=[1,2,2]<=[4]} without doing a full rematerialization of the tensor for HLO operation: %param = c128[2,2000,2000]{2,1,0} parameter(5), sharding={devices=[4,1,1]<=[4]}, metadata={op_name="W_q"}. You probably want to enrich the sharding annotations to prevent this from happening.
2026-04-17 16:24:08.920596: E external/xla/xla/service/spmd/spmd_partitioner.cc:620] [spmd] Involuntary full rematerialization. The compiler was not able to go from sharding {devices=[4,1,1]<=[4]} to {devices=[1,2,2]<=[4]} without doing a full rematerialization of the tensor for HLO operation: %param = c128[2,2000,2000]{2,1,0} parameter(5), sharding={devices=[4,1,1]<=[4]}, metadata={op_name="W_q"}. You probably want to enrich the sharding annotations to prevent this from happening.
2026-04-17 16:24:08.920597: E external/xla/xla/service/spmd/spmd_partitioner.cc:620] [spmd] Involuntary full rematerialization. The compiler was not able to go from sharding {devices=[4,1,1]<=[4]} to {devices=[1,2,2]<=[4]} without doing a full rematerialization of the tensor for HLO operation: %param = c128[2,2000,2000]{2,1,0} parameter(5), sharding={devices=[4,1,1]<=[4]}, metadata={op_name="W_q"}. You probably want to enrich the sharding annotations to prevent this from happening.
2026-04-17 16:24:09.564387: E external/xla/xla/service/spmd/spmd_partitioner.cc:620] [spmd] Involuntary full rematerialization. The compiler was not able to go from sharding {devices=[1,2,2]<=[4]} to {devices=[4,1,1]<=[4]} without doing a full rematerialization of the tensor for HLO operation: %param = c128[8,1000,1000]{2,1,0} parameter(5), sharding={devices=[1,2,2]<=[4]}, metadata={op_name="V_q"}. You probably want to enrich the sharding annotations to prevent this from happening.
2026-04-17 16:24:09.564387: E external/xla/xla/service/spmd/spmd_partitioner.cc:620] [spmd] Involuntary full rematerialization. The compiler was not able to go from sharding {devices=[1,2,2]<=[4]} to {devices=[4,1,1]<=[4]} without doing a full rematerialization of the tensor for HLO operation: %param = c128[8,1000,1000]{2,1,0} parameter(5), sharding={devices=[1,2,2]<=[4]}, metadata={op_name="V_q"}. You probably want to enrich the sharding annotations to prevent this from happening.
2026-04-17 16:24:09.564481: E external/xla/xla/service/spmd/spmd_partitioner.cc:620] [spmd] Involuntary full rematerialization. The compiler was not able to go from sharding {devices=[4,1,1]<=[4]} to {devices=[1,2,2]<=[4]} without doing a full rematerialization of the tensor for HLO operation: %subtract.15 = c128[2,2000,2000]{2,1,0} subtract(%param, %dynamic-slice), sharding={devices=[4,1,1]<=[4]}, metadata={op_name="jit(sigma_coh)/jit(main)/sub" source_file="/global/homes/j/jackm/software/lorrax_A/src/gw/gw_jax.py" source_line=358}. You probably want to enrich the sharding annotations to prevent this from happening.
2026-04-17 16:24:09.564480: E external/xla/xla/service/spmd/spmd_partitioner.cc:620] [spmd] Involuntary full rematerialization. The compiler was not able to go from sharding {devices=[4,1,1]<=[4]} to {devices=[1,2,2]<=[4]} without doing a full rematerialization of the tensor for HLO operation: %subtract.15 = c128[2,2000,2000]{2,1,0} subtract(%param, %dynamic-slice), sharding={devices=[4,1,1]<=[4]}, metadata={op_name="jit(sigma_coh)/jit(main)/sub" source_file="/global/homes/j/jackm/software/lorrax_A/src/gw/gw_jax.py" source_line=358}. You probably want to enrich the sharding annotations to prevent this from happening.
2026-04-17 16:24:09.564630: E external/xla/xla/service/spmd/spmd_partitioner.cc:620] [spmd] Involuntary full rematerialization. The compiler was not able to go from sharding {devices=[1,2,2]<=[4]} to {devices=[4,1,1]<=[4]} without doing a full rematerialization of the tensor for HLO operation: %param = c128[8,1000,1000]{2,1,0} parameter(5), sharding={devices=[1,2,2]<=[4]}, metadata={op_name="V_q"}. You probably want to enrich the sharding annotations to prevent this from happening.
2026-04-17 16:24:09.564605: E external/xla/xla/service/spmd/spmd_partitioner.cc:620] [spmd] Involuntary full rematerialization. The compiler was not able to go from sharding {devices=[1,2,2]<=[4]} to {devices=[4,1,1]<=[4]} without doing a full rematerialization of the tensor for HLO operation: %param = c128[8,1000,1000]{2,1,0} parameter(5), sharding={devices=[1,2,2]<=[4]}, metadata={op_name="V_q"}. You probably want to enrich the sharding annotations to prevent this from happening.
2026-04-17 16:24:09.564697: E external/xla/xla/service/spmd/spmd_partitioner.cc:620] [spmd] Involuntary full rematerialization. The compiler was not able to go from sharding {devices=[4,1,1]<=[4]} to {devices=[1,2,2]<=[4]} without doing a full rematerialization of the tensor for HLO operation: %subtract.15 = c128[2,2000,2000]{2,1,0} subtract(%param, %dynamic-slice), sharding={devices=[4,1,1]<=[4]}, metadata={op_name="jit(sigma_coh)/jit(main)/sub" source_file="/global/homes/j/jackm/software/lorrax_A/src/gw/gw_jax.py" source_line=358}. You probably want to enrich the sharding annotations to prevent this from happening.
2026-04-17 16:24:09.564713: E external/xla/xla/service/spmd/spmd_partitioner.cc:620] [spmd] Involuntary full rematerialization. The compiler was not able to go from sharding {devices=[4,1,1]<=[4]} to {devices=[1,2,2]<=[4]} without doing a full rematerialization of the tensor for HLO operation: %subtract.15 = c128[2,2000,2000]{2,1,0} subtract(%param, %dynamic-slice), sharding={devices=[4,1,1]<=[4]}, metadata={op_name="jit(sigma_coh)/jit(main)/sub" source_file="/global/homes/j/jackm/software/lorrax_A/src/gw/gw_jax.py" source_line=358}. You probably want to enrich the sharding annotations to prevent this from happening.
  Bare Σ_X diagonal (eV), k=0: -17.0483  -17.0483  -14.0291  -14.0292  -14.0163  -14.0152  -14.0157  -14.0149

  Output: /pscratch/sd/j/jackm/lorrax_sandbox/runs/Si_pseudobands/00_si_2x2x2_60Ry/cohsex_sweep4/v1_k6_28w_s0/eqp0_noqsym.dat
  Restart:  /pscratch/sd/j/jackm/lorrax_sandbox/runs/Si_pseudobands/00_si_2x2x2_60Ry/cohsex_sweep4/v1_k6_28w_s0/tmp/isdf_tensors_2000.h5

--- Timing ---
Total recorded: 46.083 s
Section                                            Count    Total[s]     Self[s]      %
gw_jax.zeta_fit_chunked                                1      31.168      12.230   67.6
  zeta_fit.load_wfns                                   1       4.561       4.209    9.9
    load_wfns.precompute_owned                         1       0.000       0.000    0.0
    load_wfns.k_loop                                   1       0.036       0.036    0.1
    load_wfns.scatter                                  1       0.089       0.089    0.2
    load_wfns.make_global_array                        1       0.227       0.227    0.5
  zeta_fit.CCT                                         1       1.031       1.031    2.2
  zeta_fit.cholesky                                    1       2.327       2.327    5.0
  zeta_fit.cache_gspace                                1       0.143       0.000    0.3
    load_wfns.precompute_owned                         1       0.000       0.000    0.0
    load_wfns.k_loop                                   1       0.036       0.036    0.1
    load_wfns.scatter                                  1       0.090       0.090    0.2
    load_wfns.make_global_array                        1       0.017       0.017    0.0
  zeta_fit.chunk_loop                                  1      10.876       0.283   23.6
    zeta_fit.chunk.load                                1       1.528       1.528    3.3
    zeta_fit.chunk.pair_density                        1       0.037       0.037    0.1
    zeta_fit.chunk.ZCT                                 1       0.502       0.502    1.1
    zeta_fit.chunk.solve                               1       0.758       0.758    1.6
    zeta_fit.chunk.h5_write                            1       7.768       7.768   16.9
gw_jax.V_q_compute                                     1       8.562       1.689   18.6
  compute_all_V_q                                      1       6.874       6.874   14.9
gw_jax.wavefunction_setup                              1       1.639       1.639    3.6
gw_jax.chi0_W                                          1       2.634       2.634    5.7
gw_jax.sigma                                           1       2.079       2.079    4.5
