[lxrun] JID 52600363 · 4 nodes · 2:27:33 left · 4/4 free · incoming: lx-D
  1  nid008244  free   —              —      —  ← starting lx-D  python3 -u -m gw.gw_jax 
  2  nid008625  free   —              —      —  ← starting lx-D  python3 -u -m gw.gw_jax 
  3  nid008628  free   —              —      —  ← starting lx-D  python3 -u -m gw.gw_jax 
  4  nid008629  free   —              —      —  ← starting lx-D  python3 -u -m gw.gw_jax 

========================================================================
  COHSEX-JAX: Self-Energy Calculation
========================================================================
  Backend: GPU       Devices: 16  Mesh: 4×4  Processes: 16
  Device type: NVIDIA A100-SXM4-80GB
  XLA preallocate: false  mem_fraction: unset
========================================================================

  ISDF basis: 1500 centroids
  FFT grid: 75×75×200   Cell volume: 4960.60 a.u.³

    K-point chunking: 14 k-pts per FFT batch (total 36)
  K-point chunking: 2 chunks of 18 (total 36 k-points)
    K-point chunking: 14 k-pts per FFT batch (total 36)
    K-point chunking: 14 k-pts per FFT batch (total 36)
  K-point chunking: 2 chunks of 18 (total 36 k-points)
  K-point chunking: 2 chunks of 18 (total 36 k-points)
    K-point chunking: 14 k-pts per FFT batch (total 36)
  K-point chunking: 2 chunks of 18 (total 36 k-points)
    K-point chunking: 14 k-pts per FFT batch (total 36)
    K-point chunking: 14 k-pts per FFT batch (total 36)
  K-point chunking: 2 chunks of 18 (total 36 k-points)
  K-point chunking: 2 chunks of 18 (total 36 k-points)
    K-point chunking: 14 k-pts per FFT batch (total 36)
  K-point chunking: 2 chunks of 18 (total 36 k-points)
    K-point chunking: 14 k-pts per FFT batch (total 36)
  K-point chunking: 2 chunks of 18 (total 36 k-points)
    K-point chunking: 14 k-pts per FFT batch (total 36)
  K-point chunking: 2 chunks of 18 (total 36 k-points)
    K-point chunking: 14 k-pts per FFT batch (total 36)
  K-point chunking: 2 chunks of 18 (total 36 k-points)
    K-point chunking: 14 k-pts per FFT batch (total 36)
  K-point chunking: 2 chunks of 18 (total 36 k-points)
    K-point chunking: 14 k-pts per FFT batch (total 36)
  K-point chunking: 2 chunks of 18 (total 36 k-points)
    K-point chunking: 14 k-pts per FFT batch (total 36)
  K-point chunking: 2 chunks of 18 (total 36 k-points)
    K-point chunking: 14 k-pts per FFT batch (total 36)
  K-point chunking: 2 chunks of 18 (total 36 k-points)
    K-point chunking: 14 k-pts per FFT batch (total 36)
  K-point chunking: 2 chunks of 18 (total 36 k-points)
    K-point chunking: 14 k-pts per FFT batch (total 36)
  K-point chunking: 2 chunks of 18 (total 36 k-points)
    Memory estimate: peak 41.22 GB (budget 30.00 GB), bottleneck=fft
    Per-stage: fft=41.22  zct=19.52  reshard=11.96  solve=8.50  gather=7.86 GB
    AOT fit_one_rchunk peak (driver-level): 17.53 GB

  Chunked ISDF fitting:
    Band chunks: 48
    R chunks:    70000 (contiguous r-space)
    Q chunks:    36
    Zeta output: /pscratch/sd/j/jackm/lorrax_sandbox/runs/CrI3/B_bispinor_repair_80gb_2026-05-06/tmp/zeta_q.h5

  Zeta fitting: 17 r-chunks x 70000 r-points, 160 bands (150 left + 160 right)
  Output: /pscratch/sd/j/jackm/lorrax_sandbox/runs/CrI3/B_bispinor_repair_80gb_2026-05-06/tmp/zeta_q.h5
  Left wfns:  (36, 150, 4, 1500)
  Right wfns: (36, 160, 4, 1500)
  Pseudobands normalization: 0 weighted, 0 zero-weight (skipped)
  Computing pair densities P_l, P_r (spin_traced)
/opt/jax/jax/_src/interpreters/mlir.py:1178: UserWarning: Some donated buffers were not usable: ShapedArray(complex128[36,375,375]).
See an explanation at https://jax.readthedocs.io/en/latest/faq.html#buffer-donation.
  warnings.warn("Some donated buffers were not usable:"
  Computing L_q = chol(C_q)

  Zeta fitting: 17 r-chunks x 70000 r-points, 160 bands (150 left + 160 right)
  Output: /pscratch/sd/j/jackm/lorrax_sandbox/runs/CrI3/B_bispinor_repair_80gb_2026-05-06/tmp/zeta_q.h5

  Zeta fitting: 17 r-chunks x 70000 r-points, 160 bands (150 left + 160 right)
  Output: /pscratch/sd/j/jackm/lorrax_sandbox/runs/CrI3/B_bispinor_repair_80gb_2026-05-06/tmp/zeta_q.h5

  Zeta fitting: 17 r-chunks x 70000 r-points, 160 bands (150 left + 160 right)
  Output: /pscratch/sd/j/jackm/lorrax_sandbox/runs/CrI3/B_bispinor_repair_80gb_2026-05-06/tmp/zeta_q.h5

  Zeta fitting: 17 r-chunks x 70000 r-points, 160 bands (150 left + 160 right)
  Output: /pscratch/sd/j/jackm/lorrax_sandbox/runs/CrI3/B_bispinor_repair_80gb_2026-05-06/tmp/zeta_q.h5

  Zeta fitting: 17 r-chunks x 70000 r-points, 160 bands (150 left + 160 right)
  Output: /pscratch/sd/j/jackm/lorrax_sandbox/runs/CrI3/B_bispinor_repair_80gb_2026-05-06/tmp/zeta_q.h5

  Zeta fitting: 17 r-chunks x 70000 r-points, 160 bands (150 left + 160 right)
  Output: /pscratch/sd/j/jackm/lorrax_sandbox/runs/CrI3/B_bispinor_repair_80gb_2026-05-06/tmp/zeta_q.h5

  Zeta fitting: 17 r-chunks x 70000 r-points, 160 bands (150 left + 160 right)
  Output: /pscratch/sd/j/jackm/lorrax_sandbox/runs/CrI3/B_bispinor_repair_80gb_2026-05-06/tmp/zeta_q.h5

  Zeta fitting: 17 r-chunks x 70000 r-points, 160 bands (150 left + 160 right)
  Output: /pscratch/sd/j/jackm/lorrax_sandbox/runs/CrI3/B_bispinor_repair_80gb_2026-05-06/tmp/zeta_q.h5

  Zeta fitting: 17 r-chunks x 70000 r-points, 160 bands (150 left + 160 right)
  Output: /pscratch/sd/j/jackm/lorrax_sandbox/runs/CrI3/B_bispinor_repair_80gb_2026-05-06/tmp/zeta_q.h5

  Zeta fitting: 17 r-chunks x 70000 r-points, 160 bands (150 left + 160 right)
  Output: /pscratch/sd/j/jackm/lorrax_sandbox/runs/CrI3/B_bispinor_repair_80gb_2026-05-06/tmp/zeta_q.h5

  Zeta fitting: 17 r-chunks x 70000 r-points, 160 bands (150 left + 160 right)
  Output: /pscratch/sd/j/jackm/lorrax_sandbox/runs/CrI3/B_bispinor_repair_80gb_2026-05-06/tmp/zeta_q.h5

  Zeta fitting: 17 r-chunks x 70000 r-points, 160 bands (150 left + 160 right)
  Output: /pscratch/sd/j/jackm/lorrax_sandbox/runs/CrI3/B_bispinor_repair_80gb_2026-05-06/tmp/zeta_q.h5

  Zeta fitting: 17 r-chunks x 70000 r-points, 160 bands (150 left + 160 right)
  Output: /pscratch/sd/j/jackm/lorrax_sandbox/runs/CrI3/B_bispinor_repair_80gb_2026-05-06/tmp/zeta_q.h5

  Zeta fitting: 17 r-chunks x 70000 r-points, 160 bands (150 left + 160 right)
  Output: /pscratch/sd/j/jackm/lorrax_sandbox/runs/CrI3/B_bispinor_repair_80gb_2026-05-06/tmp/zeta_q.h5

  Zeta fitting: 17 r-chunks x 70000 r-points, 160 bands (150 left + 160 right)
  Output: /pscratch/sd/j/jackm/lorrax_sandbox/runs/CrI3/B_bispinor_repair_80gb_2026-05-06/tmp/zeta_q.h5
  Left wfns:  (36, 150, 4, 1500)
  Right wfns: (36, 160, 4, 1500)
  Left wfns:  (36, 150, 4, 1500)
  Right wfns: (36, 160, 4, 1500)
  Left wfns:  (36, 150, 4, 1500)
  Right wfns: (36, 160, 4, 1500)
  Left wfns:  (36, 150, 4, 1500)
  Right wfns: (36, 160, 4, 1500)
  Left wfns:  (36, 150, 4, 1500)
  Right wfns: (36, 160, 4, 1500)
  Left wfns:  (36, 150, 4, 1500)
  Right wfns: (36, 160, 4, 1500)
  Left wfns:  (36, 150, 4, 1500)
  Right wfns: (36, 160, 4, 1500)
  Left wfns:  (36, 150, 4, 1500)
  Right wfns: (36, 160, 4, 1500)
  Left wfns:  (36, 150, 4, 1500)
  Right wfns: (36, 160, 4, 1500)
  Left wfns:  (36, 150, 4, 1500)
  Right wfns: (36, 160, 4, 1500)
  Left wfns:  (36, 150, 4, 1500)
  Right wfns: (36, 160, 4, 1500)
  Left wfns:  (36, 150, 4, 1500)
  Right wfns: (36, 160, 4, 1500)
  Left wfns:  (36, 150, 4, 1500)
  Right wfns: (36, 160, 4, 1500)
  Left wfns:  (36, 150, 4, 1500)
  Right wfns: (36, 160, 4, 1500)
  Left wfns:  (36, 150, 4, 1500)
  Right wfns: (36, 160, 4, 1500)
  Pseudobands normalization: 0 weighted, 0 zero-weight (skipped)
  Computing pair densities P_l, P_r (spin_traced)
  Pseudobands normalization: 0 weighted, 0 zero-weight (skipped)
  Computing pair densities P_l, P_r (spin_traced)
  Pseudobands normalization: 0 weighted, 0 zero-weight (skipped)
  Computing pair densities P_l, P_r (spin_traced)
  Pseudobands normalization: 0 weighted, 0 zero-weight (skipped)
  Computing pair densities P_l, P_r (spin_traced)
  Pseudobands normalization: 0 weighted, 0 zero-weight (skipped)
  Computing pair densities P_l, P_r (spin_traced)
  Pseudobands normalization: 0 weighted, 0 zero-weight (skipped)
  Computing pair densities P_l, P_r (spin_traced)
  Pseudobands normalization: 0 weighted, 0 zero-weight (skipped)
  Computing pair densities P_l, P_r (spin_traced)
  Pseudobands normalization: 0 weighted, 0 zero-weight (skipped)
  Computing pair densities P_l, P_r (spin_traced)
  Pseudobands normalization: 0 weighted, 0 zero-weight (skipped)
  Computing pair densities P_l, P_r (spin_traced)
  Pseudobands normalization: 0 weighted, 0 zero-weight (skipped)
  Computing pair densities P_l, P_r (spin_traced)
  Pseudobands normalization: 0 weighted, 0 zero-weight (skipped)
  Computing pair densities P_l, P_r (spin_traced)
  Pseudobands normalization: 0 weighted, 0 zero-weight (skipped)
  Computing pair densities P_l, P_r (spin_traced)
  Pseudobands normalization: 0 weighted, 0 zero-weight (skipped)
  Computing pair densities P_l, P_r (spin_traced)
  Pseudobands normalization: 0 weighted, 0 zero-weight (skipped)
  Computing pair densities P_l, P_r (spin_traced)
  Pseudobands normalization: 0 weighted, 0 zero-weight (skipped)
  Computing pair densities P_l, P_r (spin_traced)
/opt/jax/jax/_src/interpreters/mlir.py:1178: UserWarning: Some donated buffers were not usable: ShapedArray(complex128[36,375,375]).
See an explanation at https://jax.readthedocs.io/en/latest/faq.html#buffer-donation.
  warnings.warn("Some donated buffers were not usable:"
/opt/jax/jax/_src/interpreters/mlir.py:1178: UserWarning: Some donated buffers were not usable: ShapedArray(complex128[36,375,375]).
See an explanation at https://jax.readthedocs.io/en/latest/faq.html#buffer-donation.
  warnings.warn("Some donated buffers were not usable:"
/opt/jax/jax/_src/interpreters/mlir.py:1178: UserWarning: Some donated buffers were not usable: ShapedArray(complex128[36,375,375]).
See an explanation at https://jax.readthedocs.io/en/latest/faq.html#buffer-donation.
  warnings.warn("Some donated buffers were not usable:"
/opt/jax/jax/_src/interpreters/mlir.py:1178: UserWarning: Some donated buffers were not usable: ShapedArray(complex128[36,375,375]).
See an explanation at https://jax.readthedocs.io/en/latest/faq.html#buffer-donation.
  warnings.warn("Some donated buffers were not usable:"
/opt/jax/jax/_src/interpreters/mlir.py:1178: UserWarning: Some donated buffers were not usable: ShapedArray(complex128[36,375,375]).
See an explanation at https://jax.readthedocs.io/en/latest/faq.html#buffer-donation.
  warnings.warn("Some donated buffers were not usable:"
/opt/jax/jax/_src/interpreters/mlir.py:1178: UserWarning: Some donated buffers were not usable: ShapedArray(complex128[36,375,375]).
See an explanation at https://jax.readthedocs.io/en/latest/faq.html#buffer-donation.
  warnings.warn("Some donated buffers were not usable:"
/opt/jax/jax/_src/interpreters/mlir.py:1178: UserWarning: Some donated buffers were not usable: ShapedArray(complex128[36,375,375]).
See an explanation at https://jax.readthedocs.io/en/latest/faq.html#buffer-donation.
  warnings.warn("Some donated buffers were not usable:"
/opt/jax/jax/_src/interpreters/mlir.py:1178: UserWarning: Some donated buffers were not usable: ShapedArray(complex128[36,375,375]).
See an explanation at https://jax.readthedocs.io/en/latest/faq.html#buffer-donation.
  warnings.warn("Some donated buffers were not usable:"
/opt/jax/jax/_src/interpreters/mlir.py:1178: UserWarning: Some donated buffers were not usable: ShapedArray(complex128[36,375,375]).
See an explanation at https://jax.readthedocs.io/en/latest/faq.html#buffer-donation.
  warnings.warn("Some donated buffers were not usable:"
/opt/jax/jax/_src/interpreters/mlir.py:1178: UserWarning: Some donated buffers were not usable: ShapedArray(complex128[36,375,375]).
See an explanation at https://jax.readthedocs.io/en/latest/faq.html#buffer-donation.
  warnings.warn("Some donated buffers were not usable:"
/opt/jax/jax/_src/interpreters/mlir.py:1178: UserWarning: Some donated buffers were not usable: ShapedArray(complex128[36,375,375]).
See an explanation at https://jax.readthedocs.io/en/latest/faq.html#buffer-donation.
  warnings.warn("Some donated buffers were not usable:"
/opt/jax/jax/_src/interpreters/mlir.py:1178: UserWarning: Some donated buffers were not usable: ShapedArray(complex128[36,375,375]).
See an explanation at https://jax.readthedocs.io/en/latest/faq.html#buffer-donation.
  warnings.warn("Some donated buffers were not usable:"
/opt/jax/jax/_src/interpreters/mlir.py:1178: UserWarning: Some donated buffers were not usable: ShapedArray(complex128[36,375,375]).
See an explanation at https://jax.readthedocs.io/en/latest/faq.html#buffer-donation.
  warnings.warn("Some donated buffers were not usable:"
/opt/jax/jax/_src/interpreters/mlir.py:1178: UserWarning: Some donated buffers were not usable: ShapedArray(complex128[36,375,375]).
See an explanation at https://jax.readthedocs.io/en/latest/faq.html#buffer-donation.
  warnings.warn("Some donated buffers were not usable:"
/opt/jax/jax/_src/interpreters/mlir.py:1178: UserWarning: Some donated buffers were not usable: ShapedArray(complex128[36,375,375]).
See an explanation at https://jax.readthedocs.io/en/latest/faq.html#buffer-donation.
  warnings.warn("Some donated buffers were not usable:"
  Computing L_q = chol(C_q)
  Computing L_q = chol(C_q)
  Computing L_q = chol(C_q)
  Computing L_q = chol(C_q)
  Computing L_q = chol(C_q)
  Computing L_q = chol(C_q)
  Computing L_q = chol(C_q)
  Computing L_q = chol(C_q)
  Computing L_q = chol(C_q)
  Computing L_q = chol(C_q)
  Computing L_q = chol(C_q)
  Computing L_q = chol(C_q)
  Computing L_q = chol(C_q)
  Computing L_q = chol(C_q)
  Computing L_q = chol(C_q)
  L_q: (36, 1500, 1500)
  L_q: (36, 1500, 1500)
  L_q: (36, 1500, 1500)
  L_q: (36, 1500, 1500)
  L_q: (36, 1500, 1500)
  L_q: (36, 1500, 1500)
  L_q: (36, 1500, 1500)
  L_q: (36, 1500, 1500)
  L_q: (36, 1500, 1500)
  L_q: (36, 1500, 1500)
  L_q: (36, 1500, 1500)
  L_q: (36, 1500, 1500)
  L_q: (36, 1500, 1500)
  L_q: (36, 1500, 1500)
  L_q: (36, 1500, 1500)
  L_q: (36, 1500, 1500)
/pscratch/sd/j/jackm/lorrax_sandbox/sources/lorrax_D/src/file_io/_slab_io_ffi.py:239: UserWarning: FFI backend: chunks/attrs on create_dataset currently no-op; pre-create with h5py if you need explicit chunking or attrs.
  warnings.warn(
/pscratch/sd/j/jackm/lorrax_sandbox/sources/lorrax_D/src/file_io/_slab_io_ffi.py:239: UserWarning: FFI backend: chunks/attrs on create_dataset currently no-op; pre-create with h5py if you need explicit chunking or attrs.
  warnings.warn(
/pscratch/sd/j/jackm/lorrax_sandbox/sources/lorrax_D/src/file_io/_slab_io_ffi.py:239: UserWarning: FFI backend: chunks/attrs on create_dataset currently no-op; pre-create with h5py if you need explicit chunking or attrs.
  warnings.warn(
/pscratch/sd/j/jackm/lorrax_sandbox/sources/lorrax_D/src/file_io/_slab_io_ffi.py:239: UserWarning: FFI backend: chunks/attrs on create_dataset currently no-op; pre-create with h5py if you need explicit chunking or attrs.
  warnings.warn(
/pscratch/sd/j/jackm/lorrax_sandbox/sources/lorrax_D/src/file_io/_slab_io_ffi.py:239: UserWarning: FFI backend: chunks/attrs on create_dataset currently no-op; pre-create with h5py if you need explicit chunking or attrs.
  warnings.warn(
/pscratch/sd/j/jackm/lorrax_sandbox/sources/lorrax_D/src/file_io/_slab_io_ffi.py:239: UserWarning: FFI backend: chunks/attrs on create_dataset currently no-op; pre-create with h5py if you need explicit chunking or attrs.
  warnings.warn(
/pscratch/sd/j/jackm/lorrax_sandbox/sources/lorrax_D/src/file_io/_slab_io_ffi.py:239: UserWarning: FFI backend: chunks/attrs on create_dataset currently no-op; pre-create with h5py if you need explicit chunking or attrs.
  warnings.warn(
/pscratch/sd/j/jackm/lorrax_sandbox/sources/lorrax_D/src/file_io/_slab_io_ffi.py:239: UserWarning: FFI backend: chunks/attrs on create_dataset currently no-op; pre-create with h5py if you need explicit chunking or attrs.
  warnings.warn(
/pscratch/sd/j/jackm/lorrax_sandbox/sources/lorrax_D/src/file_io/_slab_io_ffi.py:239: UserWarning: FFI backend: chunks/attrs on create_dataset currently no-op; pre-create with h5py if you need explicit chunking or attrs.
  warnings.warn(
/pscratch/sd/j/jackm/lorrax_sandbox/sources/lorrax_D/src/file_io/_slab_io_ffi.py:239: UserWarning: FFI backend: chunks/attrs on create_dataset currently no-op; pre-create with h5py if you need explicit chunking or attrs.
  warnings.warn(
/pscratch/sd/j/jackm/lorrax_sandbox/sources/lorrax_D/src/file_io/_slab_io_ffi.py:239: UserWarning: FFI backend: chunks/attrs on create_dataset currently no-op; pre-create with h5py if you need explicit chunking or attrs.
  warnings.warn(
/pscratch/sd/j/jackm/lorrax_sandbox/sources/lorrax_D/src/file_io/_slab_io_ffi.py:239: UserWarning: FFI backend: chunks/attrs on create_dataset currently no-op; pre-create with h5py if you need explicit chunking or attrs.
  warnings.warn(
/pscratch/sd/j/jackm/lorrax_sandbox/sources/lorrax_D/src/file_io/_slab_io_ffi.py:239: UserWarning: FFI backend: chunks/attrs on create_dataset currently no-op; pre-create with h5py if you need explicit chunking or attrs.
  warnings.warn(
/pscratch/sd/j/jackm/lorrax_sandbox/sources/lorrax_D/src/file_io/_slab_io_ffi.py:239: UserWarning: FFI backend: chunks/attrs on create_dataset currently no-op; pre-create with h5py if you need explicit chunking or attrs.
  warnings.warn(
/pscratch/sd/j/jackm/lorrax_sandbox/sources/lorrax_D/src/file_io/_slab_io_ffi.py:239: UserWarning: FFI backend: chunks/attrs on create_dataset currently no-op; pre-create with h5py if you need explicit chunking or attrs.
  warnings.warn(
/pscratch/sd/j/jackm/lorrax_sandbox/sources/lorrax_D/src/file_io/_slab_io_ffi.py:239: UserWarning: FFI backend: chunks/attrs on create_dataset currently no-op; pre-create with h5py if you need explicit chunking or attrs.
  warnings.warn(
  ψ(G) host cache: 25.92 GB/process resident
Started zeta fitting at 21:44:23.
[ 21:44:23 | █░░░░░░░░░ |   6% ] r-chunk  1 / 17 · ETA 0 s
[ 21:44:42 | █░░░░░░░░░ |  12% ] r-chunk  2 / 17 · ETA 143 s
[ 21:44:58 | ██░░░░░░░░ |  18% ] r-chunk  3 / 17 · ETA 166 s
[ 21:45:16 | ██░░░░░░░░ |  24% ] r-chunk  4 / 17 · ETA 172 s
[ 21:45:32 | ███░░░░░░░ |  29% ] r-chunk  5 / 17 · ETA 167 s
[ 21:45:50 | ████░░░░░░ |  35% ] r-chunk  6 / 17 · ETA 160 s
[ 21:46:07 | ████░░░░░░ |  41% ] r-chunk  7 / 17 · ETA 148 s
[ 21:46:26 | █████░░░░░ |  47% ] r-chunk  8 / 17 · ETA 139 s
[ 21:46:43 | █████░░░░░ |  53% ] r-chunk  9 / 17 · ETA 125 s
[ 21:47:02 | ██████░░░░ |  59% ] r-chunk 10 / 17 · ETA 112 s
[ 21:47:20 | ██████░░░░ |  65% ] r-chunk 11 / 17 · ETA 96 s
[ 21:47:41 | ███████░░░ |  71% ] r-chunk 12 / 17 · ETA 83 s
[ 21:48:07 | ████████░░ |  76% ] r-chunk 13 / 17 · ETA 69 s
[ 21:48:24 | ████████░░ |  82% ] r-chunk 14 / 17 · ETA 52 s
[ 21:48:46 | █████████░ |  88% ] r-chunk 15 / 17 · ETA 35 s
[ 21:49:06 | █████████░ |  94% ] r-chunk 16 / 17 · ETA 18 s
2026-05-06 21:49:06.241735: E external/xla/xla/service/spmd/spmd_partitioner.cc:620] [spmd] Involuntary full rematerialization. The compiler was not able to go from sharding {devices=[1,4,4]<=[16]} to {devices=[1,1,16]<=[16]} without doing a full rematerialization of the tensor for HLO operation: %copy.4 = c128[36,375,1250]{2,1,0} copy(%reshape.85), sharding={devices=[1,4,4]<=[16]}, metadata={op_name="jit(_kernel)/jit(main)/pjit" source_file="/pscratch/sd/j/jackm/lorrax_sandbox/sources/lorrax_D/src/common/isdf_fitting.py" source_line=346}. You probably want to enrich the sharding annotations to prevent this from happening.
2026-05-06 21:49:06.310024: E external/xla/xla/service/spmd/spmd_partitioner.cc:620] [spmd] Involuntary full rematerialization. The compiler was not able to go from sharding {devices=[1,4,4]<=[16]} to {devices=[1,1,16]<=[16]} without doing a full rematerialization of the tensor for HLO operation: %copy.4 = c128[36,375,1250]{2,1,0} copy(%reshape.85), sharding={devices=[1,4,4]<=[16]}, metadata={op_name="jit(_kernel)/jit(main)/pjit" source_file="/pscratch/sd/j/jackm/lorrax_sandbox/sources/lorrax_D/src/common/isdf_fitting.py" source_line=346}. You probably want to enrich the sharding annotations to prevent this from happening.
2026-05-06 21:49:06.333033: E external/xla/xla/service/spmd/spmd_partitioner.cc:620] [spmd] Involuntary full rematerialization. The compiler was not able to go from sharding {devices=[1,4,4]<=[16]} to {devices=[1,1,16]<=[16]} without doing a full rematerialization of the tensor for HLO operation: %copy.4 = c128[36,375,1250]{2,1,0} copy(%reshape.85), sharding={devices=[1,4,4]<=[16]}, metadata={op_name="jit(_kernel)/jit(main)/pjit" source_file="/pscratch/sd/j/jackm/lorrax_sandbox/sources/lorrax_D/src/common/isdf_fitting.py" source_line=346}. You probably want to enrich the sharding annotations to prevent this from happening.
2026-05-06 21:49:07.402695: E external/xla/xla/service/spmd/spmd_partitioner.cc:620] [spmd] Involuntary full rematerialization. The compiler was not able to go from sharding {devices=[1,4,4]<=[16]} to {devices=[1,1,16]<=[16]} without doing a full rematerialization of the tensor for HLO operation: %copy.4 = c128[36,375,1250]{2,1,0} copy(%reshape.85), sharding={devices=[1,4,4]<=[16]}, metadata={op_name="jit(_kernel)/jit(main)/pjit" source_file="/pscratch/sd/j/jackm/lorrax_sandbox/sources/lorrax_D/src/common/isdf_fitting.py" source_line=346}. You probably want to enrich the sharding annotations to prevent this from happening.
2026-05-06 21:49:08.772863: E external/xla/xla/service/spmd/spmd_partitioner.cc:620] [spmd] Involuntary full rematerialization. The compiler was not able to go from sharding {devices=[1,4,4]<=[16]} to {devices=[1,1,16]<=[16]} without doing a full rematerialization of the tensor for HLO operation: %copy.4 = c128[36,375,1250]{2,1,0} copy(%reshape.85), sharding={devices=[1,4,4]<=[16]}, metadata={op_name="jit(_kernel)/jit(main)/pjit" source_file="/pscratch/sd/j/jackm/lorrax_sandbox/sources/lorrax_D/src/common/isdf_fitting.py" source_line=346}. You probably want to enrich the sharding annotations to prevent this from happening.
2026-05-06 21:49:08.903620: E external/xla/xla/service/spmd/spmd_partitioner.cc:620] [spmd] Involuntary full rematerialization. The compiler was not able to go from sharding {devices=[1,4,4]<=[16]} to {devices=[1,1,16]<=[16]} without doing a full rematerialization of the tensor for HLO operation: %copy.4 = c128[36,375,1250]{2,1,0} copy(%reshape.85), sharding={devices=[1,4,4]<=[16]}, metadata={op_name="jit(_kernel)/jit(main)/pjit" source_file="/pscratch/sd/j/jackm/lorrax_sandbox/sources/lorrax_D/src/common/isdf_fitting.py" source_line=346}. You probably want to enrich the sharding annotations to prevent this from happening.
2026-05-06 21:49:09.160849: E external/xla/xla/service/spmd/spmd_partitioner.cc:620] [spmd] Involuntary full rematerialization. The compiler was not able to go from sharding {devices=[1,4,4]<=[16]} to {devices=[1,1,16]<=[16]} without doing a full rematerialization of the tensor for HLO operation: %copy.4 = c128[36,375,1250]{2,1,0} copy(%reshape.85), sharding={devices=[1,4,4]<=[16]}, metadata={op_name="jit(_kernel)/jit(main)/pjit" source_file="/pscratch/sd/j/jackm/lorrax_sandbox/sources/lorrax_D/src/common/isdf_fitting.py" source_line=346}. You probably want to enrich the sharding annotations to prevent this from happening.
2026-05-06 21:49:09.285770: E external/xla/xla/service/spmd/spmd_partitioner.cc:620] [spmd] Involuntary full rematerialization. The compiler was not able to go from sharding {devices=[1,4,4]<=[16]} to {devices=[1,1,16]<=[16]} without doing a full rematerialization of the tensor for HLO operation: %copy.4 = c128[36,375,1250]{2,1,0} copy(%reshape.85), sharding={devices=[1,4,4]<=[16]}, metadata={op_name="jit(_kernel)/jit(main)/pjit" source_file="/pscratch/sd/j/jackm/lorrax_sandbox/sources/lorrax_D/src/common/isdf_fitting.py" source_line=346}. You probably want to enrich the sharding annotations to prevent this from happening.
2026-05-06 21:49:09.291286: E external/xla/xla/service/spmd/spmd_partitioner.cc:620] [spmd] Involuntary full rematerialization. The compiler was not able to go from sharding {devices=[1,4,4]<=[16]} to {devices=[1,1,16]<=[16]} without doing a full rematerialization of the tensor for HLO operation: %copy.4 = c128[36,375,1250]{2,1,0} copy(%reshape.85), sharding={devices=[1,4,4]<=[16]}, metadata={op_name="jit(_kernel)/jit(main)/pjit" source_file="/pscratch/sd/j/jackm/lorrax_sandbox/sources/lorrax_D/src/common/isdf_fitting.py" source_line=346}. You probably want to enrich the sharding annotations to prevent this from happening.
2026-05-06 21:49:09.376746: E external/xla/xla/service/spmd/spmd_partitioner.cc:620] [spmd] Involuntary full rematerialization. The compiler was not able to go from sharding {devices=[1,4,4]<=[16]} to {devices=[1,1,16]<=[16]} without doing a full rematerialization of the tensor for HLO operation: %copy.4 = c128[36,375,1250]{2,1,0} copy(%reshape.85), sharding={devices=[1,4,4]<=[16]}, metadata={op_name="jit(_kernel)/jit(main)/pjit" source_file="/pscratch/sd/j/jackm/lorrax_sandbox/sources/lorrax_D/src/common/isdf_fitting.py" source_line=346}. You probably want to enrich the sharding annotations to prevent this from happening.
2026-05-06 21:49:09.383540: E external/xla/xla/service/spmd/spmd_partitioner.cc:620] [spmd] Involuntary full rematerialization. The compiler was not able to go from sharding {devices=[1,4,4]<=[16]} to {devices=[1,1,16]<=[16]} without doing a full rematerialization of the tensor for HLO operation: %copy.4 = c128[36,375,1250]{2,1,0} copy(%reshape.85), sharding={devices=[1,4,4]<=[16]}, metadata={op_name="jit(_kernel)/jit(main)/pjit" source_file="/pscratch/sd/j/jackm/lorrax_sandbox/sources/lorrax_D/src/common/isdf_fitting.py" source_line=346}. You probably want to enrich the sharding annotations to prevent this from happening.
2026-05-06 21:49:09.409585: E external/xla/xla/service/spmd/spmd_partitioner.cc:620] [spmd] Involuntary full rematerialization. The compiler was not able to go from sharding {devices=[1,4,4]<=[16]} to {devices=[1,1,16]<=[16]} without doing a full rematerialization of the tensor for HLO operation: %copy.4 = c128[36,375,1250]{2,1,0} copy(%reshape.85), sharding={devices=[1,4,4]<=[16]}, metadata={op_name="jit(_kernel)/jit(main)/pjit" source_file="/pscratch/sd/j/jackm/lorrax_sandbox/sources/lorrax_D/src/common/isdf_fitting.py" source_line=346}. You probably want to enrich the sharding annotations to prevent this from happening.
2026-05-06 21:49:09.678361: E external/xla/xla/service/spmd/spmd_partitioner.cc:620] [spmd] Involuntary full rematerialization. The compiler was not able to go from sharding {devices=[1,4,4]<=[16]} to {devices=[1,1,16]<=[16]} without doing a full rematerialization of the tensor for HLO operation: %copy.4 = c128[36,375,1250]{2,1,0} copy(%reshape.85), sharding={devices=[1,4,4]<=[16]}, metadata={op_name="jit(_kernel)/jit(main)/pjit" source_file="/pscratch/sd/j/jackm/lorrax_sandbox/sources/lorrax_D/src/common/isdf_fitting.py" source_line=346}. You probably want to enrich the sharding annotations to prevent this from happening.
2026-05-06 21:49:09.787258: E external/xla/xla/service/spmd/spmd_partitioner.cc:620] [spmd] Involuntary full rematerialization. The compiler was not able to go from sharding {devices=[1,4,4]<=[16]} to {devices=[1,1,16]<=[16]} without doing a full rematerialization of the tensor for HLO operation: %copy.4 = c128[36,375,1250]{2,1,0} copy(%reshape.85), sharding={devices=[1,4,4]<=[16]}, metadata={op_name="jit(_kernel)/jit(main)/pjit" source_file="/pscratch/sd/j/jackm/lorrax_sandbox/sources/lorrax_D/src/common/isdf_fitting.py" source_line=346}. You probably want to enrich the sharding annotations to prevent this from happening.
2026-05-06 21:49:10.045762: E external/xla/xla/service/spmd/spmd_partitioner.cc:620] [spmd] Involuntary full rematerialization. The compiler was not able to go from sharding {devices=[1,4,4]<=[16]} to {devices=[1,1,16]<=[16]} without doing a full rematerialization of the tensor for HLO operation: %copy.4 = c128[36,375,1250]{2,1,0} copy(%reshape.85), sharding={devices=[1,4,4]<=[16]}, metadata={op_name="jit(_kernel)/jit(main)/pjit" source_file="/pscratch/sd/j/jackm/lorrax_sandbox/sources/lorrax_D/src/common/isdf_fitting.py" source_line=346}. You probably want to enrich the sharding annotations to prevent this from happening.
2026-05-06 21:49:10.500417: E external/xla/xla/service/spmd/spmd_partitioner.cc:620] [spmd] Involuntary full rematerialization. The compiler was not able to go from sharding {devices=[1,4,4]<=[16]} to {devices=[1,1,16]<=[16]} without doing a full rematerialization of the tensor for HLO operation: %copy.4 = c128[36,375,1250]{2,1,0} copy(%reshape.85), sharding={devices=[1,4,4]<=[16]}, metadata={op_name="jit(_kernel)/jit(main)/pjit" source_file="/pscratch/sd/j/jackm/lorrax_sandbox/sources/lorrax_D/src/common/isdf_fitting.py" source_line=346}. You probably want to enrich the sharding annotations to prevent this from happening.
[ 21:49:22 | ██████████ | 100% ] r-chunk 17 / 17 · ETA 0 s
Finished zeta fitting at 21:49:22.  Elapsed: 299 s.
  [SlabIO.close] draining 1 pending writes for zeta_q.h5 …
  [SlabIO.close] Python dispatch drained in 20.5 s; joining writer thread
  [SlabIO.close] writer thread joined in 0.0 s; calling H5Fclose collectively
  [SlabIO.close] H5Fclose returned in 1.8 s
  Zeta output: /pscratch/sd/j/jackm/lorrax_sandbox/runs/CrI3/B_bispinor_repair_80gb_2026-05-06/tmp/zeta_q.h5  shape: (6,6,1,1500,1125000)
  Timing (17 r-chunks, 313.3s total):
    fit    313.02s  99.9%
    H5       0.24s   0.1%
  Zeta output: /pscratch/sd/j/jackm/lorrax_sandbox/runs/CrI3/B_bispinor_repair_80gb_2026-05-06/tmp/zeta_q.h5  shape: (6,6,1,1500,1125000)
  Timing (17 r-chunks, 313.8s total):
    fit    313.39s  99.9%
    H5       0.38s   0.1%
  Zeta output: /pscratch/sd/j/jackm/lorrax_sandbox/runs/CrI3/B_bispinor_repair_80gb_2026-05-06/tmp/zeta_q.h5  shape: (6,6,1,1500,1125000)
  Timing (17 r-chunks, 313.7s total):
    fit    313.27s  99.9%
    H5       0.41s   0.1%
  Zeta output: /pscratch/sd/j/jackm/lorrax_sandbox/runs/CrI3/B_bispinor_repair_80gb_2026-05-06/tmp/zeta_q.h5  shape: (6,6,1,1500,1125000)
  Timing (17 r-chunks, 313.7s total):
    fit    313.32s  99.9%
    H5       0.43s   0.1%
  Zeta output: /pscratch/sd/j/jackm/lorrax_sandbox/runs/CrI3/B_bispinor_repair_80gb_2026-05-06/tmp/zeta_q.h5  shape: (6,6,1,1500,1125000)
  Zeta output: /pscratch/sd/j/jackm/lorrax_sandbox/runs/CrI3/B_bispinor_repair_80gb_2026-05-06/tmp/zeta_q.h5  shape: (6,6,1,1500,1125000)
  Zeta output: /pscratch/sd/j/jackm/lorrax_sandbox/runs/CrI3/B_bispinor_repair_80gb_2026-05-06/tmp/zeta_q.h5  shape: (6,6,1,1500,1125000)
  Zeta output: /pscratch/sd/j/jackm/lorrax_sandbox/runs/CrI3/B_bispinor_repair_80gb_2026-05-06/tmp/zeta_q.h5  shape: (6,6,1,1500,1125000)
  Zeta output: /pscratch/sd/j/jackm/lorrax_sandbox/runs/CrI3/B_bispinor_repair_80gb_2026-05-06/tmp/zeta_q.h5  shape: (6,6,1,1500,1125000)
  Timing (17 r-chunks, 313.6s total):
  Timing (17 r-chunks, 313.7s total):
    fit    313.35s  99.9%
    H5       0.37s   0.1%
  Timing (17 r-chunks, 313.7s total):
    fit    313.24s  99.9%
    H5       0.46s   0.1%
    fit    313.27s  99.9%
    H5       0.35s   0.1%
  Timing (17 r-chunks, 313.9s total):
    fit    313.37s  99.8%
    H5       0.57s   0.2%
  Zeta output: /pscratch/sd/j/jackm/lorrax_sandbox/runs/CrI3/B_bispinor_repair_80gb_2026-05-06/tmp/zeta_q.h5  shape: (6,6,1,1500,1125000)
  Zeta output: /pscratch/sd/j/jackm/lorrax_sandbox/runs/CrI3/B_bispinor_repair_80gb_2026-05-06/tmp/zeta_q.h5  shape: (6,6,1,1500,1125000)
  Zeta output: /pscratch/sd/j/jackm/lorrax_sandbox/runs/CrI3/B_bispinor_repair_80gb_2026-05-06/tmp/zeta_q.h5  shape: (6,6,1,1500,1125000)
  Timing (17 r-chunks, 313.9s total):
    fit    313.56s  99.9%
    H5       0.35s   0.1%
  Zeta output: /pscratch/sd/j/jackm/lorrax_sandbox/runs/CrI3/B_bispinor_repair_80gb_2026-05-06/tmp/zeta_q.h5  shape: (6,6,1,1500,1125000)
  Zeta output: /pscratch/sd/j/jackm/lorrax_sandbox/runs/CrI3/B_bispinor_repair_80gb_2026-05-06/tmp/zeta_q.h5  shape: (6,6,1,1500,1125000)
  Timing (17 r-chunks, 313.8s total):
    fit    313.39s  99.9%
    H5       0.37s   0.1%
  Zeta output: /pscratch/sd/j/jackm/lorrax_sandbox/runs/CrI3/B_bispinor_repair_80gb_2026-05-06/tmp/zeta_q.h5  shape: (6,6,1,1500,1125000)
  Timing (17 r-chunks, 313.9s total):
    fit    313.36s  99.8%
    H5       0.52s   0.2%
  Zeta output: /pscratch/sd/j/jackm/lorrax_sandbox/runs/CrI3/B_bispinor_repair_80gb_2026-05-06/tmp/zeta_q.h5  shape: (6,6,1,1500,1125000)
  Timing (17 r-chunks, 313.8s total):
    fit    313.42s  99.9%
    H5       0.34s   0.1%
  Timing (17 r-chunks, 313.8s total):
    fit    313.42s  99.9%
    H5       0.40s   0.1%
  Timing (17 r-chunks, 313.7s total):
    fit    313.37s  99.9%
    H5       0.34s   0.1%
  Timing (17 r-chunks, 313.7s total):
    fit    313.36s  99.9%
    H5       0.36s   0.1%
  Timing (17 r-chunks, 313.6s total):
    fit    313.23s  99.9%
    H5       0.40s   0.1%
    GPU high-water mark: 7.54 GB / 30.00 GB budget (25%)
    γ (runtime / AOT-pred) = 0.430  (AOT predicted 17.53 GB)
    V_q bare cutoff: 80.0 Ry (auto: ecutwfc)
    V_q budget:    28.56 GB
    V_q mu chunks: 528
  V_q (sharded): mesh=4x4, one-shot (Case A), q_chunk=17, μ_chunk=1500 (1 μ-blocks), aligned=True, N_μ=1500, N_G=62649, predicted peak/rank=28.22 GB (V_ref+g0_ref=0.08 GB)
2026-05-06 21:51:57.893095: W external/xla/xla/hlo/transforms/simplifiers/hlo_rematerialization.cc:3021] Can't reduce memory use below 34.69GiB (37252924027 bytes) by rematerialization; only reduced to 53.08GiB (56997216016 bytes), down from 53.08GiB (56997216016 bytes) originally
2026-05-06 21:51:57.912247: W external/xla/xla/hlo/transforms/simplifiers/hlo_rematerialization.cc:3021] Can't reduce memory use below 34.69GiB (37252924027 bytes) by rematerialization; only reduced to 53.08GiB (56997216016 bytes), down from 53.08GiB (56997216016 bytes) originally
2026-05-06 21:51:57.927088: W external/xla/xla/hlo/transforms/simplifiers/hlo_rematerialization.cc:3021] Can't reduce memory use below 34.69GiB (37252924027 bytes) by rematerialization; only reduced to 53.08GiB (56997216016 bytes), down from 53.08GiB (56997216016 bytes) originally
E0506 21:51:58.285542  797805 pjrt_stream_executor_client.cc:3077] Execution of replica 0 failed: RESOURCE_EXHAUSTED: Failed to allocate request for 53.01GiB (56916001664B) on device ordinal 0
E0506 21:51:58.299997 1219047 pjrt_stream_executor_client.cc:3077] Execution of replica 0 failed: RESOURCE_EXHAUSTED: Failed to allocate request for 53.01GiB (56916001664B) on device ordinal 0
E0506 21:51:58.314434 1219049 pjrt_stream_executor_client.cc:3077] Execution of replica 0 failed: RESOURCE_EXHAUSTED: Failed to allocate request for 53.01GiB (56916001664B) on device ordinal 0
2026-05-06 21:51:58.339215: W external/xla/xla/hlo/transforms/simplifiers/hlo_rematerialization.cc:3021] Can't reduce memory use below 34.69GiB (37252924027 bytes) by rematerialization; only reduced to 53.08GiB (56997216016 bytes), down from 53.08GiB (56997216016 bytes) originally
2026-05-06 21:51:58.339220: W external/xla/xla/hlo/transforms/simplifiers/hlo_rematerialization.cc:3021] Can't reduce memory use below 34.69GiB (37252924027 bytes) by rematerialization; only reduced to 53.08GiB (56997216016 bytes), down from 53.08GiB (56997216016 bytes) originally
2026-05-06 21:51:58.435283: W external/xla/xla/hlo/transforms/simplifiers/hlo_rematerialization.cc:3021] Can't reduce memory use below 34.69GiB (37252924027 bytes) by rematerialization; only reduced to 53.08GiB (56997216016 bytes), down from 53.08GiB (56997216016 bytes) originally
2026-05-06 21:51:58.548553: W external/xla/xla/hlo/transforms/simplifiers/hlo_rematerialization.cc:3021] Can't reduce memory use below 34.69GiB (37252924027 bytes) by rematerialization; only reduced to 53.08GiB (56997216016 bytes), down from 53.08GiB (56997216016 bytes) originally
2026-05-06 21:51:58.567662: W external/xla/xla/hlo/transforms/simplifiers/hlo_rematerialization.cc:3021] Can't reduce memory use below 34.69GiB (37252924027 bytes) by rematerialization; only reduced to 53.08GiB (56997216016 bytes), down from 53.08GiB (56997216016 bytes) originally
E0506 21:51:58.744207 1219045 pjrt_stream_executor_client.cc:3077] Execution of replica 0 failed: RESOURCE_EXHAUSTED: Failed to allocate request for 53.01GiB (56916001664B) on device ordinal 0
E0506 21:51:58.744932 1219044 pjrt_stream_executor_client.cc:3077] Execution of replica 0 failed: RESOURCE_EXHAUSTED: Failed to allocate request for 53.01GiB (56916001664B) on device ordinal 0
E0506 21:51:58.819029  797800 pjrt_stream_executor_client.cc:3077] Execution of replica 0 failed: RESOURCE_EXHAUSTED: Failed to allocate request for 53.01GiB (56916001664B) on device ordinal 0
  [SlabIO.close] draining 0 pending writes for zeta_q.h5 …
  [SlabIO.close] Python dispatch drained in 0.0 s; joining writer thread
  [SlabIO.close] writer thread joined in 0.0 s; calling H5Fclose collectively
E0506 21:51:58.920027  797801 pjrt_stream_executor_client.cc:3077] Execution of replica 0 failed: RESOURCE_EXHAUSTED: Failed to allocate request for 53.01GiB (56916001664B) on device ordinal 0
E0506 21:51:58.937133  797803 pjrt_stream_executor_client.cc:3077] Execution of replica 0 failed: RESOURCE_EXHAUSTED: Failed to allocate request for 53.01GiB (56916001664B) on device ordinal 0
2026-05-06 21:51:59.016005: W external/xla/xla/hlo/transforms/simplifiers/hlo_rematerialization.cc:3021] Can't reduce memory use below 34.69GiB (37252924027 bytes) by rematerialization; only reduced to 53.08GiB (56997216016 bytes), down from 53.08GiB (56997216016 bytes) originally
2026-05-06 21:51:59.033471: W external/xla/xla/hlo/transforms/simplifiers/hlo_rematerialization.cc:3021] Can't reduce memory use below 34.69GiB (37252924027 bytes) by rematerialization; only reduced to 53.08GiB (56997216016 bytes), down from 53.08GiB (56997216016 bytes) originally
2026-05-06 21:51:59.033941: W external/xla/xla/hlo/transforms/simplifiers/hlo_rematerialization.cc:3021] Can't reduce memory use below 34.69GiB (37252924027 bytes) by rematerialization; only reduced to 53.08GiB (56997216016 bytes), down from 53.08GiB (56997216016 bytes) originally
2026-05-06 21:51:59.053262: W external/xla/xla/hlo/transforms/simplifiers/hlo_rematerialization.cc:3021] Can't reduce memory use below 34.69GiB (37252924027 bytes) by rematerialization; only reduced to 53.08GiB (56997216016 bytes), down from 53.08GiB (56997216016 bytes) originally
2026-05-06 21:51:59.064666: W external/xla/xla/hlo/transforms/simplifiers/hlo_rematerialization.cc:3021] Can't reduce memory use below 34.69GiB (37252924027 bytes) by rematerialization; only reduced to 53.08GiB (56997216016 bytes), down from 53.08GiB (56997216016 bytes) originally
2026-05-06 21:51:59.072402: W external/xla/xla/hlo/transforms/simplifiers/hlo_rematerialization.cc:3021] Can't reduce memory use below 34.69GiB (37252924027 bytes) by rematerialization; only reduced to 53.08GiB (56997216016 bytes), down from 53.08GiB (56997216016 bytes) originally
2026-05-06 21:51:59.078186: W external/xla/xla/hlo/transforms/simplifiers/hlo_rematerialization.cc:3021] Can't reduce memory use below 34.69GiB (37252924027 bytes) by rematerialization; only reduced to 53.08GiB (56997216016 bytes), down from 53.08GiB (56997216016 bytes) originally
2026-05-06 21:51:59.227072: W external/xla/xla/hlo/transforms/simplifiers/hlo_rematerialization.cc:3021] Can't reduce memory use below 34.69GiB (37252924027 bytes) by rematerialization; only reduced to 53.08GiB (56997216016 bytes), down from 53.08GiB (56997216016 bytes) originally
E0506 21:51:59.393526 1441238 pjrt_stream_executor_client.cc:3077] Execution of replica 0 failed: RESOURCE_EXHAUSTED: Failed to allocate request for 53.01GiB (56916001664B) on device ordinal 0
E0506 21:51:59.408466 1441235 pjrt_stream_executor_client.cc:3077] Execution of replica 0 failed: RESOURCE_EXHAUSTED: Failed to allocate request for 53.01GiB (56916001664B) on device ordinal 0
E0506 21:51:59.410181 1441236 pjrt_stream_executor_client.cc:3077] Execution of replica 0 failed: RESOURCE_EXHAUSTED: Failed to allocate request for 53.01GiB (56916001664B) on device ordinal 0
E0506 21:51:59.427194 1441240 pjrt_stream_executor_client.cc:3077] Execution of replica 0 failed: RESOURCE_EXHAUSTED: Failed to allocate request for 53.01GiB (56916001664B) on device ordinal 0
E0506 21:51:59.443529 1838655 pjrt_stream_executor_client.cc:3077] Execution of replica 0 failed: RESOURCE_EXHAUSTED: Failed to allocate request for 53.01GiB (56916001664B) on device ordinal 0
E0506 21:51:59.447849 1838657 pjrt_stream_executor_client.cc:3077] Execution of replica 0 failed: RESOURCE_EXHAUSTED: Failed to allocate request for 53.01GiB (56916001664B) on device ordinal 0
E0506 21:51:59.456946 1838659 pjrt_stream_executor_client.cc:3077] Execution of replica 0 failed: RESOURCE_EXHAUSTED: Failed to allocate request for 53.01GiB (56916001664B) on device ordinal 0
E0506 21:51:59.605300 1838654 pjrt_stream_executor_client.cc:3077] Execution of replica 0 failed: RESOURCE_EXHAUSTED: Failed to allocate request for 53.01GiB (56916001664B) on device ordinal 0
Traceback (most recent call last):
  File "<frozen runpy>", line 198, in _run_module_as_main
  File "<frozen runpy>", line 88, in _run_code
  File "/pscratch/sd/j/jackm/lorrax_sandbox/sources/lorrax_D/src/gw/gw_jax.py", line 525, in <module>
    raise SystemExit(main())
                     ^^^^^^
  File "/pscratch/sd/j/jackm/lorrax_sandbox/sources/lorrax_D/src/gw/gw_jax.py", line 175, in main
    isdf = prepare_isdf_and_wavefunctions(
           ^^^^^^^^^^^^^^^^^^^^^^^^^^^^^^^
  File "/pscratch/sd/j/jackm/lorrax_sandbox/sources/lorrax_D/src/gw/gw_init.py", line 776, in prepare_isdf_and_wavefunctions
    V_qmunu, G0 = compute_V_q(
                  ^^^^^^^^^^^^
  File "/pscratch/sd/j/jackm/lorrax_sandbox/sources/lorrax_D/src/gw/gw_init.py", line 658, in compute_V_q
    V_q_raw, G0_all = compute_all_V_q(
                      ^^^^^^^^^^^^^^^^
  File "/pscratch/sd/j/jackm/lorrax_sandbox/sources/lorrax_D/src/gw/compute_vcoul.py", line 1738, in compute_all_V_q
    return _compute_all_V_q_sharded(
           ^^^^^^^^^^^^^^^^^^^^^^^^^
  File "/pscratch/sd/j/jackm/lorrax_sandbox/sources/lorrax_D/src/gw/compute_vcoul.py", line 1964, in _compute_all_V_q_sharded
    V_acc, g0_acc = kernel(
                    ^^^^^^^
jaxlib.xla_extension.XlaRuntimeError: RESOURCE_EXHAUSTED: Failed to allocate request for 53.01GiB (56916001664B) on device ordinal 0
--------------------
For simplicity, JAX has removed its internal frames from the traceback of the following exception. Set JAX_TRACEBACK_FILTERING=off to include these.
Traceback (most recent call last):
  File "<frozen runpy>", line 198, in _run_module_as_main
  File "<frozen runpy>", line 88, in _run_code
  File "/pscratch/sd/j/jackm/lorrax_sandbox/sources/lorrax_D/src/gw/gw_jax.py", line 525, in <module>
    raise SystemExit(main())
                     ^^^^^^
  File "/pscratch/sd/j/jackm/lorrax_sandbox/sources/lorrax_D/src/gw/gw_jax.py", line 175, in main
    isdf = prepare_isdf_and_wavefunctions(
           ^^^^^^^^^^^^^^^^^^^^^^^^^^^^^^^
  File "/pscratch/sd/j/jackm/lorrax_sandbox/sources/lorrax_D/src/gw/gw_init.py", line 776, in prepare_isdf_and_wavefunctions
    V_qmunu, G0 = compute_V_q(
                  ^^^^^^^^^^^^
  File "/pscratch/sd/j/jackm/lorrax_sandbox/sources/lorrax_D/src/gw/gw_init.py", line 658, in compute_V_q
    V_q_raw, G0_all = compute_all_V_q(
                      ^^^^^^^^^^^^^^^^
  File "/pscratch/sd/j/jackm/lorrax_sandbox/sources/lorrax_D/src/gw/compute_vcoul.py", line 1738, in compute_all_V_q
    return _compute_all_V_q_sharded(
           ^^^^^^^^^^^^^^^^^^^^^^^^^
  File "/pscratch/sd/j/jackm/lorrax_sandbox/sources/lorrax_D/src/gw/compute_vcoul.py", line 1964, in _compute_all_V_q_sharded
    V_acc, g0_acc = kernel(
                    ^^^^^^^
jaxlib.xla_extension.XlaRuntimeError: RESOURCE_EXHAUSTED: Failed to allocate request for 53.01GiB (56916001664B) on device ordinal 0
--------------------
For simplicity, JAX has removed its internal frames from the traceback of the following exception. Set JAX_TRACEBACK_FILTERING=off to include these.
Traceback (most recent call last):
  File "<frozen runpy>", line 198, in _run_module_as_main
  File "<frozen runpy>", line 88, in _run_code
  File "/pscratch/sd/j/jackm/lorrax_sandbox/sources/lorrax_D/src/gw/gw_jax.py", line 525, in <module>
    raise SystemExit(main())
                     ^^^^^^
  File "/pscratch/sd/j/jackm/lorrax_sandbox/sources/lorrax_D/src/gw/gw_jax.py", line 175, in main
    isdf = prepare_isdf_and_wavefunctions(
           ^^^^^^^^^^^^^^^^^^^^^^^^^^^^^^^
  File "/pscratch/sd/j/jackm/lorrax_sandbox/sources/lorrax_D/src/gw/gw_init.py", line 776, in prepare_isdf_and_wavefunctions
    V_qmunu, G0 = compute_V_q(
                  ^^^^^^^^^^^^
  File "/pscratch/sd/j/jackm/lorrax_sandbox/sources/lorrax_D/src/gw/gw_init.py", line 658, in compute_V_q
    V_q_raw, G0_all = compute_all_V_q(
                      ^^^^^^^^^^^^^^^^
  File "/pscratch/sd/j/jackm/lorrax_sandbox/sources/lorrax_D/src/gw/compute_vcoul.py", line 1738, in compute_all_V_q
    return _compute_all_V_q_sharded(
           ^^^^^^^^^^^^^^^^^^^^^^^^^
  File "/pscratch/sd/j/jackm/lorrax_sandbox/sources/lorrax_D/src/gw/compute_vcoul.py", line 1964, in _compute_all_V_q_sharded
    V_acc, g0_acc = kernel(
                    ^^^^^^^
jaxlib.xla_extension.XlaRuntimeError: RESOURCE_EXHAUSTED: Failed to allocate request for 53.01GiB (56916001664B) on device ordinal 0
--------------------
For simplicity, JAX has removed its internal frames from the traceback of the following exception. Set JAX_TRACEBACK_FILTERING=off to include these.
Traceback (most recent call last):
  File "<frozen runpy>", line 198, in _run_module_as_main
  File "<frozen runpy>", line 88, in _run_code
  File "/pscratch/sd/j/jackm/lorrax_sandbox/sources/lorrax_D/src/gw/gw_jax.py", line 525, in <module>
    raise SystemExit(main())
                     ^^^^^^
  File "/pscratch/sd/j/jackm/lorrax_sandbox/sources/lorrax_D/src/gw/gw_jax.py", line 175, in main
    isdf = prepare_isdf_and_wavefunctions(
           ^^^^^^^^^^^^^^^^^^^^^^^^^^^^^^^
  File "/pscratch/sd/j/jackm/lorrax_sandbox/sources/lorrax_D/src/gw/gw_init.py", line 776, in prepare_isdf_and_wavefunctions
    V_qmunu, G0 = compute_V_q(
                  ^^^^^^^^^^^^
  File "/pscratch/sd/j/jackm/lorrax_sandbox/sources/lorrax_D/src/gw/gw_init.py", line 658, in compute_V_q
    V_q_raw, G0_all = compute_all_V_q(
                      ^^^^^^^^^^^^^^^^
  File "/pscratch/sd/j/jackm/lorrax_sandbox/sources/lorrax_D/src/gw/compute_vcoul.py", line 1738, in compute_all_V_q
    return _compute_all_V_q_sharded(
           ^^^^^^^^^^^^^^^^^^^^^^^^^
  File "/pscratch/sd/j/jackm/lorrax_sandbox/sources/lorrax_D/src/gw/compute_vcoul.py", line 1964, in _compute_all_V_q_sharded
    V_acc, g0_acc = kernel(
                    ^^^^^^^
jaxlib.xla_extension.XlaRuntimeError: RESOURCE_EXHAUSTED: Failed to allocate request for 53.01GiB (56916001664B) on device ordinal 0
--------------------
For simplicity, JAX has removed its internal frames from the traceback of the following exception. Set JAX_TRACEBACK_FILTERING=off to include these.
Traceback (most recent call last):
  File "<frozen runpy>", line 198, in _run_module_as_main
  File "<frozen runpy>", line 88, in _run_code
  File "/pscratch/sd/j/jackm/lorrax_sandbox/sources/lorrax_D/src/gw/gw_jax.py", line 525, in <module>
    raise SystemExit(main())
                     ^^^^^^
  File "/pscratch/sd/j/jackm/lorrax_sandbox/sources/lorrax_D/src/gw/gw_jax.py", line 175, in main
    isdf = prepare_isdf_and_wavefunctions(
           ^^^^^^^^^^^^^^^^^^^^^^^^^^^^^^^
  File "/pscratch/sd/j/jackm/lorrax_sandbox/sources/lorrax_D/src/gw/gw_init.py", line 776, in prepare_isdf_and_wavefunctions
    V_qmunu, G0 = compute_V_q(
                  ^^^^^^^^^^^^
  File "/pscratch/sd/j/jackm/lorrax_sandbox/sources/lorrax_D/src/gw/gw_init.py", line 658, in compute_V_q
    V_q_raw, G0_all = compute_all_V_q(
                      ^^^^^^^^^^^^^^^^
  File "/pscratch/sd/j/jackm/lorrax_sandbox/sources/lorrax_D/src/gw/compute_vcoul.py", line 1738, in compute_all_V_q
    return _compute_all_V_q_sharded(
           ^^^^^^^^^^^^^^^^^^^^^^^^^
  File "/pscratch/sd/j/jackm/lorrax_sandbox/sources/lorrax_D/src/gw/compute_vcoul.py", line 1964, in _compute_all_V_q_sharded
    V_acc, g0_acc = kernel(
                    ^^^^^^^
jaxlib.xla_extension.XlaRuntimeError: RESOURCE_EXHAUSTED: Failed to allocate request for 53.01GiB (56916001664B) on device ordinal 0
--------------------
For simplicity, JAX has removed its internal frames from the traceback of the following exception. Set JAX_TRACEBACK_FILTERING=off to include these.
Traceback (most recent call last):
  File "<frozen runpy>", line 198, in _run_module_as_main
  File "<frozen runpy>", line 88, in _run_code
  File "/pscratch/sd/j/jackm/lorrax_sandbox/sources/lorrax_D/src/gw/gw_jax.py", line 525, in <module>
Traceback (most recent call last):
  File "<frozen runpy>", line 198, in _run_module_as_main
  File "<frozen runpy>", line 88, in _run_code
  File "/pscratch/sd/j/jackm/lorrax_sandbox/sources/lorrax_D/src/gw/gw_jax.py", line 525, in <module>
    raise SystemExit(main())
                     ^^^^^^
  File "/pscratch/sd/j/jackm/lorrax_sandbox/sources/lorrax_D/src/gw/gw_jax.py", line 175, in main
    raise SystemExit(main())
    isdf = prepare_isdf_and_wavefunctions(
                     ^^^^^^
           ^^^^^^^^^^^^^^^^^^^^^^^^^^^^^^^
  File "/pscratch/sd/j/jackm/lorrax_sandbox/sources/lorrax_D/src/gw/gw_init.py", line 776, in prepare_isdf_and_wavefunctions
  File "/pscratch/sd/j/jackm/lorrax_sandbox/sources/lorrax_D/src/gw/gw_jax.py", line 175, in main
    isdf = prepare_isdf_and_wavefunctions(
           ^^^^^^^^^^^^^^^^^^^^^^^^^^^^^^^
  File "/pscratch/sd/j/jackm/lorrax_sandbox/sources/lorrax_D/src/gw/gw_init.py", line 776, in prepare_isdf_and_wavefunctions
    V_qmunu, G0 = compute_V_q(
                  ^^^^^^^^^^^^
  File "/pscratch/sd/j/jackm/lorrax_sandbox/sources/lorrax_D/src/gw/gw_init.py", line 658, in compute_V_q
    V_qmunu, G0 = compute_V_q(
                  ^^^^^^^^^^^^
  File "/pscratch/sd/j/jackm/lorrax_sandbox/sources/lorrax_D/src/gw/gw_init.py", line 658, in compute_V_q
    V_q_raw, G0_all = compute_all_V_q(
                      ^^^^^^^^^^^^^^^^
  File "/pscratch/sd/j/jackm/lorrax_sandbox/sources/lorrax_D/src/gw/compute_vcoul.py", line 1738, in compute_all_V_q
    V_q_raw, G0_all = compute_all_V_q(
                      ^^^^^^^^^^^^^^^^
  File "/pscratch/sd/j/jackm/lorrax_sandbox/sources/lorrax_D/src/gw/compute_vcoul.py", line 1738, in compute_all_V_q
    return _compute_all_V_q_sharded(
           ^^^^^^^^^^^^^^^^^^^^^^^^^
  File "/pscratch/sd/j/jackm/lorrax_sandbox/sources/lorrax_D/src/gw/compute_vcoul.py", line 1964, in _compute_all_V_q_sharded
    return _compute_all_V_q_sharded(
           ^^^^^^^^^^^^^^^^^^^^^^^^^
  File "/pscratch/sd/j/jackm/lorrax_sandbox/sources/lorrax_D/src/gw/compute_vcoul.py", line 1964, in _compute_all_V_q_sharded
    V_acc, g0_acc = kernel(
                    ^^^^^^^
jaxlib.xla_extension.XlaRuntimeError: RESOURCE_EXHAUSTED: Failed to allocate request for 53.01GiB (56916001664B) on device ordinal 0
--------------------
For simplicity, JAX has removed its internal frames from the traceback of the following exception. Set JAX_TRACEBACK_FILTERING=off to include these.
    V_acc, g0_acc = kernel(
                    ^^^^^^^
jaxlib.xla_extension.XlaRuntimeError: RESOURCE_EXHAUSTED: Failed to allocate request for 53.01GiB (56916001664B) on device ordinal 0
--------------------
For simplicity, JAX has removed its internal frames from the traceback of the following exception. Set JAX_TRACEBACK_FILTERING=off to include these.
Traceback (most recent call last):
  File "<frozen runpy>", line 198, in _run_module_as_main
  File "<frozen runpy>", line 88, in _run_code
  File "/pscratch/sd/j/jackm/lorrax_sandbox/sources/lorrax_D/src/gw/gw_jax.py", line 525, in <module>
    raise SystemExit(main())
                     ^^^^^^
  File "/pscratch/sd/j/jackm/lorrax_sandbox/sources/lorrax_D/src/gw/gw_jax.py", line 175, in main
    isdf = prepare_isdf_and_wavefunctions(
           ^^^^^^^^^^^^^^^^^^^^^^^^^^^^^^^
  File "/pscratch/sd/j/jackm/lorrax_sandbox/sources/lorrax_D/src/gw/gw_init.py", line 776, in prepare_isdf_and_wavefunctions
    V_qmunu, G0 = compute_V_q(
                  ^^^^^^^^^^^^
  File "/pscratch/sd/j/jackm/lorrax_sandbox/sources/lorrax_D/src/gw/gw_init.py", line 658, in compute_V_q
    V_q_raw, G0_all = compute_all_V_q(
                      ^^^^^^^^^^^^^^^^
  File "/pscratch/sd/j/jackm/lorrax_sandbox/sources/lorrax_D/src/gw/compute_vcoul.py", line 1738, in compute_all_V_q
    return _compute_all_V_q_sharded(
           ^^^^^^^^^^^^^^^^^^^^^^^^^
  File "/pscratch/sd/j/jackm/lorrax_sandbox/sources/lorrax_D/src/gw/compute_vcoul.py", line 1964, in _compute_all_V_q_sharded
    V_acc, g0_acc = kernel(
                    ^^^^^^^
jaxlib.xla_extension.XlaRuntimeError: RESOURCE_EXHAUSTED: Failed to allocate request for 53.01GiB (56916001664B) on device ordinal 0
--------------------
For simplicity, JAX has removed its internal frames from the traceback of the following exception. Set JAX_TRACEBACK_FILTERING=off to include these.
Traceback (most recent call last):
  File "<frozen runpy>", line 198, in _run_module_as_main
  File "<frozen runpy>", line 88, in _run_code
  File "/pscratch/sd/j/jackm/lorrax_sandbox/sources/lorrax_D/src/gw/gw_jax.py", line 525, in <module>
    raise SystemExit(main())
                     ^^^^^^
  File "/pscratch/sd/j/jackm/lorrax_sandbox/sources/lorrax_D/src/gw/gw_jax.py", line 175, in main
    isdf = prepare_isdf_and_wavefunctions(
           ^^^^^^^^^^^^^^^^^^^^^^^^^^^^^^^
  File "/pscratch/sd/j/jackm/lorrax_sandbox/sources/lorrax_D/src/gw/gw_init.py", line 776, in prepare_isdf_and_wavefunctions
    V_qmunu, G0 = compute_V_q(
                  ^^^^^^^^^^^^
  File "/pscratch/sd/j/jackm/lorrax_sandbox/sources/lorrax_D/src/gw/gw_init.py", line 658, in compute_V_q
    V_q_raw, G0_all = compute_all_V_q(
                      ^^^^^^^^^^^^^^^^
  File "/pscratch/sd/j/jackm/lorrax_sandbox/sources/lorrax_D/src/gw/compute_vcoul.py", line 1738, in compute_all_V_q
    return _compute_all_V_q_sharded(
           ^^^^^^^^^^^^^^^^^^^^^^^^^
  File "/pscratch/sd/j/jackm/lorrax_sandbox/sources/lorrax_D/src/gw/compute_vcoul.py", line 1964, in _compute_all_V_q_sharded
    V_acc, g0_acc = kernel(
                    ^^^^^^^
jaxlib.xla_extension.XlaRuntimeError: RESOURCE_EXHAUSTED: Failed to allocate request for 53.01GiB (56916001664B) on device ordinal 0
--------------------
For simplicity, JAX has removed its internal frames from the traceback of the following exception. Set JAX_TRACEBACK_FILTERING=off to include these.
Traceback (most recent call last):
  File "<frozen runpy>", line 198, in _run_module_as_main
  File "<frozen runpy>", line 88, in _run_code
  File "/pscratch/sd/j/jackm/lorrax_sandbox/sources/lorrax_D/src/gw/gw_jax.py", line 525, in <module>
    raise SystemExit(main())
                     ^^^^^^
  File "/pscratch/sd/j/jackm/lorrax_sandbox/sources/lorrax_D/src/gw/gw_jax.py", line 175, in main
    isdf = prepare_isdf_and_wavefunctions(
           ^^^^^^^^^^^^^^^^^^^^^^^^^^^^^^^
  File "/pscratch/sd/j/jackm/lorrax_sandbox/sources/lorrax_D/src/gw/gw_init.py", line 776, in prepare_isdf_and_wavefunctions
    V_qmunu, G0 = compute_V_q(
                  ^^^^^^^^^^^^
  File "/pscratch/sd/j/jackm/lorrax_sandbox/sources/lorrax_D/src/gw/gw_init.py", line 658, in compute_V_q
    V_q_raw, G0_all = compute_all_V_q(
                      ^^^^^^^^^^^^^^^^
  File "/pscratch/sd/j/jackm/lorrax_sandbox/sources/lorrax_D/src/gw/compute_vcoul.py", line 1738, in compute_all_V_q
    return _compute_all_V_q_sharded(
           ^^^^^^^^^^^^^^^^^^^^^^^^^
  File "/pscratch/sd/j/jackm/lorrax_sandbox/sources/lorrax_D/src/gw/compute_vcoul.py", line 1964, in _compute_all_V_q_sharded
    V_acc, g0_acc = kernel(
                    ^^^^^^^
jaxlib.xla_extension.XlaRuntimeError: RESOURCE_EXHAUSTED: Failed to allocate request for 53.01GiB (56916001664B) on device ordinal 0
--------------------
For simplicity, JAX has removed its internal frames from the traceback of the following exception. Set JAX_TRACEBACK_FILTERING=off to include these.
  [SlabIO.close] H5Fclose returned in 7.1 s
Traceback (most recent call last):
  File "<frozen runpy>", line 198, in _run_module_as_main
  File "<frozen runpy>", line 88, in _run_code
  File "/pscratch/sd/j/jackm/lorrax_sandbox/sources/lorrax_D/src/gw/gw_jax.py", line 525, in <module>
    raise SystemExit(main())
                     ^^^^^^
  File "/pscratch/sd/j/jackm/lorrax_sandbox/sources/lorrax_D/src/gw/gw_jax.py", line 175, in main
    isdf = prepare_isdf_and_wavefunctions(
           ^^^^^^^^^^^^^^^^^^^^^^^^^^^^^^^
  File "/pscratch/sd/j/jackm/lorrax_sandbox/sources/lorrax_D/src/gw/gw_init.py", line 776, in prepare_isdf_and_wavefunctions
    V_qmunu, G0 = compute_V_q(
                  ^^^^^^^^^^^^
  File "/pscratch/sd/j/jackm/lorrax_sandbox/sources/lorrax_D/src/gw/gw_init.py", line 658, in compute_V_q
    V_q_raw, G0_all = compute_all_V_q(
                      ^^^^^^^^^^^^^^^^
  File "/pscratch/sd/j/jackm/lorrax_sandbox/sources/lorrax_D/src/gw/compute_vcoul.py", line 1738, in compute_all_V_q
    return _compute_all_V_q_sharded(
           ^^^^^^^^^^^^^^^^^^^^^^^^^
  File "/pscratch/sd/j/jackm/lorrax_sandbox/sources/lorrax_D/src/gw/compute_vcoul.py", line 1964, in _compute_all_V_q_sharded
    V_acc, g0_acc = kernel(
                    ^^^^^^^
jaxlib.xla_extension.XlaRuntimeError: RESOURCE_EXHAUSTED: Failed to allocate request for 53.01GiB (56916001664B) on device ordinal 0
--------------------
For simplicity, JAX has removed its internal frames from the traceback of the following exception. Set JAX_TRACEBACK_FILTERING=off to include these.
Traceback (most recent call last):
  File "<frozen runpy>", line 198, in _run_module_as_main
  File "<frozen runpy>", line 88, in _run_code
  File "/pscratch/sd/j/jackm/lorrax_sandbox/sources/lorrax_D/src/gw/gw_jax.py", line 525, in <module>
    raise SystemExit(main())
                     ^^^^^^
  File "/pscratch/sd/j/jackm/lorrax_sandbox/sources/lorrax_D/src/gw/gw_jax.py", line 175, in main
    isdf = prepare_isdf_and_wavefunctions(
           ^^^^^^^^^^^^^^^^^^^^^^^^^^^^^^^
  File "/pscratch/sd/j/jackm/lorrax_sandbox/sources/lorrax_D/src/gw/gw_init.py", line 776, in prepare_isdf_and_wavefunctions
    V_qmunu, G0 = compute_V_q(
                  ^^^^^^^^^^^^
  File "/pscratch/sd/j/jackm/lorrax_sandbox/sources/lorrax_D/src/gw/gw_init.py", line 658, in compute_V_q
    V_q_raw, G0_all = compute_all_V_q(
                      ^^^^^^^^^^^^^^^^
  File "/pscratch/sd/j/jackm/lorrax_sandbox/sources/lorrax_D/src/gw/compute_vcoul.py", line 1738, in compute_all_V_q
    return _compute_all_V_q_sharded(
           ^^^^^^^^^^^^^^^^^^^^^^^^^
  File "/pscratch/sd/j/jackm/lorrax_sandbox/sources/lorrax_D/src/gw/compute_vcoul.py", line 1964, in _compute_all_V_q_sharded
    V_acc, g0_acc = kernel(
                    ^^^^^^^
jaxlib.xla_extension.XlaRuntimeError: RESOURCE_EXHAUSTED: Failed to allocate request for 53.01GiB (56916001664B) on device ordinal 0
--------------------
For simplicity, JAX has removed its internal frames from the traceback of the following exception. Set JAX_TRACEBACK_FILTERING=off to include these.
Traceback (most recent call last):
  File "<frozen runpy>", line 198, in _run_module_as_main
  File "<frozen runpy>", line 88, in _run_code
  File "/pscratch/sd/j/jackm/lorrax_sandbox/sources/lorrax_D/src/gw/gw_jax.py", line 525, in <module>
    raise SystemExit(main())
                     ^^^^^^
  File "/pscratch/sd/j/jackm/lorrax_sandbox/sources/lorrax_D/src/gw/gw_jax.py", line 175, in main
    isdf = prepare_isdf_and_wavefunctions(
           ^^^^^^^^^^^^^^^^^^^^^^^^^^^^^^^
  File "/pscratch/sd/j/jackm/lorrax_sandbox/sources/lorrax_D/src/gw/gw_init.py", line 776, in prepare_isdf_and_wavefunctions
    V_qmunu, G0 = compute_V_q(
                  ^^^^^^^^^^^^
  File "/pscratch/sd/j/jackm/lorrax_sandbox/sources/lorrax_D/src/gw/gw_init.py", line 658, in compute_V_q
    V_q_raw, G0_all = compute_all_V_q(
                      ^^^^^^^^^^^^^^^^
  File "/pscratch/sd/j/jackm/lorrax_sandbox/sources/lorrax_D/src/gw/compute_vcoul.py", line 1738, in compute_all_V_q
    return _compute_all_V_q_sharded(
           ^^^^^^^^^^^^^^^^^^^^^^^^^
  File "/pscratch/sd/j/jackm/lorrax_sandbox/sources/lorrax_D/src/gw/compute_vcoul.py", line 1964, in _compute_all_V_q_sharded
    V_acc, g0_acc = kernel(
                    ^^^^^^^
jaxlib.xla_extension.XlaRuntimeError: RESOURCE_EXHAUSTED: Failed to allocate request for 53.01GiB (56916001664B) on device ordinal 0
--------------------
For simplicity, JAX has removed its internal frames from the traceback of the following exception. Set JAX_TRACEBACK_FILTERING=off to include these.
Traceback (most recent call last):
  File "<frozen runpy>", line 198, in _run_module_as_main
  File "<frozen runpy>", line 88, in _run_code
  File "/pscratch/sd/j/jackm/lorrax_sandbox/sources/lorrax_D/src/gw/gw_jax.py", line 525, in <module>
    raise SystemExit(main())
                     ^^^^^^
  File "/pscratch/sd/j/jackm/lorrax_sandbox/sources/lorrax_D/src/gw/gw_jax.py", line 175, in main
    isdf = prepare_isdf_and_wavefunctions(
           ^^^^^^^^^^^^^^^^^^^^^^^^^^^^^^^
  File "/pscratch/sd/j/jackm/lorrax_sandbox/sources/lorrax_D/src/gw/gw_init.py", line 776, in prepare_isdf_and_wavefunctions
    V_qmunu, G0 = compute_V_q(
                  ^^^^^^^^^^^^
  File "/pscratch/sd/j/jackm/lorrax_sandbox/sources/lorrax_D/src/gw/gw_init.py", line 658, in compute_V_q
    V_q_raw, G0_all = compute_all_V_q(
                      ^^^^^^^^^^^^^^^^
  File "/pscratch/sd/j/jackm/lorrax_sandbox/sources/lorrax_D/src/gw/compute_vcoul.py", line 1738, in compute_all_V_q
Traceback (most recent call last):
  File "<frozen runpy>", line 198, in _run_module_as_main
  File "<frozen runpy>", line 88, in _run_code
  File "/pscratch/sd/j/jackm/lorrax_sandbox/sources/lorrax_D/src/gw/gw_jax.py", line 525, in <module>
    return _compute_all_V_q_sharded(
           ^^^^^^^^^^^^^^^^^^^^^^^^^
  File "/pscratch/sd/j/jackm/lorrax_sandbox/sources/lorrax_D/src/gw/compute_vcoul.py", line 1964, in _compute_all_V_q_sharded
    V_acc, g0_acc = kernel(
                    ^^^^^^^
jaxlib.xla_extension.XlaRuntimeError: RESOURCE_EXHAUSTED: Failed to allocate request for 53.01GiB (56916001664B) on device ordinal 0
--------------------
For simplicity, JAX has removed its internal frames from the traceback of the following exception. Set JAX_TRACEBACK_FILTERING=off to include these.
    raise SystemExit(main())
                     ^^^^^^
  File "/pscratch/sd/j/jackm/lorrax_sandbox/sources/lorrax_D/src/gw/gw_jax.py", line 175, in main
    isdf = prepare_isdf_and_wavefunctions(
           ^^^^^^^^^^^^^^^^^^^^^^^^^^^^^^^
  File "/pscratch/sd/j/jackm/lorrax_sandbox/sources/lorrax_D/src/gw/gw_init.py", line 776, in prepare_isdf_and_wavefunctions
    V_qmunu, G0 = compute_V_q(
                  ^^^^^^^^^^^^
  File "/pscratch/sd/j/jackm/lorrax_sandbox/sources/lorrax_D/src/gw/gw_init.py", line 658, in compute_V_q
    V_q_raw, G0_all = compute_all_V_q(
                      ^^^^^^^^^^^^^^^^
  File "/pscratch/sd/j/jackm/lorrax_sandbox/sources/lorrax_D/src/gw/compute_vcoul.py", line 1738, in compute_all_V_q
    return _compute_all_V_q_sharded(
           ^^^^^^^^^^^^^^^^^^^^^^^^^
  File "/pscratch/sd/j/jackm/lorrax_sandbox/sources/lorrax_D/src/gw/compute_vcoul.py", line 1964, in _compute_all_V_q_sharded
    V_acc, g0_acc = kernel(
                    ^^^^^^^
jaxlib.xla_extension.XlaRuntimeError: RESOURCE_EXHAUSTED: Failed to allocate request for 53.01GiB (56916001664B) on device ordinal 0
--------------------
For simplicity, JAX has removed its internal frames from the traceback of the following exception. Set JAX_TRACEBACK_FILTERING=off to include these.
Traceback (most recent call last):
  File "<frozen runpy>", line 198, in _run_module_as_main
  File "<frozen runpy>", line 88, in _run_code
  File "/pscratch/sd/j/jackm/lorrax_sandbox/sources/lorrax_D/src/gw/gw_jax.py", line 525, in <module>
    raise SystemExit(main())
                     ^^^^^^
  File "/pscratch/sd/j/jackm/lorrax_sandbox/sources/lorrax_D/src/gw/gw_jax.py", line 175, in main
    isdf = prepare_isdf_and_wavefunctions(
           ^^^^^^^^^^^^^^^^^^^^^^^^^^^^^^^
  File "/pscratch/sd/j/jackm/lorrax_sandbox/sources/lorrax_D/src/gw/gw_init.py", line 776, in prepare_isdf_and_wavefunctions
    V_qmunu, G0 = compute_V_q(
                  ^^^^^^^^^^^^
  File "/pscratch/sd/j/jackm/lorrax_sandbox/sources/lorrax_D/src/gw/gw_init.py", line 658, in compute_V_q
    V_q_raw, G0_all = compute_all_V_q(
                      ^^^^^^^^^^^^^^^^
  File "/pscratch/sd/j/jackm/lorrax_sandbox/sources/lorrax_D/src/gw/compute_vcoul.py", line 1738, in compute_all_V_q
    return _compute_all_V_q_sharded(
           ^^^^^^^^^^^^^^^^^^^^^^^^^
  File "/pscratch/sd/j/jackm/lorrax_sandbox/sources/lorrax_D/src/gw/compute_vcoul.py", line 1964, in _compute_all_V_q_sharded
    V_acc, g0_acc = kernel(
                    ^^^^^^^
jaxlib.xla_extension.XlaRuntimeError: RESOURCE_EXHAUSTED: Failed to allocate request for 53.01GiB (56916001664B) on device ordinal 0
--------------------
For simplicity, JAX has removed its internal frames from the traceback of the following exception. Set JAX_TRACEBACK_FILTERING=off to include these.
srun: error: nid008244: task 3: Exited with exit code 1
srun: Terminating StepId=52600363.2
srun: error: nid008625: tasks 6-7: Exited with exit code 1
[2026-05-07T04:52:08.857] error: *** STEP 52600363.2 ON nid008244 CANCELLED AT 2026-05-07T04:52:08 DUE TO TASK FAILURE ***
srun: error: nid008629: tasks 13,15: Exited with exit code 1
srun: error: nid008625: tasks 4-5: Exited with exit code 1
srun: error: nid008628: tasks 9-10: Exited with exit code 1
srun: error: nid008244: tasks 0-2: Exited with exit code 1
srun: error: nid008629: task 14: Exited with exit code 1
srun: error: nid008628: task 11: Exited with exit code 1
srun: error: nid008629: task 12: Exited with exit code 1
srun: error: nid008628: task 8: Exited with exit code 1
