[lxrun] JID 52600363 · 4 nodes · 2:17:52 left · 4/4 free · incoming: lx-D
  1  nid008244  free   —              —      —  ← starting lx-D  python3 -u -m gw.gw_jax 
  2  nid008625  free   —              —      —  ← starting lx-D  python3 -u -m gw.gw_jax 
  3  nid008628  free   —              —      —  ← starting lx-D  python3 -u -m gw.gw_jax 
  4  nid008629  free   —              —      —  ← starting lx-D  python3 -u -m gw.gw_jax 

========================================================================
  COHSEX-JAX: Self-Energy Calculation
========================================================================
  Backend: GPU       Devices: 16  Mesh: 4×4  Processes: 16
  Device type: NVIDIA A100-SXM4-80GB
  XLA preallocate: false  mem_fraction: unset
========================================================================

  ISDF basis: 1500 centroids
  FFT grid: 75×75×200   Cell volume: 4960.60 a.u.³

    K-point chunking: 11 k-pts per FFT batch (total 36)
  K-point chunking: 2 chunks of 27 (total 36 k-points)
    K-point chunking: 11 k-pts per FFT batch (total 36)
  K-point chunking: 2 chunks of 27 (total 36 k-points)
    K-point chunking: 11 k-pts per FFT batch (total 36)
  K-point chunking: 2 chunks of 27 (total 36 k-points)
    K-point chunking: 11 k-pts per FFT batch (total 36)
  K-point chunking: 2 chunks of 27 (total 36 k-points)
    K-point chunking: 11 k-pts per FFT batch (total 36)
  K-point chunking: 2 chunks of 27 (total 36 k-points)
    K-point chunking: 11 k-pts per FFT batch (total 36)
  K-point chunking: 2 chunks of 27 (total 36 k-points)
    K-point chunking: 11 k-pts per FFT batch (total 36)
  K-point chunking: 2 chunks of 27 (total 36 k-points)
    K-point chunking: 11 k-pts per FFT batch (total 36)
  K-point chunking: 2 chunks of 27 (total 36 k-points)
    K-point chunking: 11 k-pts per FFT batch (total 36)
  K-point chunking: 2 chunks of 27 (total 36 k-points)
    K-point chunking: 11 k-pts per FFT batch (total 36)
  K-point chunking: 2 chunks of 27 (total 36 k-points)
    K-point chunking: 11 k-pts per FFT batch (total 36)
  K-point chunking: 2 chunks of 27 (total 36 k-points)
    K-point chunking: 11 k-pts per FFT batch (total 36)
  K-point chunking: 2 chunks of 27 (total 36 k-points)
    K-point chunking: 11 k-pts per FFT batch (total 36)
  K-point chunking: 2 chunks of 27 (total 36 k-points)
    K-point chunking: 11 k-pts per FFT batch (total 36)
  K-point chunking: 2 chunks of 27 (total 36 k-points)
    K-point chunking: 11 k-pts per FFT batch (total 36)
  K-point chunking: 2 chunks of 27 (total 36 k-points)
    K-point chunking: 11 k-pts per FFT batch (total 36)
  K-point chunking: 2 chunks of 27 (total 36 k-points)
    Memory estimate: peak 30.20 GB (budget 20.00 GB), bottleneck=fft
    Per-stage: fft=30.20  zct=19.52  reshard=11.96  solve=8.50  gather=7.86 GB
    AOT fit_one_rchunk peak (driver-level): 17.53 GB

  Chunked ISDF fitting:
    Band chunks: 32
    R chunks:    70000 (contiguous r-space)
    Q chunks:    35
    Zeta output: /pscratch/sd/j/jackm/lorrax_sandbox/runs/CrI3/B_bispinor_repair_80gb_2026-05-06/tmp/zeta_q.h5

  Zeta fitting: 17 r-chunks x 70000 r-points, 160 bands (150 left + 160 right)
  Output: /pscratch/sd/j/jackm/lorrax_sandbox/runs/CrI3/B_bispinor_repair_80gb_2026-05-06/tmp/zeta_q.h5
  Left wfns:  (36, 150, 4, 1500)
  Right wfns: (36, 160, 4, 1500)
  Pseudobands normalization: 0 weighted, 0 zero-weight (skipped)
  Computing pair densities P_l, P_r (spin_traced)
/opt/jax/jax/_src/interpreters/mlir.py:1178: UserWarning: Some donated buffers were not usable: ShapedArray(complex128[36,375,375]).
See an explanation at https://jax.readthedocs.io/en/latest/faq.html#buffer-donation.
  warnings.warn("Some donated buffers were not usable:"
  Computing L_q = chol(C_q)

  Zeta fitting: 17 r-chunks x 70000 r-points, 160 bands (150 left + 160 right)
  Output: /pscratch/sd/j/jackm/lorrax_sandbox/runs/CrI3/B_bispinor_repair_80gb_2026-05-06/tmp/zeta_q.h5

  Zeta fitting: 17 r-chunks x 70000 r-points, 160 bands (150 left + 160 right)
  Output: /pscratch/sd/j/jackm/lorrax_sandbox/runs/CrI3/B_bispinor_repair_80gb_2026-05-06/tmp/zeta_q.h5

  Zeta fitting: 17 r-chunks x 70000 r-points, 160 bands (150 left + 160 right)
  Output: /pscratch/sd/j/jackm/lorrax_sandbox/runs/CrI3/B_bispinor_repair_80gb_2026-05-06/tmp/zeta_q.h5

  Zeta fitting: 17 r-chunks x 70000 r-points, 160 bands (150 left + 160 right)
  Output: /pscratch/sd/j/jackm/lorrax_sandbox/runs/CrI3/B_bispinor_repair_80gb_2026-05-06/tmp/zeta_q.h5

  Zeta fitting: 17 r-chunks x 70000 r-points, 160 bands (150 left + 160 right)
  Output: /pscratch/sd/j/jackm/lorrax_sandbox/runs/CrI3/B_bispinor_repair_80gb_2026-05-06/tmp/zeta_q.h5

  Zeta fitting: 17 r-chunks x 70000 r-points, 160 bands (150 left + 160 right)
  Output: /pscratch/sd/j/jackm/lorrax_sandbox/runs/CrI3/B_bispinor_repair_80gb_2026-05-06/tmp/zeta_q.h5

  Zeta fitting: 17 r-chunks x 70000 r-points, 160 bands (150 left + 160 right)
  Output: /pscratch/sd/j/jackm/lorrax_sandbox/runs/CrI3/B_bispinor_repair_80gb_2026-05-06/tmp/zeta_q.h5

  Zeta fitting: 17 r-chunks x 70000 r-points, 160 bands (150 left + 160 right)
  Output: /pscratch/sd/j/jackm/lorrax_sandbox/runs/CrI3/B_bispinor_repair_80gb_2026-05-06/tmp/zeta_q.h5

  Zeta fitting: 17 r-chunks x 70000 r-points, 160 bands (150 left + 160 right)
  Output: /pscratch/sd/j/jackm/lorrax_sandbox/runs/CrI3/B_bispinor_repair_80gb_2026-05-06/tmp/zeta_q.h5

  Zeta fitting: 17 r-chunks x 70000 r-points, 160 bands (150 left + 160 right)
  Output: /pscratch/sd/j/jackm/lorrax_sandbox/runs/CrI3/B_bispinor_repair_80gb_2026-05-06/tmp/zeta_q.h5

  Zeta fitting: 17 r-chunks x 70000 r-points, 160 bands (150 left + 160 right)
  Output: /pscratch/sd/j/jackm/lorrax_sandbox/runs/CrI3/B_bispinor_repair_80gb_2026-05-06/tmp/zeta_q.h5

  Zeta fitting: 17 r-chunks x 70000 r-points, 160 bands (150 left + 160 right)
  Output: /pscratch/sd/j/jackm/lorrax_sandbox/runs/CrI3/B_bispinor_repair_80gb_2026-05-06/tmp/zeta_q.h5

  Zeta fitting: 17 r-chunks x 70000 r-points, 160 bands (150 left + 160 right)
  Output: /pscratch/sd/j/jackm/lorrax_sandbox/runs/CrI3/B_bispinor_repair_80gb_2026-05-06/tmp/zeta_q.h5

  Zeta fitting: 17 r-chunks x 70000 r-points, 160 bands (150 left + 160 right)
  Output: /pscratch/sd/j/jackm/lorrax_sandbox/runs/CrI3/B_bispinor_repair_80gb_2026-05-06/tmp/zeta_q.h5

  Zeta fitting: 17 r-chunks x 70000 r-points, 160 bands (150 left + 160 right)
  Output: /pscratch/sd/j/jackm/lorrax_sandbox/runs/CrI3/B_bispinor_repair_80gb_2026-05-06/tmp/zeta_q.h5
  Left wfns:  (36, 150, 4, 1500)
  Right wfns: (36, 160, 4, 1500)
  Left wfns:  (36, 150, 4, 1500)
  Right wfns: (36, 160, 4, 1500)
  Left wfns:  (36, 150, 4, 1500)
  Right wfns: (36, 160, 4, 1500)
  Left wfns:  (36, 150, 4, 1500)
  Right wfns: (36, 160, 4, 1500)
  Left wfns:  (36, 150, 4, 1500)
  Right wfns: (36, 160, 4, 1500)
  Left wfns:  (36, 150, 4, 1500)
  Right wfns: (36, 160, 4, 1500)
  Left wfns:  (36, 150, 4, 1500)
  Right wfns: (36, 160, 4, 1500)
  Left wfns:  (36, 150, 4, 1500)
  Right wfns: (36, 160, 4, 1500)
  Left wfns:  (36, 150, 4, 1500)
  Right wfns: (36, 160, 4, 1500)
  Left wfns:  (36, 150, 4, 1500)
  Right wfns: (36, 160, 4, 1500)
  Left wfns:  (36, 150, 4, 1500)
  Right wfns: (36, 160, 4, 1500)
  Left wfns:  (36, 150, 4, 1500)
  Right wfns: (36, 160, 4, 1500)
  Left wfns:  (36, 150, 4, 1500)
  Right wfns: (36, 160, 4, 1500)
  Left wfns:  (36, 150, 4, 1500)
  Right wfns: (36, 160, 4, 1500)
  Left wfns:  (36, 150, 4, 1500)
  Right wfns: (36, 160, 4, 1500)
  Pseudobands normalization: 0 weighted, 0 zero-weight (skipped)
  Computing pair densities P_l, P_r (spin_traced)
  Pseudobands normalization: 0 weighted, 0 zero-weight (skipped)
  Computing pair densities P_l, P_r (spin_traced)
  Pseudobands normalization: 0 weighted, 0 zero-weight (skipped)
  Computing pair densities P_l, P_r (spin_traced)
  Pseudobands normalization: 0 weighted, 0 zero-weight (skipped)
  Computing pair densities P_l, P_r (spin_traced)
  Pseudobands normalization: 0 weighted, 0 zero-weight (skipped)
  Computing pair densities P_l, P_r (spin_traced)
  Pseudobands normalization: 0 weighted, 0 zero-weight (skipped)
  Computing pair densities P_l, P_r (spin_traced)
  Pseudobands normalization: 0 weighted, 0 zero-weight (skipped)
  Computing pair densities P_l, P_r (spin_traced)
  Pseudobands normalization: 0 weighted, 0 zero-weight (skipped)
  Computing pair densities P_l, P_r (spin_traced)
  Pseudobands normalization: 0 weighted, 0 zero-weight (skipped)
  Computing pair densities P_l, P_r (spin_traced)
  Pseudobands normalization: 0 weighted, 0 zero-weight (skipped)
  Computing pair densities P_l, P_r (spin_traced)
  Pseudobands normalization: 0 weighted, 0 zero-weight (skipped)
  Computing pair densities P_l, P_r (spin_traced)
  Pseudobands normalization: 0 weighted, 0 zero-weight (skipped)
  Computing pair densities P_l, P_r (spin_traced)
  Pseudobands normalization: 0 weighted, 0 zero-weight (skipped)
  Computing pair densities P_l, P_r (spin_traced)
  Pseudobands normalization: 0 weighted, 0 zero-weight (skipped)
  Computing pair densities P_l, P_r (spin_traced)
  Pseudobands normalization: 0 weighted, 0 zero-weight (skipped)
  Computing pair densities P_l, P_r (spin_traced)
/opt/jax/jax/_src/interpreters/mlir.py:1178: UserWarning: Some donated buffers were not usable: ShapedArray(complex128[36,375,375]).
See an explanation at https://jax.readthedocs.io/en/latest/faq.html#buffer-donation.
  warnings.warn("Some donated buffers were not usable:"
/opt/jax/jax/_src/interpreters/mlir.py:1178: UserWarning: Some donated buffers were not usable: ShapedArray(complex128[36,375,375]).
See an explanation at https://jax.readthedocs.io/en/latest/faq.html#buffer-donation.
  warnings.warn("Some donated buffers were not usable:"
/opt/jax/jax/_src/interpreters/mlir.py:1178: UserWarning: Some donated buffers were not usable: ShapedArray(complex128[36,375,375]).
See an explanation at https://jax.readthedocs.io/en/latest/faq.html#buffer-donation.
  warnings.warn("Some donated buffers were not usable:"
/opt/jax/jax/_src/interpreters/mlir.py:1178: UserWarning: Some donated buffers were not usable: ShapedArray(complex128[36,375,375]).
See an explanation at https://jax.readthedocs.io/en/latest/faq.html#buffer-donation.
  warnings.warn("Some donated buffers were not usable:"
/opt/jax/jax/_src/interpreters/mlir.py:1178: UserWarning: Some donated buffers were not usable: ShapedArray(complex128[36,375,375]).
See an explanation at https://jax.readthedocs.io/en/latest/faq.html#buffer-donation.
  warnings.warn("Some donated buffers were not usable:"
/opt/jax/jax/_src/interpreters/mlir.py:1178: UserWarning: Some donated buffers were not usable: ShapedArray(complex128[36,375,375]).
See an explanation at https://jax.readthedocs.io/en/latest/faq.html#buffer-donation.
  warnings.warn("Some donated buffers were not usable:"
/opt/jax/jax/_src/interpreters/mlir.py:1178: UserWarning: Some donated buffers were not usable: ShapedArray(complex128[36,375,375]).
See an explanation at https://jax.readthedocs.io/en/latest/faq.html#buffer-donation.
  warnings.warn("Some donated buffers were not usable:"
/opt/jax/jax/_src/interpreters/mlir.py:1178: UserWarning: Some donated buffers were not usable: ShapedArray(complex128[36,375,375]).
See an explanation at https://jax.readthedocs.io/en/latest/faq.html#buffer-donation.
  warnings.warn("Some donated buffers were not usable:"
/opt/jax/jax/_src/interpreters/mlir.py:1178: UserWarning: Some donated buffers were not usable: ShapedArray(complex128[36,375,375]).
See an explanation at https://jax.readthedocs.io/en/latest/faq.html#buffer-donation.
  warnings.warn("Some donated buffers were not usable:"
/opt/jax/jax/_src/interpreters/mlir.py:1178: UserWarning: Some donated buffers were not usable: ShapedArray(complex128[36,375,375]).
See an explanation at https://jax.readthedocs.io/en/latest/faq.html#buffer-donation.
  warnings.warn("Some donated buffers were not usable:"
/opt/jax/jax/_src/interpreters/mlir.py:1178: UserWarning: Some donated buffers were not usable: ShapedArray(complex128[36,375,375]).
See an explanation at https://jax.readthedocs.io/en/latest/faq.html#buffer-donation.
  warnings.warn("Some donated buffers were not usable:"
/opt/jax/jax/_src/interpreters/mlir.py:1178: UserWarning: Some donated buffers were not usable: ShapedArray(complex128[36,375,375]).
See an explanation at https://jax.readthedocs.io/en/latest/faq.html#buffer-donation.
  warnings.warn("Some donated buffers were not usable:"
/opt/jax/jax/_src/interpreters/mlir.py:1178: UserWarning: Some donated buffers were not usable: ShapedArray(complex128[36,375,375]).
See an explanation at https://jax.readthedocs.io/en/latest/faq.html#buffer-donation.
  warnings.warn("Some donated buffers were not usable:"
/opt/jax/jax/_src/interpreters/mlir.py:1178: UserWarning: Some donated buffers were not usable: ShapedArray(complex128[36,375,375]).
See an explanation at https://jax.readthedocs.io/en/latest/faq.html#buffer-donation.
  warnings.warn("Some donated buffers were not usable:"
/opt/jax/jax/_src/interpreters/mlir.py:1178: UserWarning: Some donated buffers were not usable: ShapedArray(complex128[36,375,375]).
See an explanation at https://jax.readthedocs.io/en/latest/faq.html#buffer-donation.
  warnings.warn("Some donated buffers were not usable:"
  Computing L_q = chol(C_q)
  Computing L_q = chol(C_q)
  Computing L_q = chol(C_q)
  Computing L_q = chol(C_q)
  Computing L_q = chol(C_q)
  Computing L_q = chol(C_q)
  Computing L_q = chol(C_q)
  Computing L_q = chol(C_q)
  Computing L_q = chol(C_q)
  Computing L_q = chol(C_q)
  Computing L_q = chol(C_q)
  Computing L_q = chol(C_q)
  Computing L_q = chol(C_q)
  Computing L_q = chol(C_q)
  Computing L_q = chol(C_q)
  L_q: (36, 1500, 1500)
  L_q: (36, 1500, 1500)
  L_q: (36, 1500, 1500)
  L_q: (36, 1500, 1500)
  L_q: (36, 1500, 1500)
  L_q: (36, 1500, 1500)
  L_q: (36, 1500, 1500)
  L_q: (36, 1500, 1500)
  L_q: (36, 1500, 1500)
  L_q: (36, 1500, 1500)
  L_q: (36, 1500, 1500)
  L_q: (36, 1500, 1500)
  L_q: (36, 1500, 1500)
  L_q: (36, 1500, 1500)
  L_q: (36, 1500, 1500)
  L_q: (36, 1500, 1500)
/pscratch/sd/j/jackm/lorrax_sandbox/sources/lorrax_D/src/file_io/_slab_io_ffi.py:239: UserWarning: FFI backend: chunks/attrs on create_dataset currently no-op; pre-create with h5py if you need explicit chunking or attrs.
  warnings.warn(
/pscratch/sd/j/jackm/lorrax_sandbox/sources/lorrax_D/src/file_io/_slab_io_ffi.py:239: UserWarning: FFI backend: chunks/attrs on create_dataset currently no-op; pre-create with h5py if you need explicit chunking or attrs.
  warnings.warn(
/pscratch/sd/j/jackm/lorrax_sandbox/sources/lorrax_D/src/file_io/_slab_io_ffi.py:239: UserWarning: FFI backend: chunks/attrs on create_dataset currently no-op; pre-create with h5py if you need explicit chunking or attrs.
  warnings.warn(
/pscratch/sd/j/jackm/lorrax_sandbox/sources/lorrax_D/src/file_io/_slab_io_ffi.py:239: UserWarning: FFI backend: chunks/attrs on create_dataset currently no-op; pre-create with h5py if you need explicit chunking or attrs.
  warnings.warn(
/pscratch/sd/j/jackm/lorrax_sandbox/sources/lorrax_D/src/file_io/_slab_io_ffi.py:239: UserWarning: FFI backend: chunks/attrs on create_dataset currently no-op; pre-create with h5py if you need explicit chunking or attrs.
  warnings.warn(
/pscratch/sd/j/jackm/lorrax_sandbox/sources/lorrax_D/src/file_io/_slab_io_ffi.py:239: UserWarning: FFI backend: chunks/attrs on create_dataset currently no-op; pre-create with h5py if you need explicit chunking or attrs.
  warnings.warn(
/pscratch/sd/j/jackm/lorrax_sandbox/sources/lorrax_D/src/file_io/_slab_io_ffi.py:239: UserWarning: FFI backend: chunks/attrs on create_dataset currently no-op; pre-create with h5py if you need explicit chunking or attrs.
  warnings.warn(
/pscratch/sd/j/jackm/lorrax_sandbox/sources/lorrax_D/src/file_io/_slab_io_ffi.py:239: UserWarning: FFI backend: chunks/attrs on create_dataset currently no-op; pre-create with h5py if you need explicit chunking or attrs.
  warnings.warn(
/pscratch/sd/j/jackm/lorrax_sandbox/sources/lorrax_D/src/file_io/_slab_io_ffi.py:239: UserWarning: FFI backend: chunks/attrs on create_dataset currently no-op; pre-create with h5py if you need explicit chunking or attrs.
  warnings.warn(
/pscratch/sd/j/jackm/lorrax_sandbox/sources/lorrax_D/src/file_io/_slab_io_ffi.py:239: UserWarning: FFI backend: chunks/attrs on create_dataset currently no-op; pre-create with h5py if you need explicit chunking or attrs.
  warnings.warn(
/pscratch/sd/j/jackm/lorrax_sandbox/sources/lorrax_D/src/file_io/_slab_io_ffi.py:239: UserWarning: FFI backend: chunks/attrs on create_dataset currently no-op; pre-create with h5py if you need explicit chunking or attrs.
  warnings.warn(
/pscratch/sd/j/jackm/lorrax_sandbox/sources/lorrax_D/src/file_io/_slab_io_ffi.py:239: UserWarning: FFI backend: chunks/attrs on create_dataset currently no-op; pre-create with h5py if you need explicit chunking or attrs.
  warnings.warn(
/pscratch/sd/j/jackm/lorrax_sandbox/sources/lorrax_D/src/file_io/_slab_io_ffi.py:239: UserWarning: FFI backend: chunks/attrs on create_dataset currently no-op; pre-create with h5py if you need explicit chunking or attrs.
  warnings.warn(
/pscratch/sd/j/jackm/lorrax_sandbox/sources/lorrax_D/src/file_io/_slab_io_ffi.py:239: UserWarning: FFI backend: chunks/attrs on create_dataset currently no-op; pre-create with h5py if you need explicit chunking or attrs.
  warnings.warn(
/pscratch/sd/j/jackm/lorrax_sandbox/sources/lorrax_D/src/file_io/_slab_io_ffi.py:239: UserWarning: FFI backend: chunks/attrs on create_dataset currently no-op; pre-create with h5py if you need explicit chunking or attrs.
  warnings.warn(
/pscratch/sd/j/jackm/lorrax_sandbox/sources/lorrax_D/src/file_io/_slab_io_ffi.py:239: UserWarning: FFI backend: chunks/attrs on create_dataset currently no-op; pre-create with h5py if you need explicit chunking or attrs.
  warnings.warn(
  ψ(G) host cache: 25.92 GB/process resident
Started zeta fitting at 21:54:35.
[ 21:54:35 | █░░░░░░░░░ |   6% ] r-chunk  1 / 17 · ETA 0 s
[ 21:54:53 | █░░░░░░░░░ |  12% ] r-chunk  2 / 17 · ETA 137 s
[ 21:55:10 | ██░░░░░░░░ |  18% ] r-chunk  3 / 17 · ETA 162 s
[ 21:55:27 | ██░░░░░░░░ |  24% ] r-chunk  4 / 17 · ETA 168 s
[ 21:55:44 | ███░░░░░░░ |  29% ] r-chunk  5 / 17 · ETA 166 s
[ 21:56:01 | ████░░░░░░ |  35% ] r-chunk  6 / 17 · ETA 158 s
[ 21:56:18 | ████░░░░░░ |  41% ] r-chunk  7 / 17 · ETA 147 s
[2026-05-07T04:56:30.161] error: *** STEP 52600363.3 ON nid008244 CANCELLED AT 2026-05-07T04:56:30 DUE to SIGNAL Terminated ***
2026-05-06 21:56:30.352025: W external/xla/xla/tsl/distributed_runtime/preemption/preemption_notifier.cc:89] SIGTERM caught at 2026-05-06T21:56:30.35194877-07:00
2026-05-06 21:56:30.352568: W external/xla/xla/tsl/distributed_runtime/preemption/preemption_notifier.cc:89] SIGTERM caught at 2026-05-06T21:56:30.352495439-07:00
2026-05-06 21:56:30.353484: W external/xla/xla/tsl/distributed_runtime/preemption/preemption_notifier.cc:89] SIGTERM caught at 2026-05-06T21:56:30.353449006-07:00
2026-05-06 21:56:30.353525: W external/xla/xla/tsl/distributed_runtime/preemption/preemption_notifier.cc:89] SIGTERM caught at 2026-05-06T21:56:30.353501648-07:00
2026-05-06 21:56:30.354240: W external/xla/xla/tsl/distributed_runtime/preemption/preemption_notifier.cc:89] SIGTERM caught at 2026-05-06T21:56:30.354214556-07:00
2026-05-06 21:56:30.354323: W external/xla/xla/tsl/distributed_runtime/preemption/preemption_notifier.cc:89] SIGTERM caught at 2026-05-06T21:56:30.354277267-07:00
2026-05-06 21:56:30.355271: W external/xla/xla/tsl/distributed_runtime/preemption/preemption_notifier.cc:89] SIGTERM caught at 2026-05-06T21:56:30.355247838-07:00
2026-05-06 21:56:30.353214: W external/xla/xla/tsl/distributed_runtime/preemption/preemption_notifier.cc:89] SIGTERM caught at 2026-05-06T21:56:30.353175386-07:00
2026-05-06 21:56:30.354999: W external/xla/xla/tsl/distributed_runtime/preemption/preemption_notifier.cc:89] SIGTERM caught at 2026-05-06T21:56:30.352585849-07:00
2026-05-06 21:56:30.354762: W external/xla/xla/tsl/distributed_runtime/preemption/preemption_notifier.cc:89] SIGTERM caught at 2026-05-06T21:56:30.35467754-07:00
2026-05-06 21:56:30.356068: W external/xla/xla/tsl/distributed_runtime/preemption/preemption_notifier.cc:89] SIGTERM caught at 2026-05-06T21:56:30.356003168-07:00
2026-05-06 21:56:30.355107: W external/xla/xla/tsl/distributed_runtime/preemption/preemption_notifier.cc:89] SIGTERM caught at 2026-05-06T21:56:30.35502476-07:00
2026-05-06 21:56:30.354581: W external/xla/xla/tsl/distributed_runtime/preemption/preemption_notifier.cc:89] SIGTERM caught at 2026-05-06T21:56:30.354541507-07:00
2026-05-06 21:56:30.355976: W external/xla/xla/tsl/distributed_runtime/preemption/preemption_notifier.cc:89] SIGTERM caught at 2026-05-06T21:56:30.355944528-07:00
2026-05-06 21:56:30.356081: W external/xla/xla/tsl/distributed_runtime/preemption/preemption_notifier.cc:89] SIGTERM caught at 2026-05-06T21:56:30.353375662-07:00
2026-05-06 21:56:30.379038: W external/xla/xla/tsl/distributed_runtime/preemption/preemption_notifier.cc:89] SIGTERM caught at 2026-05-06T21:56:30.353158774-07:00
[ 21:56:34 | █████░░░░░ |  47% ] r-chunk  8 / 17 · ETA 134 s
[ 21:56:51 | █████░░░░░ |  53% ] r-chunk  9 / 17 · ETA 121 s
[ 21:57:08 | ██████░░░░ |  59% ] r-chunk 10 / 17 · ETA 107 s
[ 21:57:34 | ██████░░░░ |  65% ] r-chunk 11 / 17 · ETA 98 s
[ 21:58:03 | ███████░░░ |  71% ] r-chunk 12 / 17 · ETA 87 s
[ 21:58:26 | ████████░░ |  76% ] r-chunk 13 / 17 · ETA 71 s
[ 21:58:45 | ████████░░ |  82% ] r-chunk 14 / 17 · ETA 54 s
[ 21:59:05 | █████████░ |  88% ] r-chunk 15 / 17 · ETA 36 s
[ 21:59:27 | █████████░ |  94% ] r-chunk 16 / 17 · ETA 18 s
2026-05-06 21:59:27.410437: E external/xla/xla/service/spmd/spmd_partitioner.cc:620] [spmd] Involuntary full rematerialization. The compiler was not able to go from sharding {devices=[1,4,4]<=[16]} to {devices=[1,1,16]<=[16]} without doing a full rematerialization of the tensor for HLO operation: %copy.8 = c128[36,375,1250]{2,1,0} copy(%reshape.109), sharding={devices=[1,4,4]<=[16]}, metadata={op_name="jit(_kernel)/jit(main)/pjit" source_file="/pscratch/sd/j/jackm/lorrax_sandbox/sources/lorrax_D/src/common/isdf_fitting.py" source_line=346}. You probably want to enrich the sharding annotations to prevent this from happening.
2026-05-06 21:59:27.520698: E external/xla/xla/service/spmd/spmd_partitioner.cc:620] [spmd] Involuntary full rematerialization. The compiler was not able to go from sharding {devices=[1,4,4]<=[16]} to {devices=[1,1,16]<=[16]} without doing a full rematerialization of the tensor for HLO operation: %copy.8 = c128[36,375,1250]{2,1,0} copy(%reshape.109), sharding={devices=[1,4,4]<=[16]}, metadata={op_name="jit(_kernel)/jit(main)/pjit" source_file="/pscratch/sd/j/jackm/lorrax_sandbox/sources/lorrax_D/src/common/isdf_fitting.py" source_line=346}. You probably want to enrich the sharding annotations to prevent this from happening.
2026-05-06 21:59:27.697983: E external/xla/xla/service/spmd/spmd_partitioner.cc:620] [spmd] Involuntary full rematerialization. The compiler was not able to go from sharding {devices=[1,4,4]<=[16]} to {devices=[1,1,16]<=[16]} without doing a full rematerialization of the tensor for HLO operation: %copy.8 = c128[36,375,1250]{2,1,0} copy(%reshape.109), sharding={devices=[1,4,4]<=[16]}, metadata={op_name="jit(_kernel)/jit(main)/pjit" source_file="/pscratch/sd/j/jackm/lorrax_sandbox/sources/lorrax_D/src/common/isdf_fitting.py" source_line=346}. You probably want to enrich the sharding annotations to prevent this from happening.
2026-05-06 21:59:27.780721: E external/xla/xla/service/spmd/spmd_partitioner.cc:620] [spmd] Involuntary full rematerialization. The compiler was not able to go from sharding {devices=[1,4,4]<=[16]} to {devices=[1,1,16]<=[16]} without doing a full rematerialization of the tensor for HLO operation: %copy.8 = c128[36,375,1250]{2,1,0} copy(%reshape.109), sharding={devices=[1,4,4]<=[16]}, metadata={op_name="jit(_kernel)/jit(main)/pjit" source_file="/pscratch/sd/j/jackm/lorrax_sandbox/sources/lorrax_D/src/common/isdf_fitting.py" source_line=346}. You probably want to enrich the sharding annotations to prevent this from happening.
2026-05-06 21:59:30.070646: E external/xla/xla/service/spmd/spmd_partitioner.cc:620] [spmd] Involuntary full rematerialization. The compiler was not able to go from sharding {devices=[1,4,4]<=[16]} to {devices=[1,1,16]<=[16]} without doing a full rematerialization of the tensor for HLO operation: %copy.8 = c128[36,375,1250]{2,1,0} copy(%reshape.109), sharding={devices=[1,4,4]<=[16]}, metadata={op_name="jit(_kernel)/jit(main)/pjit" source_file="/pscratch/sd/j/jackm/lorrax_sandbox/sources/lorrax_D/src/common/isdf_fitting.py" source_line=346}. You probably want to enrich the sharding annotations to prevent this from happening.
2026-05-06 21:59:30.144775: E external/xla/xla/service/spmd/spmd_partitioner.cc:620] [spmd] Involuntary full rematerialization. The compiler was not able to go from sharding {devices=[1,4,4]<=[16]} to {devices=[1,1,16]<=[16]} without doing a full rematerialization of the tensor for HLO operation: %copy.8 = c128[36,375,1250]{2,1,0} copy(%reshape.109), sharding={devices=[1,4,4]<=[16]}, metadata={op_name="jit(_kernel)/jit(main)/pjit" source_file="/pscratch/sd/j/jackm/lorrax_sandbox/sources/lorrax_D/src/common/isdf_fitting.py" source_line=346}. You probably want to enrich the sharding annotations to prevent this from happening.
2026-05-06 21:59:30.321712: E external/xla/xla/service/spmd/spmd_partitioner.cc:620] [spmd] Involuntary full rematerialization. The compiler was not able to go from sharding {devices=[1,4,4]<=[16]} to {devices=[1,1,16]<=[16]} without doing a full rematerialization of the tensor for HLO operation: %copy.8 = c128[36,375,1250]{2,1,0} copy(%reshape.109), sharding={devices=[1,4,4]<=[16]}, metadata={op_name="jit(_kernel)/jit(main)/pjit" source_file="/pscratch/sd/j/jackm/lorrax_sandbox/sources/lorrax_D/src/common/isdf_fitting.py" source_line=346}. You probably want to enrich the sharding annotations to prevent this from happening.
2026-05-06 21:59:30.341454: E external/xla/xla/service/spmd/spmd_partitioner.cc:620] [spmd] Involuntary full rematerialization. The compiler was not able to go from sharding {devices=[1,4,4]<=[16]} to {devices=[1,1,16]<=[16]} without doing a full rematerialization of the tensor for HLO operation: %copy.8 = c128[36,375,1250]{2,1,0} copy(%reshape.109), sharding={devices=[1,4,4]<=[16]}, metadata={op_name="jit(_kernel)/jit(main)/pjit" source_file="/pscratch/sd/j/jackm/lorrax_sandbox/sources/lorrax_D/src/common/isdf_fitting.py" source_line=346}. You probably want to enrich the sharding annotations to prevent this from happening.
2026-05-06 21:59:30.507247: E external/xla/xla/service/spmd/spmd_partitioner.cc:620] [spmd] Involuntary full rematerialization. The compiler was not able to go from sharding {devices=[1,4,4]<=[16]} to {devices=[1,1,16]<=[16]} without doing a full rematerialization of the tensor for HLO operation: %copy.8 = c128[36,375,1250]{2,1,0} copy(%reshape.109), sharding={devices=[1,4,4]<=[16]}, metadata={op_name="jit(_kernel)/jit(main)/pjit" source_file="/pscratch/sd/j/jackm/lorrax_sandbox/sources/lorrax_D/src/common/isdf_fitting.py" source_line=346}. You probably want to enrich the sharding annotations to prevent this from happening.
2026-05-06 21:59:30.577791: E external/xla/xla/service/spmd/spmd_partitioner.cc:620] [spmd] Involuntary full rematerialization. The compiler was not able to go from sharding {devices=[1,4,4]<=[16]} to {devices=[1,1,16]<=[16]} without doing a full rematerialization of the tensor for HLO operation: %copy.8 = c128[36,375,1250]{2,1,0} copy(%reshape.109), sharding={devices=[1,4,4]<=[16]}, metadata={op_name="jit(_kernel)/jit(main)/pjit" source_file="/pscratch/sd/j/jackm/lorrax_sandbox/sources/lorrax_D/src/common/isdf_fitting.py" source_line=346}. You probably want to enrich the sharding annotations to prevent this from happening.
2026-05-06 21:59:30.682684: E external/xla/xla/service/spmd/spmd_partitioner.cc:620] [spmd] Involuntary full rematerialization. The compiler was not able to go from sharding {devices=[1,4,4]<=[16]} to {devices=[1,1,16]<=[16]} without doing a full rematerialization of the tensor for HLO operation: %copy.8 = c128[36,375,1250]{2,1,0} copy(%reshape.109), sharding={devices=[1,4,4]<=[16]}, metadata={op_name="jit(_kernel)/jit(main)/pjit" source_file="/pscratch/sd/j/jackm/lorrax_sandbox/sources/lorrax_D/src/common/isdf_fitting.py" source_line=346}. You probably want to enrich the sharding annotations to prevent this from happening.
2026-05-06 21:59:30.695605: E external/xla/xla/service/spmd/spmd_partitioner.cc:620] [spmd] Involuntary full rematerialization. The compiler was not able to go from sharding {devices=[1,4,4]<=[16]} to {devices=[1,1,16]<=[16]} without doing a full rematerialization of the tensor for HLO operation: %copy.8 = c128[36,375,1250]{2,1,0} copy(%reshape.109), sharding={devices=[1,4,4]<=[16]}, metadata={op_name="jit(_kernel)/jit(main)/pjit" source_file="/pscratch/sd/j/jackm/lorrax_sandbox/sources/lorrax_D/src/common/isdf_fitting.py" source_line=346}. You probably want to enrich the sharding annotations to prevent this from happening.
2026-05-06 21:59:30.788176: E external/xla/xla/service/spmd/spmd_partitioner.cc:620] [spmd] Involuntary full rematerialization. The compiler was not able to go from sharding {devices=[1,4,4]<=[16]} to {devices=[1,1,16]<=[16]} without doing a full rematerialization of the tensor for HLO operation: %copy.8 = c128[36,375,1250]{2,1,0} copy(%reshape.109), sharding={devices=[1,4,4]<=[16]}, metadata={op_name="jit(_kernel)/jit(main)/pjit" source_file="/pscratch/sd/j/jackm/lorrax_sandbox/sources/lorrax_D/src/common/isdf_fitting.py" source_line=346}. You probably want to enrich the sharding annotations to prevent this from happening.
2026-05-06 21:59:30.794710: E external/xla/xla/service/spmd/spmd_partitioner.cc:620] [spmd] Involuntary full rematerialization. The compiler was not able to go from sharding {devices=[1,4,4]<=[16]} to {devices=[1,1,16]<=[16]} without doing a full rematerialization of the tensor for HLO operation: %copy.8 = c128[36,375,1250]{2,1,0} copy(%reshape.109), sharding={devices=[1,4,4]<=[16]}, metadata={op_name="jit(_kernel)/jit(main)/pjit" source_file="/pscratch/sd/j/jackm/lorrax_sandbox/sources/lorrax_D/src/common/isdf_fitting.py" source_line=346}. You probably want to enrich the sharding annotations to prevent this from happening.
2026-05-06 21:59:30.835693: E external/xla/xla/service/spmd/spmd_partitioner.cc:620] [spmd] Involuntary full rematerialization. The compiler was not able to go from sharding {devices=[1,4,4]<=[16]} to {devices=[1,1,16]<=[16]} without doing a full rematerialization of the tensor for HLO operation: %copy.8 = c128[36,375,1250]{2,1,0} copy(%reshape.109), sharding={devices=[1,4,4]<=[16]}, metadata={op_name="jit(_kernel)/jit(main)/pjit" source_file="/pscratch/sd/j/jackm/lorrax_sandbox/sources/lorrax_D/src/common/isdf_fitting.py" source_line=346}. You probably want to enrich the sharding annotations to prevent this from happening.
2026-05-06 21:59:30.976290: E external/xla/xla/service/spmd/spmd_partitioner.cc:620] [spmd] Involuntary full rematerialization. The compiler was not able to go from sharding {devices=[1,4,4]<=[16]} to {devices=[1,1,16]<=[16]} without doing a full rematerialization of the tensor for HLO operation: %copy.8 = c128[36,375,1250]{2,1,0} copy(%reshape.109), sharding={devices=[1,4,4]<=[16]}, metadata={op_name="jit(_kernel)/jit(main)/pjit" source_file="/pscratch/sd/j/jackm/lorrax_sandbox/sources/lorrax_D/src/common/isdf_fitting.py" source_line=346}. You probably want to enrich the sharding annotations to prevent this from happening.
[ 21:59:44 | ██████████ | 100% ] r-chunk 17 / 17 · ETA 0 s
Finished zeta fitting at 21:59:44.  Elapsed: 309 s.
  [SlabIO.close] draining 1 pending writes for zeta_q.h5 …
  [SlabIO.close] Python dispatch drained in 21.4 s; joining writer thread
  [SlabIO.close] writer thread joined in 0.0 s; calling H5Fclose collectively
  [SlabIO.close] H5Fclose returned in 9.1 s
  Zeta output: /pscratch/sd/j/jackm/lorrax_sandbox/runs/CrI3/B_bispinor_repair_80gb_2026-05-06/tmp/zeta_q.h5  shape: (6,6,1,1500,1125000)
  Timing (17 r-chunks, 322.6s total):
  Zeta output: /pscratch/sd/j/jackm/lorrax_sandbox/runs/CrI3/B_bispinor_repair_80gb_2026-05-06/tmp/zeta_q.h5  shape: (6,6,1,1500,1125000)
  Timing (17 r-chunks, 322.6s total):
    fit    322.32s  99.9%
    H5       0.25s   0.1%
  Zeta output: /pscratch/sd/j/jackm/lorrax_sandbox/runs/CrI3/B_bispinor_repair_80gb_2026-05-06/tmp/zeta_q.h5  shape: (6,6,1,1500,1125000)
  Timing (17 r-chunks, 322.8s total):
    fit    322.30s  99.9%
    H5       0.48s   0.1%
    fit    322.33s  99.9%
    H5       0.32s   0.1%
  Zeta output: /pscratch/sd/j/jackm/lorrax_sandbox/runs/CrI3/B_bispinor_repair_80gb_2026-05-06/tmp/zeta_q.h5  shape: (6,6,1,1500,1125000)
  Zeta output: /pscratch/sd/j/jackm/lorrax_sandbox/runs/CrI3/B_bispinor_repair_80gb_2026-05-06/tmp/zeta_q.h5  shape: (6,6,1,1500,1125000)
  Timing (17 r-chunks, 322.6s total):
    fit    322.25s  99.9%
    H5       0.35s   0.1%
  Zeta output: /pscratch/sd/j/jackm/lorrax_sandbox/runs/CrI3/B_bispinor_repair_80gb_2026-05-06/tmp/zeta_q.h5  shape: (6,6,1,1500,1125000)
  Timing (17 r-chunks, 322.7s total):
    fit    322.24s  99.9%
    H5       0.44s   0.1%
  Zeta output: /pscratch/sd/j/jackm/lorrax_sandbox/runs/CrI3/B_bispinor_repair_80gb_2026-05-06/tmp/zeta_q.h5  shape: (6,6,1,1500,1125000)
  Timing (17 r-chunks, 322.7s total):
    fit    322.18s  99.8%
    H5       0.50s   0.2%
  Zeta output: /pscratch/sd/j/jackm/lorrax_sandbox/runs/CrI3/B_bispinor_repair_80gb_2026-05-06/tmp/zeta_q.h5  shape: (6,6,1,1500,1125000)
  Timing (17 r-chunks, 322.7s total):
    fit    322.22s  99.9%
    H5       0.46s   0.1%
  Timing (17 r-chunks, 322.6s total):
    fit    322.20s  99.9%
    H5       0.38s   0.1%
  Zeta output: /pscratch/sd/j/jackm/lorrax_sandbox/runs/CrI3/B_bispinor_repair_80gb_2026-05-06/tmp/zeta_q.h5  shape: (6,6,1,1500,1125000)
  Zeta output: /pscratch/sd/j/jackm/lorrax_sandbox/runs/CrI3/B_bispinor_repair_80gb_2026-05-06/tmp/zeta_q.h5  shape: (6,6,1,1500,1125000)
  Zeta output: /pscratch/sd/j/jackm/lorrax_sandbox/runs/CrI3/B_bispinor_repair_80gb_2026-05-06/tmp/zeta_q.h5  shape: (6,6,1,1500,1125000)
  Zeta output: /pscratch/sd/j/jackm/lorrax_sandbox/runs/CrI3/B_bispinor_repair_80gb_2026-05-06/tmp/zeta_q.h5  shape: (6,6,1,1500,1125000)
  Timing (17 r-chunks, 322.8s total):
    fit    322.24s  99.8%
    H5       0.52s   0.2%
  Timing (17 r-chunks, 322.6s total):
    fit    322.16s  99.9%
    H5       0.44s   0.1%
  Timing (17 r-chunks, 322.6s total):
    fit    322.23s  99.9%
    H5       0.41s   0.1%
  Timing (17 r-chunks, 322.6s total):
    fit    321.34s  99.6%
    H5       1.25s   0.4%
  Zeta output: /pscratch/sd/j/jackm/lorrax_sandbox/runs/CrI3/B_bispinor_repair_80gb_2026-05-06/tmp/zeta_q.h5  shape: (6,6,1,1500,1125000)
  Zeta output: /pscratch/sd/j/jackm/lorrax_sandbox/runs/CrI3/B_bispinor_repair_80gb_2026-05-06/tmp/zeta_q.h5  shape: (6,6,1,1500,1125000)
  Zeta output: /pscratch/sd/j/jackm/lorrax_sandbox/runs/CrI3/B_bispinor_repair_80gb_2026-05-06/tmp/zeta_q.h5  shape: (6,6,1,1500,1125000)
  Zeta output: /pscratch/sd/j/jackm/lorrax_sandbox/runs/CrI3/B_bispinor_repair_80gb_2026-05-06/tmp/zeta_q.h5  shape: (6,6,1,1500,1125000)
  Timing (17 r-chunks, 322.8s total):
    fit    322.27s  99.8%
  Timing (17 r-chunks, 322.6s total):
    fit    322.20s  99.9%
    H5       0.38s   0.1%
  Timing (17 r-chunks, 322.6s total):
    fit    322.25s  99.9%
    H5       0.36s   0.1%
  Timing (17 r-chunks, 322.6s total):
    fit    322.26s  99.9%
    H5       0.37s   0.1%
    H5       0.57s   0.2%
    GPU high-water mark: 7.54 GB / 20.00 GB budget (38%)
    γ (runtime / AOT-pred) = 0.430  (AOT predicted 17.53 GB)
    V_q bare cutoff: 80.0 Ry (auto: ecutwfc)
    V_q budget:    18.86 GB
    V_q mu chunks: 349
  V_q (sharded): mesh=4x4, one-shot (Case A), q_chunk=11, μ_chunk=1500 (1 μ-blocks), aligned=True, N_μ=1500, N_G=62649, predicted peak/rank=18.29 GB (V_ref+g0_ref=0.08 GB)
Started V_q computation at 22:01:54.
[ 22:01:54 | ░░░░░░░░░░ |   3% ] q-point  1 / 36 · ETA 0 s
[ 22:01:54 | █░░░░░░░░░ |   8% ] q-point  3 / 36 · ETA 0 s
[ 22:01:54 | █░░░░░░░░░ |  14% ] q-point  5 / 36 · ETA 0 s
[ 22:01:54 | ██░░░░░░░░ |  19% ] q-point  7 / 36 · ETA 0 s
[ 22:01:54 | ██░░░░░░░░ |  22% ] q-point  8 / 36 · ETA 0 s
[ 22:01:54 | ███░░░░░░░ |  28% ] q-point 10 / 36 · ETA 0 s
[ 22:03:15 | ███░░░░░░░ |  33% ] q-point 12 / 36 · ETA 162 s
[ 22:03:15 | ████░░░░░░ |  39% ] q-point 14 / 36 · ETA 127 s
[ 22:03:15 | ████░░░░░░ |  44% ] q-point 16 / 36 · ETA 101 s
[ 22:03:15 | █████░░░░░ |  50% ] q-point 18 / 36 · ETA 81 s
[ 22:03:15 | █████░░░░░ |  53% ] q-point 19 / 36 · ETA 72 s
[ 22:03:15 | ██████░░░░ |  58% ] q-point 21 / 36 · ETA 58 s
[ 22:04:39 | ██████░░░░ |  64% ] q-point 23 / 36 · ETA 93 s
[ 22:04:39 | ███████░░░ |  69% ] q-point 25 / 36 · ETA 72 s
[ 22:04:39 | ████████░░ |  75% ] q-point 27 / 36 · ETA 55 s
[ 22:04:39 | ████████░░ |  81% ] q-point 29 / 36 · ETA 40 s
[ 22:04:39 | ████████░░ |  83% ] q-point 30 / 36 · ETA 33 s
[ 22:04:39 | █████████░ |  89% ] q-point 32 / 36 · ETA 21 s
[ 22:05:05 | █████████░ |  94% ] q-point 34 / 36 · ETA 11 s
[ 22:05:05 | ██████████ | 100% ] q-point 36 / 36 · ETA 0 s
Finished V_q computation at 22:05:05.  Elapsed: 191 s.
  [SlabIO.close] draining 0 pending writes for zeta_q.h5 …
  [SlabIO.close] Python dispatch drained in 0.0 s; joining writer thread
  [SlabIO.close] writer thread joined in 0.0 s; calling H5Fclose collectively
  [SlabIO.close] H5Fclose returned in 4.3 s

  V_q computed:
    Shape: (1, 4, 4, 6, 6, 1, 1500, 1500)
    V_q=0 trace: 6269599698472.9531
  [SlabIO.close] draining 3 pending writes for isdf_tensors_1500.h5 …
srun: error: nid008629: task 14: Killed
srun: Terminating StepId=52600363.3
srun: error: nid008625: task 5: Killed
srun: error: nid008244: task 1: Killed
srun: error: nid008628: task 9: Killed
srun: error: nid008628: tasks 8,10-11: Killed
srun: error: nid008244: tasks 0,2-3: Killed
srun: error: nid008625: tasks 4,6-7: Killed
srun: error: nid008629: tasks 12-13,15: Killed
srun: Force Terminated StepId=52600363.3
