
========================================================================
  COHSEX-JAX: Self-Energy Calculation
========================================================================
  Backend: GPU       Devices: 16  Mesh: 4×4  Processes: 16
  Device type: NVIDIA A100-SXM4-40GB
  XLA preallocate: unset  mem_fraction: 0.95
  XLA pool: limit=40.29 GB, in_use=0.00 GB, avail=40.29 GB
========================================================================

  ISDF basis: 2000 centroids
  FFT grid: 36×36×36   Cell volume: 270.11 a.u.³

  BGW vcoul override: loading /pscratch/sd/j/jackm/lorrax_sandbox/runs/Si_pseudobands/00_si_2x2x2_60Ry/cohsex_sweep/v1_100win_s0/bgw_vcoul.txt
    6 unique q-points, G counts per q: [2109, 2120, 2100, 2120, 2100, 2120]
    crystal sym ops loaded from /pscratch/sd/j/jackm/lorrax_sandbox/runs/Si_pseudobands/00_si_2x2x2_60Ry/cohsex_sweep/v1_100win_s0/sym_wfn.h5: 48
    Memory estimate: peak 25.65 GB (budget 28.00 GB), bottleneck=gather
    Per-stage: fft=1.01  pair=2.44  zct=3.25  reshard=3.25  solve=2.14  gather=4.09 GB

  Chunked ISDF fitting:
    Band chunks: 228
    R chunks:    46656 (contiguous r-space)
    Q chunks:    8
    Pair mode:   spin_traced
    Zeta output: /pscratch/sd/j/jackm/lorrax_sandbox/runs/Si_pseudobands/00_si_2x2x2_60Ry/cohsex_sweep/v1_100win_s0/tmp/zeta_q.h5

  Zeta fitting: 1 r-chunks x 46656 r-points, 228 bands (16 left + 228 right), spin_traced
  Output: /pscratch/sd/j/jackm/lorrax_sandbox/runs/Si_pseudobands/00_si_2x2x2_60Ry/cohsex_sweep/v1_100win_s0/tmp/zeta_q.h5
  Left wfns:  (8, 16, 2, 2000)
  Right wfns: (8, 228, 2, 2000)
  Pseudobands normalization: 182 weighted, 0 zero-weight (skipped)
  Computing pair densities P_l, P_r (spin_traced)
  Computing L_q = chol(C_q)
  L_q: (8, 2000, 2000)
  Caching G-space wavefunctions for r-chunk loop
  G-space cache: 1 band chunks
Started zeta fitting at 03:42:04.
[ 03:42:04 | ██████████ | 100% ] r-chunk 1 / 1 · ETA 0 s
Finished zeta fitting at 03:42:04.  Elapsed: 0 s.
  Zeta output: /pscratch/sd/j/jackm/lorrax_sandbox/runs/Si_pseudobands/00_si_2x2x2_60Ry/cohsex_sweep/v1_100win_s0/tmp/zeta_q.h5  shape: (2,2,2,2000,46656)
  Timing (1 r-chunks, 11.1s total):
    load     1.50s  13.6%
    pair     0.03s   0.2%
    ZCT      0.32s   2.9%
    solve    1.38s  12.4%
    H5       7.25s  65.5%
    GPU high-water mark: 4.42 GB / 28.00 GB budget (16%)
    V_q budget:    27.10 GB
    V_q mu chunks: 2000
    V_q q batches: 4
    V_q bare cutoff: 60.0 Ry
  V_q: 8 q-points, batch=4, mu=2000 (single chunk), overlapped H5 I/O
Started V_q computation at 03:42:26.
[ 03:42:26 | █░░░░░░░░░ |  12% ] q-point 1 / 8 · ETA 0 s
[ 03:42:26 | ██░░░░░░░░ |  25% ] q-point 2 / 8 · ETA 0 s
[ 03:42:26 | ████░░░░░░ |  38% ] q-point 3 / 8 · ETA 0 s
[ 03:42:26 | █████░░░░░ |  50% ] q-point 4 / 8 · ETA 0 s
[ 03:42:32 | ██████░░░░ |  62% ] q-point 5 / 8 · ETA 4 s
[ 03:42:32 | ████████░░ |  75% ] q-point 6 / 8 · ETA 2 s
[ 03:42:32 | █████████░ |  88% ] q-point 7 / 8 · ETA 1 s
[ 03:42:32 | ██████████ | 100% ] q-point 8 / 8 · ETA 0 s
Finished V_q computation at 03:42:32.  Elapsed: 6 s.

  V_q computed:
    Shape: (1, 1, 1, 2, 2, 2, 2000, 2000)
    V_q=0 trace: 59618433.5344
  Wavefunctions built (b0:b4=228 bands, 4 sharded copies: xn/xr/yr/yn)
  Chunked ISDF path complete
/pscratch/sd/j/jackm/lorrax_sandbox/sources/lorrax/src/gw/w_isdf.py:169: RuntimeWarning: overflow encountered in exp
  prefactor = -2.0 * np.asarray(quad.alpha, dtype=np.float64) * np.exp(-tau * E_gap)
/pscratch/sd/j/jackm/lorrax_sandbox/sources/lorrax/src/gw/w_isdf.py:169: RuntimeWarning: overflow encountered in exp
  prefactor = -2.0 * np.asarray(quad.alpha, dtype=np.float64) * np.exp(-tau * E_gap)
/pscratch/sd/j/jackm/lorrax_sandbox/sources/lorrax/src/gw/w_isdf.py:169: RuntimeWarning: overflow encountered in exp
  prefactor = -2.0 * np.asarray(quad.alpha, dtype=np.float64) * np.exp(-tau * E_gap)
/pscratch/sd/j/jackm/lorrax_sandbox/sources/lorrax/src/gw/w_isdf.py:169: RuntimeWarning: overflow encountered in exp
  prefactor = -2.0 * np.asarray(quad.alpha, dtype=np.float64) * np.exp(-tau * E_gap)
/pscratch/sd/j/jackm/lorrax_sandbox/sources/lorrax/src/gw/w_isdf.py:169: RuntimeWarning: overflow encountered in exp
  prefactor = -2.0 * np.asarray(quad.alpha, dtype=np.float64) * np.exp(-tau * E_gap)
/pscratch/sd/j/jackm/lorrax_sandbox/sources/lorrax/src/gw/w_isdf.py:169: RuntimeWarning: overflow encountered in exp
  prefactor = -2.0 * np.asarray(quad.alpha, dtype=np.float64) * np.exp(-tau * E_gap)
/pscratch/sd/j/jackm/lorrax_sandbox/sources/lorrax/src/gw/w_isdf.py:169: RuntimeWarning: overflow encountered in exp
  prefactor = -2.0 * np.asarray(quad.alpha, dtype=np.float64) * np.exp(-tau * E_gap)
/pscratch/sd/j/jackm/lorrax_sandbox/sources/lorrax/src/gw/w_isdf.py:169: RuntimeWarning: overflow encountered in exp
  prefactor = -2.0 * np.asarray(quad.alpha, dtype=np.float64) * np.exp(-tau * E_gap)
/pscratch/sd/j/jackm/lorrax_sandbox/sources/lorrax/src/gw/w_isdf.py:169: RuntimeWarning: overflow encountered in exp
  prefactor = -2.0 * np.asarray(quad.alpha, dtype=np.float64) * np.exp(-tau * E_gap)
/pscratch/sd/j/jackm/lorrax_sandbox/sources/lorrax/src/gw/w_isdf.py:169: RuntimeWarning: overflow encountered in exp
  prefactor = -2.0 * np.asarray(quad.alpha, dtype=np.float64) * np.exp(-tau * E_gap)
  Minimax static window: x=[1.000000e-12, 5.994038e+01] Ry, R=59940380717207.20, nodes=18, fit_err~6.025e+05
/pscratch/sd/j/jackm/lorrax_sandbox/sources/lorrax/src/gw/w_isdf.py:169: RuntimeWarning: overflow encountered in exp
  prefactor = -2.0 * np.asarray(quad.alpha, dtype=np.float64) * np.exp(-tau * E_gap)
/pscratch/sd/j/jackm/lorrax_sandbox/sources/lorrax/src/gw/w_isdf.py:169: RuntimeWarning: overflow encountered in exp
  prefactor = -2.0 * np.asarray(quad.alpha, dtype=np.float64) * np.exp(-tau * E_gap)
/pscratch/sd/j/jackm/lorrax_sandbox/sources/lorrax/src/gw/w_isdf.py:169: RuntimeWarning: overflow encountered in exp
  prefactor = -2.0 * np.asarray(quad.alpha, dtype=np.float64) * np.exp(-tau * E_gap)
/pscratch/sd/j/jackm/lorrax_sandbox/sources/lorrax/src/gw/w_isdf.py:169: RuntimeWarning: overflow encountered in exp
  prefactor = -2.0 * np.asarray(quad.alpha, dtype=np.float64) * np.exp(-tau * E_gap)
/pscratch/sd/j/jackm/lorrax_sandbox/sources/lorrax/src/gw/w_isdf.py:169: RuntimeWarning: overflow encountered in exp
  prefactor = -2.0 * np.asarray(quad.alpha, dtype=np.float64) * np.exp(-tau * E_gap)
/pscratch/sd/j/jackm/lorrax_sandbox/sources/lorrax/src/gw/w_isdf.py:169: RuntimeWarning: overflow encountered in exp
  prefactor = -2.0 * np.asarray(quad.alpha, dtype=np.float64) * np.exp(-tau * E_gap)
  |χ(0)|_max = nan  (minimax, 18 nodes)

------------------------------------------------------------------------
  FINITE-SIZE CORRECTIONS
------------------------------------------------------------------------
  Head source: override
  v(q→0)  =      825.937 a.u.  (bare Coulomb head)
  W(q→0)  =       17.128 a.u.  (screened Coulomb head)
  ΔW      =     -808.809 a.u.  (screening correction)

------------------------------------------------------------------------
  STATIC HEAD TERMS (exact COHSEX / BGW-style)
------------------------------------------------------------------------
  Head source: override
  v_h(q→0)           =   825.937000 a.u.
  W_h(q→0, ω=0)      =    17.128000 a.u.
  W_h^c              =  -808.809000 a.u.
  Σ^X head (occ)     = -3.822265e-01 Ry
  Σ^SX head (occ)    = -7.926484e-03 Ry
  Σ^(SX-X) head(occ) = 3.743001e-01 Ry
  Σ^COH head (all)   = -1.871500e-01 Ry
  Bare Σ_X diagonal (eV), k=0: -17.0404  -17.0404  -14.0275  -14.0275  -14.0145  -14.0139  -14.0140  -14.0131

  Output: /pscratch/sd/j/jackm/lorrax_sandbox/runs/Si_pseudobands/00_si_2x2x2_60Ry/cohsex_sweep/v1_100win_s0/eqp0_noqsym.dat
  Restart:  /pscratch/sd/j/jackm/lorrax_sandbox/runs/Si_pseudobands/00_si_2x2x2_60Ry/cohsex_sweep/v1_100win_s0/tmp/isdf_tensors_2000.h5

--- Timing ---
Total recorded: 81.140 s
Section                                            Count    Total[s]     Self[s]      %
gw_jax.zeta_fit_chunked                                1      27.654      10.233   34.1
  zeta_fit.load_wfns                                   1       3.348       3.282    4.1
    load_wfns.precompute_owned                         1       0.000       0.000    0.0
    load_wfns.k_loop                                   1       0.009       0.009    0.0
    load_wfns.scatter                                  1       0.016       0.016    0.0
    load_wfns.make_global_array                        1       0.040       0.040    0.0
  zeta_fit.CCT                                         1       0.794       0.794    1.0
  zeta_fit.cholesky                                    1       2.178       2.178    2.7
  zeta_fit.cache_gspace                                1       0.028       0.000    0.0
    load_wfns.precompute_owned                         1       0.000       0.000    0.0
    load_wfns.k_loop                                   1       0.010       0.010    0.0
    load_wfns.scatter                                  1       0.016       0.016    0.0
    load_wfns.make_global_array                        1       0.001       0.001    0.0
  zeta_fit.chunk_loop                                  1      11.075       0.595   13.6
    zeta_fit.chunk.load                                1       1.502       1.502    1.9
    zeta_fit.chunk.pair_density                        1       0.026       0.026    0.0
    zeta_fit.chunk.ZCT                                 1       0.324       0.324    0.4
    zeta_fit.chunk.solve                               1       1.375       1.375    1.7
    zeta_fit.chunk.h5_write                            1       7.253       7.253    8.9
gw_jax.V_q_compute                                     1      18.143       1.290   22.4
  compute_all_V_q                                      1      16.853      16.853   20.8
gw_jax.wavefunction_setup                              1       1.188       1.188    1.5
gw_jax.chi0_W                                          1      32.916      32.916   40.6
gw_jax.sigma                                           1       1.240       1.240    1.5
