
 frequency_dependence   0

 band_index     1    16
 sigma_matrix     0   0

 finite_difference_form  -2

 symmetries
 ntran  = 48
 mtrx01 =  1  0  0  0  1  0  0  0  1
 mtrx02 = -1 -1 -1  0  0  1  0  1  0
 mtrx03 =  0  1  0  1  0  0 -1 -1 -1
 mtrx04 =  0  0  1 -1 -1 -1  1  0  0
 mtrx05 =  1  1  1  0 -1  0  0  0 -1
 mtrx06 = -1  0  0  0  0 -1  0 -1  0
 mtrx07 =  0  0 -1 -1  0  0  1  1  1
 mtrx08 =  0 -1  0  1  1  1 -1  0  0
 mtrx09 = -1  0  0  0 -1  0  1  1  1
 mtrx10 =  0 -1  0 -1  0  0  0  0 -1
 mtrx11 =  1  1  1  0  0 -1 -1  0  0
 mtrx12 =  0  0 -1  1  1  1  0 -1  0
 mtrx13 = -1  0  0  1  1  1  0  0 -1
 mtrx14 =  0  0 -1  0 -1  0 -1  0  0
 mtrx15 =  1  1  1 -1  0  0  0 -1  0
 mtrx16 =  0 -1  0  0  0 -1  1  1  1
 mtrx17 =  0  1  0  0  0  1  1  0  0
 mtrx18 =  0  0  1  0  1  0 -1 -1 -1
 mtrx19 =  1  0  0 -1 -1 -1  0  1  0
 mtrx20 = -1 -1 -1  1  0  0  0  0  1
 mtrx21 =  0  0  1  1  0  0  0  1  0
 mtrx22 =  0  1  0 -1 -1 -1  0  0  1
 mtrx23 = -1 -1 -1  0  1  0  1  0  0
 mtrx24 =  1  0  0  0  0  1 -1 -1 -1
 mtrx25 = -1  0  0  0 -1  0  0  0 -1
 mtrx26 =  1  1  1  0  0 -1  0 -1  0
 mtrx27 =  0 -1  0 -1  0  0  1  1  1
 mtrx28 =  0  0 -1  1  1  1 -1  0  0
 mtrx29 = -1 -1 -1  0  1  0  0  0  1
 mtrx30 =  1  0  0  0  0  1  0  1  0
 mtrx31 =  0  0  1  1  0  0 -1 -1 -1
 mtrx32 =  0  1  0 -1 -1 -1  1  0  0
 mtrx33 =  1  0  0  0  1  0 -1 -1 -1
 mtrx34 =  0  1  0  1  0  0  0  0  1
 mtrx35 = -1 -1 -1  0  0  1  1  0  0
 mtrx36 =  0  0  1 -1 -1 -1  0  1  0
 mtrx37 =  1  0  0 -1 -1 -1  0  0  1
 mtrx38 =  0  0  1  0  1  0  1  0  0
 mtrx39 = -1 -1 -1  1  0  0  0  1  0
 mtrx40 =  0  1  0  0  0  1 -1 -1 -1
 mtrx41 =  0 -1  0  0  0 -1 -1  0  0
 mtrx42 =  0  0 -1  0 -1  0  1  1  1
 mtrx43 = -1  0  0  1  1  1  0 -1  0
 mtrx44 =  1  1  1 -1  0  0  0  0 -1
 mtrx45 =  0  0 -1 -1  0  0  0 -1  0
 mtrx46 =  0 -1  0  1  1  1  0  0 -1
 mtrx47 =  1  1  1  0 -1  0 -1  0  0
 mtrx48 = -1  0  0  0  0 -1  1  1  1
 
       k =  0.000000  0.000000  0.000000 ik =   1 spin = 1

   n            Emf             Eo              X           SX-X             CH            Sig            KIH           Eqp0           Eqp1            CH`           Sig`          Eqp0`          Eqp1`            Znk
   1   -5.697005295   -5.697005295  -16.544138878   12.327376928   -9.621907699  -13.838669650    5.102678584   -8.735991066   -8.735991066   -9.394499027  -13.611260978   -8.508582394   -8.508582394    1.000000000
   2   -5.697005295   -5.697005295  -16.544138878   12.327376928   -9.621907699  -13.838669650    5.102678584   -8.735991066   -8.735991066   -9.394499027  -13.611260978   -8.508582394   -8.508582394    1.000000000
   3    6.246361473    6.246361473  -13.713695353    9.708878206  -10.199190793  -14.204007940   17.950204006    3.746196065    3.746196065   -9.469585589  -13.474402736    4.475801270    4.475801270    1.000000000
   4    6.246361473    6.246361473  -13.713695353    9.708878206  -10.199190793  -14.204007940   17.950204006    3.746196065    3.746196065   -9.469585589  -13.474402736    4.475801270    4.475801270    1.000000000
   5    6.294141835    6.294141835  -13.700813739    9.699115675  -10.196131674  -14.197829738   17.993106913    3.795277175    3.795277175   -9.471451194  -13.473149257    4.519957656    4.519957656    1.000000000
   6    6.294141835    6.294141835  -13.700813739    9.699115675  -10.196131674  -14.197829738   17.993106913    3.795277175    3.795277175   -9.471451194  -13.473149257    4.519957656    4.519957656    1.000000000
   7    6.294141835    6.294141835  -13.700813739    9.699115675  -10.196131674  -14.197829738   17.993106913    3.795277175    3.795277175   -9.471451194  -13.473149257    4.519957656    4.519957656    1.000000000
   8    6.294141835    6.294141835  -13.700813739    9.699115675  -10.196131674  -14.197829738   17.993106913    3.795277175    3.795277175   -9.471451194  -13.473149257    4.519957656    4.519957656    1.000000000
   9    8.792480496    8.792480496   -4.923681358    2.958885393   -9.342863391  -11.307659356   19.123349945    7.815690589    7.815690589   -8.720176727  -10.684972692    8.438377253    8.438377253    1.000000000
  10    8.792480496    8.792480496   -4.923681358    2.958885393   -9.342863391  -11.307659356   19.123349945    7.815690589    7.815690589   -8.720176727  -10.684972692    8.438377253    8.438377253    1.000000000
  11    8.827245701    8.827245701   -4.911833781    2.949964663   -9.337974221  -11.299843339   19.150476097    7.850632758    7.850632758   -8.715767606  -10.677636723    8.472839374    8.472839374    1.000000000
  12    8.827245701    8.827245701   -4.911833781    2.949964663   -9.337974221  -11.299843339   19.150476097    7.850632758    7.850632758   -8.715767606  -10.677636723    8.472839374    8.472839374    1.000000000
  13    8.827245701    8.827245701   -4.911833781    2.949964663   -9.337974221  -11.299843339   19.150476097    7.850632758    7.850632758   -8.715767606  -10.677636723    8.472839374    8.472839374    1.000000000
  14    8.827245701    8.827245701   -4.911833781    2.949964663   -9.337974221  -11.299843339   19.150476097    7.850632758    7.850632758   -8.715767606  -10.677636723    8.472839374    8.472839374    1.000000000
  15    9.625622065    9.625622065   -5.000732920    2.845918144  -10.219989709  -12.374804485   21.353472584    8.978668099    8.978668099   -9.424986869  -11.579801645    9.773670939    9.773670939    1.000000000
  16    9.625622065    9.625622065   -5.000732920    2.845918144  -10.219989709  -12.374804485   21.353472584    8.978668099    8.978668099   -9.424986869  -11.579801645    9.773670939    9.773670939    1.000000000
 
       k = -0.000000 -0.000000  0.500000 ik =   2 spin = 1

   n            Emf             Eo              X           SX-X             CH            Sig            KIH           Eqp0           Eqp1            CH`           Sig`          Eqp0`          Eqp1`            Znk
   1   -3.363046818   -3.363046818  -16.065747568   11.862979315   -9.923479306  -14.126247559    7.884640040   -6.241607519   -6.241607519   -9.608599612  -13.811367865   -5.926727825   -5.926727825    1.000000000
   2   -3.363046818   -3.363046818  -16.065747568   11.862979315   -9.923479306  -14.126247559    7.884640040   -6.241607519   -6.241607519   -9.608599612  -13.811367865   -5.926727825   -5.926727825    1.000000000
   3   -0.707274858   -0.707274858  -13.867984732   10.235600538   -9.412289420  -13.044673614    9.791021862   -3.253651752   -3.253651752   -9.074178556  -12.706562749   -2.915540887   -2.915540887    1.000000000
   4   -0.707274858   -0.707274858  -13.867984732   10.235600538   -9.412289420  -13.044673614    9.791021862   -3.253651752   -3.253651752   -9.074178556  -12.706562749   -2.915540887   -2.915540887    1.000000000
   5    5.056658076    5.056658076  -13.538588447    9.702860357  -10.022101836  -13.857829926   16.470572830    2.612742905    2.612742905   -9.392839827  -13.228567917    3.242004913    3.242004913    1.000000000
   6    5.056658076    5.056658076  -13.538588447    9.702860357  -10.022101836  -13.857829926   16.470572830    2.612742905    2.612742905   -9.392839827  -13.228567917    3.242004913    3.242004913    1.000000000
   7    5.088288518    5.088288518  -13.527872844    9.694872830  -10.020026392  -13.853026406   16.498851467    2.645825060    2.645825060   -9.393692131  -13.226692145    3.272159322    3.272159322    1.000000000
   8    5.088288518    5.088288518  -13.527872844    9.694872830  -10.020026392  -13.853026406   16.498851467    2.645825060    2.645825060   -9.393692131  -13.226692145    3.272159322    3.272159322    1.000000000
   9    7.800189171    7.800189171   -5.037736766    2.940925448   -9.437225465  -11.534036783   18.352337179    6.818300396    6.818300396   -8.820877246  -10.917688564    7.434648615    7.434648615    1.000000000
  10    7.800189171    7.800189171   -5.037736766    2.940925448   -9.437225465  -11.534036783   18.352337179    6.818300396    6.818300396   -8.820877246  -10.917688564    7.434648615    7.434648615    1.000000000
  11    9.587046911    9.587046911   -4.431172331    2.611087138   -9.028191419  -10.848276612   19.474283811    8.626007200    8.626007200   -8.417017624  -10.237102816    9.237180995    9.237180995    1.000000000
  12    9.587046911    9.587046911   -4.431172331    2.611087138   -9.028191419  -10.848276612   19.474283811    8.626007200    8.626007200   -8.417017624  -10.237102816    9.237180995    9.237180995    1.000000000
  13    9.601404866    9.601404866   -4.426382890    2.607640299   -9.024244315  -10.842986906   19.482741457    8.639754551    8.639754551   -8.410460995  -10.229203586    9.253537871    9.253537871    1.000000000
  14    9.601404866    9.601404866   -4.426382890    2.607640299   -9.024244315  -10.842986906   19.482741457    8.639754551    8.639754551   -8.410460995  -10.229203586    9.253537871    9.253537871    1.000000000
  15   13.996111838   13.996111838   -2.020345622    0.810855840   -7.585715765   -8.795205547   21.840256173   13.045050626   13.045050626   -7.108674209   -8.318163991   13.522092182   13.522092182    1.000000000
  16   13.996111838   13.996111838   -2.020345622    0.810855840   -7.585715765   -8.795205547   21.840256173   13.045050626   13.045050626   -7.108674209   -8.318163991   13.522092182   13.522092182    1.000000000
 
       k =  0.000000  0.500000  0.500000 ik =   3 spin = 1

   n            Emf             Eo              X           SX-X             CH            Sig            KIH           Eqp0           Eqp1            CH`           Sig`          Eqp0`          Eqp1`            Znk
   1   -1.549907257   -1.549907257  -15.235200030   11.189935291   -9.922016730  -13.967281469    9.700171771   -4.267109698   -4.267109698   -9.553533960  -13.598798698   -3.898626927   -3.898626927    1.000000000
   2   -1.549907257   -1.549907257  -15.235200030   11.189935291   -9.922016730  -13.967281469    9.700171771   -4.267109698   -4.267109698   -9.553533960  -13.598798698   -3.898626927   -3.898626927    1.000000000
   3   -1.549907257   -1.549907257  -15.235200030   11.189935291   -9.922016730  -13.967281469    9.700171771   -4.267109698   -4.267109698   -9.553533960  -13.598798698   -3.898626927   -3.898626927    1.000000000
   4   -1.549907257   -1.549907257  -15.235200030   11.189935291   -9.922016730  -13.967281469    9.700171771   -4.267109698   -4.267109698   -9.553533960  -13.598798698   -3.898626927   -3.898626927    1.000000000
   5    3.412332482    3.412332482  -13.262303122    9.638153659   -9.675762592  -13.299912054   14.297996443    0.998084389    0.998084389   -9.172731492  -12.796880954    1.501115489    1.501115489    1.000000000
   6    3.412332482    3.412332482  -13.262303122    9.638153659   -9.675762592  -13.299912054   14.297996443    0.998084389    0.998084389   -9.172731492  -12.796880954    1.501115489    1.501115489    1.000000000
   7    3.412332482    3.412332482  -13.262303122    9.638153659   -9.675762592  -13.299912054   14.297996443    0.998084389    0.998084389   -9.172731492  -12.796880954    1.501115489    1.501115489    1.000000000
   8    3.412332482    3.412332482  -13.262303122    9.638153659   -9.675762592  -13.299912054   14.297996443    0.998084389    0.998084389   -9.172731492  -12.796880954    1.501115489    1.501115489    1.000000000
   9    6.968806361    6.968806361   -4.201194557    2.459458324   -8.515454087  -10.257190320   16.146090671    5.888900351    5.888900351   -8.063357541   -9.805093774    6.340996897    6.340996897    1.000000000
  10    6.968806361    6.968806361   -4.201194557    2.459458324   -8.515454087  -10.257190320   16.146090671    5.888900351    5.888900351   -8.063357541   -9.805093774    6.340996897    6.340996897    1.000000000
  11    6.968806361    6.968806361   -4.201194557    2.459458324   -8.515454087  -10.257190320   16.146090671    5.888900351    5.888900351   -8.063357541   -9.805093774    6.340996897    6.340996897    1.000000000
  12    6.968806361    6.968806361   -4.201194557    2.459458324   -8.515454087  -10.257190320   16.146090671    5.888900351    5.888900351   -8.063357541   -9.805093774    6.340996897    6.340996897    1.000000000
  13   16.360897211   16.360897211   -3.769921622    1.927101531   -9.862420626  -11.705240717   27.465362153   15.760121436   15.760121436   -8.857133546  -10.699953637   16.765408516   16.765408516    1.000000000
  14   16.360897211   16.360897211   -3.769921622    1.927101531   -9.862420626  -11.705240717   27.465362153   15.760121436   15.760121436   -8.857133546  -10.699953637   16.765408516   16.765408516    1.000000000
  15   16.360897211   16.360897211   -3.769921622    1.927101531   -9.862420626  -11.705240717   27.465362153   15.760121436   15.760121436   -8.857133546  -10.699953637   16.765408516   16.765408516    1.000000000
  16   16.360897211   16.360897211   -3.769921622    1.927101531   -9.862420626  -11.705240717   27.465362153   15.760121436   15.760121436   -8.857133546  -10.699953637   16.765408516   16.765408516    1.000000000
 
       k =  0.500000  0.500000  0.500000 ik =   4 spin = 1

   n            Emf             Eo              X           SX-X             CH            Sig            KIH           Eqp0           Eqp1            CH`           Sig`          Eqp0`          Eqp1`            Znk
   1   -3.363046818   -3.363046818  -16.065747568   11.862979317   -9.923479259  -14.126247510    7.884640040   -6.241607470   -6.241607470   -9.608599568  -13.811367818   -5.926727778   -5.926727778    1.000000000
   2   -3.363046818   -3.363046818  -16.065747568   11.862979317   -9.923479259  -14.126247510    7.884640040   -6.241607470   -6.241607470   -9.608599568  -13.811367818   -5.926727778   -5.926727778    1.000000000
   3   -0.707274858   -0.707274858  -13.867984732   10.235600599   -9.412289514  -13.044673647    9.791021862   -3.253651785   -3.253651785   -9.074178645  -12.706562778   -2.915540916   -2.915540916    1.000000000
   4   -0.707274858   -0.707274858  -13.867984732   10.235600599   -9.412289514  -13.044673647    9.791021862   -3.253651785   -3.253651785   -9.074178645  -12.706562778   -2.915540916   -2.915540916    1.000000000
   5    5.056658076    5.056658076  -13.538588447    9.702860386  -10.022101804  -13.857829865   16.470572831    2.612742966    2.612742966   -9.392839804  -13.228567865    3.242004966    3.242004966    1.000000000
   6    5.056658076    5.056658076  -13.538588447    9.702860386  -10.022101804  -13.857829865   16.470572831    2.612742966    2.612742966   -9.392839804  -13.228567865    3.242004966    3.242004966    1.000000000
   7    5.088288518    5.088288518  -13.527872844    9.694872859  -10.020026360  -13.853026346   16.498851468    2.645825122    2.645825122   -9.393692108  -13.226692093    3.272159375    3.272159375    1.000000000
   8    5.088288518    5.088288518  -13.527872844    9.694872859  -10.020026360  -13.853026346   16.498851468    2.645825122    2.645825122   -9.393692108  -13.226692093    3.272159375    3.272159375    1.000000000
   9    7.800189171    7.800189171   -5.037736766    2.940925505   -9.437225566  -11.534036827   18.352337180    6.818300353    6.818300353   -8.820877338  -10.917688599    7.434648581    7.434648581    1.000000000
  10    7.800189171    7.800189171   -5.037736766    2.940925505   -9.437225566  -11.534036827   18.352337180    6.818300353    6.818300353   -8.820877338  -10.917688599    7.434648581    7.434648581    1.000000000
  11    9.587046911    9.587046911   -4.431172331    2.611087018   -9.028191327  -10.848276639   19.474283811    8.626007171    8.626007171   -8.417017526  -10.237102839    9.237180972    9.237180972    1.000000000
  12    9.587046911    9.587046911   -4.431172331    2.611087018   -9.028191327  -10.848276639   19.474283811    8.626007171    8.626007171   -8.417017526  -10.237102839    9.237180972    9.237180972    1.000000000
  13    9.601404866    9.601404866   -4.426382890    2.607640180   -9.024244224  -10.842986934   19.482741457    8.639754523    8.639754523   -8.410460902  -10.229203612    9.253537845    9.253537845    1.000000000
  14    9.601404866    9.601404866   -4.426382890    2.607640180   -9.024244224  -10.842986934   19.482741457    8.639754523    8.639754523   -8.410460902  -10.229203612    9.253537845    9.253537845    1.000000000
  15   13.996111838   13.996111838   -2.020345622    0.810855841   -7.585715759   -8.795205541   21.840256172   13.045050632   13.045050632   -7.108674204   -8.318163985   13.522092187   13.522092187    1.000000000
  16   13.996111838   13.996111838   -2.020345622    0.810855841   -7.585715759   -8.795205541   21.840256172   13.045050632   13.045050632   -7.108674204   -8.318163985   13.522092187   13.522092187    1.000000000
 

================================================================================

    n = band index.
  Emf = "inner" mean-field energy eigenvalue used to construct Sigma(E),
        read from WFN_inner.
   Eo = "outer" mean-field energy eigenvalue where we center the evaluation
        frequency grid {E} of Sigma(E). Defaults to Emf, unless
        you use WFN_outer and eqp_outer.dat / scissors_outer.
  Vxc = exchange-correlation pot., calculated from VXC or read from vxc.dat.
  KIH = Kinetic energy + Ionic potential + Hartree, read from kih.dat.
    X = bare exchange.
   SX = screened exchange contrib. to Sigma(E) at energy E=Eo
   CH = Coulomb hole contrib. to Sigma(E) at energy E=Eo
  Cor = SX-X + CH = correlation portion of Sigma(E) at energy E=Eo.
  Sig = X + Cor = self energy, Sigma(E), at energy E=Eo.
 Eqp0 = on-shell QP energy = Emf - Vxc + Sig(Eo)
        Eqp0 is *not* the recommended quantity to use for QP properties.
 Eqp1 = off-shell solution to the linearized  Dyson`s equation
      = Eqp0 + (dSig/dE) / (1 - dSig/dE) * (Eqp0 - Eo),
        or a full linear interpolation if more freq. points where computed.
        Eqp1 is the recommended quantity to use for QP properties.
  Znk = quasiparticle renormalization factor

 General notes:
 - All energies are reported here in eV.
 - Both Emf and Vxc contain the average pot. Vxc0, so Vxc0 doesn`t affect Sigma.
 - Eqp1 and Eqp0 are Eqs. (36-37) from Hybertsen & Louie PRB 34 5390.
 - We recommend you use Eqp1 for QP properties of materials.

================================================================================

