[lxrun] JID 52327461 · 2 nodes · 1:32:20 left · 2/2 free · incoming: lx-D
  1  nid001093  free   —              —      —  ← starting lx-D  python3 -u -m gw.gw_jax 
  2  nid001096  free   —              —      —

========================================================================
  COHSEX-JAX: Self-Energy Calculation
========================================================================
  Backend: GPU       Devices: 4  Mesh: 2×2  Processes: 4
  Device type: NVIDIA A100-SXM4-40GB
  XLA preallocate: false  mem_fraction: unset
========================================================================

  ISDF basis: 504 centroids
  FFT grid: 24×24×24   Cell volume: 270.11 a.u.³

  BGW vcoul override: loading /pscratch/sd/j/jackm/lorrax_sandbox/runs/Si/06_si_4x4x4_nosoc/D_lorrax_xonly_overlay_rho166_480c/bgw_vcoul.dat
    8 unique q-points, G counts per q: [537, 570, 568, 576, 562, 574, 588, 560]
    Memory estimate: peak 18.03 GB (budget 28.00 GB), bottleneck=zct
    Per-stage: fft=6.30  zct=9.11  reshard=5.54  solve=3.83  gather=2.22 GB
    AOT fit_one_rchunk peak (driver-level): 7.69 GB

  Chunked ISDF fitting:
    Band chunks: 60
    R chunks:    13824 (contiguous r-space)
    Q chunks:    64
    Zeta output: /pscratch/sd/j/jackm/lorrax_sandbox/runs/Si/06_si_4x4x4_nosoc/D_lorrax_xonly_overlay_rho166_480c/tmp/zeta_q.h5

  Zeta fitting: 1 r-chunks x 13824 r-points, 60 bands (60 left + 60 right)
  Output: /pscratch/sd/j/jackm/lorrax_sandbox/runs/Si/06_si_4x4x4_nosoc/D_lorrax_xonly_overlay_rho166_480c/tmp/zeta_q.h5
  Left wfns:  (64, 60, 2, 504)
  Right wfns: (64, 60, 2, 504)
  Pseudobands normalization: 0 weighted, 0 zero-weight (skipped)
  Computing pair densities P_l, P_r (spin_traced)
/opt/jax/jax/_src/interpreters/mlir.py:1178: UserWarning: Some donated buffers were not usable: ShapedArray(complex128[64,252,252]).
See an explanation at https://jax.readthedocs.io/en/latest/faq.html#buffer-donation.
  warnings.warn("Some donated buffers were not usable:"
  Computing L_q = chol(C_q)
  [debug-CCT] x64=True  C_q.dtype=complex128  shape=(64, 504, 504)
/opt/jax/jax/_src/interpreters/mlir.py:1178: UserWarning: Some donated buffers were not usable: ShapedArray(complex128[64,252,252]).
See an explanation at https://jax.readthedocs.io/en/latest/faq.html#buffer-donation.
  warnings.warn("Some donated buffers were not usable:"
/opt/jax/jax/_src/interpreters/mlir.py:1178: UserWarning: Some donated buffers were not usable: ShapedArray(complex128[64,252,252]).
See an explanation at https://jax.readthedocs.io/en/latest/faq.html#buffer-donation.
  warnings.warn("Some donated buffers were not usable:"
/opt/jax/jax/_src/interpreters/mlir.py:1178: UserWarning: Some donated buffers were not usable: ShapedArray(complex128[64,252,252]).
See an explanation at https://jax.readthedocs.io/en/latest/faq.html#buffer-donation.
  warnings.warn("Some donated buffers were not usable:"
  [debug-CCT] cond(C_q[q=0]) = 5.4324e+07   eig range [+9.9886e-10, +5.4262e-02]   n_rmu=504   n_neg=0  n<1e-12=0  evs.dtype=float64
  L_q: (64, 504, 504)
/pscratch/sd/j/jackm/lorrax_sandbox/sources/lorrax_D/src/file_io/_slab_io_ffi.py:239: UserWarning: FFI backend: chunks/attrs on create_dataset currently no-op; pre-create with h5py if you need explicit chunking or attrs.
  warnings.warn(
/pscratch/sd/j/jackm/lorrax_sandbox/sources/lorrax_D/src/file_io/_slab_io_ffi.py:239: UserWarning: FFI backend: chunks/attrs on create_dataset currently no-op; pre-create with h5py if you need explicit chunking or attrs.
  warnings.warn(
/pscratch/sd/j/jackm/lorrax_sandbox/sources/lorrax_D/src/file_io/_slab_io_ffi.py:239: UserWarning: FFI backend: chunks/attrs on create_dataset currently no-op; pre-create with h5py if you need explicit chunking or attrs.
  warnings.warn(
/pscratch/sd/j/jackm/lorrax_sandbox/sources/lorrax_D/src/file_io/_slab_io_ffi.py:239: UserWarning: FFI backend: chunks/attrs on create_dataset currently no-op; pre-create with h5py if you need explicit chunking or attrs.
  warnings.warn(
  ψ(G) host cache: 0.42 GB/process resident
Started zeta fitting at 10:57:19.
[ 10:57:19 | ██████████ | 100% ] r-chunk 1 / 1 · ETA 0 s
Finished zeta fitting at 10:57:19.  Elapsed: 0 s.
  [SlabIO.close] draining 1 pending writes for zeta_q.h5 …
  [SlabIO.close] Python dispatch drained in 5.8 s; joining writer thread
  [SlabIO.close] writer thread joined in 0.0 s; calling H5Fclose collectively
  [SlabIO.close] H5Fclose returned in 0.5 s
  Zeta output: /pscratch/sd/j/jackm/lorrax_sandbox/runs/Si/06_si_4x4x4_nosoc/D_lorrax_xonly_overlay_rho166_480c/tmp/zeta_q.h5  shape: (4,4,4,504,13824)
  Timing (1 r-chunks, 1.5s total):
    fit      1.43s  98.5%
    H5       0.02s   1.5%
    GPU high-water mark: 3.85 GB / 28.00 GB budget (14%)
    γ (runtime / AOT-pred) = 0.500  (AOT predicted 7.69 GB)
    V_q bare cutoff: 25.0 Ry
    V_q budget:    27.04 GB
    V_q mu chunks: 504
    V_q q batches: 4
  V_q (sharded): mesh=2x2, one-shot (Case A), q_chunk=64, μ_chunk=504 (1 μ-blocks), aligned=True, N_μ=504, N_G=645, predicted peak/rank=0.80 GB (V_ref+g0_ref=0.07 GB)
Started V_q computation at 10:57:30.
[ 10:57:30 | ░░░░░░░░░░ |   2% ] q-point  1 / 64 · ETA 0 s
[ 10:57:30 | █░░░░░░░░░ |   6% ] q-point  4 / 64 · ETA 0 s
[ 10:57:30 | █░░░░░░░░░ |  12% ] q-point  8 / 64 · ETA 0 s
[ 10:57:30 | ██░░░░░░░░ |  17% ] q-point 11 / 64 · ETA 0 s
[ 10:57:30 | ██░░░░░░░░ |  22% ] q-point 14 / 64 · ETA 0 s
[ 10:57:30 | ███░░░░░░░ |  28% ] q-point 18 / 64 · ETA 0 s
[ 10:57:30 | ███░░░░░░░ |  33% ] q-point 21 / 64 · ETA 0 s
[ 10:57:30 | ████░░░░░░ |  38% ] q-point 24 / 64 · ETA 0 s
[ 10:57:30 | ████░░░░░░ |  44% ] q-point 28 / 64 · ETA 0 s
[ 10:57:30 | █████░░░░░ |  48% ] q-point 31 / 64 · ETA 0 s
[ 10:57:30 | █████░░░░░ |  53% ] q-point 34 / 64 · ETA 0 s
[ 10:57:30 | ██████░░░░ |  58% ] q-point 37 / 64 · ETA 0 s
[ 10:57:30 | ██████░░░░ |  64% ] q-point 41 / 64 · ETA 0 s
[ 10:57:30 | ███████░░░ |  69% ] q-point 44 / 64 · ETA 0 s
[ 10:57:30 | ███████░░░ |  73% ] q-point 47 / 64 · ETA 0 s
[ 10:57:30 | ████████░░ |  80% ] q-point 51 / 64 · ETA 0 s
[ 10:57:30 | ████████░░ |  84% ] q-point 54 / 64 · ETA 0 s
[ 10:57:30 | █████████░ |  89% ] q-point 57 / 64 · ETA 0 s
[ 10:57:30 | ██████████ |  95% ] q-point 61 / 64 · ETA 0 s
[ 10:57:30 | ██████████ | 100% ] q-point 64 / 64 · ETA 0 s
Finished V_q computation at 10:57:30.  Elapsed: 0 s.
  [SlabIO.close] draining 0 pending writes for zeta_q.h5 …
  [SlabIO.close] Python dispatch drained in 0.0 s; joining writer thread
  [SlabIO.close] writer thread joined in 0.0 s; calling H5Fclose collectively
  [SlabIO.close] H5Fclose returned in 0.4 s

  V_q computed:
    Shape: (1, 1, 1, 4, 4, 4, 504, 504)
    V_q=0 trace: 198421795.7889
  [SlabIO.close] draining 3 pending writes for isdf_tensors_504.h5 …
  [SlabIO.close] Python dispatch drained in 1.0 s; joining writer thread
  [SlabIO.close] writer thread joined in 0.0 s; calling H5Fclose collectively
  [SlabIO.close] H5Fclose returned in 0.0 s
  Wavefunctions built (b0:b4=60 bands, 4 sharded copies: xn/xr/yr/yn)
  [SlabIO.close] draining 1 pending writes for isdf_tensors_504.h5 …
  [SlabIO.close] Python dispatch drained in 0.3 s; joining writer thread
  [SlabIO.close] writer thread joined in 0.0 s; calling H5Fclose collectively
  [SlabIO.close] H5Fclose returned in 0.2 s
  Chunked ISDF path complete

------------------------------------------------------------------------
  FINITE-SIZE CORRECTIONS
------------------------------------------------------------------------
  Head source: override
  v(q→0)  =     3303.748 a.u.  (bare Coulomb head)

------------------------------------------------------------------------
  STATIC HEAD TERMS (exact COHSEX / BGW-style)
------------------------------------------------------------------------
  Head source: override
  v_h(q→0)           =  3303.748102 a.u.
  W_h(q→0, ω=0)      =   150.338778 a.u.
  W_h^c              = -3153.409324 a.u.
  Σ^X head (occ)     = -1.911133e-01 Ry
  Σ^SX head (occ)    = -8.696709e-03 Ry
  Σ^(SX-X) head(occ) = 1.824166e-01 Ry
  Σ^COH head (all)   = -9.120828e-02 Ry
  Bare Σ_X diagonal (eV), k=0: -17.7777  -17.7777  -13.1110  -13.1110  -13.1110  -13.1111  -13.1112  -13.1111

  Output: /pscratch/sd/j/jackm/lorrax_sandbox/runs/Si/06_si_4x4x4_nosoc/D_lorrax_xonly_overlay_rho166_480c/eqp0.dat
  Restart:  /pscratch/sd/j/jackm/lorrax_sandbox/runs/Si/06_si_4x4x4_nosoc/D_lorrax_xonly_overlay_rho166_480c/tmp/isdf_tensors_504.h5

--- Timing ---
Total recorded: 17.780 s
Section                                            Count    Total[s]     Self[s]      %
gw_jax.load_centroid_wfns                              1       1.179       1.046    6.6
  load_wfns.precompute_owned                           1       0.000       0.000    0.0
  load_wfns.k_loop                                     1       0.024       0.024    0.1
  load_wfns.scatter                                    1       0.038       0.038    0.2
  load_wfns.make_global_array                          1       0.071       0.071    0.4
gw_jax.zeta_fit_chunked                                1      10.815       0.889   60.8
  zeta_fit.slice_halves                                1       0.031       0.031    0.2
  zeta_fit.CCT                                         1       0.246       0.246    1.4
  zeta_fit.cholesky                                    1       1.772       1.772   10.0
  zeta_fit.gc_pre_chunk_loop                           1       0.072       0.072    0.4
  zeta_fit.open_file                                   1       0.074       0.074    0.4
  zeta_fit.chunk_loop                                  1       1.453       0.000    8.2
    zeta_fit.chunk.fit_one_rchunk                      1       1.432       1.432    8.1
    zeta_fit.chunk.h5_write                            1       0.021       0.021    0.1
  zeta_fit.close_io                                    1       6.276       6.276   35.3
  zeta_fit.sync_global                                 1       0.002       0.002    0.0
gw_jax.V_q_compute                                     1       4.424       0.547   24.9
  compute_all_V_q_sharded                              1       3.877       3.877   21.8
gw_jax.wavefunction_setup                              1       0.032       0.032    0.2
gw_jax.sigma                                           1       1.329       1.329    7.5
