[lxrun] JID 52878880 · 4 nodes · 1:47:37 left · 4/4 free · incoming: lx-D
  1  nid008669  free   —              —      —  ← starting lx-D  python3 -u /pscratch/sd/
  2  nid008672  free   —              —      —
  3  nid008673  free   —              —      —
  4  nid008676  free   —              —      —
2026-05-12 16:50:28.282653: E external/xla/xla/python/profiler/internal/python_hooks.cc:412] Can't import tensorflow.python.profiler.trace
2026-05-12 16:50:28.283022: E external/xla/xla/python/profiler/internal/python_hooks.cc:412] Can't import tensorflow.python.profiler.trace
2026-05-12 16:50:28.285630: E external/xla/xla/python/profiler/internal/python_hooks.cc:412] Can't import tensorflow.python.profiler.trace
2026-05-12 16:50:28.285856: E external/xla/xla/python/profiler/internal/python_hooks.cc:412] Can't import tensorflow.python.profiler.trace
[pf] ▶ run_module:gw.gw_jax
[pf] ▶ run_module:gw.gw_jax
[pf] ▶ run_module:gw.gw_jax
[pf] ▶ run_module:gw.gw_jax

========================================================================
  COHSEX-JAX: Self-Energy Calculation
========================================================================
  Backend: GPU       Devices: 4  Mesh: 2×2  Processes: 4
  Device type: NVIDIA A100-SXM4-80GB
  XLA preallocate: false  mem_fraction: unset
========================================================================

/pscratch/sd/j/jackm/lorrax_sandbox/sources/lorrax_D/src/common/symmetry_maps.py:331: UserWarning: SymMaps: 4/9 full-BZ k-points require time-reversal symmetry for unfolding. Non-symmorphic phases are NOT applied for these k-points. Use noinv=.true. in QE to avoid this.
  warnings.warn(
/pscratch/sd/j/jackm/lorrax_sandbox/sources/lorrax_D/src/common/symmetry_maps.py:331: UserWarning: SymMaps: 4/9 full-BZ k-points require time-reversal symmetry for unfolding. Non-symmorphic phases are NOT applied for these k-points. Use noinv=.true. in QE to avoid this.
  warnings.warn(
/pscratch/sd/j/jackm/lorrax_sandbox/sources/lorrax_D/src/common/symmetry_maps.py:331: UserWarning: SymMaps: 4/9 full-BZ k-points require time-reversal symmetry for unfolding. Non-symmorphic phases are NOT applied for these k-points. Use noinv=.true. in QE to avoid this.
  warnings.warn(
/pscratch/sd/j/jackm/lorrax_sandbox/sources/lorrax_D/src/common/symmetry_maps.py:331: UserWarning: SymMaps: 4/9 full-BZ k-points require time-reversal symmetry for unfolding. Non-symmorphic phases are NOT applied for these k-points. Use noinv=.true. in QE to avoid this.
  warnings.warn(
  ISDF basis: 640 centroids
  FFT grid: 24×24×80   Cell volume: 702.20 a.u.³

WARNING:2026-05-12 16:50:32,479:jax._src.compilation_cache:265: Writing jit__local_fft to persistent compilation cache with key 'jit__local_fft-0fe590f038ee6deb7c17c1019ad4e26b62a1cbeac064293e6eb687d11aaddb2d'
WARNING:jax._src.compilation_cache:Writing jit__local_fft to persistent compilation cache with key 'jit__local_fft-0fe590f038ee6deb7c17c1019ad4e26b62a1cbeac064293e6eb687d11aaddb2d'
WARNING:2026-05-12 16:50:33,162:jax._src.compilation_cache:265: Writing jit__per_rank to persistent compilation cache with key 'jit__per_rank-ad119869bce786dc7db2909c220a407c97beb45a03e72b910fa64b0a85012c7a'
WARNING:jax._src.compilation_cache:Writing jit__per_rank to persistent compilation cache with key 'jit__per_rank-ad119869bce786dc7db2909c220a407c97beb45a03e72b910fa64b0a85012c7a'
    Memory estimate: peak 10.69 GB (budget 28.00 GB), bottleneck=zct
    Per-stage: fft=6.58  zct=10.69  reshard=0.47  solve=0.39  gather=0.34 GB
    AOT fit_one_rchunk peak (driver-level): 0.80 GB

  Chunked ISDF fitting:
    Band chunks: 16
    R chunks:    5760 (contiguous r-space)
    Q chunks:    9
    Zeta output: /pscratch/sd/j/jackm/lorrax_sandbox/runs/MoS2/00_mos2_3x3_cohsex/D_perf_before_2026-05-12/tmp/zeta_q.h5
    cutoffs: zeta = 30.0 Ry, bare-Coulomb = 30.0 Ry  (ecutwfc=30.0, ecutrho=120.0)

  Zeta fitting: 8 r-chunks x 5760 r-points, 80 bands (80 left + 80 right)
  Output: /pscratch/sd/j/jackm/lorrax_sandbox/runs/MoS2/00_mos2_3x3_cohsex/D_perf_before_2026-05-12/tmp/zeta_q.h5
  Left wfns:  (9, 80, 4, 640)
  Right wfns: (9, 80, 4, 640)
  Computing pair densities P_l, P_r (open-spin, charge γ̃^0=I)
/opt/jax/jax/_src/interpreters/mlir.py:1178: UserWarning: Some donated buffers were not usable: ShapedArray(complex128[9,4,4,320,320]), ShapedArray(complex128[9,4,4,320,320]).
See an explanation at https://jax.readthedocs.io/en/latest/faq.html#buffer-donation.
  warnings.warn("Some donated buffers were not usable:"
  Computing L_q = chol(C_q)  [PSD, charge channel, path=sharded_cholesky]

  Zeta fitting: 8 r-chunks x 5760 r-points, 80 bands (80 left + 80 right)
  Output: /pscratch/sd/j/jackm/lorrax_sandbox/runs/MoS2/00_mos2_3x3_cohsex/D_perf_before_2026-05-12/tmp/zeta_q.h5
  Left wfns:  (9, 80, 4, 640)
  Right wfns: (9, 80, 4, 640)

  Zeta fitting: 8 r-chunks x 5760 r-points, 80 bands (80 left + 80 right)
  Output: /pscratch/sd/j/jackm/lorrax_sandbox/runs/MoS2/00_mos2_3x3_cohsex/D_perf_before_2026-05-12/tmp/zeta_q.h5
  Left wfns:  (9, 80, 4, 640)
  Right wfns: (9, 80, 4, 640)

  Zeta fitting: 8 r-chunks x 5760 r-points, 80 bands (80 left + 80 right)
  Output: /pscratch/sd/j/jackm/lorrax_sandbox/runs/MoS2/00_mos2_3x3_cohsex/D_perf_before_2026-05-12/tmp/zeta_q.h5
  Left wfns:  (9, 80, 4, 640)
  Right wfns: (9, 80, 4, 640)
  Computing pair densities P_l, P_r (open-spin, charge γ̃^0=I)
  Computing pair densities P_l, P_r (open-spin, charge γ̃^0=I)
  Computing pair densities P_l, P_r (open-spin, charge γ̃^0=I)
/opt/jax/jax/_src/interpreters/mlir.py:1178: UserWarning: Some donated buffers were not usable: ShapedArray(complex128[9,4,4,320,320]), ShapedArray(complex128[9,4,4,320,320]).
See an explanation at https://jax.readthedocs.io/en/latest/faq.html#buffer-donation.
  warnings.warn("Some donated buffers were not usable:"
/opt/jax/jax/_src/interpreters/mlir.py:1178: UserWarning: Some donated buffers were not usable: ShapedArray(complex128[9,4,4,320,320]), ShapedArray(complex128[9,4,4,320,320]).
See an explanation at https://jax.readthedocs.io/en/latest/faq.html#buffer-donation.
  warnings.warn("Some donated buffers were not usable:"
/opt/jax/jax/_src/interpreters/mlir.py:1178: UserWarning: Some donated buffers were not usable: ShapedArray(complex128[9,4,4,320,320]), ShapedArray(complex128[9,4,4,320,320]).
See an explanation at https://jax.readthedocs.io/en/latest/faq.html#buffer-donation.
  warnings.warn("Some donated buffers were not usable:"
  Computing L_q = chol(C_q)  [PSD, charge channel, path=sharded_cholesky]
  Computing L_q = chol(C_q)  [PSD, charge channel, path=sharded_cholesky]
  Computing L_q = chol(C_q)  [PSD, charge channel, path=sharded_cholesky]
  L_q: (9, 640, 640)
  L_q: (9, 640, 640)
  L_q: (9, 640, 640)
  L_q: (9, 640, 640)
  q axis on disk: full BZ (9 q-points) (write_ibz_only=False or closure check failed)
  q axis on disk: full BZ (9 q-points) (write_ibz_only=False or closure check failed)
  q axis on disk: full BZ (9 q-points) (write_ibz_only=False or closure check failed)
  q axis on disk: full BZ (9 q-points) (write_ibz_only=False or closure check failed)
/pscratch/sd/j/jackm/lorrax_sandbox/sources/lorrax_D/src/file_io/_slab_io_ffi.py:385: UserWarning: FFI backend: chunks/attrs on create_dataset currently no-op; pre-create with h5py if you need explicit chunking or attrs.
  warnings.warn(
/pscratch/sd/j/jackm/lorrax_sandbox/sources/lorrax_D/src/file_io/_slab_io_ffi.py:385: UserWarning: FFI backend: chunks/attrs on create_dataset currently no-op; pre-create with h5py if you need explicit chunking or attrs.
  warnings.warn(
/pscratch/sd/j/jackm/lorrax_sandbox/sources/lorrax_D/src/file_io/_slab_io_ffi.py:385: UserWarning: FFI backend: chunks/attrs on create_dataset currently no-op; pre-create with h5py if you need explicit chunking or attrs.
  warnings.warn(
/pscratch/sd/j/jackm/lorrax_sandbox/sources/lorrax_D/src/file_io/_slab_io_ffi.py:385: UserWarning: FFI backend: chunks/attrs on create_dataset currently no-op; pre-create with h5py if you need explicit chunking or attrs.
  warnings.warn(
  ψ(G-flat) host cache: 0.02 GB/process resident
WARNING:2026-05-12 16:50:44,698:jax._src.compilation_cache:265: Writing jit_transpose to persistent compilation cache with key 'jit_transpose-8bd0e650f310502a316d1cdcbde694ec000b6ac0b519500e454513db1ad99c30'
WARNING:jax._src.compilation_cache:Writing jit_transpose to persistent compilation cache with key 'jit_transpose-8bd0e650f310502a316d1cdcbde694ec000b6ac0b519500e454513db1ad99c30'
Started zeta fitting at 16:50:44.
[ 16:50:44 | █░░░░░░░░░ |  12% ] r-chunk 1 / 8 · ETA 0 s
WARNING:2026-05-12 16:50:44,794:jax._src.compilation_cache:265: Writing jit__per_rank to persistent compilation cache with key 'jit__per_rank-62e0083e1cbf672efeaf7deeb30e1c6a52e9122eb5a59a13e5a90f2e6d40177f'
WARNING:jax._src.compilation_cache:Writing jit__per_rank to persistent compilation cache with key 'jit__per_rank-62e0083e1cbf672efeaf7deeb30e1c6a52e9122eb5a59a13e5a90f2e6d40177f'
[ 16:50:45 | ██░░░░░░░░ |  25% ] r-chunk 2 / 8 · ETA 1 s
[ 16:50:45 | ████░░░░░░ |  38% ] r-chunk 3 / 8 · ETA 1 s
[ 16:50:46 | █████░░░░░ |  50% ] r-chunk 4 / 8 · ETA 2 s
[ 16:50:49 | ██████░░░░ |  62% ] r-chunk 5 / 8 · ETA 3 s
[ 16:50:51 | ████████░░ |  75% ] r-chunk 6 / 8 · ETA 2 s
[ 16:50:53 | █████████░ |  88% ] r-chunk 7 / 8 · ETA 1 s
[ 16:50:54 | ██████████ | 100% ] r-chunk 8 / 8 · ETA 0 s
Finished zeta fitting at 16:50:54.  Elapsed: 10 s.
  [SlabIO.close] draining 3 pending writes for zeta_q.h5 …
  [SlabIO.close] Python dispatch drained in 5.3 s; joining writer thread
  [SlabIO.close] writer thread joined in 0.0 s; calling H5Fclose collectively
  [SlabIO.close] H5Fclose returned in 0.0 s
  Zeta output: /pscratch/sd/j/jackm/lorrax_sandbox/runs/MoS2/00_mos2_3x3_cohsex/D_perf_before_2026-05-12/tmp/zeta_q.h5  shape: (n_q_disk=9 of 3·3·1=9 full-BZ, n_rtot=46080, n_rmu=640)
  Timing (8 r-chunks, 12.4s total):
  Zeta output: /pscratch/sd/j/jackm/lorrax_sandbox/runs/MoS2/00_mos2_3x3_cohsex/D_perf_before_2026-05-12/tmp/zeta_q.h5  shape: (n_q_disk=9 of 3·3·1=9 full-BZ, n_rtot=46080, n_rmu=640)
    fit      3.71s  29.9%
    H5       8.69s  70.1%
  Zeta output: /pscratch/sd/j/jackm/lorrax_sandbox/runs/MoS2/00_mos2_3x3_cohsex/D_perf_before_2026-05-12/tmp/zeta_q.h5  shape: (n_q_disk=9 of 3·3·1=9 full-BZ, n_rtot=46080, n_rmu=640)
  Timing (8 r-chunks, 12.4s total):
  Timing (8 r-chunks, 12.4s total):
    fit      3.95s  31.9%
    H5       8.45s  68.1%
    fit      3.78s  30.5%
    H5       8.61s  69.5%
  Zeta output: /pscratch/sd/j/jackm/lorrax_sandbox/runs/MoS2/00_mos2_3x3_cohsex/D_perf_before_2026-05-12/tmp/zeta_q.h5  shape: (n_q_disk=9 of 3·3·1=9 full-BZ, n_rtot=46080, n_rmu=640)
  Timing (8 r-chunks, 12.4s total):
    fit      3.84s  30.9%
    H5       8.57s  69.0%
  [diag] ζ^{μ_L=0} (zeta_q) q=0: max|ζ|=3.926e+00, L2=3.847e+02
    GPU high-water mark: 2.30 GB / 28.00 GB budget (8%)
    γ (runtime / AOT-pred) = 2.893  (AOT predicted 0.80 GB)

  [bispinor] fitting ζ^{μ_L=1,2,3} on current-density centroids: centroids_frac_656_current.txt
  [bispinor] μ_L=1 → /pscratch/sd/j/jackm/lorrax_sandbox/runs/MoS2/00_mos2_3x3_cohsex/D_perf_before_2026-05-12/tmp/zeta_q_mu1.h5

  Zeta fitting: 8 r-chunks x 5760 r-points, 80 bands (80 left + 80 right)
  Output: /pscratch/sd/j/jackm/lorrax_sandbox/runs/MoS2/00_mos2_3x3_cohsex/D_perf_before_2026-05-12/tmp/zeta_q_mu1.h5
  Left wfns:  (9, 80, 4, 656)
  Right wfns: (9, 80, 4, 656)

  Zeta fitting: 8 r-chunks x 5760 r-points, 80 bands (80 left + 80 right)
  Output: /pscratch/sd/j/jackm/lorrax_sandbox/runs/MoS2/00_mos2_3x3_cohsex/D_perf_before_2026-05-12/tmp/zeta_q_mu1.h5
  Left wfns:  (9, 80, 4, 656)
  Right wfns: (9, 80, 4, 656)

  Zeta fitting: 8 r-chunks x 5760 r-points, 80 bands (80 left + 80 right)
  Output: /pscratch/sd/j/jackm/lorrax_sandbox/runs/MoS2/00_mos2_3x3_cohsex/D_perf_before_2026-05-12/tmp/zeta_q_mu1.h5
  Left wfns:  (9, 80, 4, 656)
  Right wfns: (9, 80, 4, 656)
  Computing pair densities P_l, P_r (open-spin, transverse γ̃^1)

  Zeta fitting: 8 r-chunks x 5760 r-points, 80 bands (80 left + 80 right)
  Output: /pscratch/sd/j/jackm/lorrax_sandbox/runs/MoS2/00_mos2_3x3_cohsex/D_perf_before_2026-05-12/tmp/zeta_q_mu1.h5
  Left wfns:  (9, 80, 4, 656)
  Right wfns: (9, 80, 4, 656)
/opt/jax/jax/_src/interpreters/mlir.py:1178: UserWarning: Some donated buffers were not usable: ShapedArray(complex128[9,4,4,328,328]), ShapedArray(complex128[9,4,4,328,328]).
See an explanation at https://jax.readthedocs.io/en/latest/faq.html#buffer-donation.
  warnings.warn("Some donated buffers were not usable:"
  Pass through C_q  [γ̃^1 indefinite — path=lu]
  L_q: (9, 656, 656)
  q axis on disk: full BZ (9 q-points) (write_ibz_only=False or closure check failed)
  Computing pair densities P_l, P_r (open-spin, transverse γ̃^1)
  Computing pair densities P_l, P_r (open-spin, transverse γ̃^1)
  Computing pair densities P_l, P_r (open-spin, transverse γ̃^1)
/opt/jax/jax/_src/interpreters/mlir.py:1178: UserWarning: Some donated buffers were not usable: ShapedArray(complex128[9,4,4,328,328]), ShapedArray(complex128[9,4,4,328,328]).
See an explanation at https://jax.readthedocs.io/en/latest/faq.html#buffer-donation.
  warnings.warn("Some donated buffers were not usable:"
/opt/jax/jax/_src/interpreters/mlir.py:1178: UserWarning: Some donated buffers were not usable: ShapedArray(complex128[9,4,4,328,328]), ShapedArray(complex128[9,4,4,328,328]).
See an explanation at https://jax.readthedocs.io/en/latest/faq.html#buffer-donation.
  warnings.warn("Some donated buffers were not usable:"
/opt/jax/jax/_src/interpreters/mlir.py:1178: UserWarning: Some donated buffers were not usable: ShapedArray(complex128[9,4,4,328,328]), ShapedArray(complex128[9,4,4,328,328]).
See an explanation at https://jax.readthedocs.io/en/latest/faq.html#buffer-donation.
  warnings.warn("Some donated buffers were not usable:"
  Pass through C_q  [γ̃^1 indefinite — path=lu]
  L_q: (9, 656, 656)
  q axis on disk: full BZ (9 q-points) (write_ibz_only=False or closure check failed)
  Pass through C_q  [γ̃^1 indefinite — path=lu]
  L_q: (9, 656, 656)
  Pass through C_q  [γ̃^1 indefinite — path=lu]
  L_q: (9, 656, 656)
  q axis on disk: full BZ (9 q-points) (write_ibz_only=False or closure check failed)
  q axis on disk: full BZ (9 q-points) (write_ibz_only=False or closure check failed)
/pscratch/sd/j/jackm/lorrax_sandbox/sources/lorrax_D/src/file_io/_slab_io_ffi.py:385: UserWarning: FFI backend: chunks/attrs on create_dataset currently no-op; pre-create with h5py if you need explicit chunking or attrs.
  warnings.warn(
/pscratch/sd/j/jackm/lorrax_sandbox/sources/lorrax_D/src/file_io/_slab_io_ffi.py:385: UserWarning: FFI backend: chunks/attrs on create_dataset currently no-op; pre-create with h5py if you need explicit chunking or attrs.
  warnings.warn(
/pscratch/sd/j/jackm/lorrax_sandbox/sources/lorrax_D/src/file_io/_slab_io_ffi.py:385: UserWarning: FFI backend: chunks/attrs on create_dataset currently no-op; pre-create with h5py if you need explicit chunking or attrs.
  warnings.warn(
/pscratch/sd/j/jackm/lorrax_sandbox/sources/lorrax_D/src/file_io/_slab_io_ffi.py:385: UserWarning: FFI backend: chunks/attrs on create_dataset currently no-op; pre-create with h5py if you need explicit chunking or attrs.
  warnings.warn(
  ψ(G-flat) host cache: 0.02 GB/process resident
WARNING:2026-05-12 16:51:08,058:jax._src.compilation_cache:265: Writing jit_transpose to persistent compilation cache with key 'jit_transpose-16b51c02b9e2543839be1c5faf290d4be5bac73b48d91e2154b9c1d02e0c670b'
WARNING:jax._src.compilation_cache:Writing jit_transpose to persistent compilation cache with key 'jit_transpose-16b51c02b9e2543839be1c5faf290d4be5bac73b48d91e2154b9c1d02e0c670b'
Started zeta fitting at 16:51:08.
[ 16:51:08 | █░░░░░░░░░ |  12% ] r-chunk 1 / 8 · ETA 0 s
WARNING:2026-05-12 16:51:08,152:jax._src.compilation_cache:265: Writing jit__per_rank to persistent compilation cache with key 'jit__per_rank-447f9720ddf88d83ba74f01a5d13e19a796e3aeeecfcb30d07bf41d7b6ac3b4a'
WARNING:jax._src.compilation_cache:Writing jit__per_rank to persistent compilation cache with key 'jit__per_rank-447f9720ddf88d83ba74f01a5d13e19a796e3aeeecfcb30d07bf41d7b6ac3b4a'
[ 16:51:08 | ██░░░░░░░░ |  25% ] r-chunk 2 / 8 · ETA 1 s
[ 16:51:08 | ████░░░░░░ |  38% ] r-chunk 3 / 8 · ETA 1 s
[ 16:51:10 | █████░░░░░ |  50% ] r-chunk 4 / 8 · ETA 2 s
[ 16:51:12 | ██████░░░░ |  62% ] r-chunk 5 / 8 · ETA 3 s
[ 16:51:14 | ████████░░ |  75% ] r-chunk 6 / 8 · ETA 2 s
[ 16:51:16 | █████████░ |  88% ] r-chunk 7 / 8 · ETA 1 s
[ 16:51:18 | ██████████ | 100% ] r-chunk 8 / 8 · ETA 0 s
Finished zeta fitting at 16:51:18.  Elapsed: 10 s.
  [SlabIO.close] draining 3 pending writes for zeta_q_mu1.h5 …
  [SlabIO.close] Python dispatch drained in 5.4 s; joining writer thread
  [SlabIO.close] writer thread joined in 0.0 s; calling H5Fclose collectively
  [SlabIO.close] H5Fclose returned in 0.1 s
  Zeta output: /pscratch/sd/j/jackm/lorrax_sandbox/runs/MoS2/00_mos2_3x3_cohsex/D_perf_before_2026-05-12/tmp/zeta_q_mu1.h5  shape: (n_q_disk=9 of 3·3·1=9 full-BZ, n_rtot=46080, n_rmu=656)
  Timing (8 r-chunks, 12.8s total):
    fit      4.58s  35.6%
    H5       8.27s  64.4%
  Zeta output: /pscratch/sd/j/jackm/lorrax_sandbox/runs/MoS2/00_mos2_3x3_cohsex/D_perf_before_2026-05-12/tmp/zeta_q_mu1.h5  shape: (n_q_disk=9 of 3·3·1=9 full-BZ, n_rtot=46080, n_rmu=656)
  Timing (8 r-chunks, 12.9s total):
    fit      4.23s  32.9%
    H5       8.65s  67.1%
  Zeta output: /pscratch/sd/j/jackm/lorrax_sandbox/runs/MoS2/00_mos2_3x3_cohsex/D_perf_before_2026-05-12/tmp/zeta_q_mu1.h5  shape: (n_q_disk=9 of 3·3·1=9 full-BZ, n_rtot=46080, n_rmu=656)
  Timing (8 r-chunks, 12.9s total):
    fit      4.27s  33.2%
    H5       8.60s  66.8%
  Zeta output: /pscratch/sd/j/jackm/lorrax_sandbox/runs/MoS2/00_mos2_3x3_cohsex/D_perf_before_2026-05-12/tmp/zeta_q_mu1.h5  shape: (n_q_disk=9 of 3·3·1=9 full-BZ, n_rtot=46080, n_rmu=656)
  Timing (8 r-chunks, 12.9s total):
    fit      4.18s  32.5%
    H5       8.68s  67.5%
  [diag] ζ^{μ_L=1} q=0: max|ζ|=7.461e+00, L2=1.327e+03

  Zeta fitting: 8 r-chunks x 5760 r-points, 80 bands (80 left + 80 right)
  Output: /pscratch/sd/j/jackm/lorrax_sandbox/runs/MoS2/00_mos2_3x3_cohsex/D_perf_before_2026-05-12/tmp/zeta_q_mu2.h5
  Left wfns:  (9, 80, 4, 656)
  Right wfns: (9, 80, 4, 656)
  [bispinor] μ_L=2 → /pscratch/sd/j/jackm/lorrax_sandbox/runs/MoS2/00_mos2_3x3_cohsex/D_perf_before_2026-05-12/tmp/zeta_q_mu2.h5

  Zeta fitting: 8 r-chunks x 5760 r-points, 80 bands (80 left + 80 right)
  Output: /pscratch/sd/j/jackm/lorrax_sandbox/runs/MoS2/00_mos2_3x3_cohsex/D_perf_before_2026-05-12/tmp/zeta_q_mu2.h5
  Left wfns:  (9, 80, 4, 656)
  Right wfns: (9, 80, 4, 656)
  Computing pair densities P_l, P_r (open-spin, transverse γ̃^2)

  Zeta fitting: 8 r-chunks x 5760 r-points, 80 bands (80 left + 80 right)
  Output: /pscratch/sd/j/jackm/lorrax_sandbox/runs/MoS2/00_mos2_3x3_cohsex/D_perf_before_2026-05-12/tmp/zeta_q_mu2.h5
  Left wfns:  (9, 80, 4, 656)
  Right wfns: (9, 80, 4, 656)

  Zeta fitting: 8 r-chunks x 5760 r-points, 80 bands (80 left + 80 right)
  Output: /pscratch/sd/j/jackm/lorrax_sandbox/runs/MoS2/00_mos2_3x3_cohsex/D_perf_before_2026-05-12/tmp/zeta_q_mu2.h5
  Left wfns:  (9, 80, 4, 656)
  Right wfns: (9, 80, 4, 656)
/opt/jax/jax/_src/interpreters/mlir.py:1178: UserWarning: Some donated buffers were not usable: ShapedArray(complex128[9,4,4,328,328]), ShapedArray(complex128[9,4,4,328,328]).
See an explanation at https://jax.readthedocs.io/en/latest/faq.html#buffer-donation.
  warnings.warn("Some donated buffers were not usable:"
  Pass through C_q  [γ̃^2 indefinite — path=lu]
  L_q: (9, 656, 656)
  q axis on disk: full BZ (9 q-points) (write_ibz_only=False or closure check failed)
  Computing pair densities P_l, P_r (open-spin, transverse γ̃^2)
  Computing pair densities P_l, P_r (open-spin, transverse γ̃^2)
  Computing pair densities P_l, P_r (open-spin, transverse γ̃^2)
/opt/jax/jax/_src/interpreters/mlir.py:1178: UserWarning: Some donated buffers were not usable: ShapedArray(complex128[9,4,4,328,328]), ShapedArray(complex128[9,4,4,328,328]).
See an explanation at https://jax.readthedocs.io/en/latest/faq.html#buffer-donation.
  warnings.warn("Some donated buffers were not usable:"
/opt/jax/jax/_src/interpreters/mlir.py:1178: UserWarning: Some donated buffers were not usable: ShapedArray(complex128[9,4,4,328,328]), ShapedArray(complex128[9,4,4,328,328]).
See an explanation at https://jax.readthedocs.io/en/latest/faq.html#buffer-donation.
  warnings.warn("Some donated buffers were not usable:"
/opt/jax/jax/_src/interpreters/mlir.py:1178: UserWarning: Some donated buffers were not usable: ShapedArray(complex128[9,4,4,328,328]), ShapedArray(complex128[9,4,4,328,328]).
See an explanation at https://jax.readthedocs.io/en/latest/faq.html#buffer-donation.
  warnings.warn("Some donated buffers were not usable:"
  Pass through C_q  [γ̃^2 indefinite — path=lu]
  L_q: (9, 656, 656)
  Pass through C_q  [γ̃^2 indefinite — path=lu]
  L_q: (9, 656, 656)
  q axis on disk: full BZ (9 q-points) (write_ibz_only=False or closure check failed)
  q axis on disk: full BZ (9 q-points) (write_ibz_only=False or closure check failed)
  Pass through C_q  [γ̃^2 indefinite — path=lu]
  L_q: (9, 656, 656)
  q axis on disk: full BZ (9 q-points) (write_ibz_only=False or closure check failed)
/pscratch/sd/j/jackm/lorrax_sandbox/sources/lorrax_D/src/file_io/_slab_io_ffi.py:385: UserWarning: FFI backend: chunks/attrs on create_dataset currently no-op; pre-create with h5py if you need explicit chunking or attrs.
  warnings.warn(
/pscratch/sd/j/jackm/lorrax_sandbox/sources/lorrax_D/src/file_io/_slab_io_ffi.py:385: UserWarning: FFI backend: chunks/attrs on create_dataset currently no-op; pre-create with h5py if you need explicit chunking or attrs.
  warnings.warn(
/pscratch/sd/j/jackm/lorrax_sandbox/sources/lorrax_D/src/file_io/_slab_io_ffi.py:385: UserWarning: FFI backend: chunks/attrs on create_dataset currently no-op; pre-create with h5py if you need explicit chunking or attrs.
  warnings.warn(
/pscratch/sd/j/jackm/lorrax_sandbox/sources/lorrax_D/src/file_io/_slab_io_ffi.py:385: UserWarning: FFI backend: chunks/attrs on create_dataset currently no-op; pre-create with h5py if you need explicit chunking or attrs.
  warnings.warn(
  ψ(G-flat) host cache: 0.02 GB/process resident
Started zeta fitting at 16:51:30.
[ 16:51:30 | █░░░░░░░░░ |  12% ] r-chunk 1 / 8 · ETA 0 s
WARNING:2026-05-12 16:51:30,493:jax._src.compilation_cache:265: Writing jit__per_rank to persistent compilation cache with key 'jit__per_rank-0ee7e847ee7a6b4667e67487a97b447134f794d42d449634263852275cb6268d'
WARNING:jax._src.compilation_cache:Writing jit__per_rank to persistent compilation cache with key 'jit__per_rank-0ee7e847ee7a6b4667e67487a97b447134f794d42d449634263852275cb6268d'
[ 16:51:30 | ██░░░░░░░░ |  25% ] r-chunk 2 / 8 · ETA 1 s
[ 16:51:31 | ████░░░░░░ |  38% ] r-chunk 3 / 8 · ETA 1 s
[ 16:51:32 | █████░░░░░ |  50% ] r-chunk 4 / 8 · ETA 2 s
[ 16:51:35 | ██████░░░░ |  62% ] r-chunk 5 / 8 · ETA 3 s
[ 16:51:37 | ████████░░ |  75% ] r-chunk 6 / 8 · ETA 2 s
[ 16:51:39 | █████████░ |  88% ] r-chunk 7 / 8 · ETA 1 s
[ 16:51:41 | ██████████ | 100% ] r-chunk 8 / 8 · ETA 0 s
Finished zeta fitting at 16:51:41.  Elapsed: 11 s.
  [SlabIO.close] draining 3 pending writes for zeta_q_mu2.h5 …
  [SlabIO.close] Python dispatch drained in 5.5 s; joining writer thread
  [SlabIO.close] writer thread joined in 0.0 s; calling H5Fclose collectively
  [SlabIO.close] H5Fclose returned in 0.1 s
  Zeta output: /pscratch/sd/j/jackm/lorrax_sandbox/runs/MoS2/00_mos2_3x3_cohsex/D_perf_before_2026-05-12/tmp/zeta_q_mu2.h5  shape: (n_q_disk=9 of 3·3·1=9 full-BZ, n_rtot=46080, n_rmu=656)
  Timing (8 r-chunks, 13.1s total):
    fit      4.30s  32.9%
    H5       8.75s  67.1%
  Zeta output: /pscratch/sd/j/jackm/lorrax_sandbox/runs/MoS2/00_mos2_3x3_cohsex/D_perf_before_2026-05-12/tmp/zeta_q_mu2.h5  shape: (n_q_disk=9 of 3·3·1=9 full-BZ, n_rtot=46080, n_rmu=656)
  Zeta output: /pscratch/sd/j/jackm/lorrax_sandbox/runs/MoS2/00_mos2_3x3_cohsex/D_perf_before_2026-05-12/tmp/zeta_q_mu2.h5  shape: (n_q_disk=9 of 3·3·1=9 full-BZ, n_rtot=46080, n_rmu=656)
  Timing (8 r-chunks, 13.1s total):
    fit      4.21s  32.2%
    H5       8.85s  67.8%
  Timing (8 r-chunks, 13.0s total):
    fit      4.36s  33.5%
    H5       8.66s  66.5%
  Zeta output: /pscratch/sd/j/jackm/lorrax_sandbox/runs/MoS2/00_mos2_3x3_cohsex/D_perf_before_2026-05-12/tmp/zeta_q_mu2.h5  shape: (n_q_disk=9 of 3·3·1=9 full-BZ, n_rtot=46080, n_rmu=656)
  Timing (8 r-chunks, 13.1s total):
    fit      4.16s  31.9%
    H5       8.90s  68.1%
  [diag] ζ^{μ_L=2} q=0: max|ζ|=1.048e+01, L2=1.306e+03
  [bispinor] μ_L=3 → /pscratch/sd/j/jackm/lorrax_sandbox/runs/MoS2/00_mos2_3x3_cohsex/D_perf_before_2026-05-12/tmp/zeta_q_mu3.h5

  Zeta fitting: 8 r-chunks x 5760 r-points, 80 bands (80 left + 80 right)
  Output: /pscratch/sd/j/jackm/lorrax_sandbox/runs/MoS2/00_mos2_3x3_cohsex/D_perf_before_2026-05-12/tmp/zeta_q_mu3.h5
  Left wfns:  (9, 80, 4, 656)
  Right wfns: (9, 80, 4, 656)

  Zeta fitting: 8 r-chunks x 5760 r-points, 80 bands (80 left + 80 right)
  Output: /pscratch/sd/j/jackm/lorrax_sandbox/runs/MoS2/00_mos2_3x3_cohsex/D_perf_before_2026-05-12/tmp/zeta_q_mu3.h5
  Left wfns:  (9, 80, 4, 656)
  Right wfns: (9, 80, 4, 656)

  Zeta fitting: 8 r-chunks x 5760 r-points, 80 bands (80 left + 80 right)
  Output: /pscratch/sd/j/jackm/lorrax_sandbox/runs/MoS2/00_mos2_3x3_cohsex/D_perf_before_2026-05-12/tmp/zeta_q_mu3.h5
  Left wfns:  (9, 80, 4, 656)
  Right wfns: (9, 80, 4, 656)
  Computing pair densities P_l, P_r (open-spin, transverse γ̃^3)

  Zeta fitting: 8 r-chunks x 5760 r-points, 80 bands (80 left + 80 right)
  Output: /pscratch/sd/j/jackm/lorrax_sandbox/runs/MoS2/00_mos2_3x3_cohsex/D_perf_before_2026-05-12/tmp/zeta_q_mu3.h5
  Left wfns:  (9, 80, 4, 656)
  Right wfns: (9, 80, 4, 656)
/opt/jax/jax/_src/interpreters/mlir.py:1178: UserWarning: Some donated buffers were not usable: ShapedArray(complex128[9,4,4,328,328]), ShapedArray(complex128[9,4,4,328,328]).
See an explanation at https://jax.readthedocs.io/en/latest/faq.html#buffer-donation.
  warnings.warn("Some donated buffers were not usable:"
  Pass through C_q  [γ̃^3 indefinite — path=lu]
  L_q: (9, 656, 656)
  q axis on disk: full BZ (9 q-points) (write_ibz_only=False or closure check failed)
  Computing pair densities P_l, P_r (open-spin, transverse γ̃^3)
  Computing pair densities P_l, P_r (open-spin, transverse γ̃^3)
  Computing pair densities P_l, P_r (open-spin, transverse γ̃^3)
/opt/jax/jax/_src/interpreters/mlir.py:1178: UserWarning: Some donated buffers were not usable: ShapedArray(complex128[9,4,4,328,328]), ShapedArray(complex128[9,4,4,328,328]).
See an explanation at https://jax.readthedocs.io/en/latest/faq.html#buffer-donation.
  warnings.warn("Some donated buffers were not usable:"
/opt/jax/jax/_src/interpreters/mlir.py:1178: UserWarning: Some donated buffers were not usable: ShapedArray(complex128[9,4,4,328,328]), ShapedArray(complex128[9,4,4,328,328]).
See an explanation at https://jax.readthedocs.io/en/latest/faq.html#buffer-donation.
  warnings.warn("Some donated buffers were not usable:"
/opt/jax/jax/_src/interpreters/mlir.py:1178: UserWarning: Some donated buffers were not usable: ShapedArray(complex128[9,4,4,328,328]), ShapedArray(complex128[9,4,4,328,328]).
See an explanation at https://jax.readthedocs.io/en/latest/faq.html#buffer-donation.
  warnings.warn("Some donated buffers were not usable:"
  Pass through C_q  [γ̃^3 indefinite — path=lu]
  L_q: (9, 656, 656)
  Pass through C_q  [γ̃^3 indefinite — path=lu]
  L_q: (9, 656, 656)
  q axis on disk: full BZ (9 q-points) (write_ibz_only=False or closure check failed)
  q axis on disk: full BZ (9 q-points) (write_ibz_only=False or closure check failed)
  Pass through C_q  [γ̃^3 indefinite — path=lu]
  L_q: (9, 656, 656)
  q axis on disk: full BZ (9 q-points) (write_ibz_only=False or closure check failed)
/pscratch/sd/j/jackm/lorrax_sandbox/sources/lorrax_D/src/file_io/_slab_io_ffi.py:385: UserWarning: FFI backend: chunks/attrs on create_dataset currently no-op; pre-create with h5py if you need explicit chunking or attrs.
  warnings.warn(
/pscratch/sd/j/jackm/lorrax_sandbox/sources/lorrax_D/src/file_io/_slab_io_ffi.py:385: UserWarning: FFI backend: chunks/attrs on create_dataset currently no-op; pre-create with h5py if you need explicit chunking or attrs.
  warnings.warn(
/pscratch/sd/j/jackm/lorrax_sandbox/sources/lorrax_D/src/file_io/_slab_io_ffi.py:385: UserWarning: FFI backend: chunks/attrs on create_dataset currently no-op; pre-create with h5py if you need explicit chunking or attrs.
  warnings.warn(
/pscratch/sd/j/jackm/lorrax_sandbox/sources/lorrax_D/src/file_io/_slab_io_ffi.py:385: UserWarning: FFI backend: chunks/attrs on create_dataset currently no-op; pre-create with h5py if you need explicit chunking or attrs.
  warnings.warn(
  ψ(G-flat) host cache: 0.02 GB/process resident
Started zeta fitting at 16:51:52.
[ 16:51:52 | █░░░░░░░░░ |  12% ] r-chunk 1 / 8 · ETA 0 s
WARNING:2026-05-12 16:51:53,024:jax._src.compilation_cache:265: Writing jit__per_rank to persistent compilation cache with key 'jit__per_rank-06bb13cc39528a2d41b1250df6fde59815c86e12ec856af0ae18a7fb835d29a3'
WARNING:jax._src.compilation_cache:Writing jit__per_rank to persistent compilation cache with key 'jit__per_rank-06bb13cc39528a2d41b1250df6fde59815c86e12ec856af0ae18a7fb835d29a3'
[ 16:51:53 | ██░░░░░░░░ |  25% ] r-chunk 2 / 8 · ETA 1 s
[ 16:51:53 | ████░░░░░░ |  38% ] r-chunk 3 / 8 · ETA 1 s
[ 16:51:55 | █████░░░░░ |  50% ] r-chunk 4 / 8 · ETA 2 s
[ 16:51:57 | ██████░░░░ |  62% ] r-chunk 5 / 8 · ETA 3 s
[ 16:51:59 | ████████░░ |  75% ] r-chunk 6 / 8 · ETA 2 s
[ 16:52:01 | █████████░ |  88% ] r-chunk 7 / 8 · ETA 1 s
[ 16:52:03 | ██████████ | 100% ] r-chunk 8 / 8 · ETA 0 s
Finished zeta fitting at 16:52:03.  Elapsed: 10 s.
  [SlabIO.close] draining 3 pending writes for zeta_q_mu3.h5 …
  [SlabIO.close] Python dispatch drained in 5.5 s; joining writer thread
  [SlabIO.close] writer thread joined in 0.0 s; calling H5Fclose collectively
  [SlabIO.close] H5Fclose returned in 0.0 s
  Zeta output: /pscratch/sd/j/jackm/lorrax_sandbox/runs/MoS2/00_mos2_3x3_cohsex/D_perf_before_2026-05-12/tmp/zeta_q_mu3.h5  shape: (n_q_disk=9 of 3·3·1=9 full-BZ, n_rtot=46080, n_rmu=656)
  Timing (8 r-chunks, 12.9s total):
    fit      4.13s  32.2%
    H5       8.72s  67.8%
  Zeta output: /pscratch/sd/j/jackm/lorrax_sandbox/runs/MoS2/00_mos2_3x3_cohsex/D_perf_before_2026-05-12/tmp/zeta_q_mu3.h5  shape: (n_q_disk=9 of 3·3·1=9 full-BZ, n_rtot=46080, n_rmu=656)
  Timing (8 r-chunks, 12.8s total):
    fit      4.17s  32.5%
    H5       8.67s  67.5%
  Zeta output: /pscratch/sd/j/jackm/lorrax_sandbox/runs/MoS2/00_mos2_3x3_cohsex/D_perf_before_2026-05-12/tmp/zeta_q_mu3.h5  shape: (n_q_disk=9 of 3·3·1=9 full-BZ, n_rtot=46080, n_rmu=656)
  Timing (8 r-chunks, 12.9s total):
    fit      4.54s  35.3%
    H5       8.31s  64.7%
  Zeta output: /pscratch/sd/j/jackm/lorrax_sandbox/runs/MoS2/00_mos2_3x3_cohsex/D_perf_before_2026-05-12/tmp/zeta_q_mu3.h5  shape: (n_q_disk=9 of 3·3·1=9 full-BZ, n_rtot=46080, n_rmu=656)
  Timing (8 r-chunks, 12.9s total):
    fit      4.36s  33.9%
    H5       8.50s  66.1%
  [diag] ζ^{μ_L=3} q=0: max|ζ|=1.023e+01, L2=1.356e+03
    V_q bare cutoff: 30.0 Ry
    V_q budget:    27.10 GB

  [bispinor] V_q^{μ_L,ν_L} → /pscratch/sd/j/jackm/lorrax_sandbox/runs/MoS2/00_mos2_3x3_cohsex/D_perf_before_2026-05-12/tmp/v_q_bispinor.h5
  [SlabIO.close] draining 0 pending writes for v_q_bispinor.h5 …
  [SlabIO.close] Python dispatch drained in 0.0 s; joining writer thread
  [SlabIO.close] writer thread joined in 0.0 s; calling H5Fclose collectively
  [SlabIO.close] H5Fclose returned in 0.0 s
WARNING:2026-05-12 16:52:12,505:jax._src.compilation_cache:265: Writing jit__per_rank to persistent compilation cache with key 'jit__per_rank-fe70d0b38a68e70296454afe79ed157b2ec3652038cd502f7a09d746b442a62f'
WARNING:jax._src.compilation_cache:Writing jit__per_rank to persistent compilation cache with key 'jit__per_rank-fe70d0b38a68e70296454afe79ed157b2ec3652038cd502f7a09d746b442a62f'
Started V_q tile at 16:52:16.
[ 16:52:16 | █░░░░░░░░░ |  11% ] q-point 1 / 9 · ETA 0 s
[ 16:52:16 | ██░░░░░░░░ |  22% ] q-point 2 / 9 · ETA 0 s
[ 16:52:16 | ███░░░░░░░ |  33% ] q-point 3 / 9 · ETA 0 s
[ 16:52:16 | ████░░░░░░ |  44% ] q-point 4 / 9 · ETA 0 s
[ 16:52:16 | ██████░░░░ |  56% ] q-point 5 / 9 · ETA 0 s
[ 16:52:16 | ███████░░░ |  67% ] q-point 6 / 9 · ETA 0 s
[ 16:52:16 | ████████░░ |  78% ] q-point 7 / 9 · ETA 0 s
[ 16:52:16 | █████████░ |  89% ] q-point 8 / 9 · ETA 0 s
[ 16:52:16 | ██████████ | 100% ] q-point 9 / 9 · ETA 0 s
Finished V_q tile at 16:52:16.  Elapsed: 0 s.
WARNING:2026-05-12 16:52:16,216:jax._src.compilation_cache:265: Writing jit__per_rank to persistent compilation cache with key 'jit__per_rank-5445385a208e3b16590fa5f2b50bf81e835c8b5f7e26cb9c9c8f9b167e29488d'
WARNING:jax._src.compilation_cache:Writing jit__per_rank to persistent compilation cache with key 'jit__per_rank-5445385a208e3b16590fa5f2b50bf81e835c8b5f7e26cb9c9c8f9b167e29488d'
  [SlabIO.close] draining 1 pending writes for v_q_bispinor.h5 …
WARNING:2026-05-12 16:52:16,461:jax._src.compilation_cache:265: Writing jit__per_rank to persistent compilation cache with key 'jit__per_rank-fc25fe14effdd3e082f7075f688c6462e8cfc245fa914d76d0f59649848e9a4f'
WARNING:jax._src.compilation_cache:Writing jit__per_rank to persistent compilation cache with key 'jit__per_rank-fc25fe14effdd3e082f7075f688c6462e8cfc245fa914d76d0f59649848e9a4f'
  [SlabIO.close] Python dispatch drained in 0.0 s; joining writer thread
  [SlabIO.close] writer thread joined in 0.0 s; calling H5Fclose collectively
  [SlabIO.close] H5Fclose returned in 0.0 s
WARNING:2026-05-12 16:52:17,887:jax._src.compilation_cache:265: Writing jit__per_rank to persistent compilation cache with key 'jit__per_rank-6afe9c457ebb16efb2afae98f2119f491de9f7590ec3f09dc30427bc215d6590'
WARNING:jax._src.compilation_cache:Writing jit__per_rank to persistent compilation cache with key 'jit__per_rank-6afe9c457ebb16efb2afae98f2119f491de9f7590ec3f09dc30427bc215d6590'
Started V_q tile at 16:52:21.
[ 16:52:21 | █░░░░░░░░░ |  11% ] q-point 1 / 9 · ETA 0 s
[ 16:52:21 | ██░░░░░░░░ |  22% ] q-point 2 / 9 · ETA 0 s
[ 16:52:21 | ███░░░░░░░ |  33% ] q-point 3 / 9 · ETA 0 s
[ 16:52:21 | ████░░░░░░ |  44% ] q-point 4 / 9 · ETA 0 s
[ 16:52:21 | ██████░░░░ |  56% ] q-point 5 / 9 · ETA 0 s
[ 16:52:21 | ███████░░░ |  67% ] q-point 6 / 9 · ETA 0 s
[ 16:52:21 | ████████░░ |  78% ] q-point 7 / 9 · ETA 0 s
[ 16:52:21 | █████████░ |  89% ] q-point 8 / 9 · ETA 0 s
[ 16:52:21 | ██████████ | 100% ] q-point 9 / 9 · ETA 0 s
Finished V_q tile at 16:52:21.  Elapsed: 0 s.
  [SlabIO.close] draining 1 pending writes for v_q_bispinor.h5 …
WARNING:2026-05-12 16:52:21,588:jax._src.compilation_cache:265: Writing jit__per_rank to persistent compilation cache with key 'jit__per_rank-3c051fcc6d19aeedc04a8f81a83438a91dd86e26439d376aa1251afed802f9a8'
WARNING:jax._src.compilation_cache:Writing jit__per_rank to persistent compilation cache with key 'jit__per_rank-3c051fcc6d19aeedc04a8f81a83438a91dd86e26439d376aa1251afed802f9a8'
  [SlabIO.close] Python dispatch drained in 0.2 s; joining writer thread
  [SlabIO.close] writer thread joined in 0.0 s; calling H5Fclose collectively
  [SlabIO.close] H5Fclose returned in 0.0 s
WARNING:2026-05-12 16:52:21,944:jax._src.compilation_cache:265: Writing jit__per_rank to persistent compilation cache with key 'jit__per_rank-802d070a38fcc27a7f6e70f1c6d60d29785dfacce3ce2856385c5171c3701750'
WARNING:jax._src.compilation_cache:Writing jit__per_rank to persistent compilation cache with key 'jit__per_rank-802d070a38fcc27a7f6e70f1c6d60d29785dfacce3ce2856385c5171c3701750'
Started V_q tile at 16:52:25.
[ 16:52:25 | █░░░░░░░░░ |  11% ] q-point 1 / 9 · ETA 0 s
[ 16:52:25 | ██░░░░░░░░ |  22% ] q-point 2 / 9 · ETA 0 s
[ 16:52:25 | ███░░░░░░░ |  33% ] q-point 3 / 9 · ETA 0 s
[ 16:52:25 | ████░░░░░░ |  44% ] q-point 4 / 9 · ETA 0 s
[ 16:52:25 | ██████░░░░ |  56% ] q-point 5 / 9 · ETA 0 s
[ 16:52:25 | ███████░░░ |  67% ] q-point 6 / 9 · ETA 0 s
[ 16:52:25 | ████████░░ |  78% ] q-point 7 / 9 · ETA 0 s
[ 16:52:25 | █████████░ |  89% ] q-point 8 / 9 · ETA 0 s
[ 16:52:25 | ██████████ | 100% ] q-point 9 / 9 · ETA 0 s
Finished V_q tile at 16:52:25.  Elapsed: 0 s.
  [SlabIO.close] draining 1 pending writes for v_q_bispinor.h5 …
WARNING:2026-05-12 16:52:25,305:jax._src.compilation_cache:265: Writing jit__per_rank to persistent compilation cache with key 'jit__per_rank-511ea5aad8068455a2ff4a658b19e2fb1b23d1970ce777dd10a44270533207e4'
WARNING:jax._src.compilation_cache:Writing jit__per_rank to persistent compilation cache with key 'jit__per_rank-511ea5aad8068455a2ff4a658b19e2fb1b23d1970ce777dd10a44270533207e4'
  [SlabIO.close] Python dispatch drained in 0.2 s; joining writer thread
  [SlabIO.close] writer thread joined in 0.0 s; calling H5Fclose collectively
  [SlabIO.close] H5Fclose returned in 0.0 s
WARNING:2026-05-12 16:52:25,712:jax._src.compilation_cache:265: Writing jit__per_rank to persistent compilation cache with key 'jit__per_rank-c874a307898341f00b6d0e5b4aa2d657c3d438b04aee87a165ff78cc25caccca'
WARNING:jax._src.compilation_cache:Writing jit__per_rank to persistent compilation cache with key 'jit__per_rank-c874a307898341f00b6d0e5b4aa2d657c3d438b04aee87a165ff78cc25caccca'
Started V_q tile at 16:52:29.
[ 16:52:29 | █░░░░░░░░░ |  11% ] q-point 1 / 9 · ETA 0 s
[ 16:52:29 | ██░░░░░░░░ |  22% ] q-point 2 / 9 · ETA 0 s
[ 16:52:29 | ███░░░░░░░ |  33% ] q-point 3 / 9 · ETA 0 s
[ 16:52:29 | ████░░░░░░ |  44% ] q-point 4 / 9 · ETA 0 s
[ 16:52:29 | ██████░░░░ |  56% ] q-point 5 / 9 · ETA 0 s
[ 16:52:29 | ███████░░░ |  67% ] q-point 6 / 9 · ETA 0 s
[ 16:52:29 | ████████░░ |  78% ] q-point 7 / 9 · ETA 0 s
[ 16:52:29 | █████████░ |  89% ] q-point 8 / 9 · ETA 0 s
[ 16:52:29 | ██████████ | 100% ] q-point 9 / 9 · ETA 0 s
Finished V_q tile at 16:52:29.  Elapsed: 0 s.
  [SlabIO.close] draining 1 pending writes for v_q_bispinor.h5 …
WARNING:2026-05-12 16:52:29,727:jax._src.compilation_cache:265: Writing jit__per_rank to persistent compilation cache with key 'jit__per_rank-7ae24f1369f13fb76e81a092563bd00f204eb9dca535e2d8d45d84053150e0ce'
WARNING:jax._src.compilation_cache:Writing jit__per_rank to persistent compilation cache with key 'jit__per_rank-7ae24f1369f13fb76e81a092563bd00f204eb9dca535e2d8d45d84053150e0ce'
  [SlabIO.close] Python dispatch drained in 0.2 s; joining writer thread
  [SlabIO.close] writer thread joined in 0.0 s; calling H5Fclose collectively
  [SlabIO.close] H5Fclose returned in 0.0 s
Started V_q tile at 16:52:36.
[ 16:52:36 | █░░░░░░░░░ |  11% ] q-point 1 / 9 · ETA 0 s
[ 16:52:36 | ██░░░░░░░░ |  22% ] q-point 2 / 9 · ETA 0 s
[ 16:52:36 | ███░░░░░░░ |  33% ] q-point 3 / 9 · ETA 0 s
[ 16:52:36 | ████░░░░░░ |  44% ] q-point 4 / 9 · ETA 0 s
[ 16:52:36 | ██████░░░░ |  56% ] q-point 5 / 9 · ETA 0 s
[ 16:52:36 | ███████░░░ |  67% ] q-point 6 / 9 · ETA 0 s
[ 16:52:36 | ████████░░ |  78% ] q-point 7 / 9 · ETA 0 s
[ 16:52:36 | █████████░ |  89% ] q-point 8 / 9 · ETA 0 s
[ 16:52:36 | ██████████ | 100% ] q-point 9 / 9 · ETA 0 s
Finished V_q tile at 16:52:36.  Elapsed: 0 s.
  [SlabIO.close] draining 1 pending writes for v_q_bispinor.h5 …
WARNING:2026-05-12 16:52:36,753:jax._src.compilation_cache:265: Writing jit__per_rank to persistent compilation cache with key 'jit__per_rank-c09102c933cba82240f583146413e5b8e1fbef43cc81a6ac153747a2592cc51f'
WARNING:jax._src.compilation_cache:Writing jit__per_rank to persistent compilation cache with key 'jit__per_rank-c09102c933cba82240f583146413e5b8e1fbef43cc81a6ac153747a2592cc51f'
  [SlabIO.close] Python dispatch drained in 0.2 s; joining writer thread
  [SlabIO.close] writer thread joined in 0.0 s; calling H5Fclose collectively
  [SlabIO.close] H5Fclose returned in 0.0 s
Started V_q tile at 16:52:42.
[ 16:52:42 | █░░░░░░░░░ |  11% ] q-point 1 / 9 · ETA 0 s
[ 16:52:42 | ██░░░░░░░░ |  22% ] q-point 2 / 9 · ETA 0 s
[ 16:52:42 | ███░░░░░░░ |  33% ] q-point 3 / 9 · ETA 0 s
[ 16:52:42 | ████░░░░░░ |  44% ] q-point 4 / 9 · ETA 0 s
[ 16:52:42 | ██████░░░░ |  56% ] q-point 5 / 9 · ETA 0 s
[ 16:52:42 | ███████░░░ |  67% ] q-point 6 / 9 · ETA 0 s
[ 16:52:42 | ████████░░ |  78% ] q-point 7 / 9 · ETA 0 s
[ 16:52:42 | █████████░ |  89% ] q-point 8 / 9 · ETA 0 s
[ 16:52:42 | ██████████ | 100% ] q-point 9 / 9 · ETA 0 s
Finished V_q tile at 16:52:42.  Elapsed: 0 s.
  [SlabIO.close] draining 1 pending writes for v_q_bispinor.h5 …
WARNING:2026-05-12 16:52:42,862:jax._src.compilation_cache:265: Writing jit__per_rank to persistent compilation cache with key 'jit__per_rank-7a082a4908a273c2b1ba15c5a4c8f11ba2846b78ae733fe3b1c884200dca86ba'
WARNING:jax._src.compilation_cache:Writing jit__per_rank to persistent compilation cache with key 'jit__per_rank-7a082a4908a273c2b1ba15c5a4c8f11ba2846b78ae733fe3b1c884200dca86ba'
  [SlabIO.close] Python dispatch drained in 0.2 s; joining writer thread
  [SlabIO.close] writer thread joined in 0.0 s; calling H5Fclose collectively
  [SlabIO.close] H5Fclose returned in 0.0 s
Started V_q tile at 16:52:48.
[ 16:52:48 | █░░░░░░░░░ |  11% ] q-point 1 / 9 · ETA 0 s
[ 16:52:48 | ██░░░░░░░░ |  22% ] q-point 2 / 9 · ETA 0 s
[ 16:52:48 | ███░░░░░░░ |  33% ] q-point 3 / 9 · ETA 0 s
[ 16:52:48 | ████░░░░░░ |  44% ] q-point 4 / 9 · ETA 0 s
[ 16:52:48 | ██████░░░░ |  56% ] q-point 5 / 9 · ETA 0 s
[ 16:52:48 | ███████░░░ |  67% ] q-point 6 / 9 · ETA 0 s
[ 16:52:48 | ████████░░ |  78% ] q-point 7 / 9 · ETA 0 s
[ 16:52:48 | █████████░ |  89% ] q-point 8 / 9 · ETA 0 s
[ 16:52:48 | ██████████ | 100% ] q-point 9 / 9 · ETA 0 s
Finished V_q tile at 16:52:48.  Elapsed: 0 s.
  [SlabIO.close] draining 1 pending writes for v_q_bispinor.h5 …
WARNING:2026-05-12 16:52:48,775:jax._src.compilation_cache:265: Writing jit__per_rank to persistent compilation cache with key 'jit__per_rank-93c1752b8bfb2c8d13068478eab03fc7e01dd19fcf093359a41248cf657d5865'
WARNING:jax._src.compilation_cache:Writing jit__per_rank to persistent compilation cache with key 'jit__per_rank-93c1752b8bfb2c8d13068478eab03fc7e01dd19fcf093359a41248cf657d5865'
  [SlabIO.close] Python dispatch drained in 0.3 s; joining writer thread
  [SlabIO.close] writer thread joined in 0.0 s; calling H5Fclose collectively
  [SlabIO.close] H5Fclose returned in 0.0 s
  [SlabIO.close] draining 0 pending writes for zeta_q_mu3.h5 …
  [SlabIO.close] Python dispatch drained in 0.0 s; joining writer thread
  [SlabIO.close] writer thread joined in 0.0 s; calling H5Fclose collectively
  [SlabIO.close] H5Fclose returned in 0.2 s
  [SlabIO.close] draining 0 pending writes for zeta_q_mu2.h5 …
  [SlabIO.close] Python dispatch drained in 0.0 s; joining writer thread
  [SlabIO.close] writer thread joined in 0.0 s; calling H5Fclose collectively
  [SlabIO.close] H5Fclose returned in 0.2 s
  [SlabIO.close] draining 0 pending writes for zeta_q_mu1.h5 …
  [SlabIO.close] Python dispatch drained in 0.0 s; joining writer thread
  [SlabIO.close] writer thread joined in 0.0 s; calling H5Fclose collectively
  [SlabIO.close] H5Fclose returned in 0.2 s
  [SlabIO.close] draining 0 pending writes for zeta_q.h5 …
  [SlabIO.close] Python dispatch drained in 0.0 s; joining writer thread
  [SlabIO.close] writer thread joined in 0.0 s; calling H5Fclose collectively
  [SlabIO.close] H5Fclose returned in 0.2 s
WARNING:2026-05-12 16:52:49,955:jax._src.compilation_cache:265: Writing jit__per_rank to persistent compilation cache with key 'jit__per_rank-9b9c982d2dc5fc4725fe85b49d09cec4474c2690143e034d2df8c603984eacb0'
WARNING:jax._src.compilation_cache:Writing jit__per_rank to persistent compilation cache with key 'jit__per_rank-9b9c982d2dc5fc4725fe85b49d09cec4474c2690143e034d2df8c603984eacb0'
WARNING:2026-05-12 16:52:50,080:jax._src.compilation_cache:265: Writing jit__per_rank to persistent compilation cache with key 'jit__per_rank-a4fb598cb9bc6f33b278f31e5eb8420567c177e11260b377eb312240a3872247'
WARNING:jax._src.compilation_cache:Writing jit__per_rank to persistent compilation cache with key 'jit__per_rank-a4fb598cb9bc6f33b278f31e5eb8420567c177e11260b377eb312240a3872247'
  [SlabIO.close] draining 0 pending writes for v_q_bispinor.h5 …
  [SlabIO.close] Python dispatch drained in 0.0 s; joining writer thread
  [SlabIO.close] writer thread joined in 0.0 s; calling H5Fclose collectively
  [SlabIO.close] H5Fclose returned in 0.0 s

  V_q computed:
    Shape: (9, 640, 640)
    V_q=0 trace: 841298830.3746
WARNING:2026-05-12 16:52:50,753:jax._src.compilation_cache:265: Writing jit__per_rank to persistent compilation cache with key 'jit__per_rank-d3b8d5272c37405c13a43c2a4f282e08cbc44d42b5ef8353ec0ed65821192cfd'
WARNING:jax._src.compilation_cache:Writing jit__per_rank to persistent compilation cache with key 'jit__per_rank-d3b8d5272c37405c13a43c2a4f282e08cbc44d42b5ef8353ec0ed65821192cfd'
WARNING:2026-05-12 16:52:51,058:jax._src.compilation_cache:265: Writing jit__per_rank to persistent compilation cache with key 'jit__per_rank-d2c93146f9c96a236cf483f70d879ae80ee30857a26ed3b177c619d517afa686'
WARNING:jax._src.compilation_cache:Writing jit__per_rank to persistent compilation cache with key 'jit__per_rank-d2c93146f9c96a236cf483f70d879ae80ee30857a26ed3b177c619d517afa686'
WARNING:2026-05-12 16:52:51,152:jax._src.compilation_cache:265: Writing jit__per_rank to persistent compilation cache with key 'jit__per_rank-760675520bc1ba18ca90725c4b83b118f81015c00a25c0bdbfeaaeff594b9a5b'
WARNING:jax._src.compilation_cache:Writing jit__per_rank to persistent compilation cache with key 'jit__per_rank-760675520bc1ba18ca90725c4b83b118f81015c00a25c0bdbfeaaeff594b9a5b'
  [SlabIO.close] draining 0 pending writes for isdf_tensors_640.h5 …
  [SlabIO.close] Python dispatch drained in 0.0 s; joining writer thread
  [SlabIO.close] writer thread joined in 0.0 s; calling H5Fclose collectively
  [SlabIO.close] H5Fclose returned in 0.0 s
  Wavefunctions built (b0:b4=80 bands, 4 sharded copies: xn/xr/yr/yn)
  Wavefunctions built (b0:b4=80 bands, 4 sharded copies: xn/xr/yr/yn)
  [bispinor] σ^B-side Wfns built on n_rmu_T=656 transverse centroids
  [SlabIO.close] draining 1 pending writes for isdf_tensors_640.h5 …
WARNING:2026-05-12 16:52:52,213:jax._src.compilation_cache:265: Writing jit__per_rank to persistent compilation cache with key 'jit__per_rank-d254a60505eb76ce1e517d6e9b90adaf9b425bfff2c143d6bf32eb630b967db5'
WARNING:jax._src.compilation_cache:Writing jit__per_rank to persistent compilation cache with key 'jit__per_rank-d254a60505eb76ce1e517d6e9b90adaf9b425bfff2c143d6bf32eb630b967db5'
  [SlabIO.close] Python dispatch drained in 0.2 s; joining writer thread
  [SlabIO.close] writer thread joined in 0.0 s; calling H5Fclose collectively
  [SlabIO.close] H5Fclose returned in 0.0 s
  Chunked ISDF path complete
  Minimax static window: x=[1.249527e-01, 6.336166e+00] Ry, R=50.71, nodes=10, fit_err~2.561e-06
  [SlabIO.close] draining 1 pending writes for isdf_tensors_640.h5 …
WARNING:2026-05-12 16:52:55,193:jax._src.compilation_cache:265: Writing jit__per_rank to persistent compilation cache with key 'jit__per_rank-69bca86a1b63153f6613c2a6d01a603afecfcfc1dd38cebbaae67c87d1dc0ad4'
WARNING:jax._src.compilation_cache:Writing jit__per_rank to persistent compilation cache with key 'jit__per_rank-69bca86a1b63153f6613c2a6d01a603afecfcfc1dd38cebbaae67c87d1dc0ad4'
  [SlabIO.close] Python dispatch drained in 0.3 s; joining writer thread
  [SlabIO.close] writer thread joined in 0.0 s; calling H5Fclose collectively
  [SlabIO.close] H5Fclose returned in 0.1 s
  Persisted W0_qmunu + q=0 head scalars: vhead=1655.335 a.u.,  whead[ω=0]=343.785 a.u.

------------------------------------------------------------------------
  FINITE-SIZE CORRECTIONS
------------------------------------------------------------------------
  Head source: s_tensor
  v(q→0)  =     1655.335 a.u.  (bare Coulomb head)
  W(q→0)  =      343.785 a.u.  (screened Coulomb head)
  ΔW      =    -1311.550 a.u.  (screening correction)

------------------------------------------------------------------------
  STATIC HEAD TERMS (exact COHSEX / BGW-style)
------------------------------------------------------------------------
  Head source: s_tensor
  v_h(q→0)           =  1655.334970 a.u.
  W_h(q→0, ω=0)      =   343.784973 a.u.
  W_h^c              = -1311.549997 a.u.
  Σ^X head (occ)     = -2.619279e-01 Ry
  Σ^SX head (occ)    = -5.439799e-02 Ry
  Σ^(SX-X) head(occ) = 2.075300e-01 Ry
  Σ^COH head (all)   = -1.037650e-01 Ry
WARNING:2026-05-12 16:53:04,684:jax._src.compilation_cache:265: Writing jit__per_rank to persistent compilation cache with key 'jit__per_rank-db1ef352612c97fa52c55d75cd5fba3dd94298315bf7a0e6b963ce07a394d130'
WARNING:jax._src.compilation_cache:Writing jit__per_rank to persistent compilation cache with key 'jit__per_rank-db1ef352612c97fa52c55d75cd5fba3dd94298315bf7a0e6b963ce07a394d130'
  Σ^B tile (μ_L=1, ν_L=1): tr Σ = -0.239508 eV
WARNING:2026-05-12 16:53:05,272:jax._src.compilation_cache:265: Writing jit__per_rank to persistent compilation cache with key 'jit__per_rank-29861b15aeb26c82cea6ec36d984cfbe1405a15e18a05f63fe9df3dda8e7fac3'
WARNING:jax._src.compilation_cache:Writing jit__per_rank to persistent compilation cache with key 'jit__per_rank-29861b15aeb26c82cea6ec36d984cfbe1405a15e18a05f63fe9df3dda8e7fac3'
  Σ^B tile (μ_L=1, ν_L=2): tr Σ = -0.012683 eV
WARNING:2026-05-12 16:53:05,364:jax._src.compilation_cache:265: Writing jit__per_rank to persistent compilation cache with key 'jit__per_rank-f96b21eb77400ba99ad95959ec823ecfadd2ee9675f804f1637e8d68fbf3e92d'
WARNING:jax._src.compilation_cache:Writing jit__per_rank to persistent compilation cache with key 'jit__per_rank-f96b21eb77400ba99ad95959ec823ecfadd2ee9675f804f1637e8d68fbf3e92d'
  Σ^B tile (μ_L=1, ν_L=3): tr Σ = -0.013978 eV
  Σ^B tile (μ_L=2, ν_L=1): tr Σ = -0.012683 eV
WARNING:2026-05-12 16:53:06,074:jax._src.compilation_cache:265: Writing jit__per_rank to persistent compilation cache with key 'jit__per_rank-ca936770b954a7b43c3fd7ee4b001e5381f81413356e22a8ce1751ae0e919135'
WARNING:jax._src.compilation_cache:Writing jit__per_rank to persistent compilation cache with key 'jit__per_rank-ca936770b954a7b43c3fd7ee4b001e5381f81413356e22a8ce1751ae0e919135'
  Σ^B tile (μ_L=2, ν_L=2): tr Σ = -0.230193 eV
WARNING:2026-05-12 16:53:06,173:jax._src.compilation_cache:265: Writing jit__per_rank to persistent compilation cache with key 'jit__per_rank-3f9aa67eaac5a29b013ae348546d1a8e21d696426a0e832de240b393ab3db11f'
WARNING:jax._src.compilation_cache:Writing jit__per_rank to persistent compilation cache with key 'jit__per_rank-3f9aa67eaac5a29b013ae348546d1a8e21d696426a0e832de240b393ab3db11f'
  Σ^B tile (μ_L=2, ν_L=3): tr Σ = -0.013474 eV
  Σ^B tile (μ_L=3, ν_L=1): tr Σ = -0.013978 eV
  Σ^B tile (μ_L=3, ν_L=2): tr Σ = -0.013474 eV
WARNING:2026-05-12 16:53:06,357:jax._src.compilation_cache:265: Writing jit__per_rank to persistent compilation cache with key 'jit__per_rank-1bdb1a2c47ec3cf1d56ca90747e5c62d3bf3dc6308f6fb7382518a58440d8ea7'
WARNING:jax._src.compilation_cache:Writing jit__per_rank to persistent compilation cache with key 'jit__per_rank-1bdb1a2c47ec3cf1d56ca90747e5c62d3bf3dc6308f6fb7382518a58440d8ea7'
  Σ^B tile (μ_L=3, ν_L=3): tr Σ = -0.238062 eV
  [SlabIO.close] draining 0 pending writes for v_q_bispinor.h5 …
  [SlabIO.close] Python dispatch drained in 0.0 s; joining writer thread
  [SlabIO.close] writer thread joined in 0.0 s; calling H5Fclose collectively
  [SlabIO.close] H5Fclose returned in 0.0 s
  Bare Σ_X diagonal (eV), k=0: -40.0325  -40.0325  -33.8744  -33.8744  -33.3598  -33.3598  -33.4984  -33.4984
WARNING:2026-05-12 16:53:06,456:jax._src.compilation_cache:265: Writing jit__per_rank to persistent compilation cache with key 'jit__per_rank-87fbf807ff9508f2a1988bd71f70c2abec643dbb348f6a2725d245c3bb5d2d3b'
WARNING:jax._src.compilation_cache:Writing jit__per_rank to persistent compilation cache with key 'jit__per_rank-87fbf807ff9508f2a1988bd71f70c2abec643dbb348f6a2725d245c3bb5d2d3b'
  [SlabIO.close] draining 0 pending writes for kin_ion.h5 …
  [SlabIO.close] Python dispatch drained in 0.0 s; joining writer thread
  [SlabIO.close] writer thread joined in 0.0 s; calling H5Fclose collectively
  [SlabIO.close] H5Fclose returned in 0.0 s
  QP WFN (one-shot): /pscratch/sd/j/jackm/lorrax_sandbox/runs/MoS2/00_mos2_3x3_cohsex/D_perf_before_2026-05-12/WFN_qp.h5
[pf] ■ run_module:gw.gw_jax  159.048s
[pf] ■ run_module:gw.gw_jax  159.043s
[pf] ■ run_module:gw.gw_jax  159.051s
2026-05-12 16:53:07.384011: E external/xla/xla/python/profiler/internal/python_hooks.cc:412] Can't import tensorflow.python.profiler.trace

  Sigma diag:   /pscratch/sd/j/jackm/lorrax_sandbox/runs/MoS2/00_mos2_3x3_cohsex/D_perf_before_2026-05-12/sigma_diag.dat
  BGW eqp0:     /pscratch/sd/j/jackm/lorrax_sandbox/runs/MoS2/00_mos2_3x3_cohsex/D_perf_before_2026-05-12/eqp0.dat
  BGW eqp1:     /pscratch/sd/j/jackm/lorrax_sandbox/runs/MoS2/00_mos2_3x3_cohsex/D_perf_before_2026-05-12/eqp1.dat
  Restart:      /pscratch/sd/j/jackm/lorrax_sandbox/runs/MoS2/00_mos2_3x3_cohsex/D_perf_before_2026-05-12/tmp/isdf_tensors_640.h5

--- Timing ---
Total recorded: 141.396 s
Section                                            Count    Total[s]     Self[s]      %
gw_jax.load_centroid_wfns                              1       3.635       0.182    2.6
  load_centroids.loader_load                           5       1.571       1.571    1.1
  load_centroids.to_rmu                                5       0.214       0.214    0.2
  load_centroids.reshard                               5       1.668       1.668    1.2
gw_jax.zeta_fit_chunked                                1      23.834       0.176   16.9
  zeta_fit.slice_halves                                1       0.046       0.046    0.0
  zeta_fit.CCT                                         1       0.168       0.168    0.1
  zeta_fit.cholesky                                    1       3.501       3.501    2.5
  zeta_fit.gc_pre_chunk_loop                           1       0.104       0.104    0.1
  zeta_fit.write_headers                               1       0.162       0.162    0.1
  zeta_fit.open_file                                   1       0.006       0.006    0.0
  psi_G_store.populate.loader_load                     5       1.910       1.910    1.4
  psi_G_store.populate.shard_to_host                   5       0.013       0.013    0.0
  zeta_fit.chunk_loop                                  1      12.406       0.001    8.8
    zeta_fit.chunk.fit_one_rchunk                      8       3.839       3.839    2.7
    zeta_fit.chunk.h5_write                            8       8.566       8.566    6.1
  zeta_fit.close_io                                    1       5.341       5.341    3.8
  zeta_fit.sync_global                                 1       0.001       0.001    0.0
gw_jax.load_centroid_wfns_current                      1       1.567       0.121    1.1
  load_centroids.loader_load                           5       0.933       0.933    0.7
  load_centroids.to_rmu                                5       0.076       0.076    0.1
  load_centroids.reshard                               5       0.436       0.436    0.3
gw_jax.zeta_fit_chunked_mu1                            1      21.851       0.194   15.5
  zeta_fit.slice_halves                                1       0.050       0.050    0.0
  zeta_fit.CCT                                         1       0.153       0.153    0.1
  zeta_fit.cholesky                                    1       0.000       0.000    0.0
  zeta_fit.gc_pre_chunk_loop                           1       0.040       0.040    0.0
  zeta_fit.write_headers                               1       1.082       1.082    0.8
  zeta_fit.open_file                                   1       0.006       0.006    0.0
  psi_G_store.populate.loader_load                     5       1.935       1.935    1.4
  psi_G_store.populate.shard_to_host                   5       0.010       0.010    0.0
  zeta_fit.chunk_loop                                  1      12.866       0.002    9.1
    zeta_fit.chunk.fit_one_rchunk                      8       4.182       4.182    3.0
    zeta_fit.chunk.h5_write                            8       8.683       8.683    6.1
  zeta_fit.close_io                                    1       5.512       5.512    3.9
  zeta_fit.sync_global                                 1       0.003       0.003    0.0
gw_jax.zeta_fit_chunked_mu2                            1      22.127       0.186   15.6
  zeta_fit.slice_halves                                1       0.047       0.047    0.0
  zeta_fit.CCT                                         1       0.150       0.150    0.1
  zeta_fit.cholesky                                    1       0.000       0.000    0.0
  zeta_fit.gc_pre_chunk_loop                           1       0.043       0.043    0.0
  zeta_fit.write_headers                               1       1.106       1.106    0.8
  zeta_fit.open_file                                   1       0.006       0.006    0.0
  psi_G_store.populate.loader_load                     5       1.971       1.971    1.4
  psi_G_store.populate.shard_to_host                   5       0.010       0.010    0.0
  zeta_fit.chunk_loop                                  1      13.062       0.001    9.2
    zeta_fit.chunk.fit_one_rchunk                      8       4.162       4.162    2.9
    zeta_fit.chunk.h5_write                            8       8.898       8.898    6.3
  zeta_fit.close_io                                    1       5.546       5.546    3.9
  zeta_fit.sync_global                                 1       0.002       0.002    0.0
gw_jax.zeta_fit_chunked_mu3                            1      21.900       0.203   15.5
  zeta_fit.slice_halves                                1       0.044       0.044    0.0
  zeta_fit.CCT                                         1       0.144       0.144    0.1
  zeta_fit.cholesky                                    1       0.000       0.000    0.0
  zeta_fit.gc_pre_chunk_loop                           1       0.044       0.044    0.0
  zeta_fit.write_headers                               1       1.123       1.123    0.8
  zeta_fit.open_file                                   1       0.006       0.006    0.0
  psi_G_store.populate.loader_load                     5       1.920       1.920    1.4
  psi_G_store.populate.shard_to_host                   5       0.007       0.007    0.0
  zeta_fit.chunk_loop                                  1      12.865       0.002    9.1
    zeta_fit.chunk.fit_one_rchunk                      8       4.364       4.364    3.1
    zeta_fit.chunk.h5_write                            8       8.500       8.500    6.0
  zeta_fit.close_io                                    1       5.540       5.540    3.9
  zeta_fit.sync_global                                 1       0.002       0.002    0.0
gw_jax.V_q_compute                                     1      39.365       4.091   27.8
  V_q_bispinor[0,0]                                    1       4.595       4.595    3.2
  V_q_bispinor[1,1]                                    1       4.936       4.936    3.5
  V_q_bispinor[2,2]                                    1       3.478       3.478    2.5
  V_q_bispinor[3,3]                                    1       4.137       4.137    2.9
  V_q_bispinor[1,2]                                    1       6.676       6.676    4.7
  V_q_bispinor[1,3]                                    1       5.817       5.817    4.1
  V_q_bispinor[2,3]                                    1       5.636       5.636    4.0
gw_jax.wavefunction_setup                              1       0.072       0.072    0.1
gw_jax.chi0_W                                          1       2.194       0.039    1.6
  chi.compile                                          1       0.150       0.150    0.1
  chi.exec                                             1       0.074       0.074    0.1
  W.compile                                            1       0.164       0.164    0.1
  W.exec                                               1       1.767       1.767    1.2
gw_jax.sigma                                           1       4.850       4.850    3.4
2026-05-12 16:53:07.389196: E external/xla/xla/python/profiler/internal/python_hooks.cc:412] Can't import tensorflow.python.profiler.trace
[pf] ■ run_module:gw.gw_jax  159.063s
2026-05-12 16:53:07.391360: E external/xla/xla/python/profiler/internal/python_hooks.cc:412] Can't import tensorflow.python.profiler.trace
2026-05-12 16:53:07.397993: E external/xla/xla/python/profiler/internal/python_hooks.cc:412] Can't import tensorflow.python.profiler.trace
[pf] mem snapshot 'end' → /pscratch/sd/j/jackm/lorrax_sandbox/runs/MoS2/00_mos2_3x3_cohsex/D_perf_before_2026-05-12/profile/memprof/end.prof
[run_profiled] gw.gw_jax finished in 164.57s. Artifacts: /pscratch/sd/j/jackm/lorrax_sandbox/runs/MoS2/00_mos2_3x3_cohsex/D_perf_before_2026-05-12/profile
[run_profiled] Next: run
  python3 scripts/profiling/analyze_hlo_dump.py /pscratch/sd/j/jackm/lorrax_sandbox/runs/MoS2/00_mos2_3x3_cohsex/D_perf_before_2026-05-12/profile
  python3 scripts/profiling/analyze_compile_log.py /pscratch/sd/j/jackm/lorrax_sandbox/runs/MoS2/00_mos2_3x3_cohsex/D_perf_before_2026-05-12/profile
[pf] mem snapshot 'end' → /pscratch/sd/j/jackm/lorrax_sandbox/runs/MoS2/00_mos2_3x3_cohsex/D_perf_before_2026-05-12/profile/memprof/end.prof
[run_profiled] gw.gw_jax finished in 167.28s. Artifacts: /pscratch/sd/j/jackm/lorrax_sandbox/runs/MoS2/00_mos2_3x3_cohsex/D_perf_before_2026-05-12/profile
[run_profiled] Next: run
  python3 scripts/profiling/analyze_hlo_dump.py /pscratch/sd/j/jackm/lorrax_sandbox/runs/MoS2/00_mos2_3x3_cohsex/D_perf_before_2026-05-12/profile
  python3 scripts/profiling/analyze_compile_log.py /pscratch/sd/j/jackm/lorrax_sandbox/runs/MoS2/00_mos2_3x3_cohsex/D_perf_before_2026-05-12/profile
[pf] mem snapshot 'end' → /pscratch/sd/j/jackm/lorrax_sandbox/runs/MoS2/00_mos2_3x3_cohsex/D_perf_before_2026-05-12/profile/memprof/end.prof
[run_profiled] gw.gw_jax finished in 167.31s. Artifacts: /pscratch/sd/j/jackm/lorrax_sandbox/runs/MoS2/00_mos2_3x3_cohsex/D_perf_before_2026-05-12/profile
[run_profiled] Next: run
  python3 scripts/profiling/analyze_hlo_dump.py /pscratch/sd/j/jackm/lorrax_sandbox/runs/MoS2/00_mos2_3x3_cohsex/D_perf_before_2026-05-12/profile
  python3 scripts/profiling/analyze_compile_log.py /pscratch/sd/j/jackm/lorrax_sandbox/runs/MoS2/00_mos2_3x3_cohsex/D_perf_before_2026-05-12/profile
[pf] mem snapshot 'end' → /pscratch/sd/j/jackm/lorrax_sandbox/runs/MoS2/00_mos2_3x3_cohsex/D_perf_before_2026-05-12/profile/memprof/end.prof
[run_profiled] gw.gw_jax finished in 167.54s. Artifacts: /pscratch/sd/j/jackm/lorrax_sandbox/runs/MoS2/00_mos2_3x3_cohsex/D_perf_before_2026-05-12/profile
[run_profiled] Next: run
  python3 scripts/profiling/analyze_hlo_dump.py /pscratch/sd/j/jackm/lorrax_sandbox/runs/MoS2/00_mos2_3x3_cohsex/D_perf_before_2026-05-12/profile
  python3 scripts/profiling/analyze_compile_log.py /pscratch/sd/j/jackm/lorrax_sandbox/runs/MoS2/00_mos2_3x3_cohsex/D_perf_before_2026-05-12/profile
