[probe] _REPLICATED_CHOL_MAX_STACK_BYTES 4.00 -> 8.00 GiB; the charge zeta-solve now takes the replicated route and honours charge_zeta_solve.
[probe] _REPLICATED_CHOL_MAX_STACK_BYTES 4.00 -> 8.00 GiB; the charge zeta-solve now takes the replicated route and honours charge_zeta_solve.
[probe] _REPLICATED_CHOL_MAX_STACK_BYTES 4.00 -> 8.00 GiB; the charge zeta-solve now takes the replicated route and honours charge_zeta_solve.
[probe] _REPLICATED_CHOL_MAX_STACK_BYTES 4.00 -> 8.00 GiB; the charge zeta-solve now takes the replicated route and honours charge_zeta_solve.
[probe] _REPLICATED_CHOL_MAX_STACK_BYTES 4.00 -> 8.00 GiB; the charge zeta-solve now takes the replicated route and honours charge_zeta_solve.
[probe] _CROSSING_A_MAX 24.0 -> 1000000000.0 in ppm_windows AND ppm_sigma (+ crossing_regularization_floor rebound in both); sigma_regularization_ev is now used as written.
[probe] _REPLICATED_CHOL_MAX_STACK_BYTES 4.00 -> 8.00 GiB; the charge zeta-solve now takes the replicated route and honours charge_zeta_solve.
[probe] _REPLICATED_CHOL_MAX_STACK_BYTES 4.00 -> 8.00 GiB; the charge zeta-solve now takes the replicated route and honours charge_zeta_solve.
[probe] _CROSSING_A_MAX 24.0 -> 1000000000.0 in ppm_windows AND ppm_sigma (+ crossing_regularization_floor rebound in both); sigma_regularization_ev is now used as written.
[probe] _REPLICATED_CHOL_MAX_STACK_BYTES 4.00 -> 8.00 GiB; the charge zeta-solve now takes the replicated route and honours charge_zeta_solve.
[probe] _CROSSING_A_MAX 24.0 -> 1000000000.0 in ppm_windows AND ppm_sigma (+ crossing_regularization_floor rebound in both); sigma_regularization_ev is now used as written.
[probe] _CROSSING_A_MAX 24.0 -> 1000000000.0 in ppm_windows AND ppm_sigma (+ crossing_regularization_floor rebound in both); sigma_regularization_ev is now used as written.
[probe] _CROSSING_A_MAX 24.0 -> 1000000000.0 in ppm_windows AND ppm_sigma (+ crossing_regularization_floor rebound in both); sigma_regularization_ev is now used as written.
[probe] _CROSSING_A_MAX 24.0 -> 1000000000.0 in ppm_windows AND ppm_sigma (+ crossing_regularization_floor rebound in both); sigma_regularization_ev is now used as written.
[probe] _CROSSING_A_MAX 24.0 -> 1000000000.0 in ppm_windows AND ppm_sigma (+ crossing_regularization_floor rebound in both); sigma_regularization_ev is now used as written.
[probe] _CROSSING_A_MAX 24.0 -> 1000000000.0 in ppm_windows AND ppm_sigma (+ crossing_regularization_floor rebound in both); sigma_regularization_ev is now used as written.
[probe] _REPLICATED_CHOL_MAX_STACK_BYTES 4.00 -> 8.00 GiB; the charge zeta-solve now takes the replicated route and honours charge_zeta_solve.
[probe] _REPLICATED_CHOL_MAX_STACK_BYTES 4.00 -> 8.00 GiB; the charge zeta-solve now takes the replicated route and honours charge_zeta_solve.
[probe] _REPLICATED_CHOL_MAX_STACK_BYTES 4.00 -> 8.00 GiB; the charge zeta-solve now takes the replicated route and honours charge_zeta_solve.
[probe] _REPLICATED_CHOL_MAX_STACK_BYTES 4.00 -> 8.00 GiB; the charge zeta-solve now takes the replicated route and honours charge_zeta_solve.
[probe] _CROSSING_A_MAX 24.0 -> 1000000000.0 in ppm_windows AND ppm_sigma (+ crossing_regularization_floor rebound in both); sigma_regularization_ev is now used as written.
[probe] _CROSSING_A_MAX 24.0 -> 1000000000.0 in ppm_windows AND ppm_sigma (+ crossing_regularization_floor rebound in both); sigma_regularization_ev is now used as written.
[probe] _CROSSING_A_MAX 24.0 -> 1000000000.0 in ppm_windows AND ppm_sigma (+ crossing_regularization_floor rebound in both); sigma_regularization_ev is now used as written.
[probe] _CROSSING_A_MAX 24.0 -> 1000000000.0 in ppm_windows AND ppm_sigma (+ crossing_regularization_floor rebound in both); sigma_regularization_ev is now used as written.
[probe] _REPLICATED_CHOL_MAX_STACK_BYTES 4.00 -> 8.00 GiB; the charge zeta-solve now takes the replicated route and honours charge_zeta_solve.
[probe] _REPLICATED_CHOL_MAX_STACK_BYTES 4.00 -> 8.00 GiB; the charge zeta-solve now takes the replicated route and honours charge_zeta_solve.
[probe] _REPLICATED_CHOL_MAX_STACK_BYTES 4.00 -> 8.00 GiB; the charge zeta-solve now takes the replicated route and honours charge_zeta_solve.
[probe] _CROSSING_A_MAX 24.0 -> 1000000000.0 in ppm_windows AND ppm_sigma (+ crossing_regularization_floor rebound in both); sigma_regularization_ev is now used as written.
[probe] _CROSSING_A_MAX 24.0 -> 1000000000.0 in ppm_windows AND ppm_sigma (+ crossing_regularization_floor rebound in both); sigma_regularization_ev is now used as written.
[probe] _CROSSING_A_MAX 24.0 -> 1000000000.0 in ppm_windows AND ppm_sigma (+ crossing_regularization_floor rebound in both); sigma_regularization_ev is now used as written.
[probe] _REPLICATED_CHOL_MAX_STACK_BYTES 4.00 -> 8.00 GiB; the charge zeta-solve now takes the replicated route and honours charge_zeta_solve.
[probe] _CROSSING_A_MAX 24.0 -> 1000000000.0 in ppm_windows AND ppm_sigma (+ crossing_regularization_floor rebound in both); sigma_regularization_ev is now used as written.

========================================================================
  COHSEX-JAX: Self-Energy Calculation
========================================================================
  Backend: GPU       Devices: 16  Mesh: 4×4  Processes: 16
  Device type: NVIDIA A100-SXM4-80GB
  XLA preallocate: false  mem_fraction: 0.95
  XLA pool: limit=80.84 GB, in_use=0.00 GB, avail=80.84 GB
========================================================================

  ISDF basis: 2412 centroids
  FFT grid: 36×36×135   Cell volume: 702.20 a.u.³

  Loaded restart tensors from H5.
  Wavefunctions built (b0:b4=336 bands, 4 sharded copies: xn/xr/yr/yn)
  Minimax static window: x=[1.246077e-01, 1.008257e+01] Ry, R=80.91, nodes=10, fit_err~2.568e-06
  PPM imag-freq quadrature (ωp=2.0000 Ry): R=80.9, nodes=6, err~6.9e-06
  [SlabIO.close] draining 1 pending writes for isdf_tensors_2412.h5 …
  [SlabIO.close] Python dispatch drained in 24.2 s; joining writer thread
  [SlabIO.close] writer thread joined in 0.0 s; calling H5Fclose collectively
  [SlabIO.close] H5Fclose returned in 6.2 s
  Persisted W0_qmunu + q=0 head scalars: vhead=9315.306 a.u.,  whead[ω=0]=3443.963 a.u.,  whead[iωp]=8550.920 a.u.

------------------------------------------------------------------------
  FINITE-SIZE CORRECTIONS
------------------------------------------------------------------------
  Head source: s_tensor
  v(q→0)  =     9315.306 a.u.  (bare Coulomb head)
  W(q→0)  =     3443.963 a.u.  (screened Coulomb head)
  ΔW      =    -5871.343 a.u.  (screening correction)

------------------------------------------------------------------------
  STATIC HEAD TERMS (exact COHSEX / BGW-style)
------------------------------------------------------------------------
  Head source: s_tensor
  v_h(q→0)           =  9315.306145 a.u.
  W_h(q→0, ω=0)      =  3443.963338 a.u.
  W_h^c              = -5871.342808 a.u.
  Σ^X head (occ)     = -9.212407e-02 Ry
  Σ^SX head (occ)    = -3.405920e-02 Ry
  Σ^(SX-X) head(occ) = 5.806486e-02 Ry
  Σ^COH head (all)   = -2.903243e-02 Ry

------------------------------------------------------------------------
  GN-PPM + FREQUENCY-INTEGRATED SIGMA
------------------------------------------------------------------------
2026-07-21 15:16:33.727801: E external/xla/xla/service/spmd/spmd_partitioner.cc:620] [spmd] Involuntary full rematerialization. The compiler was not able to go from sharding {devices=[1,4,4]<=[16]} to {devices=[16,1,1]<=[16]} without doing a full rematerialization of the tensor for HLO operation: %param = c128[144,604,604]{2,1,0} parameter(1), sharding={devices=[1,4,4]<=[16]}, metadata={op_name="y"}. You probably want to enrich the sharding annotations to prevent this from happening.
2026-07-21 15:16:33.728015: E external/xla/xla/service/spmd/spmd_partitioner.cc:620] [spmd] Involuntary full rematerialization. The compiler was not able to go from sharding {devices=[1,4,4]<=[16]} to {devices=[16,1,1]<=[16]} without doing a full rematerialization of the tensor for HLO operation: %param = c128[144,604,604]{2,1,0} parameter(1), sharding={devices=[1,4,4]<=[16]}, metadata={op_name="y"}. You probably want to enrich the sharding annotations to prevent this from happening.
2026-07-21 15:16:33.728696: E external/xla/xla/service/spmd/spmd_partitioner.cc:620] [spmd] Involuntary full rematerialization. The compiler was not able to go from sharding {devices=[1,4,4]<=[16]} to {devices=[16,1,1]<=[16]} without doing a full rematerialization of the tensor for HLO operation: %param = c128[144,604,604]{2,1,0} parameter(1), sharding={devices=[1,4,4]<=[16]}, metadata={op_name="y"}. You probably want to enrich the sharding annotations to prevent this from happening.
2026-07-21 15:16:33.729597: E external/xla/xla/service/spmd/spmd_partitioner.cc:620] [spmd] Involuntary full rematerialization. The compiler was not able to go from sharding {devices=[1,4,4]<=[16]} to {devices=[16,1,1]<=[16]} without doing a full rematerialization of the tensor for HLO operation: %param = c128[144,604,604]{2,1,0} parameter(1), sharding={devices=[1,4,4]<=[16]}, metadata={op_name="y"}. You probably want to enrich the sharding annotations to prevent this from happening.
2026-07-21 15:16:33.730206: E external/xla/xla/service/spmd/spmd_partitioner.cc:620] [spmd] Involuntary full rematerialization. The compiler was not able to go from sharding {devices=[1,4,4]<=[16]} to {devices=[16,1,1]<=[16]} without doing a full rematerialization of the tensor for HLO operation: %param = c128[144,604,604]{2,1,0} parameter(1), sharding={devices=[1,4,4]<=[16]}, metadata={op_name="y"}. You probably want to enrich the sharding annotations to prevent this from happening.
2026-07-21 15:16:33.730728: E external/xla/xla/service/spmd/spmd_partitioner.cc:620] [spmd] Involuntary full rematerialization. The compiler was not able to go from sharding {devices=[1,4,4]<=[16]} to {devices=[16,1,1]<=[16]} without doing a full rematerialization of the tensor for HLO operation: %param = c128[144,604,604]{2,1,0} parameter(1), sharding={devices=[1,4,4]<=[16]}, metadata={op_name="y"}. You probably want to enrich the sharding annotations to prevent this from happening.
2026-07-21 15:16:33.731872: E external/xla/xla/service/spmd/spmd_partitioner.cc:620] [spmd] Involuntary full rematerialization. The compiler was not able to go from sharding {devices=[1,4,4]<=[16]} to {devices=[16,1,1]<=[16]} without doing a full rematerialization of the tensor for HLO operation: %param = c128[144,604,604]{2,1,0} parameter(1), sharding={devices=[1,4,4]<=[16]}, metadata={op_name="y"}. You probably want to enrich the sharding annotations to prevent this from happening.
2026-07-21 15:16:33.732686: E external/xla/xla/service/spmd/spmd_partitioner.cc:620] [spmd] Involuntary full rematerialization. The compiler was not able to go from sharding {devices=[1,4,4]<=[16]} to {devices=[16,1,1]<=[16]} without doing a full rematerialization of the tensor for HLO operation: %param = c128[144,604,604]{2,1,0} parameter(1), sharding={devices=[1,4,4]<=[16]}, metadata={op_name="y"}. You probably want to enrich the sharding annotations to prevent this from happening.
2026-07-21 15:16:33.734376: E external/xla/xla/service/spmd/spmd_partitioner.cc:620] [spmd] Involuntary full rematerialization. The compiler was not able to go from sharding {devices=[1,4,4]<=[16]} to {devices=[16,1,1]<=[16]} without doing a full rematerialization of the tensor for HLO operation: %param = c128[144,604,604]{2,1,0} parameter(1), sharding={devices=[1,4,4]<=[16]}, metadata={op_name="y"}. You probably want to enrich the sharding annotations to prevent this from happening.
2026-07-21 15:16:33.735232: E external/xla/xla/service/spmd/spmd_partitioner.cc:620] [spmd] Involuntary full rematerialization. The compiler was not able to go from sharding {devices=[1,4,4]<=[16]} to {devices=[16,1,1]<=[16]} without doing a full rematerialization of the tensor for HLO operation: %param = c128[144,604,604]{2,1,0} parameter(1), sharding={devices=[1,4,4]<=[16]}, metadata={op_name="y"}. You probably want to enrich the sharding annotations to prevent this from happening.
2026-07-21 15:16:33.735264: E external/xla/xla/service/spmd/spmd_partitioner.cc:620] [spmd] Involuntary full rematerialization. The compiler was not able to go from sharding {devices=[1,4,4]<=[16]} to {devices=[16,1,1]<=[16]} without doing a full rematerialization of the tensor for HLO operation: %param = c128[144,604,604]{2,1,0} parameter(1), sharding={devices=[1,4,4]<=[16]}, metadata={op_name="y"}. You probably want to enrich the sharding annotations to prevent this from happening.
2026-07-21 15:16:33.735657: E external/xla/xla/service/spmd/spmd_partitioner.cc:620] [spmd] Involuntary full rematerialization. The compiler was not able to go from sharding {devices=[1,4,4]<=[16]} to {devices=[16,1,1]<=[16]} without doing a full rematerialization of the tensor for HLO operation: %param = c128[144,604,604]{2,1,0} parameter(1), sharding={devices=[1,4,4]<=[16]}, metadata={op_name="y"}. You probably want to enrich the sharding annotations to prevent this from happening.
2026-07-21 15:16:33.736439: E external/xla/xla/service/spmd/spmd_partitioner.cc:620] [spmd] Involuntary full rematerialization. The compiler was not able to go from sharding {devices=[1,4,4]<=[16]} to {devices=[16,1,1]<=[16]} without doing a full rematerialization of the tensor for HLO operation: %param = c128[144,604,604]{2,1,0} parameter(1), sharding={devices=[1,4,4]<=[16]}, metadata={op_name="y"}. You probably want to enrich the sharding annotations to prevent this from happening.
2026-07-21 15:16:33.736735: E external/xla/xla/service/spmd/spmd_partitioner.cc:620] [spmd] Involuntary full rematerialization. The compiler was not able to go from sharding {devices=[1,4,4]<=[16]} to {devices=[16,1,1]<=[16]} without doing a full rematerialization of the tensor for HLO operation: %param = c128[144,604,604]{2,1,0} parameter(1), sharding={devices=[1,4,4]<=[16]}, metadata={op_name="y"}. You probably want to enrich the sharding annotations to prevent this from happening.
2026-07-21 15:16:33.741694: E external/xla/xla/service/spmd/spmd_partitioner.cc:620] [spmd] Involuntary full rematerialization. The compiler was not able to go from sharding {devices=[1,4,4]<=[16]} to {devices=[16,1,1]<=[16]} without doing a full rematerialization of the tensor for HLO operation: %param = c128[144,604,604]{2,1,0} parameter(1), sharding={devices=[1,4,4]<=[16]}, metadata={op_name="y"}. You probably want to enrich the sharding annotations to prevent this from happening.
2026-07-21 15:16:41.190300: E external/xla/xla/service/spmd/spmd_partitioner.cc:620] [spmd] Involuntary full rematerialization. The compiler was not able to go from sharding {devices=[16,1,1]<=[16]} to {devices=[1,4,4]<=[16]} without doing a full rematerialization of the tensor for HLO operation: %param = c128[9,2416,2416]{2,1,0} parameter(1), sharding={devices=[16,1,1]<=[16]}, metadata={op_name="y"}. You probably want to enrich the sharding annotations to prevent this from happening.
2026-07-21 15:16:41.190507: E external/xla/xla/service/spmd/spmd_partitioner.cc:620] [spmd] Involuntary full rematerialization. The compiler was not able to go from sharding {devices=[16,1,1]<=[16]} to {devices=[1,4,4]<=[16]} without doing a full rematerialization of the tensor for HLO operation: %param = c128[9,2416,2416]{2,1,0} parameter(1), sharding={devices=[16,1,1]<=[16]}, metadata={op_name="y"}. You probably want to enrich the sharding annotations to prevent this from happening.
2026-07-21 15:16:41.190790: E external/xla/xla/service/spmd/spmd_partitioner.cc:620] [spmd] Involuntary full rematerialization. The compiler was not able to go from sharding {devices=[16,1,1]<=[16]} to {devices=[1,4,4]<=[16]} without doing a full rematerialization of the tensor for HLO operation: %param = c128[9,2416,2416]{2,1,0} parameter(1), sharding={devices=[16,1,1]<=[16]}, metadata={op_name="y"}. You probably want to enrich the sharding annotations to prevent this from happening.
2026-07-21 15:16:41.194137: E external/xla/xla/service/spmd/spmd_partitioner.cc:620] [spmd] Involuntary full rematerialization. The compiler was not able to go from sharding {devices=[16,1,1]<=[16]} to {devices=[1,4,4]<=[16]} without doing a full rematerialization of the tensor for HLO operation: %param = c128[9,2416,2416]{2,1,0} parameter(1), sharding={devices=[16,1,1]<=[16]}, metadata={op_name="y"}. You probably want to enrich the sharding annotations to prevent this from happening.
2026-07-21 15:16:41.412800: E external/xla/xla/service/spmd/spmd_partitioner.cc:620] [spmd] Involuntary full rematerialization. The compiler was not able to go from sharding {devices=[16,1,1]<=[16]} to {devices=[1,4,4]<=[16]} without doing a full rematerialization of the tensor for HLO operation: %param = c128[9,2416,2416]{2,1,0} parameter(1), sharding={devices=[16,1,1]<=[16]}, metadata={op_name="y"}. You probably want to enrich the sharding annotations to prevent this from happening.
2026-07-21 15:16:41.413221: E external/xla/xla/service/spmd/spmd_partitioner.cc:620] [spmd] Involuntary full rematerialization. The compiler was not able to go from sharding {devices=[16,1,1]<=[16]} to {devices=[1,4,4]<=[16]} without doing a full rematerialization of the tensor for HLO operation: %param = c128[9,2416,2416]{2,1,0} parameter(1), sharding={devices=[16,1,1]<=[16]}, metadata={op_name="y"}. You probably want to enrich the sharding annotations to prevent this from happening.
2026-07-21 15:16:41.415309: E external/xla/xla/service/spmd/spmd_partitioner.cc:620] [spmd] Involuntary full rematerialization. The compiler was not able to go from sharding {devices=[16,1,1]<=[16]} to {devices=[1,4,4]<=[16]} without doing a full rematerialization of the tensor for HLO operation: %param = c128[9,2416,2416]{2,1,0} parameter(1), sharding={devices=[16,1,1]<=[16]}, metadata={op_name="y"}. You probably want to enrich the sharding annotations to prevent this from happening.
2026-07-21 15:16:41.417088: E external/xla/xla/service/spmd/spmd_partitioner.cc:620] [spmd] Involuntary full rematerialization. The compiler was not able to go from sharding {devices=[16,1,1]<=[16]} to {devices=[1,4,4]<=[16]} without doing a full rematerialization of the tensor for HLO operation: %param = c128[9,2416,2416]{2,1,0} parameter(1), sharding={devices=[16,1,1]<=[16]}, metadata={op_name="y"}. You probably want to enrich the sharding annotations to prevent this from happening.
2026-07-21 15:16:41.425004: E external/xla/xla/service/spmd/spmd_partitioner.cc:620] [spmd] Involuntary full rematerialization. The compiler was not able to go from sharding {devices=[16,1,1]<=[16]} to {devices=[1,4,4]<=[16]} without doing a full rematerialization of the tensor for HLO operation: %param = c128[9,2416,2416]{2,1,0} parameter(1), sharding={devices=[16,1,1]<=[16]}, metadata={op_name="y"}. You probably want to enrich the sharding annotations to prevent this from happening.
2026-07-21 15:16:41.425015: E external/xla/xla/service/spmd/spmd_partitioner.cc:620] [spmd] Involuntary full rematerialization. The compiler was not able to go from sharding {devices=[16,1,1]<=[16]} to {devices=[1,4,4]<=[16]} without doing a full rematerialization of the tensor for HLO operation: %param = c128[9,2416,2416]{2,1,0} parameter(1), sharding={devices=[16,1,1]<=[16]}, metadata={op_name="y"}. You probably want to enrich the sharding annotations to prevent this from happening.
2026-07-21 15:16:41.425309: E external/xla/xla/service/spmd/spmd_partitioner.cc:620] [spmd] Involuntary full rematerialization. The compiler was not able to go from sharding {devices=[16,1,1]<=[16]} to {devices=[1,4,4]<=[16]} without doing a full rematerialization of the tensor for HLO operation: %param = c128[9,2416,2416]{2,1,0} parameter(1), sharding={devices=[16,1,1]<=[16]}, metadata={op_name="y"}. You probably want to enrich the sharding annotations to prevent this from happening.
2026-07-21 15:16:41.425620: E external/xla/xla/service/spmd/spmd_partitioner.cc:620] [spmd] Involuntary full rematerialization. The compiler was not able to go from sharding {devices=[16,1,1]<=[16]} to {devices=[1,4,4]<=[16]} without doing a full rematerialization of the tensor for HLO operation: %param = c128[9,2416,2416]{2,1,0} parameter(1), sharding={devices=[16,1,1]<=[16]}, metadata={op_name="y"}. You probably want to enrich the sharding annotations to prevent this from happening.
2026-07-21 15:16:42.156772: E external/xla/xla/service/spmd/spmd_partitioner.cc:620] [spmd] Involuntary full rematerialization. The compiler was not able to go from sharding {devices=[16,1,1]<=[16]} to {devices=[1,4,4]<=[16]} without doing a full rematerialization of the tensor for HLO operation: %param = c128[9,2416,2416]{2,1,0} parameter(1), sharding={devices=[16,1,1]<=[16]}, metadata={op_name="y"}. You probably want to enrich the sharding annotations to prevent this from happening.
2026-07-21 15:16:42.159905: E external/xla/xla/service/spmd/spmd_partitioner.cc:620] [spmd] Involuntary full rematerialization. The compiler was not able to go from sharding {devices=[16,1,1]<=[16]} to {devices=[1,4,4]<=[16]} without doing a full rematerialization of the tensor for HLO operation: %param = c128[9,2416,2416]{2,1,0} parameter(1), sharding={devices=[16,1,1]<=[16]}, metadata={op_name="y"}. You probably want to enrich the sharding annotations to prevent this from happening.
2026-07-21 15:16:42.161405: E external/xla/xla/service/spmd/spmd_partitioner.cc:620] [spmd] Involuntary full rematerialization. The compiler was not able to go from sharding {devices=[16,1,1]<=[16]} to {devices=[1,4,4]<=[16]} without doing a full rematerialization of the tensor for HLO operation: %param = c128[9,2416,2416]{2,1,0} parameter(1), sharding={devices=[16,1,1]<=[16]}, metadata={op_name="y"}. You probably want to enrich the sharding annotations to prevent this from happening.
2026-07-21 15:16:44.659426: E external/xla/xla/service/spmd/spmd_partitioner.cc:620] [spmd] Involuntary full rematerialization. The compiler was not able to go from sharding {devices=[1,4,4]<=[16]} to {devices=[16,1,1]<=[16]} without doing a full rematerialization of the tensor for HLO operation: %param = c128[144,604,604]{2,1,0} parameter(1), sharding={devices=[1,4,4]<=[16]}, metadata={op_name="x2"}. You probably want to enrich the sharding annotations to prevent this from happening.
2026-07-21 15:16:44.661462: E external/xla/xla/service/spmd/spmd_partitioner.cc:620] [spmd] Involuntary full rematerialization. The compiler was not able to go from sharding {devices=[1,4,4]<=[16]} to {devices=[16,1,1]<=[16]} without doing a full rematerialization of the tensor for HLO operation: %param = c128[144,604,604]{2,1,0} parameter(1), sharding={devices=[1,4,4]<=[16]}, metadata={op_name="x2"}. You probably want to enrich the sharding annotations to prevent this from happening.
2026-07-21 15:16:44.661563: E external/xla/xla/service/spmd/spmd_partitioner.cc:620] [spmd] Involuntary full rematerialization. The compiler was not able to go from sharding {devices=[1,4,4]<=[16]} to {devices=[16,1,1]<=[16]} without doing a full rematerialization of the tensor for HLO operation: %param = c128[144,604,604]{2,1,0} parameter(1), sharding={devices=[1,4,4]<=[16]}, metadata={op_name="x2"}. You probably want to enrich the sharding annotations to prevent this from happening.
2026-07-21 15:16:44.661610: E external/xla/xla/service/spmd/spmd_partitioner.cc:620] [spmd] Involuntary full rematerialization. The compiler was not able to go from sharding {devices=[1,4,4]<=[16]} to {devices=[16,1,1]<=[16]} without doing a full rematerialization of the tensor for HLO operation: %param = c128[144,604,604]{2,1,0} parameter(1), sharding={devices=[1,4,4]<=[16]}, metadata={op_name="x2"}. You probably want to enrich the sharding annotations to prevent this from happening.
2026-07-21 15:16:44.661773: E external/xla/xla/service/spmd/spmd_partitioner.cc:620] [spmd] Involuntary full rematerialization. The compiler was not able to go from sharding {devices=[1,4,4]<=[16]} to {devices=[16,1,1]<=[16]} without doing a full rematerialization of the tensor for HLO operation: %param = c128[144,604,604]{2,1,0} parameter(1), sharding={devices=[1,4,4]<=[16]}, metadata={op_name="x2"}. You probably want to enrich the sharding annotations to prevent this from happening.
2026-07-21 15:16:44.662203: E external/xla/xla/service/spmd/spmd_partitioner.cc:620] [spmd] Involuntary full rematerialization. The compiler was not able to go from sharding {devices=[1,4,4]<=[16]} to {devices=[16,1,1]<=[16]} without doing a full rematerialization of the tensor for HLO operation: %param = c128[144,604,604]{2,1,0} parameter(1), sharding={devices=[1,4,4]<=[16]}, metadata={op_name="x2"}. You probably want to enrich the sharding annotations to prevent this from happening.
2026-07-21 15:16:44.663658: E external/xla/xla/service/spmd/spmd_partitioner.cc:620] [spmd] Involuntary full rematerialization. The compiler was not able to go from sharding {devices=[1,4,4]<=[16]} to {devices=[16,1,1]<=[16]} without doing a full rematerialization of the tensor for HLO operation: %param = c128[144,604,604]{2,1,0} parameter(1), sharding={devices=[1,4,4]<=[16]}, metadata={op_name="x2"}. You probably want to enrich the sharding annotations to prevent this from happening.
2026-07-21 15:16:44.664318: E external/xla/xla/service/spmd/spmd_partitioner.cc:620] [spmd] Involuntary full rematerialization. The compiler was not able to go from sharding {devices=[1,4,4]<=[16]} to {devices=[16,1,1]<=[16]} without doing a full rematerialization of the tensor for HLO operation: %param = c128[144,604,604]{2,1,0} parameter(1), sharding={devices=[1,4,4]<=[16]}, metadata={op_name="x2"}. You probably want to enrich the sharding annotations to prevent this from happening.
2026-07-21 15:16:44.664878: E external/xla/xla/service/spmd/spmd_partitioner.cc:620] [spmd] Involuntary full rematerialization. The compiler was not able to go from sharding {devices=[1,4,4]<=[16]} to {devices=[16,1,1]<=[16]} without doing a full rematerialization of the tensor for HLO operation: %param = c128[144,604,604]{2,1,0} parameter(1), sharding={devices=[1,4,4]<=[16]}, metadata={op_name="x2"}. You probably want to enrich the sharding annotations to prevent this from happening.
2026-07-21 15:16:44.665380: E external/xla/xla/service/spmd/spmd_partitioner.cc:620] [spmd] Involuntary full rematerialization. The compiler was not able to go from sharding {devices=[1,4,4]<=[16]} to {devices=[16,1,1]<=[16]} without doing a full rematerialization of the tensor for HLO operation: %param = c128[144,604,604]{2,1,0} parameter(1), sharding={devices=[1,4,4]<=[16]}, metadata={op_name="x2"}. You probably want to enrich the sharding annotations to prevent this from happening.
2026-07-21 15:16:44.665674: E external/xla/xla/service/spmd/spmd_partitioner.cc:620] [spmd] Involuntary full rematerialization. The compiler was not able to go from sharding {devices=[1,4,4]<=[16]} to {devices=[16,1,1]<=[16]} without doing a full rematerialization of the tensor for HLO operation: %param = c128[144,604,604]{2,1,0} parameter(1), sharding={devices=[1,4,4]<=[16]}, metadata={op_name="x2"}. You probably want to enrich the sharding annotations to prevent this from happening.
2026-07-21 15:16:44.666177: E external/xla/xla/service/spmd/spmd_partitioner.cc:620] [spmd] Involuntary full rematerialization. The compiler was not able to go from sharding {devices=[1,4,4]<=[16]} to {devices=[16,1,1]<=[16]} without doing a full rematerialization of the tensor for HLO operation: %param = c128[144,604,604]{2,1,0} parameter(1), sharding={devices=[1,4,4]<=[16]}, metadata={op_name="x2"}. You probably want to enrich the sharding annotations to prevent this from happening.
2026-07-21 15:16:44.667272: E external/xla/xla/service/spmd/spmd_partitioner.cc:620] [spmd] Involuntary full rematerialization. The compiler was not able to go from sharding {devices=[1,4,4]<=[16]} to {devices=[16,1,1]<=[16]} without doing a full rematerialization of the tensor for HLO operation: %param = c128[144,604,604]{2,1,0} parameter(1), sharding={devices=[1,4,4]<=[16]}, metadata={op_name="x2"}. You probably want to enrich the sharding annotations to prevent this from happening.
2026-07-21 15:16:44.667492: E external/xla/xla/service/spmd/spmd_partitioner.cc:620] [spmd] Involuntary full rematerialization. The compiler was not able to go from sharding {devices=[1,4,4]<=[16]} to {devices=[16,1,1]<=[16]} without doing a full rematerialization of the tensor for HLO operation: %param = c128[144,604,604]{2,1,0} parameter(1), sharding={devices=[1,4,4]<=[16]}, metadata={op_name="x2"}. You probably want to enrich the sharding annotations to prevent this from happening.
2026-07-21 15:16:44.668127: E external/xla/xla/service/spmd/spmd_partitioner.cc:620] [spmd] Involuntary full rematerialization. The compiler was not able to go from sharding {devices=[1,4,4]<=[16]} to {devices=[16,1,1]<=[16]} without doing a full rematerialization of the tensor for HLO operation: %param = c128[144,604,604]{2,1,0} parameter(1), sharding={devices=[1,4,4]<=[16]}, metadata={op_name="x2"}. You probably want to enrich the sharding annotations to prevent this from happening.
2026-07-21 15:16:44.835359: E external/xla/xla/service/spmd/spmd_partitioner.cc:620] [spmd] Involuntary full rematerialization. The compiler was not able to go from sharding {devices=[16,1,1]<=[16]} to {devices=[1,4,4]<=[16]} without doing a full rematerialization of the tensor for HLO operation: %param = c128[9,2416,2416]{2,1,0} parameter(1), sharding={devices=[16,1,1]<=[16]}, metadata={op_name="x"}. You probably want to enrich the sharding annotations to prevent this from happening.
2026-07-21 15:16:44.836634: E external/xla/xla/service/spmd/spmd_partitioner.cc:620] [spmd] Involuntary full rematerialization. The compiler was not able to go from sharding {devices=[16,1,1]<=[16]} to {devices=[1,4,4]<=[16]} without doing a full rematerialization of the tensor for HLO operation: %param = c128[9,2416,2416]{2,1,0} parameter(1), sharding={devices=[16,1,1]<=[16]}, metadata={op_name="x"}. You probably want to enrich the sharding annotations to prevent this from happening.
2026-07-21 15:16:44.836899: E external/xla/xla/service/spmd/spmd_partitioner.cc:620] [spmd] Involuntary full rematerialization. The compiler was not able to go from sharding {devices=[16,1,1]<=[16]} to {devices=[1,4,4]<=[16]} without doing a full rematerialization of the tensor for HLO operation: %param = c128[9,2416,2416]{2,1,0} parameter(1), sharding={devices=[16,1,1]<=[16]}, metadata={op_name="x"}. You probably want to enrich the sharding annotations to prevent this from happening.
2026-07-21 15:16:44.837381: E external/xla/xla/service/spmd/spmd_partitioner.cc:620] [spmd] Involuntary full rematerialization. The compiler was not able to go from sharding {devices=[16,1,1]<=[16]} to {devices=[1,4,4]<=[16]} without doing a full rematerialization of the tensor for HLO operation: %param = c128[9,2416,2416]{2,1,0} parameter(1), sharding={devices=[16,1,1]<=[16]}, metadata={op_name="x"}. You probably want to enrich the sharding annotations to prevent this from happening.
2026-07-21 15:16:44.837618: E external/xla/xla/service/spmd/spmd_partitioner.cc:620] [spmd] Involuntary full rematerialization. The compiler was not able to go from sharding {devices=[16,1,1]<=[16]} to {devices=[1,4,4]<=[16]} without doing a full rematerialization of the tensor for HLO operation: %param = c128[9,2416,2416]{2,1,0} parameter(1), sharding={devices=[16,1,1]<=[16]}, metadata={op_name="x"}. You probably want to enrich the sharding annotations to prevent this from happening.
2026-07-21 15:16:44.838958: E external/xla/xla/service/spmd/spmd_partitioner.cc:620] [spmd] Involuntary full rematerialization. The compiler was not able to go from sharding {devices=[16,1,1]<=[16]} to {devices=[1,4,4]<=[16]} without doing a full rematerialization of the tensor for HLO operation: %param = c128[9,2416,2416]{2,1,0} parameter(1), sharding={devices=[16,1,1]<=[16]}, metadata={op_name="x"}. You probably want to enrich the sharding annotations to prevent this from happening.
2026-07-21 15:16:44.838988: E external/xla/xla/service/spmd/spmd_partitioner.cc:620] [spmd] Involuntary full rematerialization. The compiler was not able to go from sharding {devices=[16,1,1]<=[16]} to {devices=[1,4,4]<=[16]} without doing a full rematerialization of the tensor for HLO operation: %param = c128[9,2416,2416]{2,1,0} parameter(1), sharding={devices=[16,1,1]<=[16]}, metadata={op_name="x"}. You probably want to enrich the sharding annotations to prevent this from happening.
2026-07-21 15:16:44.839896: E external/xla/xla/service/spmd/spmd_partitioner.cc:620] [spmd] Involuntary full rematerialization. The compiler was not able to go from sharding {devices=[16,1,1]<=[16]} to {devices=[1,4,4]<=[16]} without doing a full rematerialization of the tensor for HLO operation: %param = c128[9,2416,2416]{2,1,0} parameter(1), sharding={devices=[16,1,1]<=[16]}, metadata={op_name="x"}. You probably want to enrich the sharding annotations to prevent this from happening.
2026-07-21 15:16:44.840204: E external/xla/xla/service/spmd/spmd_partitioner.cc:620] [spmd] Involuntary full rematerialization. The compiler was not able to go from sharding {devices=[16,1,1]<=[16]} to {devices=[1,4,4]<=[16]} without doing a full rematerialization of the tensor for HLO operation: %param = c128[9,2416,2416]{2,1,0} parameter(1), sharding={devices=[16,1,1]<=[16]}, metadata={op_name="x"}. You probably want to enrich the sharding annotations to prevent this from happening.
2026-07-21 15:16:44.840492: E external/xla/xla/service/spmd/spmd_partitioner.cc:620] [spmd] Involuntary full rematerialization. The compiler was not able to go from sharding {devices=[16,1,1]<=[16]} to {devices=[1,4,4]<=[16]} without doing a full rematerialization of the tensor for HLO operation: %param = c128[9,2416,2416]{2,1,0} parameter(1), sharding={devices=[16,1,1]<=[16]}, metadata={op_name="x"}. You probably want to enrich the sharding annotations to prevent this from happening.
2026-07-21 15:16:44.840505: E external/xla/xla/service/spmd/spmd_partitioner.cc:620] [spmd] Involuntary full rematerialization. The compiler was not able to go from sharding {devices=[16,1,1]<=[16]} to {devices=[1,4,4]<=[16]} without doing a full rematerialization of the tensor for HLO operation: %param = c128[9,2416,2416]{2,1,0} parameter(1), sharding={devices=[16,1,1]<=[16]}, metadata={op_name="x"}. You probably want to enrich the sharding annotations to prevent this from happening.
2026-07-21 15:16:44.841049: E external/xla/xla/service/spmd/spmd_partitioner.cc:620] [spmd] Involuntary full rematerialization. The compiler was not able to go from sharding {devices=[16,1,1]<=[16]} to {devices=[1,4,4]<=[16]} without doing a full rematerialization of the tensor for HLO operation: %param = c128[9,2416,2416]{2,1,0} parameter(1), sharding={devices=[16,1,1]<=[16]}, metadata={op_name="x"}. You probably want to enrich the sharding annotations to prevent this from happening.
2026-07-21 15:16:44.841776: E external/xla/xla/service/spmd/spmd_partitioner.cc:620] [spmd] Involuntary full rematerialization. The compiler was not able to go from sharding {devices=[16,1,1]<=[16]} to {devices=[1,4,4]<=[16]} without doing a full rematerialization of the tensor for HLO operation: %param = c128[9,2416,2416]{2,1,0} parameter(1), sharding={devices=[16,1,1]<=[16]}, metadata={op_name="x"}. You probably want to enrich the sharding annotations to prevent this from happening.
2026-07-21 15:16:44.842181: E external/xla/xla/service/spmd/spmd_partitioner.cc:620] [spmd] Involuntary full rematerialization. The compiler was not able to go from sharding {devices=[16,1,1]<=[16]} to {devices=[1,4,4]<=[16]} without doing a full rematerialization of the tensor for HLO operation: %param = c128[9,2416,2416]{2,1,0} parameter(1), sharding={devices=[16,1,1]<=[16]}, metadata={op_name="x"}. You probably want to enrich the sharding annotations to prevent this from happening.
2026-07-21 15:16:44.843074: E external/xla/xla/service/spmd/spmd_partitioner.cc:620] [spmd] Involuntary full rematerialization. The compiler was not able to go from sharding {devices=[16,1,1]<=[16]} to {devices=[1,4,4]<=[16]} without doing a full rematerialization of the tensor for HLO operation: %param = c128[9,2416,2416]{2,1,0} parameter(1), sharding={devices=[16,1,1]<=[16]}, metadata={op_name="x"}. You probably want to enrich the sharding annotations to prevent this from happening.
  GN-PPM fit: 22.70s, iωp=2.0000 Ry, unfulfilled=5.17%
[pf] ▶ sigma_ppm
[pf] ▶ sigma_ppm
[pf] ▶ sigma_ppm
[pf] ▶ sigma_ppm
[pf] ▶ sigma_ppm
[pf] ▶ sigma_ppm
[pf] ▶ sigma_ppm
[pf] ▶ sigma_ppm
[pf] ▶ sigma_ppm
[pf] ▶ sigma_ppm
[pf] ▶ sigma_ppm
[pf] ▶ sigma_ppm
[pf] ▶ sigma_ppm
[pf] ▶ sigma_ppm
[pf] ▶ sigma_ppm
[pf] ▶ sigma_ppm
  Σc(ω) grid: -10.000..10.000 eV, Nω=41, Δω=0.500 eV, ξ=0.250 eV
  GN invalid modes: 43276638/837755136 (5.17%)
  GN invalid modes per q: min=247412 max=816710 counts=[314416 277952 285102 ... 287886 275604 285298]
  GN invalid modes → static COHSEX: max|Σ_static| = 0.1939 eV (diag max 0.1939 eV)
    ω≥E_F cond window "core" (crossing): 103 nodes, err<1e-06, E_A=[0.0623, 0.7606] Ry, project=imag
    ω≥E_F cond window "a_stripe" (Laplace): 11 nodes, err<1e-06, E_A=[0.7669, 5.5428] Ry, project=full
    ω≥E_F cond window "b_slab" (Laplace): 15 nodes, err<1e-06, E_A=[0.0623, 5.5428] Ry, project=full
Started sigma[ω≥E_F cond] at 15:16:59.
[ 15:16:59 | ░░░░░░░░░░ |   1% ] tau node   1 / 129 · ETA 0 s
[ 15:17:03 | █░░░░░░░░░ |  12% ] tau node  15 / 129 · ETA 34 s
[ 15:17:09 | ██░░░░░░░░ |  22% ] tau node  29 / 129 · ETA 33 s
[ 15:17:14 | ███░░░░░░░ |  34% ] tau node  44 / 129 · ETA 29 s
[ 15:17:19 | ████░░░░░░ |  45% ] tau node  58 / 129 · ETA 24 s
[ 15:17:24 | ██████░░░░ |  56% ] tau node  72 / 129 · ETA 20 s
[ 15:17:29 | ███████░░░ |  67% ] tau node  86 / 129 · ETA 15 s
[ 15:17:34 | ████████░░ |  78% ] tau node 101 / 129 · ETA 10 s
[ 15:17:40 | █████████░ |  89% ] tau node 115 / 129 · ETA 5 s
[ 15:17:44 | ██████████ | 100% ] tau node 129 / 129 · ETA 0 s
Finished sigma[ω≥E_F cond] at 15:17:46.  Elapsed: 47 s.
    ω≥E_F val window "single" (Laplace): 15 nodes, err<1e-06, E_A=[0.0623, 4.5397] Ry, project=full
Started sigma[ω≥E_F val] at 15:17:46.
[ 15:17:46 | █░░░░░░░░░ |   7% ] tau node  1 / 15 · ETA 0 s
[ 15:17:46 | ██░░░░░░░░ |  20% ] tau node  3 / 15 · ETA 0 s
[ 15:17:47 | ███░░░░░░░ |  27% ] tau node  4 / 15 · ETA 1 s
[ 15:17:47 | ████░░░░░░ |  40% ] tau node  6 / 15 · ETA 2 s
[ 15:17:48 | █████░░░░░ |  47% ] tau node  7 / 15 · ETA 2 s
[ 15:17:48 | ██████░░░░ |  60% ] tau node  9 / 15 · ETA 1 s
[ 15:17:49 | ███████░░░ |  67% ] tau node 10 / 15 · ETA 1 s
[ 15:17:49 | ████████░░ |  80% ] tau node 12 / 15 · ETA 1 s
[ 15:17:50 | █████████░ |  87% ] tau node 13 / 15 · ETA 1 s
[ 15:17:51 | ██████████ | 100% ] tau node 15 / 15 · ETA 0 s
Finished sigma[ω≥E_F val] at 15:17:52.  Elapsed: 5 s.
    ω<E_F cond window "single" (Laplace): 15 nodes, err<1e-06, E_A=[0.0623, 5.5428] Ry, project=full
Started sigma[ω<E_F cond] at 15:17:52.
[ 15:17:52 | █░░░░░░░░░ |   7% ] tau node  1 / 15 · ETA 0 s
[ 15:17:52 | ██░░░░░░░░ |  20% ] tau node  3 / 15 · ETA 0 s
[ 15:17:53 | ███░░░░░░░ |  27% ] tau node  4 / 15 · ETA 1 s
[ 15:17:53 | ████░░░░░░ |  40% ] tau node  6 / 15 · ETA 2 s
[ 15:17:54 | █████░░░░░ |  47% ] tau node  7 / 15 · ETA 2 s
[ 15:17:54 | ██████░░░░ |  60% ] tau node  9 / 15 · ETA 1 s
[ 15:17:55 | ███████░░░ |  67% ] tau node 10 / 15 · ETA 1 s
[ 15:17:55 | ████████░░ |  80% ] tau node 12 / 15 · ETA 1 s
[ 15:17:56 | █████████░ |  87% ] tau node 13 / 15 · ETA 1 s
[ 15:17:57 | ██████████ | 100% ] tau node 15 / 15 · ETA 0 s
Finished sigma[ω<E_F cond] at 15:17:58.  Elapsed: 5 s.
    ω<E_F val window "core" (crossing): 103 nodes, err<1e-06, E_A=[0.0623, 0.4941] Ry, project=imag
    ω<E_F val window "a_stripe" (Laplace): 9 nodes, err<1e-06, E_A=[0.9405, 4.5397] Ry, project=full
    ω<E_F val window "b_slab" (Laplace): 15 nodes, err<1e-06, E_A=[0.0623, 4.5397] Ry, project=full
Started sigma[ω<E_F val] at 15:17:58.
[ 15:17:58 | ░░░░░░░░░░ |   1% ] tau node   1 / 127 · ETA 0 s
[ 15:18:03 | █░░░░░░░░░ |  12% ] tau node  15 / 127 · ETA 33 s
[ 15:18:08 | ██░░░░░░░░ |  23% ] tau node  29 / 127 · ETA 31 s
[ 15:18:12 | ███░░░░░░░ |  34% ] tau node  43 / 127 · ETA 28 s
[ 15:18:17 | ████░░░░░░ |  45% ] tau node  57 / 127 · ETA 23 s
[ 15:18:22 | ██████░░░░ |  56% ] tau node  71 / 127 · ETA 19 s
[ 15:18:27 | ███████░░░ |  67% ] tau node  85 / 127 · ETA 14 s
[ 15:18:32 | ████████░░ |  78% ] tau node  99 / 127 · ETA 9 s
[ 15:18:37 | █████████░ |  89% ] tau node 113 / 127 · ETA 5 s
[ 15:18:41 | ██████████ | 100% ] tau node 127 / 127 · ETA 0 s
Finished sigma[ω<E_F val] at 15:18:42.  Elapsed: 44 s.
[pf] ■ sigma_ppm  106.529s
[pf] ■ sigma_ppm  106.530s
[pf] ■ sigma_ppm  106.527s
[pf] ■ sigma_ppm  106.530s
[pf] ■ sigma_ppm  106.533s
[pf] ■ sigma_ppm  106.535s
[pf] ■ sigma_ppm  106.553s
[pf] ■ sigma_ppm  106.558s
[pf] ■ sigma_ppm  106.562s
[pf] ■ sigma_ppm  106.560s
[pf] ■ sigma_ppm  106.560s
[pf] ■ sigma_ppm  106.556s
[pf] ■ sigma_ppm  107.075s
[pf] ■ sigma_ppm  106.625s
[pf] ■ sigma_ppm  106.638s

------------------------------------------------------------------------
  HEAD CORRECTION (scalar GN, separate from ISDF body)
------------------------------------------------------------------------
  v(q→0)             =     9315.306 a.u.
  W^c(q→0, ω=0)      =    -5871.343 a.u.
  W^c(q→0, ω=iωp)    =     -764.386 a.u.  [ωp=2.0000 Ry]
  Ω_h²               =     0.598702 Ry²
  Ω_h                =     0.773758 Ry  (10.527519 eV)
  B_h                =  3515.182195 Ry² · a.u.
  R_h                =  2271.499488 Ry · a.u.
  R_h / (Ω_h · vol)  = 4.180670e+00 (Ry)
[pf] ■ sigma_ppm  106.639s
  Σ_c head shift: max|Σ^head_diag| = 3.0239 eV (on-shell occ band → -0.3950 eV)
  E_F(midgap) = -4.397657 eV  (VBM=-5.245345, CBM=-3.549970)
/pscratch/sd/j/jackm/lorrax_sandbox/sources/worktrees/lorrax_gw_converged/src/file_io/_slab_io_ffi.py:457: UserWarning: FFI backend: chunks/attrs on create_dataset currently no-op; pre-create with h5py if you need explicit chunking or attrs.
  warnings.warn(
/pscratch/sd/j/jackm/lorrax_sandbox/sources/worktrees/lorrax_gw_converged/src/file_io/_slab_io_ffi.py:457: UserWarning: FFI backend: chunks/attrs on create_dataset currently no-op; pre-create with h5py if you need explicit chunking or attrs.
  warnings.warn(
/pscratch/sd/j/jackm/lorrax_sandbox/sources/worktrees/lorrax_gw_converged/src/file_io/_slab_io_ffi.py:457: UserWarning: FFI backend: chunks/attrs on create_dataset currently no-op; pre-create with h5py if you need explicit chunking or attrs.
  warnings.warn(
/pscratch/sd/j/jackm/lorrax_sandbox/sources/worktrees/lorrax_gw_converged/src/file_io/_slab_io_ffi.py:457: UserWarning: FFI backend: chunks/attrs on create_dataset currently no-op; pre-create with h5py if you need explicit chunking or attrs.
  warnings.warn(
/pscratch/sd/j/jackm/lorrax_sandbox/sources/worktrees/lorrax_gw_converged/src/file_io/_slab_io_ffi.py:457: UserWarning: FFI backend: chunks/attrs on create_dataset currently no-op; pre-create with h5py if you need explicit chunking or attrs.
  warnings.warn(
/pscratch/sd/j/jackm/lorrax_sandbox/sources/worktrees/lorrax_gw_converged/src/file_io/_slab_io_ffi.py:457: UserWarning: FFI backend: chunks/attrs on create_dataset currently no-op; pre-create with h5py if you need explicit chunking or attrs.
  warnings.warn(
/pscratch/sd/j/jackm/lorrax_sandbox/sources/worktrees/lorrax_gw_converged/src/file_io/_slab_io_ffi.py:457: UserWarning: FFI backend: chunks/attrs on create_dataset currently no-op; pre-create with h5py if you need explicit chunking or attrs.
  warnings.warn(
/pscratch/sd/j/jackm/lorrax_sandbox/sources/worktrees/lorrax_gw_converged/src/file_io/_slab_io_ffi.py:457: UserWarning: FFI backend: chunks/attrs on create_dataset currently no-op; pre-create with h5py if you need explicit chunking or attrs.
  warnings.warn(
/pscratch/sd/j/jackm/lorrax_sandbox/sources/worktrees/lorrax_gw_converged/src/file_io/_slab_io_ffi.py:457: UserWarning: FFI backend: chunks/attrs on create_dataset currently no-op; pre-create with h5py if you need explicit chunking or attrs.
  warnings.warn(
/pscratch/sd/j/jackm/lorrax_sandbox/sources/worktrees/lorrax_gw_converged/src/file_io/_slab_io_ffi.py:457: UserWarning: FFI backend: chunks/attrs on create_dataset currently no-op; pre-create with h5py if you need explicit chunking or attrs.
  warnings.warn(
/pscratch/sd/j/jackm/lorrax_sandbox/sources/worktrees/lorrax_gw_converged/src/file_io/_slab_io_ffi.py:457: UserWarning: FFI backend: chunks/attrs on create_dataset currently no-op; pre-create with h5py if you need explicit chunking or attrs.
  warnings.warn(
/pscratch/sd/j/jackm/lorrax_sandbox/sources/worktrees/lorrax_gw_converged/src/file_io/_slab_io_ffi.py:457: UserWarning: FFI backend: chunks/attrs on create_dataset currently no-op; pre-create with h5py if you need explicit chunking or attrs.
  warnings.warn(
/pscratch/sd/j/jackm/lorrax_sandbox/sources/worktrees/lorrax_gw_converged/src/file_io/_slab_io_ffi.py:457: UserWarning: FFI backend: chunks/attrs on create_dataset currently no-op; pre-create with h5py if you need explicit chunking or attrs.
  warnings.warn(
/pscratch/sd/j/jackm/lorrax_sandbox/sources/worktrees/lorrax_gw_converged/src/file_io/_slab_io_ffi.py:457: UserWarning: FFI backend: chunks/attrs on create_dataset currently no-op; pre-create with h5py if you need explicit chunking or attrs.
  warnings.warn(
/pscratch/sd/j/jackm/lorrax_sandbox/sources/worktrees/lorrax_gw_converged/src/file_io/_slab_io_ffi.py:457: UserWarning: FFI backend: chunks/attrs on create_dataset currently no-op; pre-create with h5py if you need explicit chunking or attrs.
  warnings.warn(
/pscratch/sd/j/jackm/lorrax_sandbox/sources/worktrees/lorrax_gw_converged/src/file_io/_slab_io_ffi.py:457: UserWarning: FFI backend: chunks/attrs on create_dataset currently no-op; pre-create with h5py if you need explicit chunking or attrs.
  warnings.warn(
  [SlabIO.close] draining 1 pending writes for sigma_mnk.h5 …
  [SlabIO.close] Python dispatch drained in 0.2 s; joining writer thread
  [SlabIO.close] writer thread joined in 0.0 s; calling H5Fclose collectively
  [SlabIO.close] H5Fclose returned in 0.2 s
  QSGW: 6942 clipped (60.3%)
  Bare Σ_X diagonal (eV), k=0: -39.8909  -39.8909  -33.2579  -33.2579  -32.7639  -32.7639  -32.7573  -32.7573
  [SlabIO.close] draining 0 pending writes for kin_ion.h5 …
  [SlabIO.close] Python dispatch drained in 0.0 s; joining writer thread
  [SlabIO.close] writer thread joined in 0.0 s; calling H5Fclose collectively
  [SlabIO.close] H5Fclose returned in 0.0 s
  QP solver: one_shot_dft — QSGW build evaluated at E_DFT (standard G0W0)
  QP WFN (one-shot): /pscratch/sd/j/jackm/lorrax_sandbox/runs/MoS2/07_mos2_ref_80Ry_12x12_400b_2026-07-21/_stage4/a_xi_lifted/WFN_qp.h5
  Sigma freq debug: sigma_freq_debug.dat
  G0W0 diag (E_DFT):     /pscratch/sd/j/jackm/lorrax_sandbox/runs/MoS2/07_mos2_ref_80Ry_12x12_400b_2026-07-21/_stage4/a_xi_lifted/eqp_g0w0.dat

  Sigma diag:   /pscratch/sd/j/jackm/lorrax_sandbox/runs/MoS2/07_mos2_ref_80Ry_12x12_400b_2026-07-21/_stage4/a_xi_lifted/sigma_diag.dat
  BGW eqp0:     /pscratch/sd/j/jackm/lorrax_sandbox/runs/MoS2/07_mos2_ref_80Ry_12x12_400b_2026-07-21/_stage4/a_xi_lifted/eqp0.dat
  BGW eqp1:     /pscratch/sd/j/jackm/lorrax_sandbox/runs/MoS2/07_mos2_ref_80Ry_12x12_400b_2026-07-21/_stage4/a_xi_lifted/eqp1.dat
  Sigma(ω):     /pscratch/sd/j/jackm/lorrax_sandbox/runs/MoS2/07_mos2_ref_80Ry_12x12_400b_2026-07-21/_stage4/a_xi_lifted/sigma_mnk.h5
  Restart:      /pscratch/sd/j/jackm/lorrax_sandbox/runs/MoS2/07_mos2_ref_80Ry_12x12_400b_2026-07-21/_stage4/a_xi_lifted/tmp/isdf_tensors_2412.h5

--- Timing ---
Total recorded: 168.832 s
Section                                            Count    Total[s]     Self[s]      %
gw_jax.restart_load                                    1      18.932      18.932   11.2
gw_jax.chi0_W                                          1       7.379       0.000    4.4
  chi.compile                                          1       0.117       0.117    0.1
  chi.exec                                             1       0.957       0.957    0.6
  W.slice_to_ibz                                       1       0.041       0.041    0.0
  W.compile                                            1       0.082       0.082    0.0
  W.exec                                               1       4.644       4.644    2.8
  W.unfold_to_full_bz                                  1       1.539       1.539    0.9
gw_jax.sigma                                           1     142.522       1.612   84.4
  gw_jax.ppm_sigma                                     1     140.910      33.443   83.5
    sigma.compile                                      1       0.382       0.382    0.2
    sigma.exec                                         1     107.084     107.084   63.4
