JAX: 1 gpu devices
== Chunked kin_ion_io ==
Loading WFN: WFN.h5
Bands: 196, FFT grid: (36, 36, 36), k-points: 8
sys_dim: 3
Devices: 1
Pseudopotentials: ['Si']
Coulomb truncation: 3D bulk
Building V_loc...
Building unified V_NL setup...

Processing 8 k-points...
  k=1/8...

Writing to /pscratch/sd/j/jackm/lorrax_sandbox/runs/Si_pseudobands/00_si_2x2x2_60Ry/cohsex_sweep4/v1_k8_22w_s1/kin_ion.h5...
Wrote kin_ion.h5: shape (8, 196, 196), sys_dim=3
--- Timing (seconds) ---
Total recorded: 7.166 s
Section                                            Count    Total[s]     Self[s]      %
load_wfn                                               1       0.036       0.036    0.5
build_V_loc                                            1       0.878       0.878   12.3
k0                                                     1       2.412       2.412   33.7
k1                                                     1       1.637       1.637   22.9
k2                                                     1       0.118       0.118    1.7
k3                                                     1       1.621       1.621   22.6
k4                                                     1       0.104       0.104    1.5
k5                                                     1       0.137       0.137    1.9
k6                                                     1       0.104       0.104    1.4
k7                                                     1       0.106       0.106    1.5
write_h5                                               1       0.011       0.011    0.2
