memcap=8 GB, mesh=2x2
Solver: bc=35, rc=13824, qc=64, qg=55
Predicted peak: 7.722 GB
Bottleneck: gather
  stage_gather: 7.722 GB
  stage_solve: 3.893 GB
  stage_zct: 3.701 GB
  stage_reshard_z: 3.701 GB
  stage_reshard: 2.583 GB
  stage_pair: 2.502 GB
  stage_fft: 0.812 GB
  stage_rchunk_init: 0.799 GB


============================================================
Zeta fitting: 1 r-chunks, 13824 points each
  Left bands:  (0, 35) (35 bands)

============================================================

============================================================
Zeta fitting: 1 r-chunks, 13824 points each
  Left bands:  (0, 35) (35 bands)
  Right bands: (0, 35) (35 bands)
  Full range:  (0, 35) (35 bands)

============================================================
Zeta fitting: 1 r-chunks, 13824 points each
  Left bands:  (0, 35) (35 bands)
  Right bands: (0, 35) (35 bands)
  Full range:  (0, 35) (35 bands)
  Pair mode:   spin_traced
Output: tmp/zeta_memcap8.h5
============================================================
Zeta fitting: 1 r-chunks, 13824 points each
  Left bands:  (0, 35) (35 bands)
  Right bands: (0, 35) (35 bands)
  Full range:  (0, 35) (35 bands)
  Pair mode:   spin_traced
Output: tmp/zeta_memcap8.h5
============================================================
  Pair mode:   spin_traced
Output: tmp/zeta_memcap8.h5
============================================================
  Right bands: (0, 35) (35 bands)
  Full range:  (0, 35) (35 bands)
  Pair mode:   spin_traced
Output: tmp/zeta_memcap8.h5
============================================================
  [MEM isdf | before ISDF fitting] used=0.000 peak=0.000 limit=40.3 GB
  [MEM load_wfns | centroid_load: before output alloc] used=0.000 peak=0.000 GB
  [MEM load_wfns | centroid_load: after output alloc] used=0.017 peak=0.084 GB
  [MEM load_wfns | centroid_load: bc[0] after read_Gvecs] used=0.286 peak=0.286 GB
  [MEM load_wfns | centroid_load: bc[0] after FFT+extract] used=0.311 peak=0.579 GB
  [MEM load_wfns | centroid_load: bc[0] after accumulate+del] used=0.017 peak=0.579 GB
  [MEM load_wfns | centroid_load: complete] used=0.017 peak=0.579 GB
  Left wfns:  (64, 35, 2, 240)
  Right wfns: (64, 35, 2, 240)
  Left wfns:  (64, 35, 2, 240)
  Right wfns: (64, 35, 2, 240)
  Left wfns:  (64, 35, 2, 240)
  Right wfns: (64, 35, 2, 240)

Computing spin-traced pair densities P_l and P_r...
  [MEM isdf | after centroid load + slice] used=0.017 peak=0.579 limit=40.3 GB

Computing spin-traced pair densities P_l and P_r...

Computing spin-traced pair densities P_l and P_r...
  Left wfns:  (64, 35, 2, 240)
  Right wfns: (64, 35, 2, 240)

Computing spin-traced pair densities P_l and P_r...
Computing C_q from left/right cross-product...
Computing C_q from left/right cross-product...
Computing C_q from left/right cross-product...
Computing C_q from left/right cross-product...
  [MEM isdf | after CCT] used=0.057 peak=0.579 limit=40.3 GB

Computing L_q = chol(C_q) using 2D blocked algorithm...

Computing L_q = chol(C_q) using 2D blocked algorithm...

Computing L_q = chol(C_q) using 2D blocked algorithm...

Computing L_q = chol(C_q) using 2D blocked algorithm...
  L_q shape: (64, 240, 240)
  L_q shape: (64, 240, 240)
  L_q shape: (64, 240, 240)
  L_q shape: (64, 240, 240)
  [MEM isdf | after cholesky (before del C_q)] used=0.080 peak=0.579 limit=40.3 GB
  [MEM isdf | after cholesky + del C_q] used=0.040 peak=0.579 limit=40.3 GB

Caching G-space wavefunctions for r-chunk loop...

Caching G-space wavefunctions for r-chunk loop...

Caching G-space wavefunctions for r-chunk loop...

Caching G-space wavefunctions for r-chunk loop...
  Cached 1 band chunks (sharded across devices)
  Cached 1 band chunks (sharded across devices)
  Cached 1 band chunks (sharded across devices)
  Cached 1 band chunks (sharded across devices)
Chunk 1/1: r=[0:13824]
Chunk 1/1: r=[0:13824]
Chunk 1/1: r=[0:13824]
  [MEM isdf | after G-cache load (before chunk loop)] used=0.309 peak=0.579 limit=40.3 GB
Chunk 1/1: r=[0:13824]
  [MEM isdf | chunk[0]: start] used=0.309 peak=0.579 limit=40.3 GB
  [MEM load_wfns | rchunk: before extraction r=[0:13824]] used=0.804 peak=3.447 GB
  [MEM load_wfns | rchunk: bc[0] after FFT+reshard] used=1.382 peak=3.447 GB
  [MEM isdf | chunk[0]: after load (6a)] used=0.804 peak=3.447 limit=40.3 GB
  [MEM isdf | chunk[0]: after pair density (6b)] used=2.503 peak=3.447 limit=40.3 GB
  [MEM isdf | chunk[0]: after ZCT (6c)] used=1.158 peak=3.706 limit=40.3 GB
  [MEM isdf | chunk[0]: after reshard Z (6d)] used=1.158 peak=3.706 limit=40.3 GB
  [MEM isdf | chunk[0]: after solve (6e)] used=1.158 peak=3.765 limit=40.3 GB
  [MEM isdf | chunk[0]: after gather+write (6f)] used=0.309 peak=7.727 limit=40.3 GB


Written to tmp/zeta_memcap8.h5
============================================================
Zeta fitting complete!
  Shape: (4, 4, 4, 240, 13824)
============================================================

Timing Summary (1 r-chunks):
  Phase                     Total    Per-chunk      %
  --------------------------------------------------
  Load chunk                 2.12s     2120.2ms   43.0%
  Pair density               0.03s       27.7ms    0.6%
  ZCT (FFT pipeline)         0.31s      305.3ms    6.2%
  Solve (L^-1 Z)             0.32s      317.6ms    6.4%
  H5 write                   1.83s     1831.4ms   37.2%
  --------------------------------------------------
  Chunk loop total           4.93s     4926.4ms
  Per r-point                          356.4us


Written to tmp/zeta_memcap8.h5
============================================================
Zeta fitting complete!
  Shape: (4, 4, 4, 240, 13824)
============================================================

Timing Summary (1 r-chunks):
  Phase                     Total    Per-chunk      %
  --------------------------------------------------
  Load chunk                 2.13s     2129.2ms   43.2%
  Pair density               0.03s       31.3ms    0.6%
  ZCT (FFT pipeline)         0.30s      304.3ms    6.2%
  Solve (L^-1 Z)             0.33s      325.4ms    6.6%
  H5 write                   1.84s     1843.4ms   37.4%
  --------------------------------------------------
  Chunk loop total           4.93s     4928.9ms
  Per r-point                          356.5us


Written to tmp/zeta_memcap8.h5
============================================================
Zeta fitting complete!
  Shape: (4, 4, 4, 240, 13824)
============================================================

Timing Summary (1 r-chunks):
  Phase                     Total    Per-chunk      %
  --------------------------------------------------
  Load chunk                 2.13s     2126.8ms   43.2%
  Pair density               0.03s       33.3ms    0.7%
  ZCT (FFT pipeline)         0.30s      299.8ms    6.1%
  Solve (L^-1 Z)             0.32s      318.7ms    6.5%
  H5 write                   1.84s     1844.2ms   37.4%
  --------------------------------------------------
  Chunk loop total           4.93s     4927.2ms
  Per r-point                          356.4us
  [MEM isdf | ISDF fitting complete] used=0.040 peak=7.727 limit=40.3 GB


Written to tmp/zeta_memcap8.h5
============================================================
Zeta fitting complete!
  Shape: (4, 4, 4, 240, 13824)
============================================================

Timing Summary (1 r-chunks):
  Phase                     Total    Per-chunk      %
  --------------------------------------------------
  Load chunk                 2.16s     2155.9ms   43.8%
  Pair density               0.03s       28.9ms    0.6%
  ZCT (FFT pipeline)         0.28s      284.9ms    5.8%
  Solve (L^-1 Z)             0.35s      346.0ms    7.0%
  H5 write                   1.84s     1844.5ms   37.5%
  --------------------------------------------------
  Chunk loop total           4.92s     4923.5ms
  Per r-point                          356.2us

Observed peak_bytes_in_use: 7.727 GB
Predicted: 7.722 GB
Error: +0.005 GB (0.1%)

HLO memory reports (7 files):
  jit__compute_P_traced: Total bytes used: 36143232 (34.47MiB)
  jit__fft_and_rslice: Total bytes used: 523790280 (499.52MiB)
  jit__reshard_rchunk: Total bytes used: 1783628288 (1.66GiB)
  jit__update_accum: Total bytes used: 990904352 (945.00MiB)
  jit__compute_P_traced: Total bytes used: 1357594752 (1.26GiB)
  jit__left_ifft_conj: Total bytes used: 2548039680 (2.37GiB)
  jit__right_ifft_mul_fft: Total bytes used: 2548039680 (2.37GiB)
