
========================================================================
  COHSEX-JAX: Self-Energy Calculation
========================================================================
  Backend: GPU       Devices: 4  Mesh: 2×2  Processes: 4
  Device type: NVIDIA A100-SXM4-40GB
  XLA preallocate: false  mem_fraction: unset
========================================================================

  ISDF basis: 3264 centroids
  FFT grid: 36×36×36   Cell volume: 270.11 a.u.³

  BGW vcoul override: loading /pscratch/sd/j/jackm/lorrax_sandbox/runs/Si_pseudobands/00_si_2x2x2_60Ry/D_lorrax_para_408_gnppm/bgw_vcoul.dat
    3 unique q-points, G counts per q: [2109, 2120, 2100]
    Memory estimate: peak 25.06 GB (budget 28.00 GB), bottleneck=zct
    Per-stage: fft=17.75  zct=25.06  reshard=15.31  solve=12.21  gather=11.05 GB
    AOT fit_one_rchunk peak (driver-level): 21.09 GB

  Chunked ISDF fitting:
    Band chunks: 408
    R chunks:    46656 (contiguous r-space)
    Q chunks:    8
    Zeta output: /pscratch/sd/j/jackm/lorrax_sandbox/runs/Si_pseudobands/00_si_2x2x2_60Ry/D_lorrax_para_408_gnppm/tmp/zeta_q.h5

  Zeta fitting: 1 r-chunks x 46656 r-points, 408 bands (16 left + 408 right)
  Output: /pscratch/sd/j/jackm/lorrax_sandbox/runs/Si_pseudobands/00_si_2x2x2_60Ry/D_lorrax_para_408_gnppm/tmp/zeta_q.h5

  Zeta fitting: 1 r-chunks x 46656 r-points, 408 bands (16 left + 408 right)
  Output: /pscratch/sd/j/jackm/lorrax_sandbox/runs/Si_pseudobands/00_si_2x2x2_60Ry/D_lorrax_para_408_gnppm/tmp/zeta_q.h5

  Zeta fitting: 1 r-chunks x 46656 r-points, 408 bands (16 left + 408 right)
  Output: /pscratch/sd/j/jackm/lorrax_sandbox/runs/Si_pseudobands/00_si_2x2x2_60Ry/D_lorrax_para_408_gnppm/tmp/zeta_q.h5

  Zeta fitting: 1 r-chunks x 46656 r-points, 408 bands (16 left + 408 right)
  Output: /pscratch/sd/j/jackm/lorrax_sandbox/runs/Si_pseudobands/00_si_2x2x2_60Ry/D_lorrax_para_408_gnppm/tmp/zeta_q.h5
  Left wfns:  (8, 16, 2, 3264)
  Right wfns: (8, 408, 2, 3264)
  Left wfns:  (8, 16, 2, 3264)
  Right wfns: (8, 408, 2, 3264)
  Left wfns:  (8, 16, 2, 3264)
  Right wfns: (8, 408, 2, 3264)
  Left wfns:  (8, 16, 2, 3264)
  Right wfns: (8, 408, 2, 3264)
  Pseudobands normalization: 0 weighted, 0 zero-weight (skipped)
  Computing pair densities P_l, P_r (spin_traced)
/opt/jax/jax/_src/interpreters/mlir.py:1178: UserWarning: Some donated buffers were not usable: ShapedArray(complex128[8,1632,1632]).
See an explanation at https://jax.readthedocs.io/en/latest/faq.html#buffer-donation.
  warnings.warn("Some donated buffers were not usable:"
  Computing L_q = chol(C_q)
  Pseudobands normalization: 0 weighted, 0 zero-weight (skipped)
  Computing pair densities P_l, P_r (spin_traced)
  Pseudobands normalization: 0 weighted, 0 zero-weight (skipped)
  Computing pair densities P_l, P_r (spin_traced)
  Pseudobands normalization: 0 weighted, 0 zero-weight (skipped)
  Computing pair densities P_l, P_r (spin_traced)
/opt/jax/jax/_src/interpreters/mlir.py:1178: UserWarning: Some donated buffers were not usable: ShapedArray(complex128[8,1632,1632]).
See an explanation at https://jax.readthedocs.io/en/latest/faq.html#buffer-donation.
  warnings.warn("Some donated buffers were not usable:"
/opt/jax/jax/_src/interpreters/mlir.py:1178: UserWarning: Some donated buffers were not usable: ShapedArray(complex128[8,1632,1632]).
See an explanation at https://jax.readthedocs.io/en/latest/faq.html#buffer-donation.
  warnings.warn("Some donated buffers were not usable:"
/opt/jax/jax/_src/interpreters/mlir.py:1178: UserWarning: Some donated buffers were not usable: ShapedArray(complex128[8,1632,1632]).
See an explanation at https://jax.readthedocs.io/en/latest/faq.html#buffer-donation.
  warnings.warn("Some donated buffers were not usable:"
  Computing L_q = chol(C_q)
  Computing L_q = chol(C_q)
  Computing L_q = chol(C_q)
  L_q: (8, 3264, 3264)
  L_q: (8, 3264, 3264)
  L_q: (8, 3264, 3264)
  L_q: (8, 3264, 3264)
/pscratch/sd/j/jackm/lorrax_sandbox/sources/lorrax_D/src/file_io/_slab_io_ffi.py:239: UserWarning: FFI backend: chunks/attrs on create_dataset currently no-op; pre-create with h5py if you need explicit chunking or attrs.
  warnings.warn(
/pscratch/sd/j/jackm/lorrax_sandbox/sources/lorrax_D/src/file_io/_slab_io_ffi.py:239: UserWarning: FFI backend: chunks/attrs on create_dataset currently no-op; pre-create with h5py if you need explicit chunking or attrs.
  warnings.warn(
/pscratch/sd/j/jackm/lorrax_sandbox/sources/lorrax_D/src/file_io/_slab_io_ffi.py:239: UserWarning: FFI backend: chunks/attrs on create_dataset currently no-op; pre-create with h5py if you need explicit chunking or attrs.
  warnings.warn(
/pscratch/sd/j/jackm/lorrax_sandbox/sources/lorrax_D/src/file_io/_slab_io_ffi.py:239: UserWarning: FFI backend: chunks/attrs on create_dataset currently no-op; pre-create with h5py if you need explicit chunking or attrs.
  warnings.warn(
  ψ(G) host cache: 1.22 GB/process resident
Started zeta fitting at 02:54:09.
[ 02:54:09 | ██████████ | 100% ] r-chunk 1 / 1 · ETA 0 s
Finished zeta fitting at 02:54:09.  Elapsed: 0 s.
  [SlabIO.close] draining 1 pending writes for zeta_q.h5 …
  [SlabIO.close] Python dispatch drained in 16.3 s; joining writer thread
  [SlabIO.close] writer thread joined in 0.0 s; calling H5Fclose collectively
  [SlabIO.close] H5Fclose returned in 1.0 s
  Zeta output: /pscratch/sd/j/jackm/lorrax_sandbox/runs/Si_pseudobands/00_si_2x2x2_60Ry/D_lorrax_para_408_gnppm/tmp/zeta_q.h5  shape: (2,2,2,3264,46656)
  Timing (1 r-chunks, 2.2s total):
    fit      2.06s  95.8%
    H5       0.09s   4.2%
  Zeta output: /pscratch/sd/j/jackm/lorrax_sandbox/runs/Si_pseudobands/00_si_2x2x2_60Ry/D_lorrax_para_408_gnppm/tmp/zeta_q.h5  shape: (2,2,2,3264,46656)
  Timing (1 r-chunks, 2.2s total):
    fit      2.09s  96.1%
    H5       0.08s   3.8%
  Zeta output: /pscratch/sd/j/jackm/lorrax_sandbox/runs/Si_pseudobands/00_si_2x2x2_60Ry/D_lorrax_para_408_gnppm/tmp/zeta_q.h5  shape: (2,2,2,3264,46656)
  Timing (1 r-chunks, 2.2s total):
    fit      2.07s  95.6%
    H5       0.09s   4.4%
  Zeta output: /pscratch/sd/j/jackm/lorrax_sandbox/runs/Si_pseudobands/00_si_2x2x2_60Ry/D_lorrax_para_408_gnppm/tmp/zeta_q.h5  shape: (2,2,2,3264,46656)
  Timing (1 r-chunks, 2.5s total):
    fit      2.49s  98.6%
    H5       0.03s   1.4%
    GPU high-water mark: 7.70 GB / 28.00 GB budget (28%)
    γ (runtime / AOT-pred) = 0.365  (AOT predicted 21.09 GB)
    V_q bare cutoff: 60.0 Ry
    V_q budget:    26.81 GB
    V_q mu chunks: 3264
    V_q q batches: 4
  V_q (sharded): mesh=2x2, one-shot (Case A), q_chunk=8, μ_chunk=3264 (1 μ-blocks), aligned=True, N_μ=3264, N_G=2637, predicted peak/rank=2.77 GB (V_ref+g0_ref=0.34 GB)
Started V_q computation at 02:54:33.
[ 02:54:33 | █░░░░░░░░░ |  12% ] q-point 1 / 8 · ETA 0 s
[ 02:54:33 | ██░░░░░░░░ |  25% ] q-point 2 / 8 · ETA 0 s
[ 02:54:33 | ████░░░░░░ |  38% ] q-point 3 / 8 · ETA 0 s
[ 02:54:33 | █████░░░░░ |  50% ] q-point 4 / 8 · ETA 0 s
[ 02:54:33 | ██████░░░░ |  62% ] q-point 5 / 8 · ETA 0 s
[ 02:54:33 | ████████░░ |  75% ] q-point 6 / 8 · ETA 0 s
[ 02:54:33 | █████████░ |  88% ] q-point 7 / 8 · ETA 0 s
[ 02:54:33 | ██████████ | 100% ] q-point 8 / 8 · ETA 0 s
Finished V_q computation at 02:54:33.  Elapsed: 0 s.
  [SlabIO.close] draining 0 pending writes for zeta_q.h5 …
  [SlabIO.close] Python dispatch drained in 0.0 s; joining writer thread
  [SlabIO.close] writer thread joined in 0.0 s; calling H5Fclose collectively
  [SlabIO.close] H5Fclose returned in 1.0 s

  V_q computed:
    Shape: (1, 1, 1, 2, 2, 2, 3264, 3264)
    V_q=0 trace: 18068464499.9441
  [SlabIO.close] draining 3 pending writes for isdf_tensors_3264.h5 …
  [SlabIO.close] Python dispatch drained in 1.7 s; joining writer thread
  [SlabIO.close] writer thread joined in 0.0 s; calling H5Fclose collectively
  [SlabIO.close] H5Fclose returned in 0.1 s
  Wavefunctions built (b0:b4=408 bands, 4 sharded copies: xn/xr/yr/yn)
  [SlabIO.close] draining 1 pending writes for isdf_tensors_3264.h5 …
  [SlabIO.close] Python dispatch drained in 0.7 s; joining writer thread
  [SlabIO.close] writer thread joined in 0.0 s; calling H5Fclose collectively
  [SlabIO.close] H5Fclose returned in 0.0 s
  Chunked ISDF path complete
  Minimax static window: x=[4.958693e-02, 1.299222e+01] Ry, R=262.01, nodes=12, fit_err~3.769e-06
  [SlabIO.close] draining 1 pending writes for isdf_tensors_3264.h5 …
  [SlabIO.close] Python dispatch drained in 1.2 s; joining writer thread
  [SlabIO.close] writer thread joined in 0.0 s; calling H5Fclose collectively
  [SlabIO.close] H5Fclose returned in 0.1 s
  Persisted W0_qmunu + q=0 head scalars: vhead=825.937 a.u.,  whead[ω=0]=16.889 a.u.,  whead[iωp]=402.374 a.u.

------------------------------------------------------------------------
  FINITE-SIZE CORRECTIONS
------------------------------------------------------------------------
  Head source: override
  v(q→0)  =      825.937 a.u.  (bare Coulomb head)
  W(q→0)  =       16.889 a.u.  (screened Coulomb head)
  ΔW      =     -809.048 a.u.  (screening correction)

------------------------------------------------------------------------
  STATIC HEAD TERMS (exact COHSEX / BGW-style)
------------------------------------------------------------------------
  Head source: override
  v_h(q→0)           =   825.937026 a.u.
  W_h(q→0, ω=0)      =    16.889274 a.u.
  W_h^c              =  -809.047752 a.u.
  Σ^X head (occ)     = -3.822265e-01 Ry
  Σ^SX head (occ)    = -7.816006e-03 Ry
  Σ^(SX-X) head(occ) = 3.744105e-01 Ry
  Σ^COH head (all)   = -1.872053e-01 Ry
2026-05-06 02:54:45.053330: E external/xla/xla/service/spmd/spmd_partitioner.cc:620] [spmd] Involuntary full rematerialization. The compiler was not able to go from sharding {devices=[4,1,1]<=[4]} to {devices=[1,2,2]<=[4]} without doing a full rematerialization of the tensor for HLO operation: %param = c128[2,3264,3264]{2,1,0} parameter(5), sharding={devices=[4,1,1]<=[4]}, metadata={op_name="W_q"}. You probably want to enrich the sharding annotations to prevent this from happening.
2026-05-06 02:54:45.345934: E external/xla/xla/service/spmd/spmd_partitioner.cc:620] [spmd] Involuntary full rematerialization. The compiler was not able to go from sharding {devices=[4,1,1]<=[4]} to {devices=[1,2,2]<=[4]} without doing a full rematerialization of the tensor for HLO operation: %param = c128[2,3264,3264]{2,1,0} parameter(5), sharding={devices=[4,1,1]<=[4]}, metadata={op_name="W_q"}. You probably want to enrich the sharding annotations to prevent this from happening.
2026-05-06 02:54:45.345988: E external/xla/xla/service/spmd/spmd_partitioner.cc:620] [spmd] Involuntary full rematerialization. The compiler was not able to go from sharding {devices=[4,1,1]<=[4]} to {devices=[1,2,2]<=[4]} without doing a full rematerialization of the tensor for HLO operation: %param = c128[2,3264,3264]{2,1,0} parameter(5), sharding={devices=[4,1,1]<=[4]}, metadata={op_name="W_q"}. You probably want to enrich the sharding annotations to prevent this from happening.
2026-05-06 02:54:45.357489: E external/xla/xla/service/spmd/spmd_partitioner.cc:620] [spmd] Involuntary full rematerialization. The compiler was not able to go from sharding {devices=[4,1,1]<=[4]} to {devices=[1,2,2]<=[4]} without doing a full rematerialization of the tensor for HLO operation: %param = c128[2,3264,3264]{2,1,0} parameter(5), sharding={devices=[4,1,1]<=[4]}, metadata={op_name="W_q"}. You probably want to enrich the sharding annotations to prevent this from happening.
2026-05-06 02:54:45.771804: E external/xla/xla/service/spmd/spmd_partitioner.cc:620] [spmd] Involuntary full rematerialization. The compiler was not able to go from sharding {devices=[1,2,2]<=[4]} to {devices=[4,1,1]<=[4]} without doing a full rematerialization of the tensor for HLO operation: %param = c128[8,1632,1632]{2,1,0} parameter(5), sharding={devices=[1,2,2]<=[4]}, metadata={op_name="V_q"}. You probably want to enrich the sharding annotations to prevent this from happening.
2026-05-06 02:54:45.771856: E external/xla/xla/service/spmd/spmd_partitioner.cc:620] [spmd] Involuntary full rematerialization. The compiler was not able to go from sharding {devices=[4,1,1]<=[4]} to {devices=[1,2,2]<=[4]} without doing a full rematerialization of the tensor for HLO operation: %subtract.21 = c128[2,3264,3264]{2,1,0} subtract(%param, %dynamic-slice), sharding={devices=[4,1,1]<=[4]}, metadata={op_name="jit(sigma_coh)/jit(main)/sub" source_file="/pscratch/sd/j/jackm/lorrax_sandbox/sources/lorrax_D/src/gw/cohsex_sigma.py" source_line=106}. You probably want to enrich the sharding annotations to prevent this from happening.
2026-05-06 02:54:45.774183: E external/xla/xla/service/spmd/spmd_partitioner.cc:620] [spmd] Involuntary full rematerialization. The compiler was not able to go from sharding {devices=[1,2,2]<=[4]} to {devices=[4,1,1]<=[4]} without doing a full rematerialization of the tensor for HLO operation: %param = c128[8,1632,1632]{2,1,0} parameter(5), sharding={devices=[1,2,2]<=[4]}, metadata={op_name="V_q"}. You probably want to enrich the sharding annotations to prevent this from happening.
2026-05-06 02:54:45.774237: E external/xla/xla/service/spmd/spmd_partitioner.cc:620] [spmd] Involuntary full rematerialization. The compiler was not able to go from sharding {devices=[4,1,1]<=[4]} to {devices=[1,2,2]<=[4]} without doing a full rematerialization of the tensor for HLO operation: %subtract.21 = c128[2,3264,3264]{2,1,0} subtract(%param, %dynamic-slice), sharding={devices=[4,1,1]<=[4]}, metadata={op_name="jit(sigma_coh)/jit(main)/sub" source_file="/pscratch/sd/j/jackm/lorrax_sandbox/sources/lorrax_D/src/gw/cohsex_sigma.py" source_line=106}. You probably want to enrich the sharding annotations to prevent this from happening.
2026-05-06 02:54:45.775948: E external/xla/xla/service/spmd/spmd_partitioner.cc:620] [spmd] Involuntary full rematerialization. The compiler was not able to go from sharding {devices=[1,2,2]<=[4]} to {devices=[4,1,1]<=[4]} without doing a full rematerialization of the tensor for HLO operation: %param = c128[8,1632,1632]{2,1,0} parameter(5), sharding={devices=[1,2,2]<=[4]}, metadata={op_name="V_q"}. You probably want to enrich the sharding annotations to prevent this from happening.
2026-05-06 02:54:45.776003: E external/xla/xla/service/spmd/spmd_partitioner.cc:620] [spmd] Involuntary full rematerialization. The compiler was not able to go from sharding {devices=[4,1,1]<=[4]} to {devices=[1,2,2]<=[4]} without doing a full rematerialization of the tensor for HLO operation: %subtract.21 = c128[2,3264,3264]{2,1,0} subtract(%param, %dynamic-slice), sharding={devices=[4,1,1]<=[4]}, metadata={op_name="jit(sigma_coh)/jit(main)/sub" source_file="/pscratch/sd/j/jackm/lorrax_sandbox/sources/lorrax_D/src/gw/cohsex_sigma.py" source_line=106}. You probably want to enrich the sharding annotations to prevent this from happening.
2026-05-06 02:54:45.778845: E external/xla/xla/service/spmd/spmd_partitioner.cc:620] [spmd] Involuntary full rematerialization. The compiler was not able to go from sharding {devices=[1,2,2]<=[4]} to {devices=[4,1,1]<=[4]} without doing a full rematerialization of the tensor for HLO operation: %param = c128[8,1632,1632]{2,1,0} parameter(5), sharding={devices=[1,2,2]<=[4]}, metadata={op_name="V_q"}. You probably want to enrich the sharding annotations to prevent this from happening.
2026-05-06 02:54:45.778900: E external/xla/xla/service/spmd/spmd_partitioner.cc:620] [spmd] Involuntary full rematerialization. The compiler was not able to go from sharding {devices=[4,1,1]<=[4]} to {devices=[1,2,2]<=[4]} without doing a full rematerialization of the tensor for HLO operation: %subtract.21 = c128[2,3264,3264]{2,1,0} subtract(%param, %dynamic-slice), sharding={devices=[4,1,1]<=[4]}, metadata={op_name="jit(sigma_coh)/jit(main)/sub" source_file="/pscratch/sd/j/jackm/lorrax_sandbox/sources/lorrax_D/src/gw/cohsex_sigma.py" source_line=106}. You probably want to enrich the sharding annotations to prevent this from happening.
  Bare Σ_X diagonal (eV), k=0: -16.5431  -16.5431  -13.7141  -13.7141  -13.7013  -13.7013  -13.7013  -13.7013

------------------------------------------------------------------------
  GN-PPM + FREQUENCY-INTEGRATED SIGMA
------------------------------------------------------------------------
  PPM imag-freq quadrature (ωp=2.0000 Ry): R=262.0, nodes=9, err~2.7e-06
2026-05-06 02:54:48.092718: E external/xla/xla/service/spmd/spmd_partitioner.cc:620] [spmd] Involuntary full rematerialization. The compiler was not able to go from sharding {devices=[1,2,2]<=[4]} to {devices=[4,1,1]<=[4]} without doing a full rematerialization of the tensor for HLO operation: %param = c128[8,1632,1632]{2,1,0} parameter(1), sharding={devices=[1,2,2]<=[4]}, metadata={op_name="y"}. You probably want to enrich the sharding annotations to prevent this from happening.
2026-05-06 02:54:48.094752: E external/xla/xla/service/spmd/spmd_partitioner.cc:620] [spmd] Involuntary full rematerialization. The compiler was not able to go from sharding {devices=[1,2,2]<=[4]} to {devices=[4,1,1]<=[4]} without doing a full rematerialization of the tensor for HLO operation: %param = c128[8,1632,1632]{2,1,0} parameter(1), sharding={devices=[1,2,2]<=[4]}, metadata={op_name="y"}. You probably want to enrich the sharding annotations to prevent this from happening.
2026-05-06 02:54:48.096839: E external/xla/xla/service/spmd/spmd_partitioner.cc:620] [spmd] Involuntary full rematerialization. The compiler was not able to go from sharding {devices=[1,2,2]<=[4]} to {devices=[4,1,1]<=[4]} without doing a full rematerialization of the tensor for HLO operation: %param = c128[8,1632,1632]{2,1,0} parameter(1), sharding={devices=[1,2,2]<=[4]}, metadata={op_name="y"}. You probably want to enrich the sharding annotations to prevent this from happening.
2026-05-06 02:54:49.176847: E external/xla/xla/service/spmd/spmd_partitioner.cc:620] [spmd] Involuntary full rematerialization. The compiler was not able to go from sharding {devices=[4,1,1]<=[4]} to {devices=[1,2,2]<=[4]} without doing a full rematerialization of the tensor for HLO operation: %get-tuple-element = f64[2,3264,3264]{2,1,0} get-tuple-element(%tuple), index=0, sharding={devices=[4,1,1]<=[4]}. You probably want to enrich the sharding annotations to prevent this from happening.
2026-05-06 02:54:49.177782: E external/xla/xla/service/spmd/spmd_partitioner.cc:620] [spmd] Involuntary full rematerialization. The compiler was not able to go from sharding {devices=[4,1,1]<=[4]} to {devices=[1,2,2]<=[4]} without doing a full rematerialization of the tensor for HLO operation: %get-tuple-element = f64[2,3264,3264]{2,1,0} get-tuple-element(%tuple), index=0, sharding={devices=[4,1,1]<=[4]}. You probably want to enrich the sharding annotations to prevent this from happening.
2026-05-06 02:54:49.179147: E external/xla/xla/service/spmd/spmd_partitioner.cc:620] [spmd] Involuntary full rematerialization. The compiler was not able to go from sharding {devices=[4,1,1]<=[4]} to {devices=[1,2,2]<=[4]} without doing a full rematerialization of the tensor for HLO operation: %get-tuple-element = f64[2,3264,3264]{2,1,0} get-tuple-element(%tuple), index=0, sharding={devices=[4,1,1]<=[4]}. You probably want to enrich the sharding annotations to prevent this from happening.
2026-05-06 02:54:49.249606: E external/xla/xla/service/spmd/spmd_partitioner.cc:620] [spmd] Involuntary full rematerialization. The compiler was not able to go from sharding {devices=[4,1,1]<=[4]} to {devices=[1,2,2]<=[4]} without doing a full rematerialization of the tensor for HLO operation: %get-tuple-element = c128[2,3264,3264]{2,1,0} get-tuple-element(%tuple), index=0, sharding={devices=[4,1,1]<=[4]}. You probably want to enrich the sharding annotations to prevent this from happening.
2026-05-06 02:54:49.249932: E external/xla/xla/service/spmd/spmd_partitioner.cc:620] [spmd] Involuntary full rematerialization. The compiler was not able to go from sharding {devices=[4,1,1]<=[4]} to {devices=[1,2,2]<=[4]} without doing a full rematerialization of the tensor for HLO operation: %get-tuple-element = c128[2,3264,3264]{2,1,0} get-tuple-element(%tuple), index=0, sharding={devices=[4,1,1]<=[4]}. You probably want to enrich the sharding annotations to prevent this from happening.
2026-05-06 02:54:49.250336: E external/xla/xla/service/spmd/spmd_partitioner.cc:620] [spmd] Involuntary full rematerialization. The compiler was not able to go from sharding {devices=[4,1,1]<=[4]} to {devices=[1,2,2]<=[4]} without doing a full rematerialization of the tensor for HLO operation: %get-tuple-element = c128[2,3264,3264]{2,1,0} get-tuple-element(%tuple), index=0, sharding={devices=[4,1,1]<=[4]}. You probably want to enrich the sharding annotations to prevent this from happening.
2026-05-06 02:54:49.325761: E external/xla/xla/service/spmd/spmd_partitioner.cc:620] [spmd] Involuntary full rematerialization. The compiler was not able to go from sharding {devices=[4,1,1]<=[4]} to {devices=[1,2,2]<=[4]} without doing a full rematerialization of the tensor for HLO operation: %get-tuple-element = pred[2,3264,3264]{2,1,0} get-tuple-element(%tuple), index=0, sharding={devices=[4,1,1]<=[4]}. You probably want to enrich the sharding annotations to prevent this from happening.
2026-05-06 02:54:49.327025: E external/xla/xla/service/spmd/spmd_partitioner.cc:620] [spmd] Involuntary full rematerialization. The compiler was not able to go from sharding {devices=[4,1,1]<=[4]} to {devices=[1,2,2]<=[4]} without doing a full rematerialization of the tensor for HLO operation: %get-tuple-element = pred[2,3264,3264]{2,1,0} get-tuple-element(%tuple), index=0, sharding={devices=[4,1,1]<=[4]}. You probably want to enrich the sharding annotations to prevent this from happening.
2026-05-06 02:54:49.327551: E external/xla/xla/service/spmd/spmd_partitioner.cc:620] [spmd] Involuntary full rematerialization. The compiler was not able to go from sharding {devices=[4,1,1]<=[4]} to {devices=[1,2,2]<=[4]} without doing a full rematerialization of the tensor for HLO operation: %get-tuple-element = pred[2,3264,3264]{2,1,0} get-tuple-element(%tuple), index=0, sharding={devices=[4,1,1]<=[4]}. You probably want to enrich the sharding annotations to prevent this from happening.
  GN-PPM fit: 1.31s, iωp=2.0000 Ry, unfulfilled=2.21%
[pf] ▶ sigma_ppm
[pf] ▶ sigma_ppm
[pf] ▶ sigma_ppm
[pf] ▶ sigma_ppm
  [DBG-PPM] post-print rank=2/4
  [DBG-PPM] post-print rank=3/4
  [DBG-PPM] post-print rank=1/4
  Σc(ω) grid: -10.000..10.000 eV, Nω=41, Δω=0.500 eV, ξ=0.250 eV
  GN invalid modes: 1884566/85229568 (2.21%)
  [DBG-PPM] post-print rank=0/4
  [DBG-PPM] entering branches loop, n=4 rank=1
  [DBG-PPM] branch 0 ω≥E_F cond start rank=1
  [DBG-PPM] entering branches loop, n=4 rank=0
  [DBG-PPM] branch 0 ω≥E_F cond start rank=0
  [DBG-PPM] entering branches loop, n=4 rank=2
  [DBG-PPM] branch 0 ω≥E_F cond start rank=2
  [DBG-PPM] entering branches loop, n=4 rank=3
  [DBG-PPM] branch 0 ω≥E_F cond start rank=3
  [DBG-PPM-WIN] ω≥E_F cond pre E_A allgather rank=1
  [DBG-PPM-WIN] ω≥E_F cond pre E_A allgather rank=0
  [DBG-PPM-WIN] ω≥E_F cond pre E_A allgather rank=3
  [DBG-PPM-WIN] ω≥E_F cond pre E_A allgather rank=2
  [DBG-PPM-WIN] ω≥E_F cond post E_A shape=(8, 408) rank=0
  [DBG-PPM-WIN] ω≥E_F cond post base_A shape=(8, 408) rank=0
  [DBG-PPM-WIN] ω≥E_F cond post E_A shape=(8, 408) rank=1
  [DBG-PPM-WIN] ω≥E_F cond post E_A shape=(8, 408) rank=3
  [DBG-PPM-WIN] ω≥E_F cond post E_A shape=(8, 408) rank=2
  [DBG-PPM-WIN] ω≥E_F cond post base_A shape=(8, 408) rank=1
  [DBG-PPM-WIN] ω≥E_F cond post base_A shape=(8, 408) rank=3
  [DBG-PPM-WIN] ω≥E_F cond post base_A shape=(8, 408) rank=2
  [DBG-PPM-WIN] ω≥E_F cond post masked_stats rank=0
  [DBG-PPM-WIN] ω≥E_F cond post masked_stats rank=3
  [DBG-PPM-WIN] ω≥E_F cond post masked_stats rank=1
  [DBG-PPM-WIN] ω≥E_F cond post masked_stats rank=2
    ω≥E_F cond window "core" (crossing): 103 nodes, err<1e-06, E_A=[0.0248, 0.7489] Ry, project=imag
    ω≥E_F cond window "a_stripe" (Laplace): 12 nodes, err<1e-06, E_A=[0.7812, 12.0861] Ry, project=full
    ω≥E_F cond window "b_slab" (Laplace): 15 nodes, err<1e-06, E_A=[0.0248, 12.0861] Ry, project=full
  [DBG-PPM] _run_sigma_branch[ω≥E_F cond] post-windows nwin=3 rank=0
  [DBG-PPM] _run_sigma_branch[ω≥E_F cond] tau_kernel ready rank=0
  [DBG-PPM] _run_sigma_branch[ω≥E_F cond] post-windows nwin=3 rank=3
  [DBG-PPM] _run_sigma_branch[ω≥E_F cond] tau_kernel ready rank=3
  [DBG-PPM] _run_sigma_branch[ω≥E_F cond] post-windows nwin=3 rank=2
  [DBG-PPM] _run_sigma_branch[ω≥E_F cond] tau_kernel ready rank=2
  [DBG-PPM] _run_sigma_branch[ω≥E_F cond] post-windows nwin=3 rank=1
  [DBG-PPM] _run_sigma_branch[ω≥E_F cond] tau_kernel ready rank=1
Started sigma[ω≥E_F cond] at 02:54:51.
[ 02:54:51 | ░░░░░░░░░░ |   1% ] tau node   1 / 130 · ETA 0 s
[ 02:54:52 | █░░░░░░░░░ |  12% ] tau node  15 / 130 · ETA 7 s
[ 02:54:54 | ██░░░░░░░░ |  23% ] tau node  30 / 130 · ETA 8 s
[ 02:54:55 | ███░░░░░░░ |  34% ] tau node  44 / 130 · ETA 8 s
[ 02:54:57 | ████░░░░░░ |  45% ] tau node  58 / 130 · ETA 7 s
[ 02:54:58 | ██████░░░░ |  56% ] tau node  73 / 130 · ETA 5 s
[ 02:55:00 | ███████░░░ |  67% ] tau node  87 / 130 · ETA 4 s
[ 02:55:01 | ████████░░ |  78% ] tau node 101 / 130 · ETA 3 s
[ 02:55:03 | █████████░ |  89% ] tau node 116 / 130 · ETA 1 s
[ 02:55:04 | ██████████ | 100% ] tau node 130 / 130 · ETA 0 s
Finished sigma[ω≥E_F cond] at 02:55:04.  Elapsed: 13 s.
  [DBG-PPM] branch 1 ω≥E_F val start rank=1
  [DBG-PPM] branch 1 ω≥E_F val start rank=3
  [DBG-PPM] branch 1 ω≥E_F val start rank=0
  [DBG-PPM] branch 1 ω≥E_F val start rank=2
  [DBG-PPM-WIN] ω≥E_F val pre E_A allgather rank=1
  [DBG-PPM-WIN] ω≥E_F val pre E_A allgather rank=3
  [DBG-PPM-WIN] ω≥E_F val post E_A shape=(8, 408) rank=1
  [DBG-PPM-WIN] ω≥E_F val pre E_A allgather rank=0
  [DBG-PPM-WIN] ω≥E_F val post E_A shape=(8, 408) rank=3
  [DBG-PPM-WIN] ω≥E_F val post base_A shape=(8, 408) rank=1
  [DBG-PPM-WIN] ω≥E_F val post base_A shape=(8, 408) rank=3
  [DBG-PPM-WIN] ω≥E_F val pre E_A allgather rank=2
  [DBG-PPM-WIN] ω≥E_F val post E_A shape=(8, 408) rank=0
  [DBG-PPM-WIN] ω≥E_F val post base_A shape=(8, 408) rank=0
  [DBG-PPM-WIN] ω≥E_F val post E_A shape=(8, 408) rank=2
  [DBG-PPM-WIN] ω≥E_F val post base_A shape=(8, 408) rank=2
  [DBG-PPM-WIN] ω≥E_F val post masked_stats rank=3
  [DBG-PPM-WIN] ω≥E_F val post masked_stats rank=0
  [DBG-PPM-WIN] ω≥E_F val post masked_stats rank=1
  [DBG-PPM-WIN] ω≥E_F val post masked_stats rank=2
    ω≥E_F val window "single" (Laplace): 15 nodes, err<1e-06, E_A=[0.0248, 0.9061] Ry, project=full
  [DBG-PPM] _run_sigma_branch[ω≥E_F val] post-windows nwin=1 rank=0
  [DBG-PPM] _run_sigma_branch[ω≥E_F val] post-windows nwin=1 rank=2
  [DBG-PPM] _run_sigma_branch[ω≥E_F val] tau_kernel ready rank=0
  [DBG-PPM] _run_sigma_branch[ω≥E_F val] post-windows nwin=1 rank=3
  [DBG-PPM] _run_sigma_branch[ω≥E_F val] tau_kernel ready rank=2
  [DBG-PPM] _run_sigma_branch[ω≥E_F val] post-windows nwin=1 rank=1
  [DBG-PPM] _run_sigma_branch[ω≥E_F val] tau_kernel ready rank=3
  [DBG-PPM] _run_sigma_branch[ω≥E_F val] tau_kernel ready rank=1
Started sigma[ω≥E_F val] at 02:55:04.
[ 02:55:04 | █░░░░░░░░░ |   7% ] tau node  1 / 15 · ETA 0 s
[ 02:55:05 | ██░░░░░░░░ |  20% ] tau node  3 / 15 · ETA 1 s
[ 02:55:05 | ███░░░░░░░ |  27% ] tau node  4 / 15 · ETA 1 s
[ 02:55:05 | ████░░░░░░ |  40% ] tau node  6 / 15 · ETA 1 s
[ 02:55:05 | █████░░░░░ |  47% ] tau node  7 / 15 · ETA 1 s
[ 02:55:05 | ██████░░░░ |  60% ] tau node  9 / 15 · ETA 1 s
[ 02:55:05 | ███████░░░ |  67% ] tau node 10 / 15 · ETA 0 s
[ 02:55:06 | ████████░░ |  80% ] tau node 12 / 15 · ETA 0 s
[ 02:55:06 | █████████░ |  87% ] tau node 13 / 15 · ETA 0 s
[ 02:55:06 | ██████████ | 100% ] tau node 15 / 15 · ETA 0 s
Finished sigma[ω≥E_F val] at 02:55:06.  Elapsed: 2 s.
  [DBG-PPM] branch 2 ω<E_F cond start rank=0
  [DBG-PPM-WIN] ω<E_F cond pre E_A allgather rank=0
  [DBG-PPM-WIN] ω<E_F cond post E_A shape=(8, 408) rank=0
  [DBG-PPM-WIN] ω<E_F cond post base_A shape=(8, 408) rank=0
  [DBG-PPM] branch 2 ω<E_F cond start rank=1
  [DBG-PPM-WIN] ω<E_F cond pre E_A allgather rank=1
  [DBG-PPM] branch 2 ω<E_F cond start rank=2
  [DBG-PPM] branch 2 ω<E_F cond start rank=3
  [DBG-PPM-WIN] ω<E_F cond post E_A shape=(8, 408) rank=1
  [DBG-PPM-WIN] ω<E_F cond post base_A shape=(8, 408) rank=1
  [DBG-PPM-WIN] ω<E_F cond pre E_A allgather rank=2
  [DBG-PPM-WIN] ω<E_F cond pre E_A allgather rank=3
  [DBG-PPM-WIN] ω<E_F cond post E_A shape=(8, 408) rank=2
  [DBG-PPM-WIN] ω<E_F cond post E_A shape=(8, 408) rank=3
  [DBG-PPM-WIN] ω<E_F cond post base_A shape=(8, 408) rank=2
  [DBG-PPM-WIN] ω<E_F cond post base_A shape=(8, 408) rank=3
  [DBG-PPM-WIN] ω<E_F cond post masked_stats rank=3
  [DBG-PPM-WIN] ω<E_F cond post masked_stats rank=1
  [DBG-PPM-WIN] ω<E_F cond post masked_stats rank=2
  [DBG-PPM-WIN] ω<E_F cond post masked_stats rank=0
    ω<E_F cond window "single" (Laplace): 15 nodes, err<1e-06, E_A=[0.0248, 12.0861] Ry, project=full
  [DBG-PPM] _run_sigma_branch[ω<E_F cond] post-windows nwin=1 rank=0
  [DBG-PPM] _run_sigma_branch[ω<E_F cond] post-windows nwin=1 rank=2
  [DBG-PPM] _run_sigma_branch[ω<E_F cond] post-windows nwin=1 rank=3
  [DBG-PPM] _run_sigma_branch[ω<E_F cond] tau_kernel ready rank=0
  [DBG-PPM] _run_sigma_branch[ω<E_F cond] tau_kernel ready rank=2
  [DBG-PPM] _run_sigma_branch[ω<E_F cond] tau_kernel ready rank=3
  [DBG-PPM] _run_sigma_branch[ω<E_F cond] post-windows nwin=1 rank=1
  [DBG-PPM] _run_sigma_branch[ω<E_F cond] tau_kernel ready rank=1
Started sigma[ω<E_F cond] at 02:55:06.
[ 02:55:06 | █░░░░░░░░░ |   7% ] tau node  1 / 15 · ETA 0 s
[ 02:55:06 | ██░░░░░░░░ |  20% ] tau node  3 / 15 · ETA 0 s
[ 02:55:06 | ███░░░░░░░ |  27% ] tau node  4 / 15 · ETA 0 s
[ 02:55:07 | ████░░░░░░ |  40% ] tau node  6 / 15 · ETA 1 s
[ 02:55:07 | █████░░░░░ |  47% ] tau node  7 / 15 · ETA 1 s
[ 02:55:07 | ██████░░░░ |  60% ] tau node  9 / 15 · ETA 1 s
[ 02:55:07 | ███████░░░ |  67% ] tau node 10 / 15 · ETA 0 s
[ 02:55:07 | ████████░░ |  80% ] tau node 12 / 15 · ETA 0 s
[ 02:55:07 | █████████░ |  87% ] tau node 13 / 15 · ETA 0 s
[ 02:55:08 | ██████████ | 100% ] tau node 15 / 15 · ETA 0 s
Finished sigma[ω<E_F cond] at 02:55:08.  Elapsed: 1 s.
  [DBG-PPM] branch 3 ω<E_F val start rank=1
  [DBG-PPM] branch 3 ω<E_F val start rank=3
  [DBG-PPM] branch 3 ω<E_F val start rank=2
  [DBG-PPM] branch 3 ω<E_F val start rank=0
  [DBG-PPM-WIN] ω<E_F val pre E_A allgather rank=3
  [DBG-PPM-WIN] ω<E_F val pre E_A allgather rank=1
  [DBG-PPM-WIN] ω<E_F val post E_A shape=(8, 408) rank=3
  [DBG-PPM-WIN] ω<E_F val post E_A shape=(8, 408) rank=1
  [DBG-PPM-WIN] ω<E_F val post base_A shape=(8, 408) rank=3
  [DBG-PPM-WIN] ω<E_F val post base_A shape=(8, 408) rank=1
  [DBG-PPM-WIN] ω<E_F val pre E_A allgather rank=2
  [DBG-PPM-WIN] ω<E_F val post E_A shape=(8, 408) rank=2
  [DBG-PPM-WIN] ω<E_F val post base_A shape=(8, 408) rank=2
  [DBG-PPM-WIN] ω<E_F val pre E_A allgather rank=0
  [DBG-PPM-WIN] ω<E_F val post E_A shape=(8, 408) rank=0
  [DBG-PPM-WIN] ω<E_F val post base_A shape=(8, 408) rank=0
  [DBG-PPM-WIN] ω<E_F val post masked_stats rank=3
  [DBG-PPM-WIN] ω<E_F val post masked_stats rank=1
  [DBG-PPM-WIN] ω<E_F val post masked_stats rank=2
  [DBG-PPM-WIN] ω<E_F val post masked_stats rank=0
    ω<E_F val window "core" (crossing): 103 nodes, err<1e-06, E_A=[0.0248, 0.7346] Ry, project=imag
    ω<E_F val window "a_stripe" (Laplace): 7 nodes, err<1e-06, E_A=[0.9061, 0.9061] Ry, project=full
    ω<E_F val window "b_slab" (Laplace): 15 nodes, err<1e-06, E_A=[0.0248, 0.9061] Ry, project=full
  [DBG-PPM] _run_sigma_branch[ω<E_F val] post-windows nwin=3 rank=0
  [DBG-PPM] _run_sigma_branch[ω<E_F val] tau_kernel ready rank=0
  [DBG-PPM] _run_sigma_branch[ω<E_F val] post-windows nwin=3 rank=3
  [DBG-PPM] _run_sigma_branch[ω<E_F val] tau_kernel ready rank=3
  [DBG-PPM] _run_sigma_branch[ω<E_F val] post-windows nwin=3 rank=2
  [DBG-PPM] _run_sigma_branch[ω<E_F val] tau_kernel ready rank=2
  [DBG-PPM] _run_sigma_branch[ω<E_F val] post-windows nwin=3 rank=1
  [DBG-PPM] _run_sigma_branch[ω<E_F val] tau_kernel ready rank=1
Started sigma[ω<E_F val] at 02:55:08.
[ 02:55:08 | ░░░░░░░░░░ |   1% ] tau node   1 / 125 · ETA 0 s
[ 02:55:09 | █░░░░░░░░░ |  12% ] tau node  15 / 125 · ETA 10 s
[ 02:55:10 | ██░░░░░░░░ |  23% ] tau node  29 / 125 · ETA 9 s
[ 02:55:12 | ███░░░░░░░ |  34% ] tau node  42 / 125 · ETA 8 s
[ 02:55:13 | ████░░░░░░ |  45% ] tau node  56 / 125 · ETA 7 s
[ 02:55:15 | ██████░░░░ |  56% ] tau node  70 / 125 · ETA 6 s
[ 02:55:16 | ███████░░░ |  67% ] tau node  84 / 125 · ETA 4 s
[ 02:55:18 | ████████░░ |  78% ] tau node  97 / 125 · ETA 3 s
[ 02:55:19 | █████████░ |  89% ] tau node 111 / 125 · ETA 1 s
[ 02:55:20 | ██████████ | 100% ] tau node 125 / 125 · ETA 0 s
Finished sigma[ω<E_F val] at 02:55:20.  Elapsed: 13 s.
[pf] ■ sigma_ppm  31.180s
[pf] ■ sigma_ppm  31.084s
[pf] ■ sigma_ppm  31.084s
[pf] ■ sigma_ppm  31.086s

------------------------------------------------------------------------
  HEAD CORRECTION (scalar GN, separate from ISDF body)
------------------------------------------------------------------------
  v(q→0)             =      825.937 a.u.
  W^c(q→0, ω=0)      =     -809.048 a.u.
  W^c(q→0, ω=iωp)    =     -423.563 a.u.  [ωp=2.0000 Ry]
  Ω_h²               =     4.395130 Ry²
  Ω_h                =     2.096457 Ry  (28.523756 eV)
  B_h                =  3555.870350 Ry² · a.u.
  R_h                =   848.066759 Ry · a.u.
  R_h / (Ω_h · vol)  = 1.497642e+00 (Ry)
  Σ_c head shift: max|Σ^head_diag| = 3.8519 eV (on-shell occ band → -2.5471 eV)
  E_F(midgap) = 6.631477 eV  (VBM=6.294144, CBM=6.968809)
/pscratch/sd/j/jackm/lorrax_sandbox/sources/lorrax_D/src/file_io/_slab_io_ffi.py:239: UserWarning: FFI backend: chunks/attrs on create_dataset currently no-op; pre-create with h5py if you need explicit chunking or attrs.
  warnings.warn(
/pscratch/sd/j/jackm/lorrax_sandbox/sources/lorrax_D/src/file_io/_slab_io_ffi.py:239: UserWarning: FFI backend: chunks/attrs on create_dataset currently no-op; pre-create with h5py if you need explicit chunking or attrs.
  warnings.warn(
/pscratch/sd/j/jackm/lorrax_sandbox/sources/lorrax_D/src/file_io/_slab_io_ffi.py:239: UserWarning: FFI backend: chunks/attrs on create_dataset currently no-op; pre-create with h5py if you need explicit chunking or attrs.
  warnings.warn(
/pscratch/sd/j/jackm/lorrax_sandbox/sources/lorrax_D/src/file_io/_slab_io_ffi.py:239: UserWarning: FFI backend: chunks/attrs on create_dataset currently no-op; pre-create with h5py if you need explicit chunking or attrs.
  warnings.warn(
  [SlabIO.close] draining 3 pending writes for sigma_mnk_w10.h5 …
  [SlabIO.close] Python dispatch drained in 0.0 s; joining writer thread
  [SlabIO.close] writer thread joined in 0.0 s; calling H5Fclose collectively
  [SlabIO.close] H5Fclose returned in 0.0 s
  Diagonal SC: 126/128 states in grid, 120 iterations
  QSGW: 14 clipped (10.9%)
  G0W0 diag (E_DFT):     /pscratch/sd/j/jackm/lorrax_sandbox/runs/Si_pseudobands/00_si_2x2x2_60Ry/D_lorrax_para_408_gnppm/eqp_g0w0.dat

  Sigma diag:   /pscratch/sd/j/jackm/lorrax_sandbox/runs/Si_pseudobands/00_si_2x2x2_60Ry/D_lorrax_para_408_gnppm/sigma_diag.dat
  BGW eqp0:     /pscratch/sd/j/jackm/lorrax_sandbox/runs/Si_pseudobands/00_si_2x2x2_60Ry/D_lorrax_para_408_gnppm/eqp0_w10.dat
  BGW eqp1:     /pscratch/sd/j/jackm/lorrax_sandbox/runs/Si_pseudobands/00_si_2x2x2_60Ry/D_lorrax_para_408_gnppm/eqp1_w10.dat
  Sigma(ω):     /pscratch/sd/j/jackm/lorrax_sandbox/runs/Si_pseudobands/00_si_2x2x2_60Ry/D_lorrax_para_408_gnppm/sigma_mnk_w10.h5
  Restart:      /pscratch/sd/j/jackm/lorrax_sandbox/runs/Si_pseudobands/00_si_2x2x2_60Ry/D_lorrax_para_408_gnppm/tmp/isdf_tensors_3264.h5

--- Timing ---
Total recorded: 70.625 s
Section                                            Count    Total[s]     Self[s]      %
gw_jax.load_centroid_wfns                              1       1.301       1.137    1.8
  load_wfns.precompute_owned                           1       0.000       0.000    0.0
  load_wfns.k_loop                                     1       0.055       0.055    0.1
  load_wfns.scatter                                    1       0.107       0.107    0.2
  load_wfns.make_global_array                          1       0.001       0.001    0.0
gw_jax.zeta_fit_chunked                                1      23.309       1.231   33.0
  zeta_fit.slice_halves                                1       0.374       0.374    0.5
  zeta_fit.CCT                                         1       0.220       0.220    0.3
  zeta_fit.cholesky                                    1       1.483       1.483    2.1
  zeta_fit.gc_pre_chunk_loop                           1       0.081       0.081    0.1
  zeta_fit.open_file                                   1       0.067       0.067    0.1
  zeta_fit.chunk_loop                                  1       2.527       0.000    3.6
    zeta_fit.chunk.fit_one_rchunk                      1       2.492       2.492    3.5
    zeta_fit.chunk.h5_write                            1       0.034       0.034    0.0
  zeta_fit.close_io                                    1      17.245      17.245   24.4
  zeta_fit.sync_global                                 1       0.082       0.082    0.1
gw_jax.V_q_compute                                     1       7.277       1.142   10.3
  compute_all_V_q_sharded                              1       6.136       6.136    8.7
gw_jax.wavefunction_setup                              1       0.238       0.238    0.3
gw_jax.chi0_W                                          1       1.906       0.030    2.7
  chi.compile                                          1       0.568       0.568    0.8
  chi.exec                                             1       0.653       0.653    0.9
  W.compile                                            1       0.071       0.071    0.1
  W.exec                                               1       0.584       0.584    0.8
gw_jax.sigma                                           1       2.032       2.032    2.9
gw_jax.ppm_sigma                                       1      34.561       2.757   48.9
  sigma.compile                                        1       0.619       0.619    0.9
  sigma.exec                                           1      31.186      31.186   44.2
