NSCF: Davidson (60 bands) + pseudobands (k=2, M=1500, 100 windows)
  kgrid=(2, 2, 2), fft=(36, 36, 36), nspinor=2
  GPUs: 16  (processes: 16)
  Core density integral: 1.4485 e (from NLCC, 2 atoms)
  Core density integral: 1.4485 e (from NLCC, 2 atoms)
  Core density integral: 1.4485 e (from NLCC, 2 atoms)
  Core density integral: 1.4485 e (from NLCC, 2 atoms)
  Core density integral: 1.4485 e (from NLCC, 2 atoms)
  Core density integral: 1.4485 e (from NLCC, 2 atoms)
  Core density integral: 1.4485 e (from NLCC, 2 atoms)
  Core density integral: 1.4485 e (from NLCC, 2 atoms)
  Core density integral: 1.4485 e (from NLCC, 2 atoms)
  Core density integral: 1.4485 e (from NLCC, 2 atoms)
  Core density integral: 1.4485 e (from NLCC, 2 atoms)
  Core density integral: 1.4485 e (from NLCC, 2 atoms)
  Core density integral: 1.4485 e (from NLCC, 2 atoms)
  Core density integral: 1.4485 e (from NLCC, 2 atoms)
  Core density integral: 1.4485 e (from NLCC, 2 atoms)
  Core density integral: 1.4485 e (from NLCC, 2 atoms)
  Potentials: 8.31s
  nk=8 (full), ngkmax=2120

── Davidson ──
  JIT warmup: 6.64s
  [rank 0] k=  0/8: 1.315s  evals[0]=-0.418717 Ry
  Davidson: 3.72s (0.466s/k, 16 ranks) → /pscratch/sd/j/jackm/lorrax_sandbox/runs/Si_pseudobands/00_si_2x2x2_60Ry/pb_sweep/v1_100win_s1/WFN.h5

── Pseudobands v1 (k=2, M_max=1500, 100 windows) ──
Pseudobands: computing KPM DOS...
  Estimating spectrum bounds via Lanczos...
  Spectrum: [-1.5853, 60.7174] (center=29.5661, half_width=31.1514)
  Computing 500 Chebyshev moments with 10 random vectors...
  Random vector 1/10...
  Random vector 2/10...
  Random vector 3/10...
  Random vector 4/10...
  Random vector 5/10...
  Random vector 6/10...
  Random vector 7/10...
  Random vector 8/10...
  Random vector 9/10...
  Random vector 10/10...
  DOS integral: 1.0 states (dim=4240)
  CJ resolution: π·B/M = 0.1305 Ry
  Crossover energy: ε_cross = 1.3049 (E_F + ε_cross = 1.3049)
  Det bands: 28 protected (E < 1.3049), 32 available for stochastic
  99 spectral windows from 1.3049 to 60.7174
  Window widths: min=0.0594, max=1.9218, first 3: [0.0594, 0.1782, 0.1776]
  Window classification: 6 stochastic, 93 CJ-Ritz
  Running 1500 Chebyshev iterations (block size 2)...
  Filtered blocks: (99, 2, 4240)
    window 1/99 [CJ-0 ]: [1.30,1.36] n_eff=1.3, w=0.000, θ=[0.3843, 0.4749]
    window 2/99 [CJ-0 ]: [1.36,1.54] n_eff=1.1, w=0.000, θ=[3.1589, 3.2564]
    window 3/99 [stoch]: [1.54,1.72] n_eff=0.7, w=1.000, θ=[1.5942, 1.5942]
    window 4/99 [CJ-0 ]: [1.72,2.02] n_eff=0.4, w=0.000, θ=[0.4177, 0.5144]
    window 5/99 [stoch]: [2.02,2.19] n_eff=5.2, w=1.732, θ=[2.1526, 2.1526]
    window 10/99 [stoch]: [2.89,3.06] n_eff=2.8, w=1.732, θ=[2.9983, 2.9983]
    window 20/99 [CJ   ]: [4.72,5.11] n_eff=1.8, w=0.941, θ=[4.6538, 4.7219]
    window 30/99 [CJ   ]: [7.67,8.04] n_eff=8.3, w=2.042, θ=[7.7892, 7.8098]
    window 40/99 [CJ   ]: [11.37,11.92] n_eff=10.3, w=2.268, θ=[11.5536, 11.5888]
    window 50/99 [CJ   ]: [15.73,16.14] n_eff=30.2, w=3.885, θ=[16.0212, 16.0399]
    window 60/99 [CJ   ]: [21.26,21.69] n_eff=64.8, w=5.690, θ=[21.5160, 21.5375]
    window 70/99 [CJ   ]: [28.29,29.36] n_eff=23.3, w=3.410, θ=[28.8818, 29.2913]
    window 80/99 [CJ   ]: [37.11,38.18] n_eff=57.0, w=5.338, θ=[37.4518, 37.7341]
Traceback (most recent call last):
  File "<frozen runpy>", line 198, in _run_module_as_main
  File "<frozen runpy>", line 88, in _run_code
  File "/pscratch/sd/j/jackm/lorrax_sandbox/sources/lorrax/src/psp/run_nscf.py", line 579, in <module>
    main()
  File "/pscratch/sd/j/jackm/lorrax_sandbox/sources/lorrax/src/psp/run_nscf.py", line 568, in main
    run_nscf(crystal, pseudos, kgrid=kgrid, nbnd=nbnd,
  File "/pscratch/sd/j/jackm/lorrax_sandbox/sources/lorrax/src/psp/run_nscf.py", line 441, in run_nscf
Traceback (most recent call last):
  File "<frozen runpy>", line 198, in _run_module_as_main
  File "<frozen runpy>", line 88, in _run_code
  File "/pscratch/sd/j/jackm/lorrax_sandbox/sources/lorrax/src/psp/run_nscf.py", line 579, in <module>
    pb_writer = WFNWriter(pb_output, crystal, kpoints, weights, kgrid, n_total,
                ^^^^^^^^^^^^^^^^^^^^^^^^^^^^^^^^^^^^^^^^^^^^^^^^^^^^^^^^^^^^^^^
  File "/pscratch/sd/j/jackm/lorrax_sandbox/sources/lorrax/src/file_io/wfn_writer.py", line 103, in __init__
    self._f = h5py.File(path, "w")
              ^^^^^^^^^^^^^^^^^^^^
  File "/global/homes/j/jackm/scratchperl/.isdf/isdf_venvs/isdf_site/h5py/_hl/files.py", line 566, in __init__
    fid = make_fid(name, mode, userblock_size, fapl, fcpl, swmr=swmr)
          ^^^^^^^^^^^^^^^^^^^^^^^^^^^^^^^^^^^^^^^^^^^^^^^^^^^^^^^^^^^
  File "/global/homes/j/jackm/scratchperl/.isdf/isdf_venvs/isdf_site/h5py/_hl/files.py", line 247, in make_fid
    fid = h5f.create(name, h5f.ACC_TRUNC, fapl=fapl, fcpl=fcpl)
          ^^^^^^^^^^^^^^^^^^^^^^^^^^^^^^^^^^^^^^^^^^^^^^^^^^^^^
  File "h5py/_objects.pyx", line 54, in h5py._objects.with_phil.wrapper
  File "h5py/_objects.pyx", line 55, in h5py._objects.with_phil.wrapper
  File "h5py/h5f.pyx", line 124, in h5py.h5f.create
OSError: Unable to synchronously create file (file signature not found)
Traceback (most recent call last):
  File "<frozen runpy>", line 198, in _run_module_as_main
  File "<frozen runpy>", line 88, in _run_code
  File "/pscratch/sd/j/jackm/lorrax_sandbox/sources/lorrax/src/psp/run_nscf.py", line 579, in <module>
    main()
  File "/pscratch/sd/j/jackm/lorrax_sandbox/sources/lorrax/src/psp/run_nscf.py", line 568, in main
    main()
  File "/pscratch/sd/j/jackm/lorrax_sandbox/sources/lorrax/src/psp/run_nscf.py", line 568, in main
    run_nscf(crystal, pseudos, kgrid=kgrid, nbnd=nbnd,
  File "/pscratch/sd/j/jackm/lorrax_sandbox/sources/lorrax/src/psp/run_nscf.py", line 441, in run_nscf
    run_nscf(crystal, pseudos, kgrid=kgrid, nbnd=nbnd,
  File "/pscratch/sd/j/jackm/lorrax_sandbox/sources/lorrax/src/psp/run_nscf.py", line 441, in run_nscf
    pb_writer = WFNWriter(pb_output, crystal, kpoints, weights, kgrid, n_total,
                ^^^^^^^^^^^^^^^^^^^^^^^^^^^^^^^^^^^^^^^^^^^^^^^^^^^^^^^^^^^^^^^
  File "/pscratch/sd/j/jackm/lorrax_sandbox/sources/lorrax/src/file_io/wfn_writer.py", line 103, in __init__
    pb_writer = WFNWriter(pb_output, crystal, kpoints, weights, kgrid, n_total,
                ^^^^^^^^^^^^^^^^^^^^^^^^^^^^^^^^^^^^^^^^^^^^^^^^^^^^^^^^^^^^^^^
  File "/pscratch/sd/j/jackm/lorrax_sandbox/sources/lorrax/src/file_io/wfn_writer.py", line 103, in __init__
    window 90/99 [CJ   ]: [48.14,48.91] n_eff=218.8, w=10.459, θ=[48.5204, 48.5502]
    self._f = h5py.File(path, "w")
              ^^^^^^^^^^^^^^^^^^^^
  File "/global/homes/j/jackm/scratchperl/.isdf/isdf_venvs/isdf_site/h5py/_hl/files.py", line 566, in __init__
    self._f = h5py.File(path, "w")
              ^^^^^^^^^^^^^^^^^^^^
  File "/global/homes/j/jackm/scratchperl/.isdf/isdf_venvs/isdf_site/h5py/_hl/files.py", line 566, in __init__
    fid = make_fid(name, mode, userblock_size, fapl, fcpl, swmr=swmr)
    fid = make_fid(name, mode, userblock_size, fapl, fcpl, swmr=swmr)
          ^^^^^^^^^^^^^^^^^^^^^^^^^^^^^^^^^^^^^^^^^^^^^^^^^^^^^^^^^^^
  File "/global/homes/j/jackm/scratchperl/.isdf/isdf_venvs/isdf_site/h5py/_hl/files.py", line 247, in make_fid
          ^^^^^^^^^^^^^^^^^^^^^^^^^^^^^^^^^^^^^^^^^^^^^^^^^^^^^^^^^^^
  File "/global/homes/j/jackm/scratchperl/.isdf/isdf_venvs/isdf_site/h5py/_hl/files.py", line 247, in make_fid
    fid = h5f.create(name, h5f.ACC_TRUNC, fapl=fapl, fcpl=fcpl)
    fid = h5f.create(name, h5f.ACC_TRUNC, fapl=fapl, fcpl=fcpl)
          ^^^^^^^^^^^^^^^^^^^^^^^^^^^^^^^^^^^^^^^^^^^^^^^^^^^^^
  File "h5py/_objects.pyx", line 54, in h5py._objects.with_phil.wrapper
          ^^^^^^^^^^^^^^^^^^^^^^^^^^^^^^^^^^^^^^^^^^^^^^^^^^^^^
  File "h5py/_objects.pyx", line 54, in h5py._objects.with_phil.wrapper
  File "h5py/_objects.pyx", line 55, in h5py._objects.with_phil.wrapper
  File "h5py/_objects.pyx", line 55, in h5py._objects.with_phil.wrapper
  File "h5py/h5f.pyx", line 124, in h5py.h5f.create
  File "h5py/h5f.pyx", line 124, in h5py.h5f.create
OSError: Unable to synchronously create file (file signature not found)
OSError: Unable to synchronously create file (file signature not found)
Traceback (most recent call last):
  File "<frozen runpy>", line 198, in _run_module_as_main
  File "<frozen runpy>", line 88, in _run_code
  File "/pscratch/sd/j/jackm/lorrax_sandbox/sources/lorrax/src/psp/run_nscf.py", line 579, in <module>
    main()
  File "/pscratch/sd/j/jackm/lorrax_sandbox/sources/lorrax/src/psp/run_nscf.py", line 568, in main
    run_nscf(crystal, pseudos, kgrid=kgrid, nbnd=nbnd,
  File "/pscratch/sd/j/jackm/lorrax_sandbox/sources/lorrax/src/psp/run_nscf.py", line 441, in run_nscf
    pb_writer = WFNWriter(pb_output, crystal, kpoints, weights, kgrid, n_total,
                ^^^^^^^^^^^^^^^^^^^^^^^^^^^^^^^^^^^^^^^^^^^^^^^^^^^^^^^^^^^^^^^
  File "/pscratch/sd/j/jackm/lorrax_sandbox/sources/lorrax/src/file_io/wfn_writer.py", line 103, in __init__
    self._f = h5py.File(path, "w")
              ^^^^^^^^^^^^^^^^^^^^
  File "/global/homes/j/jackm/scratchperl/.isdf/isdf_venvs/isdf_site/h5py/_hl/files.py", line 566, in __init__
    fid = make_fid(name, mode, userblock_size, fapl, fcpl, swmr=swmr)
          ^^^^^^^^^^^^^^^^^^^^^^^^^^^^^^^^^^^^^^^^^^^^^^^^^^^^^^^^^^^
  File "/global/homes/j/jackm/scratchperl/.isdf/isdf_venvs/isdf_site/h5py/_hl/files.py", line 247, in make_fid
    fid = h5f.create(name, h5f.ACC_TRUNC, fapl=fapl, fcpl=fcpl)
          ^^^^^^^^^^^^^^^^^^^^^^^^^^^^^^^^^^^^^^^^^^^^^^^^^^^^^
  File "h5py/_objects.pyx", line 54, in h5py._objects.with_phil.wrapper
  File "h5py/_objects.pyx", line 55, in h5py._objects.with_phil.wrapper
  File "h5py/h5f.pyx", line 124, in h5py.h5f.create
OSError: Unable to synchronously create file (bad object header version number)
    window 99/99 [CJ   ]: [58.80,60.72] n_eff=47.9, w=4.892, θ=[59.5169, 59.5202]
Traceback (most recent call last):
  File "<frozen runpy>", line 198, in _run_module_as_main
  File "<frozen runpy>", line 88, in _run_code
  File "/pscratch/sd/j/jackm/lorrax_sandbox/sources/lorrax/src/psp/run_nscf.py", line 579, in <module>
    main()
  File "/pscratch/sd/j/jackm/lorrax_sandbox/sources/lorrax/src/psp/run_nscf.py", line 568, in main
  Total: 28 protected + 198 pseudo (12 stochastic + 186 CJ) = 226 bands (Σ n_eff = 4148.2)
  Total bands per k: 28 prot + 198 pseudo = 226
    run_nscf(crystal, pseudos, kgrid=kgrid, nbnd=nbnd,
  File "/pscratch/sd/j/jackm/lorrax_sandbox/sources/lorrax/src/psp/run_nscf.py", line 441, in run_nscf
Traceback (most recent call last):
  File "<frozen runpy>", line 198, in _run_module_as_main
  File "<frozen runpy>", line 88, in _run_code
  File "/pscratch/sd/j/jackm/lorrax_sandbox/sources/lorrax/src/psp/run_nscf.py", line 579, in <module>
    pb_writer = WFNWriter(pb_output, crystal, kpoints, weights, kgrid, n_total,
                ^^^^^^^^^^^^^^^^^^^^^^^^^^^^^^^^^^^^^^^^^^^^^^^^^^^^^^^^^^^^^^^
  File "/pscratch/sd/j/jackm/lorrax_sandbox/sources/lorrax/src/file_io/wfn_writer.py", line 103, in __init__
    self._f = h5py.File(path, "w")
              ^^^^^^^^^^^^^^^^^^^^
  File "/global/homes/j/jackm/scratchperl/.isdf/isdf_venvs/isdf_site/h5py/_hl/files.py", line 566, in __init__
    fid = make_fid(name, mode, userblock_size, fapl, fcpl, swmr=swmr)
          ^^^^^^^^^^^^^^^^^^^^^^^^^^^^^^^^^^^^^^^^^^^^^^^^^^^^^^^^^^^
  File "/global/homes/j/jackm/scratchperl/.isdf/isdf_venvs/isdf_site/h5py/_hl/files.py", line 247, in make_fid
    fid = h5f.create(name, h5f.ACC_TRUNC, fapl=fapl, fcpl=fcpl)
          ^^^^^^^^^^^^^^^^^^^^^^^^^^^^^^^^^^^^^^^^^^^^^^^^^^^^^
  File "h5py/_objects.pyx", line 54, in h5py._objects.with_phil.wrapper
  File "h5py/_objects.pyx", line 55, in h5py._objects.with_phil.wrapper
  File "h5py/h5f.pyx", line 124, in h5py.h5f.create
OSError: Unable to synchronously create file (file signature not found)
    main()
  File "/pscratch/sd/j/jackm/lorrax_sandbox/sources/lorrax/src/psp/run_nscf.py", line 568, in main
    run_nscf(crystal, pseudos, kgrid=kgrid, nbnd=nbnd,
  File "/pscratch/sd/j/jackm/lorrax_sandbox/sources/lorrax/src/psp/run_nscf.py", line 441, in run_nscf
    pb_writer = WFNWriter(pb_output, crystal, kpoints, weights, kgrid, n_total,
                ^^^^^^^^^^^^^^^^^^^^^^^^^^^^^^^^^^^^^^^^^^^^^^^^^^^^^^^^^^^^^^^
  File "/pscratch/sd/j/jackm/lorrax_sandbox/sources/lorrax/src/file_io/wfn_writer.py", line 103, in __init__
    self._f = h5py.File(path, "w")
              ^^^^^^^^^^^^^^^^^^^^
  File "/global/homes/j/jackm/scratchperl/.isdf/isdf_venvs/isdf_site/h5py/_hl/files.py", line 566, in __init__
    fid = make_fid(name, mode, userblock_size, fapl, fcpl, swmr=swmr)
          ^^^^^^^^^^^^^^^^^^^^^^^^^^^^^^^^^^^^^^^^^^^^^^^^^^^^^^^^^^^
  File "/global/homes/j/jackm/scratchperl/.isdf/isdf_venvs/isdf_site/h5py/_hl/files.py", line 247, in make_fid
    fid = h5f.create(name, h5f.ACC_TRUNC, fapl=fapl, fcpl=fcpl)
          ^^^^^^^^^^^^^^^^^^^^^^^^^^^^^^^^^^^^^^^^^^^^^^^^^^^^^
  File "h5py/_objects.pyx", line 54, in h5py._objects.with_phil.wrapper
  File "h5py/_objects.pyx", line 55, in h5py._objects.with_phil.wrapper
  File "h5py/h5f.pyx", line 124, in h5py.h5f.create
OSError: Unable to synchronously create file (bad object header version number)
Traceback (most recent call last):
  File "<frozen runpy>", line 198, in _run_module_as_main
  File "<frozen runpy>", line 88, in _run_code
  File "/pscratch/sd/j/jackm/lorrax_sandbox/sources/lorrax/src/psp/run_nscf.py", line 579, in <module>
    main()
  File "/pscratch/sd/j/jackm/lorrax_sandbox/sources/lorrax/src/psp/run_nscf.py", line 568, in main
    run_nscf(crystal, pseudos, kgrid=kgrid, nbnd=nbnd,
  File "/pscratch/sd/j/jackm/lorrax_sandbox/sources/lorrax/src/psp/run_nscf.py", line 441, in run_nscf
    pb_writer = WFNWriter(pb_output, crystal, kpoints, weights, kgrid, n_total,
                ^^^^^^^^^^^^^^^^^^^^^^^^^^^^^^^^^^^^^^^^^^^^^^^^^^^^^^^^^^^^^^^
  File "/pscratch/sd/j/jackm/lorrax_sandbox/sources/lorrax/src/file_io/wfn_writer.py", line 103, in __init__
    self._f = h5py.File(path, "w")
              ^^^^^^^^^^^^^^^^^^^^
  File "/global/homes/j/jackm/scratchperl/.isdf/isdf_venvs/isdf_site/h5py/_hl/files.py", line 566, in __init__
    fid = make_fid(name, mode, userblock_size, fapl, fcpl, swmr=swmr)
          ^^^^^^^^^^^^^^^^^^^^^^^^^^^^^^^^^^^^^^^^^^^^^^^^^^^^^^^^^^^
  File "/global/homes/j/jackm/scratchperl/.isdf/isdf_venvs/isdf_site/h5py/_hl/files.py", line 247, in make_fid
    fid = h5f.create(name, h5f.ACC_TRUNC, fapl=fapl, fcpl=fcpl)
          ^^^^^^^^^^^^^^^^^^^^^^^^^^^^^^^^^^^^^^^^^^^^^^^^^^^^^
  File "h5py/_objects.pyx", line 54, in h5py._objects.with_phil.wrapper
  File "h5py/_objects.pyx", line 55, in h5py._objects.with_phil.wrapper
  File "h5py/h5f.pyx", line 124, in h5py.h5f.create
OSError: Unable to synchronously create file (file signature not found)
Traceback (most recent call last):
  File "<frozen runpy>", line 198, in _run_module_as_main
  File "<frozen runpy>", line 88, in _run_code
  File "/pscratch/sd/j/jackm/lorrax_sandbox/sources/lorrax/src/psp/run_nscf.py", line 579, in <module>
    main()
  File "/pscratch/sd/j/jackm/lorrax_sandbox/sources/lorrax/src/psp/run_nscf.py", line 568, in main
    run_nscf(crystal, pseudos, kgrid=kgrid, nbnd=nbnd,
  File "/pscratch/sd/j/jackm/lorrax_sandbox/sources/lorrax/src/psp/run_nscf.py", line 441, in run_nscf
    pb_writer = WFNWriter(pb_output, crystal, kpoints, weights, kgrid, n_total,
                ^^^^^^^^^^^^^^^^^^^^^^^^^^^^^^^^^^^^^^^^^^^^^^^^^^^^^^^^^^^^^^^
  File "/pscratch/sd/j/jackm/lorrax_sandbox/sources/lorrax/src/file_io/wfn_writer.py", line 103, in __init__
    self._f = h5py.File(path, "w")
              ^^^^^^^^^^^^^^^^^^^^
  File "/global/homes/j/jackm/scratchperl/.isdf/isdf_venvs/isdf_site/h5py/_hl/files.py", line 566, in __init__
    fid = make_fid(name, mode, userblock_size, fapl, fcpl, swmr=swmr)
          ^^^^^^^^^^^^^^^^^^^^^^^^^^^^^^^^^^^^^^^^^^^^^^^^^^^^^^^^^^^
  File "/global/homes/j/jackm/scratchperl/.isdf/isdf_venvs/isdf_site/h5py/_hl/files.py", line 247, in make_fid
    fid = h5f.create(name, h5f.ACC_TRUNC, fapl=fapl, fcpl=fcpl)
          ^^^^^^^^^^^^^^^^^^^^^^^^^^^^^^^^^^^^^^^^^^^^^^^^^^^^^
  File "h5py/_objects.pyx", line 54, in h5py._objects.with_phil.wrapper
  File "h5py/_objects.pyx", line 55, in h5py._objects.with_phil.wrapper
  File "h5py/h5f.pyx", line 124, in h5py.h5f.create
OSError: Unable to synchronously create file (file signature not found)
  k=  1/8: 4.0s
  k=  2/8: 1.4s
  k=  7/8: 4.5s
  Pseudobands: 41.7s → /pscratch/sd/j/jackm/lorrax_sandbox/runs/Si_pseudobands/00_si_2x2x2_60Ry/pb_sweep/v1_100win_s1/WFN_pseudobands.h5

Total NSCF: 62.9s
srun: error: nid001040: task 7: Exited with exit code 1
srun: Terminating StepId=51682523.4
srun: error: nid001037: task 3: Exited with exit code 1
srun: error: nid001041: task 10: Exited with exit code 1
[2026-04-17T09:00:45.949] error: *** STEP 51682523.4 ON nid001037 CANCELLED AT 2026-04-17T09:00:45 DUE TO TASK FAILURE ***
srun: error: nid001044: tasks 14-15: Exited with exit code 1
srun: error: nid001037: task 1: Exited with exit code 1
srun: error: nid001040: tasks 5-6: Exited with exit code 1
