JAX: 1 gpu devices
== Chunked kin_ion_io ==
Loading WFN: WFN.h5
Bands: 68, FFT grid: (36, 36, 36), k-points: 8
sys_dim: 3
Devices: 1
Pseudopotentials: ['Si']
Coulomb truncation: 3D bulk
Building V_loc...
Building unified V_NL setup...

Processing 8 k-points...
  k=1/8...

Writing to /pscratch/sd/j/jackm/lorrax_sandbox/runs/Si_pseudobands/00_si_2x2x2_60Ry/cohsex_valcond_2026-04-18/lorrax/parabands_ncond60_Nmu1200/kin_ion.h5...
Wrote kin_ion.h5: shape (8, 68, 68), sys_dim=3
--- Timing (seconds) ---
Total recorded: 7.403 s
Section                                            Count    Total[s]     Self[s]      %
load_wfn                                               1       0.277       0.277    3.7
build_V_loc                                            1       0.752       0.752   10.2
k0                                                     1       2.557       2.557   34.5
k1                                                     1       1.747       1.747   23.6
k2                                                     1       0.059       0.059    0.8
k3                                                     1       1.758       1.758   23.7
k4                                                     1       0.055       0.055    0.7
k5                                                     1       0.080       0.080    1.1
k6                                                     1       0.057       0.057    0.8
k7                                                     1       0.055       0.055    0.7
write_h5                                               1       0.004       0.004    0.1
