NSCF: Davidson (60 bands) + pseudobands (k=6, M=1500, 42 windows)
  kgrid=(2, 2, 2), fft=(36, 36, 36), nspinor=2
  GPUs: 4  (processes: 4)
  Core density integral: 1.4485 e (from NLCC, 2 atoms)
  Core density integral: 1.4485 e (from NLCC, 2 atoms)
  Core density integral: 1.4485 e (from NLCC, 2 atoms)
  Core density integral: 1.4485 e (from NLCC, 2 atoms)
  Potentials: 13.10s
  nk=8 (full), ngkmax=2120

── Davidson ──
  JIT warmup: 9.93s
  [rank 0] k=  0/8: 1.672s  evals[0]=-0.418717 Ry
  Davidson: 6.73s (0.841s/k, 4 ranks) → /pscratch/sd/j/jackm/lorrax_sandbox/runs/Si_pseudobands/00_si_2x2x2_60Ry/pb_sweep4/v1_k6_42w_s0/WFN.h5

── Pseudobands v1 (k=6, M_max=1500, 42 windows) ──
Pseudobands: computing KPM DOS...
  Estimating spectrum bounds via Lanczos...
  Spectrum: [-1.6045, 60.7177] (center=29.5566, half_width=31.1611)
  Computing 500 Chebyshev moments with 10 random vectors...
  Random vector 1/10...
  Random vector 2/10...
  Random vector 3/10...
  Random vector 4/10...
  Random vector 5/10...
  Random vector 6/10...
  Random vector 7/10...
  Random vector 8/10...
  Random vector 9/10...
  Random vector 10/10...
  DOS integral: 1.0 states (dim=4240)
  CJ resolution: π·B/M = 0.1305 Ry
  Crossover energy: ε_cross = 1.3053 (E_F + ε_cross = 1.3053)
  Det bands: 28 protected (E < 1.3053), 32 available for stochastic
  42 spectral windows from 1.3053 to 60.7177
  Window widths: min=0.1784, max=3.6425, first 3: [0.1784, 0.2964, 0.4129]
  Window classification: 5 stochastic, 37 CJ-Ritz
  Running 1500 Chebyshev iterations (block size 6)...
  Filtered blocks: (42, 6, 4240)
    window 1/42 [CJ-0 ]: [1.31,1.48] n_eff=2.6, w=0.000, θ=[1.3945, 1.3945]
    window 2/42 [stoch]: [1.48,1.78] n_eff=2.4, w=0.577, θ=[1.5942, 1.5942]
    window 3/42 [stoch]: [1.78,2.19] n_eff=6.1, w=1.000, θ=[2.1526, 2.1526]
    window 4/42 [stoch]: [2.19,2.49] n_eff=11.3, w=1.291, θ=[2.3040, 2.3040]
    window 5/42 [stoch]: [2.49,2.89] n_eff=5.6, w=1.000, θ=[2.6190, 2.6190]
    window 10/42 [CJ-0 ]: [4.38,5.00] n_eff=6.4, w=0.000, θ=[4.6941, 4.6941]
    window 20/42 [CJ   ]: [11.90,12.83] n_eff=76.3, w=3.566, θ=[12.4248, 12.5800]
    window 30/42 [CJ   ]: [26.00,27.77] n_eff=154.6, w=5.076, θ=[26.9744, 27.2083]
    window 40/42 [CJ   ]: [50.88,54.30] n_eff=300.3, w=7.075, θ=[51.9984, 52.1945]
    window 42/42 [CJ   ]: [57.65,60.72] n_eff=165.9, w=5.259, θ=[58.1138, 58.5422]
  Total: 28 protected + 252 pseudo (30 stochastic + 222 CJ) = 280 bands (Σ n_eff = 4176.9)
  Total bands per k: 28 prot + 252 pseudo = 280
  k=  1/8: 2.0s
  k=  2/8: 1.6s
  k=  7/8: 1.1s
  Pseudobands: 28.1s → /pscratch/sd/j/jackm/lorrax_sandbox/runs/Si_pseudobands/00_si_2x2x2_60Ry/pb_sweep4/v1_k6_42w_s0/WFN_pseudobands.h5

Total NSCF: 60.7s
