
 BerkeleyGW version 4.0
 Epsilon code, Complex version, run on 05-May-2026 at 22:44:08 -0700

                                                                 ..o.          
                                                                .oxxo.         
                                                               .oxxxxo...      
                                                               oxxxxxxo.       
                                                              .oxxxxxxx.       
                                                              .ooooooxxo..     
                                                              .oooooooxo..     
                                                              .oooooxxo...     
                                                       .........oxooo......    
                                                 ............................  
                                             ................................. 
                                          .................................... 
           .          ..oo. ....  .................................oooxxxxxxxo.
     .............oxxxx@ox@@@x@x.....................o...........ooooooooooxx. 
    .o.........oox@x.oo........xxx@@............ooxxxxo..........ooooxxxxxoxo  
    .x........x@xxo...............o@xxo........oxxx@@@xoooooooooooooooxxxo...  
    .o......ox@@o..................oox@o.....ooxxx@xoooxxxxxxxoooooooooooo.... 
    o..ooooo@@xoooo....ooo...........x@o.....ooxxxxo   .oxxxxxxxxxxooooooo.... 
    . .oooo@@@@@@@@@@@@@@@@@@@@@@@@@@@@@@....ooooox.     .oxx@@@@@xxoo........ 
      .ooooxxxxxxxooooooxooooooooooooooxo...oooooxx.        ..ox@xxxoo.........
      .ooooooxxxx@xoooooooooooooxxoooooooooooxxxxx.            .oxxooooooooxxo.
     .oooooxxxxx@@@xxxxxxxxxxxxxxxxxxxxxxxxoxxxxo.                .oxxxxxxxxo. 
   ....oooxxxxx@@@xo..oxxx@@@@@@xxxxoxxoooooooxx.                  .oxxxoo..   
  .....ooxxxx@@xo.       ........    .ooooooooxxo                              
  ..oooxxxx@@@o                       .oooooooxoo.                             
  ....oxooxxxxx.                       .ooo..oooo.                             
  .....o.ooxxxxxo.                     .oooooooxo.                             
 ......ooooxxxxxxo.                     .ooooooxoo..                           
........ooxxxxxxxo..                     .o....oxoo...                         
.......ooooxxxxxxxo.                     ........oooo.                         
.ooooooo..ooxxxxoooo.                    .........ooo...                       
..oxo...ooooxxxoooo..                    .ooo......oooo...                     
  .ooooo....o.                            .oxxxoo....ooo....                   
    .oooooo...                              ...ooooo...ooo..                   
       ...                                     .oo.......                      
                                               ....ooo...                      
                      __              __                                       
 ______              [  |            [  |                 ._____  _          _ 
|_   _               | |  _          | |                /  ___ | |        | |
  | |_) | .---.  _. _.| | / |  .---.  | | .---.  _    _ / /    _|   /  / / 
  |  __'./ /__\[ /`_| '' <  / /__\ | |/ /__\|   | | |   _____  /  / /  
 _| |__| | __. | |   | |`  | ___. | || ___.  / /  .___| |    /  /   
|_______/ .__./[_]  [__|  _] .__./[___].__./    /   .____./    /  /    
                                                  / /                          
                                                 /_/                           
 --------------------------------------------------------------------------------
 Please cite the main BerkeleyGW paper when using results from this calculation:

 Jack Deslippe, Georgy Samsonidze, David A. Strubbe, Manish Jain, Marvin L.
 Cohen, and Steven G. Louie, "BerkeleyGW: A Massively Parallel Computer Package
 for the Calculation of the Quasiparticle and Optical Properties of Materials
 and Nanostructures," Comput. Phys. Commun. 183, 1269 (2012)

 Aditionally, PLEASE CITE ALL PAPERS REPORTED AT THE END OF THIS CALCULATION.
 --------------------------------------------------------------------------------

 Running MPI version (parallel)
 Running with 16 MPI task(s)
 Using OpenMP. Number of threads per MPI task: 16

 Compilation flags:
 - Compiler: NVHPC
 - Para. flags: MPI, OMP
 - Math  flags: USESCALAPACK, UNPACKED, USEFFTW3, HDF5
 - Debug flags: 

 Running with verbosity level 1 (default).

 We will start a new calculation from scratch.

 
 We`ll perform a uniform sampling of the full BZ.
 
 Computing the inverse dielectric matrix for two purely imaginary frequencies (Godby-Needs formulation)

 We are using matrix communication scheme

 We are communicating via MPI

 We are using no truncation
 Reading header of WFN.h5
 Highest occupied band (unshifted grid) = 8
 Valence max    (unshifted grid) = 6.294142 eV
 Conduction min (unshifted grid) = 6.968806 eV
 Middle energy  (unshifted grid) = 6.631474 eV
 Fermi  energy  (unshifted grid) = 6.631474 eV

 Reading header of WFNq.h5
 Highest occupied band (shifted grid) = 8

 Calculation parameters:
 - Cutoff of the dielectric matrix (Ry): 60.00
 - Total number of bands in the calculation: 208
 - Number of fully occupied valence bands: 8
 - Number of partially occ. conduction bands: 0
 - Monkhorst-Pack q-grid for epsilon(q): 2 2 2
 
 Running with 1 valence pools
 Number of conduction bands per processor: 13
 Number of valence bands per processor: 8

 Memory available: 59658.2 MB per PE
 Memory required for execution: 706.7 MB per PE
 Memory required for vcoul: 0.0 MB per PE

 Number of electrons per unit cell (from ifmax) = 8.000000
 Number of electrons per unit cell (from occupations) = 8.000000
 Plasma Frequency = 1.220146 Ry

 Reading using H5FD_MPIO_COLLECTIVE.
 Using communication style:  1
 
 Reading using H5FD_MPIO_COLLECTIVE.
 Using communication style:  1
 
 Initializing eps0mat.h5
 Initializing epsmat.h5
 - Screened Coulomb cutoff: 60.000 Ry
 - Total number of bands: 208
 - Number of q-points: 4

 Scissors parameters:
 - Valence:    es =   0.0000 eV, e0 =   0.0000 eV, edel =   0.0000
 - Conduction: es =   0.0000 eV, e0 =   0.0000 eV, edel =   0.0000

 Q0 and |Q0| =  0.000500  0.000000  0.000000  0.000530
 Q  and |Q|  =  0.000000  0.000000  0.500000  0.530288
 Q  and |Q|  =  0.000000  0.500000  0.500000  0.612324
 Q  and |Q|  =  0.500000  0.500000  0.500000  0.530288

 ==================================== WARNING ====================================
 You have enabled spin polarization or full spinor calculations.
 Current formalism and implementation adopted by BerkeleyGW implicitly assumes
 time-reversal symmetry (TRS), e.g. in the standard Adler-Wiser RPA polarizability.
 Running magnetic/broken-TRS systems is fundamentally against these assumptions.
 One needs to be aware of and justify its direct usage. Use at your own risk.
 =================================================================================
 GPU acceleration is : ENABLED
 
 Algorithms used:
 - mtxel         : OPENACC_ALGO
 - chi_summation : OPENACC_ALGO
 
 You have a slightly shifted q0 vector and a semiconductor.
 So, reading from WFNq.
 Reading header of WFNq.h5
 Highest occupied band (shifted grid) = 8
 Reading using H5FD_MPIO_COLLECTIVE.
 Using communication style:  1
 
 Summary of the WFN files:
 - Number of k-points in WFN: 4
 - Number of k-points in WFNq: 8
 - Number of k-points in the full BZ of WFN: 8

================================================================================
 22:44:08   Dealing with q =  0.000500  0.000000  0.000000                 1 / 4
================================================================================

 This is the special q->0 point.
 Rank of the polarizability matrix (nmtx): 2109
 
 BLACS processor grid:   4 x   4; BLOCKSIZE =   32
 
 Number of k-points in the irreducible BZ(q) (nrk): 4
 
 Using GPU support via OpenACC/OMP-Target implementation
 Using batch implementation, batch size:    20
 
 Started calculation of matrix elements with 32 transition(s) at 22:44:09.
 [ 22:44:09 |   0% ] transition  1 / 32.
 [ 22:44:09 |   6% ] transition  3 / 32, remaining: 0 s.
 [ 22:44:09 |   9% ] transition  4 / 32, remaining: 0 s.
 [ 22:44:09 |  19% ] transition  7 / 32, remaining: 0 s.
 [ 22:44:09 |  28% ] transition 10 / 32, remaining: 0 s.
 [ 22:44:09 |  38% ] transition 13 / 32, remaining: 0 s.
 [ 22:44:09 |  50% ] transition 17 / 32, remaining: 0 s.
 [ 22:44:09 |  59% ] transition 20 / 32, remaining: 0 s.
 [ 22:44:09 |  69% ] transition 23 / 32, remaining: 0 s.
 [ 22:44:09 |  78% ] transition 26 / 32, remaining: 0 s.
 [ 22:44:09 |  88% ] transition 29 / 32, remaining: 0 s.
 Finished calculation of matrix elements at 22:44:09.
 Elapsed time: 0 s.
 
 
 Started building polarizability matrix with 16 processor(s) at 22:44:09.
 [ 22:44:09 |   0% ] processor  1 / 16.
 [ 22:44:09 |   6% ] processor  2 / 16.
 [ 22:44:09 |  13% ] processor  3 / 16, remaining: 1 s.
 [ 22:44:09 |  19% ] processor  4 / 16, remaining: 1 s.
 [ 22:44:09 |  25% ] processor  5 / 16, remaining: 1 s.
 [ 22:44:09 |  38% ] processor  7 / 16, remaining: 1 s.
 [ 22:44:09 |  50% ] processor  9 / 16, remaining: 1 s.
 [ 22:44:10 |  56% ] processor 10 / 16, remaining: 1 s.
 [ 22:44:10 |  69% ] processor 12 / 16, remaining: 0 s.
 [ 22:44:10 |  75% ] processor 13 / 16, remaining: 0 s.
 [ 22:44:10 |  88% ] processor 15 / 16, remaining: 0 s.
 Finished building polarizability matrix at 22:44:10.
 Elapsed time: 2 s.
 
 q-pt      1: Head of Epsilon         =    5.619593637116496E+001   2.366174619086599E-016
 q-pt      1: Epsilon(2,2)            =    1.808419655626882E+000  -1.343314180235866E-018
 
 Started inversion of dielectric matrix with 2 frequency(s) at 22:44:10.
 [ 22:44:10 |   0% ] frequency 1 / 2.
 [ 22:44:11 |  50% ] frequency 2 / 2.
 Finished inversion of dielectric matrix at 22:44:11.
 Elapsed time: 1 s.
 
 q-pt      1: Head of Epsilon Inverse =    2.045634525469775E-002  -9.184646460391999E-020
 q-pt      1: Epsilon Inverse(2,2)    =    6.008026486962659E-001   7.013557655839314E-019

 Writing dielectric matrix to file
 Note: using old code to directly write the matrix to file.
 Ok

================================================================================
 22:44:14   Dealing with q =  0.000000  0.000000  0.500000                 2 / 4
================================================================================

 This is a regular non-zero q-point.
 Rank of the polarizability matrix (nmtx): 2120
 
 BLACS processor grid:   4 x   4; BLOCKSIZE =   32
 
 Number of k-points in the irreducible BZ(q) (nrk): 4
 
 Using GPU support via OpenACC/OMP-Target implementation
 Using batch implementation, batch size:    20
 
 Started calculation of matrix elements with 32 transition(s) at 22:44:14.
 [ 22:44:14 |   0% ] transition  1 / 32.
 [ 22:44:14 |   6% ] transition  3 / 32, remaining: 0 s.
 [ 22:44:14 |   9% ] transition  4 / 32, remaining: 0 s.
 [ 22:44:14 |  19% ] transition  7 / 32, remaining: 0 s.
 [ 22:44:14 |  28% ] transition 10 / 32, remaining: 0 s.
 [ 22:44:14 |  38% ] transition 13 / 32, remaining: 0 s.
 [ 22:44:14 |  50% ] transition 17 / 32, remaining: 0 s.
 [ 22:44:14 |  59% ] transition 20 / 32, remaining: 0 s.
 [ 22:44:14 |  69% ] transition 23 / 32, remaining: 0 s.
 [ 22:44:14 |  78% ] transition 26 / 32, remaining: 0 s.
 [ 22:44:14 |  88% ] transition 29 / 32, remaining: 0 s.
 Finished calculation of matrix elements at 22:44:14.
 Elapsed time: 0 s.
 
 
 Started building polarizability matrix with 16 processor(s) at 22:44:14.
 [ 22:44:14 |   0% ] processor  1 / 16.
 [ 22:44:15 |   6% ] processor  2 / 16.
 [ 22:44:15 |  13% ] processor  3 / 16, remaining: 1 s.
 [ 22:44:15 |  19% ] processor  4 / 16, remaining: 1 s.
 [ 22:44:15 |  25% ] processor  5 / 16, remaining: 1 s.
 [ 22:44:15 |  38% ] processor  7 / 16, remaining: 1 s.
 [ 22:44:15 |  50% ] processor  9 / 16, remaining: 1 s.
 [ 22:44:15 |  56% ] processor 10 / 16, remaining: 1 s.
 [ 22:44:16 |  69% ] processor 12 / 16, remaining: 1 s.
 [ 22:44:16 |  75% ] processor 13 / 16, remaining: 0 s.
 [ 22:44:16 |  88% ] processor 15 / 16, remaining: 0 s.
 Finished building polarizability matrix at 22:44:16.
 Elapsed time: 2 s.
 
 q-pt      2: Head of Epsilon         =    3.533482469738700E+000  -1.813794858235061E-018
 q-pt      2: Epsilon(2,2)            =    3.533482469738654E+000  -1.982213830292582E-018
 
 Started inversion of dielectric matrix with 2 frequency(s) at 22:44:16.
 [ 22:44:16 |   0% ] frequency 1 / 2.
 [ 22:44:16 |  50% ] frequency 2 / 2.
 Finished inversion of dielectric matrix at 22:44:17.
 Elapsed time: 1 s.
 
 q-pt      2: Head of Epsilon Inverse =    3.515848422366925E-001  -1.065616941515188E-020
 q-pt      2: Epsilon Inverse(2,2)    =    3.515848422366962E-001   2.222249221365201E-020

 Writing dielectric matrix to file
 Note: using old code to directly write the matrix to file.
 Ok

================================================================================
 22:44:20   Dealing with q =  0.000000  0.500000  0.500000                 3 / 4
================================================================================

 This is a regular non-zero q-point.
 Rank of the polarizability matrix (nmtx): 2100
 
 BLACS processor grid:   4 x   4; BLOCKSIZE =   32
 
 Number of k-points in the irreducible BZ(q) (nrk): 4
 
 Using GPU support via OpenACC/OMP-Target implementation
 Using batch implementation, batch size:    20
 
 Started calculation of matrix elements with 32 transition(s) at 22:44:20.
 [ 22:44:20 |   0% ] transition  1 / 32.
 [ 22:44:20 |   6% ] transition  3 / 32, remaining: 0 s.
 [ 22:44:20 |   9% ] transition  4 / 32, remaining: 0 s.
 [ 22:44:20 |  19% ] transition  7 / 32, remaining: 0 s.
 [ 22:44:20 |  28% ] transition 10 / 32, remaining: 0 s.
 [ 22:44:20 |  38% ] transition 13 / 32, remaining: 0 s.
 [ 22:44:20 |  50% ] transition 17 / 32, remaining: 0 s.
 [ 22:44:20 |  59% ] transition 20 / 32, remaining: 0 s.
 [ 22:44:20 |  69% ] transition 23 / 32, remaining: 0 s.
 [ 22:44:20 |  78% ] transition 26 / 32, remaining: 0 s.
 [ 22:44:20 |  88% ] transition 29 / 32, remaining: 0 s.
 Finished calculation of matrix elements at 22:44:20.
 Elapsed time: 0 s.
 
 
 Started building polarizability matrix with 16 processor(s) at 22:44:20.
 [ 22:44:20 |   0% ] processor  1 / 16.
 [ 22:44:20 |   6% ] processor  2 / 16.
 [ 22:44:20 |  13% ] processor  3 / 16, remaining: 1 s.
 [ 22:44:20 |  19% ] processor  4 / 16, remaining: 1 s.
 [ 22:44:21 |  25% ] processor  5 / 16, remaining: 1 s.
 [ 22:44:21 |  38% ] processor  7 / 16, remaining: 1 s.
 [ 22:44:21 |  50% ] processor  9 / 16, remaining: 1 s.
 [ 22:44:21 |  56% ] processor 10 / 16, remaining: 1 s.
 [ 22:44:21 |  69% ] processor 12 / 16, remaining: 1 s.
 [ 22:44:21 |  75% ] processor 13 / 16, remaining: 0 s.
 [ 22:44:22 |  88% ] processor 15 / 16, remaining: 0 s.
 Finished building polarizability matrix at 22:44:22.
 Elapsed time: 2 s.
 
 q-pt      3: Head of Epsilon         =    3.492314657083150E+000   3.052807230247984E-018
 q-pt      3: Epsilon(2,2)            =    3.492314657083128E+000   4.588598654375803E-019
 
 Started inversion of dielectric matrix with 2 frequency(s) at 22:44:22.
 [ 22:44:22 |   0% ] frequency 1 / 2.
 [ 22:44:22 |  50% ] frequency 2 / 2.
 Finished inversion of dielectric matrix at 22:44:22.
 Elapsed time: 1 s.
 
 q-pt      3: Head of Epsilon Inverse =    3.234453299633563E-001  -4.241007574842215E-019
 q-pt      3: Epsilon Inverse(2,2)    =    3.234453299633579E-001  -5.707901319026992E-020

 Writing dielectric matrix to file
 Note: using old code to directly write the matrix to file.
 Ok

================================================================================
 22:44:24   Dealing with q =  0.500000  0.500000  0.500000                 4 / 4
================================================================================

 This is a regular non-zero q-point.
 Rank of the polarizability matrix (nmtx): 2120
 
 BLACS processor grid:   4 x   4; BLOCKSIZE =   32
 
 Number of k-points in the irreducible BZ(q) (nrk): 4
 
 Using GPU support via OpenACC/OMP-Target implementation
 Using batch implementation, batch size:    20
 
 Started calculation of matrix elements with 32 transition(s) at 22:44:25.
 [ 22:44:25 |   0% ] transition  1 / 32.
 [ 22:44:25 |   6% ] transition  3 / 32, remaining: 0 s.
 [ 22:44:25 |   9% ] transition  4 / 32, remaining: 0 s.
 [ 22:44:25 |  19% ] transition  7 / 32, remaining: 0 s.
 [ 22:44:25 |  28% ] transition 10 / 32, remaining: 0 s.
 [ 22:44:25 |  38% ] transition 13 / 32, remaining: 0 s.
 [ 22:44:25 |  50% ] transition 17 / 32, remaining: 0 s.
 [ 22:44:25 |  59% ] transition 20 / 32, remaining: 0 s.
 [ 22:44:25 |  69% ] transition 23 / 32, remaining: 0 s.
 [ 22:44:25 |  78% ] transition 26 / 32, remaining: 0 s.
 [ 22:44:25 |  88% ] transition 29 / 32, remaining: 0 s.
 Finished calculation of matrix elements at 22:44:25.
 Elapsed time: 0 s.
 
 
 Started building polarizability matrix with 16 processor(s) at 22:44:25.
 [ 22:44:25 |   0% ] processor  1 / 16.
 [ 22:44:25 |   6% ] processor  2 / 16.
 [ 22:44:25 |  13% ] processor  3 / 16, remaining: 1 s.
 [ 22:44:25 |  19% ] processor  4 / 16, remaining: 1 s.
 [ 22:44:25 |  25% ] processor  5 / 16, remaining: 1 s.
 [ 22:44:25 |  38% ] processor  7 / 16, remaining: 1 s.
 [ 22:44:26 |  50% ] processor  9 / 16, remaining: 1 s.
 [ 22:44:26 |  56% ] processor 10 / 16, remaining: 1 s.
 [ 22:44:26 |  69% ] processor 12 / 16, remaining: 0 s.
 [ 22:44:26 |  75% ] processor 13 / 16, remaining: 0 s.
 [ 22:44:26 |  88% ] processor 15 / 16, remaining: 0 s.
 Finished building polarizability matrix at 22:44:26.
 Elapsed time: 2 s.
 
 q-pt      4: Head of Epsilon         =    3.533482469738641E+000  -4.307187490344418E-018
 q-pt      4: Epsilon(2,2)            =    3.533482469738731E+000   5.666426727790589E-018
 
 Started inversion of dielectric matrix with 2 frequency(s) at 22:44:26.
 [ 22:44:26 |   0% ] frequency 1 / 2.
 [ 22:44:27 |  50% ] frequency 2 / 2.
 Finished inversion of dielectric matrix at 22:44:27.
 Elapsed time: 1 s.
 
 q-pt      4: Head of Epsilon Inverse =    3.515848422366972E-001   5.908994642168733E-019
 q-pt      4: Epsilon Inverse(2,2)    =    3.515848422366899E-001  -4.646950098297780E-019

 Writing dielectric matrix to file
 Note: using old code to directly write the matrix to file.
 Ok


********************************************************************************
*                                                                              *
* Your calculation employed methods and algorithms published in peer-reviewed  *
* papers. Please, cite the following references to give proper credit to their *
*          authors and help support future development of BerkeleyGW.          *
*                                                                              *
********************************************************************************

 J. Deslippe, G. Samsonidze, D. A. Strubbe, M. Jain, M. L. Cohen, and S. G.
 Louie, BerkeleyGW: A Massively Parallel Computer Package for the Calculation
 of the Quasiparticle and Optical Properties of Materials and Nanostructures,
 Computer Physics Communications 183, 1269 (2012).

 M. S. Hybertsen and S. G. Louie, Electron Correlation in Semiconductors and
 Insulators: Band Gaps and Quasiparticle Energies, Phys. Rev. B 34, 5390
 (1986).

 B. A. Barker, and S. G. Louie, Electronic and Optical Properties of Solids
 with Strong Spin-Orbit Coupling, U. C. Berkeley PhD dissertation (2018).

 M. D. Ben, C. Yang, Z. Li, F. H. da Jornada, S. G. Louie, and J. Deslippe,
 Accelerating Large-Scale Excited-State GW Calculations on Leadership HPC
 Systems, SC20: International Conference for High Performance Computing,
 Networking, Storage and Analysis (2020).

********************************************************************************

 
 Timing information
 
                                CPU time (s)          WALL time (s)       Number
 Routine                       min        max        min        max     of calls
 -------------------------  ---------  ---------  ---------  ---------  --------
 - Eps (I/O) Comm                0.03       0.17       0.03       0.17         4
 - Eps (I/O) IO                  2.27       9.15       2.27       9.15         4
 - I/O TOTAL                     9.96      10.45       9.95      10.44        11
 - INPUT                         0.14       0.15       0.14       0.15         1
 - INPUT_Q                       0.02       0.50       0.02       0.49         1
 - FULLBZ                        0.00       0.00       0.00       0.00         1
 - GVEC                          0.00       0.00       0.00       0.01         4
 - SUBGRP                        0.00       0.00       0.00       0.00         4
 - IRRBZ                         0.00       0.00       0.00       0.00         4
 - GENWF                         0.05       0.06       0.05       0.06       128
 - MTXEL                         0.14       0.18       0.14       0.18       128
 - RQSTAR                        0.00       0.00       0.00       0.00        16
 - GMAP                          0.00       0.00       0.00       0.01        16
 - EPSINV (TOTAL)               12.83      12.86      12.83      12.86         4
 - CHI SUM (COMM)                0.00       0.89       0.00       0.89        64
 - CHI SUM (TOTAL)               6.30       6.51       6.30       6.51         4
 - GENWF (VAL)                   0.03       0.03       0.03       0.04       128
 - GENWF (COND)                  0.02       0.02       0.02       0.03        16
 - EPSINV (VCOUL)                0.00       0.04       0.01       0.04         4
 - JOB SETUP                     0.00       0.00       0.00       0.00         1
 - Q LOOP SETUP                  0.00       0.00       0.00       0.01         4
 - INIT CUTOFF                   0.00       0.00       0.00       0.00         4
 - INIT SCALAPACK                0.00       0.03       0.00       0.03         4
 - INIT ARRAYS                   1.00       1.21       1.00       1.21         8
 - CONVERGE TESTS                0.00       0.00       0.00       0.00         4
 - MTXEL (DENOM)                 0.00       0.00       0.00       0.00      3328
 - MTXEL (FFT)                   0.14       0.18       0.14       0.18       128
 - GENWF (Ekin)                  0.00       0.00       0.00       0.00        32
 - GENWF (Sort)                  0.03       0.03       0.03       0.04        32
 - CHI SUM (zGEMM)               0.00       5.16       0.00       5.16       128
 - CHI SUM (PREP)                0.00       0.13       0.00       0.13        64
 - CHI SUM (ARRAY ALLOC)         0.00       0.03       0.00       0.03        64
 - EPSINV (I/O)                  9.83       9.84       9.83       9.83         4
 - EPSINV (INVERT)               2.97       2.98       2.97       2.98         4
 - FFT MLTPLY                    0.01       0.02       0.01       0.03      3328
 - TOTAL                        21.26      21.27      21.26      21.27         1
 
 Job Done
 
