
 BerkeleyGW version 4.0
 Sigma code, Complex version, run on 05-May-2026 at 22:44:36 -0700

                                                                 ..o.          
                                                                .oxxo.         
                                                               .oxxxxo...      
                                                               oxxxxxxo.       
                                                              .oxxxxxxx.       
                                                              .ooooooxxo..     
                                                              .oooooooxo..     
                                                              .oooooxxo...     
                                                       .........oxooo......    
                                                 ............................  
                                             ................................. 
                                          .................................... 
           .          ..oo. ....  .................................oooxxxxxxxo.
     .............oxxxx@ox@@@x@x.....................o...........ooooooooooxx. 
    .o.........oox@x.oo........xxx@@............ooxxxxo..........ooooxxxxxoxo  
    .x........x@xxo...............o@xxo........oxxx@@@xoooooooooooooooxxxo...  
    .o......ox@@o..................oox@o.....ooxxx@xoooxxxxxxxoooooooooooo.... 
    o..ooooo@@xoooo....ooo...........x@o.....ooxxxxo   .oxxxxxxxxxxooooooo.... 
    . .oooo@@@@@@@@@@@@@@@@@@@@@@@@@@@@@@....ooooox.     .oxx@@@@@xxoo........ 
      .ooooxxxxxxxooooooxooooooooooooooxo...oooooxx.        ..ox@xxxoo.........
      .ooooooxxxx@xoooooooooooooxxoooooooooooxxxxx.            .oxxooooooooxxo.
     .oooooxxxxx@@@xxxxxxxxxxxxxxxxxxxxxxxxoxxxxo.                .oxxxxxxxxo. 
   ....oooxxxxx@@@xo..oxxx@@@@@@xxxxoxxoooooooxx.                  .oxxxoo..   
  .....ooxxxx@@xo.       ........    .ooooooooxxo                              
  ..oooxxxx@@@o                       .oooooooxoo.                             
  ....oxooxxxxx.                       .ooo..oooo.                             
  .....o.ooxxxxxo.                     .oooooooxo.                             
 ......ooooxxxxxxo.                     .ooooooxoo..                           
........ooxxxxxxxo..                     .o....oxoo...                         
.......ooooxxxxxxxo.                     ........oooo.                         
.ooooooo..ooxxxxoooo.                    .........ooo...                       
..oxo...ooooxxxoooo..                    .ooo......oooo...                     
  .ooooo....o.                            .oxxxoo....ooo....                   
    .oooooo...                              ...ooooo...ooo..                   
       ...                                     .oo.......                      
                                               ....ooo...                      
                      __              __                                       
 ______              [  |            [  |                 ._____  _          _ 
|_   _               | |  _          | |                /  ___ | |        | |
  | |_) | .---.  _. _.| | / |  .---.  | | .---.  _    _ / /    _|   /  / / 
  |  __'./ /__\[ /`_| '' <  / /__\ | |/ /__\|   | | |   _____  /  / /  
 _| |__| | __. | |   | |`  | ___. | || ___.  / /  .___| |    /  /   
|_______/ .__./[_]  [__|  _] .__./[___].__./    /   .____./    /  /    
                                                  / /                          
                                                 /_/                           
 --------------------------------------------------------------------------------
 Please cite the main BerkeleyGW paper when using results from this calculation:

 Jack Deslippe, Georgy Samsonidze, David A. Strubbe, Manish Jain, Marvin L.
 Cohen, and Steven G. Louie, "BerkeleyGW: A Massively Parallel Computer Package
 for the Calculation of the Quasiparticle and Optical Properties of Materials
 and Nanostructures," Comput. Phys. Commun. 183, 1269 (2012)

 Aditionally, PLEASE CITE ALL PAPERS REPORTED AT THE END OF THIS CALCULATION.
 --------------------------------------------------------------------------------

 Running MPI version (parallel)
 Running with 16 MPI task(s)
 Using OpenMP. Number of threads per MPI task: 16

 Compilation flags:
 - Compiler: NVHPC
 - Para. flags: MPI, OMP
 - Math  flags: USESCALAPACK, UNPACKED, USEFFTW3, HDF5
 - Debug flags: 

 Running with verbosity level 1 (default).


 NOTE: `screened_coulomb_cutoff` and `bare_coulomb_cutoff` are now optional flags.

 Using the Generalized Plasmon Pole model (GN flavor)

 We are communicating via MPI

 Using Collectives (MPI_BCast) Communication Scheme
 
 Computing CH as a partial sum over empty bands

 Running with semiconductor screening

 We are using no truncation
 Cutoff for Monte-Carlo average of Coulomb potential: 1.000E-012 Ry

 Reading (Kinetic energy + Ionic potential + Hartree) matrix elements from kih.dat file

 Treating W within the Godby-Needs Generalized Plasmon Pole model
 
 Memory available: 59616.7 MB per PE
 
 Read from eps0mat.h5:
 - Number of G-vectors in the charge-density grid: 16889
 - Max. number of G-vectors for dielectric matrices: 2109
 - Cutoff of the dielectric matrix (Ry): 60.000
 - Number of imaginary frequencies: 1
 - Total number of frequencies: 2
 - Frequency dependence: 3
 - Number of q-points: 1
 - Q grid: 2 2 2
 
 Read from epsmat.h5:
 - Number of G-vectors in the charge-density grid: 16889
 - Max. number of G-vectors for dielectric matrices: 2120
 - Cutoff of the dielectric matrix: 60.000
 - Number of imaginary frequencies: 1
 - Total number of frequencies: 2
 - Frequency dependence: 3
 - Number of q-points: 3
 - Q grid: 2 2 2
 
 Reading header of WFN_inner.h5
 Highest occupied band (unshifted grid) = 8
 Valence max    (unshifted grid) = 6.294142 eV
 Conduction min (unshifted grid) = 6.968806 eV
 Middle energy  (unshifted grid) = 6.631474 eV
 Fermi  energy  (unshifted grid) = 6.631474 eV

 
 Calculation parameters:
 - Cutoff of the bare Coulomb interaction (Ry): 60.00
 - Cutoff of the screened Coulomb interaction (Ry): 60.00
 - Number of G-vectors up to the bare int. cutoff: 2109
 - Number of G-vectors up to the screened int. cutoff: 2109
 - Total number of bands in the calculation: 208
 - Number of fully occupied valence bands: 8
 - Number of partially occ. conduction bands: 0
 
 Memory required for execution: 92.8 MB per PE
 Memory required for vcoul: 114.4 MB per PE
 
 Number of electrons per unit cell (from ifmax) = 8.000000
 Number of electrons per unit cell (from occupations) = 8.000000
 Plasma Frequency = 1.220146 Ry

 Q-grid symmetries are being used.
 
 Parallelization report:
 - Using 16 processor(s), 1 pool(s), 16 processor(s) per pool.
 - Each pool is computing 16 diagonal sigma matrix element(s).
 - Each pool is computing 0 off-diagonal sigma matrix element(s).
 - Each processor is holding 13 band(s).
 
 
 Started reading wavefunctions (WFN_inner) with 832 state(s) at 22:44:36.
 Reading band block from WFN_inner.h5
 Reading using H5FD_MPIO_COLLECTIVE.
 Using communication style:  1
 
 [ 22:44:36 |   0% ] state   1 / 832.
 [ 22:44:36 |   0% ] state   3 / 832, remaining: 0 s.
 [ 22:44:36 |  10% ] state  84 / 832, remaining: 0 s.
 [ 22:44:36 |  20% ] state 167 / 832, remaining: 0 s.
 [ 22:44:36 |  30% ] state 250 / 832, remaining: 0 s.
 [ 22:44:36 |  40% ] state 333 / 832, remaining: 0 s.
 [ 22:44:36 |  50% ] state 417 / 832, remaining: 0 s.
 [ 22:44:36 |  60% ] state 500 / 832, remaining: 0 s.
 [ 22:44:36 |  70% ] state 583 / 832, remaining: 0 s.
 [ 22:44:36 |  80% ] state 666 / 832, remaining: 0 s.
 [ 22:44:36 |  90% ] state 749 / 832, remaining: 0 s.
 Finished reading wavefunctions (WFN_inner) at 22:44:36.
 Elapsed time: 0 s.
 

 Scissors parameters:
 - Valence:    es =   0.0000 eV, e0 =   0.0000 eV, edel =   0.0000
 - Conduction: es =   0.0000 eV, e0 =   0.0000 eV, edel =   0.0000

 Scissors parameters (outer):
 - Valence:    es =   0.0000 eV, e0 =   0.0000 eV, edel =   0.0000
 - Conduction: es =   0.0000 eV, e0 =   0.0000 eV, edel =   0.0000

 Number of bands to compute diagonal self-energy matrix elements: 16
 Bands:
 - 1
 - 2
 - 3
 - 4
 - 5
 - 6
 - 7
 - 8
 - 9
 - 10
 - 11
 - 12
 - 13
 - 14
 - 15
 - 16
 Number of off-diagonal bands to compute self-energy matrix elements: 0
 
 GPU acceleration is : ENABLED
 
 Algorithms used:
 - mtxel     : OPENACC_ALGO
 - sigma_gpp : OPENACC_ALGO

 Total number of frequencies in the dielectric matrix: 2
 Number of imag. frequencies in the dielectric matrix: 1

 
 Started reading eps0mat.h5 with 1 q-point(s) at 22:44:36.
 [ 22:44:36 |   0% ] q-point 1 / 1.
 Finished reading eps0mat.h5 at 22:44:37.
 Elapsed time: 1 s.
 
 
 Started reading epsmat.h5 with 3 q-point(s) at 22:44:37.
 [ 22:44:37 |   0% ] q-point 1 / 3.
 [ 22:44:37 |  33% ] q-point 2 / 3.
 [ 22:44:38 |  67% ] q-point 3 / 3, remaining: 1 s.
 Finished reading epsmat.h5 at 22:44:38.
 Elapsed time: 1 s.
 
 Number of k-points in WFN_inner: 4
 Number of k-points in the full BZ of WFN_inner: 8
 
================================================================================
 22:44:38   Dealing with k =  0.000000  0.000000  0.000000                 1 / 4
================================================================================

 Reading kih.dat
 Number of q-points in the irreducible BZ(k) (nrq): 3

 Using GPU support via OpenACC/OMP-Target implementation
 Band block size in MTXEL:    13
 
 Started calculating Sigma with 48 block(s) at 22:44:38.
 [ 22:44:39 |   0% ] block  1 / 48.
 [ 22:44:40 |   4% ] block  3 / 48, remaining: 1 s.
 [ 22:44:40 |   8% ] block  5 / 48, remaining: 1 s.
 [ 22:44:40 |  19% ] block 10 / 48, remaining: 1 s.
 [ 22:44:40 |  29% ] block 15 / 48, remaining: 1 s.
 [ 22:44:40 |  40% ] block 20 / 48, remaining: 1 s.
 [ 22:44:40 |  48% ] block 24 / 48, remaining: 1 s.
 [ 22:44:40 |  58% ] block 29 / 48, remaining: 1 s.
 [ 22:44:40 |  69% ] block 34 / 48, remaining: 0 s.
 [ 22:44:41 |  79% ] block 39 / 48, remaining: 0 s.
 [ 22:44:41 |  90% ] block 44 / 48, remaining: 0 s.
 [ 22:44:41 |  98% ] block 48 / 48, remaining: 0 s.
 Finished calculating Sigma at 22:44:41.
 Elapsed time: 2 s.
 
 Unsymmetrized values for ik =   1 spin = 1
 
     n      Emf       Eo      KIH        X     SX-X       CH      Cor      Sig
     1   -5.697   -5.697    5.103  -16.544   12.908   -7.058    5.850  -10.694
     2   -5.697   -5.697    5.103  -16.544   12.908   -7.058    5.850  -10.694
     3    6.246    6.246   17.950  -13.714   10.289   -8.640    1.648  -12.065
     4    6.246    6.246   17.950  -13.714   10.289   -8.640    1.648  -12.065
     5    6.294    6.294   17.993  -13.537   10.081   -8.542    1.539  -11.997
     6    6.294    6.294   17.993  -13.882   10.283   -8.547    1.736  -12.146
     7    6.294    6.294   17.993  -13.484   10.050   -8.544    1.506  -11.978
     8    6.294    6.294   17.993  -13.901   10.322   -8.552    1.770  -12.131
     9    8.792    8.792   19.123   -4.924    4.006   -8.696   -4.691   -9.614
    10    8.792    8.792   19.123   -4.924    4.006   -8.696   -4.691   -9.614
    11    8.827    8.827   19.150   -5.254    4.168   -8.616   -4.448   -9.702
    12    8.827    8.827   19.150   -4.827    3.724   -8.471   -4.747   -9.575
    13    8.827    8.827   19.150   -4.755    3.860   -8.679   -4.819   -9.574
    14    8.827    8.827   19.150   -4.811    3.878   -8.654   -4.776   -9.588
    15    9.626    9.626   21.353   -5.001    3.113   -8.624   -5.511  -10.512
    16    9.626    9.626   21.353   -5.001    3.113   -8.624   -5.511  -10.512

 Symmetrized values from band-averaging:

       k =  0.000000  0.000000  0.000000 ik =   1 spin = 1

     n      Emf       Eo      KIH        X      Cor     Eqp0     Eqp1      Znk
     1   -5.697   -5.697    5.103  -16.544    5.850   -5.591   -5.620    0.729
     2   -5.697   -5.697    5.103  -16.544    5.850   -5.591   -5.620    0.729
     3    6.246    6.246   17.950  -13.714    1.648    5.885    5.961    0.790
     4    6.246    6.246   17.950  -13.714    1.648    5.885    5.961    0.790
     5    6.294    6.294   17.993  -13.701    1.638    5.930    6.006    0.790
     6    6.294    6.294   17.993  -13.701    1.638    5.930    6.006    0.790
     7    6.294    6.294   17.993  -13.701    1.638    5.930    6.006    0.790
     8    6.294    6.294   17.993  -13.701    1.638    5.930    6.006    0.790
     9    8.792    8.792   19.123   -4.924   -4.691    9.509    9.361    0.793
    10    8.792    8.792   19.123   -4.924   -4.691    9.509    9.361    0.793
    11    8.827    8.827   19.150   -4.912   -4.698    9.541    9.394    0.794
    12    8.827    8.827   19.150   -4.912   -4.698    9.541    9.394    0.794
    13    8.827    8.827   19.150   -4.912   -4.698    9.541    9.394    0.794
    14    8.827    8.827   19.150   -4.912   -4.698    9.541    9.394    0.794
    15    9.626    9.626   21.353   -5.001   -5.511   10.842   10.604    0.804
    16    9.626    9.626   21.353   -5.001   -5.511   10.842   10.604    0.804
 
================================================================================
 22:44:41   Dealing with k = -0.000000 -0.000000  0.500000                 2 / 4
================================================================================

 Reading kih.dat
 Number of q-points in the irreducible BZ(k) (nrq): 4

 Using GPU support via OpenACC/OMP-Target implementation
 Band block size in MTXEL:    13
 
 Started calculating Sigma with 64 block(s) at 22:44:41.
 [ 22:44:41 |   0% ] block  1 / 64.
 [ 22:44:41 |   3% ] block  3 / 64, remaining: 2 s.
 [ 22:44:41 |   9% ] block  7 / 64, remaining: 2 s.
 [ 22:44:41 |  19% ] block 13 / 64, remaining: 1 s.
 [ 22:44:42 |  30% ] block 20 / 64, remaining: 1 s.
 [ 22:44:42 |  39% ] block 26 / 64, remaining: 1 s.
 [ 22:44:42 |  50% ] block 33 / 64, remaining: 1 s.
 [ 22:44:42 |  59% ] block 39 / 64, remaining: 1 s.
 [ 22:44:42 |  69% ] block 45 / 64, remaining: 1 s.
 [ 22:44:42 |  80% ] block 52 / 64, remaining: 0 s.
 [ 22:44:43 |  89% ] block 58 / 64, remaining: 0 s.
 Finished calculating Sigma at 22:44:43.
 Elapsed time: 2 s.
 
 Unsymmetrized values for ik =   2 spin = 1
 
     n      Emf       Eo      KIH        X     SX-X       CH      Cor      Sig
     1   -3.363   -3.363    7.885  -16.066   12.493   -7.408    5.085  -10.981
     2   -3.363   -3.363    7.885  -16.066   12.493   -7.408    5.085  -10.981
     3   -0.707   -0.707    9.791  -13.868   10.432   -7.295    3.137  -10.731
     4   -0.707   -0.707    9.791  -13.868   10.432   -7.295    3.137  -10.731
     5    5.057    5.057   16.471  -13.539    9.992   -8.199    1.793  -11.746
     6    5.057    5.057   16.471  -13.539    9.992   -8.199    1.793  -11.746
     7    5.088    5.088   16.499  -13.528    9.996   -8.213    1.783  -11.745
     8    5.088    5.088   16.499  -13.528    9.996   -8.213    1.783  -11.745
     9    7.800    7.800   18.352   -5.038    3.797   -8.471   -4.674   -9.712
    10    7.800    7.800   18.352   -5.038    3.797   -8.471   -4.674   -9.712
    11    9.587    9.587   19.474   -4.431    3.491   -8.267   -4.775   -9.206
    12    9.587    9.587   19.474   -4.431    3.491   -8.267   -4.775   -9.206
    13    9.601    9.601   19.483   -4.426    3.507   -8.284   -4.776   -9.203
    14    9.601    9.601   19.483   -4.426    3.507   -8.284   -4.776   -9.203
    15   13.996   13.996   21.840   -2.020    0.261   -6.201   -5.940   -7.960
    16   13.996   13.996   21.840   -2.020    0.261   -6.201   -5.940   -7.960

 Symmetrized values from band-averaging:

       k = -0.000000 -0.000000  0.500000 ik =   2 spin = 1

     n      Emf       Eo      KIH        X      Cor     Eqp0     Eqp1      Znk
     1   -3.363   -3.363    7.885  -16.066    5.085   -3.096   -3.191    0.646
     2   -3.363   -3.363    7.885  -16.066    5.085   -3.096   -3.191    0.646
     3   -0.707   -0.707    9.791  -13.868    3.137   -0.940   -0.889    0.777
     4   -0.707   -0.707    9.791  -13.868    3.137   -0.940   -0.889    0.777
     5    5.057    5.057   16.471  -13.539    1.793    4.725    4.795    0.787
     6    5.057    5.057   16.471  -13.539    1.793    4.725    4.795    0.787
     7    5.088    5.088   16.499  -13.528    1.783    4.754    4.825    0.788
     8    5.088    5.088   16.499  -13.528    1.783    4.754    4.825    0.788
     9    7.800    7.800   18.352   -5.038   -4.674    8.641    8.465    0.790
    10    7.800    7.800   18.352   -5.038   -4.674    8.641    8.465    0.790
    11    9.587    9.587   19.474   -4.431   -4.775   10.268   10.128    0.795
    12    9.587    9.587   19.474   -4.431   -4.775   10.268   10.128    0.795
    13    9.601    9.601   19.483   -4.426   -4.776   10.280   10.141    0.795
    14    9.601    9.601   19.483   -4.426   -4.776   10.280   10.141    0.795
    15   13.996   13.996   21.840   -2.020   -5.940   13.880   13.892    0.900
    16   13.996   13.996   21.840   -2.020   -5.940   13.880   13.892    0.900
 
================================================================================
 22:44:43   Dealing with k =  0.000000  0.500000  0.500000                 3 / 4
================================================================================

 Reading kih.dat
 Number of q-points in the irreducible BZ(k) (nrq): 4

 Using GPU support via OpenACC/OMP-Target implementation
 Band block size in MTXEL:    13
 
 Started calculating Sigma with 64 block(s) at 22:44:43.
 [ 22:44:43 |   0% ] block  1 / 64.
 [ 22:44:43 |   3% ] block  3 / 64, remaining: 2 s.
 [ 22:44:43 |   9% ] block  7 / 64, remaining: 2 s.
 [ 22:44:43 |  19% ] block 13 / 64, remaining: 1 s.
 [ 22:44:44 |  30% ] block 20 / 64, remaining: 1 s.
 [ 22:44:44 |  39% ] block 26 / 64, remaining: 1 s.
 [ 22:44:44 |  50% ] block 33 / 64, remaining: 1 s.
 [ 22:44:44 |  59% ] block 39 / 64, remaining: 1 s.
 [ 22:44:44 |  69% ] block 45 / 64, remaining: 1 s.
 [ 22:44:44 |  80% ] block 52 / 64, remaining: 0 s.
 [ 22:44:45 |  89% ] block 58 / 64, remaining: 0 s.
 Finished calculating Sigma at 22:44:45.
 Elapsed time: 2 s.
 
 Unsymmetrized values for ik =   3 spin = 1
 
     n      Emf       Eo      KIH        X     SX-X       CH      Cor      Sig
     1   -1.550   -1.550    9.700  -15.133   11.398   -7.522    3.876  -11.256
     2   -1.550   -1.550    9.700  -15.281   11.509   -7.569    3.940  -11.341
     3   -1.550   -1.550    9.700  -15.330   11.546   -7.585    3.961  -11.368
     4   -1.550   -1.550    9.700  -15.198   11.447   -7.543    3.904  -11.293
     5    3.412    3.412   14.298  -13.555    9.940   -7.733    2.206  -11.349
     6    3.412    3.412   14.298  -13.143    9.768   -7.779    1.989  -11.153
     7    3.412    3.412   14.298  -13.447    9.895   -7.745    2.150  -11.298
     8    3.412    3.412   14.298  -12.904    9.669   -7.805    1.864  -11.040
     9    6.969    6.969   16.146   -3.605    2.433   -7.215   -4.782   -8.388
    10    6.969    6.969   16.146   -3.678    2.499   -7.238   -4.739   -8.417
    11    6.969    6.969   16.146   -4.764    3.492   -7.580   -4.089   -8.852
    12    6.969    6.969   16.146   -4.758    3.487   -7.578   -4.092   -8.850
    13   16.361   16.361   27.465   -3.778    0.500   -7.373   -6.873  -10.651
    14   16.361   16.361   27.465   -3.762    0.432   -7.323   -6.892  -10.654
    15   16.361   16.361   27.465   -3.768    0.458   -7.343   -6.884  -10.653
    16   16.361   16.361   27.465   -3.771    0.468   -7.350   -6.882  -10.653

 Symmetrized values from band-averaging:

       k =  0.000000  0.500000  0.500000 ik =   3 spin = 1

     n      Emf       Eo      KIH        X      Cor     Eqp0     Eqp1      Znk
     1   -1.550   -1.550    9.700  -15.235    3.921   -1.614   -1.580    0.472
     2   -1.550   -1.550    9.700  -15.235    3.921   -1.614   -1.580    0.472
     3   -1.550   -1.550    9.700  -15.235    3.921   -1.614   -1.580    0.472
     4   -1.550   -1.550    9.700  -15.235    3.921   -1.614   -1.580    0.472
     5    3.412    3.412   14.298  -13.262    2.052    3.088    3.158    0.784
     6    3.412    3.412   14.298  -13.262    2.052    3.088    3.158    0.784
     7    3.412    3.412   14.298  -13.262    2.052    3.088    3.158    0.784
     8    3.412    3.412   14.298  -13.262    2.052    3.088    3.158    0.784
     9    6.969    6.969   16.146   -4.201   -4.425    7.519    7.411    0.802
    10    6.969    6.969   16.146   -4.201   -4.425    7.519    7.411    0.802
    11    6.969    6.969   16.146   -4.201   -4.425    7.519    7.411    0.802
    12    6.969    6.969   16.146   -4.201   -4.425    7.519    7.411    0.802
    13   16.361   16.361   27.465   -3.770   -6.883   16.813   16.660    0.662
    14   16.361   16.361   27.465   -3.770   -6.883   16.813   16.660    0.662
    15   16.361   16.361   27.465   -3.770   -6.883   16.813   16.660    0.662
    16   16.361   16.361   27.465   -3.770   -6.883   16.813   16.660    0.662
 
================================================================================
 22:44:45   Dealing with k =  0.500000  0.500000  0.500000                 4 / 4
================================================================================

 Reading kih.dat
 Number of q-points in the irreducible BZ(k) (nrq): 4

 Using GPU support via OpenACC/OMP-Target implementation
 Band block size in MTXEL:    13
 
 Started calculating Sigma with 64 block(s) at 22:44:45.
 [ 22:44:45 |   0% ] block  1 / 64.
 [ 22:44:45 |   3% ] block  3 / 64, remaining: 2 s.
 [ 22:44:45 |   9% ] block  7 / 64, remaining: 1 s.
 [ 22:44:45 |  19% ] block 13 / 64, remaining: 1 s.
 [ 22:44:45 |  30% ] block 20 / 64, remaining: 1 s.
 [ 22:44:46 |  39% ] block 26 / 64, remaining: 1 s.
 [ 22:44:46 |  50% ] block 33 / 64, remaining: 1 s.
 [ 22:44:46 |  59% ] block 39 / 64, remaining: 1 s.
 [ 22:44:46 |  69% ] block 45 / 64, remaining: 1 s.
 [ 22:44:46 |  80% ] block 52 / 64, remaining: 0 s.
 [ 22:44:47 |  89% ] block 58 / 64, remaining: 0 s.
 Finished calculating Sigma at 22:44:47.
 Elapsed time: 2 s.
 
 Unsymmetrized values for ik =   4 spin = 1
 
     n      Emf       Eo      KIH        X     SX-X       CH      Cor      Sig
     1   -3.363   -3.363    7.885  -16.066   12.493   -7.408    5.085  -10.981
     2   -3.363   -3.363    7.885  -16.066   12.493   -7.408    5.085  -10.981
     3   -0.707   -0.707    9.791  -13.868   10.432   -7.295    3.137  -10.731
     4   -0.707   -0.707    9.791  -13.868   10.432   -7.295    3.137  -10.731
     5    5.057    5.057   16.471  -13.539    9.992   -8.199    1.793  -11.746
     6    5.057    5.057   16.471  -13.539    9.992   -8.199    1.793  -11.746
     7    5.088    5.088   16.499  -13.528    9.996   -8.213    1.783  -11.745
     8    5.088    5.088   16.499  -13.528    9.996   -8.213    1.783  -11.745
     9    7.800    7.800   18.352   -5.038    3.797   -8.471   -4.674   -9.712
    10    7.800    7.800   18.352   -5.038    3.797   -8.471   -4.674   -9.712
    11    9.587    9.587   19.474   -4.431    3.491   -8.267   -4.775   -9.206
    12    9.587    9.587   19.474   -4.431    3.491   -8.267   -4.775   -9.206
    13    9.601    9.601   19.483   -4.426    3.507   -8.284   -4.776   -9.203
    14    9.601    9.601   19.483   -4.426    3.507   -8.284   -4.776   -9.203
    15   13.996   13.996   21.840   -2.020    0.261   -6.201   -5.940   -7.960
    16   13.996   13.996   21.840   -2.020    0.261   -6.201   -5.940   -7.960

 Symmetrized values from band-averaging:

       k =  0.500000  0.500000  0.500000 ik =   4 spin = 1

     n      Emf       Eo      KIH        X      Cor     Eqp0     Eqp1      Znk
     1   -3.363   -3.363    7.885  -16.066    5.085   -3.096   -3.191    0.646
     2   -3.363   -3.363    7.885  -16.066    5.085   -3.096   -3.191    0.646
     3   -0.707   -0.707    9.791  -13.868    3.137   -0.940   -0.889    0.777
     4   -0.707   -0.707    9.791  -13.868    3.137   -0.940   -0.889    0.777
     5    5.057    5.057   16.471  -13.539    1.793    4.725    4.795    0.787
     6    5.057    5.057   16.471  -13.539    1.793    4.725    4.795    0.787
     7    5.088    5.088   16.499  -13.528    1.783    4.754    4.825    0.788
     8    5.088    5.088   16.499  -13.528    1.783    4.754    4.825    0.788
     9    7.800    7.800   18.352   -5.038   -4.674    8.641    8.465    0.790
    10    7.800    7.800   18.352   -5.038   -4.674    8.641    8.465    0.790
    11    9.587    9.587   19.474   -4.431   -4.775   10.268   10.128    0.795
    12    9.587    9.587   19.474   -4.431   -4.775   10.268   10.128    0.795
    13    9.601    9.601   19.483   -4.426   -4.776   10.280   10.141    0.795
    14    9.601    9.601   19.483   -4.426   -4.776   10.280   10.141    0.795
    15   13.996   13.996   21.840   -2.020   -5.940   13.880   13.892    0.900
    16   13.996   13.996   21.840   -2.020   -5.940   13.880   13.892    0.900

================================================================================

    n = band index.
  Emf = "inner" mean-field energy eigenvalue used to construct Sigma(E),
        read from WFN_inner.
   Eo = "outer" mean-field energy eigenvalue where we center the evaluation
        frequency grid {E} of Sigma(E). Defaults to Emf, unless
        you use WFN_outer and eqp_outer.dat / scissors_outer.
  Vxc = exchange-correlation pot., calculated from VXC or read from vxc.dat.
  KIH = Kinetic energy + Ionic potential + Hartree, read from kih.dat.
    X = bare exchange.
   SX = screened exchange contrib. to Sigma(E) at energy E=Eo
   CH = Coulomb hole contrib. to Sigma(E) at energy E=Eo
  Cor = SX-X + CH = correlation portion of Sigma(E) at energy E=Eo.
  Sig = X + Cor = self energy, Sigma(E), at energy E=Eo.
 Eqp0 = on-shell QP energy = Emf - Vxc + Sig(Eo)
        Eqp0 is *not* the recommended quantity to use for QP properties.
 Eqp1 = off-shell solution to the linearized  Dyson`s equation
      = Eqp0 + (dSig/dE) / (1 - dSig/dE) * (Eqp0 - Eo),
        or a full linear interpolation if more freq. points where computed.
        Eqp1 is the recommended quantity to use for QP properties.
  Znk = quasiparticle renormalization factor

 Notes on the finite_difference_form from sigma.inp file:
   none    : -2 => dSig/dE = 0 (skip the expansion)
   backward: -1 => dSig/dE = (Sig(Eo) - Sig(Eo-dE)) / dE
   central :  0 => dSig/dE = (Sig(Eo+dE) - Sig(Eo-dE)) / (2*dE)
   forward :  1 => dSig/dE = (Sig(Eo+dE) - Sig(Eo)) / dE
   default :  2 => forward for diagonal and none for off-diagonal
   dE is finite_difference_spacing from Sigma.inp file.
   We are using the form #2 with dE = 1.000 eV.

 General notes:
 - All energies are reported here in eV.
 - Both Emf and Vxc contain the average pot. Vxc0, so Vxc0 doesn`t affect Sigma.
 - Eqp1 and Eqp0 are Eqs. (36-37) from Hybertsen & Louie PRB 34 5390.
 - We recommend you use Eqp1 for QP properties of materials.

================================================================================


WARNING: |Eqp0 - Eo| > finite_difference_spacing. Linear extrapolation for eqp1
may be inaccurate. You should test the validity of eqp1 by rerunning the
calculation with the self energy evaluated at the eqp0 energies. For that,
use the eqp_outer.dat file, created with eqp.py script and point WFN_outer to
WFN_inner, if you were not already using WFN_outer.


********************************************************************************
*                                                                              *
* Your calculation employed methods and algorithms published in peer-reviewed  *
* papers. Please, cite the following references to give proper credit to their *
*          authors and help support future development of BerkeleyGW.          *
*                                                                              *
********************************************************************************

 J. Deslippe, G. Samsonidze, D. A. Strubbe, M. Jain, M. L. Cohen, and S. G.
 Louie, BerkeleyGW: A Massively Parallel Computer Package for the Calculation
 of the Quasiparticle and Optical Properties of Materials and Nanostructures,
 Computer Physics Communications 183, 1269 (2012).

 M. S. Hybertsen and S. G. Louie, Electron Correlation in Semiconductors and
 Insulators: Band Gaps and Quasiparticle Energies, Phys. Rev. B 34, 5390
 (1986).

 B. A. Barker, and S. G. Louie, Electronic and Optical Properties of Solids
 with Strong Spin-Orbit Coupling, U. C. Berkeley PhD dissertation (2018).

 M. D. Ben, C. Yang, Z. Li, F. H. da Jornada, S. G. Louie, and J. Deslippe,
 Accelerating Large-Scale Excited-State GW Calculations on Leadership HPC
 Systems, SC20: International Conference for High Performance Computing,
 Networking, Storage and Analysis (2020).

********************************************************************************

 
 Timing information
 
                                CPU time (s)          WALL time (s)       Number
 Routine                       min        max        min        max     of calls
 -------------------------  ---------  ---------  ---------  ---------  --------
 - I/O TOTAL                     2.00       2.00       2.00       2.00         8
 - INPUT                         0.09       0.56       0.09       0.56         1
 - EPSCOPY                       1.93       1.94       1.93       1.94         1
 - FULLBZ                        0.00       0.00       0.00       0.00         2
 - VXC                           0.01       0.01       0.00       0.01         8
 - SUBGRP                        0.00       0.00       0.00       0.00         4
 - IRRBZ                         0.00       0.00       0.00       0.00         4
 - GMAP                          0.00       0.00       0.00       0.00        15
 - GENWF                         0.02       0.02       0.02       0.02        15
 - MTXEL                         0.93       1.02       0.93       1.02       240
 - MTXEL_COR TOT                 6.17       6.26       6.17       6.25       240
 - VCOUL                         0.49       0.53       0.49       0.53        15
 - EPSREAD                       0.03       0.06       0.03       0.06        15
 - INPUT_OUTER                   0.00       0.02       0.00       0.02         1
 - MTXEL COMM                    0.00       0.00       0.00       0.00        15
 - BARE X                        0.00       0.07       0.00       0.07       244
 - WF COMM                       0.01       0.02       0.01       0.02         4
 - INPUT (READ)                  0.00       0.00       0.00       0.01     16800
 - INPUT (WRITE)                 0.00       0.00       0.00       0.00       836
 - SUB-TRANSF TOT                0.00       0.00       0.00       0.00       240
 - M.COR INIT                    0.05       0.05       0.04       0.07       240
 - M.COR EPSINIT                 0.33       0.45       0.33       0.44       240
 - M.COR COMM                    1.93       2.38       1.92       2.37      3840
 - M.COR PP PREP                 0.43       0.53       0.39       0.52     31734
 - M.COR SX+CH                   2.76       3.21       2.79       3.22      3840
 - READ NEPS                     0.00       0.45       0.00       0.45         1
 - EPSCOPY IO                    1.92       1.92       1.92       1.92         4
 - EQP LOOP TOTAL                7.78       7.78       7.78       7.78         4
 - TOTAL                        11.06      11.07      11.06      11.07         1
 
 Job Done
 
