
 BerkeleyGW version 4.0
 Epsilon code, Complex version, run on 18-Apr-2026 at 08:14:24 -0700

                                                                 ..o.          
                                                                .oxxo.         
                                                               .oxxxxo...      
                                                               oxxxxxxo.       
                                                              .oxxxxxxx.       
                                                              .ooooooxxo..     
                                                              .oooooooxo..     
                                                              .oooooxxo...     
                                                       .........oxooo......    
                                                 ............................  
                                             ................................. 
                                          .................................... 
           .          ..oo. ....  .................................oooxxxxxxxo.
     .............oxxxx@ox@@@x@x.....................o...........ooooooooooxx. 
    .o.........oox@x.oo........xxx@@............ooxxxxo..........ooooxxxxxoxo  
    .x........x@xxo...............o@xxo........oxxx@@@xoooooooooooooooxxxo...  
    .o......ox@@o..................oox@o.....ooxxx@xoooxxxxxxxoooooooooooo.... 
    o..ooooo@@xoooo....ooo...........x@o.....ooxxxxo   .oxxxxxxxxxxooooooo.... 
    . .oooo@@@@@@@@@@@@@@@@@@@@@@@@@@@@@@....ooooox.     .oxx@@@@@xxoo........ 
      .ooooxxxxxxxooooooxooooooooooooooxo...oooooxx.        ..ox@xxxoo.........
      .ooooooxxxx@xoooooooooooooxxoooooooooooxxxxx.            .oxxooooooooxxo.
     .oooooxxxxx@@@xxxxxxxxxxxxxxxxxxxxxxxxoxxxxo.                .oxxxxxxxxo. 
   ....oooxxxxx@@@xo..oxxx@@@@@@xxxxoxxoooooooxx.                  .oxxxoo..   
  .....ooxxxx@@xo.       ........    .ooooooooxxo                              
  ..oooxxxx@@@o                       .oooooooxoo.                             
  ....oxooxxxxx.                       .ooo..oooo.                             
  .....o.ooxxxxxo.                     .oooooooxo.                             
 ......ooooxxxxxxo.                     .ooooooxoo..                           
........ooxxxxxxxo..                     .o....oxoo...                         
.......ooooxxxxxxxo.                     ........oooo.                         
.ooooooo..ooxxxxoooo.                    .........ooo...                       
..oxo...ooooxxxoooo..                    .ooo......oooo...                     
  .ooooo....o.                            .oxxxoo....ooo....                   
    .oooooo...                              ...ooooo...ooo..                   
       ...                                     .oo.......                      
                                               ....ooo...                      
                      __              __                                       
 ______              [  |            [  |                 ._____  _          _ 
|_   _               | |  _          | |                /  ___ | |        | |
  | |_) | .---.  _. _.| | / |  .---.  | | .---.  _    _ / /    _|   /  / / 
  |  __'./ /__\[ /`_| '' <  / /__\ | |/ /__\|   | | |   _____  /  / /  
 _| |__| | __. | |   | |`  | ___. | || ___.  / /  .___| |    /  /   
|_______/ .__./[_]  [__|  _] .__./[___].__./    /   .____./    /  /    
                                                  / /                          
                                                 /_/                           
 --------------------------------------------------------------------------------
 Please cite the main BerkeleyGW paper when using results from this calculation:

 Jack Deslippe, Georgy Samsonidze, David A. Strubbe, Manish Jain, Marvin L.
 Cohen, and Steven G. Louie, "BerkeleyGW: A Massively Parallel Computer Package
 for the Calculation of the Quasiparticle and Optical Properties of Materials
 and Nanostructures," Comput. Phys. Commun. 183, 1269 (2012)

 Aditionally, PLEASE CITE ALL PAPERS REPORTED AT THE END OF THIS CALCULATION.
 --------------------------------------------------------------------------------

 Running MPI version (parallel)
 Running with 4 MPI task(s)
 Using OpenMP. Number of threads per MPI task: 16

 Compilation flags:
 - Compiler: NVHPC
 - Para. flags: MPI, OMP
 - Math  flags: USESCALAPACK, UNPACKED, USEFFTW3, HDF5
 - Debug flags: 

 Running with verbosity level 1 (default).

 We will start a new calculation from scratch.

 
 We`ll perform a uniform sampling of the full BZ.
 
 Computing the static inverse dielectric matrix

 We are using matrix communication scheme

 We are communicating via MPI

 We are using no truncation
 Reading header of WFN.h5
 ********************
 Pseudobands detected: setting dont_check_norms and degeneracy_check_override.
 ********************
 Highest occupied band (unshifted grid) = 8
 Valence max    (unshifted grid) = 6.294142 eV
 Conduction min (unshifted grid) = 6.968806 eV
 Middle energy  (unshifted grid) = 6.631474 eV
 Fermi  energy  (unshifted grid) = 6.631474 eV

 Reading header of WFNq.h5
 Highest occupied band (shifted grid) = 8

 Calculation parameters:
 - Cutoff of the dielectric matrix (Ry): 60.00
 - Total number of bands in the calculation: 68
 - Number of fully occupied valence bands: 8
 - Number of partially occ. conduction bands: 0
 - Monkhorst-Pack q-grid for epsilon(q): 2 2 2
 
 Running with 1 valence pools
 Number of conduction bands per processor: 15
 Number of valence bands per processor: 8

 Memory available: 59819.3 MB per PE
 Memory required for execution: 102.5 MB per PE
 Memory required for vcoul: 0.0 MB per PE

 Number of electrons per unit cell (from ifmax) = 8.000000
 Number of electrons per unit cell (from occupations) = 0.000000
 Plasma Frequency = 1.220146 Ry

 WARNING: No electrons per unit cell (from occupations)!
 WARNING: Discrepancy between number of electron per unit cell from ifmax and from occupations.
 Reading using H5FD_MPIO_COLLECTIVE.
 Using communication style:  1
 
 Reading using H5FD_MPIO_COLLECTIVE.
 Using communication style:  1
 
 Initializing eps0mat.h5
 Initializing epsmat.h5
 - Screened Coulomb cutoff: 60.000 Ry
 - Total number of bands: 68
 - Number of q-points: 4

 Scissors parameters:
 - Valence:    es =   0.0000 eV, e0 =   0.0000 eV, edel =   0.0000
 - Conduction: es =   0.0000 eV, e0 =   0.0000 eV, edel =   0.0000

 Q0 and |Q0| =  0.000500  0.000000  0.000000  0.000530
 Q  and |Q|  =  0.000000  0.000000  0.500000  0.530288
 Q  and |Q|  =  0.000000  0.500000  0.500000  0.612324
 Q  and |Q|  =  0.500000  0.500000  0.500000  0.530288

 ==================================== WARNING ====================================
 You have enabled spin polarization or full spinor calculations.
 Current formalism and implementation adopted by BerkeleyGW implicitly assumes
 time-reversal symmetry (TRS), e.g. in the standard Adler-Wiser RPA polarizability.
 Running magnetic/broken-TRS systems is fundamentally against these assumptions.
 One needs to be aware of and justify its direct usage. Use at your own risk.
 =================================================================================
 GPU acceleration is : ENABLED
 
 Algorithms used:
 - mtxel         : OPENACC_ALGO
 - chi_summation : OPENACC_ALGO
 
 You have a slightly shifted q0 vector and a semiconductor.
 So, reading from WFNq.
 Reading header of WFNq.h5
 Highest occupied band (shifted grid) = 8
 Reading using H5FD_MPIO_COLLECTIVE.
 Using communication style:  1
 
 Summary of the WFN files:
 - Number of k-points in WFN: 4
 - Number of k-points in WFNq: 8
 - Number of k-points in the full BZ of WFN: 8

================================================================================
 08:14:25   Dealing with q =  0.000500  0.000000  0.000000                 1 / 4
================================================================================

 This is the special q->0 point.
 Rank of the polarizability matrix (nmtx): 2109
 
 BLACS processor grid:   2 x   2; BLOCKSIZE =   32
 
 Number of k-points in the irreducible BZ(q) (nrk): 4
 
 Using GPU support via OpenACC/OMP-Target implementation
 Using batch implementation, batch size:    20
 
 Started calculation of matrix elements with 32 transition(s) at 08:14:25.
 [ 08:14:25 |   0% ] transition  1 / 32.
 [ 08:14:25 |   6% ] transition  3 / 32, remaining: 0 s.
 [ 08:14:25 |   9% ] transition  4 / 32, remaining: 0 s.
 [ 08:14:25 |  19% ] transition  7 / 32, remaining: 0 s.
 [ 08:14:25 |  28% ] transition 10 / 32, remaining: 0 s.
 [ 08:14:25 |  38% ] transition 13 / 32, remaining: 0 s.
 [ 08:14:25 |  50% ] transition 17 / 32, remaining: 0 s.
 [ 08:14:25 |  59% ] transition 20 / 32, remaining: 0 s.
 [ 08:14:25 |  69% ] transition 23 / 32, remaining: 0 s.
 [ 08:14:25 |  78% ] transition 26 / 32, remaining: 0 s.
 [ 08:14:25 |  88% ] transition 29 / 32, remaining: 0 s.
 Finished calculation of matrix elements at 08:14:25.
 Elapsed time: 0 s.
 
 Preparing simple convergence tests with 60 unoccupied bands.
 CHI summation GPU algorithm offloading all matrix elements to device.
 
 Started building polarizability matrix with 4 processor(s) at 08:14:25.
 [ 08:14:25 |   0% ] processor 1 / 4.
 [ 08:14:26 |  25% ] processor 2 / 4.
 [ 08:14:26 |  50% ] processor 3 / 4, remaining: 0 s.
 [ 08:14:26 |  75% ] processor 4 / 4, remaining: 0 s.
 Finished building polarizability matrix at 08:14:26.
 Elapsed time: 0 s.
 
 q-pt      1: Head of Epsilon         =    5.616029214042619E+001  -1.310677505749594E-016
 q-pt      1: Epsilon(2,2)            =    1.814706889608463E+000   9.304068734417023E-019
 q-pt      1: Head of Epsilon Inverse =    2.044210413876843E-002   2.901087844345979E-020
 q-pt      1: Epsilon Inverse(2,2)    =    6.013156926665377E-001  -1.145188544687814E-018
 
 For q0 points, you should check the symmetry (eps(G,G') = eps*(-G,-G')) by
 using the eps0sym code. Wavefunction convergence, as well as a finite q-shift
 may cause this property of eps(G,G') to be broken.

 Writing dielectric matrix to file
 Ok

================================================================================
 08:14:27   Dealing with q =  0.000000  0.000000  0.500000                 2 / 4
================================================================================

 This is a regular non-zero q-point.
 Rank of the polarizability matrix (nmtx): 2120
 
 BLACS processor grid:   2 x   2; BLOCKSIZE =   32
 
 Number of k-points in the irreducible BZ(q) (nrk): 4
 
 Using GPU support via OpenACC/OMP-Target implementation
 Using batch implementation, batch size:    20
 
 Started calculation of matrix elements with 32 transition(s) at 08:14:27.
 [ 08:14:27 |   0% ] transition  1 / 32.
 [ 08:14:27 |   6% ] transition  3 / 32, remaining: 0 s.
 [ 08:14:27 |   9% ] transition  4 / 32, remaining: 0 s.
 [ 08:14:27 |  19% ] transition  7 / 32, remaining: 0 s.
 [ 08:14:27 |  28% ] transition 10 / 32, remaining: 0 s.
 [ 08:14:27 |  38% ] transition 13 / 32, remaining: 0 s.
 [ 08:14:27 |  50% ] transition 17 / 32, remaining: 0 s.
 [ 08:14:27 |  59% ] transition 20 / 32, remaining: 0 s.
 [ 08:14:27 |  69% ] transition 23 / 32, remaining: 0 s.
 [ 08:14:27 |  78% ] transition 26 / 32, remaining: 0 s.
 [ 08:14:27 |  88% ] transition 29 / 32, remaining: 0 s.
 Finished calculation of matrix elements at 08:14:27.
 Elapsed time: 0 s.
 
 Preparing simple convergence tests with 60 unoccupied bands.
 CHI summation GPU algorithm offloading all matrix elements to device.
 
 Started building polarizability matrix with 4 processor(s) at 08:14:27.
 [ 08:14:27 |   0% ] processor 1 / 4.
 [ 08:14:27 |  25% ] processor 2 / 4.
 [ 08:14:27 |  50% ] processor 3 / 4, remaining: 0 s.
 [ 08:14:27 |  75% ] processor 4 / 4, remaining: 0 s.
 Finished building polarizability matrix at 08:14:28.
 Elapsed time: 0 s.
 
 q-pt      2: Head of Epsilon         =    3.615326532170388E+000  -4.708412176269207E-018
 q-pt      2: Epsilon(2,2)            =    3.441955010217680E+000   3.953156264871482E-018
 q-pt      2: Head of Epsilon Inverse =    3.442935699057543E-001   9.215718466126788E-019
 q-pt      2: Epsilon Inverse(2,2)    =    3.546491491642578E-001  -7.589415207398531E-019

 Writing dielectric matrix to file
 Ok

================================================================================
 08:14:29   Dealing with q =  0.000000  0.500000  0.500000                 3 / 4
================================================================================

 This is a regular non-zero q-point.
 Rank of the polarizability matrix (nmtx): 2100
 
 BLACS processor grid:   2 x   2; BLOCKSIZE =   32
 
 Number of k-points in the irreducible BZ(q) (nrk): 4
 
 Using GPU support via OpenACC/OMP-Target implementation
 Using batch implementation, batch size:    20
 
 Started calculation of matrix elements with 32 transition(s) at 08:14:29.
 [ 08:14:29 |   0% ] transition  1 / 32.
 [ 08:14:29 |   6% ] transition  3 / 32, remaining: 0 s.
 [ 08:14:29 |   9% ] transition  4 / 32, remaining: 0 s.
 [ 08:14:29 |  19% ] transition  7 / 32, remaining: 0 s.
 [ 08:14:29 |  28% ] transition 10 / 32, remaining: 0 s.
 [ 08:14:29 |  38% ] transition 13 / 32, remaining: 0 s.
 [ 08:14:29 |  50% ] transition 17 / 32, remaining: 0 s.
 [ 08:14:29 |  59% ] transition 20 / 32, remaining: 0 s.
 [ 08:14:29 |  69% ] transition 23 / 32, remaining: 0 s.
 [ 08:14:29 |  78% ] transition 26 / 32, remaining: 0 s.
 [ 08:14:29 |  88% ] transition 29 / 32, remaining: 0 s.
 Finished calculation of matrix elements at 08:14:29.
 Elapsed time: 0 s.
 
 Preparing simple convergence tests with 60 unoccupied bands.
 CHI summation GPU algorithm offloading all matrix elements to device.
 
 Started building polarizability matrix with 4 processor(s) at 08:14:29.
 [ 08:14:29 |   0% ] processor 1 / 4.
 [ 08:14:29 |  25% ] processor 2 / 4.
 [ 08:14:29 |  50% ] processor 3 / 4, remaining: 0 s.
 [ 08:14:29 |  75% ] processor 4 / 4, remaining: 0 s.
 Finished building polarizability matrix at 08:14:29.
 Elapsed time: 0 s.
 
 q-pt      3: Head of Epsilon         =    3.470716053758352E+000   5.697193495296580E-019
 q-pt      3: Epsilon(2,2)            =    3.426482940682947E+000  -1.623104170426801E-018
 q-pt      3: Head of Epsilon Inverse =    3.255498968480649E-001  -1.084202172485504E-019
 q-pt      3: Epsilon Inverse(2,2)    =    3.288087529380674E-001  -3.320369153236857E-019

 Writing dielectric matrix to file
 Ok

================================================================================
 08:14:30   Dealing with q =  0.500000  0.500000  0.500000                 4 / 4
================================================================================

 This is a regular non-zero q-point.
 Rank of the polarizability matrix (nmtx): 2120
 
 BLACS processor grid:   2 x   2; BLOCKSIZE =   32
 
 Number of k-points in the irreducible BZ(q) (nrk): 4
 
 Using GPU support via OpenACC/OMP-Target implementation
 Using batch implementation, batch size:    20
 
 Started calculation of matrix elements with 32 transition(s) at 08:14:31.
 [ 08:14:31 |   0% ] transition  1 / 32.
 [ 08:14:31 |   6% ] transition  3 / 32, remaining: 0 s.
 [ 08:14:31 |   9% ] transition  4 / 32, remaining: 0 s.
 [ 08:14:31 |  19% ] transition  7 / 32, remaining: 0 s.
 [ 08:14:31 |  28% ] transition 10 / 32, remaining: 0 s.
 [ 08:14:31 |  38% ] transition 13 / 32, remaining: 0 s.
 [ 08:14:31 |  50% ] transition 17 / 32, remaining: 0 s.
 [ 08:14:31 |  59% ] transition 20 / 32, remaining: 0 s.
 [ 08:14:31 |  69% ] transition 23 / 32, remaining: 0 s.
 [ 08:14:31 |  78% ] transition 26 / 32, remaining: 0 s.
 [ 08:14:31 |  88% ] transition 29 / 32, remaining: 0 s.
 Finished calculation of matrix elements at 08:14:31.
 Elapsed time: 0 s.
 
 Preparing simple convergence tests with 60 unoccupied bands.
 CHI summation GPU algorithm offloading all matrix elements to device.
 
 Started building polarizability matrix with 4 processor(s) at 08:14:31.
 [ 08:14:31 |   0% ] processor 1 / 4.
 [ 08:14:31 |  25% ] processor 2 / 4.
 [ 08:14:31 |  50% ] processor 3 / 4, remaining: 0 s.
 [ 08:14:31 |  75% ] processor 4 / 4, remaining: 0 s.
 Finished building polarizability matrix at 08:14:31.
 Elapsed time: 0 s.
 
 q-pt      4: Head of Epsilon         =    3.478050382080386E+000   1.159096321410172E-017
 q-pt      4: Epsilon(2,2)            =    3.507441569840892E+000   1.936950328255270E-019
 q-pt      4: Head of Epsilon Inverse =    3.584141698673953E-001  -3.089976191583688E-018
 q-pt      4: Epsilon Inverse(2,2)    =    3.576604631376412E-001  -6.532741605698791E-019

 Writing dielectric matrix to file
 Ok


********************************************************************************
*                                                                              *
* Your calculation employed methods and algorithms published in peer-reviewed  *
* papers. Please, cite the following references to give proper credit to their *
*          authors and help support future development of BerkeleyGW.          *
*                                                                              *
********************************************************************************

 J. Deslippe, G. Samsonidze, D. A. Strubbe, M. Jain, M. L. Cohen, and S. G.
 Louie, BerkeleyGW: A Massively Parallel Computer Package for the Calculation
 of the Quasiparticle and Optical Properties of Materials and Nanostructures,
 Computer Physics Communications 183, 1269 (2012).

 M. S. Hybertsen and S. G. Louie, Electron Correlation in Semiconductors and
 Insulators: Band Gaps and Quasiparticle Energies, Phys. Rev. B 34, 5390
 (1986).

 B. A. Barker, and S. G. Louie, Electronic and Optical Properties of Solids
 with Strong Spin-Orbit Coupling, U. C. Berkeley PhD dissertation (2018).

 A. R. Altman, S. Kundu, F. H. da Jornada, Mixed Stochastic-Deterministic
 Approach for Many-Body Perturbation Theory Calculations, Phys. Rev. Lett. 132,
 086401 (2024).

 M. D. Ben, C. Yang, Z. Li, F. H. da Jornada, S. G. Louie, and J. Deslippe,
 Accelerating Large-Scale Excited-State GW Calculations on Leadership HPC
 Systems, SC20: International Conference for High Performance Computing,
 Networking, Storage and Analysis (2020).

********************************************************************************

 
 Timing information
 
                                CPU time (s)          WALL time (s)       Number
 Routine                       min        max        min        max     of calls
 -------------------------  ---------  ---------  ---------  ---------  --------
 - Eps (I/O) Comm                0.02       0.03       0.02       0.03         4
 - Eps (I/O) IO                  1.66       1.67       1.66       1.67         4
 - I/O TOTAL                     1.84       2.29       1.84       2.29        11
 - INPUT                         0.51       0.51       0.51       0.51         1
 - INPUT_Q                       0.01       0.45       0.01       0.45         1
 - FULLBZ                        0.00       0.00       0.00       0.00         1
 - GVEC                          0.00       0.00       0.00       0.00         4
 - SUBGRP                        0.00       0.00       0.00       0.00         4
 - IRRBZ                         0.00       0.00       0.00       0.00         4
 - GENWF                         0.05       0.06       0.05       0.06       128
 - MTXEL                         0.17       0.17       0.17       0.17       128
 - RQSTAR                        0.00       0.00       0.00       0.00        16
 - GMAP                          0.00       0.00       0.00       0.01        16
 - EPSINV (TOTAL)                4.84       4.87       4.83       4.87         4
 - CHI SUM (COMM)                0.20       0.23       0.20       0.23        16
 - CHI SUM (TOTAL)               0.72       0.77       0.72       0.77         4
 - GENWF (VAL)                   0.03       0.03       0.03       0.03       128
 - GENWF (COND)                  0.02       0.03       0.02       0.03        16
 - EPSINV (VCOUL)                0.00       0.03       0.00       0.03         4
 - JOB SETUP                     0.00       0.00       0.00       0.00         1
 - Q LOOP SETUP                  0.00       0.00       0.00       0.00         4
 - INIT CUTOFF                   0.00       0.00       0.00       0.00         4
 - INIT SCALAPACK                0.02       0.02       0.02       0.02         4
 - INIT ARRAYS                   1.05       1.05       1.04       1.05         8
 - CONVERGE TESTS                0.00       0.00       0.00       0.01         4
 - MTXEL (DENOM)                 0.00       0.00       0.00       0.00      3840
 - MTXEL (FFT)                   0.17       0.17       0.17       0.17       128
 - GENWF (Ekin)                  0.00       0.00       0.00       0.00        32
 - GENWF (Sort)                  0.03       0.03       0.03       0.03        32
 - CHI SUM (zGEMM)               0.08       0.09       0.08       0.09        16
 - CHI SUM (PREP)                0.23       0.23       0.23       0.23        16
 - CHI SUM (ARRAY ALLOC)         0.02       0.02       0.02       0.02        16
 - EPSINV (I/O)                  1.71       1.72       1.72       1.72         4
 - EPSINV (INVERT)               3.02       3.03       3.02       3.03         4
 - CHI SUM (BAR)                 0.00       0.01       0.00       0.01         4
 - FFT MLTPLY                    0.03       0.03       0.02       0.03      3840
 - TOTAL                         7.88       7.88       7.88       7.88         1
 
 Job Done
 
