
 frequency_dependence   0

 band_index     1    16
 sigma_matrix     0   0

 finite_difference_form  -2

 symmetries
 ntran  = 48
 mtrx01 =  1  0  0  0  1  0  0  0  1
 mtrx02 = -1 -1 -1  0  0  1  0  1  0
 mtrx03 =  0  1  0  1  0  0 -1 -1 -1
 mtrx04 =  0  0  1 -1 -1 -1  1  0  0
 mtrx05 =  1  1  1  0 -1  0  0  0 -1
 mtrx06 = -1  0  0  0  0 -1  0 -1  0
 mtrx07 =  0  0 -1 -1  0  0  1  1  1
 mtrx08 =  0 -1  0  1  1  1 -1  0  0
 mtrx09 = -1  0  0  0 -1  0  1  1  1
 mtrx10 =  0 -1  0 -1  0  0  0  0 -1
 mtrx11 =  1  1  1  0  0 -1 -1  0  0
 mtrx12 =  0  0 -1  1  1  1  0 -1  0
 mtrx13 = -1  0  0  1  1  1  0  0 -1
 mtrx14 =  0  0 -1  0 -1  0 -1  0  0
 mtrx15 =  1  1  1 -1  0  0  0 -1  0
 mtrx16 =  0 -1  0  0  0 -1  1  1  1
 mtrx17 =  0  1  0  0  0  1  1  0  0
 mtrx18 =  0  0  1  0  1  0 -1 -1 -1
 mtrx19 =  1  0  0 -1 -1 -1  0  1  0
 mtrx20 = -1 -1 -1  1  0  0  0  0  1
 mtrx21 =  0  0  1  1  0  0  0  1  0
 mtrx22 =  0  1  0 -1 -1 -1  0  0  1
 mtrx23 = -1 -1 -1  0  1  0  1  0  0
 mtrx24 =  1  0  0  0  0  1 -1 -1 -1
 mtrx25 = -1  0  0  0 -1  0  0  0 -1
 mtrx26 =  1  1  1  0  0 -1  0 -1  0
 mtrx27 =  0 -1  0 -1  0  0  1  1  1
 mtrx28 =  0  0 -1  1  1  1 -1  0  0
 mtrx29 = -1 -1 -1  0  1  0  0  0  1
 mtrx30 =  1  0  0  0  0  1  0  1  0
 mtrx31 =  0  0  1  1  0  0 -1 -1 -1
 mtrx32 =  0  1  0 -1 -1 -1  1  0  0
 mtrx33 =  1  0  0  0  1  0 -1 -1 -1
 mtrx34 =  0  1  0  1  0  0  0  0  1
 mtrx35 = -1 -1 -1  0  0  1  1  0  0
 mtrx36 =  0  0  1 -1 -1 -1  0  1  0
 mtrx37 =  1  0  0 -1 -1 -1  0  0  1
 mtrx38 =  0  0  1  0  1  0  1  0  0
 mtrx39 = -1 -1 -1  1  0  0  0  1  0
 mtrx40 =  0  1  0  0  0  1 -1 -1 -1
 mtrx41 =  0 -1  0  0  0 -1 -1  0  0
 mtrx42 =  0  0 -1  0 -1  0  1  1  1
 mtrx43 = -1  0  0  1  1  1  0 -1  0
 mtrx44 =  1  1  1 -1  0  0  0  0 -1
 mtrx45 =  0  0 -1 -1  0  0  0 -1  0
 mtrx46 =  0 -1  0  1  1  1  0  0 -1
 mtrx47 =  1  1  1  0 -1  0 -1  0  0
 mtrx48 = -1  0  0  0  0 -1  1  1  1
 
       k =  0.000000  0.000000  0.000000 ik =   1 spin = 1

   n            Emf             Eo              X           SX-X             CH            Sig            KIH           Eqp0           Eqp1            CH`           Sig`          Eqp0`          Eqp1`            Znk
   1   -5.697005295   -5.697005295  -17.068156040   12.603432946  -10.139635601  -14.604358694    5.102678584   -9.501680110   -9.501680110  -10.086322617  -14.551045711   -9.448367127   -9.448367127    1.000000000
   2   -5.697005295   -5.697005295  -17.068156040   12.603432946  -10.139635601  -14.604358694    5.102678584   -9.501680110   -9.501680110  -10.086322617  -14.551045711   -9.448367127   -9.448367127    1.000000000
   3    6.246361473    6.246361473  -14.032558597    9.863052924  -10.771057682  -14.940563355   17.950204006    3.009640651    3.009640651  -10.678460492  -14.847966165    3.102237841    3.102237841    1.000000000
   4    6.246361473    6.246361473  -14.032558597    9.863052924  -10.771057682  -14.940563355   17.950204006    3.009640651    3.009640651  -10.678460492  -14.847966165    3.102237841    3.102237841    1.000000000
   5    6.294141835    6.294141835  -14.018949253    9.852876554  -10.767876196  -14.933948894   17.993106913    3.059158019    3.059158019  -10.593655219  -14.759727917    3.233378996    3.233378996    1.000000000
   6    6.294141835    6.294141835  -14.018949253    9.852876554  -10.767876196  -14.933948894   17.993106913    3.059158019    3.059158019  -10.593655219  -14.759727917    3.233378996    3.233378996    1.000000000
   7    6.294141835    6.294141835  -14.018949253    9.852876554  -10.767876196  -14.933948894   17.993106913    3.059158019    3.059158019  -10.593655219  -14.759727917    3.233378996    3.233378996    1.000000000
   8    6.294141835    6.294141835  -14.018949253    9.852876554  -10.767876196  -14.933948894   17.993106913    3.059158019    3.059158019  -10.593655219  -14.759727917    3.233378996    3.233378996    1.000000000
   9    8.792480496    8.792480496   -5.080728127    3.056312014   -9.835012736  -11.859428849   19.123349945    7.263921096    7.263921096   -9.787483722  -11.811899836    7.311450109    7.311450109    1.000000000
  10    8.792480496    8.792480496   -5.080728127    3.056312014   -9.835012736  -11.859428849   19.123349945    7.263921096    7.263921096   -9.787483722  -11.811899836    7.311450109    7.311450109    1.000000000
  11    8.827245701    8.827245701   -5.068295620    3.047008528   -9.829822445  -11.851109537   19.150476097    7.299366560    7.299366560   -9.699744797  -11.721031889    7.429444208    7.429444208    1.000000000
  12    8.827245701    8.827245701   -5.068295620    3.047008528   -9.829822445  -11.851109537   19.150476097    7.299366560    7.299366560   -9.699744797  -11.721031889    7.429444208    7.429444208    1.000000000
  13    8.827245701    8.827245701   -5.068295620    3.047008528   -9.829822445  -11.851109537   19.150476097    7.299366560    7.299366560   -9.699744797  -11.721031889    7.429444208    7.429444208    1.000000000
  14    8.827245701    8.827245701   -5.068295620    3.047008528   -9.829822445  -11.851109537   19.150476097    7.299366560    7.299366560   -9.699744797  -11.721031889    7.429444208    7.429444208    1.000000000
  15    9.625622065    9.625622065   -5.123024248    2.941193649  -10.759083690  -12.940914289   21.353472584    8.412558295    8.412558295  -10.681729083  -12.863559683    8.489912901    8.489912901    1.000000000
  16    9.625622065    9.625622065   -5.123024248    2.941193649  -10.759083690  -12.940914289   21.353472584    8.412558295    8.412558295  -10.681729083  -12.863559683    8.489912901    8.489912901    1.000000000
 
       k = -0.000000 -0.000000  0.500000 ik =   2 spin = 1

   n            Emf             Eo              X           SX-X             CH            Sig            KIH           Eqp0           Eqp1            CH`           Sig`          Eqp0`          Eqp1`            Znk
   1   -3.363046818   -3.363046818  -16.540503986   12.106771049  -10.465630591  -14.899363528    7.884640040   -7.014723488   -7.014723488  -10.389207155  -14.822940092   -6.938300052   -6.938300052    1.000000000
   2   -3.363046818   -3.363046818  -16.540503986   12.106771049  -10.465630591  -14.899363528    7.884640040   -7.014723488   -7.014723488  -10.389207155  -14.822940092   -6.938300052   -6.938300052    1.000000000
   3   -0.707274858   -0.707274858  -14.239507850   10.417659043   -9.909260343  -13.731109150    9.791021862   -3.940087288   -3.940087288   -9.888296530  -13.710145337   -3.919123475   -3.919123475    1.000000000
   4   -0.707274858   -0.707274858  -14.239507850   10.417659043   -9.909260343  -13.731109150    9.791021862   -3.940087288   -3.940087288   -9.888296530  -13.710145337   -3.919123475   -3.919123475    1.000000000
   5    5.056658076    5.056658076  -13.857795884    9.860699777  -10.581063865  -14.578159972   16.470572830    1.892412859    1.892412859  -10.429584228  -14.426680335    2.043892496    2.043892496    1.000000000
   6    5.056658076    5.056658076  -13.857795884    9.860699777  -10.581063865  -14.578159972   16.470572830    1.892412859    1.892412859  -10.429584228  -14.426680335    2.043892496    2.043892496    1.000000000
   7    5.088288518    5.088288518  -13.846462707    9.852358677  -10.578888265  -14.572992295   16.498851467    1.925859172    1.925859172  -10.435846236  -14.429950266    2.068901200    2.068901200    1.000000000
   8    5.088288518    5.088288518  -13.846462707    9.852358677  -10.578888265  -14.572992295   16.498851467    1.925859172    1.925859172  -10.435846236  -14.429950266    2.068901200    2.068901200    1.000000000
   9    7.800189171    7.800189171   -5.183249871    3.031308247   -9.922471181  -12.074412806   18.352337179    6.277924373    6.277924373   -9.711083176  -11.863024800    6.489312379    6.489312379    1.000000000
  10    7.800189171    7.800189171   -5.183249871    3.031308247   -9.922471181  -12.074412806   18.352337179    6.277924373    6.277924373   -9.711083176  -11.863024800    6.489312379    6.489312379    1.000000000
  11    9.587046911    9.587046911   -4.568722985    2.697981093   -9.497030444  -11.367772336   19.474283811    8.106511476    8.106511476   -9.436137478  -11.306879370    8.167404441    8.167404441    1.000000000
  12    9.587046911    9.587046911   -4.568722985    2.697981093   -9.497030444  -11.367772336   19.474283811    8.106511476    8.106511476   -9.436137478  -11.306879370    8.167404441    8.167404441    1.000000000
  13    9.601404866    9.601404866   -4.563728217    2.694367398   -9.492820746  -11.362181565   19.482741457    8.120559892    8.120559892   -9.341470911  -11.210831730    8.271909728    8.271909728    1.000000000
  14    9.601404866    9.601404866   -4.563728217    2.694367398   -9.492820746  -11.362181565   19.482741457    8.120559892    8.120559892   -9.341470911  -11.210831730    8.271909728    8.271909728    1.000000000
  15   13.996111838   13.996111838   -2.066655599    0.841269721   -7.941568509   -9.166954387   21.840256173   12.673301786   12.673301786   -7.807473892   -9.032859769   12.807396404   12.807396404    1.000000000
  16   13.996111838   13.996111838   -2.066655599    0.841269721   -7.941568509   -9.166954387   21.840256173   12.673301786   12.673301786   -7.807473892   -9.032859769   12.807396404   12.807396404    1.000000000
 
       k =  0.000000  0.500000  0.500000 ik =   3 spin = 1

   n            Emf             Eo              X           SX-X             CH            Sig            KIH           Eqp0           Eqp1            CH`           Sig`          Eqp0`          Eqp1`            Znk
   1   -1.549907257   -1.549907257  -15.662520483   11.408649201  -10.463018527  -14.716889808    9.700171771   -5.016718037   -5.016718037  -10.370459601  -14.624330882   -4.924159111   -4.924159111    1.000000000
   2   -1.549907257   -1.549907257  -15.662520483   11.408649201  -10.463018527  -14.716889808    9.700171771   -5.016718037   -5.016718037  -10.370459601  -14.624330882   -4.924159111   -4.924159111    1.000000000
   3   -1.549907257   -1.549907257  -15.662520483   11.408649201  -10.463018527  -14.716889808    9.700171771   -5.016718037   -5.016718037  -10.370459601  -14.624330882   -4.924159111   -4.924159111    1.000000000
   4   -1.549907257   -1.549907257  -15.662520483   11.408649201  -10.463018527  -14.716889808    9.700171771   -5.016718037   -5.016718037  -10.370459601  -14.624330882   -4.924159111   -4.924159111    1.000000000
   5    3.412332482    3.412332482  -13.586046024    9.800950271  -10.203071652  -13.988167405   14.297996443    0.309829038    0.309829038  -10.170156311  -13.955252065    0.342744379    0.342744379    1.000000000
   6    3.412332482    3.412332482  -13.586046024    9.800950271  -10.203071652  -13.988167405   14.297996443    0.309829038    0.309829038  -10.170156311  -13.955252065    0.342744379    0.342744379    1.000000000
   7    3.412332482    3.412332482  -13.586046024    9.800950271  -10.203071652  -13.988167405   14.297996443    0.309829038    0.309829038  -10.170156311  -13.955252065    0.342744379    0.342744379    1.000000000
   8    3.412332482    3.412332482  -13.586046024    9.800950271  -10.203071652  -13.988167405   14.297996443    0.309829038    0.309829038  -10.170156311  -13.955252065    0.342744379    0.342744379    1.000000000
   9    6.968806361    6.968806361   -4.337935106    2.541391646   -8.943258358  -10.739801818   16.146090671    5.406288853    5.406288853   -8.888543809  -10.685087269    5.461003402    5.461003402    1.000000000
  10    6.968806361    6.968806361   -4.337935106    2.541391646   -8.943258358  -10.739801818   16.146090671    5.406288853    5.406288853   -8.888543809  -10.685087269    5.461003402    5.461003402    1.000000000
  11    6.968806361    6.968806361   -4.337935106    2.541391646   -8.943258358  -10.739801818   16.146090671    5.406288853    5.406288853   -8.888543809  -10.685087269    5.461003402    5.461003402    1.000000000
  12    6.968806361    6.968806361   -4.337935106    2.541391646   -8.943258358  -10.739801818   16.146090671    5.406288853    5.406288853   -8.888543809  -10.685087269    5.461003402    5.461003402    1.000000000
  13   16.360897211   16.360897211   -3.855302844    1.992691030  -10.387311538  -12.249923352   27.465362153   15.215438802   15.215438802  -10.248117425  -12.110729238   15.354632915   15.354632915    1.000000000
  14   16.360897211   16.360897211   -3.855302844    1.992691030  -10.387311538  -12.249923352   27.465362153   15.215438802   15.215438802  -10.248117425  -12.110729238   15.354632915   15.354632915    1.000000000
  15   16.360897211   16.360897211   -3.855302844    1.992691030  -10.387311538  -12.249923352   27.465362153   15.215438802   15.215438802  -10.248117425  -12.110729238   15.354632915   15.354632915    1.000000000
  16   16.360897211   16.360897211   -3.855302844    1.992691030  -10.387311538  -12.249923352   27.465362153   15.215438802   15.215438802  -10.248117425  -12.110729238   15.354632915   15.354632915    1.000000000
 
       k =  0.500000  0.500000  0.500000 ik =   4 spin = 1

   n            Emf             Eo              X           SX-X             CH            Sig            KIH           Eqp0           Eqp1            CH`           Sig`          Eqp0`          Eqp1`            Znk
   1   -3.363046818   -3.363046818  -16.542212275   12.111874565  -10.468649810  -14.898987519    7.884640040   -7.014347479   -7.014347479  -10.437303344  -14.867641054   -6.983001014   -6.983001014    1.000000000
   2   -3.363046818   -3.363046818  -16.542212275   12.111874565  -10.468649810  -14.898987519    7.884640040   -7.014347479   -7.014347479  -10.437303344  -14.867641054   -6.983001014   -6.983001014    1.000000000
   3   -0.707274858   -0.707274858  -14.240881331   10.416873288   -9.905129889  -13.729137932    9.791021862   -3.938116070   -3.938116070   -9.807534615  -13.631542659   -3.840520797   -3.840520797    1.000000000
   4   -0.707274858   -0.707274858  -14.240881331   10.416873288   -9.905129889  -13.729137932    9.791021862   -3.938116070   -3.938116070   -9.807534615  -13.631542659   -3.840520797   -3.840520797    1.000000000
   5    5.056658076    5.056658076  -13.858838155    9.864499294  -10.580941304  -14.575280165   16.470572831    1.895292666    1.895292666  -10.356718000  -14.351056862    2.119515969    2.119515969    1.000000000
   6    5.056658076    5.056658076  -13.858838155    9.864499294  -10.580941304  -14.575280165   16.470572831    1.895292666    1.895292666  -10.356718000  -14.351056862    2.119515969    2.119515969    1.000000000
   7    5.088288518    5.088288518  -13.847501623    9.856164204  -10.578762459  -14.570099878   16.498851468    1.928751590    1.928751590  -10.642664768  -14.634002186    1.864849281    1.864849281    1.000000000
   8    5.088288518    5.088288518  -13.847501623    9.856164204  -10.578762459  -14.570099878   16.498851468    1.928751590    1.928751590  -10.642664768  -14.634002186    1.864849281    1.864849281    1.000000000
   9    7.800189171    7.800189171   -5.183759918    3.028220640   -9.925982330  -12.081521608   18.352337180    6.270815572    6.270815572   -9.669418648  -11.824957925    6.527379255    6.527379255    1.000000000
  10    7.800189171    7.800189171   -5.183759918    3.028220640   -9.925982330  -12.081521608   18.352337180    6.270815572    6.270815572   -9.669418648  -11.824957925    6.527379255    6.527379255    1.000000000
  11    9.587046911    9.587046911   -4.569175619    2.700447191   -9.503404727  -11.372133156   19.474283811    8.102150655    8.102150655   -9.557018488  -11.425746917    8.048536894    8.048536894    1.000000000
  12    9.587046911    9.587046911   -4.569175619    2.700447191   -9.503404727  -11.372133156   19.474283811    8.102150655    8.102150655   -9.557018488  -11.425746917    8.048536894    8.048536894    1.000000000
  13    9.601404866    9.601404866   -4.564179777    2.696839815   -9.499195458  -11.366535421   19.482741457    8.116206036    8.116206036   -9.247096745  -11.114436708    8.368304749    8.368304749    1.000000000
  14    9.601404866    9.601404866   -4.564179777    2.696839815   -9.499195458  -11.366535421   19.482741457    8.116206036    8.116206036   -9.247096745  -11.114436708    8.368304749    8.368304749    1.000000000
  15   13.996111838   13.996111838   -2.066615841    0.837068951   -7.938544691   -9.168091581   21.840256172   12.672164591   12.672164591   -7.778963634   -9.008510525   12.831745648   12.831745648    1.000000000
  16   13.996111838   13.996111838   -2.066615841    0.837068951   -7.938544691   -9.168091581   21.840256172   12.672164591   12.672164591   -7.778963634   -9.008510525   12.831745648   12.831745648    1.000000000
 

================================================================================

    n = band index.
  Emf = "inner" mean-field energy eigenvalue used to construct Sigma(E),
        read from WFN_inner.
   Eo = "outer" mean-field energy eigenvalue where we center the evaluation
        frequency grid {E} of Sigma(E). Defaults to Emf, unless
        you use WFN_outer and eqp_outer.dat / scissors_outer.
  Vxc = exchange-correlation pot., calculated from VXC or read from vxc.dat.
  KIH = Kinetic energy + Ionic potential + Hartree, read from kih.dat.
    X = bare exchange.
   SX = screened exchange contrib. to Sigma(E) at energy E=Eo
   CH = Coulomb hole contrib. to Sigma(E) at energy E=Eo
  Cor = SX-X + CH = correlation portion of Sigma(E) at energy E=Eo.
  Sig = X + Cor = self energy, Sigma(E), at energy E=Eo.
 Eqp0 = on-shell QP energy = Emf - Vxc + Sig(Eo)
        Eqp0 is *not* the recommended quantity to use for QP properties.
 Eqp1 = off-shell solution to the linearized  Dyson`s equation
      = Eqp0 + (dSig/dE) / (1 - dSig/dE) * (Eqp0 - Eo),
        or a full linear interpolation if more freq. points where computed.
        Eqp1 is the recommended quantity to use for QP properties.
  Znk = quasiparticle renormalization factor

 General notes:
 - All energies are reported here in eV.
 - Both Emf and Vxc contain the average pot. Vxc0, so Vxc0 doesn`t affect Sigma.
 - Eqp1 and Eqp0 are Eqs. (36-37) from Hybertsen & Louie PRB 34 5390.
 - We recommend you use Eqp1 for QP properties of materials.

================================================================================

