
 BerkeleyGW version 4.0
 Sigma code, Complex version, run on 18-Apr-2026 at 08:14:35 -0700

                                                                 ..o.          
                                                                .oxxo.         
                                                               .oxxxxo...      
                                                               oxxxxxxo.       
                                                              .oxxxxxxx.       
                                                              .ooooooxxo..     
                                                              .oooooooxo..     
                                                              .oooooxxo...     
                                                       .........oxooo......    
                                                 ............................  
                                             ................................. 
                                          .................................... 
           .          ..oo. ....  .................................oooxxxxxxxo.
     .............oxxxx@ox@@@x@x.....................o...........ooooooooooxx. 
    .o.........oox@x.oo........xxx@@............ooxxxxo..........ooooxxxxxoxo  
    .x........x@xxo...............o@xxo........oxxx@@@xoooooooooooooooxxxo...  
    .o......ox@@o..................oox@o.....ooxxx@xoooxxxxxxxoooooooooooo.... 
    o..ooooo@@xoooo....ooo...........x@o.....ooxxxxo   .oxxxxxxxxxxooooooo.... 
    . .oooo@@@@@@@@@@@@@@@@@@@@@@@@@@@@@@....ooooox.     .oxx@@@@@xxoo........ 
      .ooooxxxxxxxooooooxooooooooooooooxo...oooooxx.        ..ox@xxxoo.........
      .ooooooxxxx@xoooooooooooooxxoooooooooooxxxxx.            .oxxooooooooxxo.
     .oooooxxxxx@@@xxxxxxxxxxxxxxxxxxxxxxxxoxxxxo.                .oxxxxxxxxo. 
   ....oooxxxxx@@@xo..oxxx@@@@@@xxxxoxxoooooooxx.                  .oxxxoo..   
  .....ooxxxx@@xo.       ........    .ooooooooxxo                              
  ..oooxxxx@@@o                       .oooooooxoo.                             
  ....oxooxxxxx.                       .ooo..oooo.                             
  .....o.ooxxxxxo.                     .oooooooxo.                             
 ......ooooxxxxxxo.                     .ooooooxoo..                           
........ooxxxxxxxo..                     .o....oxoo...                         
.......ooooxxxxxxxo.                     ........oooo.                         
.ooooooo..ooxxxxoooo.                    .........ooo...                       
..oxo...ooooxxxoooo..                    .ooo......oooo...                     
  .ooooo....o.                            .oxxxoo....ooo....                   
    .oooooo...                              ...ooooo...ooo..                   
       ...                                     .oo.......                      
                                               ....ooo...                      
                      __              __                                       
 ______              [  |            [  |                 ._____  _          _ 
|_   _               | |  _          | |                /  ___ | |        | |
  | |_) | .---.  _. _.| | / |  .---.  | | .---.  _    _ / /    _|   /  / / 
  |  __'./ /__\[ /`_| '' <  / /__\ | |/ /__\|   | | |   _____  /  / /  
 _| |__| | __. | |   | |`  | ___. | || ___.  / /  .___| |    /  /   
|_______/ .__./[_]  [__|  _] .__./[___].__./    /   .____./    /  /    
                                                  / /                          
                                                 /_/                           
 --------------------------------------------------------------------------------
 Please cite the main BerkeleyGW paper when using results from this calculation:

 Jack Deslippe, Georgy Samsonidze, David A. Strubbe, Manish Jain, Marvin L.
 Cohen, and Steven G. Louie, "BerkeleyGW: A Massively Parallel Computer Package
 for the Calculation of the Quasiparticle and Optical Properties of Materials
 and Nanostructures," Comput. Phys. Commun. 183, 1269 (2012)

 Aditionally, PLEASE CITE ALL PAPERS REPORTED AT THE END OF THIS CALCULATION.
 --------------------------------------------------------------------------------

 Running MPI version (parallel)
 Running with 4 MPI task(s)
 Using OpenMP. Number of threads per MPI task: 16

 Compilation flags:
 - Compiler: NVHPC
 - Para. flags: MPI, OMP
 - Math  flags: USESCALAPACK, UNPACKED, USEFFTW3, HDF5
 - Debug flags: 

 Running with verbosity level 1 (default).


 NOTE: `screened_coulomb_cutoff` and `bare_coulomb_cutoff` are now optional flags.

 Using the static COHSEX approximation

 We are communicating via MPI

 Using Collectives (MPI_BCast) Communication Scheme
 
 Computing CH as a partial sum over empty bands

 Running with semiconductor screening

 We are using no truncation
 Cutoff for Monte-Carlo average of Coulomb potential: 1.000E+012 Ry

 Reading (Kinetic energy + Ionic potential + Hartree) matrix elements from kih.dat file

 Treating W within the Static COHSEX approximation
 
 Memory available: 59828.2 MB per PE
 
 Read from eps0mat.h5:
 - Number of G-vectors in the charge-density grid: 16889
 - Max. number of G-vectors for dielectric matrices: 2109
 - Cutoff of the dielectric matrix (Ry): 60.000
 - Number of imaginary frequencies: 0
 - Total number of frequencies: 1
 - Frequency dependence: 0
 - Number of q-points: 1
 - Q grid: 2 2 2
 
 Read from epsmat.h5:
 - Number of G-vectors in the charge-density grid: 16889
 - Max. number of G-vectors for dielectric matrices: 2120
 - Cutoff of the dielectric matrix: 60.000
 - Number of imaginary frequencies: 0
 - Total number of frequencies: 1
 - Frequency dependence: 0
 - Number of q-points: 3
 - Q grid: 2 2 2
 
 Reading header of WFN_inner.h5
 *******************************
 Conduction pseudobands detected: setting dont_check_norms and degeneracy_check_override.
 *******************************
 Highest occupied band (unshifted grid) = 8
 Valence max    (unshifted grid) = 6.294142 eV
 Conduction min (unshifted grid) = 6.968806 eV
 Middle energy  (unshifted grid) = 6.631474 eV
 Fermi  energy  (unshifted grid) = 6.631474 eV

 
 Calculation parameters:
 - Cutoff of the bare Coulomb interaction (Ry): 60.00
 - Cutoff of the screened Coulomb interaction (Ry): 60.00
 - Number of G-vectors up to the bare int. cutoff: 2109
 - Number of G-vectors up to the screened int. cutoff: 2109
 - Total number of bands in the calculation: 68
 - Number of fully occupied valence bands: 8
 - Number of partially occ. conduction bands: 0
 
 Memory required for execution: 111.9 MB per PE
 Memory required for vcoul: 114.4 MB per PE
 
 Number of electrons per unit cell (from ifmax) = 8.000000
 Number of electrons per unit cell (from occupations) = 0.000000
 WARNING: No electrons per unit cell (from occupations)!
 WARNING: Discrepancy between number of electron per unit cell from ifmax and from occupations.
 Plasma Frequency = 1.220146 Ry

 Q-grid symmetries are being used.
 
 Parallelization report:
 - Using 4 processor(s), 1 pool(s), 4 processor(s) per pool.
 - Each pool is computing 16 diagonal sigma matrix element(s).
 - Each pool is computing 0 off-diagonal sigma matrix element(s).
 - Each processor is holding 17 band(s).
 
 
 Started reading wavefunctions (WFN_inner) with 272 state(s) at 08:14:35.
 Reading band block from WFN_inner.h5
 Reading using H5FD_MPIO_COLLECTIVE.
 Using communication style:  1
 
 [ 08:14:35 |   0% ] state   1 / 272.
 [ 08:14:35 |   1% ] state   3 / 272, remaining: 0 s.
 [ 08:14:35 |  10% ] state  28 / 272, remaining: 0 s.
 [ 08:14:35 |  20% ] state  55 / 272, remaining: 0 s.
 [ 08:14:35 |  30% ] state  82 / 272, remaining: 0 s.
 [ 08:14:35 |  40% ] state 109 / 272, remaining: 0 s.
 [ 08:14:35 |  50% ] state 136 / 272, remaining: 0 s.
 [ 08:14:35 |  60% ] state 164 / 272, remaining: 0 s.
 [ 08:14:35 |  70% ] state 191 / 272, remaining: 0 s.
 [ 08:14:35 |  80% ] state 218 / 272, remaining: 0 s.
 [ 08:14:35 |  90% ] state 245 / 272, remaining: 0 s.
 [ 08:14:35 | 100% ] state 272 / 272, remaining: 0 s.
 Finished reading wavefunctions (WFN_inner) at 08:14:35.
 Elapsed time: 0 s.
 

 Scissors parameters:
 - Valence:    es =   0.0000 eV, e0 =   0.0000 eV, edel =   0.0000
 - Conduction: es =   0.0000 eV, e0 =   0.0000 eV, edel =   0.0000

 Scissors parameters (outer):
 - Valence:    es =   0.0000 eV, e0 =   0.0000 eV, edel =   0.0000
 - Conduction: es =   0.0000 eV, e0 =   0.0000 eV, edel =   0.0000

 Number of bands to compute diagonal self-energy matrix elements: 16
 Bands:
 - 1
 - 2
 - 3
 - 4
 - 5
 - 6
 - 7
 - 8
 - 9
 - 10
 - 11
 - 12
 - 13
 - 14
 - 15
 - 16
 Number of off-diagonal bands to compute self-energy matrix elements: 0
 
 GPU acceleration is : ENABLED
 
 Algorithms used:
 - mtxel     : OPENACC_ALGO
 - sigma_gpp : OPENACC_ALGO

 Total number of frequencies in the dielectric matrix: 1
 Number of imag. frequencies in the dielectric matrix: 0

 
 Started reading eps0mat.h5 with 1 q-point(s) at 08:14:35.
 [ 08:14:35 |   0% ] q-point 1 / 1.
 Finished reading eps0mat.h5 at 08:14:35.
 Elapsed time: 0 s.
 
 
 Started reading epsmat.h5 with 3 q-point(s) at 08:14:35.
 [ 08:14:35 |   0% ] q-point 1 / 3.
 [ 08:14:36 |  33% ] q-point 2 / 3.
 [ 08:14:36 |  67% ] q-point 3 / 3, remaining: 0 s.
 Finished reading epsmat.h5 at 08:14:36.
 Elapsed time: 0 s.
 
 Number of k-points in WFN_inner: 4
 Number of k-points in the full BZ of WFN_inner: 8
 
================================================================================
 08:14:36   Dealing with k =  0.000000  0.000000  0.000000                 1 / 4
================================================================================

 Reading kih.dat
 Number of q-points in the irreducible BZ(k) (nrq): 3

 Using GPU support via OpenACC/OMP-Target implementation
 Band block size in MTXEL:    17
 
 Started calculating Sigma with 48 block(s) at 08:14:36.
 [ 08:14:37 |   0% ] block  1 / 48.
 [ 08:14:38 |   4% ] block  3 / 48, remaining: 4 s.
 [ 08:14:38 |   8% ] block  5 / 48, remaining: 4 s.
 [ 08:14:38 |  19% ] block 10 / 48, remaining: 4 s.
 [ 08:14:39 |  29% ] block 15 / 48, remaining: 3 s.
 [ 08:14:39 |  40% ] block 20 / 48, remaining: 2 s.
 [ 08:14:39 |  48% ] block 24 / 48, remaining: 2 s.
 [ 08:14:39 |  58% ] block 29 / 48, remaining: 1 s.
 [ 08:14:39 |  69% ] block 34 / 48, remaining: 1 s.
 [ 08:14:40 |  79% ] block 39 / 48, remaining: 1 s.
 [ 08:14:40 |  90% ] block 44 / 48, remaining: 0 s.
 [ 08:14:40 |  98% ] block 48 / 48, remaining: 0 s.
 Finished calculating Sigma at 08:14:40.
 Elapsed time: 3 s.
 
 Unsymmetrized values for ik =   1 spin = 1
 
     n      Emf       Eo      KIH        X     SX-X       CH      Cor      Sig
     1   -5.697   -5.697    5.103  -17.068   12.603  -10.140    2.464  -14.604
     2   -5.697   -5.697    5.103  -17.068   12.603  -10.140    2.464  -14.604
     3    6.246    6.246   17.950  -14.033    9.874  -10.771   -0.897  -14.930
     4    6.246    6.246   17.950  -14.033    9.852  -10.771   -0.919  -14.951
     5    6.294    6.294   17.993  -13.846    9.783  -10.797   -1.014  -14.861
     6    6.294    6.294   17.993  -14.210    9.906  -10.723   -0.817  -15.027
     7    6.294    6.294   17.993  -13.791    9.745  -10.815   -1.070  -14.861
     8    6.294    6.294   17.993  -14.228    9.978  -10.737   -0.759  -14.987
     9    8.792    8.792   19.123   -5.081    3.063   -9.835   -6.772  -11.853
    10    8.792    8.792   19.123   -5.081    3.050   -9.835   -6.785  -11.866
    11    8.827    8.827   19.150   -5.431    3.291   -9.830   -6.539  -11.970
    12    8.827    8.827   19.150   -4.988    3.011   -9.826   -6.815  -11.803
    13    8.827    8.827   19.150   -4.896    2.919   -9.830   -6.910  -11.807
    14    8.827    8.827   19.150   -4.958    2.967   -9.834   -6.867  -11.825
    15    9.626    9.626   21.353   -5.123    2.941  -10.759   -7.818  -12.941
    16    9.626    9.626   21.353   -5.123    2.941  -10.759   -7.818  -12.941

 Symmetrized values from band-averaging:

       k =  0.000000  0.000000  0.000000 ik =   1 spin = 1

     n      Emf       Eo      KIH        X      Cor     Eqp0     Eqp1      Znk
     1   -5.697   -5.697    5.103  -17.068    2.464   -9.502   -9.502    1.000
     2   -5.697   -5.697    5.103  -17.068    2.464   -9.502   -9.502    1.000
     3    6.246    6.246   17.950  -14.033   -0.908    3.010    3.010    1.000
     4    6.246    6.246   17.950  -14.033   -0.908    3.010    3.010    1.000
     5    6.294    6.294   17.993  -14.019   -0.915    3.059    3.059    1.000
     6    6.294    6.294   17.993  -14.019   -0.915    3.059    3.059    1.000
     7    6.294    6.294   17.993  -14.019   -0.915    3.059    3.059    1.000
     8    6.294    6.294   17.993  -14.019   -0.915    3.059    3.059    1.000
     9    8.792    8.792   19.123   -5.081   -6.779    7.264    7.264    1.000
    10    8.792    8.792   19.123   -5.081   -6.779    7.264    7.264    1.000
    11    8.827    8.827   19.150   -5.068   -6.783    7.299    7.299    1.000
    12    8.827    8.827   19.150   -5.068   -6.783    7.299    7.299    1.000
    13    8.827    8.827   19.150   -5.068   -6.783    7.299    7.299    1.000
    14    8.827    8.827   19.150   -5.068   -6.783    7.299    7.299    1.000
    15    9.626    9.626   21.353   -5.123   -7.818    8.413    8.413    1.000
    16    9.626    9.626   21.353   -5.123   -7.818    8.413    8.413    1.000
 
================================================================================
 08:14:40   Dealing with k = -0.000000 -0.000000  0.500000                 2 / 4
================================================================================

 Reading kih.dat
 Number of q-points in the irreducible BZ(k) (nrq): 4

 Using GPU support via OpenACC/OMP-Target implementation
 Band block size in MTXEL:    17
 
 Started calculating Sigma with 64 block(s) at 08:14:40.
 [ 08:14:40 |   0% ] block  1 / 64.
 [ 08:14:40 |   3% ] block  3 / 64, remaining: 6 s.
 [ 08:14:41 |   9% ] block  7 / 64, remaining: 5 s.
 [ 08:14:41 |  19% ] block 13 / 64, remaining: 5 s.
 [ 08:14:42 |  30% ] block 20 / 64, remaining: 4 s.
 [ 08:14:42 |  39% ] block 26 / 64, remaining: 3 s.
 [ 08:14:42 |  50% ] block 33 / 64, remaining: 2 s.
 [ 08:14:42 |  59% ] block 39 / 64, remaining: 1 s.
 [ 08:14:42 |  69% ] block 45 / 64, remaining: 1 s.
 [ 08:14:42 |  80% ] block 52 / 64, remaining: 1 s.
 [ 08:14:42 |  89% ] block 58 / 64, remaining: 0 s.
 Finished calculating Sigma at 08:14:43.
 Elapsed time: 2 s.
 
 Unsymmetrized values for ik =   2 spin = 1
 
     n      Emf       Eo      KIH        X     SX-X       CH      Cor      Sig
     1   -3.363   -3.363    7.885  -16.541   12.107  -10.466    1.641  -14.899
     2   -3.363   -3.363    7.885  -16.541   12.107  -10.466    1.641  -14.899
     3   -0.707   -0.707    9.791  -14.240   10.418   -9.909    0.508  -13.731
     4   -0.707   -0.707    9.791  -14.240   10.418   -9.909    0.508  -13.731
     5    5.057    5.057   16.471  -13.858    9.861  -10.581   -0.720  -14.577
     6    5.057    5.057   16.471  -13.858    9.860  -10.581   -0.721  -14.579
     7    5.088    5.088   16.499  -13.846    9.854  -10.579   -0.725  -14.571
     8    5.088    5.088   16.499  -13.846    9.850  -10.579   -0.728  -14.575
     9    7.800    7.800   18.352   -5.183    3.031   -9.922   -6.891  -12.074
    10    7.800    7.800   18.352   -5.183    3.031   -9.922   -6.891  -12.074
    11    9.587    9.587   19.474   -4.569    2.699   -9.497   -6.798  -11.367
    12    9.587    9.587   19.474   -4.569    2.697   -9.497   -6.800  -11.369
    13    9.601    9.601   19.483   -4.564    2.690   -9.493   -6.803  -11.366
    14    9.601    9.601   19.483   -4.564    2.698   -9.493   -6.794  -11.358
    15   13.996   13.996   21.840   -2.067    0.841   -7.942   -7.100   -9.167
    16   13.996   13.996   21.840   -2.067    0.841   -7.942   -7.100   -9.167

 Symmetrized values from band-averaging:

       k = -0.000000 -0.000000  0.500000 ik =   2 spin = 1

     n      Emf       Eo      KIH        X      Cor     Eqp0     Eqp1      Znk
     1   -3.363   -3.363    7.885  -16.541    1.641   -7.015   -7.015    1.000
     2   -3.363   -3.363    7.885  -16.541    1.641   -7.015   -7.015    1.000
     3   -0.707   -0.707    9.791  -14.240    0.508   -3.940   -3.940    1.000
     4   -0.707   -0.707    9.791  -14.240    0.508   -3.940   -3.940    1.000
     5    5.057    5.057   16.471  -13.858   -0.720    1.892    1.892    1.000
     6    5.057    5.057   16.471  -13.858   -0.720    1.892    1.892    1.000
     7    5.088    5.088   16.499  -13.846   -0.727    1.926    1.926    1.000
     8    5.088    5.088   16.499  -13.846   -0.727    1.926    1.926    1.000
     9    7.800    7.800   18.352   -5.183   -6.891    6.278    6.278    1.000
    10    7.800    7.800   18.352   -5.183   -6.891    6.278    6.278    1.000
    11    9.587    9.587   19.474   -4.569   -6.799    8.107    8.107    1.000
    12    9.587    9.587   19.474   -4.569   -6.799    8.107    8.107    1.000
    13    9.601    9.601   19.483   -4.564   -6.798    8.121    8.121    1.000
    14    9.601    9.601   19.483   -4.564   -6.798    8.121    8.121    1.000
    15   13.996   13.996   21.840   -2.067   -7.100   12.673   12.673    1.000
    16   13.996   13.996   21.840   -2.067   -7.100   12.673   12.673    1.000
 
================================================================================
 08:14:43   Dealing with k =  0.000000  0.500000  0.500000                 3 / 4
================================================================================

 Reading kih.dat
 Number of q-points in the irreducible BZ(k) (nrq): 4

 Using GPU support via OpenACC/OMP-Target implementation
 Band block size in MTXEL:    17
 
 Started calculating Sigma with 64 block(s) at 08:14:43.
 [ 08:14:43 |   0% ] block  1 / 64.
 [ 08:14:43 |   3% ] block  3 / 64, remaining: 6 s.
 [ 08:14:43 |   9% ] block  7 / 64, remaining: 5 s.
 [ 08:14:44 |  19% ] block 13 / 64, remaining: 5 s.
 [ 08:14:44 |  30% ] block 20 / 64, remaining: 4 s.
 [ 08:14:44 |  39% ] block 26 / 64, remaining: 3 s.
 [ 08:14:44 |  50% ] block 33 / 64, remaining: 2 s.
 [ 08:14:45 |  59% ] block 39 / 64, remaining: 1 s.
 [ 08:14:45 |  69% ] block 45 / 64, remaining: 1 s.
 [ 08:14:45 |  80% ] block 52 / 64, remaining: 1 s.
 [ 08:14:45 |  89% ] block 58 / 64, remaining: 0 s.
 Finished calculating Sigma at 08:14:45.
 Elapsed time: 2 s.
 
 Unsymmetrized values for ik =   3 spin = 1
 
     n      Emf       Eo      KIH        X     SX-X       CH      Cor      Sig
     1   -1.550   -1.550    9.700  -15.556   11.207  -10.423    0.784  -14.772
     2   -1.550   -1.550    9.700  -15.715   11.509  -10.481    1.028  -14.687
     3   -1.550   -1.550    9.700  -15.761   11.595  -10.500    1.095  -14.666
     4   -1.550   -1.550    9.700  -15.619   11.324  -10.448    0.876  -14.743
     5    3.412    3.412   14.298  -13.894    9.913  -10.172   -0.260  -14.153
     6    3.412    3.412   14.298  -13.460    9.757  -10.209   -0.452  -13.912
     7    3.412    3.412   14.298  -13.780    9.861  -10.188   -0.326  -14.107
     8    3.412    3.412   14.298  -13.210    9.673  -10.243   -0.570  -13.780
     9    6.969    6.969   16.146   -3.703    2.061   -8.855   -6.794  -10.497
    10    6.969    6.969   16.146   -3.780    2.118   -8.866   -6.748  -10.528
    11    6.969    6.969   16.146   -4.938    2.996   -9.027   -6.031  -10.968
    12    6.969    6.969   16.146   -4.932    2.991   -9.026   -6.035  -10.966
    13   16.361   16.361   27.465   -3.864    1.994  -10.385   -8.391  -12.255
    14   16.361   16.361   27.465   -3.848    1.993  -10.388   -8.396  -12.244
    15   16.361   16.361   27.465   -3.854    1.989  -10.385   -8.396  -12.250
    16   16.361   16.361   27.465   -3.856    1.996  -10.391   -8.395  -12.251

 Symmetrized values from band-averaging:

       k =  0.000000  0.500000  0.500000 ik =   3 spin = 1

     n      Emf       Eo      KIH        X      Cor     Eqp0     Eqp1      Znk
     1   -1.550   -1.550    9.700  -15.663    0.946   -5.017   -5.017    1.000
     2   -1.550   -1.550    9.700  -15.663    0.946   -5.017   -5.017    1.000
     3   -1.550   -1.550    9.700  -15.663    0.946   -5.017   -5.017    1.000
     4   -1.550   -1.550    9.700  -15.663    0.946   -5.017   -5.017    1.000
     5    3.412    3.412   14.298  -13.586   -0.402    0.310    0.310    1.000
     6    3.412    3.412   14.298  -13.586   -0.402    0.310    0.310    1.000
     7    3.412    3.412   14.298  -13.586   -0.402    0.310    0.310    1.000
     8    3.412    3.412   14.298  -13.586   -0.402    0.310    0.310    1.000
     9    6.969    6.969   16.146   -4.338   -6.402    5.406    5.406    1.000
    10    6.969    6.969   16.146   -4.338   -6.402    5.406    5.406    1.000
    11    6.969    6.969   16.146   -4.338   -6.402    5.406    5.406    1.000
    12    6.969    6.969   16.146   -4.338   -6.402    5.406    5.406    1.000
    13   16.361   16.361   27.465   -3.855   -8.395   15.215   15.215    1.000
    14   16.361   16.361   27.465   -3.855   -8.395   15.215   15.215    1.000
    15   16.361   16.361   27.465   -3.855   -8.395   15.215   15.215    1.000
    16   16.361   16.361   27.465   -3.855   -8.395   15.215   15.215    1.000
 
================================================================================
 08:14:45   Dealing with k =  0.500000  0.500000  0.500000                 4 / 4
================================================================================

 Reading kih.dat
 Number of q-points in the irreducible BZ(k) (nrq): 4

 Using GPU support via OpenACC/OMP-Target implementation
 Band block size in MTXEL:    17
 
 Started calculating Sigma with 64 block(s) at 08:14:45.
 [ 08:14:45 |   0% ] block  1 / 64.
 [ 08:14:46 |   3% ] block  3 / 64, remaining: 6 s.
 [ 08:14:46 |   9% ] block  7 / 64, remaining: 5 s.
 [ 08:14:46 |  19% ] block 13 / 64, remaining: 5 s.
 [ 08:14:47 |  30% ] block 20 / 64, remaining: 4 s.
 [ 08:14:47 |  39% ] block 26 / 64, remaining: 3 s.
 [ 08:14:47 |  50% ] block 33 / 64, remaining: 2 s.
 [ 08:14:47 |  59% ] block 39 / 64, remaining: 1 s.
 [ 08:14:47 |  69% ] block 45 / 64, remaining: 1 s.
 [ 08:14:48 |  80% ] block 52 / 64, remaining: 1 s.
 [ 08:14:48 |  89% ] block 58 / 64, remaining: 0 s.
 Finished calculating Sigma at 08:14:48.
 Elapsed time: 2 s.
 
 Unsymmetrized values for ik =   4 spin = 1
 
     n      Emf       Eo      KIH        X     SX-X       CH      Cor      Sig
     1   -3.363   -3.363    7.885  -16.542   12.112  -10.469    1.643  -14.899
     2   -3.363   -3.363    7.885  -16.542   12.112  -10.469    1.643  -14.899
     3   -0.707   -0.707    9.791  -14.241   10.417   -9.905    0.512  -13.729
     4   -0.707   -0.707    9.791  -14.241   10.417   -9.905    0.512  -13.729
     5    5.057    5.057   16.471  -13.859    9.865  -10.581   -0.716  -14.575
     6    5.057    5.057   16.471  -13.859    9.864  -10.581   -0.717  -14.575
     7    5.088    5.088   16.499  -13.848    9.846  -10.579   -0.733  -14.580
     8    5.088    5.088   16.499  -13.848    9.866  -10.579   -0.713  -14.560
     9    7.800    7.800   18.352   -5.184    3.028   -9.926   -6.898  -12.082
    10    7.800    7.800   18.352   -5.184    3.028   -9.926   -6.898  -12.082
    11    9.587    9.587   19.474   -4.569    2.698   -9.503   -6.806  -11.375
    12    9.587    9.587   19.474   -4.569    2.703   -9.503   -6.800  -11.370
    13    9.601    9.601   19.483   -4.564    2.687   -9.499   -6.812  -11.377
    14    9.601    9.601   19.483   -4.564    2.707   -9.499   -6.792  -11.356
    15   13.996   13.996   21.840   -2.067    0.837   -7.939   -7.101   -9.168
    16   13.996   13.996   21.840   -2.067    0.837   -7.939   -7.101   -9.168

 Symmetrized values from band-averaging:

       k =  0.500000  0.500000  0.500000 ik =   4 spin = 1

     n      Emf       Eo      KIH        X      Cor     Eqp0     Eqp1      Znk
     1   -3.363   -3.363    7.885  -16.542    1.643   -7.014   -7.014    1.000
     2   -3.363   -3.363    7.885  -16.542    1.643   -7.014   -7.014    1.000
     3   -0.707   -0.707    9.791  -14.241    0.512   -3.938   -3.938    1.000
     4   -0.707   -0.707    9.791  -14.241    0.512   -3.938   -3.938    1.000
     5    5.057    5.057   16.471  -13.859   -0.716    1.895    1.895    1.000
     6    5.057    5.057   16.471  -13.859   -0.716    1.895    1.895    1.000
     7    5.088    5.088   16.499  -13.848   -0.723    1.929    1.929    1.000
     8    5.088    5.088   16.499  -13.848   -0.723    1.929    1.929    1.000
     9    7.800    7.800   18.352   -5.184   -6.898    6.271    6.271    1.000
    10    7.800    7.800   18.352   -5.184   -6.898    6.271    6.271    1.000
    11    9.587    9.587   19.474   -4.569   -6.803    8.102    8.102    1.000
    12    9.587    9.587   19.474   -4.569   -6.803    8.102    8.102    1.000
    13    9.601    9.601   19.483   -4.564   -6.802    8.116    8.116    1.000
    14    9.601    9.601   19.483   -4.564   -6.802    8.116    8.116    1.000
    15   13.996   13.996   21.840   -2.067   -7.101   12.672   12.672    1.000
    16   13.996   13.996   21.840   -2.067   -7.101   12.672   12.672    1.000

================================================================================

    n = band index.
  Emf = "inner" mean-field energy eigenvalue used to construct Sigma(E),
        read from WFN_inner.
   Eo = "outer" mean-field energy eigenvalue where we center the evaluation
        frequency grid {E} of Sigma(E). Defaults to Emf, unless
        you use WFN_outer and eqp_outer.dat / scissors_outer.
  Vxc = exchange-correlation pot., calculated from VXC or read from vxc.dat.
  KIH = Kinetic energy + Ionic potential + Hartree, read from kih.dat.
    X = bare exchange.
   SX = screened exchange contrib. to Sigma(E) at energy E=Eo
   CH = Coulomb hole contrib. to Sigma(E) at energy E=Eo
  Cor = SX-X + CH = correlation portion of Sigma(E) at energy E=Eo.
  Sig = X + Cor = self energy, Sigma(E), at energy E=Eo.
 Eqp0 = on-shell QP energy = Emf - Vxc + Sig(Eo)
        Eqp0 is *not* the recommended quantity to use for QP properties.
 Eqp1 = off-shell solution to the linearized  Dyson`s equation
      = Eqp0 + (dSig/dE) / (1 - dSig/dE) * (Eqp0 - Eo),
        or a full linear interpolation if more freq. points where computed.
        Eqp1 is the recommended quantity to use for QP properties.
  Znk = quasiparticle renormalization factor

 General notes:
 - All energies are reported here in eV.
 - Both Emf and Vxc contain the average pot. Vxc0, so Vxc0 doesn`t affect Sigma.
 - Eqp1 and Eqp0 are Eqs. (36-37) from Hybertsen & Louie PRB 34 5390.
 - We recommend you use Eqp1 for QP properties of materials.

================================================================================


********************************************************************************
*                                                                              *
* Your calculation employed methods and algorithms published in peer-reviewed  *
* papers. Please, cite the following references to give proper credit to their *
*          authors and help support future development of BerkeleyGW.          *
*                                                                              *
********************************************************************************

 J. Deslippe, G. Samsonidze, D. A. Strubbe, M. Jain, M. L. Cohen, and S. G.
 Louie, BerkeleyGW: A Massively Parallel Computer Package for the Calculation
 of the Quasiparticle and Optical Properties of Materials and Nanostructures,
 Computer Physics Communications 183, 1269 (2012).

 M. S. Hybertsen and S. G. Louie, Electron Correlation in Semiconductors and
 Insulators: Band Gaps and Quasiparticle Energies, Phys. Rev. B 34, 5390
 (1986).

 B. A. Barker, and S. G. Louie, Electronic and Optical Properties of Solids
 with Strong Spin-Orbit Coupling, U. C. Berkeley PhD dissertation (2018).

 A. R. Altman, S. Kundu, F. H. da Jornada, Mixed Stochastic-Deterministic
 Approach for Many-Body Perturbation Theory Calculations, Phys. Rev. Lett. 132,
 086401 (2024).

 M. D. Ben, C. Yang, Z. Li, F. H. da Jornada, S. G. Louie, and J. Deslippe,
 Accelerating Large-Scale Excited-State GW Calculations on Leadership HPC
 Systems, SC20: International Conference for High Performance Computing,
 Networking, Storage and Analysis (2020).

********************************************************************************

 
 Timing information
 
                                CPU time (s)          WALL time (s)       Number
 Routine                       min        max        min        max     of calls
 -------------------------  ---------  ---------  ---------  ---------  --------
 - Epscopy Comm                  0.01       0.01       0.01       0.01         4
 - FFT Zero                      0.00       0.01       0.01       0.01       256
 - FFT Put                       0.00       0.00       0.00       0.00       256
 - FFT Plan                      0.84       0.86       0.86       0.87       384
 - FFT Exec                      3.54       3.56       3.53       3.55       384
 - FFT Mltply                    0.00       0.00       0.00       0.01       128
 - FFT Conjg                     0.00       0.00       0.00       0.00       128
 - FFT Get                       0.00       0.00       0.00       0.00       128
 - I/O TOTAL                     0.60       0.61       0.60       0.60         8
 - INPUT                         0.23       0.66       0.23       0.66         1
 - EPSCOPY                       0.57       0.57       0.57       0.57         1
 - FULLBZ                        0.00       0.00       0.00       0.00         2
 - VXC                           0.01       0.01       0.01       0.01         8
 - MTXEL_CH                      4.42       4.48       4.43       4.48        64
 - SUBGRP                        0.00       0.00       0.00       0.00         4
 - IRRBZ                         0.00       0.00       0.00       0.00         4
 - GMAP                          0.00       0.00       0.00       0.00        15
 - GENWF                         0.03       0.03       0.02       0.03        15
 - MTXEL                         1.22       1.29       1.21       1.29       240
 - MTXEL_COR TOT                 4.25       4.29       4.24       4.28       240
 - VCOUL                         0.62       0.64       0.61       0.64        15
 - EPSREAD                       0.04       0.07       0.04       0.07        15
 - INPUT_OUTER                   0.00       0.00       0.00       0.00         1
 - MTXEL COMM                    0.00       0.00       0.00       0.00        15
 - BARE X                        0.00       0.09       0.00       0.10       244
 - WF COMM                       0.01       0.02       0.02       0.02         4
 - INPUT (READ)                  0.00       0.00       0.00       0.00       864
 - INPUT (WRITE)                 0.00       0.00       0.00       0.00       276
 - SUB-TRANSF TOT                0.00       0.00       0.00       0.00       240
 - M.COR INIT                    0.00       0.00       0.00       0.00       240
 - M.COR EPSINIT                 1.32       1.33       1.31       1.33       240
 - M.COR COMM                    0.50       0.55       0.50       0.55       960
 - M.COR SX+CH                   1.87       1.89       1.87       1.89     16320
 - READ NEPS                     0.00       0.42       0.00       0.43         1
 - EPSCOPY IO                    0.56       0.56       0.56       0.56         4
 - EQP LOOP TOTAL               10.73      10.73      10.73      10.73         4
 - TOTAL                        13.26      13.27      13.26      13.27         1
 
 Job Done
 
