
  Zeta fitting: 2 r-chunks x 23256 r-points, 80 bands (80 left + 80 right)
  Output: /pscratch/sd/j/jackm/lorrax_sandbox/runs/MoS2/01_mos2_4x4_cohsex_gnppm/K_rank_truncation_2026-07-21/20_rt1200_rcond_1e-8/tmp/zeta_q.h5
  Left wfns:  (16, 80, 2, 1204)
  Right wfns: (16, 80, 2, 1204)
  Computing C_q via shard_map pipeline (open-spin, charge γ̃^0=I)
  Computing L_q = rank-truncated pinv  [PSD, charge channel, path=replicated_rank_truncate]
  L_q: (10, 1204, 1204)
  q-IBZ reduction: 10 IBZ q-points / 16 full-BZ (disk shrink 1.6×)
/pscratch/sd/j/jackm/lorrax_sandbox/sources/worktrees/lorrax_gw_rank_trunc/src/file_io/_slab_io_ffi.py:457: UserWarning: FFI backend: chunks/attrs on create_dataset currently no-op; pre-create with h5py if you need explicit chunking or attrs.
  warnings.warn(
  Zeta output: /pscratch/sd/j/jackm/lorrax_sandbox/runs/MoS2/01_mos2_4x4_cohsex_gnppm/K_rank_truncation_2026-07-21/20_rt1200_rcond_1e-8/tmp/zeta_q.h5  shape: (n_q_disk=10 of 4·4·1=16 full-BZ, n_rtot=46080, n_rmu=1204)
  Timing (2 r-chunks, 5.4s total):
    fit      4.04s  74.6%
    H5       1.30s  24.0%
2026-07-21 00:40:24.858804: E external/xla/xla/service/spmd/spmd_partitioner.cc:620] [spmd] Involuntary full rematerialization. The compiler was not able to go from sharding {devices=[4,1,1]<=[4]} to {devices=[1,2,1,2]<=[4] last_tile_dim_replicate} without doing a full rematerialization of the tensor for HLO operation: %copy.7 = c128[1,1204,1964]{2,1,0} copy(%reshape), sharding={devices=[4,1,1]<=[4]}, metadata={op_name="jit(fn)/jit(main)/sharding_constraint" source_file="/pscratch/sd/j/jackm/lorrax_sandbox/sources/worktrees/lorrax_gw_rank_trunc/src/gw/v_q_g_flat.py" source_line=93}. You probably want to enrich the sharding annotations to prevent this from happening.
2026-07-21 00:40:24.858933: E external/xla/xla/service/spmd/spmd_partitioner.cc:620] [spmd] Involuntary full rematerialization. The compiler was not able to go from sharding {devices=[4,1,1]<=[4]} to {devices=[1,2,1,2]<=[2,2]T(1,0) last_tile_dim_replicate} without doing a full rematerialization of the tensor for HLO operation: %copy.7 = c128[1,1204,1964]{2,1,0} copy(%reshape), sharding={devices=[4,1,1]<=[4]}, metadata={op_name="jit(fn)/jit(main)/sharding_constraint" source_file="/pscratch/sd/j/jackm/lorrax_sandbox/sources/worktrees/lorrax_gw_rank_trunc/src/gw/v_q_g_flat.py" source_line=93}. You probably want to enrich the sharding annotations to prevent this from happening.
2026-07-21 00:40:37.664060: E external/xla/xla/service/spmd/spmd_partitioner.cc:620] [spmd] Involuntary full rematerialization. The compiler was not able to go from sharding {devices=[1,2,2]<=[4]} to {devices=[4,1,1]<=[4]} without doing a full rematerialization of the tensor for HLO operation: %param = c128[16,602,602]{2,1,0} parameter(1), sharding={devices=[1,2,2]<=[4]}, metadata={op_name="y"}. You probably want to enrich the sharding annotations to prevent this from happening.
2026-07-21 00:40:37.980523: E external/xla/xla/service/spmd/spmd_partitioner.cc:620] [spmd] Involuntary full rematerialization. The compiler was not able to go from sharding {devices=[4,1,1]<=[4]} to {devices=[1,2,2]<=[4]} without doing a full rematerialization of the tensor for HLO operation: %param = c128[4,1204,1204]{2,1,0} parameter(1), sharding={devices=[4,1,1]<=[4]}, metadata={op_name="y"}. You probably want to enrich the sharding annotations to prevent this from happening.
2026-07-21 00:40:38.240355: E external/xla/xla/service/spmd/spmd_partitioner.cc:620] [spmd] Involuntary full rematerialization. The compiler was not able to go from sharding {devices=[1,2,2]<=[4]} to {devices=[4,1,1]<=[4]} without doing a full rematerialization of the tensor for HLO operation: %param = c128[16,602,602]{2,1,0} parameter(1), sharding={devices=[1,2,2]<=[4]}, metadata={op_name="x2"}. You probably want to enrich the sharding annotations to prevent this from happening.
2026-07-21 00:40:38.422499: E external/xla/xla/service/spmd/spmd_partitioner.cc:620] [spmd] Involuntary full rematerialization. The compiler was not able to go from sharding {devices=[4,1,1]<=[4]} to {devices=[1,2,2]<=[4]} without doing a full rematerialization of the tensor for HLO operation: %param = c128[4,1204,1204]{2,1,0} parameter(1), sharding={devices=[4,1,1]<=[4]}, metadata={op_name="x"}. You probably want to enrich the sharding annotations to prevent this from happening.
[pf] ▶ sigma_ppm
[pf] ■ sigma_ppm  5.991s
/pscratch/sd/j/jackm/lorrax_sandbox/sources/worktrees/lorrax_gw_rank_trunc/src/file_io/_slab_io_ffi.py:457: UserWarning: FFI backend: chunks/attrs on create_dataset currently no-op; pre-create with h5py if you need explicit chunking or attrs.
  warnings.warn(
bIO.close] Python dispatch drained in 0.2 s; joining writer thread
  [SlabIO.close] writer thread joined in 0.0 s; calling H5Fclose collectively
  [SlabIO.close] H5Fclose returned in 0.0 s
  Chunked ISDF path complete
  Minimax static window: x=[1.633053e-01, 6.343519e+00] Ry, R=38.84, nodes=9, fit_err~1.600e-06
  PPM imag-freq quadrature (ωp=2.0000 Ry): R=38.8, nodes=7, err~2.5e-07
  [SlabIO.close] draining 1 pending writes for isdf_tensors_1204.h5 …
  [SlabIO.close] Python dispatch drained in 0.9 s; joining writer thread
  [SlabIO.close] writer thread joined in 0.0 s; calling H5Fclose collectively
  [SlabIO.close] H5Fclose returned in 0.0 s
  Persisted W0_qmunu + q=0 head scalars: vhead=2443.340 a.u.,  whead[ω=0]=704.147 a.u.,  whead[iωp]=2124.092 a.u.

------------------------------------------------------------------------
  FINITE-SIZE CORRECTIONS
------------------------------------------------------------------------
  Head source: s_tensor
  v(q→0)  =     2443.340 a.u.  (bare Coulomb head)
  W(q→0)  =      704.147 a.u.  (screened Coulomb head)
  ΔW      =    -1739.193 a.u.  (screening correction)

------------------------------------------------------------------------
  STATIC HEAD TERMS (exact COHSEX / BGW-style)
------------------------------------------------------------------------
  Head source: s_tensor
  v_h(q→0)           =  2443.339832 a.u.
  W_h(q→0, ω=0)      =   704.146543 a.u.
  W_h^c              = -1739.193289 a.u.
  Σ^X head (occ)     = -2.174715e-01 Ry
  Σ^SX head (occ)    = -6.267315e-02 Ry
  Σ^(SX-X) head(occ) = 1.547983e-01 Ry
  Σ^COH head (all)   = -7.739917e-02 Ry

------------------------------------------------------------------------
  GN-PPM + FREQUENCY-INTEGRATED SIGMA
------------------------------------------------------------------------
  GN-PPM fit: 1.95s, iωp=2.0000 Ry, unfulfilled=1.09%
[pf] ▶ sigma_ppm
  Σc crossing conditioning: ξ raised 0.250 → 0.952 eV (A_core capped at 24; the requested ξ would make the HGL crossing quadrature ill-conditioned)
  Σc(ω) grid: -10.000..10.000 eV, Nω=41, Δω=0.500 eV, ξ=0.952 eV
  GN invalid modes: 253258/23193856 (1.09%)
  GN invalid modes per q: min=1868 max=69468 counts=[23700  2654 62530  2654  2232  2446  5750  1868 58640  4510 69468  4510  2232  1868  5750  2446]
  GN invalid modes → static COHSEX: max|Σ_static| = 0.5079 eV (diag max 0.5079 eV)
    ω≥E_F cond window "core" (crossing): 48 nodes, err<1e-06, E_A=[0.0817, 0.8338] Ry, project=imag
    ω≥E_F cond window "a_stripe" (Laplace): 9 nodes, err<1e-06, E_A=[0.8515, 1.8449] Ry, project=full
    ω≥E_F cond window "b_slab" (Laplace): 15 nodes, err<1e-06, E_A=[0.0817, 1.8449] Ry, project=full
Started sigma[ω≥E_F cond] at 00:40:42.
[ 00:40:42 | ░░░░░░░░░░ |   1% ] tau node  1 / 72 · ETA 0 s
[ 00:40:42 | █░░░░░░░░░ |  12% ] tau node  9 / 72 · ETA 1 s
[ 00:40:42 | ██░░░░░░░░ |  24% ] tau node 17 / 72 · ETA 1 s
[ 00:40:42 | ███░░░░░░░ |  35% ] tau node 25 / 72 · ETA 1 s
[ 00:40:42 | █████░░░░░ |  46% ] tau node 33 / 72 · ETA 1 s
[ 00:40:42 | ██████░░░░ |  56% ] tau node 40 / 72 · ETA 1 s
[ 00:40:42 | ███████░░░ |  67% ] tau node 48 / 72 · ETA 0 s
[ 00:40:43 | ████████░░ |  78% ] tau node 56 / 72 · ETA 0 s
[ 00:40:43 | █████████░ |  89% ] tau node 64 / 72 · ETA 0 s
[ 00:40:43 | ██████████ | 100% ] tau node 72 / 72 · ETA 0 s
Finished sigma[ω≥E_F cond] at 00:40:43.  Elapsed: 1 s.
    ω≥E_F val window "single" (Laplace): 15 nodes, err<1e-06, E_A=[0.0817, 4.4986] Ry, project=full
Started sigma[ω≥E_F val] at 00:40:43.
[ 00:40:43 | █░░░░░░░░░ |   7% ] tau node  1 / 15 · ETA 0 s
[ 00:40:43 | ██░░░░░░░░ |  20% ] tau node  3 / 15 · ETA 0 s
[ 00:40:43 | ███░░░░░░░ |  27% ] tau node  4 / 15 · ETA 0 s
[ 00:40:43 | ████░░░░░░ |  40% ] tau node  6 / 15 · ETA 0 s
[ 00:40:43 | █████░░░░░ |  47% ] tau node  7 / 15 · ETA 0 s
[ 00:40:43 | ██████░░░░ |  60% ] tau node  9 / 15 · ETA 0 s
[ 00:40:43 | ███████░░░ |  67% ] tau node 10 / 15 · ETA 0 s
[ 00:40:43 | ████████░░ |  80% ] tau node 12 / 15 · ETA 0 s
[ 00:40:43 | █████████░ |  87% ] tau node 13 / 15 · ETA 0 s
[ 00:40:43 | ██████████ | 100% ] tau node 15 / 15 · ETA 0 s
Finished sigma[ω≥E_F val] at 00:40:43.  Elapsed: 0 s.
    ω<E_F cond window "single" (Laplace): 15 nodes, err<1e-06, E_A=[0.0817, 1.8449] Ry, project=full
Started sigma[ω<E_F cond] at 00:40:43.
[ 00:40:43 | █░░░░░░░░░ |   7% ] tau node  1 / 15 · ETA 0 s
[ 00:40:43 | ██░░░░░░░░ |  20% ] tau node  3 / 15 · ETA 0 s
[ 00:40:43 | ███░░░░░░░ |  27% ] tau node  4 / 15 · ETA 0 s
[ 00:40:43 | ████░░░░░░ |  40% ] tau node  6 / 15 · ETA 0 s
[ 00:40:43 | █████░░░░░ |  47% ] tau node  7 / 15 · ETA 0 s
[ 00:40:44 | ██████░░░░ |  60% ] tau node  9 / 15 · ETA 0 s
[ 00:40:44 | ███████░░░ |  67% ] tau node 10 / 15 · ETA 0 s
[ 00:40:44 | ████████░░ |  80% ] tau node 12 / 15 · ETA 0 s
[ 00:40:44 | █████████░ |  87% ] tau node 13 / 15 · ETA 0 s
[ 00:40:44 | ██████████ | 100% ] tau node 15 / 15 · ETA 0 s
Finished sigma[ω<E_F cond] at 00:40:44.  Elapsed: 0 s.
    ω<E_F val window "core" (crossing): 48 nodes, err<1e-06, E_A=[0.0817, 0.4999] Ry, project=imag
    ω<E_F val window "a_stripe" (Laplace): 9 nodes, err<1e-06, E_A=[0.9611, 4.4986] Ry, project=full
    ω<E_F val window "b_slab" (Laplace): 15 nodes, err<1e-06, E_A=[0.0817, 4.4986] Ry, project=full
Started sigma[ω<E_F val] at 00:40:44.
[ 00:40:44 | ░░░░░░░░░░ |   1% ] tau node  1 / 72 · ETA 0 s
[ 00:40:44 | █░░░░░░░░░ |  12% ] tau node  9 / 72 · ETA 1 s
[ 00:40:44 | ██░░░░░░░░ |  24% ] tau node 17 / 72 · ETA 1 s
[ 00:40:44 | ███░░░░░░░ |  35% ] tau node 25 / 72 · ETA 1 s
[ 00:40:45 | █████░░░░░ |  46% ] tau node 33 / 72 · ETA 1 s
[ 00:40:45 | ██████░░░░ |  56% ] tau node 40 / 72 · ETA 1 s
[ 00:40:45 | ███████░░░ |  67% ] tau node 48 / 72 · ETA 1 s
[ 00:40:45 | ████████░░ |  78% ] tau node 56 / 72 · ETA 0 s
[ 00:40:45 | █████████░ |  89% ] tau node 64 / 72 · ETA 0 s
[ 00:40:46 | ██████████ | 100% ] tau node 72 / 72 · ETA 0 s
Finished sigma[ω<E_F val] at 00:40:46.  Elapsed: 2 s.
[pf] ■ sigma_ppm  6.458s

------------------------------------------------------------------------
  HEAD CORRECTION (scalar GN, separate from ISDF body)
------------------------------------------------------------------------
  v(q→0)             =     2443.340 a.u.
  W^c(q→0, ω=0)      =    -1739.193 a.u.
  W^c(q→0, ω=iωp)    =     -319.248 a.u.  [ωp=2.0000 Ry]
  Ω_h²               =     0.899324 Ry²
  Ω_h                =     0.948327 Ry  (12.902647 eV)
  B_h                =  1564.097510 Ry² · a.u.
  R_h                =   824.661733 Ry · a.u.
  R_h / (Ω_h · vol)  = 1.238387e+00 (Ry)
  Σ_c head shift: max|Σ^head_diag| = 3.3853 eV (on-shell occ band → -1.0531 eV)
  E_F(midgap) = -4.270480 eV  (VBM=-5.381421, CBM=-3.159539)
/pscratch/sd/j/jackm/lorrax_sandbox/sources/worktrees/lorrax_gw_rank_trunc/src/file_io/_slab_io_ffi.py:457: UserWarning: FFI backend: chunks/attrs on create_dataset currently no-op; pre-create with h5py if you need explicit chunking or attrs.
  warnings.warn(
  [SlabIO.close] draining 1 pending writes for sigma_mnk.h5 …
  [SlabIO.close] Python dispatch drained in 0.0 s; joining writer thread
  [SlabIO.close] writer thread joined in 0.0 s; calling H5Fclose collectively
  [SlabIO.close] H5Fclose returned in 0.0 s
  QSGW: 766 clipped (59.8%)
  Bare Σ_X diagonal (eV), k=0: -39.6294  -39.6294  -33.4767  -33.4767  -32.8140  -32.8140  -32.7920  -32.7920
  [SlabIO.close] draining 0 pending writes for kin_ion.h5 …
  [SlabIO.close] Python dispatch drained in 0.0 s; joining writer thread
  [SlabIO.close] writer thread joined in 0.0 s; calling H5Fclose collectively
  [SlabIO.close] H5Fclose returned in 0.0 s
  QP solver: one_shot_dft — QSGW build evaluated at E_DFT (standard G0W0)
  QP WFN (one-shot): /pscratch/sd/j/jackm/lorrax_sandbox/runs/MoS2/01_mos2_4x4_cohsex_gnppm/K_rank_truncation_2026-07-21/20_rt1200_rcond_1e-8/WFN_qp.h5
  Sigma freq debug: sigma_freq_debug.dat
  G0W0 diag (E_DFT):     /pscratch/sd/j/jackm/lorrax_sandbox/runs/MoS2/01_mos2_4x4_cohsex_gnppm/K_rank_truncation_2026-07-21/20_rt1200_rcond_1e-8/eqp_g0w0.dat

  Sigma diag:   /pscratch/sd/j/jackm/lorrax_sandbox/runs/MoS2/01_mos2_4x4_cohsex_gnppm/K_rank_truncation_2026-07-21/20_rt1200_rcond_1e-8/sigma_diag.dat
  BGW eqp0:     /pscratch/sd/j/jackm/lorrax_sandbox/runs/MoS2/01_mos2_4x4_cohsex_gnppm/K_rank_truncation_2026-07-21/20_rt1200_rcond_1e-8/eqp0.dat
  BGW eqp1:     /pscratch/sd/j/jackm/lorrax_sandbox/runs/MoS2/01_mos2_4x4_cohsex_gnppm/K_rank_truncation_2026-07-21/20_rt1200_rcond_1e-8/eqp1.dat
  Sigma(ω):     /pscratch/sd/j/jackm/lorrax_sandbox/runs/MoS2/01_mos2_4x4_cohsex_gnppm/K_rank_truncation_2026-07-21/20_rt1200_rcond_1e-8/sigma_mnk.h5
  Restart:      /pscratch/sd/j/jackm/lorrax_sandbox/runs/MoS2/01_mos2_4x4_cohsex_gnppm/K_rank_truncation_2026-07-21/20_rt1200_rcond_1e-8/tmp/isdf_tensors_1204.h5

--- Timing ---
Total recorded: 26.921 s
Section                                            Count    Total[s]     Self[s]      %
gw_jax.load_centroid_wfns                              1       2.480       0.117    9.2
  load_centroids.loader_load                           1       0.492       0.492    1.8
  load_centroids.gflat_to_rmu                          1       0.375       0.375    1.4
  load_centroids.reshard                               1       1.496       1.496    5.6
gw_jax.zeta_fit_chunked                                1       9.740       0.178   36.2
  zeta_fit.slice_halves                                1       0.034       0.034    0.1
  zeta_fit.CCT                                         1       0.114       0.114    0.4
  zeta_fit.cholesky                                    1       2.714       2.714   10.1
  zeta_fit.gc_pre_chunk_loop                           1       0.111       0.111    0.4
  zeta_fit.write_headers                               1       0.071       0.071    0.3
  zeta_fit.open_file                                   1       0.009       0.009    0.0
  psi_G_store.populate.loader_load                     5       0.486       0.486    1.8
  psi_G_store.populate.shard_to_host                   5       0.008       0.008    0.0
  zeta_fit.chunk_loop                                  1       5.145       0.000   19.1
    zeta_fit.chunk.fit_one_rchunk                      2       4.791       0.039   17.8
      zeta_fit.chunk.z_q_build                         2       3.206       3.206   11.9
      zeta_fit.chunk.solve                             2       1.547       1.547    5.7
    zeta_fit.chunk.h5_write                            2       0.354       0.354    1.3
  zeta_fit.write_g_flat                                1       0.518       0.518    1.9
  zeta_fit.close_io                                    1       0.349       0.349    1.3
  zeta_fit.sync_global                                 1       0.001       0.001    0.0
gw_jax.V_q_compute                                     1       1.415       1.415    5.3
gw_jax.wavefunction_setup                              1       0.030       0.030    0.1
gw_jax.chi0_W                                          1       2.149       0.000    8.0
  chi.compile                                          1       0.123       0.123    0.5
  chi.exec                                             1       0.102       0.102    0.4
  W.slice_to_ibz                                       1       0.040       0.040    0.1
  W.compile                                            1       0.070       0.070    0.3
  W.exec                                               1       1.443       1.443    5.4
  W.unfold_to_full_bz                                  1       0.371       0.371    1.4
gw_jax.sigma                                           1      11.107       1.152   41.3
  gw_jax.ppm_sigma                                     1       9.954       3.186   37.0
    sigma.compile                                      1       0.304       0.304    1.1
    sigma.exec                                         1       6.464       6.464   24.0
