
========================================================================
  COHSEX-JAX: Self-Energy Calculation
========================================================================
  Backend: GPU       Devices: 4  Mesh: 2×2  Processes: 4
  Device type: NVIDIA A100-SXM4-40GB
  XLA preallocate: false  mem_fraction: unset
========================================================================

  ISDF basis: 1440 centroids
  FFT grid: 36×36×36   Cell volume: 270.11 a.u.³

  BGW vcoul override: loading /pscratch/sd/j/jackm/lorrax_sandbox/runs/Si_pseudobands/00_si_2x2x2_60Ry/D_lorrax_canonical_noavg/bgw_vcoul.dat
    8 unique q-points, G counts per q: [2109, 2120, 2120, 2100, 2120, 2100, 2100, 2120]
    Memory estimate: peak 21.61 GB (budget 28.00 GB), bottleneck=zct
    Per-stage: fft=5.49  zct=10.86  reshard=6.56  solve=5.06  gather=4.68 GB
    AOT fit_one_rchunk peak (driver-level): 8.80 GB

  Chunked ISDF fitting:
    Band chunks: 60
    R chunks:    46656 (contiguous r-space)
    Q chunks:    8
    Zeta output: /pscratch/sd/j/jackm/lorrax_sandbox/runs/Si_pseudobands/00_si_2x2x2_60Ry/D_lorrax_canonical_noavg/tmp/zeta_q.h5

  Zeta fitting: 1 r-chunks x 46656 r-points, 60 bands (60 left + 60 right)
  Output: /pscratch/sd/j/jackm/lorrax_sandbox/runs/Si_pseudobands/00_si_2x2x2_60Ry/D_lorrax_canonical_noavg/tmp/zeta_q.h5
  Left wfns:  (8, 60, 2, 1440)
  Right wfns: (8, 60, 2, 1440)
  Pseudobands normalization: 0 weighted, 0 zero-weight (skipped)
  Computing pair densities P_l, P_r (spin_traced)
/opt/jax/jax/_src/interpreters/mlir.py:1178: UserWarning: Some donated buffers were not usable: ShapedArray(complex128[8,720,720]).
See an explanation at https://jax.readthedocs.io/en/latest/faq.html#buffer-donation.
  warnings.warn("Some donated buffers were not usable:"
  Computing L_q = chol(C_q)
/opt/jax/jax/_src/interpreters/mlir.py:1178: UserWarning: Some donated buffers were not usable: ShapedArray(complex128[8,720,720]).
See an explanation at https://jax.readthedocs.io/en/latest/faq.html#buffer-donation.
  warnings.warn("Some donated buffers were not usable:"
/opt/jax/jax/_src/interpreters/mlir.py:1178: UserWarning: Some donated buffers were not usable: ShapedArray(complex128[8,720,720]).
See an explanation at https://jax.readthedocs.io/en/latest/faq.html#buffer-donation.
  warnings.warn("Some donated buffers were not usable:"
/opt/jax/jax/_src/interpreters/mlir.py:1178: UserWarning: Some donated buffers were not usable: ShapedArray(complex128[8,720,720]).
See an explanation at https://jax.readthedocs.io/en/latest/faq.html#buffer-donation.
  warnings.warn("Some donated buffers were not usable:"
  L_q: (8, 1440, 1440)
/pscratch/sd/j/jackm/lorrax_sandbox/sources/lorrax_D/src/file_io/_slab_io_ffi.py:239: UserWarning: FFI backend: chunks/attrs on create_dataset currently no-op; pre-create with h5py if you need explicit chunking or attrs.
  warnings.warn(
/pscratch/sd/j/jackm/lorrax_sandbox/sources/lorrax_D/src/file_io/_slab_io_ffi.py:239: UserWarning: FFI backend: chunks/attrs on create_dataset currently no-op; pre-create with h5py if you need explicit chunking or attrs.
  warnings.warn(
/pscratch/sd/j/jackm/lorrax_sandbox/sources/lorrax_D/src/file_io/_slab_io_ffi.py:239: UserWarning: FFI backend: chunks/attrs on create_dataset currently no-op; pre-create with h5py if you need explicit chunking or attrs.
  warnings.warn(
/pscratch/sd/j/jackm/lorrax_sandbox/sources/lorrax_D/src/file_io/_slab_io_ffi.py:239: UserWarning: FFI backend: chunks/attrs on create_dataset currently no-op; pre-create with h5py if you need explicit chunking or attrs.
  warnings.warn(
  ψ(G) host cache: 0.18 GB/process resident
Started zeta fitting at 16:33:54.
[ 16:33:54 | ██████████ | 100% ] r-chunk 1 / 1 · ETA 0 s
Finished zeta fitting at 16:33:54.  Elapsed: 0 s.
  [SlabIO.close] draining 1 pending writes for zeta_q.h5 …
  [SlabIO.close] Python dispatch drained in 7.2 s; joining writer thread
  [SlabIO.close] writer thread joined in 0.0 s; calling H5Fclose collectively
  [SlabIO.close] H5Fclose returned in 0.5 s
  Zeta output: /pscratch/sd/j/jackm/lorrax_sandbox/runs/Si_pseudobands/00_si_2x2x2_60Ry/D_lorrax_canonical_noavg/tmp/zeta_q.h5  shape: (2,2,2,1440,46656)
  Timing (1 r-chunks, 1.3s total):
    fit      1.26s  98.2%
    H5       0.02s   1.7%
    GPU high-water mark: 4.06 GB / 28.00 GB budget (15%)
    γ (runtime / AOT-pred) = 0.462  (AOT predicted 8.80 GB)
    V_q bare cutoff: 60.0 Ry
    V_q budget:    27.12 GB
    V_q mu chunks: 1440
    V_q q batches: 4
  V_q (sharded): mesh=2x2, one-shot (Case A), q_chunk=8, μ_chunk=1440 (1 μ-blocks), aligned=True, N_μ=1440, N_G=2637, predicted peak/rank=1.14 GB (V_ref+g0_ref=0.07 GB)
Started V_q computation at 16:34:05.
[ 16:34:05 | █░░░░░░░░░ |  12% ] q-point 1 / 8 · ETA 0 s
[ 16:34:05 | ██░░░░░░░░ |  25% ] q-point 2 / 8 · ETA 0 s
[ 16:34:05 | ████░░░░░░ |  38% ] q-point 3 / 8 · ETA 0 s
[ 16:34:05 | █████░░░░░ |  50% ] q-point 4 / 8 · ETA 0 s
[ 16:34:05 | ██████░░░░ |  62% ] q-point 5 / 8 · ETA 0 s
[ 16:34:05 | ████████░░ |  75% ] q-point 6 / 8 · ETA 0 s
[ 16:34:05 | █████████░ |  88% ] q-point 7 / 8 · ETA 0 s
[ 16:34:05 | ██████████ | 100% ] q-point 8 / 8 · ETA 0 s
Finished V_q computation at 16:34:05.  Elapsed: 0 s.
  [SlabIO.close] draining 0 pending writes for zeta_q.h5 …
  [SlabIO.close] Python dispatch drained in 0.0 s; joining writer thread
  [SlabIO.close] writer thread joined in 0.0 s; calling H5Fclose collectively
  [SlabIO.close] H5Fclose returned in 0.4 s

  V_q computed:
    Shape: (1, 1, 1, 2, 2, 2, 1440, 1440)
    V_q=0 trace: 41090288.9519
  [SlabIO.close] draining 3 pending writes for isdf_tensors_1440.h5 …
  [SlabIO.close] Python dispatch drained in 0.6 s; joining writer thread
  [SlabIO.close] writer thread joined in 0.0 s; calling H5Fclose collectively
  [SlabIO.close] H5Fclose returned in 0.0 s
  Wavefunctions built (b0:b4=60 bands, 4 sharded copies: xn/xr/yr/yn)
  [SlabIO.close] draining 1 pending writes for isdf_tensors_1440.h5 …
  [SlabIO.close] Python dispatch drained in 0.1 s; joining writer thread
  [SlabIO.close] writer thread joined in 0.0 s; calling H5Fclose collectively
  [SlabIO.close] H5Fclose returned in 0.0 s
  Chunked ISDF path complete
  Minimax static window: x=[4.958693e-02, 3.691978e+00] Ry, R=74.45, nodes=10, fit_err~6.453e-06
  [SlabIO.close] draining 1 pending writes for isdf_tensors_1440.h5 …
  [SlabIO.close] Python dispatch drained in 0.2 s; joining writer thread
  [SlabIO.close] writer thread joined in 0.0 s; calling H5Fclose collectively
  [SlabIO.close] H5Fclose returned in 0.0 s
  Persisted W0_qmunu + q=0 head scalars: vhead=825.937 a.u.,  whead[ω=0]=16.994 a.u.

------------------------------------------------------------------------
  FINITE-SIZE CORRECTIONS
------------------------------------------------------------------------
  Head source: override
  v(q→0)  =      825.937 a.u.  (bare Coulomb head)
  W(q→0)  =       16.994 a.u.  (screened Coulomb head)
  ΔW      =     -808.943 a.u.  (screening correction)

------------------------------------------------------------------------
  STATIC HEAD TERMS (exact COHSEX / BGW-style)
------------------------------------------------------------------------
  Head source: override
  v_h(q→0)           =   825.937026 a.u.
  W_h(q→0, ω=0)      =    16.993850 a.u.
  W_h^c              =  -808.943176 a.u.
  Σ^X head (occ)     = -3.822265e-01 Ry
  Σ^SX head (occ)    = -7.864402e-03 Ry
  Σ^(SX-X) head(occ) = 3.743621e-01 Ry
  Σ^COH head (all)   = -1.871811e-01 Ry
2026-05-05 16:34:10.049689: E external/xla/xla/service/spmd/spmd_partitioner.cc:620] [spmd] Involuntary full rematerialization. The compiler was not able to go from sharding {devices=[4,1,1]<=[4]} to {devices=[1,2,2]<=[4]} without doing a full rematerialization of the tensor for HLO operation: %param = c128[2,1440,1440]{2,1,0} parameter(5), sharding={devices=[4,1,1]<=[4]}, metadata={op_name="W_q"}. You probably want to enrich the sharding annotations to prevent this from happening.
2026-05-05 16:34:10.053369: E external/xla/xla/service/spmd/spmd_partitioner.cc:620] [spmd] Involuntary full rematerialization. The compiler was not able to go from sharding {devices=[4,1,1]<=[4]} to {devices=[1,2,2]<=[4]} without doing a full rematerialization of the tensor for HLO operation: %param = c128[2,1440,1440]{2,1,0} parameter(5), sharding={devices=[4,1,1]<=[4]}, metadata={op_name="W_q"}. You probably want to enrich the sharding annotations to prevent this from happening.
2026-05-05 16:34:10.056379: E external/xla/xla/service/spmd/spmd_partitioner.cc:620] [spmd] Involuntary full rematerialization. The compiler was not able to go from sharding {devices=[4,1,1]<=[4]} to {devices=[1,2,2]<=[4]} without doing a full rematerialization of the tensor for HLO operation: %param = c128[2,1440,1440]{2,1,0} parameter(5), sharding={devices=[4,1,1]<=[4]}, metadata={op_name="W_q"}. You probably want to enrich the sharding annotations to prevent this from happening.
2026-05-05 16:34:10.317111: E external/xla/xla/service/spmd/spmd_partitioner.cc:620] [spmd] Involuntary full rematerialization. The compiler was not able to go from sharding {devices=[1,2,2]<=[4]} to {devices=[4,1,1]<=[4]} without doing a full rematerialization of the tensor for HLO operation: %param = c128[8,720,720]{2,1,0} parameter(5), sharding={devices=[1,2,2]<=[4]}, metadata={op_name="V_q"}. You probably want to enrich the sharding annotations to prevent this from happening.
2026-05-05 16:34:10.317165: E external/xla/xla/service/spmd/spmd_partitioner.cc:620] [spmd] Involuntary full rematerialization. The compiler was not able to go from sharding {devices=[4,1,1]<=[4]} to {devices=[1,2,2]<=[4]} without doing a full rematerialization of the tensor for HLO operation: %subtract.13 = c128[2,1440,1440]{2,1,0} subtract(%param, %dynamic-slice), sharding={devices=[4,1,1]<=[4]}, metadata={op_name="jit(sigma_coh)/jit(main)/sub" source_file="/pscratch/sd/j/jackm/lorrax_sandbox/sources/lorrax_D/src/gw/cohsex_sigma.py" source_line=106}. You probably want to enrich the sharding annotations to prevent this from happening.
2026-05-05 16:34:10.317549: E external/xla/xla/service/spmd/spmd_partitioner.cc:620] [spmd] Involuntary full rematerialization. The compiler was not able to go from sharding {devices=[1,2,2]<=[4]} to {devices=[4,1,1]<=[4]} without doing a full rematerialization of the tensor for HLO operation: %param = c128[8,720,720]{2,1,0} parameter(5), sharding={devices=[1,2,2]<=[4]}, metadata={op_name="V_q"}. You probably want to enrich the sharding annotations to prevent this from happening.
2026-05-05 16:34:10.317605: E external/xla/xla/service/spmd/spmd_partitioner.cc:620] [spmd] Involuntary full rematerialization. The compiler was not able to go from sharding {devices=[4,1,1]<=[4]} to {devices=[1,2,2]<=[4]} without doing a full rematerialization of the tensor for HLO operation: %subtract.13 = c128[2,1440,1440]{2,1,0} subtract(%param, %dynamic-slice), sharding={devices=[4,1,1]<=[4]}, metadata={op_name="jit(sigma_coh)/jit(main)/sub" source_file="/pscratch/sd/j/jackm/lorrax_sandbox/sources/lorrax_D/src/gw/cohsex_sigma.py" source_line=106}. You probably want to enrich the sharding annotations to prevent this from happening.
2026-05-05 16:34:10.318236: E external/xla/xla/service/spmd/spmd_partitioner.cc:620] [spmd] Involuntary full rematerialization. The compiler was not able to go from sharding {devices=[1,2,2]<=[4]} to {devices=[4,1,1]<=[4]} without doing a full rematerialization of the tensor for HLO operation: %param = c128[8,720,720]{2,1,0} parameter(5), sharding={devices=[1,2,2]<=[4]}, metadata={op_name="V_q"}. You probably want to enrich the sharding annotations to prevent this from happening.
2026-05-05 16:34:10.318291: E external/xla/xla/service/spmd/spmd_partitioner.cc:620] [spmd] Involuntary full rematerialization. The compiler was not able to go from sharding {devices=[4,1,1]<=[4]} to {devices=[1,2,2]<=[4]} without doing a full rematerialization of the tensor for HLO operation: %subtract.13 = c128[2,1440,1440]{2,1,0} subtract(%param, %dynamic-slice), sharding={devices=[4,1,1]<=[4]}, metadata={op_name="jit(sigma_coh)/jit(main)/sub" source_file="/pscratch/sd/j/jackm/lorrax_sandbox/sources/lorrax_D/src/gw/cohsex_sigma.py" source_line=106}. You probably want to enrich the sharding annotations to prevent this from happening.
  Bare Σ_X diagonal (eV), k=0: -16.5442  -16.5442  -13.7136  -13.7136  -13.7007  -13.7007  -13.7007  -13.7007

  Output: /pscratch/sd/j/jackm/lorrax_sandbox/runs/Si_pseudobands/00_si_2x2x2_60Ry/D_lorrax_canonical_noavg/eqp0.dat
  Restart:  /pscratch/sd/j/jackm/lorrax_sandbox/runs/Si_pseudobands/00_si_2x2x2_60Ry/D_lorrax_canonical_noavg/tmp/isdf_tensors_1440.h5

--- Timing ---
Total recorded: 18.856 s
Section                                            Count    Total[s]     Self[s]      %
gw_jax.load_centroid_wfns                              1       1.079       1.016    5.7
  load_wfns.precompute_owned                           1       0.000       0.000    0.0
  load_wfns.k_loop                                     1       0.010       0.010    0.1
  load_wfns.scatter                                    1       0.016       0.016    0.1
  load_wfns.make_global_array                          1       0.037       0.037    0.2
gw_jax.zeta_fit_chunked                                1      11.034       0.435   58.5
  zeta_fit.slice_halves                                1       0.038       0.038    0.2
  zeta_fit.CCT                                         1       0.152       0.152    0.8
  zeta_fit.cholesky                                    1       1.245       1.245    6.6
  zeta_fit.gc_pre_chunk_loop                           1       0.070       0.070    0.4
  zeta_fit.open_file                                   1       0.063       0.063    0.3
  zeta_fit.chunk_loop                                  1       1.280       0.000    6.8
    zeta_fit.chunk.fit_one_rchunk                      1       1.258       1.258    6.7
    zeta_fit.chunk.h5_write                            1       0.022       0.022    0.1
  zeta_fit.close_io                                    1       7.748       7.748   41.1
  zeta_fit.sync_global                                 1       0.004       0.004    0.0
gw_jax.V_q_compute                                     1       3.972       0.578   21.1
  compute_all_V_q_sharded                              1       3.394       3.394   18.0
gw_jax.wavefunction_setup                              1       0.030       0.030    0.2
gw_jax.chi0_W                                          1       1.244       0.029    6.6
  chi.compile                                          1       0.130       0.130    0.7
  chi.exec                                             1       0.112       0.112    0.6
  W.compile                                            1       0.070       0.070    0.4
  W.exec                                               1       0.902       0.902    4.8
gw_jax.sigma                                           1       1.499       1.499    7.9
