[lxrun] JID 52783844 · 4 nodes · 2:25:12 left · 4/4 free · incoming: lx-A
  1  nid001105  free   —              —      —  ← starting lx-A  python3 -u -m gw.gw_jax 
  2  nid001108  free   —              —      —
  3  nid001109  free   —              —      —
  4  nid001112  free   —              —      —

========================================================================
  COHSEX-JAX: Self-Energy Calculation
========================================================================
  Backend: GPU       Devices: 4  Mesh: 2×2  Processes: 4
  Device type: NVIDIA A100-SXM4-40GB
  XLA preallocate: false  mem_fraction: unset
========================================================================

/global/u2/j/jackm/software/lorrax_A/src/common/symmetry_maps.py:324: UserWarning: SymMaps: 3/9 full-BZ k-points require time-reversal symmetry for unfolding. Non-symmorphic phases are NOT applied for these k-points. Use noinv=.true. in QE to avoid this.
  warnings.warn(
/global/u2/j/jackm/software/lorrax_A/src/common/symmetry_maps.py:324: UserWarning: SymMaps: 3/9 full-BZ k-points require time-reversal symmetry for unfolding. Non-symmorphic phases are NOT applied for these k-points. Use noinv=.true. in QE to avoid this.
  warnings.warn(
/global/u2/j/jackm/software/lorrax_A/src/common/symmetry_maps.py:324: UserWarning: SymMaps: 3/9 full-BZ k-points require time-reversal symmetry for unfolding. Non-symmorphic phases are NOT applied for these k-points. Use noinv=.true. in QE to avoid this.
  warnings.warn(
/global/u2/j/jackm/software/lorrax_A/src/common/symmetry_maps.py:324: UserWarning: SymMaps: 3/9 full-BZ k-points require time-reversal symmetry for unfolding. Non-symmorphic phases are NOT applied for these k-points. Use noinv=.true. in QE to avoid this.
  warnings.warn(
  ISDF basis: 584 centroids
  FFT grid: 24×24×80   Cell volume: 701.89 a.u.³

    Memory estimate: peak 27.16 GB (budget 28.00 GB), bottleneck=zct
    Per-stage: fft=13.40  zct=27.16  reshard=1.08  solve=0.84  gather=0.74 GB
    AOT fit_one_rchunk peak (driver-level): 1.60 GB

  Chunked ISDF fitting:
    Band chunks: 80
    R chunks:    16108 (contiguous r-space)
    Q chunks:    9
    Zeta output: /pscratch/sd/j/jackm/lorrax_sandbox/runs/MoS2/01_mos2_3x3_d3h_2026-05-09/A_bispinor_smoke/tmp/zeta_q.h5

  Zeta fitting: 3 r-chunks x 16108 r-points, 80 bands (80 left + 80 right)
  Output: /pscratch/sd/j/jackm/lorrax_sandbox/runs/MoS2/01_mos2_3x3_d3h_2026-05-09/A_bispinor_smoke/tmp/zeta_q.h5
  Left wfns:  (9, 80, 4, 584)
  Right wfns: (9, 80, 4, 584)
  Pseudobands normalization: 0 weighted, 0 zero-weight (skipped)
  Computing pair densities P_l, P_r (open-spin, charge γ̃^0=I)
/opt/jax/jax/_src/interpreters/mlir.py:1178: UserWarning: Some donated buffers were not usable: ShapedArray(complex128[9,4,4,292,292]), ShapedArray(complex128[9,4,4,292,292]).
See an explanation at https://jax.readthedocs.io/en/latest/faq.html#buffer-donation.
  warnings.warn("Some donated buffers were not usable:"
  Computing L_q = chol(C_q)  [PSD, charge channel]

  Zeta fitting: 3 r-chunks x 16108 r-points, 80 bands (80 left + 80 right)
  Output: /pscratch/sd/j/jackm/lorrax_sandbox/runs/MoS2/01_mos2_3x3_d3h_2026-05-09/A_bispinor_smoke/tmp/zeta_q.h5
  Left wfns:  (9, 80, 4, 584)
  Right wfns: (9, 80, 4, 584)

  Zeta fitting: 3 r-chunks x 16108 r-points, 80 bands (80 left + 80 right)
  Output: /pscratch/sd/j/jackm/lorrax_sandbox/runs/MoS2/01_mos2_3x3_d3h_2026-05-09/A_bispinor_smoke/tmp/zeta_q.h5
  Left wfns:  (9, 80, 4, 584)
  Right wfns: (9, 80, 4, 584)

  Zeta fitting: 3 r-chunks x 16108 r-points, 80 bands (80 left + 80 right)
  Output: /pscratch/sd/j/jackm/lorrax_sandbox/runs/MoS2/01_mos2_3x3_d3h_2026-05-09/A_bispinor_smoke/tmp/zeta_q.h5
  Left wfns:  (9, 80, 4, 584)
  Right wfns: (9, 80, 4, 584)
  Pseudobands normalization: 0 weighted, 0 zero-weight (skipped)
  Computing pair densities P_l, P_r (open-spin, charge γ̃^0=I)
  Pseudobands normalization: 0 weighted, 0 zero-weight (skipped)
  Computing pair densities P_l, P_r (open-spin, charge γ̃^0=I)
  Pseudobands normalization: 0 weighted, 0 zero-weight (skipped)
  Computing pair densities P_l, P_r (open-spin, charge γ̃^0=I)
/opt/jax/jax/_src/interpreters/mlir.py:1178: UserWarning: Some donated buffers were not usable: ShapedArray(complex128[9,4,4,292,292]), ShapedArray(complex128[9,4,4,292,292]).
See an explanation at https://jax.readthedocs.io/en/latest/faq.html#buffer-donation.
  warnings.warn("Some donated buffers were not usable:"
/opt/jax/jax/_src/interpreters/mlir.py:1178: UserWarning: Some donated buffers were not usable: ShapedArray(complex128[9,4,4,292,292]), ShapedArray(complex128[9,4,4,292,292]).
See an explanation at https://jax.readthedocs.io/en/latest/faq.html#buffer-donation.
  warnings.warn("Some donated buffers were not usable:"
/opt/jax/jax/_src/interpreters/mlir.py:1178: UserWarning: Some donated buffers were not usable: ShapedArray(complex128[9,4,4,292,292]), ShapedArray(complex128[9,4,4,292,292]).
See an explanation at https://jax.readthedocs.io/en/latest/faq.html#buffer-donation.
  warnings.warn("Some donated buffers were not usable:"
  Computing L_q = chol(C_q)  [PSD, charge channel]
  Computing L_q = chol(C_q)  [PSD, charge channel]
  Computing L_q = chol(C_q)  [PSD, charge channel]
  L_q: (9, 584, 584)
  L_q: (9, 584, 584)
  L_q: (9, 584, 584)
  L_q: (9, 584, 584)
/global/u2/j/jackm/software/lorrax_A/src/file_io/_slab_io_ffi.py:385: UserWarning: FFI backend: chunks/attrs on create_dataset currently no-op; pre-create with h5py if you need explicit chunking or attrs.
  warnings.warn(
/global/u2/j/jackm/software/lorrax_A/src/file_io/_slab_io_ffi.py:385: UserWarning: FFI backend: chunks/attrs on create_dataset currently no-op; pre-create with h5py if you need explicit chunking or attrs.
  warnings.warn(
/global/u2/j/jackm/software/lorrax_A/src/file_io/_slab_io_ffi.py:385: UserWarning: FFI backend: chunks/attrs on create_dataset currently no-op; pre-create with h5py if you need explicit chunking or attrs.
  warnings.warn(
/global/u2/j/jackm/software/lorrax_A/src/file_io/_slab_io_ffi.py:385: UserWarning: FFI backend: chunks/attrs on create_dataset currently no-op; pre-create with h5py if you need explicit chunking or attrs.
  warnings.warn(
  ψ(G) host cache: 0.53 GB/process resident
Started zeta fitting at 14:26:17.
[ 14:26:17 | ███░░░░░░░ |  33% ] r-chunk 1 / 3 · ETA 0 s
[ 14:26:18 | ███████░░░ |  67% ] r-chunk 2 / 3 · ETA 0 s
[ 14:26:28 | ██████████ | 100% ] r-chunk 3 / 3 · ETA 0 s
Finished zeta fitting at 14:26:28.  Elapsed: 11 s.
  [SlabIO.close] draining 1 pending writes for zeta_q.h5 …
  [SlabIO.close] Python dispatch drained in 0.8 s; joining writer thread
  [SlabIO.close] writer thread joined in 0.0 s; calling H5Fclose collectively
  [SlabIO.close] H5Fclose returned in 0.2 s
  Zeta output: /pscratch/sd/j/jackm/lorrax_sandbox/runs/MoS2/01_mos2_3x3_d3h_2026-05-09/A_bispinor_smoke/tmp/zeta_q.h5  shape: (3,3,1,584,46080)
  Timing (3 r-chunks, 12.6s total):
    fit     12.37s  97.9%
    H5       0.26s   2.0%
  Zeta output: /pscratch/sd/j/jackm/lorrax_sandbox/runs/MoS2/01_mos2_3x3_d3h_2026-05-09/A_bispinor_smoke/tmp/zeta_q.h5  shape: (3,3,1,584,46080)
  Timing (3 r-chunks, 12.7s total):
    fit     12.44s  98.1%
    H5       0.22s   1.8%
  Zeta output: /pscratch/sd/j/jackm/lorrax_sandbox/runs/MoS2/01_mos2_3x3_d3h_2026-05-09/A_bispinor_smoke/tmp/zeta_q.h5  shape: (3,3,1,584,46080)
  Timing (3 r-chunks, 12.7s total):
    fit     12.43s  98.1%
    H5       0.23s   1.8%
  Zeta output: /pscratch/sd/j/jackm/lorrax_sandbox/runs/MoS2/01_mos2_3x3_d3h_2026-05-09/A_bispinor_smoke/tmp/zeta_q.h5  shape: (3,3,1,584,46080)
  Timing (3 r-chunks, 12.7s total):
    fit     12.39s  97.8%
    H5       0.26s   2.1%
  [diag] ζ^{μ_L=0} q=0: max|ζ|=3.804e+00, L2=8.193e+02
    GPU high-water mark: 2.17 GB / 28.00 GB budget (8%)
    γ (runtime / AOT-pred) = 1.356  (AOT predicted 1.60 GB)

  [bispinor] fitting ζ^{μ_L=1,2,3} on current-density centroids: centroids_frac_428_current.txt

  Zeta fitting: 3 r-chunks x 16108 r-points, 80 bands (80 left + 80 right)
  Output: /pscratch/sd/j/jackm/lorrax_sandbox/runs/MoS2/01_mos2_3x3_d3h_2026-05-09/A_bispinor_smoke/tmp/zeta_q_mu1.h5
  Left wfns:  (9, 80, 4, 428)
  Right wfns: (9, 80, 4, 428)
  [bispinor] μ_L=1 → /pscratch/sd/j/jackm/lorrax_sandbox/runs/MoS2/01_mos2_3x3_d3h_2026-05-09/A_bispinor_smoke/tmp/zeta_q_mu1.h5

  Zeta fitting: 3 r-chunks x 16108 r-points, 80 bands (80 left + 80 right)
  Output: /pscratch/sd/j/jackm/lorrax_sandbox/runs/MoS2/01_mos2_3x3_d3h_2026-05-09/A_bispinor_smoke/tmp/zeta_q_mu1.h5
  Left wfns:  (9, 80, 4, 428)
  Right wfns: (9, 80, 4, 428)

  Zeta fitting: 3 r-chunks x 16108 r-points, 80 bands (80 left + 80 right)
  Output: /pscratch/sd/j/jackm/lorrax_sandbox/runs/MoS2/01_mos2_3x3_d3h_2026-05-09/A_bispinor_smoke/tmp/zeta_q_mu1.h5
  Left wfns:  (9, 80, 4, 428)
  Right wfns: (9, 80, 4, 428)

  Zeta fitting: 3 r-chunks x 16108 r-points, 80 bands (80 left + 80 right)
  Output: /pscratch/sd/j/jackm/lorrax_sandbox/runs/MoS2/01_mos2_3x3_d3h_2026-05-09/A_bispinor_smoke/tmp/zeta_q_mu1.h5
  Left wfns:  (9, 80, 4, 428)
  Right wfns: (9, 80, 4, 428)
  Pseudobands normalization: 0 weighted, 0 zero-weight (skipped)
  Computing pair densities P_l, P_r (open-spin, transverse γ̃^1)
  Pseudobands normalization: 0 weighted, 0 zero-weight (skipped)
  Computing pair densities P_l, P_r (open-spin, transverse γ̃^1)
  Pseudobands normalization: 0 weighted, 0 zero-weight (skipped)
  Computing pair densities P_l, P_r (open-spin, transverse γ̃^1)
  Pseudobands normalization: 0 weighted, 0 zero-weight (skipped)
  Computing pair densities P_l, P_r (open-spin, transverse γ̃^1)
/opt/jax/jax/_src/interpreters/mlir.py:1178: UserWarning: Some donated buffers were not usable: ShapedArray(complex128[9,4,4,214,214]), ShapedArray(complex128[9,4,4,214,214]).
See an explanation at https://jax.readthedocs.io/en/latest/faq.html#buffer-donation.
  warnings.warn("Some donated buffers were not usable:"
/opt/jax/jax/_src/interpreters/mlir.py:1178: UserWarning: Some donated buffers were not usable: ShapedArray(complex128[9,4,4,214,214]), ShapedArray(complex128[9,4,4,214,214]).
See an explanation at https://jax.readthedocs.io/en/latest/faq.html#buffer-donation.
  warnings.warn("Some donated buffers were not usable:"
/opt/jax/jax/_src/interpreters/mlir.py:1178: UserWarning: Some donated buffers were not usable: ShapedArray(complex128[9,4,4,214,214]), ShapedArray(complex128[9,4,4,214,214]).
See an explanation at https://jax.readthedocs.io/en/latest/faq.html#buffer-donation.
  warnings.warn("Some donated buffers were not usable:"
/opt/jax/jax/_src/interpreters/mlir.py:1178: UserWarning: Some donated buffers were not usable: ShapedArray(complex128[9,4,4,214,214]), ShapedArray(complex128[9,4,4,214,214]).
See an explanation at https://jax.readthedocs.io/en/latest/faq.html#buffer-donation.
  warnings.warn("Some donated buffers were not usable:"
  Pass through C_q  [γ̃^1 indefinite — pivoted-LU + ridge solve]
  L_q: (9, 428, 428)
  Pass through C_q  [γ̃^1 indefinite — pivoted-LU + ridge solve]
  L_q: (9, 428, 428)
  Pass through C_q  [γ̃^1 indefinite — pivoted-LU + ridge solve]
  L_q: (9, 428, 428)
  Pass through C_q  [γ̃^1 indefinite — pivoted-LU + ridge solve]
  L_q: (9, 428, 428)
/global/u2/j/jackm/software/lorrax_A/src/file_io/_slab_io_ffi.py:385: UserWarning: FFI backend: chunks/attrs on create_dataset currently no-op; pre-create with h5py if you need explicit chunking or attrs.
  warnings.warn(
/global/u2/j/jackm/software/lorrax_A/src/file_io/_slab_io_ffi.py:385: UserWarning: FFI backend: chunks/attrs on create_dataset currently no-op; pre-create with h5py if you need explicit chunking or attrs.
  warnings.warn(
/global/u2/j/jackm/software/lorrax_A/src/file_io/_slab_io_ffi.py:385: UserWarning: FFI backend: chunks/attrs on create_dataset currently no-op; pre-create with h5py if you need explicit chunking or attrs.
  warnings.warn(
/global/u2/j/jackm/software/lorrax_A/src/file_io/_slab_io_ffi.py:385: UserWarning: FFI backend: chunks/attrs on create_dataset currently no-op; pre-create with h5py if you need explicit chunking or attrs.
  warnings.warn(
  ψ(G) host cache: 0.53 GB/process resident
Started zeta fitting at 14:26:37.
[ 14:26:37 | ███░░░░░░░ |  33% ] r-chunk 1 / 3 · ETA 0 s
[ 14:26:37 | ███████░░░ |  67% ] r-chunk 2 / 3 · ETA 0 s
[ 14:26:39 | ██████████ | 100% ] r-chunk 3 / 3 · ETA 0 s
Finished zeta fitting at 14:26:39.  Elapsed: 2 s.
  [SlabIO.close] draining 1 pending writes for zeta_q_mu1.h5 …
  [SlabIO.close] Python dispatch drained in 0.5 s; joining writer thread
  [SlabIO.close] writer thread joined in 0.0 s; calling H5Fclose collectively
  [SlabIO.close] H5Fclose returned in 0.1 s
  Zeta output: /pscratch/sd/j/jackm/lorrax_sandbox/runs/MoS2/01_mos2_3x3_d3h_2026-05-09/A_bispinor_smoke/tmp/zeta_q_mu1.h5  shape: (3,3,1,428,46080)
  Timing (3 r-chunks, 3.7s total):
    fit      3.48s  94.1%
    H5       0.22s   5.9%
  Zeta output: /pscratch/sd/j/jackm/lorrax_sandbox/runs/MoS2/01_mos2_3x3_d3h_2026-05-09/A_bispinor_smoke/tmp/zeta_q_mu1.h5  shape: (3,3,1,428,46080)
  Timing (3 r-chunks, 3.8s total):
    fit      3.62s  94.1%
    H5       0.23s   5.9%
  Zeta output: /pscratch/sd/j/jackm/lorrax_sandbox/runs/MoS2/01_mos2_3x3_d3h_2026-05-09/A_bispinor_smoke/tmp/zeta_q_mu1.h5  shape: (3,3,1,428,46080)
  Timing (3 r-chunks, 3.7s total):
  Zeta output: /pscratch/sd/j/jackm/lorrax_sandbox/runs/MoS2/01_mos2_3x3_d3h_2026-05-09/A_bispinor_smoke/tmp/zeta_q_mu1.h5  shape: (3,3,1,428,46080)
    fit      3.48s  94.5%
    H5       0.20s   5.5%
  Timing (3 r-chunks, 3.7s total):
    fit      3.47s  94.5%
    H5       0.20s   5.5%
  [diag] ζ^{μ_L=1} q=0: max|ζ|=3.292e+02, L2=2.923e+04
  [bispinor] μ_L=2 → /pscratch/sd/j/jackm/lorrax_sandbox/runs/MoS2/01_mos2_3x3_d3h_2026-05-09/A_bispinor_smoke/tmp/zeta_q_mu2.h5

  Zeta fitting: 3 r-chunks x 16108 r-points, 80 bands (80 left + 80 right)
  Output: /pscratch/sd/j/jackm/lorrax_sandbox/runs/MoS2/01_mos2_3x3_d3h_2026-05-09/A_bispinor_smoke/tmp/zeta_q_mu2.h5
  Left wfns:  (9, 80, 4, 428)
  Right wfns: (9, 80, 4, 428)
  Pseudobands normalization: 0 weighted, 0 zero-weight (skipped)
  Computing pair densities P_l, P_r (open-spin, transverse γ̃^2)

  Zeta fitting: 3 r-chunks x 16108 r-points, 80 bands (80 left + 80 right)
  Output: /pscratch/sd/j/jackm/lorrax_sandbox/runs/MoS2/01_mos2_3x3_d3h_2026-05-09/A_bispinor_smoke/tmp/zeta_q_mu2.h5
  Left wfns:  (9, 80, 4, 428)
  Right wfns: (9, 80, 4, 428)

  Zeta fitting: 3 r-chunks x 16108 r-points, 80 bands (80 left + 80 right)
  Output: /pscratch/sd/j/jackm/lorrax_sandbox/runs/MoS2/01_mos2_3x3_d3h_2026-05-09/A_bispinor_smoke/tmp/zeta_q_mu2.h5
  Left wfns:  (9, 80, 4, 428)
  Right wfns: (9, 80, 4, 428)

  Zeta fitting: 3 r-chunks x 16108 r-points, 80 bands (80 left + 80 right)
  Output: /pscratch/sd/j/jackm/lorrax_sandbox/runs/MoS2/01_mos2_3x3_d3h_2026-05-09/A_bispinor_smoke/tmp/zeta_q_mu2.h5
  Left wfns:  (9, 80, 4, 428)
  Right wfns: (9, 80, 4, 428)
/opt/jax/jax/_src/interpreters/mlir.py:1178: UserWarning: Some donated buffers were not usable: ShapedArray(complex128[9,4,4,214,214]), ShapedArray(complex128[9,4,4,214,214]).
See an explanation at https://jax.readthedocs.io/en/latest/faq.html#buffer-donation.
  warnings.warn("Some donated buffers were not usable:"
  Pass through C_q  [γ̃^2 indefinite — pivoted-LU + ridge solve]
  L_q: (9, 428, 428)
  Pseudobands normalization: 0 weighted, 0 zero-weight (skipped)
  Computing pair densities P_l, P_r (open-spin, transverse γ̃^2)
  Pseudobands normalization: 0 weighted, 0 zero-weight (skipped)
  Computing pair densities P_l, P_r (open-spin, transverse γ̃^2)
  Pseudobands normalization: 0 weighted, 0 zero-weight (skipped)
  Computing pair densities P_l, P_r (open-spin, transverse γ̃^2)
/opt/jax/jax/_src/interpreters/mlir.py:1178: UserWarning: Some donated buffers were not usable: ShapedArray(complex128[9,4,4,214,214]), ShapedArray(complex128[9,4,4,214,214]).
See an explanation at https://jax.readthedocs.io/en/latest/faq.html#buffer-donation.
  warnings.warn("Some donated buffers were not usable:"
/opt/jax/jax/_src/interpreters/mlir.py:1178: UserWarning: Some donated buffers were not usable: ShapedArray(complex128[9,4,4,214,214]), ShapedArray(complex128[9,4,4,214,214]).
See an explanation at https://jax.readthedocs.io/en/latest/faq.html#buffer-donation.
  warnings.warn("Some donated buffers were not usable:"
/opt/jax/jax/_src/interpreters/mlir.py:1178: UserWarning: Some donated buffers were not usable: ShapedArray(complex128[9,4,4,214,214]), ShapedArray(complex128[9,4,4,214,214]).
See an explanation at https://jax.readthedocs.io/en/latest/faq.html#buffer-donation.
  warnings.warn("Some donated buffers were not usable:"
  Pass through C_q  [γ̃^2 indefinite — pivoted-LU + ridge solve]
  L_q: (9, 428, 428)
  Pass through C_q  [γ̃^2 indefinite — pivoted-LU + ridge solve]
  L_q: (9, 428, 428)
  Pass through C_q  [γ̃^2 indefinite — pivoted-LU + ridge solve]
  L_q: (9, 428, 428)
/global/u2/j/jackm/software/lorrax_A/src/file_io/_slab_io_ffi.py:385: UserWarning: FFI backend: chunks/attrs on create_dataset currently no-op; pre-create with h5py if you need explicit chunking or attrs.
  warnings.warn(
/global/u2/j/jackm/software/lorrax_A/src/file_io/_slab_io_ffi.py:385: UserWarning: FFI backend: chunks/attrs on create_dataset currently no-op; pre-create with h5py if you need explicit chunking or attrs.
  warnings.warn(
/global/u2/j/jackm/software/lorrax_A/src/file_io/_slab_io_ffi.py:385: UserWarning: FFI backend: chunks/attrs on create_dataset currently no-op; pre-create with h5py if you need explicit chunking or attrs.
  warnings.warn(
/global/u2/j/jackm/software/lorrax_A/src/file_io/_slab_io_ffi.py:385: UserWarning: FFI backend: chunks/attrs on create_dataset currently no-op; pre-create with h5py if you need explicit chunking or attrs.
  warnings.warn(
  ψ(G) host cache: 0.53 GB/process resident
Started zeta fitting at 14:26:43.
[ 14:26:43 | ███░░░░░░░ |  33% ] r-chunk 1 / 3 · ETA 0 s
[ 14:26:44 | ███████░░░ |  67% ] r-chunk 2 / 3 · ETA 0 s
[ 14:26:45 | ██████████ | 100% ] r-chunk 3 / 3 · ETA 0 s
Finished zeta fitting at 14:26:45.  Elapsed: 2 s.
  [SlabIO.close] draining 1 pending writes for zeta_q_mu2.h5 …
  [SlabIO.close] Python dispatch drained in 0.6 s; joining writer thread
  [SlabIO.close] writer thread joined in 0.0 s; calling H5Fclose collectively
  [SlabIO.close] H5Fclose returned in 0.1 s
  Zeta output: /pscratch/sd/j/jackm/lorrax_sandbox/runs/MoS2/01_mos2_3x3_d3h_2026-05-09/A_bispinor_smoke/tmp/zeta_q_mu2.h5  shape: (3,3,1,428,46080)
  Timing (3 r-chunks, 3.3s total):
    fit      3.08s  94.3%
    H5       0.19s   5.7%
  Zeta output: /pscratch/sd/j/jackm/lorrax_sandbox/runs/MoS2/01_mos2_3x3_d3h_2026-05-09/A_bispinor_smoke/tmp/zeta_q_mu2.h5  shape: (3,3,1,428,46080)
  Timing (3 r-chunks, 3.3s total):
  Zeta output: /pscratch/sd/j/jackm/lorrax_sandbox/runs/MoS2/01_mos2_3x3_d3h_2026-05-09/A_bispinor_smoke/tmp/zeta_q_mu2.h5  shape: (3,3,1,428,46080)
  Timing (3 r-chunks, 3.3s total):
    fit      3.01s  92.5%
    H5       0.24s   7.5%
    fit      3.04s  93.3%
    H5       0.22s   6.7%
  Zeta output: /pscratch/sd/j/jackm/lorrax_sandbox/runs/MoS2/01_mos2_3x3_d3h_2026-05-09/A_bispinor_smoke/tmp/zeta_q_mu2.h5  shape: (3,3,1,428,46080)
  Timing (3 r-chunks, 3.4s total):
    fit      3.18s  93.4%
    H5       0.23s   6.6%
  [diag] ζ^{μ_L=2} q=0: max|ζ|=3.032e+02, L2=2.727e+04

  Zeta fitting: 3 r-chunks x 16108 r-points, 80 bands (80 left + 80 right)
  Output: /pscratch/sd/j/jackm/lorrax_sandbox/runs/MoS2/01_mos2_3x3_d3h_2026-05-09/A_bispinor_smoke/tmp/zeta_q_mu3.h5
  Left wfns:  (9, 80, 4, 428)
  Right wfns: (9, 80, 4, 428)
  [bispinor] μ_L=3 → /pscratch/sd/j/jackm/lorrax_sandbox/runs/MoS2/01_mos2_3x3_d3h_2026-05-09/A_bispinor_smoke/tmp/zeta_q_mu3.h5

  Zeta fitting: 3 r-chunks x 16108 r-points, 80 bands (80 left + 80 right)
  Output: /pscratch/sd/j/jackm/lorrax_sandbox/runs/MoS2/01_mos2_3x3_d3h_2026-05-09/A_bispinor_smoke/tmp/zeta_q_mu3.h5
  Left wfns:  (9, 80, 4, 428)
  Right wfns: (9, 80, 4, 428)

  Zeta fitting: 3 r-chunks x 16108 r-points, 80 bands (80 left + 80 right)
  Output: /pscratch/sd/j/jackm/lorrax_sandbox/runs/MoS2/01_mos2_3x3_d3h_2026-05-09/A_bispinor_smoke/tmp/zeta_q_mu3.h5

  Zeta fitting: 3 r-chunks x 16108 r-points, 80 bands (80 left + 80 right)
  Output: /pscratch/sd/j/jackm/lorrax_sandbox/runs/MoS2/01_mos2_3x3_d3h_2026-05-09/A_bispinor_smoke/tmp/zeta_q_mu3.h5
  Left wfns:  (9, 80, 4, 428)
  Right wfns: (9, 80, 4, 428)
  Left wfns:  (9, 80, 4, 428)
  Right wfns: (9, 80, 4, 428)
  Pseudobands normalization: 0 weighted, 0 zero-weight (skipped)
  Computing pair densities P_l, P_r (open-spin, transverse γ̃^3)
/opt/jax/jax/_src/interpreters/mlir.py:1178: UserWarning: Some donated buffers were not usable: ShapedArray(complex128[9,4,4,214,214]), ShapedArray(complex128[9,4,4,214,214]).
See an explanation at https://jax.readthedocs.io/en/latest/faq.html#buffer-donation.
  warnings.warn("Some donated buffers were not usable:"
  Pass through C_q  [γ̃^3 indefinite — pivoted-LU + ridge solve]
  L_q: (9, 428, 428)
  Pseudobands normalization: 0 weighted, 0 zero-weight (skipped)
  Computing pair densities P_l, P_r (open-spin, transverse γ̃^3)
  Pseudobands normalization: 0 weighted, 0 zero-weight (skipped)
  Computing pair densities P_l, P_r (open-spin, transverse γ̃^3)
  Pseudobands normalization: 0 weighted, 0 zero-weight (skipped)
  Computing pair densities P_l, P_r (open-spin, transverse γ̃^3)
/opt/jax/jax/_src/interpreters/mlir.py:1178: UserWarning: Some donated buffers were not usable: ShapedArray(complex128[9,4,4,214,214]), ShapedArray(complex128[9,4,4,214,214]).
See an explanation at https://jax.readthedocs.io/en/latest/faq.html#buffer-donation.
  warnings.warn("Some donated buffers were not usable:"
/opt/jax/jax/_src/interpreters/mlir.py:1178: UserWarning: Some donated buffers were not usable: ShapedArray(complex128[9,4,4,214,214]), ShapedArray(complex128[9,4,4,214,214]).
See an explanation at https://jax.readthedocs.io/en/latest/faq.html#buffer-donation.
  warnings.warn("Some donated buffers were not usable:"
/opt/jax/jax/_src/interpreters/mlir.py:1178: UserWarning: Some donated buffers were not usable: ShapedArray(complex128[9,4,4,214,214]), ShapedArray(complex128[9,4,4,214,214]).
See an explanation at https://jax.readthedocs.io/en/latest/faq.html#buffer-donation.
  warnings.warn("Some donated buffers were not usable:"
  Pass through C_q  [γ̃^3 indefinite — pivoted-LU + ridge solve]
  L_q: (9, 428, 428)
  Pass through C_q  [γ̃^3 indefinite — pivoted-LU + ridge solve]
  L_q: (9, 428, 428)
  Pass through C_q  [γ̃^3 indefinite — pivoted-LU + ridge solve]
  L_q: (9, 428, 428)
/global/u2/j/jackm/software/lorrax_A/src/file_io/_slab_io_ffi.py:385: UserWarning: FFI backend: chunks/attrs on create_dataset currently no-op; pre-create with h5py if you need explicit chunking or attrs.
  warnings.warn(
/global/u2/j/jackm/software/lorrax_A/src/file_io/_slab_io_ffi.py:385: UserWarning: FFI backend: chunks/attrs on create_dataset currently no-op; pre-create with h5py if you need explicit chunking or attrs.
  warnings.warn(
/global/u2/j/jackm/software/lorrax_A/src/file_io/_slab_io_ffi.py:385: UserWarning: FFI backend: chunks/attrs on create_dataset currently no-op; pre-create with h5py if you need explicit chunking or attrs.
  warnings.warn(
/global/u2/j/jackm/software/lorrax_A/src/file_io/_slab_io_ffi.py:385: UserWarning: FFI backend: chunks/attrs on create_dataset currently no-op; pre-create with h5py if you need explicit chunking or attrs.
  warnings.warn(
  ψ(G) host cache: 0.53 GB/process resident
Started zeta fitting at 14:26:50.
[ 14:26:50 | ███░░░░░░░ |  33% ] r-chunk 1 / 3 · ETA 0 s
[ 14:26:50 | ███████░░░ |  67% ] r-chunk 2 / 3 · ETA 0 s
[ 14:26:51 | ██████████ | 100% ] r-chunk 3 / 3 · ETA 0 s
Finished zeta fitting at 14:26:51.  Elapsed: 2 s.
  [SlabIO.close] draining 1 pending writes for zeta_q_mu3.h5 …
  [SlabIO.close] Python dispatch drained in 0.5 s; joining writer thread
  [SlabIO.close] writer thread joined in 0.0 s; calling H5Fclose collectively
  [SlabIO.close] H5Fclose returned in 0.1 s
  Zeta output: /pscratch/sd/j/jackm/lorrax_sandbox/runs/MoS2/01_mos2_3x3_d3h_2026-05-09/A_bispinor_smoke/tmp/zeta_q_mu3.h5  shape: (3,3,1,428,46080)
  Timing (3 r-chunks, 3.2s total):
    fit      3.00s  92.6%
    H5       0.24s   7.4%
  Zeta output: /pscratch/sd/j/jackm/lorrax_sandbox/runs/MoS2/01_mos2_3x3_d3h_2026-05-09/A_bispinor_smoke/tmp/zeta_q_mu3.h5  shape: (3,3,1,428,46080)
  Zeta output: /pscratch/sd/j/jackm/lorrax_sandbox/runs/MoS2/01_mos2_3x3_d3h_2026-05-09/A_bispinor_smoke/tmp/zeta_q_mu3.h5  shape: (3,3,1,428,46080)
  Timing (3 r-chunks, 3.2s total):
    fit      3.04s  93.9%
    H5       0.20s   6.1%
  Zeta output: /pscratch/sd/j/jackm/lorrax_sandbox/runs/MoS2/01_mos2_3x3_d3h_2026-05-09/A_bispinor_smoke/tmp/zeta_q_mu3.h5  shape: (3,3,1,428,46080)
  Timing (3 r-chunks, 3.4s total):
  Timing (3 r-chunks, 3.2s total):
    fit      3.05s  93.9%
    H5       0.20s   6.1%
    fit      3.16s  92.9%
    H5       0.24s   7.0%
  [diag] ζ^{μ_L=3} q=0: max|ζ|=1.695e+02, L2=2.078e+04
    V_q bare cutoff: 30.0 Ry (auto: ecutwfc)
    V_q budget:    27.11 GB

  [bispinor] V_q^{μ_L,ν_L} → /pscratch/sd/j/jackm/lorrax_sandbox/runs/MoS2/01_mos2_3x3_d3h_2026-05-09/A_bispinor_smoke/tmp/v_q_bispinor.h5
  V_q bispinor: writing 7 unique tiles (CC + 3 TT-diag + 3 TT-off) to /pscratch/sd/j/jackm/lorrax_sandbox/runs/MoS2/01_mos2_3x3_d3h_2026-05-09/A_bispinor_smoke/tmp/v_q_bispinor.h5
  [SlabIO.close] draining 0 pending writes for v_q_bispinor.h5 …
  [SlabIO.close] Python dispatch drained in 0.0 s; joining writer thread
  [SlabIO.close] writer thread joined in 0.0 s; calling H5Fclose collectively
  [SlabIO.close] H5Fclose returned in 0.0 s
  V_q bispinor tile 1/7: CC  same_zeta=True  n_rmu_L=584  n_rmu_R=584  write_g0=True
  V_q tile: mesh=2x2, same ζ, q_chunk=9, μ_chunk=584 (1×1 blocks), aligned=True, N_μ_L=584, N_μ_R=584, N_G=2419, predicted peak/rank=2.94 GB (V_ref+g0_ref=0.01 GB)
Started V_q tile at 14:26:57.
[ 14:26:57 | █░░░░░░░░░ |  11% ] q-point 1 / 9 · ETA 0 s
[ 14:26:57 | ██░░░░░░░░ |  22% ] q-point 2 / 9 · ETA 0 s
[ 14:26:57 | ███░░░░░░░ |  33% ] q-point 3 / 9 · ETA 0 s
[ 14:26:57 | ████░░░░░░ |  44% ] q-point 4 / 9 · ETA 0 s
[ 14:26:57 | ██████░░░░ |  56% ] q-point 5 / 9 · ETA 0 s
[ 14:26:57 | ███████░░░ |  67% ] q-point 6 / 9 · ETA 0 s
[ 14:26:57 | ████████░░ |  78% ] q-point 7 / 9 · ETA 0 s
[ 14:26:57 | █████████░ |  89% ] q-point 8 / 9 · ETA 0 s
[ 14:26:57 | ██████████ | 100% ] q-point 9 / 9 · ETA 0 s
Finished V_q tile at 14:26:57.  Elapsed: 0 s.
    [diag] V^{0,0}[q=0] max|V|=1.187e+07
  [SlabIO.close] draining 1 pending writes for v_q_bispinor.h5 …
  [SlabIO.close] Python dispatch drained in 0.0 s; joining writer thread
  [SlabIO.close] writer thread joined in 0.0 s; calling H5Fclose collectively
  [SlabIO.close] H5Fclose returned in 0.0 s
  V_q bispinor tile 2/7: TT[1,1] (diag)  same_zeta=True  n_rmu_L=428  n_rmu_R=428  write_g0=False
  V_q tile: mesh=2x2, same ζ, q_chunk=9, μ_chunk=428 (1×1 blocks), aligned=True, N_μ_L=428, N_μ_R=428, N_G=2419, predicted peak/rank=2.15 GB (V_ref+g0_ref=0.01 GB)
Started V_q tile at 14:27:01.
[ 14:27:01 | █░░░░░░░░░ |  11% ] q-point 1 / 9 · ETA 0 s
[ 14:27:01 | ██░░░░░░░░ |  22% ] q-point 2 / 9 · ETA 0 s
[ 14:27:01 | ███░░░░░░░ |  33% ] q-point 3 / 9 · ETA 0 s
[ 14:27:01 | ████░░░░░░ |  44% ] q-point 4 / 9 · ETA 0 s
[ 14:27:01 | ██████░░░░ |  56% ] q-point 5 / 9 · ETA 0 s
[ 14:27:01 | ███████░░░ |  67% ] q-point 6 / 9 · ETA 0 s
[ 14:27:01 | ████████░░ |  78% ] q-point 7 / 9 · ETA 0 s
[ 14:27:01 | █████████░ |  89% ] q-point 8 / 9 · ETA 0 s
[ 14:27:01 | ██████████ | 100% ] q-point 9 / 9 · ETA 0 s
Finished V_q tile at 14:27:01.  Elapsed: 0 s.
    [diag] V^{1,1}[q=0] max|V|=6.286e+09
  [SlabIO.close] draining 1 pending writes for v_q_bispinor.h5 …
  [SlabIO.close] Python dispatch drained in 0.2 s; joining writer thread
  [SlabIO.close] writer thread joined in 0.0 s; calling H5Fclose collectively
  [SlabIO.close] H5Fclose returned in 0.0 s
  V_q bispinor tile 3/7: TT[2,2] (diag)  same_zeta=True  n_rmu_L=428  n_rmu_R=428  write_g0=False
  V_q tile: mesh=2x2, same ζ, q_chunk=9, μ_chunk=428 (1×1 blocks), aligned=True, N_μ_L=428, N_μ_R=428, N_G=2419, predicted peak/rank=2.15 GB (V_ref+g0_ref=0.01 GB)
Started V_q tile at 14:27:04.
[ 14:27:04 | █░░░░░░░░░ |  11% ] q-point 1 / 9 · ETA 0 s
[ 14:27:04 | ██░░░░░░░░ |  22% ] q-point 2 / 9 · ETA 0 s
[ 14:27:04 | ███░░░░░░░ |  33% ] q-point 3 / 9 · ETA 0 s
[ 14:27:04 | ████░░░░░░ |  44% ] q-point 4 / 9 · ETA 0 s
[ 14:27:04 | ██████░░░░ |  56% ] q-point 5 / 9 · ETA 0 s
[ 14:27:04 | ███████░░░ |  67% ] q-point 6 / 9 · ETA 0 s
[ 14:27:04 | ████████░░ |  78% ] q-point 7 / 9 · ETA 0 s
[ 14:27:04 | █████████░ |  89% ] q-point 8 / 9 · ETA 0 s
[ 14:27:04 | ██████████ | 100% ] q-point 9 / 9 · ETA 0 s
Finished V_q tile at 14:27:04.  Elapsed: 0 s.
    [diag] V^{2,2}[q=0] max|V|=6.554e+09
  [SlabIO.close] draining 1 pending writes for v_q_bispinor.h5 …
  [SlabIO.close] Python dispatch drained in 0.1 s; joining writer thread
  [SlabIO.close] writer thread joined in 0.0 s; calling H5Fclose collectively
  [SlabIO.close] H5Fclose returned in 0.0 s
  V_q bispinor tile 4/7: TT[3,3] (diag)  same_zeta=True  n_rmu_L=428  n_rmu_R=428  write_g0=False
  V_q tile: mesh=2x2, same ζ, q_chunk=9, μ_chunk=428 (1×1 blocks), aligned=True, N_μ_L=428, N_μ_R=428, N_G=2419, predicted peak/rank=2.15 GB (V_ref+g0_ref=0.01 GB)
Started V_q tile at 14:27:07.
[ 14:27:07 | █░░░░░░░░░ |  11% ] q-point 1 / 9 · ETA 0 s
[ 14:27:07 | ██░░░░░░░░ |  22% ] q-point 2 / 9 · ETA 0 s
[ 14:27:07 | ███░░░░░░░ |  33% ] q-point 3 / 9 · ETA 0 s
[ 14:27:07 | ████░░░░░░ |  44% ] q-point 4 / 9 · ETA 0 s
[ 14:27:07 | ██████░░░░ |  56% ] q-point 5 / 9 · ETA 0 s
[ 14:27:07 | ███████░░░ |  67% ] q-point 6 / 9 · ETA 0 s
[ 14:27:07 | ████████░░ |  78% ] q-point 7 / 9 · ETA 0 s
[ 14:27:07 | █████████░ |  89% ] q-point 8 / 9 · ETA 0 s
[ 14:27:07 | ██████████ | 100% ] q-point 9 / 9 · ETA 0 s
Finished V_q tile at 14:27:07.  Elapsed: 0 s.
    [diag] V^{3,3}[q=0] max|V|=2.339e+09
  [SlabIO.close] draining 1 pending writes for v_q_bispinor.h5 …
  [SlabIO.close] Python dispatch drained in 0.2 s; joining writer thread
  [SlabIO.close] writer thread joined in 0.0 s; calling H5Fclose collectively
  [SlabIO.close] H5Fclose returned in 0.0 s
  V_q bispinor tile 5/7: TT[1,2] (off-diag)  same_zeta=False  n_rmu_L=428  n_rmu_R=428  write_g0=False
  V_q tile: mesh=2x2, distinct ζ_L/ζ_R, q_chunk=9, μ_chunk=428 (1×1 blocks), aligned=True, N_μ_L=428, N_μ_R=428, N_G=2419, predicted peak/rank=3.61 GB (V_ref+g0_ref=0.01 GB)
Started V_q tile at 14:27:12.
[ 14:27:12 | █░░░░░░░░░ |  11% ] q-point 1 / 9 · ETA 0 s
[ 14:27:12 | ██░░░░░░░░ |  22% ] q-point 2 / 9 · ETA 0 s
[ 14:27:12 | ███░░░░░░░ |  33% ] q-point 3 / 9 · ETA 0 s
[ 14:27:12 | ████░░░░░░ |  44% ] q-point 4 / 9 · ETA 0 s
[ 14:27:12 | ██████░░░░ |  56% ] q-point 5 / 9 · ETA 0 s
[ 14:27:12 | ███████░░░ |  67% ] q-point 6 / 9 · ETA 0 s
[ 14:27:12 | ████████░░ |  78% ] q-point 7 / 9 · ETA 0 s
[ 14:27:12 | █████████░ |  89% ] q-point 8 / 9 · ETA 0 s
[ 14:27:12 | ██████████ | 100% ] q-point 9 / 9 · ETA 0 s
Finished V_q tile at 14:27:12.  Elapsed: 0 s.
    [diag] V^{1,2}[q=0] max|V|=4.732e+08
  [SlabIO.close] draining 1 pending writes for v_q_bispinor.h5 …
  [SlabIO.close] Python dispatch drained in 0.2 s; joining writer thread
  [SlabIO.close] writer thread joined in 0.0 s; calling H5Fclose collectively
  [SlabIO.close] H5Fclose returned in 0.0 s
  V_q bispinor tile 6/7: TT[1,3] (off-diag)  same_zeta=False  n_rmu_L=428  n_rmu_R=428  write_g0=False
  V_q tile: mesh=2x2, distinct ζ_L/ζ_R, q_chunk=9, μ_chunk=428 (1×1 blocks), aligned=True, N_μ_L=428, N_μ_R=428, N_G=2419, predicted peak/rank=3.61 GB (V_ref+g0_ref=0.01 GB)
Started V_q tile at 14:27:16.
[ 14:27:16 | █░░░░░░░░░ |  11% ] q-point 1 / 9 · ETA 0 s
[ 14:27:16 | ██░░░░░░░░ |  22% ] q-point 2 / 9 · ETA 0 s
[ 14:27:16 | ███░░░░░░░ |  33% ] q-point 3 / 9 · ETA 0 s
[ 14:27:16 | ████░░░░░░ |  44% ] q-point 4 / 9 · ETA 0 s
[ 14:27:16 | ██████░░░░ |  56% ] q-point 5 / 9 · ETA 0 s
[ 14:27:16 | ███████░░░ |  67% ] q-point 6 / 9 · ETA 0 s
[ 14:27:16 | ████████░░ |  78% ] q-point 7 / 9 · ETA 0 s
[ 14:27:16 | █████████░ |  89% ] q-point 8 / 9 · ETA 0 s
[ 14:27:16 | ██████████ | 100% ] q-point 9 / 9 · ETA 0 s
Finished V_q tile at 14:27:16.  Elapsed: 0 s.
    [diag] V^{1,3}[q=0] max|V|=1.545e+08
  [SlabIO.close] draining 1 pending writes for v_q_bispinor.h5 …
  [SlabIO.close] Python dispatch drained in 0.2 s; joining writer thread
  [SlabIO.close] writer thread joined in 0.0 s; calling H5Fclose collectively
  [SlabIO.close] H5Fclose returned in 0.0 s
  V_q bispinor tile 7/7: TT[2,3] (off-diag)  same_zeta=False  n_rmu_L=428  n_rmu_R=428  write_g0=False
  V_q tile: mesh=2x2, distinct ζ_L/ζ_R, q_chunk=9, μ_chunk=428 (1×1 blocks), aligned=True, N_μ_L=428, N_μ_R=428, N_G=2419, predicted peak/rank=3.61 GB (V_ref+g0_ref=0.01 GB)
Started V_q tile at 14:27:20.
[ 14:27:20 | █░░░░░░░░░ |  11% ] q-point 1 / 9 · ETA 0 s
[ 14:27:20 | ██░░░░░░░░ |  22% ] q-point 2 / 9 · ETA 0 s
[ 14:27:20 | ███░░░░░░░ |  33% ] q-point 3 / 9 · ETA 0 s
[ 14:27:20 | ████░░░░░░ |  44% ] q-point 4 / 9 · ETA 0 s
[ 14:27:20 | ██████░░░░ |  56% ] q-point 5 / 9 · ETA 0 s
[ 14:27:20 | ███████░░░ |  67% ] q-point 6 / 9 · ETA 0 s
[ 14:27:20 | ████████░░ |  78% ] q-point 7 / 9 · ETA 0 s
[ 14:27:20 | █████████░ |  89% ] q-point 8 / 9 · ETA 0 s
[ 14:27:20 | ██████████ | 100% ] q-point 9 / 9 · ETA 0 s
Finished V_q tile at 14:27:20.  Elapsed: 0 s.
    [diag] V^{2,3}[q=0] max|V|=2.382e+08
  [SlabIO.close] draining 1 pending writes for v_q_bispinor.h5 …
  [SlabIO.close] Python dispatch drained in 0.2 s; joining writer thread
  [SlabIO.close] writer thread joined in 0.0 s; calling H5Fclose collectively
  [SlabIO.close] H5Fclose returned in 0.0 s
  [SlabIO.close] draining 0 pending writes for zeta_q_mu3.h5 …
  [SlabIO.close] Python dispatch drained in 0.0 s; joining writer thread
  [SlabIO.close] writer thread joined in 0.0 s; calling H5Fclose collectively
  [SlabIO.close] H5Fclose returned in 0.1 s
  [SlabIO.close] draining 0 pending writes for zeta_q_mu2.h5 …
  [SlabIO.close] Python dispatch drained in 0.0 s; joining writer thread
  [SlabIO.close] writer thread joined in 0.0 s; calling H5Fclose collectively
  [SlabIO.close] H5Fclose returned in 0.1 s
  [SlabIO.close] draining 0 pending writes for zeta_q_mu1.h5 …
  [SlabIO.close] Python dispatch drained in 0.0 s; joining writer thread
  [SlabIO.close] writer thread joined in 0.0 s; calling H5Fclose collectively
  [SlabIO.close] H5Fclose returned in 0.1 s
  [SlabIO.close] draining 0 pending writes for zeta_q.h5 …
  [SlabIO.close] Python dispatch drained in 0.0 s; joining writer thread
  [SlabIO.close] writer thread joined in 0.0 s; calling H5Fclose collectively
  [SlabIO.close] H5Fclose returned in 0.2 s
  [SlabIO.close] draining 0 pending writes for v_q_bispinor.h5 …
  [SlabIO.close] Python dispatch drained in 0.0 s; joining writer thread
  [SlabIO.close] writer thread joined in 0.0 s; calling H5Fclose collectively
  [SlabIO.close] H5Fclose returned in 0.0 s

  V_q computed:
    Shape: (9, 584, 584)
    V_q=0 trace: 953958163.6194
  [SlabIO.close] draining 0 pending writes for isdf_tensors_584.h5 …
  [SlabIO.close] Python dispatch drained in 0.0 s; joining writer thread
  [SlabIO.close] writer thread joined in 0.0 s; calling H5Fclose collectively
  [SlabIO.close] H5Fclose returned in 0.0 s
  Wavefunctions built (b0:b4=80 bands, 4 sharded copies: xn/xr/yr/yn)
  Wavefunctions built (b0:b4=80 bands, 4 sharded copies: xn/xr/yr/yn)
  [bispinor] σ^B-side Wfns built on n_rmu_T=428 transverse centroids
  [SlabIO.close] draining 1 pending writes for isdf_tensors_584.h5 …
  [SlabIO.close] Python dispatch drained in 0.1 s; joining writer thread
  [SlabIO.close] writer thread joined in 0.0 s; calling H5Fclose collectively
  [SlabIO.close] H5Fclose returned in 0.0 s
  Chunked ISDF path complete

------------------------------------------------------------------------
  FINITE-SIZE CORRECTIONS
------------------------------------------------------------------------
  Head source: s_tensor
  v(q→0)  =     1654.848 a.u.  (bare Coulomb head)

------------------------------------------------------------------------
  STATIC HEAD TERMS (exact COHSEX / BGW-style)
------------------------------------------------------------------------
  Head source: s_tensor
  v_h(q→0)           =  1654.848023 a.u.
  W_h(q→0, ω=0)      =   321.854564 a.u.
  W_h^c              = -1332.993459 a.u.
  Σ^X head (occ)     = -2.619666e-01 Ry
  Σ^SX head (occ)    = -5.095038e-02 Ry
  Σ^(SX-X) head(occ) = 2.110162e-01 Ry
  Σ^COH head (all)   = -1.055081e-01 Ry
  Σ^B tile (μ_L=1, ν_L=1): tr Σ = -0.230948 eV
  Σ^B tile (μ_L=1, ν_L=2): tr Σ = -0.012062 eV
  Σ^B tile (μ_L=1, ν_L=3): tr Σ = -0.013135 eV
  Σ^B tile (μ_L=2, ν_L=1): tr Σ = -0.012062 eV
  Σ^B tile (μ_L=2, ν_L=2): tr Σ = -0.222228 eV
  Σ^B tile (μ_L=2, ν_L=3): tr Σ = -0.012644 eV
  Σ^B tile (μ_L=3, ν_L=1): tr Σ = -0.013135 eV
  Σ^B tile (μ_L=3, ν_L=2): tr Σ = -0.012644 eV
  Σ^B tile (μ_L=3, ν_L=3): tr Σ = -0.227822 eV
  [SlabIO.close] draining 0 pending writes for v_q_bispinor.h5 …
  [SlabIO.close] Python dispatch drained in 0.0 s; joining writer thread
  [SlabIO.close] writer thread joined in 0.0 s; calling H5Fclose collectively
  [SlabIO.close] H5Fclose returned in 0.0 s
  Bare Σ_X diagonal (eV), k=0: -40.1826  -40.1826  -33.7198  -33.7198  -33.2011  -33.2011  -33.4247  -33.4247
  [SlabIO.close] draining 0 pending writes for kin_ion.h5 …
  [SlabIO.close] Python dispatch drained in 0.0 s; joining writer thread
  [SlabIO.close] writer thread joined in 0.0 s; calling H5Fclose collectively
  [SlabIO.close] H5Fclose returned in 0.0 s

  Sigma diag:   /pscratch/sd/j/jackm/lorrax_sandbox/runs/MoS2/01_mos2_3x3_d3h_2026-05-09/A_bispinor_smoke/sigma_diag.dat
  BGW eqp0:     /pscratch/sd/j/jackm/lorrax_sandbox/runs/MoS2/01_mos2_3x3_d3h_2026-05-09/A_bispinor_smoke/eqp0.dat
  BGW eqp1:     /pscratch/sd/j/jackm/lorrax_sandbox/runs/MoS2/01_mos2_3x3_d3h_2026-05-09/A_bispinor_smoke/eqp1.dat
  Restart:      /pscratch/sd/j/jackm/lorrax_sandbox/runs/MoS2/01_mos2_3x3_d3h_2026-05-09/A_bispinor_smoke/tmp/isdf_tensors_584.h5

--- Timing ---
Total recorded: 77.755 s
Section                                            Count    Total[s]     Self[s]      %
gw_jax.load_centroid_wfns                              1       3.533       2.938    4.5
  load_wfns.precompute_owned                           1       0.000       0.000    0.0
  load_wfns.k_loop                                     1       0.473       0.473    0.6
  load_wfns.scatter                                    1       0.050       0.050    0.1
  load_wfns.make_global_array                          1       0.072       0.072    0.1
gw_jax.zeta_fit_chunked                                1      18.271       1.638   23.5
  zeta_fit.slice_halves                                1       0.031       0.031    0.0
  zeta_fit.CCT                                         1       0.155       0.155    0.2
  zeta_fit.cholesky                                    1       2.525       2.525    3.2
  zeta_fit.gc_pre_chunk_loop                           1       0.124       0.124    0.2
  zeta_fit.open_file                                   1       0.214       0.214    0.3
  zeta_fit.chunk_loop                                  1      12.634       0.000   16.2
    zeta_fit.chunk.fit_one_rchunk                      3      12.375      12.375   15.9
    zeta_fit.chunk.h5_write                            3       0.259       0.259    0.3
  zeta_fit.close_io                                    1       0.942       0.942    1.2
  zeta_fit.sync_global                                 1       0.008       0.008    0.0
gw_jax.load_centroid_wfns_current                      1       3.295       2.928    4.2
  load_wfns.precompute_owned                           1       0.000       0.000    0.0
  load_wfns.k_loop                                     1       0.316       0.316    0.4
  load_wfns.scatter                                    1       0.050       0.050    0.1
  load_wfns.make_global_array                          1       0.001       0.001    0.0
gw_jax.zeta_fit_chunked_mu1                            1       6.544       1.053    8.4
  zeta_fit.slice_halves                                1       0.173       0.173    0.2
  zeta_fit.CCT                                         1       0.693       0.693    0.9
  zeta_fit.cholesky                                    1       0.000       0.000    0.0
  zeta_fit.gc_pre_chunk_loop                           1       0.046       0.046    0.1
  zeta_fit.open_file                                   1       0.095       0.095    0.1
  zeta_fit.chunk_loop                                  1       3.845       0.000    4.9
    zeta_fit.chunk.fit_one_rchunk                      3       3.617       3.617    4.7
    zeta_fit.chunk.h5_write                            3       0.228       0.228    0.3
  zeta_fit.close_io                                    1       0.638       0.638    0.8
  zeta_fit.sync_global                                 1       0.001       0.001    0.0
gw_jax.zeta_fit_chunked_mu2                            1       6.134       1.050    7.9
  zeta_fit.slice_halves                                1       0.029       0.029    0.0
  zeta_fit.CCT                                         1       0.135       0.135    0.2
  zeta_fit.cholesky                                    1       0.000       0.000    0.0
  zeta_fit.gc_pre_chunk_loop                           1       0.037       0.037    0.0
  zeta_fit.open_file                                   1       0.821       0.821    1.1
  zeta_fit.chunk_loop                                  1       3.410       0.000    4.4
    zeta_fit.chunk.fit_one_rchunk                      3       3.185       3.185    4.1
    zeta_fit.chunk.h5_write                            3       0.225       0.225    0.3
  zeta_fit.close_io                                    1       0.650       0.650    0.8
  zeta_fit.sync_global                                 1       0.001       0.001    0.0
gw_jax.zeta_fit_chunked_mu3                            1       6.105       1.131    7.9
  zeta_fit.slice_halves                                1       0.029       0.029    0.0
  zeta_fit.CCT                                         1       0.162       0.162    0.2
  zeta_fit.cholesky                                    1       0.000       0.000    0.0
  zeta_fit.gc_pre_chunk_loop                           1       0.036       0.036    0.0
  zeta_fit.open_file                                   1       0.774       0.774    1.0
  zeta_fit.chunk_loop                                  1       3.401       0.000    4.4
    zeta_fit.chunk.fit_one_rchunk                      3       3.161       3.161    4.1
    zeta_fit.chunk.h5_write                            3       0.240       0.240    0.3
  zeta_fit.close_io                                    1       0.571       0.571    0.7
  zeta_fit.sync_global                                 1       0.001       0.001    0.0
gw_jax.V_q_compute                                     1      28.287       3.945   36.4
  V_q_bispinor[0,0]                                    1       3.700       3.700    4.8
  V_q_bispinor[1,1]                                    1       3.092       3.092    4.0
  V_q_bispinor[2,2]                                    1       2.482       2.482    3.2
  V_q_bispinor[3,3]                                    1       2.482       2.482    3.2
  V_q_bispinor[1,2]                                    1       4.522       4.522    5.8
  V_q_bispinor[1,3]                                    1       4.044       4.044    5.2
  V_q_bispinor[2,3]                                    1       4.020       4.020    5.2
gw_jax.wavefunction_setup                              1       0.515       0.515    0.7
gw_jax.sigma                                           1       5.071       5.071    6.5
