
========================================================================
  COHSEX-JAX: Self-Energy Calculation
========================================================================
  Backend: GPU       Devices: 4  Mesh: 2×2  Processes: 4
  Device type: NVIDIA A100-SXM4-40GB
  XLA preallocate: false  mem_fraction: unset
========================================================================

/global/u2/j/jackm/software/lorrax_A/src/common/symmetry_maps.py:324: UserWarning: SymMaps: 3/9 full-BZ k-points require time-reversal symmetry for unfolding. Non-symmorphic phases are NOT applied for these k-points. Use noinv=.true. in QE to avoid this.
  warnings.warn(
/global/u2/j/jackm/software/lorrax_A/src/common/symmetry_maps.py:324: UserWarning: SymMaps: 3/9 full-BZ k-points require time-reversal symmetry for unfolding. Non-symmorphic phases are NOT applied for these k-points. Use noinv=.true. in QE to avoid this.
  warnings.warn(
/global/u2/j/jackm/software/lorrax_A/src/common/symmetry_maps.py:324: UserWarning: SymMaps: 3/9 full-BZ k-points require time-reversal symmetry for unfolding. Non-symmorphic phases are NOT applied for these k-points. Use noinv=.true. in QE to avoid this.
  warnings.warn(
/global/u2/j/jackm/software/lorrax_A/src/common/symmetry_maps.py:324: UserWarning: SymMaps: 3/9 full-BZ k-points require time-reversal symmetry for unfolding. Non-symmorphic phases are NOT applied for these k-points. Use noinv=.true. in QE to avoid this.
  warnings.warn(
  ISDF basis: 584 centroids
  FFT grid: 24×24×80   Cell volume: 701.89 a.u.³

    Memory estimate: peak 27.16 GB (budget 28.00 GB), bottleneck=zct
    Per-stage: fft=13.40  zct=27.16  reshard=1.08  solve=0.84  gather=0.74 GB
    AOT fit_one_rchunk peak (driver-level): 1.60 GB

  Chunked ISDF fitting:
    Band chunks: 80
    R chunks:    16108 (contiguous r-space)
    Q chunks:    9
    Zeta output: /pscratch/sd/j/jackm/lorrax_sandbox/runs/MoS2/01_mos2_3x3_d3h_2026-05-09/A_bispinor_smoke/tmp/zeta_q.h5

  Zeta fitting: 3 r-chunks x 16108 r-points, 80 bands (80 left + 80 right)
  Output: /pscratch/sd/j/jackm/lorrax_sandbox/runs/MoS2/01_mos2_3x3_d3h_2026-05-09/A_bispinor_smoke/tmp/zeta_q.h5
  Left wfns:  (9, 80, 4, 584)
  Right wfns: (9, 80, 4, 584)
  Pseudobands normalization: 0 weighted, 0 zero-weight (skipped)
  Computing pair densities P_l, P_r (open-spin, charge γ̃^0=I)
/opt/jax/jax/_src/interpreters/mlir.py:1178: UserWarning: Some donated buffers were not usable: ShapedArray(complex128[9,4,4,292,292]), ShapedArray(complex128[9,4,4,292,292]).
See an explanation at https://jax.readthedocs.io/en/latest/faq.html#buffer-donation.
  warnings.warn("Some donated buffers were not usable:"
  Computing L_q = chol(C_q)  [PSD, charge channel, path=sharded_cholesky]

  Zeta fitting: 3 r-chunks x 16108 r-points, 80 bands (80 left + 80 right)
  Output: /pscratch/sd/j/jackm/lorrax_sandbox/runs/MoS2/01_mos2_3x3_d3h_2026-05-09/A_bispinor_smoke/tmp/zeta_q.h5
  Left wfns:  (9, 80, 4, 584)
  Right wfns: (9, 80, 4, 584)

  Zeta fitting: 3 r-chunks x 16108 r-points, 80 bands (80 left + 80 right)
  Output: /pscratch/sd/j/jackm/lorrax_sandbox/runs/MoS2/01_mos2_3x3_d3h_2026-05-09/A_bispinor_smoke/tmp/zeta_q.h5
  Left wfns:  (9, 80, 4, 584)
  Right wfns: (9, 80, 4, 584)

  Zeta fitting: 3 r-chunks x 16108 r-points, 80 bands (80 left + 80 right)
  Output: /pscratch/sd/j/jackm/lorrax_sandbox/runs/MoS2/01_mos2_3x3_d3h_2026-05-09/A_bispinor_smoke/tmp/zeta_q.h5
  Left wfns:  (9, 80, 4, 584)
  Right wfns: (9, 80, 4, 584)
  Pseudobands normalization: 0 weighted, 0 zero-weight (skipped)
  Computing pair densities P_l, P_r (open-spin, charge γ̃^0=I)
  Pseudobands normalization: 0 weighted, 0 zero-weight (skipped)
  Computing pair densities P_l, P_r (open-spin, charge γ̃^0=I)
  Pseudobands normalization: 0 weighted, 0 zero-weight (skipped)
  Computing pair densities P_l, P_r (open-spin, charge γ̃^0=I)
/opt/jax/jax/_src/interpreters/mlir.py:1178: UserWarning: Some donated buffers were not usable: ShapedArray(complex128[9,4,4,292,292]), ShapedArray(complex128[9,4,4,292,292]).
See an explanation at https://jax.readthedocs.io/en/latest/faq.html#buffer-donation.
  warnings.warn("Some donated buffers were not usable:"
/opt/jax/jax/_src/interpreters/mlir.py:1178: UserWarning: Some donated buffers were not usable: ShapedArray(complex128[9,4,4,292,292]), ShapedArray(complex128[9,4,4,292,292]).
See an explanation at https://jax.readthedocs.io/en/latest/faq.html#buffer-donation.
  warnings.warn("Some donated buffers were not usable:"
/opt/jax/jax/_src/interpreters/mlir.py:1178: UserWarning: Some donated buffers were not usable: ShapedArray(complex128[9,4,4,292,292]), ShapedArray(complex128[9,4,4,292,292]).
See an explanation at https://jax.readthedocs.io/en/latest/faq.html#buffer-donation.
  warnings.warn("Some donated buffers were not usable:"
  Computing L_q = chol(C_q)  [PSD, charge channel, path=sharded_cholesky]
  Computing L_q = chol(C_q)  [PSD, charge channel, path=sharded_cholesky]
  Computing L_q = chol(C_q)  [PSD, charge channel, path=sharded_cholesky]
  L_q: (9, 584, 584)
  L_q: (9, 584, 584)
  L_q: (9, 584, 584)
  L_q: (9, 584, 584)
/global/u2/j/jackm/software/lorrax_A/src/file_io/_slab_io_ffi.py:385: UserWarning: FFI backend: chunks/attrs on create_dataset currently no-op; pre-create with h5py if you need explicit chunking or attrs.
  warnings.warn(
/global/u2/j/jackm/software/lorrax_A/src/file_io/_slab_io_ffi.py:385: UserWarning: FFI backend: chunks/attrs on create_dataset currently no-op; pre-create with h5py if you need explicit chunking or attrs.
  warnings.warn(
/global/u2/j/jackm/software/lorrax_A/src/file_io/_slab_io_ffi.py:385: UserWarning: FFI backend: chunks/attrs on create_dataset currently no-op; pre-create with h5py if you need explicit chunking or attrs.
  warnings.warn(
/global/u2/j/jackm/software/lorrax_A/src/file_io/_slab_io_ffi.py:385: UserWarning: FFI backend: chunks/attrs on create_dataset currently no-op; pre-create with h5py if you need explicit chunking or attrs.
  warnings.warn(
  ψ(G) host cache: 0.53 GB/process resident
Started zeta fitting at 23:46:45.
[ 23:46:45 | ███░░░░░░░ |  33% ] r-chunk 1 / 3 · ETA 0 s
[ 23:46:45 | ███████░░░ |  67% ] r-chunk 2 / 3 · ETA 0 s
[ 23:46:47 | ██████████ | 100% ] r-chunk 3 / 3 · ETA 0 s
Finished zeta fitting at 23:46:47.  Elapsed: 2 s.
  [SlabIO.close] draining 1 pending writes for zeta_q.h5 …
  [SlabIO.close] Python dispatch drained in 0.8 s; joining writer thread
  [SlabIO.close] writer thread joined in 0.0 s; calling H5Fclose collectively
  [SlabIO.close] H5Fclose returned in 0.1 s
  Zeta output: /pscratch/sd/j/jackm/lorrax_sandbox/runs/MoS2/01_mos2_3x3_d3h_2026-05-09/A_bispinor_smoke/tmp/zeta_q.h5  shape: (3,3,1,584,46080)
  Timing (3 r-chunks, 4.3s total):
    fit      4.00s  93.8%
    H5       0.25s   6.0%
  Zeta output: /pscratch/sd/j/jackm/lorrax_sandbox/runs/MoS2/01_mos2_3x3_d3h_2026-05-09/A_bispinor_smoke/tmp/zeta_q.h5  shape: (3,3,1,584,46080)
  Timing (3 r-chunks, 4.1s total):
    fit      3.89s  94.7%
    H5       0.21s   5.2%
  Zeta output: /pscratch/sd/j/jackm/lorrax_sandbox/runs/MoS2/01_mos2_3x3_d3h_2026-05-09/A_bispinor_smoke/tmp/zeta_q.h5  shape: (3,3,1,584,46080)
  Timing (3 r-chunks, 4.1s total):
    fit      3.87s  94.3%
    H5       0.23s   5.6%
  Zeta output: /pscratch/sd/j/jackm/lorrax_sandbox/runs/MoS2/01_mos2_3x3_d3h_2026-05-09/A_bispinor_smoke/tmp/zeta_q.h5  shape: (3,3,1,584,46080)
  Timing (3 r-chunks, 4.1s total):
    fit      3.84s  93.6%
    H5       0.26s   6.3%
  [diag] ζ^{μ_L=0} q=0: max|ζ|=3.804e+00, L2=8.193e+02
    GPU high-water mark: 2.17 GB / 28.00 GB budget (8%)
    γ (runtime / AOT-pred) = 1.356  (AOT predicted 1.60 GB)

  [bispinor] fitting ζ^{μ_L=1,2,3} on current-density centroids: centroids_frac_428_current.txt
  [bispinor] μ_L=1 → /pscratch/sd/j/jackm/lorrax_sandbox/runs/MoS2/01_mos2_3x3_d3h_2026-05-09/A_bispinor_smoke/tmp/zeta_q_mu1.h5

  Zeta fitting: 3 r-chunks x 16108 r-points, 80 bands (80 left + 80 right)
  Output: /pscratch/sd/j/jackm/lorrax_sandbox/runs/MoS2/01_mos2_3x3_d3h_2026-05-09/A_bispinor_smoke/tmp/zeta_q_mu1.h5
  Left wfns:  (9, 80, 4, 428)
  Right wfns: (9, 80, 4, 428)
  Pseudobands normalization: 0 weighted, 0 zero-weight (skipped)
  Computing pair densities P_l, P_r (open-spin, transverse γ̃^1)

  Zeta fitting: 3 r-chunks x 16108 r-points, 80 bands (80 left + 80 right)
  Output: /pscratch/sd/j/jackm/lorrax_sandbox/runs/MoS2/01_mos2_3x3_d3h_2026-05-09/A_bispinor_smoke/tmp/zeta_q_mu1.h5
  Left wfns:  (9, 80, 4, 428)
  Right wfns: (9, 80, 4, 428)

  Zeta fitting: 3 r-chunks x 16108 r-points, 80 bands (80 left + 80 right)
  Output: /pscratch/sd/j/jackm/lorrax_sandbox/runs/MoS2/01_mos2_3x3_d3h_2026-05-09/A_bispinor_smoke/tmp/zeta_q_mu1.h5
  Left wfns:  (9, 80, 4, 428)
  Right wfns: (9, 80, 4, 428)

  Zeta fitting: 3 r-chunks x 16108 r-points, 80 bands (80 left + 80 right)
  Output: /pscratch/sd/j/jackm/lorrax_sandbox/runs/MoS2/01_mos2_3x3_d3h_2026-05-09/A_bispinor_smoke/tmp/zeta_q_mu1.h5
  Left wfns:  (9, 80, 4, 428)
  Right wfns: (9, 80, 4, 428)
/opt/jax/jax/_src/interpreters/mlir.py:1178: UserWarning: Some donated buffers were not usable: ShapedArray(complex128[9,4,4,214,214]), ShapedArray(complex128[9,4,4,214,214]).
See an explanation at https://jax.readthedocs.io/en/latest/faq.html#buffer-donation.
  warnings.warn("Some donated buffers were not usable:"
  Pseudobands normalization: 0 weighted, 0 zero-weight (skipped)
  Computing pair densities P_l, P_r (open-spin, transverse γ̃^1)
  Pseudobands normalization: 0 weighted, 0 zero-weight (skipped)
  Computing pair densities P_l, P_r (open-spin, transverse γ̃^1)
  Pseudobands normalization: 0 weighted, 0 zero-weight (skipped)
  Computing pair densities P_l, P_r (open-spin, transverse γ̃^1)
  Pass through C_q  [γ̃^1 indefinite — path=cusolvermp_lu]
  L_q: (9, 428, 428)
/opt/jax/jax/_src/interpreters/mlir.py:1178: UserWarning: Some donated buffers were not usable: ShapedArray(complex128[9,4,4,214,214]), ShapedArray(complex128[9,4,4,214,214]).
See an explanation at https://jax.readthedocs.io/en/latest/faq.html#buffer-donation.
  warnings.warn("Some donated buffers were not usable:"
/opt/jax/jax/_src/interpreters/mlir.py:1178: UserWarning: Some donated buffers were not usable: ShapedArray(complex128[9,4,4,214,214]), ShapedArray(complex128[9,4,4,214,214]).
See an explanation at https://jax.readthedocs.io/en/latest/faq.html#buffer-donation.
  warnings.warn("Some donated buffers were not usable:"
/opt/jax/jax/_src/interpreters/mlir.py:1178: UserWarning: Some donated buffers were not usable: ShapedArray(complex128[9,4,4,214,214]), ShapedArray(complex128[9,4,4,214,214]).
See an explanation at https://jax.readthedocs.io/en/latest/faq.html#buffer-donation.
  warnings.warn("Some donated buffers were not usable:"
  Pass through C_q  [γ̃^1 indefinite — path=cusolvermp_lu]
  L_q: (9, 428, 428)
  Pass through C_q  [γ̃^1 indefinite — path=cusolvermp_lu]
  L_q: (9, 428, 428)
  Pass through C_q  [γ̃^1 indefinite — path=cusolvermp_lu]
  L_q: (9, 428, 428)
/global/u2/j/jackm/software/lorrax_A/src/file_io/_slab_io_ffi.py:385: UserWarning: FFI backend: chunks/attrs on create_dataset currently no-op; pre-create with h5py if you need explicit chunking or attrs.
  warnings.warn(
/global/u2/j/jackm/software/lorrax_A/src/file_io/_slab_io_ffi.py:385: UserWarning: FFI backend: chunks/attrs on create_dataset currently no-op; pre-create with h5py if you need explicit chunking or attrs.
  warnings.warn(
/global/u2/j/jackm/software/lorrax_A/src/file_io/_slab_io_ffi.py:385: UserWarning: FFI backend: chunks/attrs on create_dataset currently no-op; pre-create with h5py if you need explicit chunking or attrs.
  warnings.warn(
/global/u2/j/jackm/software/lorrax_A/src/file_io/_slab_io_ffi.py:385: UserWarning: FFI backend: chunks/attrs on create_dataset currently no-op; pre-create with h5py if you need explicit chunking or attrs.
  warnings.warn(
  ψ(G) host cache: 0.53 GB/process resident
[lorrax cusolverMp] library 0.7.2, NCCL 2.26.3, comm path: NCCL, grid: 2x2 (row-major)
Started zeta fitting at 23:46:58.
[ 23:46:58 | ███░░░░░░░ |  33% ] r-chunk 1 / 3 · ETA 0 s
[ 23:46:59 | ███████░░░ |  67% ] r-chunk 2 / 3 · ETA 0 s
[ 23:47:00 | ██████████ | 100% ] r-chunk 3 / 3 · ETA 0 s
Finished zeta fitting at 23:47:00.  Elapsed: 3 s.
  [SlabIO.close] draining 1 pending writes for zeta_q_mu1.h5 …
  [SlabIO.close] Python dispatch drained in 0.5 s; joining writer thread
  [SlabIO.close] writer thread joined in 0.0 s; calling H5Fclose collectively
  [SlabIO.close] H5Fclose returned in 0.1 s
  Zeta output: /pscratch/sd/j/jackm/lorrax_sandbox/runs/MoS2/01_mos2_3x3_d3h_2026-05-09/A_bispinor_smoke/tmp/zeta_q_mu1.h5  shape: (3,3,1,428,46080)
  Timing (3 r-chunks, 5.9s total):
    fit      5.69s  95.7%
    H5       0.25s   4.3%
  Zeta output: /pscratch/sd/j/jackm/lorrax_sandbox/runs/MoS2/01_mos2_3x3_d3h_2026-05-09/A_bispinor_smoke/tmp/zeta_q_mu1.h5  shape: (3,3,1,428,46080)
  Timing (3 r-chunks, 5.9s total):
    fit      5.72s  96.4%
  Zeta output: /pscratch/sd/j/jackm/lorrax_sandbox/runs/MoS2/01_mos2_3x3_d3h_2026-05-09/A_bispinor_smoke/tmp/zeta_q_mu1.h5  shape: (3,3,1,428,46080)
  Timing (3 r-chunks, 6.1s total):
  Zeta output: /pscratch/sd/j/jackm/lorrax_sandbox/runs/MoS2/01_mos2_3x3_d3h_2026-05-09/A_bispinor_smoke/tmp/zeta_q_mu1.h5  shape: (3,3,1,428,46080)
  Timing (3 r-chunks, 5.9s total):
    fit      5.72s  96.4%
    H5       0.21s   3.6%
    H5       0.21s   3.6%
    fit      5.85s  95.8%
    H5       0.26s   4.2%
  [diag] ζ^{μ_L=1} q=0: max|ζ|=3.292e+02, L2=2.923e+04

  Zeta fitting: 3 r-chunks x 16108 r-points, 80 bands (80 left + 80 right)
  Output: /pscratch/sd/j/jackm/lorrax_sandbox/runs/MoS2/01_mos2_3x3_d3h_2026-05-09/A_bispinor_smoke/tmp/zeta_q_mu2.h5
  Left wfns:  (9, 80, 4, 428)
  Right wfns: (9, 80, 4, 428)
  [bispinor] μ_L=2 → /pscratch/sd/j/jackm/lorrax_sandbox/runs/MoS2/01_mos2_3x3_d3h_2026-05-09/A_bispinor_smoke/tmp/zeta_q_mu2.h5

  Zeta fitting: 3 r-chunks x 16108 r-points, 80 bands (80 left + 80 right)
  Output: /pscratch/sd/j/jackm/lorrax_sandbox/runs/MoS2/01_mos2_3x3_d3h_2026-05-09/A_bispinor_smoke/tmp/zeta_q_mu2.h5
  Left wfns:  (9, 80, 4, 428)
  Right wfns: (9, 80, 4, 428)

  Zeta fitting: 3 r-chunks x 16108 r-points, 80 bands (80 left + 80 right)
  Output: /pscratch/sd/j/jackm/lorrax_sandbox/runs/MoS2/01_mos2_3x3_d3h_2026-05-09/A_bispinor_smoke/tmp/zeta_q_mu2.h5
  Left wfns:  (9, 80, 4, 428)
  Right wfns: (9, 80, 4, 428)

  Zeta fitting: 3 r-chunks x 16108 r-points, 80 bands (80 left + 80 right)
  Output: /pscratch/sd/j/jackm/lorrax_sandbox/runs/MoS2/01_mos2_3x3_d3h_2026-05-09/A_bispinor_smoke/tmp/zeta_q_mu2.h5
  Left wfns:  (9, 80, 4, 428)
  Right wfns: (9, 80, 4, 428)
  Pseudobands normalization: 0 weighted, 0 zero-weight (skipped)
  Computing pair densities P_l, P_r (open-spin, transverse γ̃^2)
/opt/jax/jax/_src/interpreters/mlir.py:1178: UserWarning: Some donated buffers were not usable: ShapedArray(complex128[9,4,4,214,214]), ShapedArray(complex128[9,4,4,214,214]).
See an explanation at https://jax.readthedocs.io/en/latest/faq.html#buffer-donation.
  warnings.warn("Some donated buffers were not usable:"
  Pseudobands normalization: 0 weighted, 0 zero-weight (skipped)
  Computing pair densities P_l, P_r (open-spin, transverse γ̃^2)
  Pseudobands normalization: 0 weighted, 0 zero-weight (skipped)
  Computing pair densities P_l, P_r (open-spin, transverse γ̃^2)
  Pseudobands normalization: 0 weighted, 0 zero-weight (skipped)
  Computing pair densities P_l, P_r (open-spin, transverse γ̃^2)
  Pass through C_q  [γ̃^2 indefinite — path=cusolvermp_lu]
  L_q: (9, 428, 428)
/opt/jax/jax/_src/interpreters/mlir.py:1178: UserWarning: Some donated buffers were not usable: ShapedArray(complex128[9,4,4,214,214]), ShapedArray(complex128[9,4,4,214,214]).
See an explanation at https://jax.readthedocs.io/en/latest/faq.html#buffer-donation.
  warnings.warn("Some donated buffers were not usable:"
/opt/jax/jax/_src/interpreters/mlir.py:1178: UserWarning: Some donated buffers were not usable: ShapedArray(complex128[9,4,4,214,214]), ShapedArray(complex128[9,4,4,214,214]).
See an explanation at https://jax.readthedocs.io/en/latest/faq.html#buffer-donation.
  warnings.warn("Some donated buffers were not usable:"
/opt/jax/jax/_src/interpreters/mlir.py:1178: UserWarning: Some donated buffers were not usable: ShapedArray(complex128[9,4,4,214,214]), ShapedArray(complex128[9,4,4,214,214]).
See an explanation at https://jax.readthedocs.io/en/latest/faq.html#buffer-donation.
  warnings.warn("Some donated buffers were not usable:"
  Pass through C_q  [γ̃^2 indefinite — path=cusolvermp_lu]
  L_q: (9, 428, 428)
  Pass through C_q  [γ̃^2 indefinite — path=cusolvermp_lu]
  L_q: (9, 428, 428)
  Pass through C_q  [γ̃^2 indefinite — path=cusolvermp_lu]
  L_q: (9, 428, 428)
/global/u2/j/jackm/software/lorrax_A/src/file_io/_slab_io_ffi.py:385: UserWarning: FFI backend: chunks/attrs on create_dataset currently no-op; pre-create with h5py if you need explicit chunking or attrs.
  warnings.warn(
/global/u2/j/jackm/software/lorrax_A/src/file_io/_slab_io_ffi.py:385: UserWarning: FFI backend: chunks/attrs on create_dataset currently no-op; pre-create with h5py if you need explicit chunking or attrs.
  warnings.warn(
/global/u2/j/jackm/software/lorrax_A/src/file_io/_slab_io_ffi.py:385: UserWarning: FFI backend: chunks/attrs on create_dataset currently no-op; pre-create with h5py if you need explicit chunking or attrs.
  warnings.warn(
/global/u2/j/jackm/software/lorrax_A/src/file_io/_slab_io_ffi.py:385: UserWarning: FFI backend: chunks/attrs on create_dataset currently no-op; pre-create with h5py if you need explicit chunking or attrs.
  warnings.warn(
  ψ(G) host cache: 0.53 GB/process resident
Started zeta fitting at 23:47:06.
[ 23:47:06 | ███░░░░░░░ |  33% ] r-chunk 1 / 3 · ETA 0 s
[ 23:47:07 | ███████░░░ |  67% ] r-chunk 2 / 3 · ETA 0 s
[ 23:47:09 | ██████████ | 100% ] r-chunk 3 / 3 · ETA 0 s
Finished zeta fitting at 23:47:09.  Elapsed: 2 s.
  [SlabIO.close] draining 1 pending writes for zeta_q_mu2.h5 …
  [SlabIO.close] Python dispatch drained in 0.5 s; joining writer thread
  [SlabIO.close] writer thread joined in 0.0 s; calling H5Fclose collectively
  [SlabIO.close] H5Fclose returned in 0.1 s
  Zeta output: /pscratch/sd/j/jackm/lorrax_sandbox/runs/MoS2/01_mos2_3x3_d3h_2026-05-09/A_bispinor_smoke/tmp/zeta_q_mu2.h5  shape: (3,3,1,428,46080)
  Timing (3 r-chunks, 4.4s total):
    fit      4.16s  94.6%
    H5       0.24s   5.4%
  Zeta output: /pscratch/sd/j/jackm/lorrax_sandbox/runs/MoS2/01_mos2_3x3_d3h_2026-05-09/A_bispinor_smoke/tmp/zeta_q_mu2.h5  shape: (3,3,1,428,46080)
  Timing (3 r-chunks, 4.4s total):
    fit      4.20s  95.6%
    H5       0.19s   4.4%
  Zeta output: /pscratch/sd/j/jackm/lorrax_sandbox/runs/MoS2/01_mos2_3x3_d3h_2026-05-09/A_bispinor_smoke/tmp/zeta_q_mu2.h5  shape: (3,3,1,428,46080)
  Timing (3 r-chunks, 4.4s total):
    fit      4.20s  95.4%
    H5       0.20s   4.6%
  Zeta output: /pscratch/sd/j/jackm/lorrax_sandbox/runs/MoS2/01_mos2_3x3_d3h_2026-05-09/A_bispinor_smoke/tmp/zeta_q_mu2.h5  shape: (3,3,1,428,46080)
  Timing (3 r-chunks, 4.5s total):
    fit      4.31s  94.9%
    H5       0.23s   5.1%
  [diag] ζ^{μ_L=2} q=0: max|ζ|=3.032e+02, L2=2.727e+04

  Zeta fitting: 3 r-chunks x 16108 r-points, 80 bands (80 left + 80 right)
  Output: /pscratch/sd/j/jackm/lorrax_sandbox/runs/MoS2/01_mos2_3x3_d3h_2026-05-09/A_bispinor_smoke/tmp/zeta_q_mu3.h5
  Left wfns:  (9, 80, 4, 428)
  Right wfns: (9, 80, 4, 428)
  [bispinor] μ_L=3 → /pscratch/sd/j/jackm/lorrax_sandbox/runs/MoS2/01_mos2_3x3_d3h_2026-05-09/A_bispinor_smoke/tmp/zeta_q_mu3.h5

  Zeta fitting: 3 r-chunks x 16108 r-points, 80 bands (80 left + 80 right)
  Output: /pscratch/sd/j/jackm/lorrax_sandbox/runs/MoS2/01_mos2_3x3_d3h_2026-05-09/A_bispinor_smoke/tmp/zeta_q_mu3.h5

  Zeta fitting: 3 r-chunks x 16108 r-points, 80 bands (80 left + 80 right)
  Output: /pscratch/sd/j/jackm/lorrax_sandbox/runs/MoS2/01_mos2_3x3_d3h_2026-05-09/A_bispinor_smoke/tmp/zeta_q_mu3.h5
  Left wfns:  (9, 80, 4, 428)
  Right wfns: (9, 80, 4, 428)
  Left wfns:  (9, 80, 4, 428)
  Right wfns: (9, 80, 4, 428)

  Zeta fitting: 3 r-chunks x 16108 r-points, 80 bands (80 left + 80 right)
  Output: /pscratch/sd/j/jackm/lorrax_sandbox/runs/MoS2/01_mos2_3x3_d3h_2026-05-09/A_bispinor_smoke/tmp/zeta_q_mu3.h5
  Left wfns:  (9, 80, 4, 428)
  Right wfns: (9, 80, 4, 428)
  Pseudobands normalization: 0 weighted, 0 zero-weight (skipped)
  Computing pair densities P_l, P_r (open-spin, transverse γ̃^3)
/opt/jax/jax/_src/interpreters/mlir.py:1178: UserWarning: Some donated buffers were not usable: ShapedArray(complex128[9,4,4,214,214]), ShapedArray(complex128[9,4,4,214,214]).
See an explanation at https://jax.readthedocs.io/en/latest/faq.html#buffer-donation.
  warnings.warn("Some donated buffers were not usable:"
  Pass through C_q  [γ̃^3 indefinite — path=cusolvermp_lu]
  L_q: (9, 428, 428)
  Pseudobands normalization: 0 weighted, 0 zero-weight (skipped)
  Computing pair densities P_l, P_r (open-spin, transverse γ̃^3)
  Pseudobands normalization: 0 weighted, 0 zero-weight (skipped)
  Computing pair densities P_l, P_r (open-spin, transverse γ̃^3)
  Pseudobands normalization: 0 weighted, 0 zero-weight (skipped)
  Computing pair densities P_l, P_r (open-spin, transverse γ̃^3)
/opt/jax/jax/_src/interpreters/mlir.py:1178: UserWarning: Some donated buffers were not usable: ShapedArray(complex128[9,4,4,214,214]), ShapedArray(complex128[9,4,4,214,214]).
See an explanation at https://jax.readthedocs.io/en/latest/faq.html#buffer-donation.
  warnings.warn("Some donated buffers were not usable:"
/opt/jax/jax/_src/interpreters/mlir.py:1178: UserWarning: Some donated buffers were not usable: ShapedArray(complex128[9,4,4,214,214]), ShapedArray(complex128[9,4,4,214,214]).
See an explanation at https://jax.readthedocs.io/en/latest/faq.html#buffer-donation.
  warnings.warn("Some donated buffers were not usable:"
/opt/jax/jax/_src/interpreters/mlir.py:1178: UserWarning: Some donated buffers were not usable: ShapedArray(complex128[9,4,4,214,214]), ShapedArray(complex128[9,4,4,214,214]).
See an explanation at https://jax.readthedocs.io/en/latest/faq.html#buffer-donation.
  warnings.warn("Some donated buffers were not usable:"
  Pass through C_q  [γ̃^3 indefinite — path=cusolvermp_lu]
  L_q: (9, 428, 428)
  Pass through C_q  [γ̃^3 indefinite — path=cusolvermp_lu]
  L_q: (9, 428, 428)
  Pass through C_q  [γ̃^3 indefinite — path=cusolvermp_lu]
  L_q: (9, 428, 428)
/global/u2/j/jackm/software/lorrax_A/src/file_io/_slab_io_ffi.py:385: UserWarning: FFI backend: chunks/attrs on create_dataset currently no-op; pre-create with h5py if you need explicit chunking or attrs.
  warnings.warn(
/global/u2/j/jackm/software/lorrax_A/src/file_io/_slab_io_ffi.py:385: UserWarning: FFI backend: chunks/attrs on create_dataset currently no-op; pre-create with h5py if you need explicit chunking or attrs.
  warnings.warn(
/global/u2/j/jackm/software/lorrax_A/src/file_io/_slab_io_ffi.py:385: UserWarning: FFI backend: chunks/attrs on create_dataset currently no-op; pre-create with h5py if you need explicit chunking or attrs.
  warnings.warn(
/global/u2/j/jackm/software/lorrax_A/src/file_io/_slab_io_ffi.py:385: UserWarning: FFI backend: chunks/attrs on create_dataset currently no-op; pre-create with h5py if you need explicit chunking or attrs.
  warnings.warn(
  ψ(G) host cache: 0.53 GB/process resident
Started zeta fitting at 23:47:14.
[ 23:47:14 | ███░░░░░░░ |  33% ] r-chunk 1 / 3 · ETA 0 s
[ 23:47:15 | ███████░░░ |  67% ] r-chunk 2 / 3 · ETA 0 s
[ 23:47:17 | ██████████ | 100% ] r-chunk 3 / 3 · ETA 0 s
Finished zeta fitting at 23:47:17.  Elapsed: 3 s.
  [SlabIO.close] draining 1 pending writes for zeta_q_mu3.h5 …
  [SlabIO.close] Python dispatch drained in 0.5 s; joining writer thread
  [SlabIO.close] writer thread joined in 0.0 s; calling H5Fclose collectively
  [SlabIO.close] H5Fclose returned in 0.1 s
  Zeta output: /pscratch/sd/j/jackm/lorrax_sandbox/runs/MoS2/01_mos2_3x3_d3h_2026-05-09/A_bispinor_smoke/tmp/zeta_q_mu3.h5  shape: (3,3,1,428,46080)
  Timing (3 r-chunks, 4.3s total):
    fit      4.10s  94.7%
    H5       0.23s   5.3%
  Zeta output: /pscratch/sd/j/jackm/lorrax_sandbox/runs/MoS2/01_mos2_3x3_d3h_2026-05-09/A_bispinor_smoke/tmp/zeta_q_mu3.h5  shape: (3,3,1,428,46080)
  Timing (3 r-chunks, 4.3s total):
    fit      4.14s  95.7%
    H5       0.19s   4.3%
  Zeta output: /pscratch/sd/j/jackm/lorrax_sandbox/runs/MoS2/01_mos2_3x3_d3h_2026-05-09/A_bispinor_smoke/tmp/zeta_q_mu3.h5  shape: (3,3,1,428,46080)
  Timing (3 r-chunks, 4.5s total):
    fit      4.25s  94.9%
    H5       0.23s   5.1%
  Zeta output: /pscratch/sd/j/jackm/lorrax_sandbox/runs/MoS2/01_mos2_3x3_d3h_2026-05-09/A_bispinor_smoke/tmp/zeta_q_mu3.h5  shape: (3,3,1,428,46080)
  Timing (3 r-chunks, 4.3s total):
    fit      4.13s  95.6%
    H5       0.19s   4.4%
  [diag] ζ^{μ_L=3} q=0: max|ζ|=1.695e+02, L2=2.078e+04
    V_q bare cutoff: 30.0 Ry (auto: ecutwfc)
    V_q budget:    27.11 GB

  [bispinor] V_q^{μ_L,ν_L} → /pscratch/sd/j/jackm/lorrax_sandbox/runs/MoS2/01_mos2_3x3_d3h_2026-05-09/A_bispinor_smoke/tmp/v_q_bispinor.h5
  V_q bispinor: writing 7 unique tiles (CC + 3 TT-diag + 3 TT-off) to /pscratch/sd/j/jackm/lorrax_sandbox/runs/MoS2/01_mos2_3x3_d3h_2026-05-09/A_bispinor_smoke/tmp/v_q_bispinor.h5
  [SlabIO.close] draining 0 pending writes for v_q_bispinor.h5 …
  [SlabIO.close] Python dispatch drained in 0.0 s; joining writer thread
  [SlabIO.close] writer thread joined in 0.0 s; calling H5Fclose collectively
  [SlabIO.close] H5Fclose returned in 0.0 s
  V_q bispinor tile 1/7: CC  same_zeta=True  n_rmu_L=584  n_rmu_R=584  write_g0=True
  V_q tile: mesh=2x2, same ζ, q_chunk=9, μ_chunk=584 (1×1 blocks), aligned=True, N_μ_L=584, N_μ_R=584, N_G=2419, predicted peak/rank=2.95 GB (V_ref+g0_ref=0.01 GB)
Started V_q tile at 23:47:23.
[ 23:47:23 | █░░░░░░░░░ |  11% ] q-point 1 / 9 · ETA 0 s
[ 23:47:23 | ██░░░░░░░░ |  22% ] q-point 2 / 9 · ETA 0 s
[ 23:47:23 | ███░░░░░░░ |  33% ] q-point 3 / 9 · ETA 0 s
[ 23:47:23 | ████░░░░░░ |  44% ] q-point 4 / 9 · ETA 0 s
[ 23:47:23 | ██████░░░░ |  56% ] q-point 5 / 9 · ETA 0 s
[ 23:47:23 | ███████░░░ |  67% ] q-point 6 / 9 · ETA 0 s
[ 23:47:23 | ████████░░ |  78% ] q-point 7 / 9 · ETA 0 s
[ 23:47:23 | █████████░ |  89% ] q-point 8 / 9 · ETA 0 s
[ 23:47:23 | ██████████ | 100% ] q-point 9 / 9 · ETA 0 s
Finished V_q tile at 23:47:23.  Elapsed: 0 s.
    [diag] V^{0,0}[q=0] max|V|=1.187e+07
  [SlabIO.close] draining 1 pending writes for v_q_bispinor.h5 …
  [SlabIO.close] Python dispatch drained in 0.0 s; joining writer thread
  [SlabIO.close] writer thread joined in 0.0 s; calling H5Fclose collectively
  [SlabIO.close] H5Fclose returned in 0.0 s
  V_q bispinor tile 2/7: TT[1,1] (diag)  same_zeta=True  n_rmu_L=428  n_rmu_R=428  write_g0=False
  V_q tile: mesh=2x2, same ζ, q_chunk=9, μ_chunk=428 (1×1 blocks), aligned=True, N_μ_L=428, N_μ_R=428, N_G=2419, predicted peak/rank=2.16 GB (V_ref+g0_ref=0.01 GB)
Started V_q tile at 23:47:27.
[ 23:47:27 | █░░░░░░░░░ |  11% ] q-point 1 / 9 · ETA 0 s
[ 23:47:27 | ██░░░░░░░░ |  22% ] q-point 2 / 9 · ETA 0 s
[ 23:47:27 | ███░░░░░░░ |  33% ] q-point 3 / 9 · ETA 0 s
[ 23:47:27 | ████░░░░░░ |  44% ] q-point 4 / 9 · ETA 0 s
[ 23:47:27 | ██████░░░░ |  56% ] q-point 5 / 9 · ETA 0 s
[ 23:47:27 | ███████░░░ |  67% ] q-point 6 / 9 · ETA 0 s
[ 23:47:27 | ████████░░ |  78% ] q-point 7 / 9 · ETA 0 s
[ 23:47:27 | █████████░ |  89% ] q-point 8 / 9 · ETA 0 s
[ 23:47:27 | ██████████ | 100% ] q-point 9 / 9 · ETA 0 s
Finished V_q tile at 23:47:27.  Elapsed: 0 s.
    [diag] V^{1,1}[q=0] max|V|=6.286e+09
  [SlabIO.close] draining 1 pending writes for v_q_bispinor.h5 …
  [SlabIO.close] Python dispatch drained in 0.1 s; joining writer thread
  [SlabIO.close] writer thread joined in 0.0 s; calling H5Fclose collectively
  [SlabIO.close] H5Fclose returned in 0.0 s
  V_q bispinor tile 3/7: TT[2,2] (diag)  same_zeta=True  n_rmu_L=428  n_rmu_R=428  write_g0=False
  V_q tile: mesh=2x2, same ζ, q_chunk=9, μ_chunk=428 (1×1 blocks), aligned=True, N_μ_L=428, N_μ_R=428, N_G=2419, predicted peak/rank=2.16 GB (V_ref+g0_ref=0.01 GB)
Started V_q tile at 23:47:30.
[ 23:47:30 | █░░░░░░░░░ |  11% ] q-point 1 / 9 · ETA 0 s
[ 23:47:30 | ██░░░░░░░░ |  22% ] q-point 2 / 9 · ETA 0 s
[ 23:47:30 | ███░░░░░░░ |  33% ] q-point 3 / 9 · ETA 0 s
[ 23:47:30 | ████░░░░░░ |  44% ] q-point 4 / 9 · ETA 0 s
[ 23:47:30 | ██████░░░░ |  56% ] q-point 5 / 9 · ETA 0 s
[ 23:47:30 | ███████░░░ |  67% ] q-point 6 / 9 · ETA 0 s
[ 23:47:30 | ████████░░ |  78% ] q-point 7 / 9 · ETA 0 s
[ 23:47:30 | █████████░ |  89% ] q-point 8 / 9 · ETA 0 s
[ 23:47:30 | ██████████ | 100% ] q-point 9 / 9 · ETA 0 s
Finished V_q tile at 23:47:30.  Elapsed: 0 s.
    [diag] V^{2,2}[q=0] max|V|=6.554e+09
  [SlabIO.close] draining 1 pending writes for v_q_bispinor.h5 …
  [SlabIO.close] Python dispatch drained in 0.2 s; joining writer thread
  [SlabIO.close] writer thread joined in 0.0 s; calling H5Fclose collectively
  [SlabIO.close] H5Fclose returned in 0.0 s
  V_q bispinor tile 4/7: TT[3,3] (diag)  same_zeta=True  n_rmu_L=428  n_rmu_R=428  write_g0=False
  V_q tile: mesh=2x2, same ζ, q_chunk=9, μ_chunk=428 (1×1 blocks), aligned=True, N_μ_L=428, N_μ_R=428, N_G=2419, predicted peak/rank=2.16 GB (V_ref+g0_ref=0.01 GB)
Started V_q tile at 23:47:32.
[ 23:47:32 | █░░░░░░░░░ |  11% ] q-point 1 / 9 · ETA 0 s
[ 23:47:32 | ██░░░░░░░░ |  22% ] q-point 2 / 9 · ETA 0 s
[ 23:47:32 | ███░░░░░░░ |  33% ] q-point 3 / 9 · ETA 0 s
[ 23:47:32 | ████░░░░░░ |  44% ] q-point 4 / 9 · ETA 0 s
[ 23:47:32 | ██████░░░░ |  56% ] q-point 5 / 9 · ETA 0 s
[ 23:47:32 | ███████░░░ |  67% ] q-point 6 / 9 · ETA 0 s
[ 23:47:32 | ████████░░ |  78% ] q-point 7 / 9 · ETA 0 s
[ 23:47:32 | █████████░ |  89% ] q-point 8 / 9 · ETA 0 s
[ 23:47:32 | ██████████ | 100% ] q-point 9 / 9 · ETA 0 s
Finished V_q tile at 23:47:32.  Elapsed: 0 s.
    [diag] V^{3,3}[q=0] max|V|=2.339e+09
  [SlabIO.close] draining 1 pending writes for v_q_bispinor.h5 …
  [SlabIO.close] Python dispatch drained in 0.2 s; joining writer thread
  [SlabIO.close] writer thread joined in 0.0 s; calling H5Fclose collectively
  [SlabIO.close] H5Fclose returned in 0.0 s
  V_q bispinor tile 5/7: TT[1,2] (off-diag)  same_zeta=False  n_rmu_L=428  n_rmu_R=428  write_g0=False
  V_q tile: mesh=2x2, distinct ζ_L/ζ_R, q_chunk=9, μ_chunk=428 (1×1 blocks), aligned=True, N_μ_L=428, N_μ_R=428, N_G=2419, predicted peak/rank=3.61 GB (V_ref+g0_ref=0.01 GB)
Started V_q tile at 23:47:37.
[ 23:47:37 | █░░░░░░░░░ |  11% ] q-point 1 / 9 · ETA 0 s
[ 23:47:37 | ██░░░░░░░░ |  22% ] q-point 2 / 9 · ETA 0 s
[ 23:47:37 | ███░░░░░░░ |  33% ] q-point 3 / 9 · ETA 0 s
[ 23:47:37 | ████░░░░░░ |  44% ] q-point 4 / 9 · ETA 0 s
[ 23:47:37 | ██████░░░░ |  56% ] q-point 5 / 9 · ETA 0 s
[ 23:47:37 | ███████░░░ |  67% ] q-point 6 / 9 · ETA 0 s
[ 23:47:37 | ████████░░ |  78% ] q-point 7 / 9 · ETA 0 s
[ 23:47:37 | █████████░ |  89% ] q-point 8 / 9 · ETA 0 s
[ 23:47:37 | ██████████ | 100% ] q-point 9 / 9 · ETA 0 s
Finished V_q tile at 23:47:37.  Elapsed: 0 s.
    [diag] V^{1,2}[q=0] max|V|=4.732e+08
  [SlabIO.close] draining 1 pending writes for v_q_bispinor.h5 …
  [SlabIO.close] Python dispatch drained in 0.2 s; joining writer thread
  [SlabIO.close] writer thread joined in 0.0 s; calling H5Fclose collectively
  [SlabIO.close] H5Fclose returned in 0.0 s
  V_q bispinor tile 6/7: TT[1,3] (off-diag)  same_zeta=False  n_rmu_L=428  n_rmu_R=428  write_g0=False
  V_q tile: mesh=2x2, distinct ζ_L/ζ_R, q_chunk=9, μ_chunk=428 (1×1 blocks), aligned=True, N_μ_L=428, N_μ_R=428, N_G=2419, predicted peak/rank=3.61 GB (V_ref+g0_ref=0.01 GB)
Started V_q tile at 23:47:41.
[ 23:47:41 | █░░░░░░░░░ |  11% ] q-point 1 / 9 · ETA 0 s
[ 23:47:41 | ██░░░░░░░░ |  22% ] q-point 2 / 9 · ETA 0 s
[ 23:47:41 | ███░░░░░░░ |  33% ] q-point 3 / 9 · ETA 0 s
[ 23:47:41 | ████░░░░░░ |  44% ] q-point 4 / 9 · ETA 0 s
[ 23:47:41 | ██████░░░░ |  56% ] q-point 5 / 9 · ETA 0 s
[ 23:47:41 | ███████░░░ |  67% ] q-point 6 / 9 · ETA 0 s
[ 23:47:41 | ████████░░ |  78% ] q-point 7 / 9 · ETA 0 s
[ 23:47:41 | █████████░ |  89% ] q-point 8 / 9 · ETA 0 s
[ 23:47:41 | ██████████ | 100% ] q-point 9 / 9 · ETA 0 s
Finished V_q tile at 23:47:41.  Elapsed: 0 s.
    [diag] V^{1,3}[q=0] max|V|=1.545e+08
  [SlabIO.close] draining 1 pending writes for v_q_bispinor.h5 …
  [SlabIO.close] Python dispatch drained in 0.2 s; joining writer thread
  [SlabIO.close] writer thread joined in 0.0 s; calling H5Fclose collectively
  [SlabIO.close] H5Fclose returned in 0.0 s
  V_q bispinor tile 7/7: TT[2,3] (off-diag)  same_zeta=False  n_rmu_L=428  n_rmu_R=428  write_g0=False
  V_q tile: mesh=2x2, distinct ζ_L/ζ_R, q_chunk=9, μ_chunk=428 (1×1 blocks), aligned=True, N_μ_L=428, N_μ_R=428, N_G=2419, predicted peak/rank=3.61 GB (V_ref+g0_ref=0.01 GB)
Started V_q tile at 23:47:46.
[ 23:47:46 | █░░░░░░░░░ |  11% ] q-point 1 / 9 · ETA 0 s
[ 23:47:46 | ██░░░░░░░░ |  22% ] q-point 2 / 9 · ETA 0 s
[ 23:47:46 | ███░░░░░░░ |  33% ] q-point 3 / 9 · ETA 0 s
[ 23:47:46 | ████░░░░░░ |  44% ] q-point 4 / 9 · ETA 0 s
[ 23:47:46 | ██████░░░░ |  56% ] q-point 5 / 9 · ETA 0 s
[ 23:47:46 | ███████░░░ |  67% ] q-point 6 / 9 · ETA 0 s
[ 23:47:46 | ████████░░ |  78% ] q-point 7 / 9 · ETA 0 s
[ 23:47:46 | █████████░ |  89% ] q-point 8 / 9 · ETA 0 s
[ 23:47:46 | ██████████ | 100% ] q-point 9 / 9 · ETA 0 s
Finished V_q tile at 23:47:46.  Elapsed: 0 s.
    [diag] V^{2,3}[q=0] max|V|=2.382e+08
  [SlabIO.close] draining 1 pending writes for v_q_bispinor.h5 …
  [SlabIO.close] Python dispatch drained in 0.2 s; joining writer thread
  [SlabIO.close] writer thread joined in 0.0 s; calling H5Fclose collectively
  [SlabIO.close] H5Fclose returned in 0.0 s
  [SlabIO.close] draining 0 pending writes for zeta_q_mu3.h5 …
  [SlabIO.close] Python dispatch drained in 0.0 s; joining writer thread
  [SlabIO.close] writer thread joined in 0.0 s; calling H5Fclose collectively
  [SlabIO.close] H5Fclose returned in 0.1 s
  [SlabIO.close] draining 0 pending writes for zeta_q_mu2.h5 …
  [SlabIO.close] Python dispatch drained in 0.0 s; joining writer thread
  [SlabIO.close] writer thread joined in 0.0 s; calling H5Fclose collectively
  [SlabIO.close] H5Fclose returned in 0.1 s
  [SlabIO.close] draining 0 pending writes for zeta_q_mu1.h5 …
  [SlabIO.close] Python dispatch drained in 0.0 s; joining writer thread
  [SlabIO.close] writer thread joined in 0.0 s; calling H5Fclose collectively
  [SlabIO.close] H5Fclose returned in 0.1 s
  [SlabIO.close] draining 0 pending writes for zeta_q.h5 …
  [SlabIO.close] Python dispatch drained in 0.0 s; joining writer thread
  [SlabIO.close] writer thread joined in 0.0 s; calling H5Fclose collectively
  [SlabIO.close] H5Fclose returned in 0.2 s
  [SlabIO.close] draining 0 pending writes for v_q_bispinor.h5 …
  [SlabIO.close] Python dispatch drained in 0.0 s; joining writer thread
  [SlabIO.close] writer thread joined in 0.0 s; calling H5Fclose collectively
  [SlabIO.close] H5Fclose returned in 0.0 s

  V_q computed:
    Shape: (9, 584, 584)
    V_q=0 trace: 953958163.6194
  [SlabIO.close] draining 0 pending writes for isdf_tensors_584.h5 …
  [SlabIO.close] Python dispatch drained in 0.0 s; joining writer thread
  [SlabIO.close] writer thread joined in 0.0 s; calling H5Fclose collectively
  [SlabIO.close] H5Fclose returned in 0.0 s
  Wavefunctions built (b0:b4=80 bands, 4 sharded copies: xn/xr/yr/yn)
  Wavefunctions built (b0:b4=80 bands, 4 sharded copies: xn/xr/yr/yn)
  [bispinor] σ^B-side Wfns built on n_rmu_T=428 transverse centroids
  [SlabIO.close] draining 1 pending writes for isdf_tensors_584.h5 …
  [SlabIO.close] Python dispatch drained in 0.1 s; joining writer thread
  [SlabIO.close] writer thread joined in 0.0 s; calling H5Fclose collectively
  [SlabIO.close] H5Fclose returned in 0.0 s
  Chunked ISDF path complete

------------------------------------------------------------------------
  FINITE-SIZE CORRECTIONS
------------------------------------------------------------------------
  Head source: s_tensor
  v(q→0)  =     1654.848 a.u.  (bare Coulomb head)

------------------------------------------------------------------------
  STATIC HEAD TERMS (exact COHSEX / BGW-style)
------------------------------------------------------------------------
  Head source: s_tensor
  v_h(q→0)           =  1654.848023 a.u.
  W_h(q→0, ω=0)      =   321.854564 a.u.
  W_h^c              = -1332.993459 a.u.
  Σ^X head (occ)     = -2.619666e-01 Ry
  Σ^SX head (occ)    = -5.095038e-02 Ry
  Σ^(SX-X) head(occ) = 2.110162e-01 Ry
  Σ^COH head (all)   = -1.055081e-01 Ry
  Σ^B tile (μ_L=1, ν_L=1): tr Σ = -0.230948 eV
  Σ^B tile (μ_L=1, ν_L=2): tr Σ = -0.012062 eV
  Σ^B tile (μ_L=1, ν_L=3): tr Σ = -0.013135 eV
  Σ^B tile (μ_L=2, ν_L=1): tr Σ = -0.012062 eV
  Σ^B tile (μ_L=2, ν_L=2): tr Σ = -0.222228 eV
  Σ^B tile (μ_L=2, ν_L=3): tr Σ = -0.012644 eV
  Σ^B tile (μ_L=3, ν_L=1): tr Σ = -0.013135 eV
  Σ^B tile (μ_L=3, ν_L=2): tr Σ = -0.012644 eV
  Σ^B tile (μ_L=3, ν_L=3): tr Σ = -0.227822 eV
  [SlabIO.close] draining 0 pending writes for v_q_bispinor.h5 …
  [SlabIO.close] Python dispatch drained in 0.0 s; joining writer thread
  [SlabIO.close] writer thread joined in 0.0 s; calling H5Fclose collectively
  [SlabIO.close] H5Fclose returned in 0.0 s
  Bare Σ_X diagonal (eV), k=0: -40.1826  -40.1826  -33.7198  -33.7198  -33.2011  -33.2011  -33.4247  -33.4247
  [SlabIO.close] draining 0 pending writes for kin_ion.h5 …
  [SlabIO.close] Python dispatch drained in 0.0 s; joining writer thread
  [SlabIO.close] writer thread joined in 0.0 s; calling H5Fclose collectively
  [SlabIO.close] H5Fclose returned in 0.0 s

  Sigma diag:   /pscratch/sd/j/jackm/lorrax_sandbox/runs/MoS2/01_mos2_3x3_d3h_2026-05-09/A_bispinor_smoke/sigma_diag.dat
  BGW eqp0:     /pscratch/sd/j/jackm/lorrax_sandbox/runs/MoS2/01_mos2_3x3_d3h_2026-05-09/A_bispinor_smoke/eqp0.dat
  BGW eqp1:     /pscratch/sd/j/jackm/lorrax_sandbox/runs/MoS2/01_mos2_3x3_d3h_2026-05-09/A_bispinor_smoke/eqp1.dat
  Restart:      /pscratch/sd/j/jackm/lorrax_sandbox/runs/MoS2/01_mos2_3x3_d3h_2026-05-09/A_bispinor_smoke/tmp/isdf_tensors_584.h5

--- Timing ---
Total recorded: 76.750 s
Section                                            Count    Total[s]     Self[s]      %
gw_jax.load_centroid_wfns                              1       3.371       2.770    4.4
  load_wfns.precompute_owned                           1       0.000       0.000    0.0
  load_wfns.k_loop                                     1       0.481       0.481    0.6
  load_wfns.scatter                                    1       0.050       0.050    0.1
  load_wfns.make_global_array                          1       0.070       0.070    0.1
gw_jax.zeta_fit_chunked                                1      10.333       1.367   13.5
  zeta_fit.slice_halves                                1       0.031       0.031    0.0
  zeta_fit.CCT                                         1       0.091       0.091    0.1
  zeta_fit.cholesky                                    1       2.668       2.668    3.5
  zeta_fit.gc_pre_chunk_loop                           1       0.125       0.125    0.2
  zeta_fit.open_file                                   1       0.945       0.945    1.2
  zeta_fit.chunk_loop                                  1       4.258       0.000    5.5
    zeta_fit.chunk.fit_one_rchunk                      3       4.004       4.004    5.2
    zeta_fit.chunk.h5_write                            3       0.254       0.254    0.3
  zeta_fit.close_io                                    1       0.847       0.847    1.1
  zeta_fit.sync_global                                 1       0.002       0.002    0.0
gw_jax.load_centroid_wfns_current                      1       3.155       2.786    4.1
  load_wfns.precompute_owned                           1       0.000       0.000    0.0
  load_wfns.k_loop                                     1       0.319       0.319    0.4
  load_wfns.scatter                                    1       0.049       0.049    0.1
  load_wfns.make_global_array                          1       0.001       0.001    0.0
gw_jax.zeta_fit_chunked_mu1                            1       9.885       1.033   12.9
  zeta_fit.slice_halves                                1       0.029       0.029    0.0
  zeta_fit.CCT                                         1       0.290       0.290    0.4
  zeta_fit.cholesky                                    1       0.000       0.000    0.0
  zeta_fit.gc_pre_chunk_loop                           1       0.035       0.035    0.0
  zeta_fit.open_file                                   1       1.731       1.731    2.3
  zeta_fit.chunk_loop                                  1       6.107       0.000    8.0
    zeta_fit.chunk.fit_one_rchunk                      3       5.849       5.849    7.6
    zeta_fit.chunk.h5_write                            3       0.258       0.258    0.3
  zeta_fit.close_io                                    1       0.659       0.659    0.9
  zeta_fit.sync_global                                 1       0.001       0.001    0.0
gw_jax.zeta_fit_chunked_mu2                            1       8.148       1.050   10.6
  zeta_fit.slice_halves                                1       0.029       0.029    0.0
  zeta_fit.CCT                                         1       0.212       0.212    0.3
  zeta_fit.cholesky                                    1       0.000       0.000    0.0
  zeta_fit.gc_pre_chunk_loop                           1       0.040       0.040    0.1
  zeta_fit.open_file                                   1       1.657       1.657    2.2
  zeta_fit.chunk_loop                                  1       4.540       0.000    5.9
    zeta_fit.chunk.fit_one_rchunk                      3       4.306       4.306    5.6
    zeta_fit.chunk.h5_write                            3       0.233       0.233    0.3
  zeta_fit.close_io                                    1       0.618       0.618    0.8
  zeta_fit.sync_global                                 1       0.001       0.001    0.0
gw_jax.zeta_fit_chunked_mu3                            1       7.833       1.063   10.2
  zeta_fit.slice_halves                                1       0.037       0.037    0.0
  zeta_fit.CCT                                         1       0.128       0.128    0.2
  zeta_fit.cholesky                                    1       0.000       0.000    0.0
  zeta_fit.gc_pre_chunk_loop                           1       0.039       0.039    0.1
  zeta_fit.open_file                                   1       1.468       1.468    1.9
  zeta_fit.chunk_loop                                  1       4.474       0.000    5.8
    zeta_fit.chunk.fit_one_rchunk                      3       4.246       4.246    5.5
    zeta_fit.chunk.h5_write                            3       0.227       0.227    0.3
  zeta_fit.close_io                                    1       0.622       0.622    0.8
  zeta_fit.sync_global                                 1       0.001       0.001    0.0
gw_jax.V_q_compute                                     1      28.159       3.325   36.7
  V_q_bispinor[0,0]                                    1       3.797       3.797    4.9
  V_q_bispinor[1,1]                                    1       3.435       3.435    4.5
  V_q_bispinor[2,2]                                    1       2.429       2.429    3.2
  V_q_bispinor[3,3]                                    1       2.453       2.453    3.2
  V_q_bispinor[1,2]                                    1       4.647       4.647    6.1
  V_q_bispinor[1,3]                                    1       4.050       4.050    5.3
  V_q_bispinor[2,3]                                    1       4.023       4.023    5.2
gw_jax.wavefunction_setup                              1       0.052       0.052    0.1
gw_jax.sigma                                           1       5.814       5.814    7.6
