[lxrun] JID 52197940 · 4 nodes · 1:50:35 left · 4/4 free · incoming: lx-D
  1  nid003584  free   —              —      —  ← starting lx-D  python3 -u -m gw.gw_jax 
  2  nid003989  free   —              —      —
  3  nid003992  free   —              —      —
  4  nid008229  free   —              —      —

========================================================================
  COHSEX-JAX: Self-Energy Calculation
========================================================================
  Backend: GPU       Devices: 4  Mesh: 2×2  Processes: 4
  Device type: NVIDIA A100-SXM4-40GB
  XLA preallocate: false  mem_fraction: unset
========================================================================

  ISDF basis: 480 centroids
  FFT grid: 24×24×24   Cell volume: 270.11 a.u.³

    Memory estimate: peak 17.16 GB (budget 28.00 GB), bottleneck=zct
    Per-stage: fft=6.12  zct=8.67  reshard=5.27  solve=3.64  gather=2.11 GB
    AOT fit_one_rchunk peak (driver-level): 7.33 GB

  Chunked ISDF fitting:
    Band chunks: 60
    R chunks:    13824 (contiguous r-space)
    Q chunks:    64
    Zeta output: /pscratch/sd/j/jackm/lorrax_sandbox/runs/Si/00_si_4x4x4_60band/0G_lorrax_gn_HEADOFF/tmp/zeta_q.h5

  Zeta fitting: 1 r-chunks x 13824 r-points, 60 bands (60 left + 60 right)
  Output: /pscratch/sd/j/jackm/lorrax_sandbox/runs/Si/00_si_4x4x4_60band/0G_lorrax_gn_HEADOFF/tmp/zeta_q.h5
  Left wfns:  (64, 60, 2, 480)
  Right wfns: (64, 60, 2, 480)
  Pseudobands normalization: 0 weighted, 0 zero-weight (skipped)
  Computing pair densities P_l, P_r (spin_traced)
/opt/jax/jax/_src/interpreters/mlir.py:1178: UserWarning: Some donated buffers were not usable: ShapedArray(complex128[64,240,240]).
See an explanation at https://jax.readthedocs.io/en/latest/faq.html#buffer-donation.
  warnings.warn("Some donated buffers were not usable:"
/opt/jax/jax/_src/interpreters/mlir.py:1178: UserWarning: Some donated buffers were not usable: ShapedArray(complex128[64,240,240]).
See an explanation at https://jax.readthedocs.io/en/latest/faq.html#buffer-donation.
  warnings.warn("Some donated buffers were not usable:"
/opt/jax/jax/_src/interpreters/mlir.py:1178: UserWarning: Some donated buffers were not usable: ShapedArray(complex128[64,240,240]).
See an explanation at https://jax.readthedocs.io/en/latest/faq.html#buffer-donation.
  warnings.warn("Some donated buffers were not usable:"
/opt/jax/jax/_src/interpreters/mlir.py:1178: UserWarning: Some donated buffers were not usable: ShapedArray(complex128[64,240,240]).
See an explanation at https://jax.readthedocs.io/en/latest/faq.html#buffer-donation.
  warnings.warn("Some donated buffers were not usable:"
  Computing L_q = chol(C_q)
  L_q: (64, 480, 480)
/pscratch/sd/j/jackm/lorrax_sandbox/sources/lorrax_D/src/file_io/_slab_io_ffi.py:239: UserWarning: FFI backend: chunks/attrs on create_dataset currently no-op; pre-create with h5py if you need explicit chunking or attrs.
  warnings.warn(
/pscratch/sd/j/jackm/lorrax_sandbox/sources/lorrax_D/src/file_io/_slab_io_ffi.py:239: UserWarning: FFI backend: chunks/attrs on create_dataset currently no-op; pre-create with h5py if you need explicit chunking or attrs.
  warnings.warn(
/pscratch/sd/j/jackm/lorrax_sandbox/sources/lorrax_D/src/file_io/_slab_io_ffi.py:239: UserWarning: FFI backend: chunks/attrs on create_dataset currently no-op; pre-create with h5py if you need explicit chunking or attrs.
  warnings.warn(
/pscratch/sd/j/jackm/lorrax_sandbox/sources/lorrax_D/src/file_io/_slab_io_ffi.py:239: UserWarning: FFI backend: chunks/attrs on create_dataset currently no-op; pre-create with h5py if you need explicit chunking or attrs.
  warnings.warn(
  ψ(G) host cache: 0.42 GB/process resident
Started zeta fitting at 18:30:13.
[ 18:30:13 | ██████████ | 100% ] r-chunk 1 / 1 · ETA 0 s
Finished zeta fitting at 18:30:13.  Elapsed: 0 s.
  [SlabIO.close] draining 1 pending writes for zeta_q.h5 …
  [SlabIO.close] Python dispatch drained in 5.5 s; joining writer thread
  [SlabIO.close] writer thread joined in 0.0 s; calling H5Fclose collectively
  [SlabIO.close] H5Fclose returned in 0.5 s
  Zeta output: /pscratch/sd/j/jackm/lorrax_sandbox/runs/Si/00_si_4x4x4_60band/0G_lorrax_gn_HEADOFF/tmp/zeta_q.h5  shape: (4,4,4,480,13824)
  Timing (1 r-chunks, 1.6s total):
    fit      1.62s  98.6%
    H5       0.02s   1.3%
    GPU high-water mark: 3.72 GB / 28.00 GB budget (13%)
    γ (runtime / AOT-pred) = 0.507  (AOT predicted 7.33 GB)
    V_q bare cutoff: 25.0 Ry
    V_q budget:    27.04 GB
    V_q mu chunks: 480
    V_q q batches: 4
  V_q (sharded): mesh=2x2, one-shot (Case A), q_chunk=64, μ_chunk=480 (1 μ-blocks), aligned=True, N_μ=480, N_G=645, predicted peak/rank=0.76 GB (V_ref+g0_ref=0.06 GB)
Started V_q computation at 18:30:23.
[ 18:30:23 | ░░░░░░░░░░ |   2% ] q-point  1 / 64 · ETA 0 s
[ 18:30:23 | █░░░░░░░░░ |   6% ] q-point  4 / 64 · ETA 0 s
[ 18:30:23 | █░░░░░░░░░ |  12% ] q-point  8 / 64 · ETA 0 s
[ 18:30:23 | ██░░░░░░░░ |  17% ] q-point 11 / 64 · ETA 0 s
[ 18:30:23 | ██░░░░░░░░ |  22% ] q-point 14 / 64 · ETA 0 s
[ 18:30:23 | ███░░░░░░░ |  28% ] q-point 18 / 64 · ETA 0 s
[ 18:30:23 | ███░░░░░░░ |  33% ] q-point 21 / 64 · ETA 0 s
[ 18:30:23 | ████░░░░░░ |  38% ] q-point 24 / 64 · ETA 0 s
[ 18:30:23 | ████░░░░░░ |  44% ] q-point 28 / 64 · ETA 0 s
[ 18:30:23 | █████░░░░░ |  48% ] q-point 31 / 64 · ETA 0 s
[ 18:30:23 | █████░░░░░ |  53% ] q-point 34 / 64 · ETA 0 s
[ 18:30:23 | ██████░░░░ |  58% ] q-point 37 / 64 · ETA 0 s
[ 18:30:23 | ██████░░░░ |  64% ] q-point 41 / 64 · ETA 0 s
[ 18:30:23 | ███████░░░ |  69% ] q-point 44 / 64 · ETA 0 s
[ 18:30:23 | ███████░░░ |  73% ] q-point 47 / 64 · ETA 0 s
[ 18:30:23 | ████████░░ |  80% ] q-point 51 / 64 · ETA 0 s
[ 18:30:23 | ████████░░ |  84% ] q-point 54 / 64 · ETA 0 s
[ 18:30:23 | █████████░ |  89% ] q-point 57 / 64 · ETA 0 s
[ 18:30:23 | ██████████ |  95% ] q-point 61 / 64 · ETA 0 s
[ 18:30:23 | ██████████ | 100% ] q-point 64 / 64 · ETA 0 s
Finished V_q computation at 18:30:23.  Elapsed: 0 s.
  [SlabIO.close] draining 0 pending writes for zeta_q.h5 …
  [SlabIO.close] Python dispatch drained in 0.0 s; joining writer thread
  [SlabIO.close] writer thread joined in 0.0 s; calling H5Fclose collectively
  [SlabIO.close] H5Fclose returned in 0.4 s

  V_q computed:
    Shape: (1, 1, 1, 4, 4, 4, 480, 480)
    V_q=0 trace: 5515914.2157
  [SlabIO.close] draining 3 pending writes for isdf_tensors_480.h5 …
  [SlabIO.close] Python dispatch drained in 0.9 s; joining writer thread
  [SlabIO.close] writer thread joined in 0.0 s; calling H5Fclose collectively
  [SlabIO.close] H5Fclose returned in 0.3 s
  Wavefunctions built (b0:b4=60 bands, 4 sharded copies: xn/xr/yr/yn)
  [SlabIO.close] draining 1 pending writes for isdf_tensors_480.h5 …
  [SlabIO.close] Python dispatch drained in 0.3 s; joining writer thread
  [SlabIO.close] writer thread joined in 0.0 s; calling H5Fclose collectively
  [SlabIO.close] H5Fclose returned in 0.0 s
  Chunked ISDF path complete
  Minimax static window: x=[4.973384e-02, 3.704181e+00] Ry, R=74.48, nodes=10, fit_err~6.434e-06
  [SlabIO.close] draining 1 pending writes for isdf_tensors_480.h5 …
  [SlabIO.close] Python dispatch drained in 0.2 s; joining writer thread
  [SlabIO.close] writer thread joined in 0.0 s; calling H5Fclose collectively
  [SlabIO.close] H5Fclose returned in 0.0 s
  Persisted W0_qmunu + q=0 head scalars: vhead=0.000 a.u.,  whead[ω=0]=0.000 a.u.,  whead[iωp]=0.000 a.u.

------------------------------------------------------------------------
  FINITE-SIZE CORRECTIONS
------------------------------------------------------------------------
  Head source: override
  v(q→0)  =        0.000 a.u.  (bare Coulomb head)
  W(q→0)  =        0.000 a.u.  (screened Coulomb head)
  ΔW      =        0.000 a.u.  (screening correction)

------------------------------------------------------------------------
  STATIC HEAD TERMS (exact COHSEX / BGW-style)
------------------------------------------------------------------------
  Head source: override
  v_h(q→0)           =     0.000000 a.u.
  W_h(q→0, ω=0)      =     0.000000 a.u.
  W_h^c              =     0.000000 a.u.
  Σ^X head (occ)     = 0.000000e+00 Ry
  Σ^SX head (occ)    = 0.000000e+00 Ry
  Σ^(SX-X) head(occ) = 0.000000e+00 Ry
  Σ^COH head (all)   = 0.000000e+00 Ry
2026-04-28 18:30:28.628500: E external/xla/xla/service/spmd/spmd_partitioner.cc:620] [spmd] Involuntary full rematerialization. The compiler was not able to go from sharding {devices=[4,1,1]<=[4]} to {devices=[1,2,2]<=[4]} without doing a full rematerialization of the tensor for HLO operation: %param = c128[16,480,480]{2,1,0} parameter(5), sharding={devices=[4,1,1]<=[4]}, metadata={op_name="W_q"}. You probably want to enrich the sharding annotations to prevent this from happening.
2026-04-28 18:30:28.875103: E external/xla/xla/service/spmd/spmd_partitioner.cc:620] [spmd] Involuntary full rematerialization. The compiler was not able to go from sharding {devices=[4,1,1]<=[4]} to {devices=[1,2,2]<=[4]} without doing a full rematerialization of the tensor for HLO operation: %param = c128[16,480,480]{2,1,0} parameter(5), sharding={devices=[4,1,1]<=[4]}, metadata={op_name="W_q"}. You probably want to enrich the sharding annotations to prevent this from happening.
2026-04-28 18:30:28.877746: E external/xla/xla/service/spmd/spmd_partitioner.cc:620] [spmd] Involuntary full rematerialization. The compiler was not able to go from sharding {devices=[4,1,1]<=[4]} to {devices=[1,2,2]<=[4]} without doing a full rematerialization of the tensor for HLO operation: %param = c128[16,480,480]{2,1,0} parameter(5), sharding={devices=[4,1,1]<=[4]}, metadata={op_name="W_q"}. You probably want to enrich the sharding annotations to prevent this from happening.
2026-04-28 18:30:28.955303: E external/xla/xla/service/spmd/spmd_partitioner.cc:620] [spmd] Involuntary full rematerialization. The compiler was not able to go from sharding {devices=[4,1,1]<=[4]} to {devices=[1,2,2]<=[4]} without doing a full rematerialization of the tensor for HLO operation: %param = c128[16,480,480]{2,1,0} parameter(5), sharding={devices=[4,1,1]<=[4]}, metadata={op_name="W_q"}. You probably want to enrich the sharding annotations to prevent this from happening.
2026-04-28 18:30:29.373907: E external/xla/xla/service/spmd/spmd_partitioner.cc:620] [spmd] Involuntary full rematerialization. The compiler was not able to go from sharding {devices=[1,2,2]<=[4]} to {devices=[4,1,1]<=[4]} without doing a full rematerialization of the tensor for HLO operation: %param = c128[64,240,240]{2,1,0} parameter(5), sharding={devices=[1,2,2]<=[4]}, metadata={op_name="V_q"}. You probably want to enrich the sharding annotations to prevent this from happening.
2026-04-28 18:30:29.373978: E external/xla/xla/service/spmd/spmd_partitioner.cc:620] [spmd] Involuntary full rematerialization. The compiler was not able to go from sharding {devices=[4,1,1]<=[4]} to {devices=[1,2,2]<=[4]} without doing a full rematerialization of the tensor for HLO operation: %subtract.13 = c128[16,480,480]{2,1,0} subtract(%param, %dynamic-slice), sharding={devices=[4,1,1]<=[4]}, metadata={op_name="jit(sigma_coh)/jit(main)/sub" source_file="/pscratch/sd/j/jackm/lorrax_sandbox/sources/lorrax_D/src/gw/cohsex_sigma.py" source_line=106}. You probably want to enrich the sharding annotations to prevent this from happening.
2026-04-28 18:30:29.374601: E external/xla/xla/service/spmd/spmd_partitioner.cc:620] [spmd] Involuntary full rematerialization. The compiler was not able to go from sharding {devices=[1,2,2]<=[4]} to {devices=[4,1,1]<=[4]} without doing a full rematerialization of the tensor for HLO operation: %param = c128[64,240,240]{2,1,0} parameter(5), sharding={devices=[1,2,2]<=[4]}, metadata={op_name="V_q"}. You probably want to enrich the sharding annotations to prevent this from happening.
2026-04-28 18:30:29.374662: E external/xla/xla/service/spmd/spmd_partitioner.cc:620] [spmd] Involuntary full rematerialization. The compiler was not able to go from sharding {devices=[4,1,1]<=[4]} to {devices=[1,2,2]<=[4]} without doing a full rematerialization of the tensor for HLO operation: %subtract.13 = c128[16,480,480]{2,1,0} subtract(%param, %dynamic-slice), sharding={devices=[4,1,1]<=[4]}, metadata={op_name="jit(sigma_coh)/jit(main)/sub" source_file="/pscratch/sd/j/jackm/lorrax_sandbox/sources/lorrax_D/src/gw/cohsex_sigma.py" source_line=106}. You probably want to enrich the sharding annotations to prevent this from happening.
2026-04-28 18:30:29.374996: E external/xla/xla/service/spmd/spmd_partitioner.cc:620] [spmd] Involuntary full rematerialization. The compiler was not able to go from sharding {devices=[1,2,2]<=[4]} to {devices=[4,1,1]<=[4]} without doing a full rematerialization of the tensor for HLO operation: %param = c128[64,240,240]{2,1,0} parameter(5), sharding={devices=[1,2,2]<=[4]}, metadata={op_name="V_q"}. You probably want to enrich the sharding annotations to prevent this from happening.
2026-04-28 18:30:29.375064: E external/xla/xla/service/spmd/spmd_partitioner.cc:620] [spmd] Involuntary full rematerialization. The compiler was not able to go from sharding {devices=[4,1,1]<=[4]} to {devices=[1,2,2]<=[4]} without doing a full rematerialization of the tensor for HLO operation: %subtract.13 = c128[16,480,480]{2,1,0} subtract(%param, %dynamic-slice), sharding={devices=[4,1,1]<=[4]}, metadata={op_name="jit(sigma_coh)/jit(main)/sub" source_file="/pscratch/sd/j/jackm/lorrax_sandbox/sources/lorrax_D/src/gw/cohsex_sigma.py" source_line=106}. You probably want to enrich the sharding annotations to prevent this from happening.
2026-04-28 18:30:29.375083: E external/xla/xla/service/spmd/spmd_partitioner.cc:620] [spmd] Involuntary full rematerialization. The compiler was not able to go from sharding {devices=[1,2,2]<=[4]} to {devices=[4,1,1]<=[4]} without doing a full rematerialization of the tensor for HLO operation: %param = c128[64,240,240]{2,1,0} parameter(5), sharding={devices=[1,2,2]<=[4]}, metadata={op_name="V_q"}. You probably want to enrich the sharding annotations to prevent this from happening.
2026-04-28 18:30:29.375147: E external/xla/xla/service/spmd/spmd_partitioner.cc:620] [spmd] Involuntary full rematerialization. The compiler was not able to go from sharding {devices=[4,1,1]<=[4]} to {devices=[1,2,2]<=[4]} without doing a full rematerialization of the tensor for HLO operation: %subtract.13 = c128[16,480,480]{2,1,0} subtract(%param, %dynamic-slice), sharding={devices=[4,1,1]<=[4]}, metadata={op_name="jit(sigma_coh)/jit(main)/sub" source_file="/pscratch/sd/j/jackm/lorrax_sandbox/sources/lorrax_D/src/gw/cohsex_sigma.py" source_line=106}. You probably want to enrich the sharding annotations to prevent this from happening.
  Bare Σ_X diagonal (eV), k=0: -14.8211  -14.8211  -10.3027  -10.3027  -10.2843  -10.2860  -10.2849  -10.2863

------------------------------------------------------------------------
  GN-PPM + FREQUENCY-INTEGRATED SIGMA
------------------------------------------------------------------------
  PPM imag-freq quadrature (ωp=2.0000 Ry): R=74.5, nodes=6, err~8.0e-06
2026-04-28 18:30:31.086139: E external/xla/xla/service/spmd/spmd_partitioner.cc:620] [spmd] Involuntary full rematerialization. The compiler was not able to go from sharding {devices=[1,2,2]<=[4]} to {devices=[4,1,1]<=[4]} without doing a full rematerialization of the tensor for HLO operation: %param = c128[64,240,240]{2,1,0} parameter(1), sharding={devices=[1,2,2]<=[4]}, metadata={op_name="y"}. You probably want to enrich the sharding annotations to prevent this from happening.
2026-04-28 18:30:31.086768: E external/xla/xla/service/spmd/spmd_partitioner.cc:620] [spmd] Involuntary full rematerialization. The compiler was not able to go from sharding {devices=[1,2,2]<=[4]} to {devices=[4,1,1]<=[4]} without doing a full rematerialization of the tensor for HLO operation: %param = c128[64,240,240]{2,1,0} parameter(1), sharding={devices=[1,2,2]<=[4]}, metadata={op_name="y"}. You probably want to enrich the sharding annotations to prevent this from happening.
2026-04-28 18:30:31.086953: E external/xla/xla/service/spmd/spmd_partitioner.cc:620] [spmd] Involuntary full rematerialization. The compiler was not able to go from sharding {devices=[1,2,2]<=[4]} to {devices=[4,1,1]<=[4]} without doing a full rematerialization of the tensor for HLO operation: %param = c128[64,240,240]{2,1,0} parameter(1), sharding={devices=[1,2,2]<=[4]}, metadata={op_name="y"}. You probably want to enrich the sharding annotations to prevent this from happening.
2026-04-28 18:30:32.026479: E external/xla/xla/service/spmd/spmd_partitioner.cc:620] [spmd] Involuntary full rematerialization. The compiler was not able to go from sharding {devices=[4,1,1]<=[4]} to {devices=[1,2,2]<=[4]} without doing a full rematerialization of the tensor for HLO operation: %get-tuple-element = f64[16,480,480]{2,1,0} get-tuple-element(%tuple), index=0, sharding={devices=[4,1,1]<=[4]}. You probably want to enrich the sharding annotations to prevent this from happening.
2026-04-28 18:30:32.026547: E external/xla/xla/service/spmd/spmd_partitioner.cc:620] [spmd] Involuntary full rematerialization. The compiler was not able to go from sharding {devices=[4,1,1]<=[4]} to {devices=[1,2,2]<=[4]} without doing a full rematerialization of the tensor for HLO operation: %get-tuple-element = f64[16,480,480]{2,1,0} get-tuple-element(%tuple), index=0, sharding={devices=[4,1,1]<=[4]}. You probably want to enrich the sharding annotations to prevent this from happening.
2026-04-28 18:30:32.026723: E external/xla/xla/service/spmd/spmd_partitioner.cc:620] [spmd] Involuntary full rematerialization. The compiler was not able to go from sharding {devices=[4,1,1]<=[4]} to {devices=[1,2,2]<=[4]} without doing a full rematerialization of the tensor for HLO operation: %get-tuple-element = f64[16,480,480]{2,1,0} get-tuple-element(%tuple), index=0, sharding={devices=[4,1,1]<=[4]}. You probably want to enrich the sharding annotations to prevent this from happening.
2026-04-28 18:30:32.075162: E external/xla/xla/service/spmd/spmd_partitioner.cc:620] [spmd] Involuntary full rematerialization. The compiler was not able to go from sharding {devices=[4,1,1]<=[4]} to {devices=[1,2,2]<=[4]} without doing a full rematerialization of the tensor for HLO operation: %get-tuple-element = c128[16,480,480]{2,1,0} get-tuple-element(%tuple), index=0, sharding={devices=[4,1,1]<=[4]}. You probably want to enrich the sharding annotations to prevent this from happening.
2026-04-28 18:30:32.075375: E external/xla/xla/service/spmd/spmd_partitioner.cc:620] [spmd] Involuntary full rematerialization. The compiler was not able to go from sharding {devices=[4,1,1]<=[4]} to {devices=[1,2,2]<=[4]} without doing a full rematerialization of the tensor for HLO operation: %get-tuple-element = c128[16,480,480]{2,1,0} get-tuple-element(%tuple), index=0, sharding={devices=[4,1,1]<=[4]}. You probably want to enrich the sharding annotations to prevent this from happening.
2026-04-28 18:30:32.075402: E external/xla/xla/service/spmd/spmd_partitioner.cc:620] [spmd] Involuntary full rematerialization. The compiler was not able to go from sharding {devices=[4,1,1]<=[4]} to {devices=[1,2,2]<=[4]} without doing a full rematerialization of the tensor for HLO operation: %get-tuple-element = c128[16,480,480]{2,1,0} get-tuple-element(%tuple), index=0, sharding={devices=[4,1,1]<=[4]}. You probably want to enrich the sharding annotations to prevent this from happening.
2026-04-28 18:30:32.125269: E external/xla/xla/service/spmd/spmd_partitioner.cc:620] [spmd] Involuntary full rematerialization. The compiler was not able to go from sharding {devices=[4,1,1]<=[4]} to {devices=[1,2,2]<=[4]} without doing a full rematerialization of the tensor for HLO operation: %get-tuple-element = pred[16,480,480]{2,1,0} get-tuple-element(%tuple), index=0, sharding={devices=[4,1,1]<=[4]}. You probably want to enrich the sharding annotations to prevent this from happening.
2026-04-28 18:30:32.125486: E external/xla/xla/service/spmd/spmd_partitioner.cc:620] [spmd] Involuntary full rematerialization. The compiler was not able to go from sharding {devices=[4,1,1]<=[4]} to {devices=[1,2,2]<=[4]} without doing a full rematerialization of the tensor for HLO operation: %get-tuple-element = pred[16,480,480]{2,1,0} get-tuple-element(%tuple), index=0, sharding={devices=[4,1,1]<=[4]}. You probably want to enrich the sharding annotations to prevent this from happening.
2026-04-28 18:30:32.125892: E external/xla/xla/service/spmd/spmd_partitioner.cc:620] [spmd] Involuntary full rematerialization. The compiler was not able to go from sharding {devices=[4,1,1]<=[4]} to {devices=[1,2,2]<=[4]} without doing a full rematerialization of the tensor for HLO operation: %get-tuple-element = pred[16,480,480]{2,1,0} get-tuple-element(%tuple), index=0, sharding={devices=[4,1,1]<=[4]}. You probably want to enrich the sharding annotations to prevent this from happening.
  GN-PPM fit: 1.09s, iωp=2.0000 Ry, unfulfilled=1.20%
  [pf] profiling hooks unavailable: [Errno 2] No such file or directory: 'profile/memprof/sigma_ppm_pre.prof'
  Σc(ω) grid: -10.000..10.000 eV, Nω=41, Δω=0.500 eV, ξ=0.250 eV
  GN invalid modes: 176770/14745600 (1.20%)
    ω≥E_F cond window "core" (crossing): 103 nodes, err<1e-06, E_A=[0.0249, 0.7527] Ry, project=imag
    ω≥E_F cond window "a_stripe" (Laplace): 10 nodes, err<1e-06, E_A=[0.7827, 2.7977] Ry, project=full
    ω≥E_F cond window "b_slab" (Laplace): 13 nodes, err<1e-06, E_A=[0.0249, 2.7977] Ry, project=full
Started sigma[ω≥E_F cond] at 18:30:34.
[ 18:30:34 | ░░░░░░░░░░ |   1% ] tau node   1 / 126 · ETA 0 s
[ 18:30:34 | █░░░░░░░░░ |  12% ] tau node  15 / 126 · ETA 3 s
[ 18:30:34 | ██░░░░░░░░ |  23% ] tau node  29 / 126 · ETA 2 s
[ 18:30:35 | ███░░░░░░░ |  34% ] tau node  43 / 126 · ETA 2 s
[ 18:30:35 | █████░░░░░ |  45% ] tau node  57 / 126 · ETA 2 s
[ 18:30:35 | ██████░░░░ |  56% ] tau node  70 / 126 · ETA 1 s
[ 18:30:36 | ███████░░░ |  67% ] tau node  84 / 126 · ETA 1 s
[ 18:30:36 | ████████░░ |  78% ] tau node  98 / 126 · ETA 1 s
[ 18:30:36 | █████████░ |  89% ] tau node 112 / 126 · ETA 0 s
[ 18:30:37 | ██████████ | 100% ] tau node 126 / 126 · ETA 0 s
Finished sigma[ω≥E_F cond] at 18:30:37.  Elapsed: 3 s.
    ω≥E_F val window "single" (Laplace): 14 nodes, err<1e-06, E_A=[0.0249, 0.9064] Ry, project=full
Started sigma[ω≥E_F val] at 18:30:37.
[ 18:30:37 | █░░░░░░░░░ |   7% ] tau node  1 / 14 · ETA 0 s
[ 18:30:37 | █░░░░░░░░░ |  14% ] tau node  2 / 14 · ETA 0 s
[ 18:30:37 | ███░░░░░░░ |  29% ] tau node  4 / 14 · ETA 0 s
[ 18:30:37 | ████░░░░░░ |  36% ] tau node  5 / 14 · ETA 0 s
[ 18:30:37 | █████░░░░░ |  50% ] tau node  7 / 14 · ETA 0 s
[ 18:30:37 | ██████░░░░ |  57% ] tau node  8 / 14 · ETA 0 s
[ 18:30:37 | ███████░░░ |  71% ] tau node 10 / 14 · ETA 0 s
[ 18:30:37 | ████████░░ |  79% ] tau node 11 / 14 · ETA 0 s
[ 18:30:37 | █████████░ |  93% ] tau node 13 / 14 · ETA 0 s
[ 18:30:37 | ██████████ | 100% ] tau node 14 / 14 · ETA 0 s
Finished sigma[ω≥E_F val] at 18:30:37.  Elapsed: 0 s.
    ω<E_F cond window "single" (Laplace): 14 nodes, err<1e-06, E_A=[0.0249, 2.7977] Ry, project=full
Started sigma[ω<E_F cond] at 18:30:38.
[ 18:30:38 | █░░░░░░░░░ |   7% ] tau node  1 / 14 · ETA 0 s
[ 18:30:38 | █░░░░░░░░░ |  14% ] tau node  2 / 14 · ETA 0 s
[ 18:30:38 | ███░░░░░░░ |  29% ] tau node  4 / 14 · ETA 0 s
[ 18:30:38 | ████░░░░░░ |  36% ] tau node  5 / 14 · ETA 0 s
[ 18:30:38 | █████░░░░░ |  50% ] tau node  7 / 14 · ETA 0 s
[ 18:30:38 | ██████░░░░ |  57% ] tau node  8 / 14 · ETA 0 s
[ 18:30:38 | ███████░░░ |  71% ] tau node 10 / 14 · ETA 0 s
[ 18:30:38 | ████████░░ |  79% ] tau node 11 / 14 · ETA 0 s
[ 18:30:38 | █████████░ |  93% ] tau node 13 / 14 · ETA 0 s
[ 18:30:38 | ██████████ | 100% ] tau node 14 / 14 · ETA 0 s
Finished sigma[ω<E_F cond] at 18:30:38.  Elapsed: 0 s.
    ω<E_F val window "core" (crossing): 103 nodes, err<1e-06, E_A=[0.0249, 0.7561] Ry, project=imag
    ω<E_F val window "a_stripe" (Laplace): 8 nodes, err<1e-06, E_A=[0.8269, 0.9064] Ry, project=full
    ω<E_F val window "b_slab" (Laplace): 13 nodes, err<1e-06, E_A=[0.0249, 0.9064] Ry, project=full
Started sigma[ω<E_F val] at 18:30:38.
[ 18:30:38 | ░░░░░░░░░░ |   1% ] tau node   1 / 124 · ETA 0 s
[ 18:30:38 | █░░░░░░░░░ |  12% ] tau node  15 / 124 · ETA 2 s
[ 18:30:39 | ██░░░░░░░░ |  23% ] tau node  28 / 124 · ETA 2 s
[ 18:30:39 | ███░░░░░░░ |  34% ] tau node  42 / 124 · ETA 2 s
[ 18:30:39 | █████░░░░░ |  45% ] tau node  56 / 124 · ETA 2 s
[ 18:30:40 | ██████░░░░ |  56% ] tau node  69 / 124 · ETA 1 s
[ 18:30:40 | ███████░░░ |  67% ] tau node  83 / 124 · ETA 1 s
[ 18:30:40 | ████████░░ |  78% ] tau node  97 / 124 · ETA 1 s
[ 18:30:41 | █████████░ |  89% ] tau node 110 / 124 · ETA 0 s
[ 18:30:41 | ██████████ | 100% ] tau node 124 / 124 · ETA 0 s
Finished sigma[ω<E_F val] at 18:30:41.  Elapsed: 3 s.

------------------------------------------------------------------------
  HEAD CORRECTION (scalar GN, separate from ISDF body)
------------------------------------------------------------------------
  v(q→0)             =        0.000 a.u.
  W^c(q→0, ω=0)      =        0.000 a.u.
  W^c(q→0, ω=iωp)    =        0.000 a.u.  [ωp=2.0000 Ry]
  Ω_h²               =     1.000000 Ry²
  Ω_h                =     1.000000 Ry  (13.605698 eV)
  B_h                =     0.000000 Ry² · a.u.
  R_h                =     0.000000 Ry · a.u.
  R_h / (Ω_h · vol)  = 0.000000e+00 (Ry)
  Σ_c head shift: max|Σ^head_diag| = 0.0000 eV (on-shell occ band → -0.0000 eV)
  E_F(midgap) = 6.635312 eV  (VBM=6.296980, CBM=6.973644)
/pscratch/sd/j/jackm/lorrax_sandbox/sources/lorrax_D/src/file_io/_slab_io_ffi.py:239: UserWarning: FFI backend: chunks/attrs on create_dataset currently no-op; pre-create with h5py if you need explicit chunking or attrs.
  warnings.warn(
/pscratch/sd/j/jackm/lorrax_sandbox/sources/lorrax_D/src/file_io/_slab_io_ffi.py:239: UserWarning: FFI backend: chunks/attrs on create_dataset currently no-op; pre-create with h5py if you need explicit chunking or attrs.
  warnings.warn(
/pscratch/sd/j/jackm/lorrax_sandbox/sources/lorrax_D/src/file_io/_slab_io_ffi.py:239: UserWarning: FFI backend: chunks/attrs on create_dataset currently no-op; pre-create with h5py if you need explicit chunking or attrs.
  warnings.warn(
/pscratch/sd/j/jackm/lorrax_sandbox/sources/lorrax_D/src/file_io/_slab_io_ffi.py:239: UserWarning: FFI backend: chunks/attrs on create_dataset currently no-op; pre-create with h5py if you need explicit chunking or attrs.
  warnings.warn(
  [SlabIO.close] draining 3 pending writes for sigma_mnk.h5 …
  [SlabIO.close] Python dispatch drained in 0.3 s; joining writer thread
  [SlabIO.close] writer thread joined in 0.0 s; calling H5Fclose collectively
  [SlabIO.close] H5Fclose returned in 0.5 s
  Diagonal SC: 1144/3840 states in grid, 20 iterations
  QSGW: 3096 clipped (80.6%)
  G0W0 diag (E_DFT):     /pscratch/sd/j/jackm/lorrax_sandbox/runs/Si/00_si_4x4x4_60band/0G_lorrax_gn_HEADOFF/eqp_g0w0.dat

  Output: /pscratch/sd/j/jackm/lorrax_sandbox/runs/Si/00_si_4x4x4_60band/0G_lorrax_gn_HEADOFF/eqp0.dat
  Sigma(ω): /pscratch/sd/j/jackm/lorrax_sandbox/runs/Si/00_si_4x4x4_60band/0G_lorrax_gn_HEADOFF/sigma_mnk.h5
  Restart:  /pscratch/sd/j/jackm/lorrax_sandbox/runs/Si/00_si_4x4x4_60band/0G_lorrax_gn_HEADOFF/tmp/isdf_tensors_480.h5

--- Timing ---
Total recorded: 32.058 s
Section                                            Count    Total[s]     Self[s]      %
gw_jax.load_centroid_wfns                              1       1.269       1.133    4.0
  load_wfns.precompute_owned                           1       0.000       0.000    0.0
  load_wfns.k_loop                                     1       0.025       0.025    0.1
  load_wfns.scatter                                    1       0.038       0.038    0.1
  load_wfns.make_global_array                          1       0.072       0.072    0.2
gw_jax.zeta_fit_chunked                                1      10.232       0.826   31.9
  zeta_fit.slice_halves                                1       0.030       0.030    0.1
  zeta_fit.CCT                                         1       0.385       0.385    1.2
  zeta_fit.cholesky                                    1       1.237       1.237    3.9
  zeta_fit.gc_pre_chunk_loop                           1       0.065       0.065    0.2
  zeta_fit.open_file                                   1       0.075       0.075    0.2
  zeta_fit.chunk_loop                                  1       1.639       0.000    5.1
    zeta_fit.chunk.fit_one_rchunk                      1       1.617       1.617    5.0
    zeta_fit.chunk.h5_write                            1       0.022       0.022    0.1
  zeta_fit.close_io                                    1       5.973       5.973   18.6
  zeta_fit.sync_global                                 1       0.002       0.002    0.0
gw_jax.V_q_compute                                     1       4.454       0.547   13.9
  compute_all_V_q_sharded                              1       3.907       3.907   12.2
gw_jax.wavefunction_setup                              1       0.030       0.030    0.1
gw_jax.chi0_W                                          1       1.300       0.026    4.1
  chi.compile                                          1       0.449       0.449    1.4
  chi.exec                                             1       0.148       0.148    0.5
  W.compile                                            1       0.067       0.067    0.2
  W.exec                                               1       0.610       0.610    1.9
gw_jax.sigma                                           1       2.002       2.002    6.2
gw_jax.ppm_sigma                                       1      12.772       3.037   39.8
  sigma.compile                                        1       0.751       0.751    2.3
  sigma.exec                                           1       8.984       8.984   28.0
