
========================================================================
  COHSEX-JAX: Self-Energy Calculation
========================================================================
  Backend: GPU       Devices: 16  Mesh: 4×4  Processes: 16
  Device type: NVIDIA A100-SXM4-80GB
  XLA preallocate: false  mem_fraction: 0.95
  XLA pool: limit=80.84 GB, in_use=0.00 GB, avail=80.84 GB
========================================================================

  ISDF basis: 1589 centroids
  FFT grid: 24×24×80   Cell volume: 702.20 a.u.³


  ISDF memory model — chunk plan + HWM estimate
    band_chunk    = 16
    r_chunk       = 30784  (2 chunks)
    q_chunk       = 36
    gflat_cs      = 100
    P_min (floor) = 1
    budget        = 28.00 GB/dev  (util 0.85)
    persistent    = 0.75 GB/dev
    HWM estimate  = 23.80 GB/dev (85% of budget) [binder: C_fit_one_rchunk]
    per-stage peaks (persistent + transient, GB/dev):
      C_fit_one_rchunk....   23.80 <=
      D_accumulate........    2.67
      B_cct_chol..........    1.57
      A_centroid_load.....    0.96
      E_v_q...............    0.53

  Chunked ISDF fitting:
    Band chunks: 16
    R chunks:    30784 (contiguous r-space)
    Q chunks:    36
    GFlat cs:    100
    Zeta output: /pscratch/sd/j/jackm/lorrax_sandbox/runs/MoS2/A_bse_figures_2026-07-20/04_lorrax_gw_bandrange_2026-07-21/prod_gw_1600_200b/tmp/zeta_q.h5
    cutoffs: zeta = 30.0 Ry, bare-Coulomb = 30.0 Ry  (ecutwfc=30.0, ecutrho=120.0)

  Zeta fitting: 2 r-chunks x 30784 r-points, 208 bands (60 left + 208 right)
  Output: /pscratch/sd/j/jackm/lorrax_sandbox/runs/MoS2/A_bse_figures_2026-07-20/04_lorrax_gw_bandrange_2026-07-21/prod_gw_1600_200b/tmp/zeta_q.h5
  Left wfns:  (36, 60, 2, 1600)
  Right wfns: (36, 208, 2, 1600)
  Computing C_q via shard_map pipeline (open-spin, charge γ̃^0=I)
  Computing L_q = rank-truncated pinv  [PSD, charge channel, path=replicated_rank_truncate]

  Zeta fitting: 2 r-chunks x 30784 r-points, 208 bands (60 left + 208 right)
  Output: /pscratch/sd/j/jackm/lorrax_sandbox/runs/MoS2/A_bse_figures_2026-07-20/04_lorrax_gw_bandrange_2026-07-21/prod_gw_1600_200b/tmp/zeta_q.h5

  Zeta fitting: 2 r-chunks x 30784 r-points, 208 bands (60 left + 208 right)
  Output: /pscratch/sd/j/jackm/lorrax_sandbox/runs/MoS2/A_bse_figures_2026-07-20/04_lorrax_gw_bandrange_2026-07-21/prod_gw_1600_200b/tmp/zeta_q.h5

  Zeta fitting: 2 r-chunks x 30784 r-points, 208 bands (60 left + 208 right)
  Output: /pscratch/sd/j/jackm/lorrax_sandbox/runs/MoS2/A_bse_figures_2026-07-20/04_lorrax_gw_bandrange_2026-07-21/prod_gw_1600_200b/tmp/zeta_q.h5

  Zeta fitting: 2 r-chunks x 30784 r-points, 208 bands (60 left + 208 right)
  Output: /pscratch/sd/j/jackm/lorrax_sandbox/runs/MoS2/A_bse_figures_2026-07-20/04_lorrax_gw_bandrange_2026-07-21/prod_gw_1600_200b/tmp/zeta_q.h5

  Zeta fitting: 2 r-chunks x 30784 r-points, 208 bands (60 left + 208 right)
  Output: /pscratch/sd/j/jackm/lorrax_sandbox/runs/MoS2/A_bse_figures_2026-07-20/04_lorrax_gw_bandrange_2026-07-21/prod_gw_1600_200b/tmp/zeta_q.h5

  Zeta fitting: 2 r-chunks x 30784 r-points, 208 bands (60 left + 208 right)
  Output: /pscratch/sd/j/jackm/lorrax_sandbox/runs/MoS2/A_bse_figures_2026-07-20/04_lorrax_gw_bandrange_2026-07-21/prod_gw_1600_200b/tmp/zeta_q.h5

  Zeta fitting: 2 r-chunks x 30784 r-points, 208 bands (60 left + 208 right)
  Output: /pscratch/sd/j/jackm/lorrax_sandbox/runs/MoS2/A_bse_figures_2026-07-20/04_lorrax_gw_bandrange_2026-07-21/prod_gw_1600_200b/tmp/zeta_q.h5

  Zeta fitting: 2 r-chunks x 30784 r-points, 208 bands (60 left + 208 right)
  Output: /pscratch/sd/j/jackm/lorrax_sandbox/runs/MoS2/A_bse_figures_2026-07-20/04_lorrax_gw_bandrange_2026-07-21/prod_gw_1600_200b/tmp/zeta_q.h5

  Zeta fitting: 2 r-chunks x 30784 r-points, 208 bands (60 left + 208 right)
  Output: /pscratch/sd/j/jackm/lorrax_sandbox/runs/MoS2/A_bse_figures_2026-07-20/04_lorrax_gw_bandrange_2026-07-21/prod_gw_1600_200b/tmp/zeta_q.h5

  Zeta fitting: 2 r-chunks x 30784 r-points, 208 bands (60 left + 208 right)
  Output: /pscratch/sd/j/jackm/lorrax_sandbox/runs/MoS2/A_bse_figures_2026-07-20/04_lorrax_gw_bandrange_2026-07-21/prod_gw_1600_200b/tmp/zeta_q.h5

  Zeta fitting: 2 r-chunks x 30784 r-points, 208 bands (60 left + 208 right)
  Output: /pscratch/sd/j/jackm/lorrax_sandbox/runs/MoS2/A_bse_figures_2026-07-20/04_lorrax_gw_bandrange_2026-07-21/prod_gw_1600_200b/tmp/zeta_q.h5

  Zeta fitting: 2 r-chunks x 30784 r-points, 208 bands (60 left + 208 right)
  Output: /pscratch/sd/j/jackm/lorrax_sandbox/runs/MoS2/A_bse_figures_2026-07-20/04_lorrax_gw_bandrange_2026-07-21/prod_gw_1600_200b/tmp/zeta_q.h5

  Zeta fitting: 2 r-chunks x 30784 r-points, 208 bands (60 left + 208 right)
  Output: /pscratch/sd/j/jackm/lorrax_sandbox/runs/MoS2/A_bse_figures_2026-07-20/04_lorrax_gw_bandrange_2026-07-21/prod_gw_1600_200b/tmp/zeta_q.h5

  Zeta fitting: 2 r-chunks x 30784 r-points, 208 bands (60 left + 208 right)
  Output: /pscratch/sd/j/jackm/lorrax_sandbox/runs/MoS2/A_bse_figures_2026-07-20/04_lorrax_gw_bandrange_2026-07-21/prod_gw_1600_200b/tmp/zeta_q.h5

  Zeta fitting: 2 r-chunks x 30784 r-points, 208 bands (60 left + 208 right)
  Output: /pscratch/sd/j/jackm/lorrax_sandbox/runs/MoS2/A_bse_figures_2026-07-20/04_lorrax_gw_bandrange_2026-07-21/prod_gw_1600_200b/tmp/zeta_q.h5
  Left wfns:  (36, 60, 2, 1600)
  Right wfns: (36, 208, 2, 1600)
  Left wfns:  (36, 60, 2, 1600)
  Right wfns: (36, 208, 2, 1600)
  Left wfns:  (36, 60, 2, 1600)
  Right wfns: (36, 208, 2, 1600)
  Left wfns:  (36, 60, 2, 1600)
  Right wfns: (36, 208, 2, 1600)
  Left wfns:  (36, 60, 2, 1600)
  Right wfns: (36, 208, 2, 1600)
  Left wfns:  (36, 60, 2, 1600)
  Right wfns: (36, 208, 2, 1600)
  Left wfns:  (36, 60, 2, 1600)
  Right wfns: (36, 208, 2, 1600)
  Left wfns:  (36, 60, 2, 1600)
  Right wfns: (36, 208, 2, 1600)
  Left wfns:  (36, 60, 2, 1600)
  Right wfns: (36, 208, 2, 1600)
  Left wfns:  (36, 60, 2, 1600)
  Right wfns: (36, 208, 2, 1600)
  Left wfns:  (36, 60, 2, 1600)
  Right wfns: (36, 208, 2, 1600)
  Left wfns:  (36, 60, 2, 1600)
  Right wfns: (36, 208, 2, 1600)
  Left wfns:  (36, 60, 2, 1600)
  Right wfns: (36, 208, 2, 1600)
  Left wfns:  (36, 60, 2, 1600)
  Right wfns: (36, 208, 2, 1600)
  Left wfns:  (36, 60, 2, 1600)
  Right wfns: (36, 208, 2, 1600)
  Computing C_q via shard_map pipeline (open-spin, charge γ̃^0=I)
  Computing C_q via shard_map pipeline (open-spin, charge γ̃^0=I)
  Computing C_q via shard_map pipeline (open-spin, charge γ̃^0=I)
  Computing C_q via shard_map pipeline (open-spin, charge γ̃^0=I)
  Computing C_q via shard_map pipeline (open-spin, charge γ̃^0=I)
  Computing C_q via shard_map pipeline (open-spin, charge γ̃^0=I)
  Computing C_q via shard_map pipeline (open-spin, charge γ̃^0=I)
  Computing C_q via shard_map pipeline (open-spin, charge γ̃^0=I)
  Computing C_q via shard_map pipeline (open-spin, charge γ̃^0=I)
  Computing C_q via shard_map pipeline (open-spin, charge γ̃^0=I)
  Computing C_q via shard_map pipeline (open-spin, charge γ̃^0=I)
  Computing C_q via shard_map pipeline (open-spin, charge γ̃^0=I)
  Computing C_q via shard_map pipeline (open-spin, charge γ̃^0=I)
  Computing C_q via shard_map pipeline (open-spin, charge γ̃^0=I)
  Computing C_q via shard_map pipeline (open-spin, charge γ̃^0=I)
  Computing L_q = rank-truncated pinv  [PSD, charge channel, path=replicated_rank_truncate]
  Computing L_q = rank-truncated pinv  [PSD, charge channel, path=replicated_rank_truncate]
  Computing L_q = rank-truncated pinv  [PSD, charge channel, path=replicated_rank_truncate]
  Computing L_q = rank-truncated pinv  [PSD, charge channel, path=replicated_rank_truncate]
  Computing L_q = rank-truncated pinv  [PSD, charge channel, path=replicated_rank_truncate]
  Computing L_q = rank-truncated pinv  [PSD, charge channel, path=replicated_rank_truncate]
  Computing L_q = rank-truncated pinv  [PSD, charge channel, path=replicated_rank_truncate]
  Computing L_q = rank-truncated pinv  [PSD, charge channel, path=replicated_rank_truncate]
  Computing L_q = rank-truncated pinv  [PSD, charge channel, path=replicated_rank_truncate]
  Computing L_q = rank-truncated pinv  [PSD, charge channel, path=replicated_rank_truncate]
  Computing L_q = rank-truncated pinv  [PSD, charge channel, path=replicated_rank_truncate]
  Computing L_q = rank-truncated pinv  [PSD, charge channel, path=replicated_rank_truncate]
  Computing L_q = rank-truncated pinv  [PSD, charge channel, path=replicated_rank_truncate]
  Computing L_q = rank-truncated pinv  [PSD, charge channel, path=replicated_rank_truncate]
  Computing L_q = rank-truncated pinv  [PSD, charge channel, path=replicated_rank_truncate]
  L_q: (20, 1600, 1600)
  L_q: (20, 1600, 1600)
  L_q: (20, 1600, 1600)
  L_q: (20, 1600, 1600)
  L_q: (20, 1600, 1600)
  L_q: (20, 1600, 1600)
  L_q: (20, 1600, 1600)
  L_q: (20, 1600, 1600)
  L_q: (20, 1600, 1600)
  L_q: (20, 1600, 1600)
  L_q: (20, 1600, 1600)
  L_q: (20, 1600, 1600)
  L_q: (20, 1600, 1600)
  L_q: (20, 1600, 1600)
  L_q: (20, 1600, 1600)
  L_q: (20, 1600, 1600)
  q-IBZ reduction: 20 IBZ q-points / 36 full-BZ (disk shrink 1.8×)
  q-IBZ reduction: 20 IBZ q-points / 36 full-BZ (disk shrink 1.8×)
  q-IBZ reduction: 20 IBZ q-points / 36 full-BZ (disk shrink 1.8×)
  q-IBZ reduction: 20 IBZ q-points / 36 full-BZ (disk shrink 1.8×)
  q-IBZ reduction: 20 IBZ q-points / 36 full-BZ (disk shrink 1.8×)
  q-IBZ reduction: 20 IBZ q-points / 36 full-BZ (disk shrink 1.8×)
  q-IBZ reduction: 20 IBZ q-points / 36 full-BZ (disk shrink 1.8×)
  q-IBZ reduction: 20 IBZ q-points / 36 full-BZ (disk shrink 1.8×)
  q-IBZ reduction: 20 IBZ q-points / 36 full-BZ (disk shrink 1.8×)
  q-IBZ reduction: 20 IBZ q-points / 36 full-BZ (disk shrink 1.8×)
  q-IBZ reduction: 20 IBZ q-points / 36 full-BZ (disk shrink 1.8×)
  q-IBZ reduction: 20 IBZ q-points / 36 full-BZ (disk shrink 1.8×)
  q-IBZ reduction: 20 IBZ q-points / 36 full-BZ (disk shrink 1.8×)
  q-IBZ reduction: 20 IBZ q-points / 36 full-BZ (disk shrink 1.8×)
  G-flat ζ sphere: ngkmax=1964, min ngk=1917, max ngk=1964 (4.262% of n_rtot)
  q-IBZ reduction: 20 IBZ q-points / 36 full-BZ (disk shrink 1.8×)
  q-IBZ reduction: 20 IBZ q-points / 36 full-BZ (disk shrink 1.8×)
/pscratch/sd/j/jackm/lorrax_sandbox/sources/worktrees/lorrax_gw_conduction_postfix/src/file_io/_slab_io_ffi.py:457: UserWarning: FFI backend: chunks/attrs on create_dataset currently no-op; pre-create with h5py if you need explicit chunking or attrs.
  warnings.warn(
/pscratch/sd/j/jackm/lorrax_sandbox/sources/worktrees/lorrax_gw_conduction_postfix/src/file_io/_slab_io_ffi.py:457: UserWarning: FFI backend: chunks/attrs on create_dataset currently no-op; pre-create with h5py if you need explicit chunking or attrs.
  warnings.warn(
/pscratch/sd/j/jackm/lorrax_sandbox/sources/worktrees/lorrax_gw_conduction_postfix/src/file_io/_slab_io_ffi.py:457: UserWarning: FFI backend: chunks/attrs on create_dataset currently no-op; pre-create with h5py if you need explicit chunking or attrs.
  warnings.warn(
/pscratch/sd/j/jackm/lorrax_sandbox/sources/worktrees/lorrax_gw_conduction_postfix/src/file_io/_slab_io_ffi.py:457: UserWarning: FFI backend: chunks/attrs on create_dataset currently no-op; pre-create with h5py if you need explicit chunking or attrs.
  warnings.warn(
/pscratch/sd/j/jackm/lorrax_sandbox/sources/worktrees/lorrax_gw_conduction_postfix/src/file_io/_slab_io_ffi.py:457: UserWarning: FFI backend: chunks/attrs on create_dataset currently no-op; pre-create with h5py if you need explicit chunking or attrs.
  warnings.warn(
/pscratch/sd/j/jackm/lorrax_sandbox/sources/worktrees/lorrax_gw_conduction_postfix/src/file_io/_slab_io_ffi.py:457: UserWarning: FFI backend: chunks/attrs on create_dataset currently no-op; pre-create with h5py if you need explicit chunking or attrs.
  warnings.warn(
/pscratch/sd/j/jackm/lorrax_sandbox/sources/worktrees/lorrax_gw_conduction_postfix/src/file_io/_slab_io_ffi.py:457: UserWarning: FFI backend: chunks/attrs on create_dataset currently no-op; pre-create with h5py if you need explicit chunking or attrs.
  warnings.warn(
/pscratch/sd/j/jackm/lorrax_sandbox/sources/worktrees/lorrax_gw_conduction_postfix/src/file_io/_slab_io_ffi.py:457: UserWarning: FFI backend: chunks/attrs on create_dataset currently no-op; pre-create with h5py if you need explicit chunking or attrs.
  warnings.warn(
/pscratch/sd/j/jackm/lorrax_sandbox/sources/worktrees/lorrax_gw_conduction_postfix/src/file_io/_slab_io_ffi.py:457: UserWarning: FFI backend: chunks/attrs on create_dataset currently no-op; pre-create with h5py if you need explicit chunking or attrs.
  warnings.warn(
/pscratch/sd/j/jackm/lorrax_sandbox/sources/worktrees/lorrax_gw_conduction_postfix/src/file_io/_slab_io_ffi.py:457: UserWarning: FFI backend: chunks/attrs on create_dataset currently no-op; pre-create with h5py if you need explicit chunking or attrs.
  warnings.warn(
/pscratch/sd/j/jackm/lorrax_sandbox/sources/worktrees/lorrax_gw_conduction_postfix/src/file_io/_slab_io_ffi.py:457: UserWarning: FFI backend: chunks/attrs on create_dataset currently no-op; pre-create with h5py if you need explicit chunking or attrs.
  warnings.warn(
/pscratch/sd/j/jackm/lorrax_sandbox/sources/worktrees/lorrax_gw_conduction_postfix/src/file_io/_slab_io_ffi.py:457: UserWarning: FFI backend: chunks/attrs on create_dataset currently no-op; pre-create with h5py if you need explicit chunking or attrs.
  warnings.warn(
/pscratch/sd/j/jackm/lorrax_sandbox/sources/worktrees/lorrax_gw_conduction_postfix/src/file_io/_slab_io_ffi.py:457: UserWarning: FFI backend: chunks/attrs on create_dataset currently no-op; pre-create with h5py if you need explicit chunking or attrs.
  warnings.warn(
/pscratch/sd/j/jackm/lorrax_sandbox/sources/worktrees/lorrax_gw_conduction_postfix/src/file_io/_slab_io_ffi.py:457: UserWarning: FFI backend: chunks/attrs on create_dataset currently no-op; pre-create with h5py if you need explicit chunking or attrs.
  warnings.warn(
/pscratch/sd/j/jackm/lorrax_sandbox/sources/worktrees/lorrax_gw_conduction_postfix/src/file_io/_slab_io_ffi.py:457: UserWarning: FFI backend: chunks/attrs on create_dataset currently no-op; pre-create with h5py if you need explicit chunking or attrs.
  warnings.warn(
/pscratch/sd/j/jackm/lorrax_sandbox/sources/worktrees/lorrax_gw_conduction_postfix/src/file_io/_slab_io_ffi.py:457: UserWarning: FFI backend: chunks/attrs on create_dataset currently no-op; pre-create with h5py if you need explicit chunking or attrs.
  warnings.warn(
  ψ(G-flat) host cache: 0.03 GB/process resident
  G-flat ζ accumulator: N=2000 rows/rank (n_q=20 × n_mu_local=100); chunk_size=100 → per-iter FFT box 0.07 GB/rank
Started zeta fitting at 12:45:52.
[ 12:45:52 | █████░░░░░ |  50% ] r-chunk 1 / 2 · ETA 0 s
[ 12:45:57 | ██████████ | 100% ] r-chunk 2 / 2 · ETA 0 s
Finished zeta fitting at 12:45:57.  Elapsed: 5 s.
  [SlabIO.close] draining 1 pending writes for zeta_q.h5 …
  [SlabIO.close] Python dispatch drained in 0.4 s; joining writer thread
  [SlabIO.close] writer thread joined in 0.0 s; calling H5Fclose collectively
  [SlabIO.close] H5Fclose returned in 0.0 s
  Zeta output: /pscratch/sd/j/jackm/lorrax_sandbox/runs/MoS2/A_bse_figures_2026-07-20/04_lorrax_gw_bandrange_2026-07-21/prod_gw_1600_200b/tmp/zeta_q.h5  shape: (n_q_disk=20 of 6·6·1=36 full-BZ, n_rtot=46080, n_rmu=1589)
  Timing (2 r-chunks, 12.6s total):
    fit     11.35s  89.9%
    H5       1.20s   9.5%
  Zeta output: /pscratch/sd/j/jackm/lorrax_sandbox/runs/MoS2/A_bse_figures_2026-07-20/04_lorrax_gw_bandrange_2026-07-21/prod_gw_1600_200b/tmp/zeta_q.h5  shape: (n_q_disk=20 of 6·6·1=36 full-BZ, n_rtot=46080, n_rmu=1589)
  Timing (2 r-chunks, 12.6s total):
  Zeta output: /pscratch/sd/j/jackm/lorrax_sandbox/runs/MoS2/A_bse_figures_2026-07-20/04_lorrax_gw_bandrange_2026-07-21/prod_gw_1600_200b/tmp/zeta_q.h5  shape: (n_q_disk=20 of 6·6·1=36 full-BZ, n_rtot=46080, n_rmu=1589)
  Timing (2 r-chunks, 12.6s total):
    fit     11.35s  89.9%
    H5       1.20s   9.5%
  Zeta output: /pscratch/sd/j/jackm/lorrax_sandbox/runs/MoS2/A_bse_figures_2026-07-20/04_lorrax_gw_bandrange_2026-07-21/prod_gw_1600_200b/tmp/zeta_q.h5  shape: (n_q_disk=20 of 6·6·1=36 full-BZ, n_rtot=46080, n_rmu=1589)
  Timing (2 r-chunks, 12.6s total):
    fit     11.31s  89.8%
    H5       1.22s   9.7%
  Zeta output: /pscratch/sd/j/jackm/lorrax_sandbox/runs/MoS2/A_bse_figures_2026-07-20/04_lorrax_gw_bandrange_2026-07-21/prod_gw_1600_200b/tmp/zeta_q.h5  shape: (n_q_disk=20 of 6·6·1=36 full-BZ, n_rtot=46080, n_rmu=1589)
  Timing (2 r-chunks, 12.6s total):
    fit     11.38s  90.0%
    H5       1.20s   9.5%
  Zeta output: /pscratch/sd/j/jackm/lorrax_sandbox/runs/MoS2/A_bse_figures_2026-07-20/04_lorrax_gw_bandrange_2026-07-21/prod_gw_1600_200b/tmp/zeta_q.h5  shape: (n_q_disk=20 of 6·6·1=36 full-BZ, n_rtot=46080, n_rmu=1589)
  Timing (2 r-chunks, 12.6s total):
    fit     11.35s  89.9%
    H5       1.20s   9.5%
  Zeta output: /pscratch/sd/j/jackm/lorrax_sandbox/runs/MoS2/A_bse_figures_2026-07-20/04_lorrax_gw_bandrange_2026-07-21/prod_gw_1600_200b/tmp/zeta_q.h5  shape: (n_q_disk=20 of 6·6·1=36 full-BZ, n_rtot=46080, n_rmu=1589)
    fit     11.33s  90.0%
    H5       1.19s   9.4%
  Zeta output: /pscratch/sd/j/jackm/lorrax_sandbox/runs/MoS2/A_bse_figures_2026-07-20/04_lorrax_gw_bandrange_2026-07-21/prod_gw_1600_200b/tmp/zeta_q.h5  shape: (n_q_disk=20 of 6·6·1=36 full-BZ, n_rtot=46080, n_rmu=1589)
  Timing (2 r-chunks, 12.6s total):
    fit     11.31s  89.8%
    H5       1.22s   9.7%
  Timing (2 r-chunks, 12.6s total):
  Zeta output: /pscratch/sd/j/jackm/lorrax_sandbox/runs/MoS2/A_bse_figures_2026-07-20/04_lorrax_gw_bandrange_2026-07-21/prod_gw_1600_200b/tmp/zeta_q.h5  shape: (n_q_disk=20 of 6·6·1=36 full-BZ, n_rtot=46080, n_rmu=1589)
  Zeta output: /pscratch/sd/j/jackm/lorrax_sandbox/runs/MoS2/A_bse_figures_2026-07-20/04_lorrax_gw_bandrange_2026-07-21/prod_gw_1600_200b/tmp/zeta_q.h5  shape: (n_q_disk=20 of 6·6·1=36 full-BZ, n_rtot=46080, n_rmu=1589)
  Zeta output: /pscratch/sd/j/jackm/lorrax_sandbox/runs/MoS2/A_bse_figures_2026-07-20/04_lorrax_gw_bandrange_2026-07-21/prod_gw_1600_200b/tmp/zeta_q.h5  shape: (n_q_disk=20 of 6·6·1=36 full-BZ, n_rtot=46080, n_rmu=1589)
  Timing (2 r-chunks, 12.6s total):
  Zeta output: /pscratch/sd/j/jackm/lorrax_sandbox/runs/MoS2/A_bse_figures_2026-07-20/04_lorrax_gw_bandrange_2026-07-21/prod_gw_1600_200b/tmp/zeta_q.h5  shape: (n_q_disk=20 of 6·6·1=36 full-BZ, n_rtot=46080, n_rmu=1589)
  Timing (2 r-chunks, 12.6s total):
  Zeta output: /pscratch/sd/j/jackm/lorrax_sandbox/runs/MoS2/A_bse_figures_2026-07-20/04_lorrax_gw_bandrange_2026-07-21/prod_gw_1600_200b/tmp/zeta_q.h5  shape: (n_q_disk=20 of 6·6·1=36 full-BZ, n_rtot=46080, n_rmu=1589)
  Timing (2 r-chunks, 12.7s total):
    fit     11.38s  89.8%
    fit     11.34s  90.0%
    H5       1.19s   9.4%
  Timing (2 r-chunks, 12.6s total):
    fit     11.31s  89.8%
    H5       1.22s   9.7%
    fit     11.38s  90.0%
    H5       1.20s   9.5%
  Zeta output: /pscratch/sd/j/jackm/lorrax_sandbox/runs/MoS2/A_bse_figures_2026-07-20/04_lorrax_gw_bandrange_2026-07-21/prod_gw_1600_200b/tmp/zeta_q.h5  shape: (n_q_disk=20 of 6·6·1=36 full-BZ, n_rtot=46080, n_rmu=1589)
  Timing (2 r-chunks, 12.6s total):
    fit     11.33s  90.0%
    H5       1.19s   9.4%
    fit     11.31s  89.8%
    H5       1.22s   9.7%
  Timing (2 r-chunks, 12.6s total):
    fit     11.38s  90.0%
    H5       1.18s   9.4%
  Zeta output: /pscratch/sd/j/jackm/lorrax_sandbox/runs/MoS2/A_bse_figures_2026-07-20/04_lorrax_gw_bandrange_2026-07-21/prod_gw_1600_200b/tmp/zeta_q.h5  shape: (n_q_disk=20 of 6·6·1=36 full-BZ, n_rtot=46080, n_rmu=1589)
  Timing (2 r-chunks, 12.6s total):
    fit     11.33s  90.0%
    H5       1.19s   9.4%
    H5       1.22s   9.6%
  Zeta output: /pscratch/sd/j/jackm/lorrax_sandbox/runs/MoS2/A_bse_figures_2026-07-20/04_lorrax_gw_bandrange_2026-07-21/prod_gw_1600_200b/tmp/zeta_q.h5  shape: (n_q_disk=20 of 6·6·1=36 full-BZ, n_rtot=46080, n_rmu=1589)
  Timing (2 r-chunks, 12.6s total):
    fit     11.90s  94.2%
    H5       0.66s   5.2%
    GPU high-water mark: 23.83 GB / 28.00 GB budget (85%)
    V_q bare cutoff: 30.0 Ry
    V_q budget:    27.25 GB
  V_q g-flat [CC]: n_q_ibz=20, ngkmax=1964, g_chunk=1964 (1/q), n_rmu_L=1589→1600, n_rmu_R=1589→1600, unfold=IBZ→full
    [CC] pre-read all 20 IBZ ζ̃ slabs (1 batched call): 1.62s
2026-07-21 12:46:00.050149: E external/xla/xla/service/spmd/spmd_partitioner.cc:620] [spmd] Involuntary full rematerialization. The compiler was not able to go from sharding {devices=[16,1,1]<=[16]} to {devices=[1,4,1,4]<=[16] last_tile_dim_replicate} without doing a full rematerialization of the tensor for HLO operation: %copy.7 = c128[1,1600,1964]{2,1,0} copy(%reshape), sharding={devices=[16,1,1]<=[16]}, metadata={op_name="jit(fn)/jit(main)/sharding_constraint" source_file="/pscratch/sd/j/jackm/lorrax_sandbox/sources/worktrees/lorrax_gw_conduction_postfix/src/gw/v_q_g_flat.py" source_line=93}. You probably want to enrich the sharding annotations to prevent this from happening.
2026-07-21 12:46:00.050282: E external/xla/xla/service/spmd/spmd_partitioner.cc:620] [spmd] Involuntary full rematerialization. The compiler was not able to go from sharding {devices=[16,1,1]<=[16]} to {devices=[1,4,1,4]<=[4,4]T(1,0) last_tile_dim_replicate} without doing a full rematerialization of the tensor for HLO operation: %copy.7 = c128[1,1600,1964]{2,1,0} copy(%reshape), sharding={devices=[16,1,1]<=[16]}, metadata={op_name="jit(fn)/jit(main)/sharding_constraint" source_file="/pscratch/sd/j/jackm/lorrax_sandbox/sources/worktrees/lorrax_gw_conduction_postfix/src/gw/v_q_g_flat.py" source_line=93}. You probably want to enrich the sharding annotations to prevent this from happening.
2026-07-21 12:46:00.099851: E external/xla/xla/service/spmd/spmd_partitioner.cc:620] [spmd] Involuntary full rematerialization. The compiler was not able to go from sharding {devices=[16,1,1]<=[16]} to {devices=[1,4,1,4]<=[16] last_tile_dim_replicate} without doing a full rematerialization of the tensor for HLO operation: %copy.7 = c128[1,1600,1964]{2,1,0} copy(%reshape), sharding={devices=[16,1,1]<=[16]}, metadata={op_name="jit(fn)/jit(main)/sharding_constraint" source_file="/pscratch/sd/j/jackm/lorrax_sandbox/sources/worktrees/lorrax_gw_conduction_postfix/src/gw/v_q_g_flat.py" source_line=93}. You probably want to enrich the sharding annotations to prevent this from happening.
2026-07-21 12:46:00.099974: E external/xla/xla/service/spmd/spmd_partitioner.cc:620] [spmd] Involuntary full rematerialization. The compiler was not able to go from sharding {devices=[16,1,1]<=[16]} to {devices=[1,4,1,4]<=[4,4]T(1,0) last_tile_dim_replicate} without doing a full rematerialization of the tensor for HLO operation: %copy.7 = c128[1,1600,1964]{2,1,0} copy(%reshape), sharding={devices=[16,1,1]<=[16]}, metadata={op_name="jit(fn)/jit(main)/sharding_constraint" source_file="/pscratch/sd/j/jackm/lorrax_sandbox/sources/worktrees/lorrax_gw_conduction_postfix/src/gw/v_q_g_flat.py" source_line=93}. You probably want to enrich the sharding annotations to prevent this from happening.
2026-07-21 12:46:00.103948: E external/xla/xla/service/spmd/spmd_partitioner.cc:620] [spmd] Involuntary full rematerialization. The compiler was not able to go from sharding {devices=[16,1,1]<=[16]} to {devices=[1,4,1,4]<=[16] last_tile_dim_replicate} without doing a full rematerialization of the tensor for HLO operation: %copy.7 = c128[1,1600,1964]{2,1,0} copy(%reshape), sharding={devices=[16,1,1]<=[16]}, metadata={op_name="jit(fn)/jit(main)/sharding_constraint" source_file="/pscratch/sd/j/jackm/lorrax_sandbox/sources/worktrees/lorrax_gw_conduction_postfix/src/gw/v_q_g_flat.py" source_line=93}. You probably want to enrich the sharding annotations to prevent this from happening.
2026-07-21 12:46:00.104088: E external/xla/xla/service/spmd/spmd_partitioner.cc:620] [spmd] Involuntary full rematerialization. The compiler was not able to go from sharding {devices=[16,1,1]<=[16]} to {devices=[1,4,1,4]<=[4,4]T(1,0) last_tile_dim_replicate} without doing a full rematerialization of the tensor for HLO operation: %copy.7 = c128[1,1600,1964]{2,1,0} copy(%reshape), sharding={devices=[16,1,1]<=[16]}, metadata={op_name="jit(fn)/jit(main)/sharding_constraint" source_file="/pscratch/sd/j/jackm/lorrax_sandbox/sources/worktrees/lorrax_gw_conduction_postfix/src/gw/v_q_g_flat.py" source_line=93}. You probably want to enrich the sharding annotations to prevent this from happening.
2026-07-21 12:46:00.105373: E external/xla/xla/service/spmd/spmd_partitioner.cc:620] [spmd] Involuntary full rematerialization. The compiler was not able to go from sharding {devices=[16,1,1]<=[16]} to {devices=[1,4,1,4]<=[16] last_tile_dim_replicate} without doing a full rematerialization of the tensor for HLO operation: %copy.7 = c128[1,1600,1964]{2,1,0} copy(%reshape), sharding={devices=[16,1,1]<=[16]}, metadata={op_name="jit(fn)/jit(main)/sharding_constraint" source_file="/pscratch/sd/j/jackm/lorrax_sandbox/sources/worktrees/lorrax_gw_conduction_postfix/src/gw/v_q_g_flat.py" source_line=93}. You probably want to enrich the sharding annotations to prevent this from happening.
2026-07-21 12:46:00.105495: E external/xla/xla/service/spmd/spmd_partitioner.cc:620] [spmd] Involuntary full rematerialization. The compiler was not able to go from sharding {devices=[16,1,1]<=[16]} to {devices=[1,4,1,4]<=[4,4]T(1,0) last_tile_dim_replicate} without doing a full rematerialization of the tensor for HLO operation: %copy.7 = c128[1,1600,1964]{2,1,0} copy(%reshape), sharding={devices=[16,1,1]<=[16]}, metadata={op_name="jit(fn)/jit(main)/sharding_constraint" source_file="/pscratch/sd/j/jackm/lorrax_sandbox/sources/worktrees/lorrax_gw_conduction_postfix/src/gw/v_q_g_flat.py" source_line=93}. You probably want to enrich the sharding annotations to prevent this from happening.
2026-07-21 12:46:00.107195: E external/xla/xla/service/spmd/spmd_partitioner.cc:620] [spmd] Involuntary full rematerialization. The compiler was not able to go from sharding {devices=[16,1,1]<=[16]} to {devices=[1,4,1,4]<=[16] last_tile_dim_replicate} without doing a full rematerialization of the tensor for HLO operation: %copy.7 = c128[1,1600,1964]{2,1,0} copy(%reshape), sharding={devices=[16,1,1]<=[16]}, metadata={op_name="jit(fn)/jit(main)/sharding_constraint" source_file="/pscratch/sd/j/jackm/lorrax_sandbox/sources/worktrees/lorrax_gw_conduction_postfix/src/gw/v_q_g_flat.py" source_line=93}. You probably want to enrich the sharding annotations to prevent this from happening.
2026-07-21 12:46:00.107228: E external/xla/xla/service/spmd/spmd_partitioner.cc:620] [spmd] Involuntary full rematerialization. The compiler was not able to go from sharding {devices=[16,1,1]<=[16]} to {devices=[1,4,1,4]<=[16] last_tile_dim_replicate} without doing a full rematerialization of the tensor for HLO operation: %copy.7 = c128[1,1600,1964]{2,1,0} copy(%reshape), sharding={devices=[16,1,1]<=[16]}, metadata={op_name="jit(fn)/jit(main)/sharding_constraint" source_file="/pscratch/sd/j/jackm/lorrax_sandbox/sources/worktrees/lorrax_gw_conduction_postfix/src/gw/v_q_g_flat.py" source_line=93}. You probably want to enrich the sharding annotations to prevent this from happening.
2026-07-21 12:46:00.107329: E external/xla/xla/service/spmd/spmd_partitioner.cc:620] [spmd] Involuntary full rematerialization. The compiler was not able to go from sharding {devices=[16,1,1]<=[16]} to {devices=[1,4,1,4]<=[4,4]T(1,0) last_tile_dim_replicate} without doing a full rematerialization of the tensor for HLO operation: %copy.7 = c128[1,1600,1964]{2,1,0} copy(%reshape), sharding={devices=[16,1,1]<=[16]}, metadata={op_name="jit(fn)/jit(main)/sharding_constraint" source_file="/pscratch/sd/j/jackm/lorrax_sandbox/sources/worktrees/lorrax_gw_conduction_postfix/src/gw/v_q_g_flat.py" source_line=93}. You probably want to enrich the sharding annotations to prevent this from happening.
2026-07-21 12:46:00.107350: E external/xla/xla/service/spmd/spmd_partitioner.cc:620] [spmd] Involuntary full rematerialization. The compiler was not able to go from sharding {devices=[16,1,1]<=[16]} to {devices=[1,4,1,4]<=[4,4]T(1,0) last_tile_dim_replicate} without doing a full rematerialization of the tensor for HLO operation: %copy.7 = c128[1,1600,1964]{2,1,0} copy(%reshape), sharding={devices=[16,1,1]<=[16]}, metadata={op_name="jit(fn)/jit(main)/sharding_constraint" source_file="/pscratch/sd/j/jackm/lorrax_sandbox/sources/worktrees/lorrax_gw_conduction_postfix/src/gw/v_q_g_flat.py" source_line=93}. You probably want to enrich the sharding annotations to prevent this from happening.
2026-07-21 12:46:00.107288: E external/xla/xla/service/spmd/spmd_partitioner.cc:620] [spmd] Involuntary full rematerialization. The compiler was not able to go from sharding {devices=[16,1,1]<=[16]} to {devices=[1,4,1,4]<=[16] last_tile_dim_replicate} without doing a full rematerialization of the tensor for HLO operation: %copy.7 = c128[1,1600,1964]{2,1,0} copy(%reshape), sharding={devices=[16,1,1]<=[16]}, metadata={op_name="jit(fn)/jit(main)/sharding_constraint" source_file="/pscratch/sd/j/jackm/lorrax_sandbox/sources/worktrees/lorrax_gw_conduction_postfix/src/gw/v_q_g_flat.py" source_line=93}. You probably want to enrich the sharding annotations to prevent this from happening.
2026-07-21 12:46:00.107420: E external/xla/xla/service/spmd/spmd_partitioner.cc:620] [spmd] Involuntary full rematerialization. The compiler was not able to go from sharding {devices=[16,1,1]<=[16]} to {devices=[1,4,1,4]<=[4,4]T(1,0) last_tile_dim_replicate} without doing a full rematerialization of the tensor for HLO operation: %copy.7 = c128[1,1600,1964]{2,1,0} copy(%reshape), sharding={devices=[16,1,1]<=[16]}, metadata={op_name="jit(fn)/jit(main)/sharding_constraint" source_file="/pscratch/sd/j/jackm/lorrax_sandbox/sources/worktrees/lorrax_gw_conduction_postfix/src/gw/v_q_g_flat.py" source_line=93}. You probably want to enrich the sharding annotations to prevent this from happening.
2026-07-21 12:46:00.107801: E external/xla/xla/service/spmd/spmd_partitioner.cc:620] [spmd] Involuntary full rematerialization. The compiler was not able to go from sharding {devices=[16,1,1]<=[16]} to {devices=[1,4,1,4]<=[16] last_tile_dim_replicate} without doing a full rematerialization of the tensor for HLO operation: %copy.7 = c128[1,1600,1964]{2,1,0} copy(%reshape), sharding={devices=[16,1,1]<=[16]}, metadata={op_name="jit(fn)/jit(main)/sharding_constraint" source_file="/pscratch/sd/j/jackm/lorrax_sandbox/sources/worktrees/lorrax_gw_conduction_postfix/src/gw/v_q_g_flat.py" source_line=93}. You probably want to enrich the sharding annotations to prevent this from happening.
2026-07-21 12:46:00.107925: E external/xla/xla/service/spmd/spmd_partitioner.cc:620] [spmd] Involuntary full rematerialization. The compiler was not able to go from sharding {devices=[16,1,1]<=[16]} to {devices=[1,4,1,4]<=[4,4]T(1,0) last_tile_dim_replicate} without doing a full rematerialization of the tensor for HLO operation: %copy.7 = c128[1,1600,1964]{2,1,0} copy(%reshape), sharding={devices=[16,1,1]<=[16]}, metadata={op_name="jit(fn)/jit(main)/sharding_constraint" source_file="/pscratch/sd/j/jackm/lorrax_sandbox/sources/worktrees/lorrax_gw_conduction_postfix/src/gw/v_q_g_flat.py" source_line=93}. You probably want to enrich the sharding annotations to prevent this from happening.
2026-07-21 12:46:00.108440: E external/xla/xla/service/spmd/spmd_partitioner.cc:620] [spmd] Involuntary full rematerialization. The compiler was not able to go from sharding {devices=[16,1,1]<=[16]} to {devices=[1,4,1,4]<=[16] last_tile_dim_replicate} without doing a full rematerialization of the tensor for HLO operation: %copy.7 = c128[1,1600,1964]{2,1,0} copy(%reshape), sharding={devices=[16,1,1]<=[16]}, metadata={op_name="jit(fn)/jit(main)/sharding_constraint" source_file="/pscratch/sd/j/jackm/lorrax_sandbox/sources/worktrees/lorrax_gw_conduction_postfix/src/gw/v_q_g_flat.py" source_line=93}. You probably want to enrich the sharding annotations to prevent this from happening.
2026-07-21 12:46:00.108571: E external/xla/xla/service/spmd/spmd_partitioner.cc:620] [spmd] Involuntary full rematerialization. The compiler was not able to go from sharding {devices=[16,1,1]<=[16]} to {devices=[1,4,1,4]<=[4,4]T(1,0) last_tile_dim_replicate} without doing a full rematerialization of the tensor for HLO operation: %copy.7 = c128[1,1600,1964]{2,1,0} copy(%reshape), sharding={devices=[16,1,1]<=[16]}, metadata={op_name="jit(fn)/jit(main)/sharding_constraint" source_file="/pscratch/sd/j/jackm/lorrax_sandbox/sources/worktrees/lorrax_gw_conduction_postfix/src/gw/v_q_g_flat.py" source_line=93}. You probably want to enrich the sharding annotations to prevent this from happening.
2026-07-21 12:46:00.109215: E external/xla/xla/service/spmd/spmd_partitioner.cc:620] [spmd] Involuntary full rematerialization. The compiler was not able to go from sharding {devices=[16,1,1]<=[16]} to {devices=[1,4,1,4]<=[16] last_tile_dim_replicate} without doing a full rematerialization of the tensor for HLO operation: %copy.7 = c128[1,1600,1964]{2,1,0} copy(%reshape), sharding={devices=[16,1,1]<=[16]}, metadata={op_name="jit(fn)/jit(main)/sharding_constraint" source_file="/pscratch/sd/j/jackm/lorrax_sandbox/sources/worktrees/lorrax_gw_conduction_postfix/src/gw/v_q_g_flat.py" source_line=93}. You probably want to enrich the sharding annotations to prevent this from happening.
2026-07-21 12:46:00.109339: E external/xla/xla/service/spmd/spmd_partitioner.cc:620] [spmd] Involuntary full rematerialization. The compiler was not able to go from sharding {devices=[16,1,1]<=[16]} to {devices=[1,4,1,4]<=[4,4]T(1,0) last_tile_dim_replicate} without doing a full rematerialization of the tensor for HLO operation: %copy.7 = c128[1,1600,1964]{2,1,0} copy(%reshape), sharding={devices=[16,1,1]<=[16]}, metadata={op_name="jit(fn)/jit(main)/sharding_constraint" source_file="/pscratch/sd/j/jackm/lorrax_sandbox/sources/worktrees/lorrax_gw_conduction_postfix/src/gw/v_q_g_flat.py" source_line=93}. You probably want to enrich the sharding annotations to prevent this from happening.
2026-07-21 12:46:00.109817: E external/xla/xla/service/spmd/spmd_partitioner.cc:620] [spmd] Involuntary full rematerialization. The compiler was not able to go from sharding {devices=[16,1,1]<=[16]} to {devices=[1,4,1,4]<=[16] last_tile_dim_replicate} without doing a full rematerialization of the tensor for HLO operation: %copy.7 = c128[1,1600,1964]{2,1,0} copy(%reshape), sharding={devices=[16,1,1]<=[16]}, metadata={op_name="jit(fn)/jit(main)/sharding_constraint" source_file="/pscratch/sd/j/jackm/lorrax_sandbox/sources/worktrees/lorrax_gw_conduction_postfix/src/gw/v_q_g_flat.py" source_line=93}. You probably want to enrich the sharding annotations to prevent this from happening.
2026-07-21 12:46:00.109941: E external/xla/xla/service/spmd/spmd_partitioner.cc:620] [spmd] Involuntary full rematerialization. The compiler was not able to go from sharding {devices=[16,1,1]<=[16]} to {devices=[1,4,1,4]<=[4,4]T(1,0) last_tile_dim_replicate} without doing a full rematerialization of the tensor for HLO operation: %copy.7 = c128[1,1600,1964]{2,1,0} copy(%reshape), sharding={devices=[16,1,1]<=[16]}, metadata={op_name="jit(fn)/jit(main)/sharding_constraint" source_file="/pscratch/sd/j/jackm/lorrax_sandbox/sources/worktrees/lorrax_gw_conduction_postfix/src/gw/v_q_g_flat.py" source_line=93}. You probably want to enrich the sharding annotations to prevent this from happening.
2026-07-21 12:46:00.110203: E external/xla/xla/service/spmd/spmd_partitioner.cc:620] [spmd] Involuntary full rematerialization. The compiler was not able to go from sharding {devices=[16,1,1]<=[16]} to {devices=[1,4,1,4]<=[16] last_tile_dim_replicate} without doing a full rematerialization of the tensor for HLO operation: %copy.7 = c128[1,1600,1964]{2,1,0} copy(%reshape), sharding={devices=[16,1,1]<=[16]}, metadata={op_name="jit(fn)/jit(main)/sharding_constraint" source_file="/pscratch/sd/j/jackm/lorrax_sandbox/sources/worktrees/lorrax_gw_conduction_postfix/src/gw/v_q_g_flat.py" source_line=93}. You probably want to enrich the sharding annotations to prevent this from happening.
2026-07-21 12:46:00.110326: E external/xla/xla/service/spmd/spmd_partitioner.cc:620] [spmd] Involuntary full rematerialization. The compiler was not able to go from sharding {devices=[16,1,1]<=[16]} to {devices=[1,4,1,4]<=[4,4]T(1,0) last_tile_dim_replicate} without doing a full rematerialization of the tensor for HLO operation: %copy.7 = c128[1,1600,1964]{2,1,0} copy(%reshape), sharding={devices=[16,1,1]<=[16]}, metadata={op_name="jit(fn)/jit(main)/sharding_constraint" source_file="/pscratch/sd/j/jackm/lorrax_sandbox/sources/worktrees/lorrax_gw_conduction_postfix/src/gw/v_q_g_flat.py" source_line=93}. You probably want to enrich the sharding annotations to prevent this from happening.
2026-07-21 12:46:00.110960: E external/xla/xla/service/spmd/spmd_partitioner.cc:620] [spmd] Involuntary full rematerialization. The compiler was not able to go from sharding {devices=[16,1,1]<=[16]} to {devices=[1,4,1,4]<=[16] last_tile_dim_replicate} without doing a full rematerialization of the tensor for HLO operation: %copy.7 = c128[1,1600,1964]{2,1,0} copy(%reshape), sharding={devices=[16,1,1]<=[16]}, metadata={op_name="jit(fn)/jit(main)/sharding_constraint" source_file="/pscratch/sd/j/jackm/lorrax_sandbox/sources/worktrees/lorrax_gw_conduction_postfix/src/gw/v_q_g_flat.py" source_line=93}. You probably want to enrich the sharding annotations to prevent this from happening.
2026-07-21 12:46:00.111088: E external/xla/xla/service/spmd/spmd_partitioner.cc:620] [spmd] Involuntary full rematerialization. The compiler was not able to go from sharding {devices=[16,1,1]<=[16]} to {devices=[1,4,1,4]<=[4,4]T(1,0) last_tile_dim_replicate} without doing a full rematerialization of the tensor for HLO operation: %copy.7 = c128[1,1600,1964]{2,1,0} copy(%reshape), sharding={devices=[16,1,1]<=[16]}, metadata={op_name="jit(fn)/jit(main)/sharding_constraint" source_file="/pscratch/sd/j/jackm/lorrax_sandbox/sources/worktrees/lorrax_gw_conduction_postfix/src/gw/v_q_g_flat.py" source_line=93}. You probably want to enrich the sharding annotations to prevent this from happening.
2026-07-21 12:46:00.111137: E external/xla/xla/service/spmd/spmd_partitioner.cc:620] [spmd] Involuntary full rematerialization. The compiler was not able to go from sharding {devices=[16,1,1]<=[16]} to {devices=[1,4,1,4]<=[16] last_tile_dim_replicate} without doing a full rematerialization of the tensor for HLO operation: %copy.7 = c128[1,1600,1964]{2,1,0} copy(%reshape), sharding={devices=[16,1,1]<=[16]}, metadata={op_name="jit(fn)/jit(main)/sharding_constraint" source_file="/pscratch/sd/j/jackm/lorrax_sandbox/sources/worktrees/lorrax_gw_conduction_postfix/src/gw/v_q_g_flat.py" source_line=93}. You probably want to enrich the sharding annotations to prevent this from happening.
2026-07-21 12:46:00.111265: E external/xla/xla/service/spmd/spmd_partitioner.cc:620] [spmd] Involuntary full rematerialization. The compiler was not able to go from sharding {devices=[16,1,1]<=[16]} to {devices=[1,4,1,4]<=[4,4]T(1,0) last_tile_dim_replicate} without doing a full rematerialization of the tensor for HLO operation: %copy.7 = c128[1,1600,1964]{2,1,0} copy(%reshape), sharding={devices=[16,1,1]<=[16]}, metadata={op_name="jit(fn)/jit(main)/sharding_constraint" source_file="/pscratch/sd/j/jackm/lorrax_sandbox/sources/worktrees/lorrax_gw_conduction_postfix/src/gw/v_q_g_flat.py" source_line=93}. You probably want to enrich the sharding annotations to prevent this from happening.
2026-07-21 12:46:00.111420: E external/xla/xla/service/spmd/spmd_partitioner.cc:620] [spmd] Involuntary full rematerialization. The compiler was not able to go from sharding {devices=[16,1,1]<=[16]} to {devices=[1,4,1,4]<=[16] last_tile_dim_replicate} without doing a full rematerialization of the tensor for HLO operation: %copy.7 = c128[1,1600,1964]{2,1,0} copy(%reshape), sharding={devices=[16,1,1]<=[16]}, metadata={op_name="jit(fn)/jit(main)/sharding_constraint" source_file="/pscratch/sd/j/jackm/lorrax_sandbox/sources/worktrees/lorrax_gw_conduction_postfix/src/gw/v_q_g_flat.py" source_line=93}. You probably want to enrich the sharding annotations to prevent this from happening.
2026-07-21 12:46:00.111545: E external/xla/xla/service/spmd/spmd_partitioner.cc:620] [spmd] Involuntary full rematerialization. The compiler was not able to go from sharding {devices=[16,1,1]<=[16]} to {devices=[1,4,1,4]<=[4,4]T(1,0) last_tile_dim_replicate} without doing a full rematerialization of the tensor for HLO operation: %copy.7 = c128[1,1600,1964]{2,1,0} copy(%reshape), sharding={devices=[16,1,1]<=[16]}, metadata={op_name="jit(fn)/jit(main)/sharding_constraint" source_file="/pscratch/sd/j/jackm/lorrax_sandbox/sources/worktrees/lorrax_gw_conduction_postfix/src/gw/v_q_g_flat.py" source_line=93}. You probably want to enrich the sharding annotations to prevent this from happening.
2026-07-21 12:46:00.111790: E external/xla/xla/service/spmd/spmd_partitioner.cc:620] [spmd] Involuntary full rematerialization. The compiler was not able to go from sharding {devices=[16,1,1]<=[16]} to {devices=[1,4,1,4]<=[16] last_tile_dim_replicate} without doing a full rematerialization of the tensor for HLO operation: %copy.7 = c128[1,1600,1964]{2,1,0} copy(%reshape), sharding={devices=[16,1,1]<=[16]}, metadata={op_name="jit(fn)/jit(main)/sharding_constraint" source_file="/pscratch/sd/j/jackm/lorrax_sandbox/sources/worktrees/lorrax_gw_conduction_postfix/src/gw/v_q_g_flat.py" source_line=93}. You probably want to enrich the sharding annotations to prevent this from happening.
2026-07-21 12:46:00.111924: E external/xla/xla/service/spmd/spmd_partitioner.cc:620] [spmd] Involuntary full rematerialization. The compiler was not able to go from sharding {devices=[16,1,1]<=[16]} to {devices=[1,4,1,4]<=[4,4]T(1,0) last_tile_dim_replicate} without doing a full rematerialization of the tensor for HLO operation: %copy.7 = c128[1,1600,1964]{2,1,0} copy(%reshape), sharding={devices=[16,1,1]<=[16]}, metadata={op_name="jit(fn)/jit(main)/sharding_constraint" source_file="/pscratch/sd/j/jackm/lorrax_sandbox/sources/worktrees/lorrax_gw_conduction_postfix/src/gw/v_q_g_flat.py" source_line=93}. You probably want to enrich the sharding annotations to prevent this from happening.
    [CC] q=0/20: kernel=0.44s
    [CC] q=1/20: kernel=0.06s
    [CC] q=2/20: kernel=0.05s
    [CC] q=3/20: kernel=0.06s
    [CC] q=4/20: kernel=0.05s
    [CC] q=5/20: kernel=0.05s
    [CC] q=6/20: kernel=0.06s
    [CC] q=7/20: kernel=0.05s
    [CC] q=8/20: kernel=0.05s
    [CC] q=9/20: kernel=0.05s
    [CC] q=10/20: kernel=0.05s
    [CC] q=11/20: kernel=0.05s
    [CC] q=12/20: kernel=0.05s
    [CC] q=13/20: kernel=0.06s
    [CC] q=14/20: kernel=0.05s
    [CC] q=15/20: kernel=0.05s
    [CC] q=16/20: kernel=0.05s
    [CC] q=17/20: kernel=0.05s
    [CC] q=18/20: kernel=0.05s
    [CC] q=19/20: kernel=0.05s
  [SlabIO.close] draining 0 pending writes for zeta_q.h5 …
  [SlabIO.close] Python dispatch drained in 0.0 s; joining writer thread
  [SlabIO.close] writer thread joined in 0.0 s; calling H5Fclose collectively
  [SlabIO.close] H5Fclose returned in 0.0 s

  V_q computed:
    Shape: (36, 1600, 1600)
    V_q=0 trace: 12084653.5211
  [SlabIO.close] draining 0 pending writes for isdf_tensors_1589.h5 …
  [SlabIO.close] Python dispatch drained in 0.0 s; joining writer thread
  [SlabIO.close] writer thread joined in 0.0 s; calling H5Fclose collectively
  [SlabIO.close] H5Fclose returned in 0.3 s
  Wavefunctions built (b0:b4=208 bands, 4 sharded copies: xn/xr/yr/yn)
  [SlabIO.close] draining 1 pending writes for isdf_tensors_1589.h5 …
  [SlabIO.close] Python dispatch drained in 8.9 s; joining writer thread
  [SlabIO.close] writer thread joined in 0.0 s; calling H5Fclose collectively
  [SlabIO.close] H5Fclose returned in 0.0 s
  Chunked ISDF path complete
  Minimax static window: x=[1.273112e-01, 8.405061e+00] Ry, R=66.02, nodes=10, fit_err~2.513e-06
  PPM imag-freq quadrature (ωp=2.0000 Ry): R=66.0, nodes=6, err~5.4e-06
  [SlabIO.close] draining 1 pending writes for isdf_tensors_1589.h5 …
  [SlabIO.close] Python dispatch drained in 2.8 s; joining writer thread
  [SlabIO.close] writer thread joined in 0.0 s; calling H5Fclose collectively
  [SlabIO.close] H5Fclose returned in 0.7 s
  Persisted W0_qmunu + q=0 head scalars: vhead=4104.113 a.u.,  whead[ω=0]=1126.351 a.u.,  whead[iωp]=3564.800 a.u.

------------------------------------------------------------------------
  FINITE-SIZE CORRECTIONS
------------------------------------------------------------------------
  Head source: s_tensor
  v(q→0)  =     4104.113 a.u.  (bare Coulomb head)
  W(q→0)  =     1126.351 a.u.  (screened Coulomb head)
  ΔW      =    -2977.762 a.u.  (screening correction)

------------------------------------------------------------------------
  STATIC HEAD TERMS (exact COHSEX / BGW-style)
------------------------------------------------------------------------
  Head source: s_tensor
  v_h(q→0)           =  4104.112581 a.u.
  W_h(q→0, ω=0)      =  1126.350928 a.u.
  W_h^c              = -2977.761654 a.u.
  Σ^X head (occ)     = -1.623511e-01 Ry
  Σ^SX head (occ)    = -4.455636e-02 Ry
  Σ^(SX-X) head(occ) = 1.177947e-01 Ry
  Σ^COH head (all)   = -5.889737e-02 Ry

------------------------------------------------------------------------
  GN-PPM + FREQUENCY-INTEGRATED SIGMA
------------------------------------------------------------------------
  GN-PPM fit: 1.66s, iωp=2.0000 Ry, unfulfilled=7.20%
[pf] ▶ sigma_ppm
  Σc crossing conditioning: ξ raised 0.250 → 0.952 eV (A_core capped at 24; the requested ξ would make the HGL crossing quadrature ill-conditioned)
[pf] ▶ sigma_ppm
[pf] ▶ sigma_ppm
[pf] ▶ sigma_ppm
[pf] ▶ sigma_ppm
[pf] ▶ sigma_ppm
[pf] ▶ sigma_ppm
[pf] ▶ sigma_ppm
[pf] ▶ sigma_ppm
[pf] ▶ sigma_ppm
[pf] ▶ sigma_ppm
[pf] ▶ sigma_ppm
[pf] ▶ sigma_ppm
[pf] ▶ sigma_ppm
[pf] ▶ sigma_ppm
[pf] ▶ sigma_ppm
  Σc(ω) grid: -10.000..10.000 eV, Nω=41, Δω=0.500 eV, ξ=0.952 eV
  GN invalid modes: 6541842/90897156 (7.20%)
  GN invalid modes per q: min=93866 max=430248 counts=[147986  93870 159606 430236 159606  93870  93866 140558 195800 195816 140542  93874 159602 195796
 194654 195808 159610 140558 430248 195812 195804 430220 195804 195812 159602 140558 159610 195808
 194654 195796  93866  93874 140542 195816 195800 140558]
  GN invalid modes → static COHSEX: max|Σ_static| = 0.2759 eV (diag max 0.2759 eV)
    ω≥E_F cond window "core" (crossing): 48 nodes, err<1e-06, E_A=[0.0637, 0.8392] Ry, project=imag
    ω≥E_F cond window "a_stripe" (Laplace): 9 nodes, err<1e-06, E_A=[0.8405, 3.9146] Ry, project=full
    ω≥E_F cond window "b_slab" (Laplace): 15 nodes, err<1e-06, E_A=[0.0637, 3.9146] Ry, project=full
Started sigma[ω≥E_F cond] at 12:46:35.
[ 12:46:35 | ░░░░░░░░░░ |   1% ] tau node  1 / 72 · ETA 0 s
[ 12:46:36 | █░░░░░░░░░ |  12% ] tau node  9 / 72 · ETA 4 s
[ 12:46:36 | ██░░░░░░░░ |  24% ] tau node 17 / 72 · ETA 3 s
[ 12:46:36 | ███░░░░░░░ |  35% ] tau node 25 / 72 · ETA 2 s
[ 12:46:37 | █████░░░░░ |  46% ] tau node 33 / 72 · ETA 2 s
[ 12:46:37 | ██████░░░░ |  56% ] tau node 40 / 72 · ETA 1 s
[ 12:46:37 | ███████░░░ |  67% ] tau node 48 / 72 · ETA 1 s
[ 12:46:38 | ████████░░ |  78% ] tau node 56 / 72 · ETA 1 s
[ 12:46:38 | █████████░ |  89% ] tau node 64 / 72 · ETA 0 s
[ 12:46:38 | ██████████ | 100% ] tau node 72 / 72 · ETA 0 s
Finished sigma[ω≥E_F cond] at 12:46:39.  Elapsed: 3 s.
    ω≥E_F val window "single" (Laplace): 15 nodes, err<1e-06, E_A=[0.0637, 4.4905] Ry, project=full
Started sigma[ω≥E_F val] at 12:46:39.
[ 12:46:39 | █░░░░░░░░░ |   7% ] tau node  1 / 15 · ETA 0 s
[ 12:46:39 | ██░░░░░░░░ |  20% ] tau node  3 / 15 · ETA 0 s
[ 12:46:39 | ███░░░░░░░ |  27% ] tau node  4 / 15 · ETA 0 s
[ 12:46:39 | ████░░░░░░ |  40% ] tau node  6 / 15 · ETA 0 s
[ 12:46:39 | █████░░░░░ |  47% ] tau node  7 / 15 · ETA 0 s
[ 12:46:39 | ██████░░░░ |  60% ] tau node  9 / 15 · ETA 0 s
[ 12:46:39 | ███████░░░ |  67% ] tau node 10 / 15 · ETA 0 s
[ 12:46:39 | ████████░░ |  80% ] tau node 12 / 15 · ETA 0 s
[ 12:46:39 | █████████░ |  87% ] tau node 13 / 15 · ETA 0 s
[ 12:46:39 | ██████████ | 100% ] tau node 15 / 15 · ETA 0 s
Finished sigma[ω≥E_F val] at 12:46:39.  Elapsed: 1 s.
    ω<E_F cond window "single" (Laplace): 15 nodes, err<1e-06, E_A=[0.0637, 3.9146] Ry, project=full
Started sigma[ω<E_F cond] at 12:46:39.
[ 12:46:39 | █░░░░░░░░░ |   7% ] tau node  1 / 15 · ETA 0 s
[ 12:46:39 | ██░░░░░░░░ |  20% ] tau node  3 / 15 · ETA 0 s
[ 12:46:39 | ███░░░░░░░ |  27% ] tau node  4 / 15 · ETA 0 s
[ 12:46:40 | ████░░░░░░ |  40% ] tau node  6 / 15 · ETA 0 s
[ 12:46:40 | █████░░░░░ |  47% ] tau node  7 / 15 · ETA 0 s
[ 12:46:40 | ██████░░░░ |  60% ] tau node  9 / 15 · ETA 0 s
[ 12:46:40 | ███████░░░ |  67% ] tau node 10 / 15 · ETA 0 s
[ 12:46:40 | ████████░░ |  80% ] tau node 12 / 15 · ETA 0 s
[ 12:46:40 | █████████░ |  87% ] tau node 13 / 15 · ETA 0 s
[ 12:46:40 | ██████████ | 100% ] tau node 15 / 15 · ETA 0 s
Finished sigma[ω<E_F cond] at 12:46:40.  Elapsed: 1 s.
    ω<E_F val window "core" (crossing): 48 nodes, err<1e-06, E_A=[0.0637, 0.4908] Ry, project=imag
    ω<E_F val window "a_stripe" (Laplace): 9 nodes, err<1e-06, E_A=[0.9402, 4.4905] Ry, project=full
    ω<E_F val window "b_slab" (Laplace): 15 nodes, err<1e-06, E_A=[0.0637, 4.4905] Ry, project=full
Started sigma[ω<E_F val] at 12:46:40.
[ 12:46:40 | ░░░░░░░░░░ |   1% ] tau node  1 / 72 · ETA 0 s
[ 12:46:41 | █░░░░░░░░░ |  12% ] tau node  9 / 72 · ETA 2 s
[ 12:46:41 | ██░░░░░░░░ |  24% ] tau node 17 / 72 · ETA 2 s
[ 12:46:41 | ███░░░░░░░ |  35% ] tau node 25 / 72 · ETA 2 s
[ 12:46:42 | █████░░░░░ |  46% ] tau node 33 / 72 · ETA 2 s
[ 12:46:42 | ██████░░░░ |  56% ] tau node 40 / 72 · ETA 1 s
[ 12:46:42 | ███████░░░ |  67% ] tau node 48 / 72 · ETA 1 s
[ 12:46:43 | ████████░░ |  78% ] tau node 56 / 72 · ETA 1 s
[ 12:46:43 | █████████░ |  89% ] tau node 64 / 72 · ETA 0 s
[ 12:46:43 | ██████████ | 100% ] tau node 72 / 72 · ETA 0 s
Finished sigma[ω<E_F val] at 12:46:43.  Elapsed: 3 s.
[pf] ■ sigma_ppm  9.716s
[pf] ■ sigma_ppm  9.733s
[pf] ■ sigma_ppm  9.708s
[pf] ■ sigma_ppm  9.707s
[pf] ■ sigma_ppm  9.753s
[pf] ■ sigma_ppm  9.741s
[pf] ■ sigma_ppm  9.729s
[pf] ■ sigma_ppm  9.726s
[pf] ■ sigma_ppm  9.727s
[pf] ■ sigma_ppm  9.734s
[pf] ■ sigma_ppm  9.729s
[pf] ■ sigma_ppm  9.722s
[pf] ■ sigma_ppm  9.729s
[pf] ■ sigma_ppm  9.730s
[pf] ■ sigma_ppm  9.722s
[pf] ■ sigma_ppm  9.740s

------------------------------------------------------------------------
  HEAD CORRECTION (scalar GN, separate from ISDF body)
------------------------------------------------------------------------
  v(q→0)             =     4104.113 a.u.
  W^c(q→0, ω=0)      =    -2977.762 a.u.
  W^c(q→0, ω=iωp)    =     -539.312 a.u.  [ωp=2.0000 Ry]
  Ω_h²               =     0.884680 Ry²
  Ω_h                =     0.940574 Ry  (12.797172 eV)
  B_h                =  2634.367178 Ry² · a.u.
  R_h                =  1400.403296 Ry · a.u.
  R_h / (Ω_h · vol)  = 2.120305e+00 (Ry)
  Σ_c head shift: max|Σ^head_diag| = 2.7994 eV (on-shell occ band → -0.8013 eV)
  E_F(midgap) = -4.409014 eV  (VBM=-5.275093, CBM=-3.542935)
/pscratch/sd/j/jackm/lorrax_sandbox/sources/worktrees/lorrax_gw_conduction_postfix/src/file_io/_slab_io_ffi.py:457: UserWarning: FFI backend: chunks/attrs on create_dataset currently no-op; pre-create with h5py if you need explicit chunking or attrs.
  warnings.warn(
/pscratch/sd/j/jackm/lorrax_sandbox/sources/worktrees/lorrax_gw_conduction_postfix/src/file_io/_slab_io_ffi.py:457: UserWarning: FFI backend: chunks/attrs on create_dataset currently no-op; pre-create with h5py if you need explicit chunking or attrs.
  warnings.warn(
/pscratch/sd/j/jackm/lorrax_sandbox/sources/worktrees/lorrax_gw_conduction_postfix/src/file_io/_slab_io_ffi.py:457: UserWarning: FFI backend: chunks/attrs on create_dataset currently no-op; pre-create with h5py if you need explicit chunking or attrs.
  warnings.warn(
/pscratch/sd/j/jackm/lorrax_sandbox/sources/worktrees/lorrax_gw_conduction_postfix/src/file_io/_slab_io_ffi.py:457: UserWarning: FFI backend: chunks/attrs on create_dataset currently no-op; pre-create with h5py if you need explicit chunking or attrs.
  warnings.warn(
/pscratch/sd/j/jackm/lorrax_sandbox/sources/worktrees/lorrax_gw_conduction_postfix/src/file_io/_slab_io_ffi.py:457: UserWarning: FFI backend: chunks/attrs on create_dataset currently no-op; pre-create with h5py if you need explicit chunking or attrs.
  warnings.warn(
/pscratch/sd/j/jackm/lorrax_sandbox/sources/worktrees/lorrax_gw_conduction_postfix/src/file_io/_slab_io_ffi.py:457: UserWarning: FFI backend: chunks/attrs on create_dataset currently no-op; pre-create with h5py if you need explicit chunking or attrs.
  warnings.warn(
/pscratch/sd/j/jackm/lorrax_sandbox/sources/worktrees/lorrax_gw_conduction_postfix/src/file_io/_slab_io_ffi.py:457: UserWarning: FFI backend: chunks/attrs on create_dataset currently no-op; pre-create with h5py if you need explicit chunking or attrs.
  warnings.warn(
/pscratch/sd/j/jackm/lorrax_sandbox/sources/worktrees/lorrax_gw_conduction_postfix/src/file_io/_slab_io_ffi.py:457: UserWarning: FFI backend: chunks/attrs on create_dataset currently no-op; pre-create with h5py if you need explicit chunking or attrs.
  warnings.warn(
/pscratch/sd/j/jackm/lorrax_sandbox/sources/worktrees/lorrax_gw_conduction_postfix/src/file_io/_slab_io_ffi.py:457: UserWarning: FFI backend: chunks/attrs on create_dataset currently no-op; pre-create with h5py if you need explicit chunking or attrs.
  warnings.warn(
/pscratch/sd/j/jackm/lorrax_sandbox/sources/worktrees/lorrax_gw_conduction_postfix/src/file_io/_slab_io_ffi.py:457: UserWarning: FFI backend: chunks/attrs on create_dataset currently no-op; pre-create with h5py if you need explicit chunking or attrs.
  warnings.warn(
/pscratch/sd/j/jackm/lorrax_sandbox/sources/worktrees/lorrax_gw_conduction_postfix/src/file_io/_slab_io_ffi.py:457: UserWarning: FFI backend: chunks/attrs on create_dataset currently no-op; pre-create with h5py if you need explicit chunking or attrs.
  warnings.warn(
/pscratch/sd/j/jackm/lorrax_sandbox/sources/worktrees/lorrax_gw_conduction_postfix/src/file_io/_slab_io_ffi.py:457: UserWarning: FFI backend: chunks/attrs on create_dataset currently no-op; pre-create with h5py if you need explicit chunking or attrs.
  warnings.warn(
/pscratch/sd/j/jackm/lorrax_sandbox/sources/worktrees/lorrax_gw_conduction_postfix/src/file_io/_slab_io_ffi.py:457: UserWarning: FFI backend: chunks/attrs on create_dataset currently no-op; pre-create with h5py if you need explicit chunking or attrs.
  warnings.warn(
/pscratch/sd/j/jackm/lorrax_sandbox/sources/worktrees/lorrax_gw_conduction_postfix/src/file_io/_slab_io_ffi.py:457: UserWarning: FFI backend: chunks/attrs on create_dataset currently no-op; pre-create with h5py if you need explicit chunking or attrs.
  warnings.warn(
/pscratch/sd/j/jackm/lorrax_sandbox/sources/worktrees/lorrax_gw_conduction_postfix/src/file_io/_slab_io_ffi.py:457: UserWarning: FFI backend: chunks/attrs on create_dataset currently no-op; pre-create with h5py if you need explicit chunking or attrs.
  warnings.warn(
  [SlabIO.close] draining 1 pending writes for sigma_mnk.h5 …
  [SlabIO.close] Python dispatch drained in 0.1 s; joining writer thread
  [SlabIO.close] writer thread joined in 0.0 s; calling H5Fclose collectively
  [SlabIO.close] H5Fclose returned in 0.1 s
  QSGW: 1014 clipped (46.9%)
  Bare Σ_X diagonal (eV), k=0: -39.3078  -39.3078  -33.1933  -33.1933  -32.5305  -32.5305  -32.5519  -32.5519
  [SlabIO.close] draining 0 pending writes for kin_ion.h5 …
  [SlabIO.close] Python dispatch drained in 0.0 s; joining writer thread
  [SlabIO.close] writer thread joined in 0.0 s; calling H5Fclose collectively
  [SlabIO.close] H5Fclose returned in 0.0 s
  QP solver: one_shot_dft — QSGW build evaluated at E_DFT (standard G0W0)
  QP WFN (one-shot): /pscratch/sd/j/jackm/lorrax_sandbox/runs/MoS2/A_bse_figures_2026-07-20/04_lorrax_gw_bandrange_2026-07-21/prod_gw_1600_200b/WFN_qp.h5
  Sigma freq debug: sigma_freq_debug.dat
  G0W0 diag (E_DFT):     /pscratch/sd/j/jackm/lorrax_sandbox/runs/MoS2/A_bse_figures_2026-07-20/04_lorrax_gw_bandrange_2026-07-21/prod_gw_1600_200b/eqp_g0w0.dat

  Sigma diag:   /pscratch/sd/j/jackm/lorrax_sandbox/runs/MoS2/A_bse_figures_2026-07-20/04_lorrax_gw_bandrange_2026-07-21/prod_gw_1600_200b/sigma_diag.dat
  BGW eqp0:     /pscratch/sd/j/jackm/lorrax_sandbox/runs/MoS2/A_bse_figures_2026-07-20/04_lorrax_gw_bandrange_2026-07-21/prod_gw_1600_200b/eqp0.dat
  BGW eqp1:     /pscratch/sd/j/jackm/lorrax_sandbox/runs/MoS2/A_bse_figures_2026-07-20/04_lorrax_gw_bandrange_2026-07-21/prod_gw_1600_200b/eqp1.dat
  Sigma(ω):     /pscratch/sd/j/jackm/lorrax_sandbox/runs/MoS2/A_bse_figures_2026-07-20/04_lorrax_gw_bandrange_2026-07-21/prod_gw_1600_200b/sigma_mnk.h5
  Restart:      /pscratch/sd/j/jackm/lorrax_sandbox/runs/MoS2/A_bse_figures_2026-07-20/04_lorrax_gw_bandrange_2026-07-21/prod_gw_1600_200b/tmp/isdf_tensors_1589.h5

--- Timing ---
Total recorded: 45.550 s
Section                                            Count    Total[s]     Self[s]      %
gw_jax.load_centroid_wfns                              1       3.373       0.647    7.4
  load_centroids.loader_load                           1       0.503       0.503    1.1
  load_centroids.gflat_to_rmu                          1       0.864       0.864    1.9
  load_centroids.reshard                               1       1.358       1.358    3.0
gw_jax.zeta_fit_chunked                                1      19.253       0.139   42.3
  zeta_fit.slice_halves                                1       0.624       0.624    1.4
  zeta_fit.CCT                                         1       0.428       0.428    0.9
  zeta_fit.cholesky                                    1       3.881       3.881    8.5
  zeta_fit.gc_pre_chunk_loop                           1       0.108       0.108    0.2
  zeta_fit.write_headers                               1       0.105       0.105    0.2
  zeta_fit.open_file                                   1       0.023       0.023    0.1
  psi_G_store.populate.loader_load                    13       0.614       0.614    1.3
  psi_G_store.populate.shard_to_host                  13       0.010       0.010    0.0
  zeta_fit.chunk_loop                                  1      12.556       0.000   27.6
    zeta_fit.chunk.fit_one_rchunk                      2      11.895       0.033   26.1
      zeta_fit.chunk.z_q_build                         2       5.450       5.450   12.0
      zeta_fit.chunk.solve                             2       6.412       6.412   14.1
    zeta_fit.chunk.h5_write                            2       0.660       0.660    1.4
  zeta_fit.write_g_flat                                1       0.350       0.350    0.8
  zeta_fit.close_io                                    1       0.412       0.412    0.9
  zeta_fit.sync_global                                 1       0.002       0.002    0.0
gw_jax.V_q_compute                                     1       4.057       4.057    8.9
gw_jax.wavefunction_setup                              1       0.315       0.315    0.7
gw_jax.chi0_W                                          1       2.607       0.000    5.7
  chi.compile                                          1       0.682       0.682    1.5
  chi.exec                                             1       0.119       0.119    0.3
  W.slice_to_ibz                                       1       0.035       0.035    0.1
  W.compile                                            1       0.372       0.372    0.8
  W.exec                                               1       0.909       0.909    2.0
  W.unfold_to_full_bz                                  1       0.489       0.489    1.1
gw_jax.sigma                                           1      15.946       1.452   35.0
  gw_jax.ppm_sigma                                     1      14.494       3.865   31.8
    sigma.compile                                      1       0.867       0.867    1.9
    sigma.exec                                         1       9.762       9.762   21.4
