[lxrun] JID 52765115 · 4 nodes · 3:57:51 left · 4/4 free · incoming: lx-A
  1  nid001080  free   —              —      —  ← starting lx-A  python3 -u -m gw.gw_jax 
  2  nid001081  free   —              —      —
  3  nid001084  free   —              —      —
  4  nid001085  free   —              —      —

========================================================================
  COHSEX-JAX: Self-Energy Calculation
========================================================================
  Backend: GPU       Devices: 4  Mesh: 2×2  Processes: 4
  Device type: NVIDIA A100-SXM4-40GB
  XLA preallocate: false  mem_fraction: unset
========================================================================

/global/u2/j/jackm/software/lorrax_A/src/common/symmetry_maps.py:324: UserWarning: SymMaps: 4/9 full-BZ k-points require time-reversal symmetry for unfolding. Non-symmorphic phases are NOT applied for these k-points. Use noinv=.true. in QE to avoid this.
  warnings.warn(
/global/u2/j/jackm/software/lorrax_A/src/common/symmetry_maps.py:324: UserWarning: SymMaps: 4/9 full-BZ k-points require time-reversal symmetry for unfolding. Non-symmorphic phases are NOT applied for these k-points. Use noinv=.true. in QE to avoid this.
  warnings.warn(
/global/u2/j/jackm/software/lorrax_A/src/common/symmetry_maps.py:324: UserWarning: SymMaps: 4/9 full-BZ k-points require time-reversal symmetry for unfolding. Non-symmorphic phases are NOT applied for these k-points. Use noinv=.true. in QE to avoid this.
  warnings.warn(
/global/u2/j/jackm/software/lorrax_A/src/common/symmetry_maps.py:324: UserWarning: SymMaps: 4/9 full-BZ k-points require time-reversal symmetry for unfolding. Non-symmorphic phases are NOT applied for these k-points. Use noinv=.true. in QE to avoid this.
  warnings.warn(
  ISDF basis: 640 centroids
  FFT grid: 24×24×80   Cell volume: 702.20 a.u.³

    Memory estimate: peak 21.28 GB (budget 28.00 GB), bottleneck=zct
    Per-stage: fft=10.13  zct=21.28  reshard=3.23  solve=2.42  gather=2.17 GB
    AOT fit_one_rchunk peak (driver-level): 4.38 GB

  Chunked ISDF fitting:
    Band chunks: 80
    R chunks:    46080 (contiguous r-space)
    Q chunks:    9
    Zeta output: /pscratch/sd/j/jackm/lorrax_sandbox/runs/MoS2/00_mos2_3x3_cohsex/02_lorrax_xonly/tmp/zeta_q.h5

  Zeta fitting: 1 r-chunks x 46080 r-points, 80 bands (80 left + 80 right)
  Output: /pscratch/sd/j/jackm/lorrax_sandbox/runs/MoS2/00_mos2_3x3_cohsex/02_lorrax_xonly/tmp/zeta_q.h5
  Left wfns:  (9, 80, 2, 640)
  Right wfns: (9, 80, 2, 640)
  Pseudobands normalization: 0 weighted, 0 zero-weight (skipped)
  Computing pair densities P_l, P_r (open-spin, charge γ̃^0=I)
/opt/jax/jax/_src/interpreters/mlir.py:1178: UserWarning: Some donated buffers were not usable: ShapedArray(complex128[9,2,2,320,320]), ShapedArray(complex128[9,2,2,320,320]).
See an explanation at https://jax.readthedocs.io/en/latest/faq.html#buffer-donation.
  warnings.warn("Some donated buffers were not usable:"
  Computing L_q = chol(C_q)  [PSD, charge channel]

  Zeta fitting: 1 r-chunks x 46080 r-points, 80 bands (80 left + 80 right)
  Output: /pscratch/sd/j/jackm/lorrax_sandbox/runs/MoS2/00_mos2_3x3_cohsex/02_lorrax_xonly/tmp/zeta_q.h5
  Left wfns:  (9, 80, 2, 640)
  Right wfns: (9, 80, 2, 640)

  Zeta fitting: 1 r-chunks x 46080 r-points, 80 bands (80 left + 80 right)
  Output: /pscratch/sd/j/jackm/lorrax_sandbox/runs/MoS2/00_mos2_3x3_cohsex/02_lorrax_xonly/tmp/zeta_q.h5
  Left wfns:  (9, 80, 2, 640)
  Right wfns: (9, 80, 2, 640)

  Zeta fitting: 1 r-chunks x 46080 r-points, 80 bands (80 left + 80 right)
  Output: /pscratch/sd/j/jackm/lorrax_sandbox/runs/MoS2/00_mos2_3x3_cohsex/02_lorrax_xonly/tmp/zeta_q.h5
  Left wfns:  (9, 80, 2, 640)
  Right wfns: (9, 80, 2, 640)
  Pseudobands normalization: 0 weighted, 0 zero-weight (skipped)
  Computing pair densities P_l, P_r (open-spin, charge γ̃^0=I)
  Pseudobands normalization: 0 weighted, 0 zero-weight (skipped)
  Computing pair densities P_l, P_r (open-spin, charge γ̃^0=I)
  Pseudobands normalization: 0 weighted, 0 zero-weight (skipped)
  Computing pair densities P_l, P_r (open-spin, charge γ̃^0=I)
/opt/jax/jax/_src/interpreters/mlir.py:1178: UserWarning: Some donated buffers were not usable: ShapedArray(complex128[9,2,2,320,320]), ShapedArray(complex128[9,2,2,320,320]).
See an explanation at https://jax.readthedocs.io/en/latest/faq.html#buffer-donation.
  warnings.warn("Some donated buffers were not usable:"
/opt/jax/jax/_src/interpreters/mlir.py:1178: UserWarning: Some donated buffers were not usable: ShapedArray(complex128[9,2,2,320,320]), ShapedArray(complex128[9,2,2,320,320]).
See an explanation at https://jax.readthedocs.io/en/latest/faq.html#buffer-donation.
  warnings.warn("Some donated buffers were not usable:"
/opt/jax/jax/_src/interpreters/mlir.py:1178: UserWarning: Some donated buffers were not usable: ShapedArray(complex128[9,2,2,320,320]), ShapedArray(complex128[9,2,2,320,320]).
See an explanation at https://jax.readthedocs.io/en/latest/faq.html#buffer-donation.
  warnings.warn("Some donated buffers were not usable:"
  Computing L_q = chol(C_q)  [PSD, charge channel]
  Computing L_q = chol(C_q)  [PSD, charge channel]
  Computing L_q = chol(C_q)  [PSD, charge channel]
  L_q: (9, 640, 640)
  L_q: (9, 640, 640)
  L_q: (9, 640, 640)
  L_q: (9, 640, 640)
/global/u2/j/jackm/software/lorrax_A/src/file_io/_slab_io_ffi.py:385: UserWarning: FFI backend: chunks/attrs on create_dataset currently no-op; pre-create with h5py if you need explicit chunking or attrs.
  warnings.warn(
/global/u2/j/jackm/software/lorrax_A/src/file_io/_slab_io_ffi.py:385: UserWarning: FFI backend: chunks/attrs on create_dataset currently no-op; pre-create with h5py if you need explicit chunking or attrs.
  warnings.warn(
/global/u2/j/jackm/software/lorrax_A/src/file_io/_slab_io_ffi.py:385: UserWarning: FFI backend: chunks/attrs on create_dataset currently no-op; pre-create with h5py if you need explicit chunking or attrs.
  warnings.warn(
/global/u2/j/jackm/software/lorrax_A/src/file_io/_slab_io_ffi.py:385: UserWarning: FFI backend: chunks/attrs on create_dataset currently no-op; pre-create with h5py if you need explicit chunking or attrs.
  warnings.warn(
  ψ(G) host cache: 0.27 GB/process resident
Started zeta fitting at 19:00:47.
[ 19:00:47 | ██████████ | 100% ] r-chunk 1 / 1 · ETA 0 s
Finished zeta fitting at 19:00:47.  Elapsed: 0 s.
  [SlabIO.close] draining 1 pending writes for zeta_q.h5 …
  [SlabIO.close] Python dispatch drained in 3.6 s; joining writer thread
  [SlabIO.close] writer thread joined in 0.0 s; calling H5Fclose collectively
  [SlabIO.close] H5Fclose returned in 0.2 s
  Zeta output: /pscratch/sd/j/jackm/lorrax_sandbox/runs/MoS2/00_mos2_3x3_cohsex/02_lorrax_xonly/tmp/zeta_q.h5  shape: (3,3,1,640,46080)
  Timing (1 r-chunks, 1.1s total):
    fit      1.03s  92.0%
    H5       0.09s   7.7%
  Zeta output: /pscratch/sd/j/jackm/lorrax_sandbox/runs/MoS2/00_mos2_3x3_cohsex/02_lorrax_xonly/tmp/zeta_q.h5  shape: (3,3,1,640,46080)
  Timing (1 r-chunks, 1.1s total):
    fit      1.02s  91.3%
    H5       0.09s   8.3%
  Zeta output: /pscratch/sd/j/jackm/lorrax_sandbox/runs/MoS2/00_mos2_3x3_cohsex/02_lorrax_xonly/tmp/zeta_q.h5  shape: (3,3,1,640,46080)
  Timing (1 r-chunks, 1.5s total):
    fit      1.43s  93.2%
    H5       0.10s   6.5%
  Zeta output: /pscratch/sd/j/jackm/lorrax_sandbox/runs/MoS2/00_mos2_3x3_cohsex/02_lorrax_xonly/tmp/zeta_q.h5  shape: (3,3,1,640,46080)
  Timing (1 r-chunks, 1.1s total):
    fit      1.04s  92.6%
    H5       0.08s   7.1%
  [diag] ζ^{μ_L=0} q=0: max|ζ|=3.926e+00, L2=3.847e+02
    GPU high-water mark: 2.90 GB / 28.00 GB budget (10%)
    γ (runtime / AOT-pred) = 0.662  (AOT predicted 4.38 GB)
    V_q bare cutoff: 30.0 Ry (auto: ecutwfc)
    V_q budget:    27.13 GB
  V_q tile: mesh=2x2, same ζ, q_chunk=9, μ_chunk=640 (1×1 blocks), aligned=True, N_μ_L=640, N_μ_R=640, N_G=2419, predicted peak/rank=3.24 GB (V_ref+g0_ref=0.01 GB)
Started V_q tile at 19:00:55.
[ 19:00:55 | █░░░░░░░░░ |  11% ] q-point 1 / 9 · ETA 0 s
[ 19:00:55 | ██░░░░░░░░ |  22% ] q-point 2 / 9 · ETA 0 s
[ 19:00:55 | ███░░░░░░░ |  33% ] q-point 3 / 9 · ETA 0 s
[ 19:00:55 | ████░░░░░░ |  44% ] q-point 4 / 9 · ETA 0 s
[ 19:00:55 | ██████░░░░ |  56% ] q-point 5 / 9 · ETA 0 s
[ 19:00:55 | ███████░░░ |  67% ] q-point 6 / 9 · ETA 0 s
[ 19:00:55 | ████████░░ |  78% ] q-point 7 / 9 · ETA 0 s
[ 19:00:55 | █████████░ |  89% ] q-point 8 / 9 · ETA 0 s
[ 19:00:55 | ██████████ | 100% ] q-point 9 / 9 · ETA 0 s
Finished V_q tile at 19:00:55.  Elapsed: 0 s.
  [SlabIO.close] draining 0 pending writes for zeta_q.h5 …
  [SlabIO.close] Python dispatch drained in 0.0 s; joining writer thread
  [SlabIO.close] writer thread joined in 0.0 s; calling H5Fclose collectively
  [SlabIO.close] H5Fclose returned in 0.2 s

  V_q computed:
    Shape: (9, 640, 640)
    V_q=0 trace: 841273035.5351
  [SlabIO.close] draining 0 pending writes for isdf_tensors_640.h5 …
  [SlabIO.close] Python dispatch drained in 0.0 s; joining writer thread
  [SlabIO.close] writer thread joined in 0.0 s; calling H5Fclose collectively
  [SlabIO.close] H5Fclose returned in 0.0 s
  Wavefunctions built (b0:b4=80 bands, 4 sharded copies: xn/xr/yr/yn)
  [SlabIO.close] draining 1 pending writes for isdf_tensors_640.h5 …
  [SlabIO.close] Python dispatch drained in 0.1 s; joining writer thread
  [SlabIO.close] writer thread joined in 0.0 s; calling H5Fclose collectively
  [SlabIO.close] H5Fclose returned in 0.0 s
  Chunked ISDF path complete

------------------------------------------------------------------------
  FINITE-SIZE CORRECTIONS
------------------------------------------------------------------------
  Head source: s_tensor
  v(q→0)  =     1655.335 a.u.  (bare Coulomb head)

------------------------------------------------------------------------
  STATIC HEAD TERMS (exact COHSEX / BGW-style)
------------------------------------------------------------------------
  Head source: s_tensor
  v_h(q→0)           =  1655.334970 a.u.
  W_h(q→0, ω=0)      =   343.784973 a.u.
  W_h^c              = -1311.549997 a.u.
  Σ^X head (occ)     = -2.619279e-01 Ry
  Σ^SX head (occ)    = -5.439799e-02 Ry
  Σ^(SX-X) head(occ) = 2.075300e-01 Ry
  Σ^COH head (all)   = -1.037650e-01 Ry
  Bare Σ_X diagonal (eV), k=0: -40.0277  -40.0277  -33.8685  -33.8685  -33.3542  -33.3542  -33.4925  -33.4925
  [SlabIO.close] draining 0 pending writes for kin_ion.h5 …
  [SlabIO.close] Python dispatch drained in 0.0 s; joining writer thread
  [SlabIO.close] writer thread joined in 0.0 s; calling H5Fclose collectively
  [SlabIO.close] H5Fclose returned in 0.0 s
  Sigma freq debug: sigma_freq_debug.dat

  Sigma diag:   /pscratch/sd/j/jackm/lorrax_sandbox/runs/MoS2/00_mos2_3x3_cohsex/02_lorrax_xonly/sigma_diag.dat
  BGW eqp0:     /pscratch/sd/j/jackm/lorrax_sandbox/runs/MoS2/00_mos2_3x3_cohsex/02_lorrax_xonly/eqp0.dat
  BGW eqp1:     /pscratch/sd/j/jackm/lorrax_sandbox/runs/MoS2/00_mos2_3x3_cohsex/02_lorrax_xonly/eqp1.dat
  Restart:      /pscratch/sd/j/jackm/lorrax_sandbox/runs/MoS2/00_mos2_3x3_cohsex/02_lorrax_xonly/tmp/isdf_tensors_640.h5

--- Timing ---
Total recorded: 17.167 s
Section                                            Count    Total[s]     Self[s]      %
gw_jax.load_centroid_wfns                              1       1.167       1.093    6.8
  load_wfns.precompute_owned                           1       0.000       0.000    0.0
  load_wfns.k_loop                                     1       0.013       0.013    0.1
  load_wfns.scatter                                    1       0.025       0.025    0.1
  load_wfns.make_global_array                          1       0.036       0.036    0.2
gw_jax.zeta_fit_chunked                                1       8.479       0.620   49.4
  zeta_fit.slice_halves                                1       0.032       0.032    0.2
  zeta_fit.CCT                                         1       0.175       0.175    1.0
  zeta_fit.cholesky                                    1       2.132       2.132   12.4
  zeta_fit.gc_pre_chunk_loop                           1       0.090       0.090    0.5
  zeta_fit.open_file                                   1       0.097       0.097    0.6
  zeta_fit.chunk_loop                                  1       1.526       0.000    8.9
    zeta_fit.chunk.fit_one_rchunk                      1       1.427       1.427    8.3
    zeta_fit.chunk.h5_write                            1       0.099       0.099    0.6
  zeta_fit.close_io                                    1       3.806       3.806   22.2
  zeta_fit.sync_global                                 1       0.001       0.001    0.0
gw_jax.V_q_compute                                     1       4.412       0.394   25.7
  compute_all_V_q_sharded                              1       4.018       4.018   23.4
gw_jax.wavefunction_setup                              1       0.031       0.031    0.2
gw_jax.sigma                                           1       3.078       3.078   17.9
