=== diag_loo start 1784400994 Sat Jul 18 11:56:34 AM PDT 2026
[     0.8s] restart: /pscratch/sd/j/jackm/lorrax_sandbox/runs/MoS2/04_mos2_12x12_bands_2026-07-18/01_lorrax_exciton_bands/tmp/isdf_tensors_640.h5
  [wrapfix] 4 of 144 q relabeled to the sphere-derived center
[     6.1s] loaded: nq=144 nk=144 n_mu=640 ngkmax=1964 kgrid=[12 12  1]
[    21.4s] build_cq done
  [gates] vq_interp coarse data:
    [gate] recon_roundtrip_sphere_Gamma                 2.311e-16  OK
    [gate] sphere_max|q+G|^2_minus_cutoff               0.000e+00  OK
    [gate] makeVq_vs_disk_Vqmunu_allq_max               5.281e-09  OK
    [gate] XHX_vs_Cq_torus_q0                           1.714e-11  OK
    [gate] vSR+vLR==v_q0                                3.721e-18  OK
    [gate] vSR+vLR==v_q1                                1.453e-18  OK
    [gate] slab_axes_offdiag                            0.000e+00  OK
[   104.6s] gates OK
  [prep] gset(0.3) = 337 G; 0 out-of-sphere (q,G) channels zero-filled; sphere-tail bound 6.4e-37
[   123.6s] prepare_coarse done
  [fit] LR design: degrees {0: 3, 1: 2, 2: 0, 3: 0} -> 26 complex coefficients per mu (global)
    [null] exact_stencil_VSRc_train_point               1.207e-15  OK
    [null] exact_stencil_Fch_train_point                1.272e-15  OK
    [null] F_own_rebuild_vs_cleaned_LR_tile_max         1.871e-09  OK
[   159.0s] nulls OK
[   159.9s] LOO q=  0 qfr=(+0.0000,+0.0000) tile_rel=1.278e-01  B_rel=2.006e-02  (0.9s)
[   160.8s] LOO q=  6 qfr=(+0.0000,+0.5000) tile_rel=6.836e-02  B_rel=2.576e-03  (0.9s)
[   161.7s] LOO q= 12 qfr=(+0.0833,+0.0000) tile_rel=4.261e-02  B_rel=3.509e-03  (0.9s)
[   162.6s] LOO q= 18 qfr=(+0.0833,+0.5000) tile_rel=6.849e-02  B_rel=2.699e-03  (0.9s)
[   163.5s] LOO q= 24 qfr=(+0.1667,+0.0000) tile_rel=4.868e-02  B_rel=2.341e-03  (0.9s)
[   164.4s] LOO q= 30 qfr=(+0.1667,+0.5000) tile_rel=6.873e-02  B_rel=3.060e-03  (0.9s)
[   165.3s] LOO q= 36 qfr=(+0.2500,-0.0000) tile_rel=5.848e-02  B_rel=2.480e-03  (0.9s)
[   166.2s] LOO q= 42 qfr=(+0.2500,+0.5000) tile_rel=6.866e-02  B_rel=3.624e-03  (0.9s)
[   167.1s] LOO q= 48 qfr=(+0.3333,+0.0000) tile_rel=6.329e-02  B_rel=2.738e-03  (0.9s)
[   168.0s] LOO q= 54 qfr=(+0.3333,+0.5000) tile_rel=6.908e-02  B_rel=4.237e-03  (0.9s)
[   168.9s] LOO q= 60 qfr=(+0.4167,+0.0000) tile_rel=6.678e-02  B_rel=2.951e-03  (0.9s)
[   169.8s] LOO q= 66 qfr=(+0.4167,+0.5000) tile_rel=6.975e-02  B_rel=4.748e-03  (0.9s)
[   170.7s] LOO q= 72 qfr=(+0.5000,-0.0000) tile_rel=6.889e-02  B_rel=3.021e-03  (0.9s)
[   171.6s] LOO q= 78 qfr=(+0.5000,+0.5000) tile_rel=7.015e-02  B_rel=4.960e-03  (0.9s)
[   172.5s] LOO q= 84 qfr=(-0.4167,+0.0000) tile_rel=6.678e-02  B_rel=2.952e-03  (0.9s)
[   173.4s] LOO q= 90 qfr=(-0.4167,+0.5000) tile_rel=6.975e-02  B_rel=4.752e-03  (0.9s)
[   174.3s] LOO q= 96 qfr=(-0.3333,-0.0000) tile_rel=6.329e-02  B_rel=2.739e-03  (0.9s)
[   175.1s] LOO q=102 qfr=(-0.3333,+0.5000) tile_rel=6.908e-02  B_rel=4.243e-03  (0.9s)
[   176.0s] LOO q=108 qfr=(-0.2500,-0.0000) tile_rel=5.848e-02  B_rel=2.481e-03  (0.9s)
[   176.9s] LOO q=114 qfr=(-0.2500,+0.5000) tile_rel=6.866e-02  B_rel=3.630e-03  (0.9s)
[   177.8s] LOO q=120 qfr=(-0.1667,+0.0000) tile_rel=4.868e-02  B_rel=2.342e-03  (0.9s)
[   178.7s] LOO q=126 qfr=(-0.1667,+0.5000) tile_rel=6.873e-02  B_rel=3.069e-03  (0.9s)
[   179.6s] LOO q=132 qfr=(-0.0833,-0.0000) tile_rel=4.261e-02  B_rel=3.503e-03  (0.9s)
[   180.5s] LOO q=138 qfr=(-0.0833,+0.5000) tile_rel=6.849e-02  B_rel=2.700e-03  (0.9s)

=== LOO summary (every 6th q, 24 points) ===
tile relF : median 6.849e-02  max 1.278e-01 (argmax q=0)
B relF    : median 3.041e-03  max 2.006e-02 (argmax q=0)

=== dense on-grid exciton ground truth (path points) ===
iQ   Q                mode    E_1..E_8 (eV)
  5  (0.0000,0.1667)  stored  1.883835 1.884015 1.894465 1.897482 1.971909 1.972214 1.972293 1.972726
  5  (0.0000,0.1667)  interp  1.883835 1.884015 1.894451 1.897479 1.971903 1.972209 1.972286 1.972702
  5  dE(interp-stored) meV:    0.000   -0.000   -0.014   -0.003   -0.005   -0.005   -0.007   -0.024   (55.9s)
 10  (0.0000,0.3333)  stored  1.888832 1.888944 1.906306 1.910374 1.925669 1.929116 1.959930 1.960228
 10  (0.0000,0.3333)  interp  1.888832 1.888944 1.906299 1.910371 1.925670 1.929098 1.959930 1.960228
 10  dE(interp-stored) meV:   -0.000   -0.000   -0.008   -0.002    0.001   -0.018   -0.000   -0.000   (55.9s)
 15  (0.0000,0.5000)  stored  1.683129 1.683133 1.737214 1.739611 1.812454 1.812622 1.861676 1.861693
 15  (0.0000,0.5000)  interp  1.683129 1.683133 1.737218 1.739601 1.812455 1.812621 1.861676 1.861693
 15  dE(interp-stored) meV:    0.000   -0.000    0.004   -0.011    0.001   -0.001    0.000    0.000   (55.9s)
 19  (0.1667,0.4167)  stored  1.824422 1.830795 1.840434 1.843077 1.871827 1.878085 1.963635 1.972993
 19  (0.1667,0.4167)  interp  1.824422 1.830793 1.840434 1.843085 1.871827 1.878084 1.963635 1.972993
 19  dE(interp-stored) meV:   -0.000   -0.002    0.000    0.007    0.000   -0.001   -0.000   -0.000   (55.8s)
 23  (0.3333,0.3333)  stored  1.609268 1.609768 1.717972 1.720263 1.727686 1.737413 1.741109 1.744137
 23  (0.3333,0.3333)  interp  1.609268 1.609772 1.717972 1.720265 1.727686 1.737413 1.741132 1.744152
 23  dE(interp-stored) meV:    0.000    0.003   -0.000    0.003   -0.000   -0.000    0.023    0.014   (55.9s)
 27  (0.2500,0.2500)  stored  1.816740 1.823688 1.825525 1.831188 1.859682 1.872417 1.948454 1.950644
 27  (0.2500,0.2500)  interp  1.816740 1.823683 1.825529 1.831188 1.859689 1.872417 1.948451 1.950644
 27  dE(interp-stored) meV:   -0.000   -0.005    0.004    0.000    0.007    0.000   -0.003   -0.000   (55.7s)
 31  (0.1667,0.1667)  stored  1.693349 1.747507 1.815209 1.817240 1.818418 1.850683 1.855813 1.874551
 31  (0.1667,0.1667)  interp  1.693356 1.747507 1.815208 1.817230 1.818418 1.850678 1.855797 1.874553
 31  dE(interp-stored) meV:    0.006   -0.000   -0.001   -0.010   -0.000   -0.005   -0.016    0.002   (55.9s)
 35  (0.0833,0.0833)  stored  1.841767 1.854389 1.866527 1.889394 1.956974 1.957542 1.957824 1.961611
 35  (0.0833,0.0833)  interp  1.841767 1.854399 1.866527 1.889396 1.956973 1.957539 1.957805 1.961645
 35  dE(interp-stored) meV:    0.000    0.009    0.000    0.002   -0.001   -0.003   -0.019    0.034   (55.8s)
TOTAL 627.3s
=== diag_loo end rc=0 1784401625 Sat Jul 18 12:07:05 PM PDT 2026
