=== dip_nv1 start 1784405523
/pscratch/sd/j/jackm/lorrax_sandbox/sources/worktrees/lorrax_A_exciton_bands/src/bse/exciton_bands.py:265: DeprecationWarning: Input key 'output_file' is no longer supported and will be ignored.  ``output_file`` (LORRAX-native eqp0) is now ``sigma_diag_file`` (defaults to ``sigma_diag.dat``); BGW-format ``eqp0.dat`` and ``eqp1.dat`` (with Z-linearization) are written automatically.  Remove 'output_file' from your input file.
  params = read_lorrax_input(args.input)
/pscratch/sd/j/jackm/lorrax_sandbox/sources/worktrees/lorrax_A_exciton_bands/src/bse/exciton_bands.py:265: DeprecationWarning: Input key 'self_consistent' is deprecated; it is honored via ``qp_solver = auto`` resolution.  Set 'qp_solver = self_consistent' instead.
  params = read_lorrax_input(args.input)
/pscratch/sd/j/jackm/lorrax_sandbox/sources/worktrees/lorrax_A_exciton_bands/src/bse/exciton_bands.py:265: DeprecationWarning: Input key 'sigma_at_dft_energies' is deprecated; it is honored via ``qp_solver = auto`` resolution.  Set 'qp_solver = one_shot_dft (the default)' instead.
  params = read_lorrax_input(args.input)
BSE-sharded: q=0 head injected (rank-1, dual-sharded G0, V_cell=702.20): vhead=9315.306, whead[0]=3499.067
  Streaming Galerkin: nk=144, nb=8, nr=46080, n_mu=640, mesh=(2x2)
  load_centroids_band_chunked: 9.73s
  SVD of (1152, 1280): rank=1152, σ_max=2.698e+00, σ_min/1e-08=3.131e-06 (1.76s)
/opt/jax/jax/_src/interpreters/mlir.py:1178: UserWarning: Some donated buffers were not usable: ShapedArray(complex128[144,8,2,23040]).
See an explanation at https://jax.readthedocs.io/en/latest/faq.html#buffer-donation.
  warnings.warn("Some donated buffers were not usable:"
  G accumulation: 1 chunk(s), 2.92s
  Cholesky of G: 0.66s
  ctilde[0] orthogonality error: 5.322e-15
  Total Galerkin: 19.20s
Loaded wavefunctions: nk=144, nb=8, rank=1152
Q path: 3 points, nodes at [0, 2] labels [None, None]
  bse_setup: (12, 12, 1) → explicit q-list (432 q-pts), bands [1, 5) of 1152, batch=32
  f-transform: a=0.573643 Ry, n=3.00, shift=-0.029169 Ry
  bundle: psi_rmu_Y=(432, 4, 2, 640), psi_rmuT_X=(432, 640, 4, 2)
  [wrapfix] 4 of 144 q relabeled to the sphere-derived center
  [gates] vq_interp coarse data:
    [gate] recon_roundtrip_sphere_Gamma                 2.311e-16  OK
    [gate] sphere_max|q+G|^2_minus_cutoff               0.000e+00  OK
    [gate] makeVq_vs_disk_Vqmunu_allq_max               5.281e-09  OK
    [gate] XHX_vs_Cq_torus_q0                           1.714e-11  OK
    [gate] vSR+vLR==v_q0                                3.721e-18  OK
    [gate] vSR+vLR==v_q1                                1.453e-18  OK
    [gate] slab_axes_offdiag                            0.000e+00  OK
  [prep] gset(0.3) = 337 G; 0 out-of-sphere (q,G) channels zero-filled; sphere-tail bound 6.4e-37
  [fit] LR design: degrees {0: 3, 1: 2, 2: 0, 3: 0} -> 26 complex coefficients per mu (global)
    [null] exact_stencil_VSRc_train_point               1.207e-15  OK
    [null] exact_stencil_Fch_train_point                1.272e-15  OK
    [null] F_own_rebuild_vs_cleaned_LR_tile_max         1.871e-09  OK
solve_path: cold 56.04s (incl. ONE compile), warm 48.44s = 16145.6 ms/Q over 3 Q
solve_path memory_analysis: temp=1892.0 MiB args=274.7 MiB out=0.0 MiB
Wrote dip_nv1.dat
Wrote dip_nv1.png

--- timings (s) ---
  load_bse                    8.70
  htransform_setup           21.41
  htransform_psi_cQ          30.00
  vq_prepare                400.48
  vq_eval                     3.18
  solve_scan_cold            56.04
  solve_scan_warm            48.44
  TOTAL                     580.19
=== dip_nv1 end rc=0 1784406110
