JAX: 1 gpu devices
== Chunked kin_ion_io ==
Loading WFN: WFN.h5
Bands: 108, FFT grid: (36, 36, 36), k-points: 8
sys_dim: 3
Devices: 1
Pseudopotentials: ['Si']
Coulomb truncation: 3D bulk
Building V_loc...
Building unified V_NL setup...

Processing 8 k-points...
  k=1/8...

Writing to /pscratch/sd/j/jackm/lorrax_sandbox/runs/Si_pseudobands/00_si_2x2x2_60Ry/cohsex_highncond_2026-04-19/lorrax/parabands_ncond100_Nmu3200/kin_ion.h5...
Wrote kin_ion.h5: shape (8, 108, 108), sys_dim=3
--- Timing (seconds) ---
Total recorded: 6.944 s
Section                                            Count    Total[s]     Self[s]      %
load_wfn                                               1       0.281       0.281    4.0
build_V_loc                                            1       0.505       0.505    7.3
k0                                                     1       2.402       2.402   34.6
k1                                                     1       1.695       1.695   24.4
k2                                                     1       0.107       0.107    1.5
k3                                                     1       1.667       1.667   24.0
k4                                                     1       0.085       0.085    1.2
k5                                                     1       0.068       0.068    1.0
k6                                                     1       0.065       0.065    0.9
k7                                                     1       0.064       0.064    0.9
write_h5                                               1       0.005       0.005    0.1
