	Command being timed: "/pscratch/sd/j/jackm/lorrax_sandbox/sources/lorrax_B/.venv/bin/python -u rss_main.py -i cohsex.in"
	User time (seconds): 60.06
	System time (seconds): 8.56
	Percent of CPU this job got: 207%
	Elapsed (wall clock) time (h:mm:ss or m:ss): 0:33.00
	Average shared text size (kbytes): 0
	Average unshared data size (kbytes): 0
	Average stack size (kbytes): 0
	Average total size (kbytes): 0
	Maximum resident set size (kbytes): 26607588
	Average resident set size (kbytes): 0
	Major (requiring I/O) page faults: 78
	Minor (reclaiming a frame) page faults: 307714
	Voluntary context switches: 52439
	Involuntary context switches: 2237
	Swaps: 0
	File system inputs: 27878
	File system outputs: 16
	Socket messages sent: 0
	Socket messages received: 0
	Signals delivered: 0
	Page size (bytes): 4096
	Exit status: 0
