NSCF: Davidson (60 bands) + pseudobands (k=2, M=1500, 50 windows)
  kgrid=(2, 2, 2), fft=(36, 36, 36), nspinor=2
  GPUs: 4  (processes: 4)
  Core density integral: 1.4485 e (from NLCC, 2 atoms)
  Core density integral: 1.4485 e (from NLCC, 2 atoms)
  Core density integral: 1.4485 e (from NLCC, 2 atoms)
  Core density integral: 1.4485 e (from NLCC, 2 atoms)
  Potentials: 8.44s
  nk=8 (full), ngkmax=2120

── Davidson ──
  JIT warmup: 6.51s
  [rank 0] k=  0/8: 1.304s  evals[0]=-0.418717 Ry
  Davidson: 5.49s (0.687s/k, 4 ranks) → /pscratch/sd/j/jackm/lorrax_sandbox/runs/Si_pseudobands/00_si_2x2x2_60Ry/pb_sweep/v2_50win_s0/WFN.h5

── Pseudobands v2 (k=2, M_max=1500, 50 windows) ──
  Computing KPM DOS...
  Estimating spectrum bounds via Lanczos...
  Spectrum: [-1.6045, 60.7177] (center=29.5566, half_width=31.1611)
  Computing 500 Chebyshev moments with 10 random vectors...
  Random vector 1/10...
  Random vector 2/10...
  Random vector 3/10...
  Random vector 4/10...
  Random vector 5/10...
  Random vector 6/10...
  Random vector 7/10...
  Random vector 8/10...
  Random vector 9/10...
  Random vector 10/10...
  DOS integral: 1.0 states (dim=4240)
  CJ resolution: 0.1305 Ry
  Protected: 28 bands (E < 1.2871 Ry)
  Available: 32 bands up to 3.2733 Ry
  50 windows [1.29, 60.72] Ry
  Widths: min=0.1757, max=3.0059
  Classification: 6 Davidson, 44 CJ
  Running 1500 Chebyshev iterations (block size 2)...
  Filter done: 44 CJ blocks
    w1/50 [empty]: [1.29,1.47] n_eff=0.0, E=[1.376,1.376]
    w2/50 [dav]: [1.47,1.76] n_eff=2.0, E=[1.594,1.594]
    w3/50 [dav]: [1.76,2.18] n_eff=6.0, E=[2.153,2.153]
    w4/50 [dav]: [2.18,2.35] n_eff=6.0, E=[2.229,2.350]
    w5/50 [dav]: [2.35,2.64] n_eff=10.0, E=[2.356,2.619]
    w10/50 [CJ ]: [3.91,4.31] n_eff=17.1, E=[4.188,4.235]
    w20/50 [CJ ]: [9.24,9.91] n_eff=46.2, E=[9.675,9.698]
    w30/50 [CJ ]: [18.59,19.73] n_eff=85.5, E=[19.041,19.085]
    w40/50 [CJ ]: [33.78,36.18] n_eff=107.9, E=[35.261,35.349]
    w50/50 [CJ ]: [57.71,60.72] n_eff=154.6, E=[58.348,58.418]
  Total: 28 prot + 100 pseudo (12 dav + 88 CJ) = 128 bands (Σ w² = 4416.8)
  Total bands per k: 28 prot + 100 pseudo = 128
  k=  1/8: 12.3s
  k=  2/8: 11.9s
  k=  7/8: 11.7s
  Pseudobands: 104.1s → /pscratch/sd/j/jackm/lorrax_sandbox/runs/Si_pseudobands/00_si_2x2x2_60Ry/pb_sweep/v2_50win_s0/WFN_pseudobands.h5

Total NSCF: 127.3s
