
 BerkeleyGW version 4.0
 Epsilon code, Complex version, run on 05-Apr-2026 at 18:20:53 -0700

                                                                 ..o.          
                                                                .oxxo.         
                                                               .oxxxxo...      
                                                               oxxxxxxo.       
                                                              .oxxxxxxx.       
                                                              .ooooooxxo..     
                                                              .oooooooxo..     
                                                              .oooooxxo...     
                                                       .........oxooo......    
                                                 ............................  
                                             ................................. 
                                          .................................... 
           .          ..oo. ....  .................................oooxxxxxxxo.
     .............oxxxx@ox@@@x@x.....................o...........ooooooooooxx. 
    .o.........oox@x.oo........xxx@@............ooxxxxo..........ooooxxxxxoxo  
    .x........x@xxo...............o@xxo........oxxx@@@xoooooooooooooooxxxo...  
    .o......ox@@o..................oox@o.....ooxxx@xoooxxxxxxxoooooooooooo.... 
    o..ooooo@@xoooo....ooo...........x@o.....ooxxxxo   .oxxxxxxxxxxooooooo.... 
    . .oooo@@@@@@@@@@@@@@@@@@@@@@@@@@@@@@....ooooox.     .oxx@@@@@xxoo........ 
      .ooooxxxxxxxooooooxooooooooooooooxo...oooooxx.        ..ox@xxxoo.........
      .ooooooxxxx@xoooooooooooooxxoooooooooooxxxxx.            .oxxooooooooxxo.
     .oooooxxxxx@@@xxxxxxxxxxxxxxxxxxxxxxxxoxxxxo.                .oxxxxxxxxo. 
   ....oooxxxxx@@@xo..oxxx@@@@@@xxxxoxxoooooooxx.                  .oxxxoo..   
  .....ooxxxx@@xo.       ........    .ooooooooxxo                              
  ..oooxxxx@@@o                       .oooooooxoo.                             
  ....oxooxxxxx.                       .ooo..oooo.                             
  .....o.ooxxxxxo.                     .oooooooxo.                             
 ......ooooxxxxxxo.                     .ooooooxoo..                           
........ooxxxxxxxo..                     .o....oxoo...                         
.......ooooxxxxxxxo.                     ........oooo.                         
.ooooooo..ooxxxxoooo.                    .........ooo...                       
..oxo...ooooxxxoooo..                    .ooo......oooo...                     
  .ooooo....o.                            .oxxxoo....ooo....                   
    .oooooo...                              ...ooooo...ooo..                   
       ...                                     .oo.......                      
                                               ....ooo...                      
                      __              __                                       
 ______              [  |            [  |                 ._____  _          _ 
|_   _               | |  _          | |                /  ___ | |        | |
  | |_) | .---.  _. _.| | / |  .---.  | | .---.  _    _ / /    _|   /  / / 
  |  __'./ /__\[ /`_| '' <  / /__\ | |/ /__\|   | | |   _____  /  / /  
 _| |__| | __. | |   | |`  | ___. | || ___.  / /  .___| |    /  /   
|_______/ .__./[_]  [__|  _] .__./[___].__./    /   .____./    /  /    
                                                  / /                          
                                                 /_/                           
 --------------------------------------------------------------------------------
 Please cite the main BerkeleyGW paper when using results from this calculation:

 Jack Deslippe, Georgy Samsonidze, David A. Strubbe, Manish Jain, Marvin L.
 Cohen, and Steven G. Louie, "BerkeleyGW: A Massively Parallel Computer Package
 for the Calculation of the Quasiparticle and Optical Properties of Materials
 and Nanostructures," Comput. Phys. Commun. 183, 1269 (2012)

 Aditionally, PLEASE CITE ALL PAPERS REPORTED AT THE END OF THIS CALCULATION.
 --------------------------------------------------------------------------------

 Running MPI version (parallel)
 Running with 8 MPI task(s)
 Using OpenMP. Number of threads per MPI task: 16

 Compilation flags:
 - Compiler: NVHPC
 - Para. flags: MPI, OMP
 - Math  flags: USESCALAPACK, UNPACKED, USEFFTW3, HDF5
 - Debug flags: 

 Running with verbosity level 1 (default).

 We will start a new calculation from scratch.

 
 We`ll perform a uniform sampling of the full BZ.
 
 Computing the static inverse dielectric matrix

 We are using matrix communication scheme

 We are communicating via MPI

 We are using a truncated Coulomb interaction: cell slab
 Reading header of WFN.h5
 Highest occupied band (unshifted grid) = 26
 Valence max    (unshifted grid) = -5.193709 eV
 Conduction min (unshifted grid) = -3.493644 eV
 Middle energy  (unshifted grid) = -4.343677 eV
 Fermi  energy  (unshifted grid) = -4.343677 eV

 Reading header of WFNq.h5
 Highest occupied band (shifted grid) = 26

 Calculation parameters:
 - Cutoff of the dielectric matrix (Ry): 30.00
 - Total number of bands in the calculation: 80
 - Number of fully occupied valence bands: 26
 - Number of partially occ. conduction bands: 0
 - Monkhorst-Pack q-grid for epsilon(q): 3 3 1
 
 Running with 2 valence pools
 Number of conduction bands per processor: 14
 Number of valence bands per processor: 13

 Memory available: 59696.2 MB per PE
 Memory required for execution: 84.9 MB per PE
 Memory required for vcoul: 0.0 MB per PE

 Number of electrons per unit cell (from ifmax) = 26.000000
 Number of electrons per unit cell (from occupations) = 26.000000
 Plasma Frequency = 1.364240 Ry

 Reading using H5FD_MPIO_COLLECTIVE.
 Using communication style:  1
 
 Reading using H5FD_MPIO_COLLECTIVE.
 Using communication style:  1
 
 Initializing eps0mat.h5
 Initializing epsmat.h5
 - Screened Coulomb cutoff: 30.000 Ry
 - Total number of bands: 80
 - Number of q-points: 9

 Scissors parameters:
 - Valence:    es =   0.0000 eV, e0 =   0.0000 eV, edel =   0.0000
 - Conduction: es =   0.0000 eV, e0 =   0.0000 eV, edel =   0.0000

 Q0 and |Q0| =  0.000333  0.000000  0.000000  0.000404
 Q  and |Q|  =  0.000000  0.333333  0.000000  0.404439
 Q  and |Q|  =  0.000000  0.666667  0.000000  0.808877
 Q  and |Q|  =  0.333333  0.000000  0.000000  0.404438
 Q  and |Q|  =  0.333333  0.333333  0.000000  0.700508
 Q  and |Q|  =  0.333333  0.666667  0.000000  1.070043
 Q  and |Q|  =  0.666667  0.000000  0.000000  0.808877
 Q  and |Q|  =  0.666667  0.333333  0.000000  1.070043
 Q  and |Q|  =  0.666667  0.666667  0.000000  1.401016

 ==================================== WARNING ====================================
 You have enabled spin polarization or full spinor calculations.
 Current formalism and implementation adopted by BerkeleyGW implicitly assumes
 time-reversal symmetry (TRS), e.g. in the standard Adler-Wiser RPA polarizability.
 Running magnetic/broken-TRS systems is fundamentally against these assumptions.
 One needs to be aware of and justify its direct usage. Use at your own risk.
 =================================================================================
 GPU acceleration is : ENABLED
 
 Algorithms used:
 - mtxel         : OPENACC_ALGO
 - chi_summation : OPENACC_ALGO
 
 You have a slightly shifted q0 vector and a semiconductor.
 So, reading from WFNq.
 Reading header of WFNq.h5
 Highest occupied band (shifted grid) = 26
 Reading using H5FD_MPIO_COLLECTIVE.
 Using communication style:  1
 
 Summary of the WFN files:
 - Number of k-points in WFN: 9
 - Number of k-points in WFNq: 9
 - Number of k-points in the full BZ of WFN: 9

================================================================================
 18:20:53   Dealing with q =  0.000333  0.000000  0.000000                 1 / 9
================================================================================

 This is the special q->0 point.
 Rank of the polarizability matrix (nmtx): 1947
 
 BLACS processor grid:   2 x   4; BLOCKSIZE =   32
 
 Number of k-points in the irreducible BZ(q) (nrk): 9
 
 Using GPU support via OpenACC/OMP-Target implementation
 Using batch implementation, batch size:    20
 
 Started calculation of matrix elements with 117 transition(s) at 18:20:54.
 [ 18:20:54 |   0% ] transition   1 / 117.
 [ 18:20:54 |   2% ] transition   3 / 117, remaining: 0 s.
 [ 18:20:54 |   9% ] transition  12 / 117, remaining: 0 s.
 [ 18:20:54 |  20% ] transition  24 / 117, remaining: 0 s.
 [ 18:20:54 |  30% ] transition  36 / 117, remaining: 0 s.
 [ 18:20:54 |  39% ] transition  47 / 117, remaining: 0 s.
 [ 18:20:54 |  50% ] transition  59 / 117, remaining: 0 s.
 [ 18:20:54 |  60% ] transition  71 / 117, remaining: 0 s.
 [ 18:20:54 |  69% ] transition  82 / 117, remaining: 0 s.
 [ 18:20:54 |  79% ] transition  94 / 117, remaining: 0 s.
 [ 18:20:54 |  90% ] transition 106 / 117, remaining: 0 s.
 [ 18:20:54 |  99% ] transition 117 / 117, remaining: 0 s.
 Finished calculation of matrix elements at 18:20:54.
 Elapsed time: 0 s.
 
 Preparing simple convergence tests with 54 unoccupied bands.
 CHI summation GPU algorithm offloading all matrix elements to device.
 
 Started building polarizability matrix with 8 processor(s) at 18:20:54.
 [ 18:20:54 |   0% ] processor 1 / 8.
 [ 18:20:54 |  13% ] processor 2 / 8.
 [ 18:20:54 |  25% ] processor 3 / 8, remaining: 0 s.
 [ 18:20:54 |  38% ] processor 4 / 8, remaining: 0 s.
 [ 18:20:54 |  50% ] processor 5 / 8, remaining: 0 s.
 [ 18:20:54 |  63% ] processor 6 / 8, remaining: 0 s.
 [ 18:20:54 |  75% ] processor 7 / 8, remaining: 0 s.
 [ 18:20:54 |  88% ] processor 8 / 8, remaining: 0 s.
 Finished building polarizability matrix at 18:20:54.
 Elapsed time: 0 s.
 
 q-pt      1: Head of Epsilon         =    1.042092485852642E+000   2.323635364509216E-019
 q-pt      1: Epsilon(2,2)            =    7.410216451094730E+000   3.067105859629641E-019
 q-pt      1: Head of Epsilon Inverse =    9.648186489520413E-001  -1.374511418971676E-019
 q-pt      1: Epsilon Inverse(2,2)    =    2.667131855529219E-001  -7.318364664277155E-019
 
 For q0 points, you should check the symmetry (eps(G,G') = eps*(-G,-G')) by
 using the eps0sym code. Wavefunction convergence, as well as a finite q-shift
 may cause this property of eps(G,G') to be broken.

 Writing dielectric matrix to file
 Ok

================================================================================
 18:20:55   Dealing with q =  0.000000  0.333333  0.000000                 2 / 9
================================================================================

 This is a regular non-zero q-point.
 Rank of the polarizability matrix (nmtx): 1963
 
 BLACS processor grid:   2 x   4; BLOCKSIZE =   32
 
 Number of k-points in the irreducible BZ(q) (nrk): 9
 
 Using GPU support via OpenACC/OMP-Target implementation
 Using batch implementation, batch size:    20
 
 Started calculation of matrix elements with 117 transition(s) at 18:20:55.
 [ 18:20:55 |   0% ] transition   1 / 117.
 [ 18:20:55 |   2% ] transition   3 / 117, remaining: 0 s.
 [ 18:20:55 |   9% ] transition  12 / 117, remaining: 0 s.
 [ 18:20:55 |  20% ] transition  24 / 117, remaining: 0 s.
 [ 18:20:55 |  30% ] transition  36 / 117, remaining: 0 s.
 [ 18:20:55 |  39% ] transition  47 / 117, remaining: 0 s.
 [ 18:20:55 |  50% ] transition  59 / 117, remaining: 0 s.
 [ 18:20:55 |  60% ] transition  71 / 117, remaining: 0 s.
 [ 18:20:55 |  69% ] transition  82 / 117, remaining: 0 s.
 [ 18:20:55 |  79% ] transition  94 / 117, remaining: 0 s.
 [ 18:20:55 |  90% ] transition 106 / 117, remaining: 0 s.
 [ 18:20:55 |  99% ] transition 117 / 117, remaining: 0 s.
 Finished calculation of matrix elements at 18:20:55.
 Elapsed time: 0 s.
 
 Preparing simple convergence tests with 54 unoccupied bands.
 CHI summation GPU algorithm offloading all matrix elements to device.
 
 Started building polarizability matrix with 8 processor(s) at 18:20:56.
 [ 18:20:56 |   0% ] processor 1 / 8.
 [ 18:20:56 |  13% ] processor 2 / 8.
 [ 18:20:56 |  25% ] processor 3 / 8, remaining: 0 s.
 [ 18:20:56 |  38% ] processor 4 / 8, remaining: 0 s.
 [ 18:20:56 |  50% ] processor 5 / 8, remaining: 0 s.
 [ 18:20:56 |  63% ] processor 6 / 8, remaining: 0 s.
 [ 18:20:56 |  75% ] processor 7 / 8, remaining: 0 s.
 [ 18:20:56 |  88% ] processor 8 / 8, remaining: 0 s.
 Finished building polarizability matrix at 18:20:56.
 Elapsed time: 0 s.
 
 q-pt      2: Head of Epsilon         =    4.527183345206639E+000   7.178958944791135E-018
 q-pt      2: Epsilon(2,2)            =    3.595430309087968E+000  -4.991633283427452E-018
 q-pt      2: Head of Epsilon Inverse =    5.055126024076190E-001  -5.204170427930421E-018
 q-pt      2: Epsilon Inverse(2,2)    =    5.716645415951002E-001  -6.830473686658678E-018

 Writing dielectric matrix to file
 Ok

================================================================================
 18:20:57   Dealing with q =  0.000000  0.666667  0.000000                 3 / 9
================================================================================

 This is a regular non-zero q-point.
 Rank of the polarizability matrix (nmtx): 1963
 
 BLACS processor grid:   2 x   4; BLOCKSIZE =   32
 
 Number of k-points in the irreducible BZ(q) (nrk): 9
 
 Using GPU support via OpenACC/OMP-Target implementation
 Using batch implementation, batch size:    20
 
 Started calculation of matrix elements with 117 transition(s) at 18:20:57.
 [ 18:20:57 |   0% ] transition   1 / 117.
 [ 18:20:57 |   2% ] transition   3 / 117, remaining: 0 s.
 [ 18:20:57 |   9% ] transition  12 / 117, remaining: 0 s.
 [ 18:20:57 |  20% ] transition  24 / 117, remaining: 0 s.
 [ 18:20:57 |  30% ] transition  36 / 117, remaining: 0 s.
 [ 18:20:57 |  39% ] transition  47 / 117, remaining: 0 s.
 [ 18:20:57 |  50% ] transition  59 / 117, remaining: 0 s.
 [ 18:20:57 |  60% ] transition  71 / 117, remaining: 0 s.
 [ 18:20:57 |  69% ] transition  82 / 117, remaining: 0 s.
 [ 18:20:57 |  79% ] transition  94 / 117, remaining: 0 s.
 [ 18:20:57 |  90% ] transition 106 / 117, remaining: 0 s.
 [ 18:20:57 |  99% ] transition 117 / 117, remaining: 0 s.
 Finished calculation of matrix elements at 18:20:57.
 Elapsed time: 0 s.
 
 Preparing simple convergence tests with 54 unoccupied bands.
 CHI summation GPU algorithm offloading all matrix elements to device.
 
 Started building polarizability matrix with 8 processor(s) at 18:20:57.
 [ 18:20:57 |   0% ] processor 1 / 8.
 [ 18:20:57 |  13% ] processor 2 / 8.
 [ 18:20:57 |  25% ] processor 3 / 8, remaining: 0 s.
 [ 18:20:57 |  38% ] processor 4 / 8, remaining: 0 s.
 [ 18:20:57 |  50% ] processor 5 / 8, remaining: 0 s.
 [ 18:20:57 |  63% ] processor 6 / 8, remaining: 0 s.
 [ 18:20:57 |  75% ] processor 7 / 8, remaining: 0 s.
 [ 18:20:57 |  88% ] processor 8 / 8, remaining: 0 s.
 Finished building polarizability matrix at 18:20:57.
 Elapsed time: 0 s.
 
 q-pt      3: Head of Epsilon         =    4.527183345223619E+000   2.089386696390445E-018
 q-pt      3: Epsilon(2,2)            =    3.595421927243708E+000  -8.650432139609327E-019
 q-pt      3: Head of Epsilon Inverse =    5.055126024133662E-001   4.770489558936220E-018
 q-pt      3: Epsilon Inverse(2,2)    =    5.716646809141923E-001   6.505213034913027E-019

 Writing dielectric matrix to file
 Ok

================================================================================
 18:20:58   Dealing with q =  0.333333  0.000000  0.000000                 4 / 9
================================================================================

 This is a regular non-zero q-point.
 Rank of the polarizability matrix (nmtx): 1963
 
 BLACS processor grid:   2 x   4; BLOCKSIZE =   32
 
 Number of k-points in the irreducible BZ(q) (nrk): 9
 
 Using GPU support via OpenACC/OMP-Target implementation
 Using batch implementation, batch size:    20
 
 Started calculation of matrix elements with 117 transition(s) at 18:20:59.
 [ 18:20:59 |   0% ] transition   1 / 117.
 [ 18:20:59 |   2% ] transition   3 / 117, remaining: 0 s.
 [ 18:20:59 |   9% ] transition  12 / 117, remaining: 0 s.
 [ 18:20:59 |  20% ] transition  24 / 117, remaining: 0 s.
 [ 18:20:59 |  30% ] transition  36 / 117, remaining: 0 s.
 [ 18:20:59 |  39% ] transition  47 / 117, remaining: 0 s.
 [ 18:20:59 |  50% ] transition  59 / 117, remaining: 0 s.
 [ 18:20:59 |  60% ] transition  71 / 117, remaining: 0 s.
 [ 18:20:59 |  69% ] transition  82 / 117, remaining: 0 s.
 [ 18:20:59 |  79% ] transition  94 / 117, remaining: 0 s.
 [ 18:20:59 |  90% ] transition 106 / 117, remaining: 0 s.
 [ 18:20:59 |  99% ] transition 117 / 117, remaining: 0 s.
 Finished calculation of matrix elements at 18:20:59.
 Elapsed time: 0 s.
 
 Preparing simple convergence tests with 54 unoccupied bands.
 CHI summation GPU algorithm offloading all matrix elements to device.
 
 Started building polarizability matrix with 8 processor(s) at 18:20:59.
 [ 18:20:59 |   0% ] processor 1 / 8.
 [ 18:20:59 |  13% ] processor 2 / 8.
 [ 18:20:59 |  25% ] processor 3 / 8, remaining: 0 s.
 [ 18:20:59 |  38% ] processor 4 / 8, remaining: 0 s.
 [ 18:20:59 |  50% ] processor 5 / 8, remaining: 0 s.
 [ 18:20:59 |  63% ] processor 6 / 8, remaining: 0 s.
 [ 18:20:59 |  75% ] processor 7 / 8, remaining: 0 s.
 [ 18:20:59 |  88% ] processor 8 / 8, remaining: 0 s.
 Finished building polarizability matrix at 18:20:59.
 Elapsed time: 0 s.
 
 q-pt      4: Head of Epsilon         =    4.527187785746257E+000  -4.298967554345614E-018
 q-pt      4: Epsilon(2,2)            =    3.595424664029407E+000  -4.618062920582513E-019
 q-pt      4: Head of Epsilon Inverse =    5.055123609926110E-001   8.673617379884035E-019
 q-pt      4: Epsilon Inverse(2,2)    =    5.716645434785279E-001   6.938893903907228E-018

 Writing dielectric matrix to file
 Ok

================================================================================
 18:21:00   Dealing with q =  0.333333  0.333333  0.000000                 5 / 9
================================================================================

 This is a regular non-zero q-point.
 Rank of the polarizability matrix (nmtx): 1917
 
 BLACS processor grid:   2 x   4; BLOCKSIZE =   32
 
 Number of k-points in the irreducible BZ(q) (nrk): 9
 
 Using GPU support via OpenACC/OMP-Target implementation
 Using batch implementation, batch size:    20
 
 Started calculation of matrix elements with 117 transition(s) at 18:21:00.
 [ 18:21:00 |   0% ] transition   1 / 117.
 [ 18:21:00 |   2% ] transition   3 / 117, remaining: 0 s.
 [ 18:21:00 |   9% ] transition  12 / 117, remaining: 0 s.
 [ 18:21:00 |  20% ] transition  24 / 117, remaining: 0 s.
 [ 18:21:00 |  30% ] transition  36 / 117, remaining: 0 s.
 [ 18:21:00 |  39% ] transition  47 / 117, remaining: 0 s.
 [ 18:21:00 |  50% ] transition  59 / 117, remaining: 0 s.
 [ 18:21:00 |  60% ] transition  71 / 117, remaining: 0 s.
 [ 18:21:00 |  69% ] transition  82 / 117, remaining: 0 s.
 [ 18:21:00 |  79% ] transition  94 / 117, remaining: 0 s.
 [ 18:21:00 |  90% ] transition 106 / 117, remaining: 0 s.
 [ 18:21:00 |  99% ] transition 117 / 117, remaining: 0 s.
 Finished calculation of matrix elements at 18:21:00.
 Elapsed time: 0 s.
 
 Preparing simple convergence tests with 54 unoccupied bands.
 CHI summation GPU algorithm offloading all matrix elements to device.
 
 Started building polarizability matrix with 8 processor(s) at 18:21:00.
 [ 18:21:00 |   0% ] processor 1 / 8.
 [ 18:21:00 |  13% ] processor 2 / 8.
 [ 18:21:00 |  25% ] processor 3 / 8, remaining: 0 s.
 [ 18:21:00 |  38% ] processor 4 / 8, remaining: 0 s.
 [ 18:21:00 |  50% ] processor 5 / 8, remaining: 0 s.
 [ 18:21:01 |  63% ] processor 6 / 8, remaining: 0 s.
 [ 18:21:01 |  75% ] processor 7 / 8, remaining: 0 s.
 [ 18:21:01 |  88% ] processor 8 / 8, remaining: 0 s.
 Finished building polarizability matrix at 18:21:01.
 Elapsed time: 0 s.
 
 q-pt      5: Head of Epsilon         =    2.475551630795997E+000   9.429339379894436E-019
 q-pt      5: Epsilon(2,2)            =    2.475549626200428E+000   8.528321028275583E-019
 q-pt      5: Head of Epsilon Inverse =    6.525121930837380E-001  -4.119968255444917E-018
 q-pt      5: Epsilon Inverse(2,2)    =    6.525122869659026E-001  -1.301042606982605E-018

 Writing dielectric matrix to file
 Ok

================================================================================
 18:21:02   Dealing with q =  0.333333  0.666667  0.000000                 6 / 9
================================================================================

 This is a regular non-zero q-point.
 Rank of the polarizability matrix (nmtx): 1963
 
 BLACS processor grid:   2 x   4; BLOCKSIZE =   32
 
 Number of k-points in the irreducible BZ(q) (nrk): 9
 
 Using GPU support via OpenACC/OMP-Target implementation
 Using batch implementation, batch size:    20
 
 Started calculation of matrix elements with 117 transition(s) at 18:21:02.
 [ 18:21:02 |   0% ] transition   1 / 117.
 [ 18:21:02 |   2% ] transition   3 / 117, remaining: 0 s.
 [ 18:21:02 |   9% ] transition  12 / 117, remaining: 0 s.
 [ 18:21:02 |  20% ] transition  24 / 117, remaining: 0 s.
 [ 18:21:02 |  30% ] transition  36 / 117, remaining: 0 s.
 [ 18:21:02 |  39% ] transition  47 / 117, remaining: 0 s.
 [ 18:21:02 |  50% ] transition  59 / 117, remaining: 0 s.
 [ 18:21:02 |  60% ] transition  71 / 117, remaining: 0 s.
 [ 18:21:02 |  69% ] transition  82 / 117, remaining: 0 s.
 [ 18:21:02 |  79% ] transition  94 / 117, remaining: 0 s.
 [ 18:21:02 |  90% ] transition 106 / 117, remaining: 0 s.
 [ 18:21:02 |  99% ] transition 117 / 117, remaining: 0 s.
 Finished calculation of matrix elements at 18:21:02.
 Elapsed time: 0 s.
 
 Preparing simple convergence tests with 54 unoccupied bands.
 CHI summation GPU algorithm offloading all matrix elements to device.
 
 Started building polarizability matrix with 8 processor(s) at 18:21:02.
 [ 18:21:02 |   0% ] processor 1 / 8.
 [ 18:21:02 |  13% ] processor 2 / 8.
 [ 18:21:02 |  25% ] processor 3 / 8, remaining: 0 s.
 [ 18:21:02 |  38% ] processor 4 / 8, remaining: 0 s.
 [ 18:21:02 |  50% ] processor 5 / 8, remaining: 0 s.
 [ 18:21:02 |  63% ] processor 6 / 8, remaining: 0 s.
 [ 18:21:02 |  75% ] processor 7 / 8, remaining: 0 s.
 [ 18:21:02 |  88% ] processor 8 / 8, remaining: 0 s.
 Finished building polarizability matrix at 18:21:02.
 Elapsed time: 0 s.
 
 q-pt      6: Head of Epsilon         =    4.527172153748364E+000  -4.610105495989314E-018
 q-pt      6: Epsilon(2,2)            =    3.595424326401555E+000   1.141285205852228E-018
 q-pt      6: Head of Epsilon Inverse =    5.055129621674324E-001   6.505213034913027E-019
 q-pt      6: Epsilon Inverse(2,2)    =    5.716647096709330E-001   3.903127820947816E-018

 Writing dielectric matrix to file
 Ok

================================================================================
 18:21:03   Dealing with q =  0.666667  0.000000  0.000000                 7 / 9
================================================================================

 This is a regular non-zero q-point.
 Rank of the polarizability matrix (nmtx): 1963
 
 BLACS processor grid:   2 x   4; BLOCKSIZE =   32
 
 Number of k-points in the irreducible BZ(q) (nrk): 9
 
 Using GPU support via OpenACC/OMP-Target implementation
 Using batch implementation, batch size:    20
 
 Started calculation of matrix elements with 117 transition(s) at 18:21:04.
 [ 18:21:04 |   0% ] transition   1 / 117.
 [ 18:21:04 |   2% ] transition   3 / 117, remaining: 0 s.
 [ 18:21:04 |   9% ] transition  12 / 117, remaining: 0 s.
 [ 18:21:04 |  20% ] transition  24 / 117, remaining: 0 s.
 [ 18:21:04 |  30% ] transition  36 / 117, remaining: 0 s.
 [ 18:21:04 |  39% ] transition  47 / 117, remaining: 0 s.
 [ 18:21:04 |  50% ] transition  59 / 117, remaining: 0 s.
 [ 18:21:04 |  60% ] transition  71 / 117, remaining: 0 s.
 [ 18:21:04 |  69% ] transition  82 / 117, remaining: 0 s.
 [ 18:21:04 |  79% ] transition  94 / 117, remaining: 0 s.
 [ 18:21:04 |  90% ] transition 106 / 117, remaining: 0 s.
 [ 18:21:04 |  99% ] transition 117 / 117, remaining: 0 s.
 Finished calculation of matrix elements at 18:21:04.
 Elapsed time: 0 s.
 
 Preparing simple convergence tests with 54 unoccupied bands.
 CHI summation GPU algorithm offloading all matrix elements to device.
 
 Started building polarizability matrix with 8 processor(s) at 18:21:04.
 [ 18:21:04 |   0% ] processor 1 / 8.
 [ 18:21:04 |  13% ] processor 2 / 8.
 [ 18:21:04 |  25% ] processor 3 / 8, remaining: 0 s.
 [ 18:21:04 |  38% ] processor 4 / 8, remaining: 0 s.
 [ 18:21:04 |  50% ] processor 5 / 8, remaining: 0 s.
 [ 18:21:04 |  63% ] processor 6 / 8, remaining: 0 s.
 [ 18:21:04 |  75% ] processor 7 / 8, remaining: 0 s.
 [ 18:21:04 |  88% ] processor 8 / 8, remaining: 0 s.
 Finished building polarizability matrix at 18:21:04.
 Elapsed time: 0 s.
 
 q-pt      7: Head of Epsilon         =    4.527187785810757E+000  -3.484609358617418E-018
 q-pt      7: Epsilon(2,2)            =    3.595433046629829E+000   6.141040261432202E-018
 q-pt      7: Head of Epsilon Inverse =    5.055123610025152E-001   6.505213034913027E-018
 q-pt      7: Epsilon Inverse(2,2)    =    5.716644041677760E-001   1.734723475976807E-018

 Writing dielectric matrix to file
 Ok

================================================================================
 18:21:05   Dealing with q =  0.666667  0.333333  0.000000                 8 / 9
================================================================================

 This is a regular non-zero q-point.
 Rank of the polarizability matrix (nmtx): 1963
 
 BLACS processor grid:   2 x   4; BLOCKSIZE =   32
 
 Number of k-points in the irreducible BZ(q) (nrk): 9
 
 Using GPU support via OpenACC/OMP-Target implementation
 Using batch implementation, batch size:    20
 
 Started calculation of matrix elements with 117 transition(s) at 18:21:05.
 [ 18:21:05 |   0% ] transition   1 / 117.
 [ 18:21:05 |   2% ] transition   3 / 117, remaining: 0 s.
 [ 18:21:05 |   9% ] transition  12 / 117, remaining: 0 s.
 [ 18:21:05 |  20% ] transition  24 / 117, remaining: 0 s.
 [ 18:21:05 |  30% ] transition  36 / 117, remaining: 0 s.
 [ 18:21:05 |  39% ] transition  47 / 117, remaining: 0 s.
 [ 18:21:05 |  50% ] transition  59 / 117, remaining: 0 s.
 [ 18:21:05 |  60% ] transition  71 / 117, remaining: 0 s.
 [ 18:21:05 |  69% ] transition  82 / 117, remaining: 0 s.
 [ 18:21:05 |  79% ] transition  94 / 117, remaining: 0 s.
 [ 18:21:05 |  90% ] transition 106 / 117, remaining: 0 s.
 [ 18:21:05 |  99% ] transition 117 / 117, remaining: 0 s.
 Finished calculation of matrix elements at 18:21:05.
 Elapsed time: 0 s.
 
 Preparing simple convergence tests with 54 unoccupied bands.
 CHI summation GPU algorithm offloading all matrix elements to device.
 
 Started building polarizability matrix with 8 processor(s) at 18:21:05.
 [ 18:21:05 |   0% ] processor 1 / 8.
 [ 18:21:05 |  13% ] processor 2 / 8.
 [ 18:21:06 |  25% ] processor 3 / 8, remaining: 0 s.
 [ 18:21:06 |  38% ] processor 4 / 8, remaining: 0 s.
 [ 18:21:06 |  50% ] processor 5 / 8, remaining: 0 s.
 [ 18:21:06 |  63% ] processor 6 / 8, remaining: 0 s.
 [ 18:21:06 |  75% ] processor 7 / 8, remaining: 0 s.
 [ 18:21:06 |  88% ] processor 8 / 8, remaining: 0 s.
 Finished building polarizability matrix at 18:21:06.
 Elapsed time: 0 s.
 
 q-pt      8: Head of Epsilon         =    4.527172153628363E+000   1.498717577271028E-017
 q-pt      8: Epsilon(2,2)            =    3.595415942587747E+000   4.755455061497080E-018
 q-pt      8: Head of Epsilon Inverse =    5.055129621803705E-001  -4.336808689942018E-018
 q-pt      8: Epsilon Inverse(2,2)    =    5.716648489823098E-001  -3.794707603699266E-018

 Writing dielectric matrix to file
 Ok

================================================================================
 18:21:07   Dealing with q =  0.666667  0.666667  0.000000                 9 / 9
================================================================================

 This is a regular non-zero q-point.
 Rank of the polarizability matrix (nmtx): 1917
 
 BLACS processor grid:   2 x   4; BLOCKSIZE =   32
 
 Number of k-points in the irreducible BZ(q) (nrk): 9
 
 Using GPU support via OpenACC/OMP-Target implementation
 Using batch implementation, batch size:    20
 
 Started calculation of matrix elements with 117 transition(s) at 18:21:07.
 [ 18:21:07 |   0% ] transition   1 / 117.
 [ 18:21:07 |   2% ] transition   3 / 117, remaining: 0 s.
 [ 18:21:07 |   9% ] transition  12 / 117, remaining: 0 s.
 [ 18:21:07 |  20% ] transition  24 / 117, remaining: 0 s.
 [ 18:21:07 |  30% ] transition  36 / 117, remaining: 0 s.
 [ 18:21:07 |  39% ] transition  47 / 117, remaining: 0 s.
 [ 18:21:07 |  50% ] transition  59 / 117, remaining: 0 s.
 [ 18:21:07 |  60% ] transition  71 / 117, remaining: 0 s.
 [ 18:21:07 |  69% ] transition  82 / 117, remaining: 0 s.
 [ 18:21:07 |  79% ] transition  94 / 117, remaining: 0 s.
 [ 18:21:07 |  90% ] transition 106 / 117, remaining: 0 s.
 [ 18:21:07 |  99% ] transition 117 / 117, remaining: 0 s.
 Finished calculation of matrix elements at 18:21:07.
 Elapsed time: 0 s.
 
 Preparing simple convergence tests with 54 unoccupied bands.
 CHI summation GPU algorithm offloading all matrix elements to device.
 
 Started building polarizability matrix with 8 processor(s) at 18:21:07.
 [ 18:21:07 |   0% ] processor 1 / 8.
 [ 18:21:07 |  13% ] processor 2 / 8.
 [ 18:21:07 |  25% ] processor 3 / 8, remaining: 0 s.
 [ 18:21:07 |  38% ] processor 4 / 8, remaining: 0 s.
 [ 18:21:07 |  50% ] processor 5 / 8, remaining: 0 s.
 [ 18:21:07 |  63% ] processor 6 / 8, remaining: 0 s.
 [ 18:21:07 |  75% ] processor 7 / 8, remaining: 0 s.
 [ 18:21:07 |  88% ] processor 8 / 8, remaining: 0 s.
 Finished building polarizability matrix at 18:21:07.
 Elapsed time: 0 s.
 
 q-pt      9: Head of Epsilon         =    2.475551631061431E+000   9.731402835898994E-019
 q-pt      9: Epsilon(2,2)            =    2.475549626491485E+000  -2.235250980912683E-018
 q-pt      9: Head of Epsilon Inverse =    6.525121930917288E-001  -1.084202172485504E-018
 q-pt      9: Epsilon Inverse(2,2)    =    6.525122869479688E-001   5.421010862427522E-020

 Writing dielectric matrix to file
 Ok


********************************************************************************
*                                                                              *
* Your calculation employed methods and algorithms published in peer-reviewed  *
* papers. Please, cite the following references to give proper credit to their *
*          authors and help support future development of BerkeleyGW.          *
*                                                                              *
********************************************************************************

 J. Deslippe, G. Samsonidze, D. A. Strubbe, M. Jain, M. L. Cohen, and S. G.
 Louie, BerkeleyGW: A Massively Parallel Computer Package for the Calculation
 of the Quasiparticle and Optical Properties of Materials and Nanostructures,
 Computer Physics Communications 183, 1269 (2012).

 M. S. Hybertsen and S. G. Louie, Electron Correlation in Semiconductors and
 Insulators: Band Gaps and Quasiparticle Energies, Phys. Rev. B 34, 5390
 (1986).

 S. Ismail-Beigi, Truncation of Periodic Image Interactions for Confined
 Systems, Phys. Rev. B 73, 233103 (2006).

 B. A. Barker, and S. G. Louie, Electronic and Optical Properties of Solids
 with Strong Spin-Orbit Coupling, U. C. Berkeley PhD dissertation (2018).

 M. D. Ben, C. Yang, Z. Li, F. H. da Jornada, S. G. Louie, and J. Deslippe,
 Accelerating Large-Scale Excited-State GW Calculations on Leadership HPC
 Systems, SC20: International Conference for High Performance Computing,
 Networking, Storage and Analysis (2020).

********************************************************************************

 
 Timing information
 
                                CPU time (s)          WALL time (s)       Number
 Routine                       min        max        min        max     of calls
 -------------------------  ---------  ---------  ---------  ---------  --------
 - Eps (I/O) Comm                0.05       0.74       0.05       0.74         9
 - Eps (I/O) IO                  3.42       4.01       3.42       4.01         9
 - I/O TOTAL                     4.36       4.81       4.35       4.81        16
 - INPUT                         0.18       0.18       0.18       0.18         1
 - INPUT_Q                       0.05       0.48       0.05       0.48         1
 - FULLBZ                        0.00       0.00       0.00       0.00         1
 - GVEC                          0.01       0.01       0.01       0.01         9
 - SUBGRP                        0.00       0.00       0.00       0.00         9
 - IRRBZ                         0.00       0.01       0.00       0.01         9
 - GENWF                         0.25       0.27       0.25       0.27      1053
 - MTXEL                         1.24       1.30       1.23       1.30      1053
 - RQSTAR                        0.00       0.00       0.00       0.00        81
 - GMAP                          0.01       0.01       0.01       0.01        81
 - EPSINV (TOTAL)                7.82       7.89       7.82       7.89         9
 - CHI SUM (COMM)                0.55       0.76       0.55       0.76        72
 - CHI SUM (TOTAL)               2.08       2.33       2.08       2.34         9
 - GENWF (VAL)                   0.16       0.16       0.15       0.16      1053
 - GENWF (COND)                  0.09       0.10       0.10       0.11        81
 - EPSINV (VCOUL)                0.01       0.09       0.01       0.08         9
 - JOB SETUP                     0.00       0.00       0.00       0.00         1
 - Q LOOP SETUP                  0.01       0.01       0.01       0.01         9
 - INIT CUTOFF                   0.00       0.00       0.00       0.00         9
 - INIT SCALAPACK                0.01       0.25       0.01       0.25         9
 - INIT ARRAYS                   2.73       2.93       2.73       2.92        18
 - CONVERGE TESTS                0.00       0.17       0.00       0.17         9
 - MTXEL (DENOM)                 0.01       0.01       0.01       0.02     29484
 - MTXEL (FFT)                   1.24       1.30       1.23       1.30      1053
 - GENWF (Ekin)                  0.00       0.00       0.00       0.01       162
 - GENWF (Sort)                  0.13       0.13       0.12       0.14       162
 - CHI SUM (zGEMM)               0.04       0.04       0.03       0.05        72
 - CHI SUM (PREP)                1.04       1.18       1.03       1.18        72
 - CHI SUM (ARRAY ALLOC)         0.03       0.04       0.02       0.04        72
 - EPSINV (I/O)                  4.17       4.18       4.17       4.18         9
 - EPSINV (INVERT)               3.52       3.52       3.52       3.52         9
 - CHI SUM (BAR)                 0.00       0.32       0.00       0.32         9
 - FFT MLTPLY                    0.17       0.21       0.18       0.21     29484
 - TOTAL                        15.45      15.45      15.45      15.45         1
 
 Job Done
 
