
 frequency_dependence   0

 band_index    19    30
 sigma_matrix     0   0

 finite_difference_form  -2

 symmetries
 ntran  =  1
 mtrx01 =  1  0  0  0  1  0  0  0  1
 
       k =  0.000000  0.000000  0.000000 ik =   1 spin = 1

   n            Emf             Eo              X           SX-X             CH            Sig            KIH           Eqp0           Eqp1            CH`           Sig`          Eqp0`          Eqp1`            Znk
  19   -7.145320085   -7.145320085  -16.531795153   10.650047603   -9.780738163  -15.662485713    5.869026555   -9.793459158   -9.793459158   -8.148713501  -14.030461051   -8.161434496   -8.161434496    1.000000000
  20   -7.145320085   -7.145320085  -16.531795153   10.650047603   -9.780738163  -15.662485713    5.869026555   -9.793459158   -9.793459158   -8.148713501  -14.030461051   -8.161434496   -8.161434496    1.000000000
  21   -6.779881054   -6.779881054  -18.710184423   11.105937721  -11.500720658  -19.104967361    9.693938686   -9.411028674   -9.411028674   -8.809088025  -16.413334728   -6.719396041   -6.719396041    1.000000000
  22   -6.779881054   -6.779881054  -18.710184423   11.105937721  -11.500720658  -19.104967361    9.693938686   -9.411028674   -9.411028674   -8.809088025  -16.413334728   -6.719396041   -6.719396041    1.000000000
  23   -6.699187445   -6.699187445  -18.613845356   11.033526450  -11.483958514  -19.064277420    9.735122676   -9.329154744   -9.329154744   -8.792189143  -16.372508049   -6.637385373   -6.637385373    1.000000000
  24   -6.699187445   -6.699187445  -18.613845356   11.033526450  -11.483958514  -19.064277420    9.735122676   -9.329154744   -9.329154744   -8.792189143  -16.372508049   -6.637385373   -6.637385373    1.000000000
  25   -5.386162744   -5.386162744  -17.274626051   10.150458267  -11.142892808  -18.267060592   10.486626761   -7.780433831   -7.780433831   -8.502547945  -15.626715729   -5.140088968   -5.140088968    1.000000000
  26   -5.386162744   -5.386162744  -17.274626051   10.150458267  -11.142892808  -18.267060592   10.486626761   -7.780433831   -7.780433831   -8.502547945  -15.626715729   -5.140088968   -5.140088968    1.000000000
  27   -2.581557572   -2.581557572  -11.052316797    5.920460119  -11.437651048  -16.569507726   13.571301590   -2.998206136   -2.998206136   -8.490843036  -13.622699715   -0.051398125   -0.051398125    1.000000000
  28   -2.581557572   -2.581557572  -11.052316797    5.920460119  -11.437651048  -16.569507726   13.571301590   -2.998206136   -2.998206136   -8.490843036  -13.622699715   -0.051398125   -0.051398125    1.000000000
  29   -2.505798705   -2.505798705  -10.986626143    5.883681108  -11.427466322  -16.530411356   13.609342989   -2.921068367   -2.921068367   -8.486095083  -13.589040118    0.020302871    0.020302871    1.000000000
  30   -2.505798705   -2.505798705  -10.986626143    5.883681108  -11.427466322  -16.530411356   13.609342989   -2.921068367   -2.921068367   -8.486095083  -13.589040118    0.020302871    0.020302871    1.000000000
 
       k =  0.000000  0.333333  0.000000 ik =   2 spin = 1

   n            Emf             Eo              X           SX-X             CH            Sig            KIH           Eqp0           Eqp1            CH`           Sig`          Eqp0`          Eqp1`            Znk
  19   -8.120366006   -8.120366006  -18.825895638   11.481857143  -11.133534395  -18.477572890    7.571406382  -10.906166508  -10.906166508   -8.763857922  -16.107896418   -8.536490035   -8.536490035    1.000000000
  20   -8.120365096   -8.120365096  -18.825895638   11.481857143  -11.133534395  -18.477572890    7.571406382  -10.906166508  -10.906166508   -8.763857922  -16.107896418   -8.536490035   -8.536490035    1.000000000
  21   -7.044102738   -7.044102738  -17.168137338   10.930765463  -10.319078381  -16.556450256    6.873897900   -9.682552356   -9.682552356   -8.464166095  -14.701537969   -7.827640069   -7.827640069    1.000000000
  22   -7.044101847   -7.044101847  -17.168137338   10.930765463  -10.319078381  -16.556450256    6.873897900   -9.682552356   -9.682552356   -8.464166095  -14.701537969   -7.827640069   -7.827640069    1.000000000
  23   -6.595153136   -6.595153136  -17.876721709   11.061808422  -11.024440200  -17.839353486    8.627718188   -9.211635298   -9.211635298   -8.702675176  -15.517588462   -6.889870274   -6.889870274    1.000000000
  24   -6.595149996   -6.595149996  -17.876721709   11.061808422  -11.024440200  -17.839353486    8.627718188   -9.211635298   -9.211635298   -8.702675176  -15.517588462   -6.889870274   -6.889870274    1.000000000
  25   -6.289982486   -6.289982486  -17.441871934   10.400765444  -10.982145192  -18.023251682    9.196081000   -8.827170683   -8.827170683   -8.498512727  -15.539619218   -6.343538218   -6.343538218    1.000000000
  26   -6.289979298   -6.289979298  -17.441871934   10.400765444  -10.982145192  -18.023251682    9.196081000   -8.827170683   -8.827170683   -8.498512727  -15.539619218   -6.343538218   -6.343538218    1.000000000
  27   -3.056552640   -3.056552640  -12.346182110    6.375942599  -12.019391634  -17.989631145   14.457022483   -3.532608662   -3.532608662   -8.713937731  -14.684177242   -0.227154759   -0.227154759    1.000000000
  28   -3.056550620   -3.056550620  -12.346182110    6.375942599  -12.019391634  -17.989631145   14.457022483   -3.532608662   -3.532608662   -8.713937731  -14.684177242   -0.227154759   -0.227154759    1.000000000
  29   -2.954670721   -2.954670721  -11.747228299    6.031535693  -11.663288979  -17.378981584   13.912279347   -3.466702238   -3.466702238   -8.522457353  -14.238149958   -0.325870611   -0.325870611    1.000000000
  30   -2.954666595   -2.954666595  -11.747228299    6.031535693  -11.663288979  -17.378981584   13.912279347   -3.466702238   -3.466702238   -8.522457353  -14.238149958   -0.325870611   -0.325870611    1.000000000
 
       k =  0.000000  0.666667  0.000000 ik =   3 spin = 1

   n            Emf             Eo              X           SX-X             CH            Sig            KIH           Eqp0           Eqp1            CH`           Sig`          Eqp0`          Eqp1`            Znk
  19   -8.120366006   -8.120366006  -18.825895638   11.481858388  -11.133534395  -18.477571645    7.571406383  -10.906165262  -10.906165262   -8.763846321  -16.107883572   -8.536477189   -8.536477189    1.000000000
  20   -8.120365096   -8.120365096  -18.825895638   11.481858388  -11.133534395  -18.477571645    7.571406383  -10.906165262  -10.906165262   -8.763846321  -16.107883572   -8.536477189   -8.536477189    1.000000000
  21   -7.044102738   -7.044102738  -17.168137338   10.930752070  -10.319078381  -16.556463650    6.873897900   -9.682565749   -9.682565749   -8.464159689  -14.701544957   -7.827647057   -7.827647057    1.000000000
  22   -7.044101847   -7.044101847  -17.168137338   10.930752070  -10.319078381  -16.556463650    6.873897900   -9.682565749   -9.682565749   -8.464159689  -14.701544957   -7.827647057   -7.827647057    1.000000000
  23   -6.595153136   -6.595153136  -17.876721709   11.061812618  -11.024440200  -17.839349291    8.627718188   -9.211631102   -9.211631102   -8.702676350  -15.517585441   -6.889867253   -6.889867253    1.000000000
  24   -6.595149996   -6.595149996  -17.876721709   11.061812618  -11.024440200  -17.839349291    8.627718188   -9.211631102   -9.211631102   -8.702676350  -15.517585441   -6.889867253   -6.889867253    1.000000000
  25   -6.289982486   -6.289982486  -17.441871935   10.400766348  -10.982145192  -18.023250779    9.196081000   -8.827169779   -8.827169779   -8.498515312  -15.539620899   -6.343539899   -6.343539899    1.000000000
  26   -6.289979298   -6.289979298  -17.441871935   10.400766348  -10.982145192  -18.023250779    9.196081000   -8.827169779   -8.827169779   -8.498515312  -15.539620899   -6.343539899   -6.343539899    1.000000000
  27   -3.056552640   -3.056552640  -12.346182110    6.375942259  -12.019391634  -17.989631485   14.457022483   -3.532609002   -3.532609002   -8.713939166  -14.684179017   -0.227156534   -0.227156534    1.000000000
  28   -3.056550620   -3.056550620  -12.346182110    6.375942259  -12.019391634  -17.989631485   14.457022483   -3.532609002   -3.532609002   -8.713939166  -14.684179017   -0.227156534   -0.227156534    1.000000000
  29   -2.954670721   -2.954670721  -11.747228299    6.031541718  -11.663288979  -17.378975560   13.912279347   -3.466696213   -3.466696213   -8.522460876  -14.238147457   -0.325868110   -0.325868110    1.000000000
  30   -2.954666595   -2.954666595  -11.747228299    6.031541718  -11.663288979  -17.378975560   13.912279347   -3.466696213   -3.466696213   -8.522460876  -14.238147457   -0.325868110   -0.325868110    1.000000000
 
       k =  0.333333  0.333333  0.000000 ik =   5 spin = 1

   n            Emf             Eo              X           SX-X             CH            Sig            KIH           Eqp0           Eqp1            CH`           Sig`          Eqp0`          Eqp1`            Znk
  19   -8.865049930   -8.865049930  -18.408872662   11.669813862  -10.548305078  -17.287363878    5.570672924  -11.716690954  -11.716690954   -8.670919741  -15.409978541   -9.839305617   -9.839305617    1.000000000
  20   -8.840024659   -8.840024659  -18.487404496   11.705384061  -10.590174002  -17.372194437    5.688462029  -11.683732408  -11.683732408   -8.685292106  -15.467312541   -9.778850512   -9.778850512    1.000000000
  21   -8.314148735   -8.314148735  -16.949640161   10.946676188  -10.017911402  -16.020875374    4.990392135  -11.030483239  -11.030483239   -8.381949534  -14.384913506   -9.394521371   -9.394521371    1.000000000
  22   -8.264579170   -8.264579170  -16.890265752   10.899726020  -10.004384703  -15.994924435    5.017533470  -10.977390965  -10.977390965   -8.372534631  -14.363074362   -9.345540892   -9.345540892    1.000000000
  23   -7.588031018   -7.588031018  -18.301466555   11.410476293  -10.806066942  -17.697057204    7.373082416  -10.323974788  -10.323974788   -8.696789461  -15.587779724   -8.214697308   -8.214697308    1.000000000
  24   -7.566467156   -7.566467156  -18.256083823   11.383105966  -10.792282025  -17.665259882    7.362561635  -10.302698247  -10.302698247   -8.689418597  -15.562396454   -8.199834819   -8.199834819    1.000000000
  25   -5.326289174   -5.326289174  -18.098579824   10.549226077  -11.593933130  -19.143286876   11.340609383   -7.802677493   -7.802677493   -8.694742238  -16.244095985   -4.903486602   -4.903486602    1.000000000
  26   -5.193709373   -5.193709373  -17.849237830   10.382074849  -11.525483617  -18.992646598   11.321769152   -7.670877446   -7.670877446   -8.653847166  -16.121010147   -4.799240995   -4.799240995    1.000000000
  27   -3.493644222   -3.493644222  -12.675799922    6.419350419  -12.205927867  -18.462377369   14.443017670   -4.019359699   -4.019359699   -8.782830696  -15.039280198   -0.596262528   -0.596262528    1.000000000
  28   -3.490059002   -3.490059002  -12.645963800    6.397241513  -12.199026668  -18.447748955   14.434291803   -4.013457152   -4.013457152   -8.781139811  -15.029862099   -0.595570296   -0.595570296    1.000000000
  29   -2.349180819   -2.349180819  -10.511993306    5.342566218  -11.006068283  -16.175495371   13.406243385   -2.769251986   -2.769251986   -8.124481973  -13.293909061    0.112334324    0.112334324    1.000000000
  30   -2.318927855   -2.318927855  -10.514862121    5.342708645  -11.011111204  -16.183264681   13.445543554   -2.737721127   -2.737721127   -8.117689746  -13.289843223    0.155700331    0.155700331    1.000000000
 

================================================================================

    n = band index.
  Emf = "inner" mean-field energy eigenvalue used to construct Sigma(E),
        read from WFN_inner.
   Eo = "outer" mean-field energy eigenvalue where we center the evaluation
        frequency grid {E} of Sigma(E). Defaults to Emf, unless
        you use WFN_outer and eqp_outer.dat / scissors_outer.
  Vxc = exchange-correlation pot., calculated from VXC or read from vxc.dat.
  KIH = Kinetic energy + Ionic potential + Hartree, read from kih.dat.
    X = bare exchange.
   SX = screened exchange contrib. to Sigma(E) at energy E=Eo
   CH = Coulomb hole contrib. to Sigma(E) at energy E=Eo
  Cor = SX-X + CH = correlation portion of Sigma(E) at energy E=Eo.
  Sig = X + Cor = self energy, Sigma(E), at energy E=Eo.
 Eqp0 = on-shell QP energy = Emf - Vxc + Sig(Eo)
        Eqp0 is *not* the recommended quantity to use for QP properties.
 Eqp1 = off-shell solution to the linearized  Dyson`s equation
      = Eqp0 + (dSig/dE) / (1 - dSig/dE) * (Eqp0 - Eo),
        or a full linear interpolation if more freq. points where computed.
        Eqp1 is the recommended quantity to use for QP properties.
  Znk = quasiparticle renormalization factor

 General notes:
 - All energies are reported here in eV.
 - Both Emf and Vxc contain the average pot. Vxc0, so Vxc0 doesn`t affect Sigma.
 - Eqp1 and Eqp0 are Eqs. (36-37) from Hybertsen & Louie PRB 34 5390.
 - We recommend you use Eqp1 for QP properties of materials.

================================================================================

