NSCF: Davidson (60 bands) + pseudobands (k=12, M=1500, 25 windows)
  kgrid=(2, 2, 2), fft=(36, 36, 36), nspinor=2
  GPUs: 4  (processes: 4)
  Core density integral: 1.4485 e (from NLCC, 2 atoms)
  Core density integral: 1.4485 e (from NLCC, 2 atoms)
  Core density integral: 1.4485 e (from NLCC, 2 atoms)
  Core density integral: 1.4485 e (from NLCC, 2 atoms)
  Potentials: 8.32s
  nk=8 (full), ngkmax=2120

── Davidson ──
  JIT warmup: 6.62s
  [rank 0] k=  0/8: 1.322s  evals[0]=-0.418717 Ry
  Davidson: 4.61s (0.577s/k, 4 ranks) → /pscratch/sd/j/jackm/lorrax_sandbox/runs/Si_pseudobands/00_si_2x2x2_60Ry/pb_sweep5/v1_k12_25w_s0/WFN.h5

── Pseudobands v1 (k=12, M_max=1500, 25 windows) ──
Pseudobands: computing KPM DOS...
  Estimating spectrum bounds via Lanczos...
  Spectrum: [-1.6045, 60.7177] (center=29.5566, half_width=31.1611)
  Computing 500 Chebyshev moments with 10 random vectors...
  Random vector 1/10...
  Random vector 2/10...
  Random vector 3/10...
  Random vector 4/10...
  Random vector 5/10...
  Random vector 6/10...
  Random vector 7/10...
  Random vector 8/10...
  Random vector 9/10...
  Random vector 10/10...
  DOS integral: 1.0 states (dim=4240)
  CJ resolution: π·B/M = 0.1305 Ry
  Crossover energy: ε_cross = 1.3053 (E_F + ε_cross = 1.3053)
  Det bands: 28 protected (E < 1.3053), 32 available for stochastic
  26 spectral windows from 1.3053 to 60.7177
  Window widths: min=0.4096, max=5.9380, first 3: [0.4162, 0.5314, 0.4096]
  Window classification: 4 stochastic, 22 CJ-Ritz
  Running 1500 Chebyshev iterations (block size 12)...
  Filtered blocks: (26, 12, 4240)
    window 1/26 [stoch]: [1.31,1.72] n_eff=4.8, w=0.408, θ=[1.5942, 1.5942]
    window 2/26 [stoch]: [1.72,2.25] n_eff=9.0, w=0.913, θ=[2.1832, 2.1832]
    window 3/26 [stoch]: [2.25,2.66] n_eff=12.0, w=1.000, θ=[2.4865, 2.4865]
    window 4/26 [stoch]: [2.66,3.30] n_eff=9.4, w=0.816, θ=[3.0670, 3.0670]
    window 5/26 [CJ   ]: [3.30,3.82] n_eff=29.5, w=1.569, θ=[3.5436, 3.7702]
    window 10/26 [CJ   ]: [7.49,8.71] n_eff=46.2, w=1.962, θ=[8.0153, 8.5549]
    window 20/26 [CJ   ]: [29.43,32.90] n_eff=312.6, w=5.104, θ=[30.5814, 31.0913]
    window 26/26 [CJ   ]: [57.37,60.72] n_eff=235.6, w=4.431, θ=[57.7770, 58.3168]
  Total: 28 protected + 312 pseudo (48 stochastic + 264 CJ) = 340 bands (Σ n_eff = 4184.3)
  Total bands per k: 28 prot + 312 pseudo = 340
  k=  1/8: 1.1s
  k=  2/8: 1.1s
  k=  7/8: 1.1s
  Pseudobands: 18.4s → /pscratch/sd/j/jackm/lorrax_sandbox/runs/Si_pseudobands/00_si_2x2x2_60Ry/pb_sweep5/v1_k12_25w_s0/WFN_pseudobands.h5

Total NSCF: 40.4s
