[lxrun] JID 54596188 · 1 nodes · 1:54:43 left · 1/1 free · incoming: lx-C
  1  nid001129  free   —              —      —  ← starting lx-C  python3 -u -m centroid.k
✓ JAX initialized: 1 device(s) (local: 1, proc 0/1)
Over-sampling: k-means M = 477, prune to N_c = 318 (ratio 1.5)
  density-mode=current: building bispinor j² weight with n_occ=70 (nspinor_wfn=2)
    [j^Gordon] 6/36 k-points after 5.4s
    [j^Gordon] 14/36 k-points after 10.7s
    [j^Gordon] 22/36 k-points after 15.7s
    [j^Gordon] 31/36 k-points after 20.9s
  ρ_current (Gordon Pauli) built in 23.80s; max=3.367e-04, mean=3.002e-07
Charge density shape: (45, 45, 120)
Lattice lengths: [ 6.867       6.86699961 17.99999999] Å
Orbit-aware mode: n_sym = 6, running kmeans for M_rep = 80 representatives (unfolded ≈ 480 centroids)
PBC min-image offsets: 5 (1 ⇒ orthorhombic); orbit mode: on (n_sym=6)
Grid: 45×45×120 = 243000 points; N_c = 80
Lloyd: 80 steps, max movement = 0.004999

Unfolded 80 reps → 476 distinct centroids (n_sym=6)

Pivoted-Cholesky prune: 476 → 318 (target 54 orbits)
  prune window: v×(v+c)  left=(0,70) right=(0,86)  [covers |ψ_v|² + v×c]
[pivoted_cholesky] M=476, n_keep=54, left=(0, 70), right=(0, 86), norms=off (load_wfns 2-D, mesh axes ('x', 'y'))
  [gpu_utils] WARNING: bytes_limit=None, falling back to nvidia-smi (pid=902210)
[pivoted_cholesky] 2-D Gram build via load_wfns: nk_tot=36, left=(0, 70) (nb=70), right=(0, 86) (nb=86), M=476, norms=off, backend=WFNReader, budget=35.1448 GB/device, band_chunk_size=64
[pivoted_cholesky] G built, shape=(476, 476), diag range [1.626e-07, 7.380e-04]
[pivoted_cholesky] picked-pivot residuals: first=7.380e-04, mid=1.649e-04, last=1.850e-05
[pivoted_cholesky] tr(R_k)/tr(G): first=9.550e-01, mid=6.600e-02, last=3.262e-03
[pivoted_cholesky] orbit-aware: 54 orbits picked → 320 unfolded centroids (orbit-closed)
After pruning: 320 centroids (rank=54)
Saved centroids to centroids_frac_320_current.txt
--- kmeans_cli timing (s) ---
Total recorded: 37.537 s
Section                                            Count    Total[s]     Self[s]      %
setup.wfn_io                                           1       0.341       0.341    0.9
setup.charge_density                                   1      24.681      24.681   65.8
kmeans                                                 1       6.756       0.171   18.0
  init                                                 1       1.778       1.778    4.7
  lloyd                                                1       4.221       4.221   11.2
  assign_labels                                        1       0.586       0.586    1.6
snap_unfold                                            1       0.002       0.002    0.0
prune                                                  1       5.757       0.419   15.3
  prune.gram                                           1       4.749       0.128   12.7
    left.load                                          1       2.285       0.157    6.1
      load_centroids.loader_load                       1       0.910       0.910    2.4
      load_centroids.gflat_to_rmu                      1       1.099       1.099    2.9
      load_centroids.reshard                           1       0.118       0.118    0.3
    left.pair                                          1       0.146       0.146    0.4
    right.load                                         1       1.845       0.052    4.9
      load_centroids.loader_load                       1       1.208       1.208    3.2
      load_centroids.gflat_to_rmu                      1       0.496       0.496    1.3
      load_centroids.reshard                           1       0.089       0.089    0.2
    right.pair                                         1       0.123       0.123    0.3
    q0_sum                                             1       0.222       0.222    0.6
  prune.select                                         1       0.589       0.589    1.6
