
========================================================================
  COHSEX-JAX: Self-Energy Calculation
========================================================================
  Backend: GPU       Devices: 16  Mesh: 4×4  Processes: 16
  Device type: NVIDIA A100-SXM4-80GB
  XLA preallocate: false  mem_fraction: 0.95
  XLA pool: limit=80.84 GB, in_use=0.00 GB, avail=80.84 GB
========================================================================

  ISDF basis: 1500 centroids
  FFT grid: 75×75×200   Cell volume: 4960.60 a.u.³

    K-point chunking: 32 k-pts per FFT batch (total 36)
  K-point chunking: 3 chunks of 13 (total 36 k-points)
  K-point chunking: 3 chunks of 13 (total 36 k-points)
    Memory estimate: peak 58.19 GB (budget 70.00 GB), bottleneck=fft
    Per-stage: fft=57.39  zct=11.96  reshard=11.96  solve=8.50  gather=7.86 GB
    AOT fit_one_rchunk peak (driver-level): 17.53 GB

  Chunked ISDF fitting:
    Band chunks: 64
    R chunks:    70000 (contiguous r-space)
    Q chunks:    36
    Zeta output: /pscratch/sd/j/jackm/lorrax_sandbox/runs/CrI3/B_bispinor_current200_xonly_2026-05-06/tmp/zeta_q.h5

  Zeta fitting: 17 r-chunks x 70000 r-points, 160 bands (150 left + 160 right)
  Output: /pscratch/sd/j/jackm/lorrax_sandbox/runs/CrI3/B_bispinor_current200_xonly_2026-05-06/tmp/zeta_q.h5
  Left wfns:  (36, 150, 4, 1500)
  Right wfns: (36, 160, 4, 1500)
  Pseudobands normalization: 0 weighted, 0 zero-weight (skipped)
  Computing pair densities P_l, P_r (spin_traced)
/opt/jax/jax/_src/interpreters/mlir.py:1178: UserWarning: Some donated buffers were not usable: ShapedArray(complex128[36,375,375]).
See an explanation at https://jax.readthedocs.io/en/latest/faq.html#buffer-donation.
  warnings.warn("Some donated buffers were not usable:"
  Computing L_q = chol(C_q)
/opt/jax/jax/_src/interpreters/mlir.py:1178: UserWarning: Some donated buffers were not usable: ShapedArray(complex128[36,375,375]).
See an explanation at https://jax.readthedocs.io/en/latest/faq.html#buffer-donation.
  warnings.warn("Some donated buffers were not usable:"
/opt/jax/jax/_src/interpreters/mlir.py:1178: UserWarning: Some donated buffers were not usable: ShapedArray(complex128[36,375,375]).
See an explanation at https://jax.readthedocs.io/en/latest/faq.html#buffer-donation.
  warnings.warn("Some donated buffers were not usable:"
/opt/jax/jax/_src/interpreters/mlir.py:1178: UserWarning: Some donated buffers were not usable: ShapedArray(complex128[36,375,375]).
See an explanation at https://jax.readthedocs.io/en/latest/faq.html#buffer-donation.
  warnings.warn("Some donated buffers were not usable:"
/opt/jax/jax/_src/interpreters/mlir.py:1178: UserWarning: Some donated buffers were not usable: ShapedArray(complex128[36,375,375]).
See an explanation at https://jax.readthedocs.io/en/latest/faq.html#buffer-donation.
  warnings.warn("Some donated buffers were not usable:"
/opt/jax/jax/_src/interpreters/mlir.py:1178: UserWarning: Some donated buffers were not usable: ShapedArray(complex128[36,375,375]).
See an explanation at https://jax.readthedocs.io/en/latest/faq.html#buffer-donation.
  warnings.warn("Some donated buffers were not usable:"
/opt/jax/jax/_src/interpreters/mlir.py:1178: UserWarning: Some donated buffers were not usable: ShapedArray(complex128[36,375,375]).
See an explanation at https://jax.readthedocs.io/en/latest/faq.html#buffer-donation.
  warnings.warn("Some donated buffers were not usable:"
/opt/jax/jax/_src/interpreters/mlir.py:1178: UserWarning: Some donated buffers were not usable: ShapedArray(complex128[36,375,375]).
See an explanation at https://jax.readthedocs.io/en/latest/faq.html#buffer-donation.
  warnings.warn("Some donated buffers were not usable:"
/opt/jax/jax/_src/interpreters/mlir.py:1178: UserWarning: Some donated buffers were not usable: ShapedArray(complex128[36,375,375]).
See an explanation at https://jax.readthedocs.io/en/latest/faq.html#buffer-donation.
  warnings.warn("Some donated buffers were not usable:"
/opt/jax/jax/_src/interpreters/mlir.py:1178: UserWarning: Some donated buffers were not usable: ShapedArray(complex128[36,375,375]).
See an explanation at https://jax.readthedocs.io/en/latest/faq.html#buffer-donation.
  warnings.warn("Some donated buffers were not usable:"
/opt/jax/jax/_src/interpreters/mlir.py:1178: UserWarning: Some donated buffers were not usable: ShapedArray(complex128[36,375,375]).
See an explanation at https://jax.readthedocs.io/en/latest/faq.html#buffer-donation.
  warnings.warn("Some donated buffers were not usable:"
/opt/jax/jax/_src/interpreters/mlir.py:1178: UserWarning: Some donated buffers were not usable: ShapedArray(complex128[36,375,375]).
See an explanation at https://jax.readthedocs.io/en/latest/faq.html#buffer-donation.
  warnings.warn("Some donated buffers were not usable:"
/opt/jax/jax/_src/interpreters/mlir.py:1178: UserWarning: Some donated buffers were not usable: ShapedArray(complex128[36,375,375]).
See an explanation at https://jax.readthedocs.io/en/latest/faq.html#buffer-donation.
  warnings.warn("Some donated buffers were not usable:"
/opt/jax/jax/_src/interpreters/mlir.py:1178: UserWarning: Some donated buffers were not usable: ShapedArray(complex128[36,375,375]).
See an explanation at https://jax.readthedocs.io/en/latest/faq.html#buffer-donation.
  warnings.warn("Some donated buffers were not usable:"
/opt/jax/jax/_src/interpreters/mlir.py:1178: UserWarning: Some donated buffers were not usable: ShapedArray(complex128[36,375,375]).
See an explanation at https://jax.readthedocs.io/en/latest/faq.html#buffer-donation.
  warnings.warn("Some donated buffers were not usable:"
/opt/jax/jax/_src/interpreters/mlir.py:1178: UserWarning: Some donated buffers were not usable: ShapedArray(complex128[36,375,375]).
See an explanation at https://jax.readthedocs.io/en/latest/faq.html#buffer-donation.
  warnings.warn("Some donated buffers were not usable:"
  L_q: (36, 1500, 1500)
/global/u2/j/jackm/software/lorrax_B/src/file_io/_slab_io_ffi.py:239: UserWarning: FFI backend: chunks/attrs on create_dataset currently no-op; pre-create with h5py if you need explicit chunking or attrs.
  warnings.warn(
/global/u2/j/jackm/software/lorrax_B/src/file_io/_slab_io_ffi.py:239: UserWarning: FFI backend: chunks/attrs on create_dataset currently no-op; pre-create with h5py if you need explicit chunking or attrs.
  warnings.warn(
/global/u2/j/jackm/software/lorrax_B/src/file_io/_slab_io_ffi.py:239: UserWarning: FFI backend: chunks/attrs on create_dataset currently no-op; pre-create with h5py if you need explicit chunking or attrs.
  warnings.warn(
/global/u2/j/jackm/software/lorrax_B/src/file_io/_slab_io_ffi.py:239: UserWarning: FFI backend: chunks/attrs on create_dataset currently no-op; pre-create with h5py if you need explicit chunking or attrs.
  warnings.warn(
/global/u2/j/jackm/software/lorrax_B/src/file_io/_slab_io_ffi.py:239: UserWarning: FFI backend: chunks/attrs on create_dataset currently no-op; pre-create with h5py if you need explicit chunking or attrs.
  warnings.warn(
/global/u2/j/jackm/software/lorrax_B/src/file_io/_slab_io_ffi.py:239: UserWarning: FFI backend: chunks/attrs on create_dataset currently no-op; pre-create with h5py if you need explicit chunking or attrs.
  warnings.warn(
/global/u2/j/jackm/software/lorrax_B/src/file_io/_slab_io_ffi.py:239: UserWarning: FFI backend: chunks/attrs on create_dataset currently no-op; pre-create with h5py if you need explicit chunking or attrs.
  warnings.warn(
/global/u2/j/jackm/software/lorrax_B/src/file_io/_slab_io_ffi.py:239: UserWarning: FFI backend: chunks/attrs on create_dataset currently no-op; pre-create with h5py if you need explicit chunking or attrs.
  warnings.warn(
/global/u2/j/jackm/software/lorrax_B/src/file_io/_slab_io_ffi.py:239: UserWarning: FFI backend: chunks/attrs on create_dataset currently no-op; pre-create with h5py if you need explicit chunking or attrs.
  warnings.warn(
/global/u2/j/jackm/software/lorrax_B/src/file_io/_slab_io_ffi.py:239: UserWarning: FFI backend: chunks/attrs on create_dataset currently no-op; pre-create with h5py if you need explicit chunking or attrs.
  warnings.warn(
/global/u2/j/jackm/software/lorrax_B/src/file_io/_slab_io_ffi.py:239: UserWarning: FFI backend: chunks/attrs on create_dataset currently no-op; pre-create with h5py if you need explicit chunking or attrs.
  warnings.warn(
/global/u2/j/jackm/software/lorrax_B/src/file_io/_slab_io_ffi.py:239: UserWarning: FFI backend: chunks/attrs on create_dataset currently no-op; pre-create with h5py if you need explicit chunking or attrs.
  warnings.warn(
/global/u2/j/jackm/software/lorrax_B/src/file_io/_slab_io_ffi.py:239: UserWarning: FFI backend: chunks/attrs on create_dataset currently no-op; pre-create with h5py if you need explicit chunking or attrs.
  warnings.warn(
/global/u2/j/jackm/software/lorrax_B/src/file_io/_slab_io_ffi.py:239: UserWarning: FFI backend: chunks/attrs on create_dataset currently no-op; pre-create with h5py if you need explicit chunking or attrs.
  warnings.warn(
/global/u2/j/jackm/software/lorrax_B/src/file_io/_slab_io_ffi.py:239: UserWarning: FFI backend: chunks/attrs on create_dataset currently no-op; pre-create with h5py if you need explicit chunking or attrs.
  warnings.warn(
/global/u2/j/jackm/software/lorrax_B/src/file_io/_slab_io_ffi.py:239: UserWarning: FFI backend: chunks/attrs on create_dataset currently no-op; pre-create with h5py if you need explicit chunking or attrs.
  warnings.warn(
  ψ(G) host cache: 25.92 GB/process resident
[ffi-debug proc=15] name=zeta_q shape=(36, 70000, 1500) dtype=complex128 spec=PartitionSpec(None, ('x', 'y')) offset=(0, 0, 0) gshape=(36, 1125000, 1500) local_shapes=[(36, 4375, 1500)]
[ffi-debug proc=5] name=zeta_q shape=(36, 70000, 1500) dtype=complex128 spec=PartitionSpec(None, ('x', 'y')) offset=(0, 0, 0) gshape=(36, 1125000, 1500) local_shapes=[(36, 4375, 1500)]
[ffi-debug proc=10] name=zeta_q shape=(36, 70000, 1500) dtype=complex128 spec=PartitionSpec(None, ('x', 'y')) offset=(0, 0, 0) gshape=(36, 1125000, 1500) local_shapes=[(36, 4375, 1500)]
[ffi-debug proc=0] name=zeta_q shape=(36, 70000, 1500) dtype=complex128 spec=PartitionSpec(None, ('x', 'y')) offset=(0, 0, 0) gshape=(36, 1125000, 1500) local_shapes=[(36, 4375, 1500)]
[phdf5-write rank=15 ds=/zeta_q id=360287970189639680] extent=[36,1125000,1500] offset=[0,65625,0] count=[36,4375,1500] collective=0 oob=0
[phdf5-write rank=5 ds=/zeta_q id=360287970189639680] extent=[36,1125000,1500] offset=[0,21875,0] count=[36,4375,1500] collective=0 oob=0
[phdf5-write rank=10 ds=/zeta_q id=360287970189639680] extent=[36,1125000,1500] offset=[0,43750,0] count=[36,4375,1500] collective=0 oob=0
[phdf5-write rank=0 ds=/zeta_q id=360287970189639680] extent=[36,1125000,1500] offset=[0,0,0] count=[36,4375,1500] collective=0 oob=0
[ffi-debug proc=11] name=zeta_q shape=(36, 70000, 1500) dtype=complex128 spec=PartitionSpec(None, ('x', 'y')) offset=(0, 0, 0) gshape=(36, 1125000, 1500) local_shapes=[(36, 4375, 1500)]
[ffi-debug proc=14] name=zeta_q shape=(36, 70000, 1500) dtype=complex128 spec=PartitionSpec(None, ('x', 'y')) offset=(0, 0, 0) gshape=(36, 1125000, 1500) local_shapes=[(36, 4375, 1500)]
[ffi-debug proc=7] name=zeta_q shape=(36, 70000, 1500) dtype=complex128 spec=PartitionSpec(None, ('x', 'y')) offset=(0, 0, 0) gshape=(36, 1125000, 1500) local_shapes=[(36, 4375, 1500)]
[ffi-debug proc=13] name=zeta_q shape=(36, 70000, 1500) dtype=complex128 spec=PartitionSpec(None, ('x', 'y')) offset=(0, 0, 0) gshape=(36, 1125000, 1500) local_shapes=[(36, 4375, 1500)]
[ffi-debug proc=6] name=zeta_q shape=(36, 70000, 1500) dtype=complex128 spec=PartitionSpec(None, ('x', 'y')) offset=(0, 0, 0) gshape=(36, 1125000, 1500) local_shapes=[(36, 4375, 1500)]
[ffi-debug proc=4] name=zeta_q shape=(36, 70000, 1500) dtype=complex128 spec=PartitionSpec(None, ('x', 'y')) offset=(0, 0, 0) gshape=(36, 1125000, 1500) local_shapes=[(36, 4375, 1500)]
[ffi-debug proc=9] name=zeta_q shape=(36, 70000, 1500) dtype=complex128 spec=PartitionSpec(None, ('x', 'y')) offset=(0, 0, 0) gshape=(36, 1125000, 1500) local_shapes=[(36, 4375, 1500)]
[ffi-debug proc=1] name=zeta_q shape=(36, 70000, 1500) dtype=complex128 spec=PartitionSpec(None, ('x', 'y')) offset=(0, 0, 0) gshape=(36, 1125000, 1500) local_shapes=[(36, 4375, 1500)]
[ffi-debug proc=3] name=zeta_q shape=(36, 70000, 1500) dtype=complex128 spec=PartitionSpec(None, ('x', 'y')) offset=(0, 0, 0) gshape=(36, 1125000, 1500) local_shapes=[(36, 4375, 1500)]
[ffi-debug proc=12] name=zeta_q shape=(36, 70000, 1500) dtype=complex128 spec=PartitionSpec(None, ('x', 'y')) offset=(0, 0, 0) gshape=(36, 1125000, 1500) local_shapes=[(36, 4375, 1500)]
[ffi-debug proc=2] name=zeta_q shape=(36, 70000, 1500) dtype=complex128 spec=PartitionSpec(None, ('x', 'y')) offset=(0, 0, 0) gshape=(36, 1125000, 1500) local_shapes=[(36, 4375, 1500)]
[ffi-debug proc=8] name=zeta_q shape=(36, 70000, 1500) dtype=complex128 spec=PartitionSpec(None, ('x', 'y')) offset=(0, 0, 0) gshape=(36, 1125000, 1500) local_shapes=[(36, 4375, 1500)]
[phdf5-write rank=11 ds=/zeta_q id=360287970189639680] extent=[36,1125000,1500] offset=[0,48125,0] count=[36,4375,1500] collective=0 oob=0
[phdf5-write rank=14 ds=/zeta_q id=360287970189639680] extent=[36,1125000,1500] offset=[0,61250,0] count=[36,4375,1500] collective=0 oob=0
[phdf5-write rank=7 ds=/zeta_q id=360287970189639680] extent=[36,1125000,1500] offset=[0,30625,0] count=[36,4375,1500] collective=0 oob=0
[phdf5-write rank=13 ds=/zeta_q id=360287970189639680] extent=[36,1125000,1500] offset=[0,56875,0] count=[36,4375,1500] collective=0 oob=0
[phdf5-write rank=9 ds=/zeta_q id=360287970189639680] extent=[36,1125000,1500] offset=[0,39375,0] count=[36,4375,1500] collective=0 oob=0
[phdf5-write rank=6 ds=/zeta_q id=360287970189639680] extent=[36,1125000,1500] offset=[0,26250,0] count=[36,4375,1500] collective=0 oob=0
[phdf5-write rank=4 ds=/zeta_q id=360287970189639680] extent=[36,1125000,1500] offset=[0,17500,0] count=[36,4375,1500] collective=0 oob=0
[phdf5-write rank=12 ds=/zeta_q id=360287970189639680] extent=[36,1125000,1500] offset=[0,52500,0] count=[36,4375,1500] collective=0 oob=0
[phdf5-write rank=8 ds=/zeta_q id=360287970189639680] extent=[36,1125000,1500] offset=[0,35000,0] count=[36,4375,1500] collective=0 oob=0
[phdf5-write rank=1 ds=/zeta_q id=360287970189639680] extent=[36,1125000,1500] offset=[0,4375,0] count=[36,4375,1500] collective=0 oob=0
[phdf5-write rank=3 ds=/zeta_q id=360287970189639680] extent=[36,1125000,1500] offset=[0,13125,0] count=[36,4375,1500] collective=0 oob=0
[phdf5-write rank=2 ds=/zeta_q id=360287970189639680] extent=[36,1125000,1500] offset=[0,8750,0] count=[36,4375,1500] collective=0 oob=0
Started zeta fitting at 17:05:16.
[ 17:05:16 | █░░░░░░░░░ |   6% ] r-chunk  1 / 17 · ETA 0 s
[ffi-debug proc=5] name=zeta_q shape=(36, 70000, 1500) dtype=complex128 spec=PartitionSpec(None, ('x', 'y')) offset=(0, 70000, 0) gshape=(36, 1125000, 1500) local_shapes=[(36, 4375, 1500)]
[ffi-debug proc=10] name=zeta_q shape=(36, 70000, 1500) dtype=complex128 spec=PartitionSpec(None, ('x', 'y')) offset=(0, 70000, 0) gshape=(36, 1125000, 1500) local_shapes=[(36, 4375, 1500)]
[ffi-debug proc=15] name=zeta_q shape=(36, 70000, 1500) dtype=complex128 spec=PartitionSpec(None, ('x', 'y')) offset=(0, 70000, 0) gshape=(36, 1125000, 1500) local_shapes=[(36, 4375, 1500)]
[ffi-debug proc=0] name=zeta_q shape=(36, 70000, 1500) dtype=complex128 spec=PartitionSpec(None, ('x', 'y')) offset=(0, 70000, 0) gshape=(36, 1125000, 1500) local_shapes=[(36, 4375, 1500)]
[phdf5-write rank=5 ds=/zeta_q id=360287970189639680] extent=[36,1125000,1500] offset=[70000,21875,0] count=[36,4375,1500] collective=0 oob=1
E0506 17:05:43.667685  928269 pjrt_stream_executor_client.cc:3077] Execution of replica 0 failed: INTERNAL: phdf5 async write: hyperslab out of bounds ds=/zeta_q extent=[36,1125000,1500] offset=[70000,21875,0] count=[36,4375,1500] rank=5
Traceback (most recent call last):
  File "<frozen runpy>", line 198, in _run_module_as_main
  File "<frozen runpy>", line 88, in _run_code
  File "/global/u2/j/jackm/software/lorrax_B/src/gw/gw_jax.py", line 570, in <module>
    raise SystemExit(main())
                     ^^^^^^
  File "/global/u2/j/jackm/software/lorrax_B/src/gw/gw_jax.py", line 175, in main
    isdf = prepare_isdf_and_wavefunctions(
           ^^^^^^^^^^^^^^^^^^^^^^^^^^^^^^^
  File "/global/u2/j/jackm/software/lorrax_B/src/gw/gw_init.py", line 1087, in prepare_isdf_and_wavefunctions
[phdf5-write rank=10 ds=/zeta_q id=360287970189639680] extent=[36,1125000,1500] offset=[70000,43750,0] count=[36,4375,1500] collective=0 oob=1
E0506 17:05:43.715125 1532952 pjrt_stream_executor_client.cc:3077] Execution of replica 0 failed: INTERNAL: phdf5 async write: hyperslab out of bounds ds=/zeta_q extent=[36,1125000,1500] offset=[70000,43750,0] count=[36,4375,1500] rank=10
    zeta_path, mem_est = fit_zeta(
                         ^^^^^^^^^
  File "/global/u2/j/jackm/software/lorrax_B/src/gw/gw_init.py", line 685, in fit_zeta
Traceback (most recent call last):
  File "<frozen runpy>", line 198, in _run_module_as_main
  File "<frozen runpy>", line 88, in _run_code
  File "/global/u2/j/jackm/software/lorrax_B/src/gw/gw_jax.py", line 570, in <module>
    raise SystemExit(main())
                     ^^^^^^
  File "/global/u2/j/jackm/software/lorrax_B/src/gw/gw_jax.py", line 175, in main
    isdf = prepare_isdf_and_wavefunctions(
           ^^^^^^^^^^^^^^^^^^^^^^^^^^^^^^^
  File "/global/u2/j/jackm/software/lorrax_B/src/gw/gw_init.py", line 1087, in prepare_isdf_and_wavefunctions
    peak_bytes = fit_zeta_chunked_to_h5(
                 ^^^^^^^^^^^^^^^^^^^^^^^
  File "/global/u2/j/jackm/software/lorrax_B/src/common/isdf_fitting.py", line 1536, in fit_zeta_chunked_to_h5
[phdf5-write rank=15 ds=/zeta_q id=360287970189639680] extent=[36,1125000,1500] offset=[70000,65625,0] count=[36,4375,1500] collective=0 oob=1
E0506 17:05:43.775492  758880 pjrt_stream_executor_client.cc:3077] Execution of replica 0 failed: INTERNAL: phdf5 async write: hyperslab out of bounds ds=/zeta_q extent=[36,1125000,1500] offset=[70000,65625,0] count=[36,4375,1500] rank=15
[phdf5-write rank=0 ds=/zeta_q id=360287970189639680] extent=[36,1125000,1500] offset=[70000,0,0] count=[36,4375,1500] collective=0 oob=1
E0506 17:05:43.784186 1239357 pjrt_stream_executor_client.cc:3077] Execution of replica 0 failed: INTERNAL: phdf5 async write: hyperslab out of bounds ds=/zeta_q extent=[36,1125000,1500] offset=[70000,0,0] count=[36,4375,1500] rank=0
Traceback (most recent call last):
  File "<frozen runpy>", line 198, in _run_module_as_main
  File "<frozen runpy>", line 88, in _run_code
  File "/global/u2/j/jackm/software/lorrax_B/src/gw/gw_jax.py", line 570, in <module>
    zeta_path, mem_est = fit_zeta(
                         ^^^^^^^^^
  File "/global/u2/j/jackm/software/lorrax_B/src/gw/gw_init.py", line 685, in fit_zeta
    raise SystemExit(main())
                     ^^^^^^
  File "/global/u2/j/jackm/software/lorrax_B/src/gw/gw_jax.py", line 175, in main
    isdf = prepare_isdf_and_wavefunctions(
           ^^^^^^^^^^^^^^^^^^^^^^^^^^^^^^^
  File "/global/u2/j/jackm/software/lorrax_B/src/gw/gw_init.py", line 1087, in prepare_isdf_and_wavefunctions
    peak_bytes = fit_zeta_chunked_to_h5(
                 ^^^^^^^^^^^^^^^^^^^^^^^
  File "/global/u2/j/jackm/software/lorrax_B/src/common/isdf_fitting.py", line 1536, in fit_zeta_chunked_to_h5
Traceback (most recent call last):
  File "<frozen runpy>", line 198, in _run_module_as_main
  File "<frozen runpy>", line 88, in _run_code
  File "/global/u2/j/jackm/software/lorrax_B/src/gw/gw_jax.py", line 570, in <module>
    raise SystemExit(main())
    zeta_path, mem_est = fit_zeta(
                         ^^^^^^^^^
  File "/global/u2/j/jackm/software/lorrax_B/src/gw/gw_init.py", line 685, in fit_zeta
                     ^^^^^^
  File "/global/u2/j/jackm/software/lorrax_B/src/gw/gw_jax.py", line 175, in main
    isdf = prepare_isdf_and_wavefunctions(
           ^^^^^^^^^^^^^^^^^^^^^^^^^^^^^^^
  File "/global/u2/j/jackm/software/lorrax_B/src/gw/gw_init.py", line 1087, in prepare_isdf_and_wavefunctions
    peak_bytes = fit_zeta_chunked_to_h5(
                 ^^^^^^^^^^^^^^^^^^^^^^^
  File "/global/u2/j/jackm/software/lorrax_B/src/common/isdf_fitting.py", line 1536, in fit_zeta_chunked_to_h5
    zeta_path, mem_est = fit_zeta(
                         ^^^^^^^^^
  File "/global/u2/j/jackm/software/lorrax_B/src/gw/gw_init.py", line 685, in fit_zeta
    zeta_io.write_slab(
  File "/global/u2/j/jackm/software/lorrax_B/src/file_io/slab_io.py", line 197, in write_slab
    self._backend.write_slab(
  File "/global/u2/j/jackm/software/lorrax_B/src/file_io/_slab_io_ffi.py", line 402, in write_slab
    self._drain_pending()
  File "/global/u2/j/jackm/software/lorrax_B/src/file_io/_slab_io_ffi.py", line 283, in _drain_pending
    raise err
  File "/global/u2/j/jackm/software/lorrax_B/src/file_io/_slab_io_ffi.py", line 265, in _dispatch_loop
    peak_bytes = fit_zeta_chunked_to_h5(
                 ^^^^^^^^^^^^^^^^^^^^^^^
  File "/global/u2/j/jackm/software/lorrax_B/src/common/isdf_fitting.py", line 1536, in fit_zeta_chunked_to_h5
    task()
  File "/global/u2/j/jackm/software/lorrax_B/src/file_io/_slab_io_ffi.py", line 395, in _task
    zeta_io.write_slab(
  File "/global/u2/j/jackm/software/lorrax_B/src/file_io/slab_io.py", line 197, in write_slab
    tok = sm(A, offset_arr)
          ^^^^^^^^^^^^^^^^^
jaxlib.xla_extension.XlaRuntimeError: INTERNAL: phdf5 async write: hyperslab out of bounds ds=/zeta_q extent=[36,1125000,1500] offset=[70000,21875,0] count=[36,4375,1500] rank=5
--------------------
For simplicity, JAX has removed its internal frames from the traceback of the following exception. Set JAX_TRACEBACK_FILTERING=off to include these.
    self._backend.write_slab(
  File "/global/u2/j/jackm/software/lorrax_B/src/file_io/_slab_io_ffi.py", line 402, in write_slab
    self._drain_pending()
  File "/global/u2/j/jackm/software/lorrax_B/src/file_io/_slab_io_ffi.py", line 283, in _drain_pending
    raise err
  File "/global/u2/j/jackm/software/lorrax_B/src/file_io/_slab_io_ffi.py", line 265, in _dispatch_loop
    task()
  File "/global/u2/j/jackm/software/lorrax_B/src/file_io/_slab_io_ffi.py", line 395, in _task
    tok = sm(A, offset_arr)
          ^^^^^^^^^^^^^^^^^
jaxlib.xla_extension.XlaRuntimeError: INTERNAL: phdf5 async write: hyperslab out of bounds ds=/zeta_q extent=[36,1125000,1500] offset=[70000,43750,0] count=[36,4375,1500] rank=10
--------------------
For simplicity, JAX has removed its internal frames from the traceback of the following exception. Set JAX_TRACEBACK_FILTERING=off to include these.
    zeta_io.write_slab(
  File "/global/u2/j/jackm/software/lorrax_B/src/file_io/slab_io.py", line 197, in write_slab
    self._backend.write_slab(
  File "/global/u2/j/jackm/software/lorrax_B/src/file_io/_slab_io_ffi.py", line 402, in write_slab
    self._drain_pending()
  File "/global/u2/j/jackm/software/lorrax_B/src/file_io/_slab_io_ffi.py", line 283, in _drain_pending
    raise err
  File "/global/u2/j/jackm/software/lorrax_B/src/file_io/_slab_io_ffi.py", line 265, in _dispatch_loop
    task()
  File "/global/u2/j/jackm/software/lorrax_B/src/file_io/_slab_io_ffi.py", line 395, in _task
    tok = sm(A, offset_arr)
          ^^^^^^^^^^^^^^^^^
jaxlib.xla_extension.XlaRuntimeError: INTERNAL: phdf5 async write: hyperslab out of bounds ds=/zeta_q extent=[36,1125000,1500] offset=[70000,65625,0] count=[36,4375,1500] rank=15
--------------------
For simplicity, JAX has removed its internal frames from the traceback of the following exception. Set JAX_TRACEBACK_FILTERING=off to include these.
    zeta_io.write_slab(
  File "/global/u2/j/jackm/software/lorrax_B/src/file_io/slab_io.py", line 197, in write_slab
    self._backend.write_slab(
  File "/global/u2/j/jackm/software/lorrax_B/src/file_io/_slab_io_ffi.py", line 402, in write_slab
    self._drain_pending()
  File "/global/u2/j/jackm/software/lorrax_B/src/file_io/_slab_io_ffi.py", line 283, in _drain_pending
    raise err
  File "/global/u2/j/jackm/software/lorrax_B/src/file_io/_slab_io_ffi.py", line 265, in _dispatch_loop
    task()
  File "/global/u2/j/jackm/software/lorrax_B/src/file_io/_slab_io_ffi.py", line 395, in _task
    tok = sm(A, offset_arr)
          ^^^^^^^^^^^^^^^^^
jaxlib.xla_extension.XlaRuntimeError: INTERNAL: phdf5 async write: hyperslab out of bounds ds=/zeta_q extent=[36,1125000,1500] offset=[70000,0,0] count=[36,4375,1500] rank=0
--------------------
For simplicity, JAX has removed its internal frames from the traceback of the following exception. Set JAX_TRACEBACK_FILTERING=off to include these.
[ffi-debug proc=6] name=zeta_q shape=(36, 70000, 1500) dtype=complex128 spec=PartitionSpec(None, ('x', 'y')) offset=(0, 70000, 0) gshape=(36, 1125000, 1500) local_shapes=[(36, 4375, 1500)]
[ffi-debug proc=9] name=zeta_q shape=(36, 70000, 1500) dtype=complex128 spec=PartitionSpec(None, ('x', 'y')) offset=(0, 70000, 0) gshape=(36, 1125000, 1500) local_shapes=[(36, 4375, 1500)]
[ffi-debug proc=14] name=zeta_q shape=(36, 70000, 1500) dtype=complex128 spec=PartitionSpec(None, ('x', 'y')) offset=(0, 70000, 0) gshape=(36, 1125000, 1500) local_shapes=[(36, 4375, 1500)]
[ffi-debug proc=1] name=zeta_q shape=(36, 70000, 1500) dtype=complex128 spec=PartitionSpec(None, ('x', 'y')) offset=(0, 70000, 0) gshape=(36, 1125000, 1500) local_shapes=[(36, 4375, 1500)]
[ffi-debug proc=11] name=zeta_q shape=(36, 70000, 1500) dtype=complex128 spec=PartitionSpec(None, ('x', 'y')) offset=(0, 70000, 0) gshape=(36, 1125000, 1500) local_shapes=[(36, 4375, 1500)]
[ffi-debug proc=4] name=zeta_q shape=(36, 70000, 1500) dtype=complex128 spec=PartitionSpec(None, ('x', 'y')) offset=(0, 70000, 0) gshape=(36, 1125000, 1500) local_shapes=[(36, 4375, 1500)]
[phdf5-write rank=6 ds=/zeta_q id=360287970189639680] extent=[36,1125000,1500] offset=[70000,26250,0] count=[36,4375,1500] collective=0 oob=1
E0506 17:05:46.609218  928268 pjrt_stream_executor_client.cc:3077] Execution of replica 0 failed: INTERNAL: phdf5 async write: hyperslab out of bounds ds=/zeta_q extent=[36,1125000,1500] offset=[70000,26250,0] count=[36,4375,1500] rank=6
[phdf5-write rank=9 ds=/zeta_q id=360287970189639680] extent=[36,1125000,1500] offset=[70000,39375,0] count=[36,4375,1500] collective=0 oob=1
E0506 17:05:46.609627 1532951 pjrt_stream_executor_client.cc:3077] Execution of replica 0 failed: INTERNAL: phdf5 async write: hyperslab out of bounds ds=/zeta_q extent=[36,1125000,1500] offset=[70000,39375,0] count=[36,4375,1500] rank=9
[ffi-debug proc=2] name=zeta_q shape=(36, 70000, 1500) dtype=complex128 spec=PartitionSpec(None, ('x', 'y')) offset=(0, 70000, 0) gshape=(36, 1125000, 1500) local_shapes=[(36, 4375, 1500)]
[ffi-debug proc=8] name=zeta_q shape=(36, 70000, 1500) dtype=complex128 spec=PartitionSpec(None, ('x', 'y')) offset=(0, 70000, 0) gshape=(36, 1125000, 1500) local_shapes=[(36, 4375, 1500)]
Traceback (most recent call last):
  File "<frozen runpy>", line 198, in _run_module_as_main
  File "<frozen runpy>", line 88, in _run_code
  File "/global/u2/j/jackm/software/lorrax_B/src/gw/gw_jax.py", line 570, in <module>
[ffi-debug proc=3] name=zeta_q shape=(36, 70000, 1500) dtype=complex128 spec=PartitionSpec(None, ('x', 'y')) offset=(0, 70000, 0) gshape=(36, 1125000, 1500) local_shapes=[(36, 4375, 1500)]
[ffi-debug proc=12] name=zeta_q shape=(36, 70000, 1500) dtype=complex128 spec=PartitionSpec(None, ('x', 'y')) offset=(0, 70000, 0) gshape=(36, 1125000, 1500) local_shapes=[(36, 4375, 1500)]
Traceback (most recent call last):
  File "<frozen runpy>", line 198, in _run_module_as_main
  File "<frozen runpy>", line 88, in _run_code
  File "/global/u2/j/jackm/software/lorrax_B/src/gw/gw_jax.py", line 570, in <module>
    raise SystemExit(main())
                     ^^^^^^
  File "/global/u2/j/jackm/software/lorrax_B/src/gw/gw_jax.py", line 175, in main
    isdf = prepare_isdf_and_wavefunctions(
           ^^^^^^^^^^^^^^^^^^^^^^^^^^^^^^^
  File "/global/u2/j/jackm/software/lorrax_B/src/gw/gw_init.py", line 1087, in prepare_isdf_and_wavefunctions
    zeta_path, mem_est = fit_zeta(
    raise SystemExit(main())
                         ^^^^^^^^^
                     ^^^^^^
  File "/global/u2/j/jackm/software/lorrax_B/src/gw/gw_jax.py", line 175, in main
  File "/global/u2/j/jackm/software/lorrax_B/src/gw/gw_init.py", line 685, in fit_zeta
    isdf = prepare_isdf_and_wavefunctions(
           ^^^^^^^^^^^^^^^^^^^^^^^^^^^^^^^
  File "/global/u2/j/jackm/software/lorrax_B/src/gw/gw_init.py", line 1087, in prepare_isdf_and_wavefunctions
    peak_bytes = fit_zeta_chunked_to_h5(
                 ^^^^^^^^^^^^^^^^^^^^^^^
  File "/global/u2/j/jackm/software/lorrax_B/src/common/isdf_fitting.py", line 1536, in fit_zeta_chunked_to_h5
    zeta_path, mem_est = fit_zeta(
                         ^^^^^^^^^
  File "/global/u2/j/jackm/software/lorrax_B/src/gw/gw_init.py", line 685, in fit_zeta
    peak_bytes = fit_zeta_chunked_to_h5(
                 ^^^^^^^^^^^^^^^^^^^^^^^
  File "/global/u2/j/jackm/software/lorrax_B/src/common/isdf_fitting.py", line 1536, in fit_zeta_chunked_to_h5
    zeta_io.write_slab(
  File "/global/u2/j/jackm/software/lorrax_B/src/file_io/slab_io.py", line 197, in write_slab
    self._backend.write_slab(
  File "/global/u2/j/jackm/software/lorrax_B/src/file_io/_slab_io_ffi.py", line 402, in write_slab
    self._drain_pending()
  File "/global/u2/j/jackm/software/lorrax_B/src/file_io/_slab_io_ffi.py", line 283, in _drain_pending
    zeta_io.write_slab(
  File "/global/u2/j/jackm/software/lorrax_B/src/file_io/slab_io.py", line 197, in write_slab
    self._backend.write_slab(
  File "/global/u2/j/jackm/software/lorrax_B/src/file_io/_slab_io_ffi.py", line 402, in write_slab
[ffi-debug proc=13] name=zeta_q shape=(36, 70000, 1500) dtype=complex128 spec=PartitionSpec(None, ('x', 'y')) offset=(0, 70000, 0) gshape=(36, 1125000, 1500) local_shapes=[(36, 4375, 1500)]
[ffi-debug proc=7] name=zeta_q shape=(36, 70000, 1500) dtype=complex128 spec=PartitionSpec(None, ('x', 'y')) offset=(0, 70000, 0) gshape=(36, 1125000, 1500) local_shapes=[(36, 4375, 1500)]
    raise err
  File "/global/u2/j/jackm/software/lorrax_B/src/file_io/_slab_io_ffi.py", line 265, in _dispatch_loop
    self._drain_pending()
  File "/global/u2/j/jackm/software/lorrax_B/src/file_io/_slab_io_ffi.py", line 283, in _drain_pending
[phdf5-write rank=14 ds=/zeta_q id=360287970189639680] extent=[36,1125000,1500] offset=[70000,61250,0] count=[36,4375,1500] collective=0 oob=1
E0506 17:05:46.666912  758883 pjrt_stream_executor_client.cc:3077] Execution of replica 0 failed: INTERNAL: phdf5 async write: hyperslab out of bounds ds=/zeta_q extent=[36,1125000,1500] offset=[70000,61250,0] count=[36,4375,1500] rank=14
[phdf5-write rank=1 ds=/zeta_q id=360287970189639680] extent=[36,1125000,1500] offset=[70000,4375,0] count=[36,4375,1500] collective=0 oob=1
E0506 17:05:46.667588 1239358 pjrt_stream_executor_client.cc:3077] Execution of replica 0 failed: INTERNAL: phdf5 async write: hyperslab out of bounds ds=/zeta_q extent=[36,1125000,1500] offset=[70000,4375,0] count=[36,4375,1500] rank=1
[phdf5-write rank=11 ds=/zeta_q id=360287970189639680] extent=[36,1125000,1500] offset=[70000,48125,0] count=[36,4375,1500] collective=0 oob=1
E0506 17:05:46.669196 1532950 pjrt_stream_executor_client.cc:3077] Execution of replica 0 failed: INTERNAL: phdf5 async write: hyperslab out of bounds ds=/zeta_q extent=[36,1125000,1500] offset=[70000,48125,0] count=[36,4375,1500] rank=11
[phdf5-write rank=4 ds=/zeta_q id=360287970189639680] extent=[36,1125000,1500] offset=[70000,17500,0] count=[36,4375,1500] collective=0 oob=1
E0506 17:05:46.669228  928267 pjrt_stream_executor_client.cc:3077] Execution of replica 0 failed: INTERNAL: phdf5 async write: hyperslab out of bounds ds=/zeta_q extent=[36,1125000,1500] offset=[70000,17500,0] count=[36,4375,1500] rank=4
    task()
  File "/global/u2/j/jackm/software/lorrax_B/src/file_io/_slab_io_ffi.py", line 395, in _task
    raise err
  File "/global/u2/j/jackm/software/lorrax_B/src/file_io/_slab_io_ffi.py", line 265, in _dispatch_loop
Traceback (most recent call last):
  File "<frozen runpy>", line 198, in _run_module_as_main
  File "<frozen runpy>", line 88, in _run_code
  File "/global/u2/j/jackm/software/lorrax_B/src/gw/gw_jax.py", line 570, in <module>
Traceback (most recent call last):
  File "<frozen runpy>", line 198, in _run_module_as_main
  File "<frozen runpy>", line 88, in _run_code
  File "/global/u2/j/jackm/software/lorrax_B/src/gw/gw_jax.py", line 570, in <module>
    tok = sm(A, offset_arr)
          ^^^^^^^^^^^^^^^^^
jaxlib.xla_extension.XlaRuntimeError: INTERNAL: phdf5 async write: hyperslab out of bounds ds=/zeta_q extent=[36,1125000,1500] offset=[70000,26250,0] count=[36,4375,1500] rank=6
--------------------
For simplicity, JAX has removed its internal frames from the traceback of the following exception. Set JAX_TRACEBACK_FILTERING=off to include these.
    task()
  File "/global/u2/j/jackm/software/lorrax_B/src/file_io/_slab_io_ffi.py", line 395, in _task
Traceback (most recent call last):
  File "<frozen runpy>", line 198, in _run_module_as_main
  File "<frozen runpy>", line 88, in _run_code
  File "/global/u2/j/jackm/software/lorrax_B/src/gw/gw_jax.py", line 570, in <module>
Traceback (most recent call last):
  File "<frozen runpy>", line 198, in _run_module_as_main
  File "<frozen runpy>", line 88, in _run_code
  File "/global/u2/j/jackm/software/lorrax_B/src/gw/gw_jax.py", line 570, in <module>
    raise SystemExit(main())
                     ^^^^^^
    tok = sm(A, offset_arr)
  File "/global/u2/j/jackm/software/lorrax_B/src/gw/gw_jax.py", line 175, in main
          ^^^^^^^^^^^^^^^^^
    raise SystemExit(main())
jaxlib.xla_extension.XlaRuntimeError: INTERNAL: phdf5 async write: hyperslab out of bounds ds=/zeta_q extent=[36,1125000,1500] offset=[70000,39375,0] count=[36,4375,1500] rank=9
--------------------
For simplicity, JAX has removed its internal frames from the traceback of the following exception. Set JAX_TRACEBACK_FILTERING=off to include these.
                     ^^^^^^
  File "/global/u2/j/jackm/software/lorrax_B/src/gw/gw_jax.py", line 175, in main
    isdf = prepare_isdf_and_wavefunctions(
    isdf = prepare_isdf_and_wavefunctions(
           ^^^^^^^^^^^^^^^^^^^^^^^^^^^^^^^
  File "/global/u2/j/jackm/software/lorrax_B/src/gw/gw_init.py", line 1087, in prepare_isdf_and_wavefunctions
           ^^^^^^^^^^^^^^^^^^^^^^^^^^^^^^^
  File "/global/u2/j/jackm/software/lorrax_B/src/gw/gw_init.py", line 1087, in prepare_isdf_and_wavefunctions
    raise SystemExit(main())
                     ^^^^^^
  File "/global/u2/j/jackm/software/lorrax_B/src/gw/gw_jax.py", line 175, in main
    raise SystemExit(main())
                     ^^^^^^
  File "/global/u2/j/jackm/software/lorrax_B/src/gw/gw_jax.py", line 175, in main
    zeta_path, mem_est = fit_zeta(
    zeta_path, mem_est = fit_zeta(
                         ^^^^^^^^^
                         ^^^^^^^^^
  File "/global/u2/j/jackm/software/lorrax_B/src/gw/gw_init.py", line 685, in fit_zeta
  File "/global/u2/j/jackm/software/lorrax_B/src/gw/gw_init.py", line 685, in fit_zeta
    peak_bytes = fit_zeta_chunked_to_h5(
    peak_bytes = fit_zeta_chunked_to_h5(
                 ^^^^^^^^^^^^^^^^^^^^^^^
                 ^^^^^^^^^^^^^^^^^^^^^^^
  File "/global/u2/j/jackm/software/lorrax_B/src/common/isdf_fitting.py", line 1536, in fit_zeta_chunked_to_h5
  File "/global/u2/j/jackm/software/lorrax_B/src/common/isdf_fitting.py", line 1536, in fit_zeta_chunked_to_h5
    isdf = prepare_isdf_and_wavefunctions(
           ^^^^^^^^^^^^^^^^^^^^^^^^^^^^^^^
  File "/global/u2/j/jackm/software/lorrax_B/src/gw/gw_init.py", line 1087, in prepare_isdf_and_wavefunctions
    isdf = prepare_isdf_and_wavefunctions(
           ^^^^^^^^^^^^^^^^^^^^^^^^^^^^^^^
  File "/global/u2/j/jackm/software/lorrax_B/src/gw/gw_init.py", line 1087, in prepare_isdf_and_wavefunctions
    zeta_io.write_slab(
  File "/global/u2/j/jackm/software/lorrax_B/src/file_io/slab_io.py", line 197, in write_slab
    zeta_path, mem_est = fit_zeta(
                         ^^^^^^^^^
  File "/global/u2/j/jackm/software/lorrax_B/src/gw/gw_init.py", line 685, in fit_zeta
    self._backend.write_slab(
  File "/global/u2/j/jackm/software/lorrax_B/src/file_io/_slab_io_ffi.py", line 402, in write_slab
    zeta_path, mem_est = fit_zeta(
                         ^^^^^^^^^
  File "/global/u2/j/jackm/software/lorrax_B/src/gw/gw_init.py", line 685, in fit_zeta
    peak_bytes = fit_zeta_chunked_to_h5(
                 ^^^^^^^^^^^^^^^^^^^^^^^
  File "/global/u2/j/jackm/software/lorrax_B/src/common/isdf_fitting.py", line 1536, in fit_zeta_chunked_to_h5
    self._drain_pending()
  File "/global/u2/j/jackm/software/lorrax_B/src/file_io/_slab_io_ffi.py", line 283, in _drain_pending
    peak_bytes = fit_zeta_chunked_to_h5(
                 ^^^^^^^^^^^^^^^^^^^^^^^
  File "/global/u2/j/jackm/software/lorrax_B/src/common/isdf_fitting.py", line 1536, in fit_zeta_chunked_to_h5
    raise err
  File "/global/u2/j/jackm/software/lorrax_B/src/file_io/_slab_io_ffi.py", line 265, in _dispatch_loop
    zeta_io.write_slab(
  File "/global/u2/j/jackm/software/lorrax_B/src/file_io/slab_io.py", line 197, in write_slab
    self._backend.write_slab(
  File "/global/u2/j/jackm/software/lorrax_B/src/file_io/_slab_io_ffi.py", line 402, in write_slab
    task()
  File "/global/u2/j/jackm/software/lorrax_B/src/file_io/_slab_io_ffi.py", line 395, in _task
    tok = sm(A, offset_arr)
          ^^^^^^^^^^^^^^^^^
jaxlib.xla_extension.XlaRuntimeError: INTERNAL: phdf5 async write: hyperslab out of bounds ds=/zeta_q extent=[36,1125000,1500] offset=[70000,17500,0] count=[36,4375,1500] rank=4
--------------------
For simplicity, JAX has removed its internal frames from the traceback of the following exception. Set JAX_TRACEBACK_FILTERING=off to include these.
    self._drain_pending()
  File "/global/u2/j/jackm/software/lorrax_B/src/file_io/_slab_io_ffi.py", line 283, in _drain_pending
    raise err
  File "/global/u2/j/jackm/software/lorrax_B/src/file_io/_slab_io_ffi.py", line 265, in _dispatch_loop
    task()
  File "/global/u2/j/jackm/software/lorrax_B/src/file_io/_slab_io_ffi.py", line 395, in _task
    tok = sm(A, offset_arr)
          ^^^^^^^^^^^^^^^^^
jaxlib.xla_extension.XlaRuntimeError: INTERNAL: phdf5 async write: hyperslab out of bounds ds=/zeta_q extent=[36,1125000,1500] offset=[70000,4375,0] count=[36,4375,1500] rank=1
--------------------
For simplicity, JAX has removed its internal frames from the traceback of the following exception. Set JAX_TRACEBACK_FILTERING=off to include these.
    zeta_io.write_slab(
  File "/global/u2/j/jackm/software/lorrax_B/src/file_io/slab_io.py", line 197, in write_slab
    self._backend.write_slab(
  File "/global/u2/j/jackm/software/lorrax_B/src/file_io/_slab_io_ffi.py", line 402, in write_slab
    self._drain_pending()
  File "/global/u2/j/jackm/software/lorrax_B/src/file_io/_slab_io_ffi.py", line 283, in _drain_pending
    raise err
  File "/global/u2/j/jackm/software/lorrax_B/src/file_io/_slab_io_ffi.py", line 265, in _dispatch_loop
    task()
  File "/global/u2/j/jackm/software/lorrax_B/src/file_io/_slab_io_ffi.py", line 395, in _task
    tok = sm(A, offset_arr)
          ^^^^^^^^^^^^^^^^^
jaxlib.xla_extension.XlaRuntimeError: INTERNAL: phdf5 async write: hyperslab out of bounds ds=/zeta_q extent=[36,1125000,1500] offset=[70000,48125,0] count=[36,4375,1500] rank=11
--------------------
For simplicity, JAX has removed its internal frames from the traceback of the following exception. Set JAX_TRACEBACK_FILTERING=off to include these.
    zeta_io.write_slab(
  File "/global/u2/j/jackm/software/lorrax_B/src/file_io/slab_io.py", line 197, in write_slab
    self._backend.write_slab(
  File "/global/u2/j/jackm/software/lorrax_B/src/file_io/_slab_io_ffi.py", line 402, in write_slab
    self._drain_pending()
  File "/global/u2/j/jackm/software/lorrax_B/src/file_io/_slab_io_ffi.py", line 283, in _drain_pending
    raise err
  File "/global/u2/j/jackm/software/lorrax_B/src/file_io/_slab_io_ffi.py", line 265, in _dispatch_loop
    task()
  File "/global/u2/j/jackm/software/lorrax_B/src/file_io/_slab_io_ffi.py", line 395, in _task
    tok = sm(A, offset_arr)
          ^^^^^^^^^^^^^^^^^
jaxlib.xla_extension.XlaRuntimeError: INTERNAL: phdf5 async write: hyperslab out of bounds ds=/zeta_q extent=[36,1125000,1500] offset=[70000,61250,0] count=[36,4375,1500] rank=14
--------------------
For simplicity, JAX has removed its internal frames from the traceback of the following exception. Set JAX_TRACEBACK_FILTERING=off to include these.
[phdf5-write rank=2 ds=/zeta_q id=360287970189639680] extent=[36,1125000,1500] offset=[70000,8750,0] count=[36,4375,1500] collective=0 oob=1
E0506 17:05:46.757577 1239355 pjrt_stream_executor_client.cc:3077] Execution of replica 0 failed: INTERNAL: phdf5 async write: hyperslab out of bounds ds=/zeta_q extent=[36,1125000,1500] offset=[70000,8750,0] count=[36,4375,1500] rank=2
[phdf5-write rank=8 ds=/zeta_q id=360287970189639680] extent=[36,1125000,1500] offset=[70000,35000,0] count=[36,4375,1500] collective=0 oob=1
E0506 17:05:46.758518 1532949 pjrt_stream_executor_client.cc:3077] Execution of replica 0 failed: INTERNAL: phdf5 async write: hyperslab out of bounds ds=/zeta_q extent=[36,1125000,1500] offset=[70000,35000,0] count=[36,4375,1500] rank=8
Traceback (most recent call last):
  File "<frozen runpy>", line 198, in _run_module_as_main
  File "<frozen runpy>", line 88, in _run_code
  File "/global/u2/j/jackm/software/lorrax_B/src/gw/gw_jax.py", line 570, in <module>
Traceback (most recent call last):
  File "<frozen runpy>", line 198, in _run_module_as_main
  File "<frozen runpy>", line 88, in _run_code
  File "/global/u2/j/jackm/software/lorrax_B/src/gw/gw_jax.py", line 570, in <module>
    raise SystemExit(main())
                     ^^^^^^
  File "/global/u2/j/jackm/software/lorrax_B/src/gw/gw_jax.py", line 175, in main
    isdf = prepare_isdf_and_wavefunctions(
           ^^^^^^^^^^^^^^^^^^^^^^^^^^^^^^^
  File "/global/u2/j/jackm/software/lorrax_B/src/gw/gw_init.py", line 1087, in prepare_isdf_and_wavefunctions
[phdf5-write rank=3 ds=/zeta_q id=360287970189639680] extent=[36,1125000,1500] offset=[70000,13125,0] count=[36,4375,1500] collective=0 oob=1
E0506 17:05:46.767374 1239356 pjrt_stream_executor_client.cc:3077] Execution of replica 0 failed: INTERNAL: phdf5 async write: hyperslab out of bounds ds=/zeta_q extent=[36,1125000,1500] offset=[70000,13125,0] count=[36,4375,1500] rank=3
[phdf5-write rank=12 ds=/zeta_q id=360287970189639680] extent=[36,1125000,1500] offset=[70000,52500,0] count=[36,4375,1500] collective=0 oob=1
E0506 17:05:46.767693  758882 pjrt_stream_executor_client.cc:3077] Execution of replica 0 failed: INTERNAL: phdf5 async write: hyperslab out of bounds ds=/zeta_q extent=[36,1125000,1500] offset=[70000,52500,0] count=[36,4375,1500] rank=12
    raise SystemExit(main())
                     ^^^^^^
  File "/global/u2/j/jackm/software/lorrax_B/src/gw/gw_jax.py", line 175, in main
Traceback (most recent call last):
  File "<frozen runpy>", line 198, in _run_module_as_main
  File "<frozen runpy>", line 88, in _run_code
  File "/global/u2/j/jackm/software/lorrax_B/src/gw/gw_jax.py", line 570, in <module>
Traceback (most recent call last):
  File "<frozen runpy>", line 198, in _run_module_as_main
  File "<frozen runpy>", line 88, in _run_code
  File "/global/u2/j/jackm/software/lorrax_B/src/gw/gw_jax.py", line 570, in <module>
    isdf = prepare_isdf_and_wavefunctions(
           ^^^^^^^^^^^^^^^^^^^^^^^^^^^^^^^
  File "/global/u2/j/jackm/software/lorrax_B/src/gw/gw_init.py", line 1087, in prepare_isdf_and_wavefunctions
    zeta_path, mem_est = fit_zeta(
                         ^^^^^^^^^
  File "/global/u2/j/jackm/software/lorrax_B/src/gw/gw_init.py", line 685, in fit_zeta
    raise SystemExit(main())
                     ^^^^^^
  File "/global/u2/j/jackm/software/lorrax_B/src/gw/gw_jax.py", line 175, in main
    zeta_path, mem_est = fit_zeta(
                         ^^^^^^^^^
  File "/global/u2/j/jackm/software/lorrax_B/src/gw/gw_init.py", line 685, in fit_zeta
    peak_bytes = fit_zeta_chunked_to_h5(
                 ^^^^^^^^^^^^^^^^^^^^^^^
  File "/global/u2/j/jackm/software/lorrax_B/src/common/isdf_fitting.py", line 1536, in fit_zeta_chunked_to_h5
    isdf = prepare_isdf_and_wavefunctions(
           ^^^^^^^^^^^^^^^^^^^^^^^^^^^^^^^
  File "/global/u2/j/jackm/software/lorrax_B/src/gw/gw_init.py", line 1087, in prepare_isdf_and_wavefunctions
    raise SystemExit(main())
                     ^^^^^^
  File "/global/u2/j/jackm/software/lorrax_B/src/gw/gw_jax.py", line 175, in main
    isdf = prepare_isdf_and_wavefunctions(
           ^^^^^^^^^^^^^^^^^^^^^^^^^^^^^^^
  File "/global/u2/j/jackm/software/lorrax_B/src/gw/gw_init.py", line 1087, in prepare_isdf_and_wavefunctions
    peak_bytes = fit_zeta_chunked_to_h5(
                 ^^^^^^^^^^^^^^^^^^^^^^^
  File "/global/u2/j/jackm/software/lorrax_B/src/common/isdf_fitting.py", line 1536, in fit_zeta_chunked_to_h5
    zeta_path, mem_est = fit_zeta(
                         ^^^^^^^^^
  File "/global/u2/j/jackm/software/lorrax_B/src/gw/gw_init.py", line 685, in fit_zeta
    zeta_path, mem_est = fit_zeta(
                         ^^^^^^^^^
  File "/global/u2/j/jackm/software/lorrax_B/src/gw/gw_init.py", line 685, in fit_zeta
    peak_bytes = fit_zeta_chunked_to_h5(
                 ^^^^^^^^^^^^^^^^^^^^^^^
  File "/global/u2/j/jackm/software/lorrax_B/src/common/isdf_fitting.py", line 1536, in fit_zeta_chunked_to_h5
    peak_bytes = fit_zeta_chunked_to_h5(
                 ^^^^^^^^^^^^^^^^^^^^^^^
  File "/global/u2/j/jackm/software/lorrax_B/src/common/isdf_fitting.py", line 1536, in fit_zeta_chunked_to_h5
[phdf5-write rank=13 ds=/zeta_q id=360287970189639680] extent=[36,1125000,1500] offset=[70000,56875,0] count=[36,4375,1500] collective=0 oob=1
E0506 17:05:46.803619  758881 pjrt_stream_executor_client.cc:3077] Execution of replica 0 failed: INTERNAL: phdf5 async write: hyperslab out of bounds ds=/zeta_q extent=[36,1125000,1500] offset=[70000,56875,0] count=[36,4375,1500] rank=13
[phdf5-write rank=7 ds=/zeta_q id=360287970189639680] extent=[36,1125000,1500] offset=[70000,30625,0] count=[36,4375,1500] collective=0 oob=1
E0506 17:05:46.806386  928270 pjrt_stream_executor_client.cc:3077] Execution of replica 0 failed: INTERNAL: phdf5 async write: hyperslab out of bounds ds=/zeta_q extent=[36,1125000,1500] offset=[70000,30625,0] count=[36,4375,1500] rank=7
Traceback (most recent call last):
  File "<frozen runpy>", line 198, in _run_module_as_main
  File "<frozen runpy>", line 88, in _run_code
  File "/global/u2/j/jackm/software/lorrax_B/src/gw/gw_jax.py", line 570, in <module>
Traceback (most recent call last):
  File "<frozen runpy>", line 198, in _run_module_as_main
  File "<frozen runpy>", line 88, in _run_code
  File "/global/u2/j/jackm/software/lorrax_B/src/gw/gw_jax.py", line 570, in <module>
    raise SystemExit(main())
                     ^^^^^^
  File "/global/u2/j/jackm/software/lorrax_B/src/gw/gw_jax.py", line 175, in main
    raise SystemExit(main())
                     ^^^^^^
  File "/global/u2/j/jackm/software/lorrax_B/src/gw/gw_jax.py", line 175, in main
    isdf = prepare_isdf_and_wavefunctions(
           ^^^^^^^^^^^^^^^^^^^^^^^^^^^^^^^
  File "/global/u2/j/jackm/software/lorrax_B/src/gw/gw_init.py", line 1087, in prepare_isdf_and_wavefunctions
    isdf = prepare_isdf_and_wavefunctions(
           ^^^^^^^^^^^^^^^^^^^^^^^^^^^^^^^
  File "/global/u2/j/jackm/software/lorrax_B/src/gw/gw_init.py", line 1087, in prepare_isdf_and_wavefunctions
    zeta_path, mem_est = fit_zeta(
                         ^^^^^^^^^
  File "/global/u2/j/jackm/software/lorrax_B/src/gw/gw_init.py", line 685, in fit_zeta
    zeta_io.write_slab(
  File "/global/u2/j/jackm/software/lorrax_B/src/file_io/slab_io.py", line 197, in write_slab
    zeta_path, mem_est = fit_zeta(
                         ^^^^^^^^^
  File "/global/u2/j/jackm/software/lorrax_B/src/gw/gw_init.py", line 685, in fit_zeta
    peak_bytes = fit_zeta_chunked_to_h5(
                 ^^^^^^^^^^^^^^^^^^^^^^^
  File "/global/u2/j/jackm/software/lorrax_B/src/common/isdf_fitting.py", line 1536, in fit_zeta_chunked_to_h5
    self._backend.write_slab(
  File "/global/u2/j/jackm/software/lorrax_B/src/file_io/_slab_io_ffi.py", line 402, in write_slab
    self._drain_pending()
  File "/global/u2/j/jackm/software/lorrax_B/src/file_io/_slab_io_ffi.py", line 283, in _drain_pending
    raise err
  File "/global/u2/j/jackm/software/lorrax_B/src/file_io/_slab_io_ffi.py", line 265, in _dispatch_loop
    task()
  File "/global/u2/j/jackm/software/lorrax_B/src/file_io/_slab_io_ffi.py", line 395, in _task
    peak_bytes = fit_zeta_chunked_to_h5(
                 ^^^^^^^^^^^^^^^^^^^^^^^
  File "/global/u2/j/jackm/software/lorrax_B/src/common/isdf_fitting.py", line 1536, in fit_zeta_chunked_to_h5
    tok = sm(A, offset_arr)
          ^^^^^^^^^^^^^^^^^
jaxlib.xla_extension.XlaRuntimeError: INTERNAL: phdf5 async write: hyperslab out of bounds ds=/zeta_q extent=[36,1125000,1500] offset=[70000,8750,0] count=[36,4375,1500] rank=2
--------------------
For simplicity, JAX has removed its internal frames from the traceback of the following exception. Set JAX_TRACEBACK_FILTERING=off to include these.
    zeta_io.write_slab(
  File "/global/u2/j/jackm/software/lorrax_B/src/file_io/slab_io.py", line 197, in write_slab
    zeta_io.write_slab(
  File "/global/u2/j/jackm/software/lorrax_B/src/file_io/slab_io.py", line 197, in write_slab
    zeta_io.write_slab(
  File "/global/u2/j/jackm/software/lorrax_B/src/file_io/slab_io.py", line 197, in write_slab
    self._backend.write_slab(
  File "/global/u2/j/jackm/software/lorrax_B/src/file_io/_slab_io_ffi.py", line 402, in write_slab
    self._drain_pending()
  File "/global/u2/j/jackm/software/lorrax_B/src/file_io/_slab_io_ffi.py", line 283, in _drain_pending
    raise err
  File "/global/u2/j/jackm/software/lorrax_B/src/file_io/_slab_io_ffi.py", line 265, in _dispatch_loop
    self._backend.write_slab(
  File "/global/u2/j/jackm/software/lorrax_B/src/file_io/_slab_io_ffi.py", line 402, in write_slab
    task()
  File "/global/u2/j/jackm/software/lorrax_B/src/file_io/_slab_io_ffi.py", line 395, in _task
    self._drain_pending()
  File "/global/u2/j/jackm/software/lorrax_B/src/file_io/_slab_io_ffi.py", line 283, in _drain_pending
    self._backend.write_slab(
  File "/global/u2/j/jackm/software/lorrax_B/src/file_io/_slab_io_ffi.py", line 402, in write_slab
    tok = sm(A, offset_arr)
          ^^^^^^^^^^^^^^^^^
jaxlib.xla_extension.XlaRuntimeError: INTERNAL: phdf5 async write: hyperslab out of bounds ds=/zeta_q extent=[36,1125000,1500] offset=[70000,13125,0] count=[36,4375,1500] rank=3
--------------------
For simplicity, JAX has removed its internal frames from the traceback of the following exception. Set JAX_TRACEBACK_FILTERING=off to include these.
    raise err
  File "/global/u2/j/jackm/software/lorrax_B/src/file_io/_slab_io_ffi.py", line 265, in _dispatch_loop
    self._drain_pending()
  File "/global/u2/j/jackm/software/lorrax_B/src/file_io/_slab_io_ffi.py", line 283, in _drain_pending
    task()
  File "/global/u2/j/jackm/software/lorrax_B/src/file_io/_slab_io_ffi.py", line 395, in _task
    raise err
  File "/global/u2/j/jackm/software/lorrax_B/src/file_io/_slab_io_ffi.py", line 265, in _dispatch_loop
    tok = sm(A, offset_arr)
          ^^^^^^^^^^^^^^^^^
jaxlib.xla_extension.XlaRuntimeError: INTERNAL: phdf5 async write: hyperslab out of bounds ds=/zeta_q extent=[36,1125000,1500] offset=[70000,35000,0] count=[36,4375,1500] rank=8
--------------------
For simplicity, JAX has removed its internal frames from the traceback of the following exception. Set JAX_TRACEBACK_FILTERING=off to include these.
    task()
  File "/global/u2/j/jackm/software/lorrax_B/src/file_io/_slab_io_ffi.py", line 395, in _task
    tok = sm(A, offset_arr)
          ^^^^^^^^^^^^^^^^^
jaxlib.xla_extension.XlaRuntimeError: INTERNAL: phdf5 async write: hyperslab out of bounds ds=/zeta_q extent=[36,1125000,1500] offset=[70000,52500,0] count=[36,4375,1500] rank=12
--------------------
For simplicity, JAX has removed its internal frames from the traceback of the following exception. Set JAX_TRACEBACK_FILTERING=off to include these.
    zeta_io.write_slab(
  File "/global/u2/j/jackm/software/lorrax_B/src/file_io/slab_io.py", line 197, in write_slab
    zeta_io.write_slab(
  File "/global/u2/j/jackm/software/lorrax_B/src/file_io/slab_io.py", line 197, in write_slab
    self._backend.write_slab(
  File "/global/u2/j/jackm/software/lorrax_B/src/file_io/_slab_io_ffi.py", line 402, in write_slab
    self._drain_pending()
  File "/global/u2/j/jackm/software/lorrax_B/src/file_io/_slab_io_ffi.py", line 283, in _drain_pending
    raise err
  File "/global/u2/j/jackm/software/lorrax_B/src/file_io/_slab_io_ffi.py", line 265, in _dispatch_loop
    self._backend.write_slab(
  File "/global/u2/j/jackm/software/lorrax_B/src/file_io/_slab_io_ffi.py", line 402, in write_slab
    task()
  File "/global/u2/j/jackm/software/lorrax_B/src/file_io/_slab_io_ffi.py", line 395, in _task
    self._drain_pending()
  File "/global/u2/j/jackm/software/lorrax_B/src/file_io/_slab_io_ffi.py", line 283, in _drain_pending
    tok = sm(A, offset_arr)
          ^^^^^^^^^^^^^^^^^
jaxlib.xla_extension.XlaRuntimeError: INTERNAL: phdf5 async write: hyperslab out of bounds ds=/zeta_q extent=[36,1125000,1500] offset=[70000,30625,0] count=[36,4375,1500] rank=7
--------------------
For simplicity, JAX has removed its internal frames from the traceback of the following exception. Set JAX_TRACEBACK_FILTERING=off to include these.
    raise err
  File "/global/u2/j/jackm/software/lorrax_B/src/file_io/_slab_io_ffi.py", line 265, in _dispatch_loop
    task()
  File "/global/u2/j/jackm/software/lorrax_B/src/file_io/_slab_io_ffi.py", line 395, in _task
    tok = sm(A, offset_arr)
          ^^^^^^^^^^^^^^^^^
jaxlib.xla_extension.XlaRuntimeError: INTERNAL: phdf5 async write: hyperslab out of bounds ds=/zeta_q extent=[36,1125000,1500] offset=[70000,56875,0] count=[36,4375,1500] rank=13
--------------------
For simplicity, JAX has removed its internal frames from the traceback of the following exception. Set JAX_TRACEBACK_FILTERING=off to include these.
srun: error: nid008321: task 4: Exited with exit code 1
srun: Terminating StepId=52585212.2
srun: error: nid008320: task 1: Exited with exit code 1
srun: error: nid008325: task 15: Exited with exit code 1
srun: error: nid008324: task 9: Exited with exit code 1
[2026-05-07T00:05:53.749] error: *** STEP 52585212.2 ON nid008320 CANCELLED AT 2026-05-07T00:05:53 DUE TO TASK FAILURE ***
srun: error: nid008325: tasks 12-14: Exited with exit code 1
srun: error: nid008324: tasks 8,10-11: Exited with exit code 1
srun: error: nid008321: tasks 5-7: Exited with exit code 1
srun: error: nid008320: tasks 0,2-3: Exited with exit code 1
