world 16 A (36, 40000, 1500) NamedSharding(mesh=Mesh('x': 4, 'y': 4, axis_types=(Auto, Auto)), spec=PartitionSpec(None, ('x', 'y')), memory_kind=device) per_rank_GB 2.16
/global/u2/j/jackm/software/lorrax_B/src/file_io/_slab_io_ffi.py:239: UserWarning: FFI backend: chunks/attrs on create_dataset currently no-op; pre-create with h5py if you need explicit chunking or attrs.
  warnings.warn(
/global/u2/j/jackm/software/lorrax_B/src/file_io/_slab_io_ffi.py:239: UserWarning: FFI backend: chunks/attrs on create_dataset currently no-op; pre-create with h5py if you need explicit chunking or attrs.
  warnings.warn(
/global/u2/j/jackm/software/lorrax_B/src/file_io/_slab_io_ffi.py:239: UserWarning: FFI backend: chunks/attrs on create_dataset currently no-op; pre-create with h5py if you need explicit chunking or attrs.
  warnings.warn(
/global/u2/j/jackm/software/lorrax_B/src/file_io/_slab_io_ffi.py:239: UserWarning: FFI backend: chunks/attrs on create_dataset currently no-op; pre-create with h5py if you need explicit chunking or attrs.
  warnings.warn(
/global/u2/j/jackm/software/lorrax_B/src/file_io/_slab_io_ffi.py:239: UserWarning: FFI backend: chunks/attrs on create_dataset currently no-op; pre-create with h5py if you need explicit chunking or attrs.
  warnings.warn(
/global/u2/j/jackm/software/lorrax_B/src/file_io/_slab_io_ffi.py:239: UserWarning: FFI backend: chunks/attrs on create_dataset currently no-op; pre-create with h5py if you need explicit chunking or attrs.
  warnings.warn(
/global/u2/j/jackm/software/lorrax_B/src/file_io/_slab_io_ffi.py:239: UserWarning: FFI backend: chunks/attrs on create_dataset currently no-op; pre-create with h5py if you need explicit chunking or attrs.
  warnings.warn(
/global/u2/j/jackm/software/lorrax_B/src/file_io/_slab_io_ffi.py:239: UserWarning: FFI backend: chunks/attrs on create_dataset currently no-op; pre-create with h5py if you need explicit chunking or attrs.
  warnings.warn(
/global/u2/j/jackm/software/lorrax_B/src/file_io/_slab_io_ffi.py:239: UserWarning: FFI backend: chunks/attrs on create_dataset currently no-op; pre-create with h5py if you need explicit chunking or attrs.
  warnings.warn(
/global/u2/j/jackm/software/lorrax_B/src/file_io/_slab_io_ffi.py:239: UserWarning: FFI backend: chunks/attrs on create_dataset currently no-op; pre-create with h5py if you need explicit chunking or attrs.
  warnings.warn(
/global/u2/j/jackm/software/lorrax_B/src/file_io/_slab_io_ffi.py:239: UserWarning: FFI backend: chunks/attrs on create_dataset currently no-op; pre-create with h5py if you need explicit chunking or attrs.
  warnings.warn(
/global/u2/j/jackm/software/lorrax_B/src/file_io/_slab_io_ffi.py:239: UserWarning: FFI backend: chunks/attrs on create_dataset currently no-op; pre-create with h5py if you need explicit chunking or attrs.
  warnings.warn(
/global/u2/j/jackm/software/lorrax_B/src/file_io/_slab_io_ffi.py:239: UserWarning: FFI backend: chunks/attrs on create_dataset currently no-op; pre-create with h5py if you need explicit chunking or attrs.
  warnings.warn(
write offset 0
/global/u2/j/jackm/software/lorrax_B/src/file_io/_slab_io_ffi.py:239: UserWarning: FFI backend: chunks/attrs on create_dataset currently no-op; pre-create with h5py if you need explicit chunking or attrs.
  warnings.warn(
/global/u2/j/jackm/software/lorrax_B/src/file_io/_slab_io_ffi.py:239: UserWarning: FFI backend: chunks/attrs on create_dataset currently no-op; pre-create with h5py if you need explicit chunking or attrs.
  warnings.warn(
/global/u2/j/jackm/software/lorrax_B/src/file_io/_slab_io_ffi.py:239: UserWarning: FFI backend: chunks/attrs on create_dataset currently no-op; pre-create with h5py if you need explicit chunking or attrs.
  warnings.warn(
  [SlabIO.close] draining 1 pending writes for phdf5_large_count_repro_jit.h5 …
  [SlabIO.close] Python dispatch drained in 8.3 s; joining writer thread
  [SlabIO.close] writer thread joined in 0.0 s; calling H5Fclose collectively
  [SlabIO.close] H5Fclose returned in 2.7 s
done
