
========================================================================
  COHSEX-JAX: Self-Energy Calculation
========================================================================
  Backend: GPU       Devices: 4  Mesh: 2×2  Processes: 4
  Device type: NVIDIA A100-SXM4-40GB
  XLA preallocate: unset  mem_fraction: 0.95
  XLA pool: limit=40.29 GB, in_use=0.00 GB, avail=40.29 GB
========================================================================

  ISDF basis: 1200 centroids
  FFT grid: 36×36×36   Cell volume: 270.11 a.u.³

  BGW vcoul override: loading /pscratch/sd/j/jackm/lorrax_sandbox/runs/Si_pseudobands/00_si_2x2x2_60Ry/cohsex_highncond_2026-04-19/lorrax/parabands_ncond600_Nmu1200/bgw_vcoul.txt
    6 unique q-points, G counts per q: [2109, 2120, 2100, 2120, 2100, 2120]
    crystal sym ops loaded from /pscratch/sd/j/jackm/lorrax_sandbox/runs/Si_pseudobands/00_si_2x2x2_60Ry/cohsex_highncond_2026-04-19/lorrax/parabands_ncond600_Nmu1200/sym_wfn.h5: 48
    Memory estimate: peak 20.15 GB (budget 28.00 GB), bottleneck=pair
    Per-stage: fft=6.55  pair=9.45  zct=9.40  reshard=9.40  solve=6.34  gather=6.04 GB

  Chunked ISDF fitting:
    Band chunks: 608
    R chunks:    46656 (contiguous r-space)
    Q chunks:    8
    Pair mode:   spin_traced
    Zeta output: /pscratch/sd/j/jackm/lorrax_sandbox/runs/Si_pseudobands/00_si_2x2x2_60Ry/cohsex_highncond_2026-04-19/lorrax/parabands_ncond600_Nmu1200/tmp/zeta_q.h5

  Zeta fitting: 1 r-chunks x 46656 r-points, 608 bands (608 left + 608 right), spin_traced
  Output: /pscratch/sd/j/jackm/lorrax_sandbox/runs/Si_pseudobands/00_si_2x2x2_60Ry/cohsex_highncond_2026-04-19/lorrax/parabands_ncond600_Nmu1200/tmp/zeta_q.h5
  Left wfns:  (8, 608, 2, 1200)
  Right wfns: (8, 608, 2, 1200)
  Pseudobands normalization: 0 weighted, 0 zero-weight (skipped)
  Computing pair densities P_l, P_r (spin_traced)
  Computing L_q = chol(C_q)
  L_q: (8, 1200, 1200)
  Caching G-space wavefunctions for r-chunk loop
  G-space cache: 1 band chunks
Started zeta fitting at 10:53:42.
[ 10:53:42 | ██████████ | 100% ] r-chunk 1 / 1 · ETA 0 s
Finished zeta fitting at 10:53:42.  Elapsed: 0 s.
  Zeta output: /pscratch/sd/j/jackm/lorrax_sandbox/runs/Si_pseudobands/00_si_2x2x2_60Ry/cohsex_highncond_2026-04-19/lorrax/parabands_ncond600_Nmu1200/tmp/zeta_q.h5  shape: (2,2,2,1200,46656)
  Timing (1 r-chunks, 5.3s total):
    load     0.98s  18.5%
    pair     0.07s   1.4%
    ZCT      0.34s   6.4%
    solve    0.44s   8.3%
    H5       3.29s  61.8%
    GPU high-water mark: 18.85 GB / 28.00 GB budget (67%)
    V_q budget:    26.79 GB
    V_q mu chunks: 1200
    V_q q batches: 4
    V_q bare cutoff: 60.0 Ry
  V_q: 8 q-points, batch=4, mu=1200 (single chunk), overlapped H5 I/O
Started V_q computation at 10:53:53.
[ 10:53:53 | █░░░░░░░░░ |  12% ] q-point 1 / 8 · ETA 0 s
[ 10:53:53 | ██░░░░░░░░ |  25% ] q-point 2 / 8 · ETA 0 s
[ 10:53:53 | ████░░░░░░ |  38% ] q-point 3 / 8 · ETA 0 s
[ 10:53:53 | █████░░░░░ |  50% ] q-point 4 / 8 · ETA 0 s
[ 10:53:54 | ██████░░░░ |  62% ] q-point 5 / 8 · ETA 1 s
[ 10:53:54 | ████████░░ |  75% ] q-point 6 / 8 · ETA 0 s
[ 10:53:54 | █████████░ |  88% ] q-point 7 / 8 · ETA 0 s
[ 10:53:54 | ██████████ | 100% ] q-point 8 / 8 · ETA 0 s
Finished V_q computation at 10:53:54.  Elapsed: 1 s.

  V_q computed:
    Shape: (1, 1, 1, 2, 2, 2, 1200, 1200)
    V_q=0 trace: 14414996.3347
  Wavefunctions built (b0:b4=608 bands, 4 sharded copies: xn/xr/yr/yn)
  Chunked ISDF path complete
  Minimax static window: x=[4.958693e-02, 1.628074e+01] Ry, R=328.33, nodes=12, fit_err~3.769e-06
  |χ(0)|_max = 4.324176e-06  (minimax, 12 nodes)

------------------------------------------------------------------------
  FINITE-SIZE CORRECTIONS
------------------------------------------------------------------------
  Head source: override
  v(q→0)  =      825.937 a.u.  (bare Coulomb head)
  W(q→0)  =       17.128 a.u.  (screened Coulomb head)
  ΔW      =     -808.809 a.u.  (screening correction)

------------------------------------------------------------------------
  STATIC HEAD TERMS (exact COHSEX / BGW-style)
------------------------------------------------------------------------
  Head source: override
  v_h(q→0)           =   825.937000 a.u.
  W_h(q→0, ω=0)      =    17.128000 a.u.
  W_h^c              =  -808.809000 a.u.
  Σ^X head (occ)     = -3.822265e-01 Ry
  Σ^SX head (occ)    = -7.926484e-03 Ry
  Σ^(SX-X) head(occ) = 3.743001e-01 Ry
  Σ^COH head (all)   = -1.871500e-01 Ry
2026-04-19 10:54:05.226739: E external/xla/xla/service/spmd/spmd_partitioner.cc:620] [spmd] Involuntary full rematerialization. The compiler was not able to go from sharding {devices=[4,1,1]<=[4]} to {devices=[1,2,2]<=[4]} without doing a full rematerialization of the tensor for HLO operation: %param = c128[2,1200,1200]{2,1,0} parameter(5), sharding={devices=[4,1,1]<=[4]}, metadata={op_name="W_q"}. You probably want to enrich the sharding annotations to prevent this from happening.
2026-04-19 10:54:05.227712: E external/xla/xla/service/spmd/spmd_partitioner.cc:620] [spmd] Involuntary full rematerialization. The compiler was not able to go from sharding {devices=[4,1,1]<=[4]} to {devices=[1,2,2]<=[4]} without doing a full rematerialization of the tensor for HLO operation: %param = c128[2,1200,1200]{2,1,0} parameter(5), sharding={devices=[4,1,1]<=[4]}, metadata={op_name="W_q"}. You probably want to enrich the sharding annotations to prevent this from happening.
2026-04-19 10:54:05.227225: E external/xla/xla/service/spmd/spmd_partitioner.cc:620] [spmd] Involuntary full rematerialization. The compiler was not able to go from sharding {devices=[4,1,1]<=[4]} to {devices=[1,2,2]<=[4]} without doing a full rematerialization of the tensor for HLO operation: %param = c128[2,1200,1200]{2,1,0} parameter(5), sharding={devices=[4,1,1]<=[4]}, metadata={op_name="W_q"}. You probably want to enrich the sharding annotations to prevent this from happening.
2026-04-19 10:54:05.228661: E external/xla/xla/service/spmd/spmd_partitioner.cc:620] [spmd] Involuntary full rematerialization. The compiler was not able to go from sharding {devices=[4,1,1]<=[4]} to {devices=[1,2,2]<=[4]} without doing a full rematerialization of the tensor for HLO operation: %param = c128[2,1200,1200]{2,1,0} parameter(5), sharding={devices=[4,1,1]<=[4]}, metadata={op_name="W_q"}. You probably want to enrich the sharding annotations to prevent this from happening.
2026-04-19 10:54:05.622867: E external/xla/xla/service/spmd/spmd_partitioner.cc:620] [spmd] Involuntary full rematerialization. The compiler was not able to go from sharding {devices=[1,2,2]<=[4]} to {devices=[4,1,1]<=[4]} without doing a full rematerialization of the tensor for HLO operation: %param = c128[8,600,600]{2,1,0} parameter(5), sharding={devices=[1,2,2]<=[4]}, metadata={op_name="V_q"}. You probably want to enrich the sharding annotations to prevent this from happening.
2026-04-19 10:54:05.622898: E external/xla/xla/service/spmd/spmd_partitioner.cc:620] [spmd] Involuntary full rematerialization. The compiler was not able to go from sharding {devices=[1,2,2]<=[4]} to {devices=[4,1,1]<=[4]} without doing a full rematerialization of the tensor for HLO operation: %param = c128[8,600,600]{2,1,0} parameter(5), sharding={devices=[1,2,2]<=[4]}, metadata={op_name="V_q"}. You probably want to enrich the sharding annotations to prevent this from happening.
2026-04-19 10:54:05.622933: E external/xla/xla/service/spmd/spmd_partitioner.cc:620] [spmd] Involuntary full rematerialization. The compiler was not able to go from sharding {devices=[4,1,1]<=[4]} to {devices=[1,2,2]<=[4]} without doing a full rematerialization of the tensor for HLO operation: %subtract.13 = c128[2,1200,1200]{2,1,0} subtract(%param, %dynamic-slice), sharding={devices=[4,1,1]<=[4]}, metadata={op_name="jit(sigma_coh)/jit(main)/sub" source_file="/global/homes/j/jackm/software/lorrax_B/src/gw/gw_jax.py" source_line=358}. You probably want to enrich the sharding annotations to prevent this from happening.
2026-04-19 10:54:05.622933: E external/xla/xla/service/spmd/spmd_partitioner.cc:620] [spmd] Involuntary full rematerialization. The compiler was not able to go from sharding {devices=[1,2,2]<=[4]} to {devices=[4,1,1]<=[4]} without doing a full rematerialization of the tensor for HLO operation: %param = c128[8,600,600]{2,1,0} parameter(5), sharding={devices=[1,2,2]<=[4]}, metadata={op_name="V_q"}. You probably want to enrich the sharding annotations to prevent this from happening.
2026-04-19 10:54:05.622956: E external/xla/xla/service/spmd/spmd_partitioner.cc:620] [spmd] Involuntary full rematerialization. The compiler was not able to go from sharding {devices=[4,1,1]<=[4]} to {devices=[1,2,2]<=[4]} without doing a full rematerialization of the tensor for HLO operation: %subtract.13 = c128[2,1200,1200]{2,1,0} subtract(%param, %dynamic-slice), sharding={devices=[4,1,1]<=[4]}, metadata={op_name="jit(sigma_coh)/jit(main)/sub" source_file="/global/homes/j/jackm/software/lorrax_B/src/gw/gw_jax.py" source_line=358}. You probably want to enrich the sharding annotations to prevent this from happening.
2026-04-19 10:54:05.622987: E external/xla/xla/service/spmd/spmd_partitioner.cc:620] [spmd] Involuntary full rematerialization. The compiler was not able to go from sharding {devices=[1,2,2]<=[4]} to {devices=[4,1,1]<=[4]} without doing a full rematerialization of the tensor for HLO operation: %param = c128[8,600,600]{2,1,0} parameter(5), sharding={devices=[1,2,2]<=[4]}, metadata={op_name="V_q"}. You probably want to enrich the sharding annotations to prevent this from happening.
2026-04-19 10:54:05.622996: E external/xla/xla/service/spmd/spmd_partitioner.cc:620] [spmd] Involuntary full rematerialization. The compiler was not able to go from sharding {devices=[4,1,1]<=[4]} to {devices=[1,2,2]<=[4]} without doing a full rematerialization of the tensor for HLO operation: %subtract.13 = c128[2,1200,1200]{2,1,0} subtract(%param, %dynamic-slice), sharding={devices=[4,1,1]<=[4]}, metadata={op_name="jit(sigma_coh)/jit(main)/sub" source_file="/global/homes/j/jackm/software/lorrax_B/src/gw/gw_jax.py" source_line=358}. You probably want to enrich the sharding annotations to prevent this from happening.
2026-04-19 10:54:05.623051: E external/xla/xla/service/spmd/spmd_partitioner.cc:620] [spmd] Involuntary full rematerialization. The compiler was not able to go from sharding {devices=[4,1,1]<=[4]} to {devices=[1,2,2]<=[4]} without doing a full rematerialization of the tensor for HLO operation: %subtract.13 = c128[2,1200,1200]{2,1,0} subtract(%param, %dynamic-slice), sharding={devices=[4,1,1]<=[4]}, metadata={op_name="jit(sigma_coh)/jit(main)/sub" source_file="/global/homes/j/jackm/software/lorrax_B/src/gw/gw_jax.py" source_line=358}. You probably want to enrich the sharding annotations to prevent this from happening.
  Bare Σ_X diagonal (eV), k=0: -16.9100  -16.9100  -13.9369  -13.9369  -13.9258  -13.9217  -13.9245  -13.9211

  Output: /pscratch/sd/j/jackm/lorrax_sandbox/runs/Si_pseudobands/00_si_2x2x2_60Ry/cohsex_highncond_2026-04-19/lorrax/parabands_ncond600_Nmu1200/eqp0_noqsym.dat
  Restart:  /pscratch/sd/j/jackm/lorrax_sandbox/runs/Si_pseudobands/00_si_2x2x2_60Ry/cohsex_highncond_2026-04-19/lorrax/parabands_ncond600_Nmu1200/tmp/isdf_tensors_1200.h5

--- Timing ---
Total recorded: 27.614 s
Section                                            Count    Total[s]     Self[s]      %
gw_jax.zeta_fit_chunked                                1      18.724       7.787   67.8
  zeta_fit.load_wfns                                   1       2.972       2.733   10.8
    load_wfns.precompute_owned                         1       0.000       0.000    0.0
    load_wfns.k_loop                                   1       0.078       0.078    0.3
    load_wfns.scatter                                  1       0.158       0.158    0.6
    load_wfns.make_global_array                        1       0.002       0.002    0.0
  zeta_fit.CCT                                         1       0.648       0.648    2.3
  zeta_fit.cholesky                                    1       1.764       1.764    6.4
  zeta_fit.cache_gspace                                1       0.233       0.001    0.8
    load_wfns.precompute_owned                         1       0.000       0.000    0.0
    load_wfns.k_loop                                   1       0.075       0.075    0.3
    load_wfns.scatter                                  1       0.155       0.155    0.6
    load_wfns.make_global_array                        1       0.002       0.002    0.0
  zeta_fit.chunk_loop                                  1       5.319       0.190   19.3
    zeta_fit.chunk.load                                1       0.985       0.985    3.6
    zeta_fit.chunk.pair_density                        1       0.072       0.072    0.3
    zeta_fit.chunk.ZCT                                 1       0.343       0.343    1.2
    zeta_fit.chunk.solve                               1       0.440       0.440    1.6
    zeta_fit.chunk.h5_write                            1       3.289       3.289   11.9
gw_jax.V_q_compute                                     1       4.625       1.357   16.8
  compute_all_V_q                                      1       3.268       3.268   11.8
gw_jax.wavefunction_setup                              1       1.010       1.010    3.7
gw_jax.chi0_W                                          1       1.780       1.780    6.4
gw_jax.sigma                                           1       1.475       1.475    5.3
