
========================================================================
  COHSEX-JAX: Self-Energy Calculation
========================================================================
  Backend: GPU       Devices: 16  Mesh: 4×4  Processes: 16
  Device type: NVIDIA A100-SXM4-40GB
  XLA preallocate: false  mem_fraction: 0.95
  XLA pool: limit=40.28 GB, in_use=0.00 GB, avail=40.28 GB
========================================================================

  ISDF basis: 1600 centroids
  FFT grid: 24×24×80   Cell volume: 702.20 a.u.³


  ISDF memory model — chunk plan + HWM estimate
    band_chunk    = 16
    r_chunk       = 30688  (2 chunks)
    q_chunk       = 36
    gflat_cs      = 100
    P_min (floor) = 1
    budget        = 28.00 GB/dev  (util 0.85)
    persistent    = 0.82 GB/dev
    HWM estimate  = 23.80 GB/dev (85% of budget) [binder: C_fit_one_rchunk]
    per-stage peaks (persistent + transient, GB/dev):
      C_fit_one_rchunk....   23.80 <=
      D_accumulate........    2.73
      B_cct_chol..........    1.65
      A_centroid_load.....    1.03
      E_v_q...............    0.57

  Chunked ISDF fitting:
    Band chunks: 16
    R chunks:    30688 (contiguous r-space)
    Q chunks:    36
    GFlat cs:    100
    Zeta output: /pscratch/sd/j/jackm/lorrax_sandbox/runs/MoS2/A_bse_figures_2026-07-20/_gnppm_bisect/work/cur_1600_full/tmp/zeta_q.h5
    cutoffs: zeta = 30.0 Ry, bare-Coulomb = 30.0 Ry  (ecutwfc=30.0, ecutrho=120.0)

  Zeta fitting: 2 r-chunks x 30688 r-points, 208 bands (100 left + 208 right)
  Output: /pscratch/sd/j/jackm/lorrax_sandbox/runs/MoS2/A_bse_figures_2026-07-20/_gnppm_bisect/work/cur_1600_full/tmp/zeta_q.h5
  Left wfns:  (36, 100, 2, 1600)
  Right wfns: (36, 208, 2, 1600)
  q-IBZ reduction: centroid orbit closure failed — falling back to full-BZ on disk.  Reason: compute_centroid_sym_perm: centroid orbit closure failed.  sym 1 maps centroid μ=0 (at fft_idx [0, 0, 77]) to fft_idx [0, 0, 3], which is NOT in the centroid table.  Total failures: 1374 / 3200.  Regenerate centroids with orbit-aware kmeans or fall back to identity-only sym.
  Computing C_q via shard_map pipeline (open-spin, charge γ̃^0=I)
  Computing L_q = chol(C_q)  [PSD, charge channel, path=cusolvermp_cholesky]

  Zeta fitting: 2 r-chunks x 30688 r-points, 208 bands (100 left + 208 right)
  Output: /pscratch/sd/j/jackm/lorrax_sandbox/runs/MoS2/A_bse_figures_2026-07-20/_gnppm_bisect/work/cur_1600_full/tmp/zeta_q.h5

  Zeta fitting: 2 r-chunks x 30688 r-points, 208 bands (100 left + 208 right)
  Output: /pscratch/sd/j/jackm/lorrax_sandbox/runs/MoS2/A_bse_figures_2026-07-20/_gnppm_bisect/work/cur_1600_full/tmp/zeta_q.h5

  Zeta fitting: 2 r-chunks x 30688 r-points, 208 bands (100 left + 208 right)
  Output: /pscratch/sd/j/jackm/lorrax_sandbox/runs/MoS2/A_bse_figures_2026-07-20/_gnppm_bisect/work/cur_1600_full/tmp/zeta_q.h5

  Zeta fitting: 2 r-chunks x 30688 r-points, 208 bands (100 left + 208 right)
  Output: /pscratch/sd/j/jackm/lorrax_sandbox/runs/MoS2/A_bse_figures_2026-07-20/_gnppm_bisect/work/cur_1600_full/tmp/zeta_q.h5

  Zeta fitting: 2 r-chunks x 30688 r-points, 208 bands (100 left + 208 right)
  Output: /pscratch/sd/j/jackm/lorrax_sandbox/runs/MoS2/A_bse_figures_2026-07-20/_gnppm_bisect/work/cur_1600_full/tmp/zeta_q.h5
  Left wfns:  (36, 100, 2, 1600)
  Right wfns: (36, 208, 2, 1600)

  Zeta fitting: 2 r-chunks x 30688 r-points, 208 bands (100 left + 208 right)
  Output: /pscratch/sd/j/jackm/lorrax_sandbox/runs/MoS2/A_bse_figures_2026-07-20/_gnppm_bisect/work/cur_1600_full/tmp/zeta_q.h5

  Zeta fitting: 2 r-chunks x 30688 r-points, 208 bands (100 left + 208 right)
  Output: /pscratch/sd/j/jackm/lorrax_sandbox/runs/MoS2/A_bse_figures_2026-07-20/_gnppm_bisect/work/cur_1600_full/tmp/zeta_q.h5

  Zeta fitting: 2 r-chunks x 30688 r-points, 208 bands (100 left + 208 right)
  Output: /pscratch/sd/j/jackm/lorrax_sandbox/runs/MoS2/A_bse_figures_2026-07-20/_gnppm_bisect/work/cur_1600_full/tmp/zeta_q.h5

  Zeta fitting: 2 r-chunks x 30688 r-points, 208 bands (100 left + 208 right)
  Output: /pscratch/sd/j/jackm/lorrax_sandbox/runs/MoS2/A_bse_figures_2026-07-20/_gnppm_bisect/work/cur_1600_full/tmp/zeta_q.h5

  Zeta fitting: 2 r-chunks x 30688 r-points, 208 bands (100 left + 208 right)
  Output: /pscratch/sd/j/jackm/lorrax_sandbox/runs/MoS2/A_bse_figures_2026-07-20/_gnppm_bisect/work/cur_1600_full/tmp/zeta_q.h5

  Zeta fitting: 2 r-chunks x 30688 r-points, 208 bands (100 left + 208 right)
  Output: /pscratch/sd/j/jackm/lorrax_sandbox/runs/MoS2/A_bse_figures_2026-07-20/_gnppm_bisect/work/cur_1600_full/tmp/zeta_q.h5
  Left wfns:  (36, 100, 2, 1600)
  Right wfns: (36, 208, 2, 1600)

  Zeta fitting: 2 r-chunks x 30688 r-points, 208 bands (100 left + 208 right)
  Output: /pscratch/sd/j/jackm/lorrax_sandbox/runs/MoS2/A_bse_figures_2026-07-20/_gnppm_bisect/work/cur_1600_full/tmp/zeta_q.h5

  Zeta fitting: 2 r-chunks x 30688 r-points, 208 bands (100 left + 208 right)
  Output: /pscratch/sd/j/jackm/lorrax_sandbox/runs/MoS2/A_bse_figures_2026-07-20/_gnppm_bisect/work/cur_1600_full/tmp/zeta_q.h5

  Zeta fitting: 2 r-chunks x 30688 r-points, 208 bands (100 left + 208 right)
  Output: /pscratch/sd/j/jackm/lorrax_sandbox/runs/MoS2/A_bse_figures_2026-07-20/_gnppm_bisect/work/cur_1600_full/tmp/zeta_q.h5
  Left wfns:  (36, 100, 2, 1600)
  Right wfns: (36, 208, 2, 1600)
  Left wfns:  (36, 100, 2, 1600)
  Right wfns: (36, 208, 2, 1600)

  Zeta fitting: 2 r-chunks x 30688 r-points, 208 bands (100 left + 208 right)
  Output: /pscratch/sd/j/jackm/lorrax_sandbox/runs/MoS2/A_bse_figures_2026-07-20/_gnppm_bisect/work/cur_1600_full/tmp/zeta_q.h5
  Left wfns:  (36, 100, 2, 1600)
  Right wfns: (36, 208, 2, 1600)
  Left wfns:  (36, 100, 2, 1600)
  Right wfns: (36, 208, 2, 1600)
  Left wfns:  (36, 100, 2, 1600)
  Right wfns: (36, 208, 2, 1600)
  Left wfns:  (36, 100, 2, 1600)
  Right wfns: (36, 208, 2, 1600)
  Left wfns:  (36, 100, 2, 1600)
  Right wfns: (36, 208, 2, 1600)
  Left wfns:  (36, 100, 2, 1600)
  Right wfns: (36, 208, 2, 1600)
  Left wfns:  (36, 100, 2, 1600)
  Right wfns: (36, 208, 2, 1600)
  Left wfns:  (36, 100, 2, 1600)
  Right wfns: (36, 208, 2, 1600)
  Left wfns:  (36, 100, 2, 1600)
  Right wfns: (36, 208, 2, 1600)
  Left wfns:  (36, 100, 2, 1600)
  Right wfns: (36, 208, 2, 1600)
  Left wfns:  (36, 100, 2, 1600)
  Right wfns: (36, 208, 2, 1600)
  Computing C_q via shard_map pipeline (open-spin, charge γ̃^0=I)
  Computing C_q via shard_map pipeline (open-spin, charge γ̃^0=I)
  Computing C_q via shard_map pipeline (open-spin, charge γ̃^0=I)
  Computing C_q via shard_map pipeline (open-spin, charge γ̃^0=I)
  Computing C_q via shard_map pipeline (open-spin, charge γ̃^0=I)
  Computing C_q via shard_map pipeline (open-spin, charge γ̃^0=I)
  Computing C_q via shard_map pipeline (open-spin, charge γ̃^0=I)
  Computing C_q via shard_map pipeline (open-spin, charge γ̃^0=I)
  Computing C_q via shard_map pipeline (open-spin, charge γ̃^0=I)
  Computing C_q via shard_map pipeline (open-spin, charge γ̃^0=I)
  Computing C_q via shard_map pipeline (open-spin, charge γ̃^0=I)
  Computing C_q via shard_map pipeline (open-spin, charge γ̃^0=I)
  Computing C_q via shard_map pipeline (open-spin, charge γ̃^0=I)
  Computing C_q via shard_map pipeline (open-spin, charge γ̃^0=I)
  Computing C_q via shard_map pipeline (open-spin, charge γ̃^0=I)
  Computing L_q = chol(C_q)  [PSD, charge channel, path=cusolvermp_cholesky]
  Computing L_q = chol(C_q)  [PSD, charge channel, path=cusolvermp_cholesky]
  Computing L_q = chol(C_q)  [PSD, charge channel, path=cusolvermp_cholesky]
  Computing L_q = chol(C_q)  [PSD, charge channel, path=cusolvermp_cholesky]
  Computing L_q = chol(C_q)  [PSD, charge channel, path=cusolvermp_cholesky]
  Computing L_q = chol(C_q)  [PSD, charge channel, path=cusolvermp_cholesky]
  Computing L_q = chol(C_q)  [PSD, charge channel, path=cusolvermp_cholesky]
  Computing L_q = chol(C_q)  [PSD, charge channel, path=cusolvermp_cholesky]
  Computing L_q = chol(C_q)  [PSD, charge channel, path=cusolvermp_cholesky]
  Computing L_q = chol(C_q)  [PSD, charge channel, path=cusolvermp_cholesky]
  Computing L_q = chol(C_q)  [PSD, charge channel, path=cusolvermp_cholesky]
  Computing L_q = chol(C_q)  [PSD, charge channel, path=cusolvermp_cholesky]
  Computing L_q = chol(C_q)  [PSD, charge channel, path=cusolvermp_cholesky]
  Computing L_q = chol(C_q)  [PSD, charge channel, path=cusolvermp_cholesky]
  Computing L_q = chol(C_q)  [PSD, charge channel, path=cusolvermp_cholesky]
[lorrax cusolverMp] library 0.7.2, NCCL 2.26.3, comm path: NCCL, grid: 4x4 (row-major)
  L_q: (36, 1600, 1600)
  L_q: (36, 1600, 1600)
  L_q: (36, 1600, 1600)
  L_q: (36, 1600, 1600)
  L_q: (36, 1600, 1600)
  L_q: (36, 1600, 1600)
  L_q: (36, 1600, 1600)
  L_q: (36, 1600, 1600)
  L_q: (36, 1600, 1600)
  L_q: (36, 1600, 1600)
  L_q: (36, 1600, 1600)
  L_q: (36, 1600, 1600)
  L_q: (36, 1600, 1600)
  L_q: (36, 1600, 1600)
  L_q: (36, 1600, 1600)
  L_q: (36, 1600, 1600)
  q axis on disk: full BZ (36 q-points) (write_ibz_only=False or closure check failed)
  q axis on disk: full BZ (36 q-points) (write_ibz_only=False or closure check failed)
  q axis on disk: full BZ (36 q-points) (write_ibz_only=False or closure check failed)
  q axis on disk: full BZ (36 q-points) (write_ibz_only=False or closure check failed)
  q axis on disk: full BZ (36 q-points) (write_ibz_only=False or closure check failed)
  q axis on disk: full BZ (36 q-points) (write_ibz_only=False or closure check failed)
  q axis on disk: full BZ (36 q-points) (write_ibz_only=False or closure check failed)
  q axis on disk: full BZ (36 q-points) (write_ibz_only=False or closure check failed)
  q axis on disk: full BZ (36 q-points) (write_ibz_only=False or closure check failed)
  q axis on disk: full BZ (36 q-points) (write_ibz_only=False or closure check failed)
  q axis on disk: full BZ (36 q-points) (write_ibz_only=False or closure check failed)
  q axis on disk: full BZ (36 q-points) (write_ibz_only=False or closure check failed)
  q axis on disk: full BZ (36 q-points) (write_ibz_only=False or closure check failed)
  q axis on disk: full BZ (36 q-points) (write_ibz_only=False or closure check failed)
  q axis on disk: full BZ (36 q-points) (write_ibz_only=False or closure check failed)
  q axis on disk: full BZ (36 q-points) (write_ibz_only=False or closure check failed)
  G-flat ζ sphere: ngkmax=1964, min ngk=1917, max ngk=1964 (4.262% of n_rtot)
/pscratch/sd/j/jackm/lorrax_sandbox/sources/worktrees/lorrax_gnppm_bisect/src/file_io/_slab_io_ffi.py:457: UserWarning: FFI backend: chunks/attrs on create_dataset currently no-op; pre-create with h5py if you need explicit chunking or attrs.
  warnings.warn(
/pscratch/sd/j/jackm/lorrax_sandbox/sources/worktrees/lorrax_gnppm_bisect/src/file_io/_slab_io_ffi.py:457: UserWarning: FFI backend: chunks/attrs on create_dataset currently no-op; pre-create with h5py if you need explicit chunking or attrs.
  warnings.warn(
/pscratch/sd/j/jackm/lorrax_sandbox/sources/worktrees/lorrax_gnppm_bisect/src/file_io/_slab_io_ffi.py:457: UserWarning: FFI backend: chunks/attrs on create_dataset currently no-op; pre-create with h5py if you need explicit chunking or attrs.
  warnings.warn(
/pscratch/sd/j/jackm/lorrax_sandbox/sources/worktrees/lorrax_gnppm_bisect/src/file_io/_slab_io_ffi.py:457: UserWarning: FFI backend: chunks/attrs on create_dataset currently no-op; pre-create with h5py if you need explicit chunking or attrs.
  warnings.warn(
/pscratch/sd/j/jackm/lorrax_sandbox/sources/worktrees/lorrax_gnppm_bisect/src/file_io/_slab_io_ffi.py:457: UserWarning: FFI backend: chunks/attrs on create_dataset currently no-op; pre-create with h5py if you need explicit chunking or attrs.
  warnings.warn(
/pscratch/sd/j/jackm/lorrax_sandbox/sources/worktrees/lorrax_gnppm_bisect/src/file_io/_slab_io_ffi.py:457: UserWarning: FFI backend: chunks/attrs on create_dataset currently no-op; pre-create with h5py if you need explicit chunking or attrs.
  warnings.warn(
/pscratch/sd/j/jackm/lorrax_sandbox/sources/worktrees/lorrax_gnppm_bisect/src/file_io/_slab_io_ffi.py:457: UserWarning: FFI backend: chunks/attrs on create_dataset currently no-op; pre-create with h5py if you need explicit chunking or attrs.
  warnings.warn(
/pscratch/sd/j/jackm/lorrax_sandbox/sources/worktrees/lorrax_gnppm_bisect/src/file_io/_slab_io_ffi.py:457: UserWarning: FFI backend: chunks/attrs on create_dataset currently no-op; pre-create with h5py if you need explicit chunking or attrs.
  warnings.warn(
/pscratch/sd/j/jackm/lorrax_sandbox/sources/worktrees/lorrax_gnppm_bisect/src/file_io/_slab_io_ffi.py:457: UserWarning: FFI backend: chunks/attrs on create_dataset currently no-op; pre-create with h5py if you need explicit chunking or attrs.
  warnings.warn(
/pscratch/sd/j/jackm/lorrax_sandbox/sources/worktrees/lorrax_gnppm_bisect/src/file_io/_slab_io_ffi.py:457: UserWarning: FFI backend: chunks/attrs on create_dataset currently no-op; pre-create with h5py if you need explicit chunking or attrs.
  warnings.warn(
/pscratch/sd/j/jackm/lorrax_sandbox/sources/worktrees/lorrax_gnppm_bisect/src/file_io/_slab_io_ffi.py:457: UserWarning: FFI backend: chunks/attrs on create_dataset currently no-op; pre-create with h5py if you need explicit chunking or attrs.
  warnings.warn(
/pscratch/sd/j/jackm/lorrax_sandbox/sources/worktrees/lorrax_gnppm_bisect/src/file_io/_slab_io_ffi.py:457: UserWarning: FFI backend: chunks/attrs on create_dataset currently no-op; pre-create with h5py if you need explicit chunking or attrs.
  warnings.warn(
/pscratch/sd/j/jackm/lorrax_sandbox/sources/worktrees/lorrax_gnppm_bisect/src/file_io/_slab_io_ffi.py:457: UserWarning: FFI backend: chunks/attrs on create_dataset currently no-op; pre-create with h5py if you need explicit chunking or attrs.
  warnings.warn(
/pscratch/sd/j/jackm/lorrax_sandbox/sources/worktrees/lorrax_gnppm_bisect/src/file_io/_slab_io_ffi.py:457: UserWarning: FFI backend: chunks/attrs on create_dataset currently no-op; pre-create with h5py if you need explicit chunking or attrs.
  warnings.warn(
/pscratch/sd/j/jackm/lorrax_sandbox/sources/worktrees/lorrax_gnppm_bisect/src/file_io/_slab_io_ffi.py:457: UserWarning: FFI backend: chunks/attrs on create_dataset currently no-op; pre-create with h5py if you need explicit chunking or attrs.
  warnings.warn(
/pscratch/sd/j/jackm/lorrax_sandbox/sources/worktrees/lorrax_gnppm_bisect/src/file_io/_slab_io_ffi.py:457: UserWarning: FFI backend: chunks/attrs on create_dataset currently no-op; pre-create with h5py if you need explicit chunking or attrs.
  warnings.warn(
  ψ(G-flat) host cache: 0.03 GB/process resident
  G-flat ζ accumulator: N=3600 rows/rank (n_q=36 × n_mu_local=100); chunk_size=100 → per-iter FFT box 0.07 GB/rank
Started zeta fitting at 18:32:41.
[ 18:32:41 | █████░░░░░ |  50% ] r-chunk 1 / 2 · ETA 0 s
[ 18:32:55 | ██████████ | 100% ] r-chunk 2 / 2 · ETA 0 s
Finished zeta fitting at 18:32:55.  Elapsed: 14 s.
  [SlabIO.close] draining 1 pending writes for zeta_q.h5 …
  [SlabIO.close] Python dispatch drained in 0.7 s; joining writer thread
  [SlabIO.close] writer thread joined in 0.0 s; calling H5Fclose collectively
  [SlabIO.close] H5Fclose returned in 0.1 s
  Zeta output: /pscratch/sd/j/jackm/lorrax_sandbox/runs/MoS2/A_bse_figures_2026-07-20/_gnppm_bisect/work/cur_1600_full/tmp/zeta_q.h5  shape: (n_q_disk=36 of 6·6·1=36 full-BZ, n_rtot=46080, n_rmu=1600)
  Timing (2 r-chunks, 40.1s total):
    fit     38.70s  96.5%
    H5       1.35s   3.4%
  Zeta output: /pscratch/sd/j/jackm/lorrax_sandbox/runs/MoS2/A_bse_figures_2026-07-20/_gnppm_bisect/work/cur_1600_full/tmp/zeta_q.h5  shape: (n_q_disk=36 of 6·6·1=36 full-BZ, n_rtot=46080, n_rmu=1600)
  Zeta output: /pscratch/sd/j/jackm/lorrax_sandbox/runs/MoS2/A_bse_figures_2026-07-20/_gnppm_bisect/work/cur_1600_full/tmp/zeta_q.h5  shape: (n_q_disk=36 of 6·6·1=36 full-BZ, n_rtot=46080, n_rmu=1600)
  Timing (2 r-chunks, 40.1s total):
    fit     38.71s  96.5%
    H5       1.33s   3.3%
  Timing (2 r-chunks, 40.1s total):
    fit     38.73s  96.5%
    H5       1.32s   3.3%
  Zeta output: /pscratch/sd/j/jackm/lorrax_sandbox/runs/MoS2/A_bse_figures_2026-07-20/_gnppm_bisect/work/cur_1600_full/tmp/zeta_q.h5  shape: (n_q_disk=36 of 6·6·1=36 full-BZ, n_rtot=46080, n_rmu=1600)
  Timing (2 r-chunks, 40.1s total):
    fit     38.74s  96.6%
    H5       1.30s   3.3%
  Zeta output: /pscratch/sd/j/jackm/lorrax_sandbox/runs/MoS2/A_bse_figures_2026-07-20/_gnppm_bisect/work/cur_1600_full/tmp/zeta_q.h5  shape: (n_q_disk=36 of 6·6·1=36 full-BZ, n_rtot=46080, n_rmu=1600)
  Timing (2 r-chunks, 40.1s total):
    fit     38.72s  96.5%
    H5       1.34s   3.3%
  Zeta output: /pscratch/sd/j/jackm/lorrax_sandbox/runs/MoS2/A_bse_figures_2026-07-20/_gnppm_bisect/work/cur_1600_full/tmp/zeta_q.h5  shape: (n_q_disk=36 of 6·6·1=36 full-BZ, n_rtot=46080, n_rmu=1600)
  Timing (2 r-chunks, 40.1s total):
    fit     38.76s  96.6%
    H5       1.28s   3.2%
  Zeta output: /pscratch/sd/j/jackm/lorrax_sandbox/runs/MoS2/A_bse_figures_2026-07-20/_gnppm_bisect/work/cur_1600_full/tmp/zeta_q.h5  shape: (n_q_disk=36 of 6·6·1=36 full-BZ, n_rtot=46080, n_rmu=1600)
  Timing (2 r-chunks, 40.1s total):
  Zeta output: /pscratch/sd/j/jackm/lorrax_sandbox/runs/MoS2/A_bse_figures_2026-07-20/_gnppm_bisect/work/cur_1600_full/tmp/zeta_q.h5  shape: (n_q_disk=36 of 6·6·1=36 full-BZ, n_rtot=46080, n_rmu=1600)
  Timing (2 r-chunks, 40.1s total):
  Zeta output: /pscratch/sd/j/jackm/lorrax_sandbox/runs/MoS2/A_bse_figures_2026-07-20/_gnppm_bisect/work/cur_1600_full/tmp/zeta_q.h5  shape: (n_q_disk=36 of 6·6·1=36 full-BZ, n_rtot=46080, n_rmu=1600)
  Timing (2 r-chunks, 40.1s total):
    fit     38.72s  96.5%
    H5       1.32s   3.3%
    fit     38.70s  96.5%
    H5       1.35s   3.4%
    fit     38.77s  96.7%
    H5       1.27s   3.2%
  Zeta output: /pscratch/sd/j/jackm/lorrax_sandbox/runs/MoS2/A_bse_figures_2026-07-20/_gnppm_bisect/work/cur_1600_full/tmp/zeta_q.h5  shape: (n_q_disk=36 of 6·6·1=36 full-BZ, n_rtot=46080, n_rmu=1600)
  Timing (2 r-chunks, 40.1s total):
    fit     38.72s  96.5%
    H5       1.32s   3.3%
  Zeta output: /pscratch/sd/j/jackm/lorrax_sandbox/runs/MoS2/A_bse_figures_2026-07-20/_gnppm_bisect/work/cur_1600_full/tmp/zeta_q.h5  shape: (n_q_disk=36 of 6·6·1=36 full-BZ, n_rtot=46080, n_rmu=1600)
  Timing (2 r-chunks, 40.1s total):
    fit     38.71s  96.5%
    H5       1.33s   3.3%
  Zeta output: /pscratch/sd/j/jackm/lorrax_sandbox/runs/MoS2/A_bse_figures_2026-07-20/_gnppm_bisect/work/cur_1600_full/tmp/zeta_q.h5  shape: (n_q_disk=36 of 6·6·1=36 full-BZ, n_rtot=46080, n_rmu=1600)
  Timing (2 r-chunks, 40.1s total):
    fit     38.71s  96.5%
    H5       1.34s   3.3%
  Zeta output: /pscratch/sd/j/jackm/lorrax_sandbox/runs/MoS2/A_bse_figures_2026-07-20/_gnppm_bisect/work/cur_1600_full/tmp/zeta_q.h5  shape: (n_q_disk=36 of 6·6·1=36 full-BZ, n_rtot=46080, n_rmu=1600)
  Timing (2 r-chunks, 40.1s total):
  Zeta output: /pscratch/sd/j/jackm/lorrax_sandbox/runs/MoS2/A_bse_figures_2026-07-20/_gnppm_bisect/work/cur_1600_full/tmp/zeta_q.h5  shape: (n_q_disk=36 of 6·6·1=36 full-BZ, n_rtot=46080, n_rmu=1600)
  Timing (2 r-chunks, 40.1s total):
    fit     38.74s  96.6%
  Zeta output: /pscratch/sd/j/jackm/lorrax_sandbox/runs/MoS2/A_bse_figures_2026-07-20/_gnppm_bisect/work/cur_1600_full/tmp/zeta_q.h5  shape: (n_q_disk=36 of 6·6·1=36 full-BZ, n_rtot=46080, n_rmu=1600)
  Timing (2 r-chunks, 40.1s total):
    fit     38.74s  96.5%
    H5       1.32s   3.3%
    fit     38.73s  96.5%
    H5       1.31s   3.3%
    H5       1.31s   3.3%
  Zeta output: /pscratch/sd/j/jackm/lorrax_sandbox/runs/MoS2/A_bse_figures_2026-07-20/_gnppm_bisect/work/cur_1600_full/tmp/zeta_q.h5  shape: (n_q_disk=36 of 6·6·1=36 full-BZ, n_rtot=46080, n_rmu=1600)
  Timing (2 r-chunks, 39.9s total):
    fit     39.55s  99.0%
    H5       0.31s   0.8%
    GPU high-water mark: 23.93 GB / 28.00 GB budget (85%)
    V_q bare cutoff: 30.0 Ry
    V_q budget:    27.18 GB
  V_q g-flat: centroid orbit closure failed — full-BZ iteration.  Reason: compute_centroid_sym_perm: centroid orbit closure failed.  sym 1 maps centroid μ=0 (at fft_idx [0, 0, 77]) to fft_idx [0, 0, 3], which is NOT in the centroid table.  Total failures: 1374 / 3200.  Regenerate centroids with orbit-aware kmeans or fall back to identity-only sym.
  V_q g-flat [CC]: n_q_ibz=36, ngkmax=1964, g_chunk=1964 (1/q), n_rmu_L=1600→1600, n_rmu_R=1600→1600, unfold=full-BZ
    [CC] pre-read all 36 IBZ ζ̃ slabs (1 batched call): 2.84s
2026-07-20 18:33:00.021367: E external/xla/xla/service/spmd/spmd_partitioner.cc:620] [spmd] Involuntary full rematerialization. The compiler was not able to go from sharding {devices=[16,1,1]<=[16]} to {devices=[1,4,1,4]<=[16] last_tile_dim_replicate} without doing a full rematerialization of the tensor for HLO operation: %copy.7 = c128[1,1600,1964]{2,1,0} copy(%reshape), sharding={devices=[16,1,1]<=[16]}, metadata={op_name="jit(fn)/jit(main)/sharding_constraint" source_file="/pscratch/sd/j/jackm/lorrax_sandbox/sources/worktrees/lorrax_gnppm_bisect/src/gw/v_q_g_flat.py" source_line=93}. You probably want to enrich the sharding annotations to prevent this from happening.
2026-07-20 18:33:00.021500: E external/xla/xla/service/spmd/spmd_partitioner.cc:620] [spmd] Involuntary full rematerialization. The compiler was not able to go from sharding {devices=[16,1,1]<=[16]} to {devices=[1,4,1,4]<=[4,4]T(1,0) last_tile_dim_replicate} without doing a full rematerialization of the tensor for HLO operation: %copy.7 = c128[1,1600,1964]{2,1,0} copy(%reshape), sharding={devices=[16,1,1]<=[16]}, metadata={op_name="jit(fn)/jit(main)/sharding_constraint" source_file="/pscratch/sd/j/jackm/lorrax_sandbox/sources/worktrees/lorrax_gnppm_bisect/src/gw/v_q_g_flat.py" source_line=93}. You probably want to enrich the sharding annotations to prevent this from happening.
2026-07-20 18:33:00.022202: E external/xla/xla/service/spmd/spmd_partitioner.cc:620] [spmd] Involuntary full rematerialization. The compiler was not able to go from sharding {devices=[16,1,1]<=[16]} to {devices=[1,4,1,4]<=[16] last_tile_dim_replicate} without doing a full rematerialization of the tensor for HLO operation: %copy.7 = c128[1,1600,1964]{2,1,0} copy(%reshape), sharding={devices=[16,1,1]<=[16]}, metadata={op_name="jit(fn)/jit(main)/sharding_constraint" source_file="/pscratch/sd/j/jackm/lorrax_sandbox/sources/worktrees/lorrax_gnppm_bisect/src/gw/v_q_g_flat.py" source_line=93}. You probably want to enrich the sharding annotations to prevent this from happening.
2026-07-20 18:33:00.022343: E external/xla/xla/service/spmd/spmd_partitioner.cc:620] [spmd] Involuntary full rematerialization. The compiler was not able to go from sharding {devices=[16,1,1]<=[16]} to {devices=[1,4,1,4]<=[4,4]T(1,0) last_tile_dim_replicate} without doing a full rematerialization of the tensor for HLO operation: %copy.7 = c128[1,1600,1964]{2,1,0} copy(%reshape), sharding={devices=[16,1,1]<=[16]}, metadata={op_name="jit(fn)/jit(main)/sharding_constraint" source_file="/pscratch/sd/j/jackm/lorrax_sandbox/sources/worktrees/lorrax_gnppm_bisect/src/gw/v_q_g_flat.py" source_line=93}. You probably want to enrich the sharding annotations to prevent this from happening.
2026-07-20 18:33:00.023127: E external/xla/xla/service/spmd/spmd_partitioner.cc:620] [spmd] Involuntary full rematerialization. The compiler was not able to go from sharding {devices=[16,1,1]<=[16]} to {devices=[1,4,1,4]<=[16] last_tile_dim_replicate} without doing a full rematerialization of the tensor for HLO operation: %copy.7 = c128[1,1600,1964]{2,1,0} copy(%reshape), sharding={devices=[16,1,1]<=[16]}, metadata={op_name="jit(fn)/jit(main)/sharding_constraint" source_file="/pscratch/sd/j/jackm/lorrax_sandbox/sources/worktrees/lorrax_gnppm_bisect/src/gw/v_q_g_flat.py" source_line=93}. You probably want to enrich the sharding annotations to prevent this from happening.
2026-07-20 18:33:00.023254: E external/xla/xla/service/spmd/spmd_partitioner.cc:620] [spmd] Involuntary full rematerialization. The compiler was not able to go from sharding {devices=[16,1,1]<=[16]} to {devices=[1,4,1,4]<=[4,4]T(1,0) last_tile_dim_replicate} without doing a full rematerialization of the tensor for HLO operation: %copy.7 = c128[1,1600,1964]{2,1,0} copy(%reshape), sharding={devices=[16,1,1]<=[16]}, metadata={op_name="jit(fn)/jit(main)/sharding_constraint" source_file="/pscratch/sd/j/jackm/lorrax_sandbox/sources/worktrees/lorrax_gnppm_bisect/src/gw/v_q_g_flat.py" source_line=93}. You probably want to enrich the sharding annotations to prevent this from happening.
2026-07-20 18:33:00.023510: E external/xla/xla/service/spmd/spmd_partitioner.cc:620] [spmd] Involuntary full rematerialization. The compiler was not able to go from sharding {devices=[16,1,1]<=[16]} to {devices=[1,4,1,4]<=[16] last_tile_dim_replicate} without doing a full rematerialization of the tensor for HLO operation: %copy.7 = c128[1,1600,1964]{2,1,0} copy(%reshape), sharding={devices=[16,1,1]<=[16]}, metadata={op_name="jit(fn)/jit(main)/sharding_constraint" source_file="/pscratch/sd/j/jackm/lorrax_sandbox/sources/worktrees/lorrax_gnppm_bisect/src/gw/v_q_g_flat.py" source_line=93}. You probably want to enrich the sharding annotations to prevent this from happening.
2026-07-20 18:33:00.023631: E external/xla/xla/service/spmd/spmd_partitioner.cc:620] [spmd] Involuntary full rematerialization. The compiler was not able to go from sharding {devices=[16,1,1]<=[16]} to {devices=[1,4,1,4]<=[4,4]T(1,0) last_tile_dim_replicate} without doing a full rematerialization of the tensor for HLO operation: %copy.7 = c128[1,1600,1964]{2,1,0} copy(%reshape), sharding={devices=[16,1,1]<=[16]}, metadata={op_name="jit(fn)/jit(main)/sharding_constraint" source_file="/pscratch/sd/j/jackm/lorrax_sandbox/sources/worktrees/lorrax_gnppm_bisect/src/gw/v_q_g_flat.py" source_line=93}. You probably want to enrich the sharding annotations to prevent this from happening.
2026-07-20 18:33:00.024100: E external/xla/xla/service/spmd/spmd_partitioner.cc:620] [spmd] Involuntary full rematerialization. The compiler was not able to go from sharding {devices=[16,1,1]<=[16]} to {devices=[1,4,1,4]<=[16] last_tile_dim_replicate} without doing a full rematerialization of the tensor for HLO operation: %copy.7 = c128[1,1600,1964]{2,1,0} copy(%reshape), sharding={devices=[16,1,1]<=[16]}, metadata={op_name="jit(fn)/jit(main)/sharding_constraint" source_file="/pscratch/sd/j/jackm/lorrax_sandbox/sources/worktrees/lorrax_gnppm_bisect/src/gw/v_q_g_flat.py" source_line=93}. You probably want to enrich the sharding annotations to prevent this from happening.
2026-07-20 18:33:00.024235: E external/xla/xla/service/spmd/spmd_partitioner.cc:620] [spmd] Involuntary full rematerialization. The compiler was not able to go from sharding {devices=[16,1,1]<=[16]} to {devices=[1,4,1,4]<=[4,4]T(1,0) last_tile_dim_replicate} without doing a full rematerialization of the tensor for HLO operation: %copy.7 = c128[1,1600,1964]{2,1,0} copy(%reshape), sharding={devices=[16,1,1]<=[16]}, metadata={op_name="jit(fn)/jit(main)/sharding_constraint" source_file="/pscratch/sd/j/jackm/lorrax_sandbox/sources/worktrees/lorrax_gnppm_bisect/src/gw/v_q_g_flat.py" source_line=93}. You probably want to enrich the sharding annotations to prevent this from happening.
2026-07-20 18:33:00.024405: E external/xla/xla/service/spmd/spmd_partitioner.cc:620] [spmd] Involuntary full rematerialization. The compiler was not able to go from sharding {devices=[16,1,1]<=[16]} to {devices=[1,4,1,4]<=[16] last_tile_dim_replicate} without doing a full rematerialization of the tensor for HLO operation: %copy.7 = c128[1,1600,1964]{2,1,0} copy(%reshape), sharding={devices=[16,1,1]<=[16]}, metadata={op_name="jit(fn)/jit(main)/sharding_constraint" source_file="/pscratch/sd/j/jackm/lorrax_sandbox/sources/worktrees/lorrax_gnppm_bisect/src/gw/v_q_g_flat.py" source_line=93}. You probably want to enrich the sharding annotations to prevent this from happening.
2026-07-20 18:33:00.024533: E external/xla/xla/service/spmd/spmd_partitioner.cc:620] [spmd] Involuntary full rematerialization. The compiler was not able to go from sharding {devices=[16,1,1]<=[16]} to {devices=[1,4,1,4]<=[4,4]T(1,0) last_tile_dim_replicate} without doing a full rematerialization of the tensor for HLO operation: %copy.7 = c128[1,1600,1964]{2,1,0} copy(%reshape), sharding={devices=[16,1,1]<=[16]}, metadata={op_name="jit(fn)/jit(main)/sharding_constraint" source_file="/pscratch/sd/j/jackm/lorrax_sandbox/sources/worktrees/lorrax_gnppm_bisect/src/gw/v_q_g_flat.py" source_line=93}. You probably want to enrich the sharding annotations to prevent this from happening.
2026-07-20 18:33:00.024480: E external/xla/xla/service/spmd/spmd_partitioner.cc:620] [spmd] Involuntary full rematerialization. The compiler was not able to go from sharding {devices=[16,1,1]<=[16]} to {devices=[1,4,1,4]<=[16] last_tile_dim_replicate} without doing a full rematerialization of the tensor for HLO operation: %copy.7 = c128[1,1600,1964]{2,1,0} copy(%reshape), sharding={devices=[16,1,1]<=[16]}, metadata={op_name="jit(fn)/jit(main)/sharding_constraint" source_file="/pscratch/sd/j/jackm/lorrax_sandbox/sources/worktrees/lorrax_gnppm_bisect/src/gw/v_q_g_flat.py" source_line=93}. You probably want to enrich the sharding annotations to prevent this from happening.
2026-07-20 18:33:00.024616: E external/xla/xla/service/spmd/spmd_partitioner.cc:620] [spmd] Involuntary full rematerialization. The compiler was not able to go from sharding {devices=[16,1,1]<=[16]} to {devices=[1,4,1,4]<=[4,4]T(1,0) last_tile_dim_replicate} without doing a full rematerialization of the tensor for HLO operation: %copy.7 = c128[1,1600,1964]{2,1,0} copy(%reshape), sharding={devices=[16,1,1]<=[16]}, metadata={op_name="jit(fn)/jit(main)/sharding_constraint" source_file="/pscratch/sd/j/jackm/lorrax_sandbox/sources/worktrees/lorrax_gnppm_bisect/src/gw/v_q_g_flat.py" source_line=93}. You probably want to enrich the sharding annotations to prevent this from happening.
2026-07-20 18:33:00.024625: E external/xla/xla/service/spmd/spmd_partitioner.cc:620] [spmd] Involuntary full rematerialization. The compiler was not able to go from sharding {devices=[16,1,1]<=[16]} to {devices=[1,4,1,4]<=[16] last_tile_dim_replicate} without doing a full rematerialization of the tensor for HLO operation: %copy.7 = c128[1,1600,1964]{2,1,0} copy(%reshape), sharding={devices=[16,1,1]<=[16]}, metadata={op_name="jit(fn)/jit(main)/sharding_constraint" source_file="/pscratch/sd/j/jackm/lorrax_sandbox/sources/worktrees/lorrax_gnppm_bisect/src/gw/v_q_g_flat.py" source_line=93}. You probably want to enrich the sharding annotations to prevent this from happening.
2026-07-20 18:33:00.024743: E external/xla/xla/service/spmd/spmd_partitioner.cc:620] [spmd] Involuntary full rematerialization. The compiler was not able to go from sharding {devices=[16,1,1]<=[16]} to {devices=[1,4,1,4]<=[4,4]T(1,0) last_tile_dim_replicate} without doing a full rematerialization of the tensor for HLO operation: %copy.7 = c128[1,1600,1964]{2,1,0} copy(%reshape), sharding={devices=[16,1,1]<=[16]}, metadata={op_name="jit(fn)/jit(main)/sharding_constraint" source_file="/pscratch/sd/j/jackm/lorrax_sandbox/sources/worktrees/lorrax_gnppm_bisect/src/gw/v_q_g_flat.py" source_line=93}. You probably want to enrich the sharding annotations to prevent this from happening.
2026-07-20 18:33:00.025003: E external/xla/xla/service/spmd/spmd_partitioner.cc:620] [spmd] Involuntary full rematerialization. The compiler was not able to go from sharding {devices=[16,1,1]<=[16]} to {devices=[1,4,1,4]<=[16] last_tile_dim_replicate} without doing a full rematerialization of the tensor for HLO operation: %copy.7 = c128[1,1600,1964]{2,1,0} copy(%reshape), sharding={devices=[16,1,1]<=[16]}, metadata={op_name="jit(fn)/jit(main)/sharding_constraint" source_file="/pscratch/sd/j/jackm/lorrax_sandbox/sources/worktrees/lorrax_gnppm_bisect/src/gw/v_q_g_flat.py" source_line=93}. You probably want to enrich the sharding annotations to prevent this from happening.
2026-07-20 18:33:00.025131: E external/xla/xla/service/spmd/spmd_partitioner.cc:620] [spmd] Involuntary full rematerialization. The compiler was not able to go from sharding {devices=[16,1,1]<=[16]} to {devices=[1,4,1,4]<=[4,4]T(1,0) last_tile_dim_replicate} without doing a full rematerialization of the tensor for HLO operation: %copy.7 = c128[1,1600,1964]{2,1,0} copy(%reshape), sharding={devices=[16,1,1]<=[16]}, metadata={op_name="jit(fn)/jit(main)/sharding_constraint" source_file="/pscratch/sd/j/jackm/lorrax_sandbox/sources/worktrees/lorrax_gnppm_bisect/src/gw/v_q_g_flat.py" source_line=93}. You probably want to enrich the sharding annotations to prevent this from happening.
2026-07-20 18:33:00.032283: E external/xla/xla/service/spmd/spmd_partitioner.cc:620] [spmd] Involuntary full rematerialization. The compiler was not able to go from sharding {devices=[16,1,1]<=[16]} to {devices=[1,4,1,4]<=[16] last_tile_dim_replicate} without doing a full rematerialization of the tensor for HLO operation: %copy.7 = c128[1,1600,1964]{2,1,0} copy(%reshape), sharding={devices=[16,1,1]<=[16]}, metadata={op_name="jit(fn)/jit(main)/sharding_constraint" source_file="/pscratch/sd/j/jackm/lorrax_sandbox/sources/worktrees/lorrax_gnppm_bisect/src/gw/v_q_g_flat.py" source_line=93}. You probably want to enrich the sharding annotations to prevent this from happening.
2026-07-20 18:33:00.032411: E external/xla/xla/service/spmd/spmd_partitioner.cc:620] [spmd] Involuntary full rematerialization. The compiler was not able to go from sharding {devices=[16,1,1]<=[16]} to {devices=[1,4,1,4]<=[4,4]T(1,0) last_tile_dim_replicate} without doing a full rematerialization of the tensor for HLO operation: %copy.7 = c128[1,1600,1964]{2,1,0} copy(%reshape), sharding={devices=[16,1,1]<=[16]}, metadata={op_name="jit(fn)/jit(main)/sharding_constraint" source_file="/pscratch/sd/j/jackm/lorrax_sandbox/sources/worktrees/lorrax_gnppm_bisect/src/gw/v_q_g_flat.py" source_line=93}. You probably want to enrich the sharding annotations to prevent this from happening.
2026-07-20 18:33:00.039836: E external/xla/xla/service/spmd/spmd_partitioner.cc:620] [spmd] Involuntary full rematerialization. The compiler was not able to go from sharding {devices=[16,1,1]<=[16]} to {devices=[1,4,1,4]<=[16] last_tile_dim_replicate} without doing a full rematerialization of the tensor for HLO operation: %copy.7 = c128[1,1600,1964]{2,1,0} copy(%reshape), sharding={devices=[16,1,1]<=[16]}, metadata={op_name="jit(fn)/jit(main)/sharding_constraint" source_file="/pscratch/sd/j/jackm/lorrax_sandbox/sources/worktrees/lorrax_gnppm_bisect/src/gw/v_q_g_flat.py" source_line=93}. You probably want to enrich the sharding annotations to prevent this from happening.
2026-07-20 18:33:00.039963: E external/xla/xla/service/spmd/spmd_partitioner.cc:620] [spmd] Involuntary full rematerialization. The compiler was not able to go from sharding {devices=[16,1,1]<=[16]} to {devices=[1,4,1,4]<=[4,4]T(1,0) last_tile_dim_replicate} without doing a full rematerialization of the tensor for HLO operation: %copy.7 = c128[1,1600,1964]{2,1,0} copy(%reshape), sharding={devices=[16,1,1]<=[16]}, metadata={op_name="jit(fn)/jit(main)/sharding_constraint" source_file="/pscratch/sd/j/jackm/lorrax_sandbox/sources/worktrees/lorrax_gnppm_bisect/src/gw/v_q_g_flat.py" source_line=93}. You probably want to enrich the sharding annotations to prevent this from happening.
2026-07-20 18:33:00.040390: E external/xla/xla/service/spmd/spmd_partitioner.cc:620] [spmd] Involuntary full rematerialization. The compiler was not able to go from sharding {devices=[16,1,1]<=[16]} to {devices=[1,4,1,4]<=[16] last_tile_dim_replicate} without doing a full rematerialization of the tensor for HLO operation: %copy.7 = c128[1,1600,1964]{2,1,0} copy(%reshape), sharding={devices=[16,1,1]<=[16]}, metadata={op_name="jit(fn)/jit(main)/sharding_constraint" source_file="/pscratch/sd/j/jackm/lorrax_sandbox/sources/worktrees/lorrax_gnppm_bisect/src/gw/v_q_g_flat.py" source_line=93}. You probably want to enrich the sharding annotations to prevent this from happening.
2026-07-20 18:33:00.040512: E external/xla/xla/service/spmd/spmd_partitioner.cc:620] [spmd] Involuntary full rematerialization. The compiler was not able to go from sharding {devices=[16,1,1]<=[16]} to {devices=[1,4,1,4]<=[4,4]T(1,0) last_tile_dim_replicate} without doing a full rematerialization of the tensor for HLO operation: %copy.7 = c128[1,1600,1964]{2,1,0} copy(%reshape), sharding={devices=[16,1,1]<=[16]}, metadata={op_name="jit(fn)/jit(main)/sharding_constraint" source_file="/pscratch/sd/j/jackm/lorrax_sandbox/sources/worktrees/lorrax_gnppm_bisect/src/gw/v_q_g_flat.py" source_line=93}. You probably want to enrich the sharding annotations to prevent this from happening.
2026-07-20 18:33:00.040740: E external/xla/xla/service/spmd/spmd_partitioner.cc:620] [spmd] Involuntary full rematerialization. The compiler was not able to go from sharding {devices=[16,1,1]<=[16]} to {devices=[1,4,1,4]<=[16] last_tile_dim_replicate} without doing a full rematerialization of the tensor for HLO operation: %copy.7 = c128[1,1600,1964]{2,1,0} copy(%reshape), sharding={devices=[16,1,1]<=[16]}, metadata={op_name="jit(fn)/jit(main)/sharding_constraint" source_file="/pscratch/sd/j/jackm/lorrax_sandbox/sources/worktrees/lorrax_gnppm_bisect/src/gw/v_q_g_flat.py" source_line=93}. You probably want to enrich the sharding annotations to prevent this from happening.
2026-07-20 18:33:00.040865: E external/xla/xla/service/spmd/spmd_partitioner.cc:620] [spmd] Involuntary full rematerialization. The compiler was not able to go from sharding {devices=[16,1,1]<=[16]} to {devices=[1,4,1,4]<=[4,4]T(1,0) last_tile_dim_replicate} without doing a full rematerialization of the tensor for HLO operation: %copy.7 = c128[1,1600,1964]{2,1,0} copy(%reshape), sharding={devices=[16,1,1]<=[16]}, metadata={op_name="jit(fn)/jit(main)/sharding_constraint" source_file="/pscratch/sd/j/jackm/lorrax_sandbox/sources/worktrees/lorrax_gnppm_bisect/src/gw/v_q_g_flat.py" source_line=93}. You probably want to enrich the sharding annotations to prevent this from happening.
2026-07-20 18:33:00.041097: E external/xla/xla/service/spmd/spmd_partitioner.cc:620] [spmd] Involuntary full rematerialization. The compiler was not able to go from sharding {devices=[16,1,1]<=[16]} to {devices=[1,4,1,4]<=[16] last_tile_dim_replicate} without doing a full rematerialization of the tensor for HLO operation: %copy.7 = c128[1,1600,1964]{2,1,0} copy(%reshape), sharding={devices=[16,1,1]<=[16]}, metadata={op_name="jit(fn)/jit(main)/sharding_constraint" source_file="/pscratch/sd/j/jackm/lorrax_sandbox/sources/worktrees/lorrax_gnppm_bisect/src/gw/v_q_g_flat.py" source_line=93}. You probably want to enrich the sharding annotations to prevent this from happening.
2026-07-20 18:33:00.041226: E external/xla/xla/service/spmd/spmd_partitioner.cc:620] [spmd] Involuntary full rematerialization. The compiler was not able to go from sharding {devices=[16,1,1]<=[16]} to {devices=[1,4,1,4]<=[4,4]T(1,0) last_tile_dim_replicate} without doing a full rematerialization of the tensor for HLO operation: %copy.7 = c128[1,1600,1964]{2,1,0} copy(%reshape), sharding={devices=[16,1,1]<=[16]}, metadata={op_name="jit(fn)/jit(main)/sharding_constraint" source_file="/pscratch/sd/j/jackm/lorrax_sandbox/sources/worktrees/lorrax_gnppm_bisect/src/gw/v_q_g_flat.py" source_line=93}. You probably want to enrich the sharding annotations to prevent this from happening.
2026-07-20 18:33:00.041237: E external/xla/xla/service/spmd/spmd_partitioner.cc:620] [spmd] Involuntary full rematerialization. The compiler was not able to go from sharding {devices=[16,1,1]<=[16]} to {devices=[1,4,1,4]<=[16] last_tile_dim_replicate} without doing a full rematerialization of the tensor for HLO operation: %copy.7 = c128[1,1600,1964]{2,1,0} copy(%reshape), sharding={devices=[16,1,1]<=[16]}, metadata={op_name="jit(fn)/jit(main)/sharding_constraint" source_file="/pscratch/sd/j/jackm/lorrax_sandbox/sources/worktrees/lorrax_gnppm_bisect/src/gw/v_q_g_flat.py" source_line=93}. You probably want to enrich the sharding annotations to prevent this from happening.
2026-07-20 18:33:00.041359: E external/xla/xla/service/spmd/spmd_partitioner.cc:620] [spmd] Involuntary full rematerialization. The compiler was not able to go from sharding {devices=[16,1,1]<=[16]} to {devices=[1,4,1,4]<=[4,4]T(1,0) last_tile_dim_replicate} without doing a full rematerialization of the tensor for HLO operation: %copy.7 = c128[1,1600,1964]{2,1,0} copy(%reshape), sharding={devices=[16,1,1]<=[16]}, metadata={op_name="jit(fn)/jit(main)/sharding_constraint" source_file="/pscratch/sd/j/jackm/lorrax_sandbox/sources/worktrees/lorrax_gnppm_bisect/src/gw/v_q_g_flat.py" source_line=93}. You probably want to enrich the sharding annotations to prevent this from happening.
    [CC] q=0/36: kernel=0.68s
    [CC] q=1/36: kernel=0.06s
    [CC] q=2/36: kernel=0.05s
    [CC] q=3/36: kernel=0.05s
    [CC] q=4/36: kernel=0.05s
    [CC] q=5/36: kernel=0.05s
    [CC] q=6/36: kernel=0.05s
    [CC] q=7/36: kernel=0.06s
    [CC] q=8/36: kernel=0.05s
    [CC] q=9/36: kernel=0.05s
    [CC] q=10/36: kernel=0.05s
    [CC] q=11/36: kernel=0.05s
    [CC] q=12/36: kernel=0.05s
    [CC] q=13/36: kernel=0.06s
    [CC] q=14/36: kernel=0.05s
    [CC] q=15/36: kernel=0.05s
    [CC] q=16/36: kernel=0.05s
    [CC] q=17/36: kernel=0.05s
    [CC] q=18/36: kernel=0.05s
    [CC] q=19/36: kernel=0.05s
    [CC] q=20/36: kernel=0.05s
    [CC] q=21/36: kernel=0.05s
    [CC] q=22/36: kernel=0.05s
    [CC] q=23/36: kernel=0.05s
    [CC] q=24/36: kernel=0.05s
    [CC] q=25/36: kernel=0.05s
    [CC] q=26/36: kernel=0.05s
    [CC] q=27/36: kernel=0.05s
    [CC] q=28/36: kernel=0.05s
    [CC] q=29/36: kernel=0.05s
    [CC] q=30/36: kernel=0.05s
    [CC] q=31/36: kernel=0.05s
    [CC] q=32/36: kernel=0.05s
    [CC] q=33/36: kernel=0.05s
    [CC] q=34/36: kernel=0.05s
    [CC] q=35/36: kernel=0.05s
  [SlabIO.close] draining 0 pending writes for zeta_q.h5 …
  [SlabIO.close] Python dispatch drained in 0.0 s; joining writer thread
  [SlabIO.close] writer thread joined in 0.0 s; calling H5Fclose collectively
  [SlabIO.close] H5Fclose returned in 0.0 s

  V_q computed:
    Shape: (36, 1600, 1600)
    V_q=0 trace: 2718253439.5357
  [SlabIO.close] draining 0 pending writes for isdf_tensors_1600.h5 …
  [SlabIO.close] Python dispatch drained in 0.0 s; joining writer thread
  [SlabIO.close] writer thread joined in 0.0 s; calling H5Fclose collectively
  [SlabIO.close] H5Fclose returned in 0.2 s
  Wavefunctions built (b0:b4=208 bands, 4 sharded copies: xn/xr/yr/yn)
  [SlabIO.close] draining 1 pending writes for isdf_tensors_1600.h5 …
  [SlabIO.close] Python dispatch drained in 6.3 s; joining writer thread
  [SlabIO.close] writer thread joined in 0.0 s; calling H5Fclose collectively
  [SlabIO.close] H5Fclose returned in 4.0 s
  Chunked ISDF path complete
  Minimax static window: x=[1.273112e-01, 8.405061e+00] Ry, R=66.02, nodes=10, fit_err~2.513e-06
  PPM imag-freq quadrature (ωp=2.0000 Ry): R=66.0, nodes=6, err~5.4e-06
  [SlabIO.close] draining 1 pending writes for isdf_tensors_1600.h5 …
  [SlabIO.close] Python dispatch drained in 8.3 s; joining writer thread
  [SlabIO.close] writer thread joined in 0.0 s; calling H5Fclose collectively
  [SlabIO.close] H5Fclose returned in 0.4 s
  Persisted W0_qmunu + q=0 head scalars: vhead=4104.113 a.u.,  whead[ω=0]=1126.351 a.u.,  whead[iωp]=3564.800 a.u.

------------------------------------------------------------------------
  FINITE-SIZE CORRECTIONS
------------------------------------------------------------------------
  Head source: s_tensor
  v(q→0)  =     4104.113 a.u.  (bare Coulomb head)
  W(q→0)  =     1126.351 a.u.  (screened Coulomb head)
  ΔW      =    -2977.762 a.u.  (screening correction)

------------------------------------------------------------------------
  STATIC HEAD TERMS (exact COHSEX / BGW-style)
------------------------------------------------------------------------
  Head source: s_tensor
  v_h(q→0)           =  4104.112581 a.u.
  W_h(q→0, ω=0)      =  1126.350928 a.u.
  W_h^c              = -2977.761654 a.u.
  Σ^X head (occ)     = -1.623511e-01 Ry
  Σ^SX head (occ)    = -4.455636e-02 Ry
  Σ^(SX-X) head(occ) = 1.177947e-01 Ry
  Σ^COH head (all)   = -5.889737e-02 Ry

------------------------------------------------------------------------
  GN-PPM + FREQUENCY-INTEGRATED SIGMA
------------------------------------------------------------------------
  GN-PPM fit: 1.73s, iωp=2.0000 Ry, unfulfilled=0.97%
[pf] ▶ sigma_ppm
[pf] ▶ sigma_ppm
[pf] ▶ sigma_ppm
[pf] ▶ sigma_ppm
[pf] ▶ sigma_ppm
[pf] ▶ sigma_ppm
[pf] ▶ sigma_ppm
[pf] ▶ sigma_ppm
[pf] ▶ sigma_ppm
[pf] ▶ sigma_ppm
[pf] ▶ sigma_ppm
[pf] ▶ sigma_ppm
[pf] ▶ sigma_ppm
[pf] ▶ sigma_ppm
[pf] ▶ sigma_ppm
[pf] ▶ sigma_ppm
  Σc(ω) grid: -10.000..10.000 eV, Nω=41, Δω=0.500 eV, ξ=0.250 eV
  GN invalid modes: 891506/92160000 (0.97%)
  GN invalid modes per q: min=5150 max=152556 counts=[ 62300  10372   7146 144014   7146  10372  11538   5150  17294  18674   5576  10490   6034  16524
  20350  18328   6778   5576 143288  16348  18496 152556  18496  16348   6034   5576   6778  18328
  20350  16524  11538  10490   5576  18674  17294   5150]
  GN invalid modes → static COHSEX: max|Σ_static| = 2.3803 eV (diag max 2.2455 eV)
    ω≥E_F cond window "core" (crossing): 103 nodes, err<1e-06, E_A=[0.0637, 0.7518] Ry, project=imag
    ω≥E_F cond window "a_stripe" (Laplace): 11 nodes, err<1e-06, E_A=[0.7629, 3.9146] Ry, project=full
    ω≥E_F cond window "b_slab" (Laplace): 14 nodes, err<1e-06, E_A=[0.0637, 3.9146] Ry, project=full
Started sigma[ω≥E_F cond] at 18:33:44.
[ 18:33:44 | ░░░░░░░░░░ |   1% ] tau node   1 / 128 · ETA 0 s
[ 18:33:45 | █░░░░░░░░░ |  12% ] tau node  15 / 128 · ETA 9 s
[ 18:33:46 | ██░░░░░░░░ |  23% ] tau node  29 / 128 · ETA 7 s
[ 18:33:47 | ███░░░░░░░ |  34% ] tau node  43 / 128 · ETA 6 s
[ 18:33:48 | ████░░░░░░ |  45% ] tau node  57 / 128 · ETA 5 s
[ 18:33:49 | ██████░░░░ |  56% ] tau node  72 / 128 · ETA 4 s
[ 18:33:50 | ███████░░░ |  67% ] tau node  86 / 128 · ETA 3 s
[ 18:33:51 | ████████░░ |  78% ] tau node 100 / 128 · ETA 2 s
[ 18:33:52 | █████████░ |  89% ] tau node 114 / 128 · ETA 1 s
[ 18:33:53 | ██████████ | 100% ] tau node 128 / 128 · ETA 0 s
Finished sigma[ω≥E_F cond] at 18:33:53.  Elapsed: 9 s.
    ω≥E_F val window "single" (Laplace): 15 nodes, err<1e-06, E_A=[0.0637, 4.4905] Ry, project=full
Started sigma[ω≥E_F val] at 18:33:53.
[ 18:33:53 | █░░░░░░░░░ |   7% ] tau node  1 / 15 · ETA 0 s
[ 18:33:53 | ██░░░░░░░░ |  20% ] tau node  3 / 15 · ETA 0 s
[ 18:33:54 | ███░░░░░░░ |  27% ] tau node  4 / 15 · ETA 0 s
[ 18:33:54 | ████░░░░░░ |  40% ] tau node  6 / 15 · ETA 0 s
[ 18:33:54 | █████░░░░░ |  47% ] tau node  7 / 15 · ETA 0 s
[ 18:33:54 | ██████░░░░ |  60% ] tau node  9 / 15 · ETA 0 s
[ 18:33:54 | ███████░░░ |  67% ] tau node 10 / 15 · ETA 0 s
[ 18:33:54 | ████████░░ |  80% ] tau node 12 / 15 · ETA 0 s
[ 18:33:54 | █████████░ |  87% ] tau node 13 / 15 · ETA 0 s
[ 18:33:54 | ██████████ | 100% ] tau node 15 / 15 · ETA 0 s
Finished sigma[ω≥E_F val] at 18:33:55.  Elapsed: 1 s.
    ω<E_F cond window "single" (Laplace): 15 nodes, err<1e-06, E_A=[0.0637, 3.9146] Ry, project=full
Started sigma[ω<E_F cond] at 18:33:55.
[ 18:33:55 | █░░░░░░░░░ |   7% ] tau node  1 / 15 · ETA 0 s
[ 18:33:55 | ██░░░░░░░░ |  20% ] tau node  3 / 15 · ETA 0 s
[ 18:33:55 | ███░░░░░░░ |  27% ] tau node  4 / 15 · ETA 0 s
[ 18:33:55 | ████░░░░░░ |  40% ] tau node  6 / 15 · ETA 0 s
[ 18:33:55 | █████░░░░░ |  47% ] tau node  7 / 15 · ETA 0 s
[ 18:33:55 | ██████░░░░ |  60% ] tau node  9 / 15 · ETA 0 s
[ 18:33:55 | ███████░░░ |  67% ] tau node 10 / 15 · ETA 0 s
[ 18:33:55 | ████████░░ |  80% ] tau node 12 / 15 · ETA 0 s
[ 18:33:55 | █████████░ |  87% ] tau node 13 / 15 · ETA 0 s
[ 18:33:56 | ██████████ | 100% ] tau node 15 / 15 · ETA 0 s
Finished sigma[ω<E_F cond] at 18:33:56.  Elapsed: 1 s.
    ω<E_F val window "core" (crossing): 103 nodes, err<1e-06, E_A=[0.0637, 0.4908] Ry, project=imag
    ω<E_F val window "a_stripe" (Laplace): 9 nodes, err<1e-06, E_A=[0.9402, 4.4905] Ry, project=full
    ω<E_F val window "b_slab" (Laplace): 14 nodes, err<1e-06, E_A=[0.0637, 4.4905] Ry, project=full
Started sigma[ω<E_F val] at 18:33:56.
[ 18:33:56 | ░░░░░░░░░░ |   1% ] tau node   1 / 126 · ETA 0 s
[ 18:33:57 | █░░░░░░░░░ |  12% ] tau node  15 / 126 · ETA 7 s
[ 18:33:58 | ██░░░░░░░░ |  23% ] tau node  29 / 126 · ETA 6 s
[ 18:33:59 | ███░░░░░░░ |  34% ] tau node  43 / 126 · ETA 5 s
[ 18:34:00 | █████░░░░░ |  45% ] tau node  57 / 126 · ETA 5 s
[ 18:34:01 | ██████░░░░ |  56% ] tau node  70 / 126 · ETA 4 s
[ 18:34:02 | ███████░░░ |  67% ] tau node  84 / 126 · ETA 3 s
[ 18:34:03 | ████████░░ |  78% ] tau node  98 / 126 · ETA 2 s
[ 18:34:04 | █████████░ |  89% ] tau node 112 / 126 · ETA 1 s
[ 18:34:05 | ██████████ | 100% ] tau node 126 / 126 · ETA 0 s
Finished sigma[ω<E_F val] at 18:34:05.  Elapsed: 9 s.
[pf] ■ sigma_ppm  22.882s
[pf] ■ sigma_ppm  22.889s
[pf] ■ sigma_ppm  22.896s
[pf] ■ sigma_ppm  22.893s
[pf] ■ sigma_ppm  22.888s
[pf] ■ sigma_ppm  22.897s
[pf] ■ sigma_ppm  22.885s
[pf] ■ sigma_ppm  22.885s
[pf] ■ sigma_ppm  22.882s
[pf] ■ sigma_ppm  23.364s
[pf] ■ sigma_ppm  22.894s
[pf] ■ sigma_ppm  22.895s
[pf] ■ sigma_ppm  22.891s
[pf] ■ sigma_ppm  22.899s
[pf] ■ sigma_ppm  22.895s
[pf] ■ sigma_ppm  22.886s

------------------------------------------------------------------------
  HEAD CORRECTION (scalar GN, separate from ISDF body)
------------------------------------------------------------------------
  v(q→0)             =     4104.113 a.u.
  W^c(q→0, ω=0)      =    -2977.762 a.u.
  W^c(q→0, ω=iωp)    =     -539.312 a.u.  [ωp=2.0000 Ry]
  Ω_h²               =     0.884680 Ry²
  Ω_h                =     0.940574 Ry  (12.797172 eV)
  B_h                =  2634.367178 Ry² · a.u.
  R_h                =  1400.403296 Ry · a.u.
  R_h / (Ω_h · vol)  = 2.120305e+00 (Ry)
  Σ_c head shift: max|Σ^head_diag| = 2.7994 eV (on-shell occ band → -0.8013 eV)
  E_F(midgap) = -4.409014 eV  (VBM=-5.275093, CBM=-3.542935)
/pscratch/sd/j/jackm/lorrax_sandbox/sources/worktrees/lorrax_gnppm_bisect/src/file_io/_slab_io_ffi.py:457: UserWarning: FFI backend: chunks/attrs on create_dataset currently no-op; pre-create with h5py if you need explicit chunking or attrs.
  warnings.warn(
/pscratch/sd/j/jackm/lorrax_sandbox/sources/worktrees/lorrax_gnppm_bisect/src/file_io/_slab_io_ffi.py:457: UserWarning: FFI backend: chunks/attrs on create_dataset currently no-op; pre-create with h5py if you need explicit chunking or attrs.
  warnings.warn(
/pscratch/sd/j/jackm/lorrax_sandbox/sources/worktrees/lorrax_gnppm_bisect/src/file_io/_slab_io_ffi.py:457: UserWarning: FFI backend: chunks/attrs on create_dataset currently no-op; pre-create with h5py if you need explicit chunking or attrs.
  warnings.warn(
/pscratch/sd/j/jackm/lorrax_sandbox/sources/worktrees/lorrax_gnppm_bisect/src/file_io/_slab_io_ffi.py:457: UserWarning: FFI backend: chunks/attrs on create_dataset currently no-op; pre-create with h5py if you need explicit chunking or attrs.
  warnings.warn(
/pscratch/sd/j/jackm/lorrax_sandbox/sources/worktrees/lorrax_gnppm_bisect/src/file_io/_slab_io_ffi.py:457: UserWarning: FFI backend: chunks/attrs on create_dataset currently no-op; pre-create with h5py if you need explicit chunking or attrs.
  warnings.warn(
/pscratch/sd/j/jackm/lorrax_sandbox/sources/worktrees/lorrax_gnppm_bisect/src/file_io/_slab_io_ffi.py:457: UserWarning: FFI backend: chunks/attrs on create_dataset currently no-op; pre-create with h5py if you need explicit chunking or attrs.
  warnings.warn(
/pscratch/sd/j/jackm/lorrax_sandbox/sources/worktrees/lorrax_gnppm_bisect/src/file_io/_slab_io_ffi.py:457: UserWarning: FFI backend: chunks/attrs on create_dataset currently no-op; pre-create with h5py if you need explicit chunking or attrs.
  warnings.warn(
/pscratch/sd/j/jackm/lorrax_sandbox/sources/worktrees/lorrax_gnppm_bisect/src/file_io/_slab_io_ffi.py:457: UserWarning: FFI backend: chunks/attrs on create_dataset currently no-op; pre-create with h5py if you need explicit chunking or attrs.
  warnings.warn(
/pscratch/sd/j/jackm/lorrax_sandbox/sources/worktrees/lorrax_gnppm_bisect/src/file_io/_slab_io_ffi.py:457: UserWarning: FFI backend: chunks/attrs on create_dataset currently no-op; pre-create with h5py if you need explicit chunking or attrs.
  warnings.warn(
/pscratch/sd/j/jackm/lorrax_sandbox/sources/worktrees/lorrax_gnppm_bisect/src/file_io/_slab_io_ffi.py:457: UserWarning: FFI backend: chunks/attrs on create_dataset currently no-op; pre-create with h5py if you need explicit chunking or attrs.
  warnings.warn(
/pscratch/sd/j/jackm/lorrax_sandbox/sources/worktrees/lorrax_gnppm_bisect/src/file_io/_slab_io_ffi.py:457: UserWarning: FFI backend: chunks/attrs on create_dataset currently no-op; pre-create with h5py if you need explicit chunking or attrs.
  warnings.warn(
/pscratch/sd/j/jackm/lorrax_sandbox/sources/worktrees/lorrax_gnppm_bisect/src/file_io/_slab_io_ffi.py:457: UserWarning: FFI backend: chunks/attrs on create_dataset currently no-op; pre-create with h5py if you need explicit chunking or attrs.
  warnings.warn(
/pscratch/sd/j/jackm/lorrax_sandbox/sources/worktrees/lorrax_gnppm_bisect/src/file_io/_slab_io_ffi.py:457: UserWarning: FFI backend: chunks/attrs on create_dataset currently no-op; pre-create with h5py if you need explicit chunking or attrs.
  warnings.warn(
/pscratch/sd/j/jackm/lorrax_sandbox/sources/worktrees/lorrax_gnppm_bisect/src/file_io/_slab_io_ffi.py:457: UserWarning: FFI backend: chunks/attrs on create_dataset currently no-op; pre-create with h5py if you need explicit chunking or attrs.
  warnings.warn(
/pscratch/sd/j/jackm/lorrax_sandbox/sources/worktrees/lorrax_gnppm_bisect/src/file_io/_slab_io_ffi.py:457: UserWarning: FFI backend: chunks/attrs on create_dataset currently no-op; pre-create with h5py if you need explicit chunking or attrs.
  warnings.warn(
  [SlabIO.close] draining 1 pending writes for sigma_mnk.h5 …
  [SlabIO.close] Python dispatch drained in 0.2 s; joining writer thread
  [SlabIO.close] writer thread joined in 0.0 s; calling H5Fclose collectively
  [SlabIO.close] H5Fclose returned in 0.1 s
  QSGW: 2454 clipped (68.2%)
  Bare Σ_X diagonal (eV), k=0: -39.3547  -39.3547  -33.2286  -33.2286  -32.5754  -32.5754  -32.5641  -32.5641
  [SlabIO.close] draining 0 pending writes for kin_ion.h5 …
  [SlabIO.close] Python dispatch drained in 0.0 s; joining writer thread
  [SlabIO.close] writer thread joined in 0.0 s; calling H5Fclose collectively
  [SlabIO.close] H5Fclose returned in 0.0 s
  QP solver: one_shot_dft — QSGW build evaluated at E_DFT (standard G0W0)
  QP WFN (one-shot): /pscratch/sd/j/jackm/lorrax_sandbox/runs/MoS2/A_bse_figures_2026-07-20/_gnppm_bisect/work/cur_1600_full/WFN_qp.h5
  Sigma freq debug: sigma_freq_debug.dat
  G0W0 diag (E_DFT):     /pscratch/sd/j/jackm/lorrax_sandbox/runs/MoS2/A_bse_figures_2026-07-20/_gnppm_bisect/work/cur_1600_full/eqp_g0w0.dat

  Sigma diag:   /pscratch/sd/j/jackm/lorrax_sandbox/runs/MoS2/A_bse_figures_2026-07-20/_gnppm_bisect/work/cur_1600_full/sigma_diag.dat
  BGW eqp0:     /pscratch/sd/j/jackm/lorrax_sandbox/runs/MoS2/A_bse_figures_2026-07-20/_gnppm_bisect/work/cur_1600_full/eqp0.dat
  BGW eqp1:     /pscratch/sd/j/jackm/lorrax_sandbox/runs/MoS2/A_bse_figures_2026-07-20/_gnppm_bisect/work/cur_1600_full/eqp1.dat
  Sigma(ω):     /pscratch/sd/j/jackm/lorrax_sandbox/runs/MoS2/A_bse_figures_2026-07-20/_gnppm_bisect/work/cur_1600_full/sigma_mnk.h5
  Restart:      /pscratch/sd/j/jackm/lorrax_sandbox/runs/MoS2/A_bse_figures_2026-07-20/_gnppm_bisect/work/cur_1600_full/tmp/isdf_tensors_1600.h5

--- Timing ---
Total recorded: 90.763 s
Section                                            Count    Total[s]     Self[s]      %
gw_jax.load_centroid_wfns                              1       3.370       0.286    3.7
  load_centroids.loader_load                           1       0.647       0.647    0.7
  load_centroids.gflat_to_rmu                          1       0.402       0.402    0.4
  load_centroids.reshard                               1       2.035       2.035    2.2
gw_jax.zeta_fit_chunked                                1      47.801       0.192   52.7
  zeta_fit.slice_halves                                1       0.084       0.084    0.1
  zeta_fit.CCT                                         1       0.072       0.072    0.1
  zeta_fit.cholesky                                    1       5.404       5.404    6.0
  zeta_fit.gc_pre_chunk_loop                           1       0.105       0.105    0.1
  zeta_fit.write_headers                               1       0.084       0.084    0.1
  zeta_fit.open_file                                   1       0.045       0.045    0.0
  psi_G_store.populate.loader_load                    13       0.670       0.670    0.7
  psi_G_store.populate.shard_to_host                  13       0.009       0.009    0.0
  zeta_fit.chunk_loop                                  1      39.864       0.000   43.9
    zeta_fit.chunk.fit_one_rchunk                      2      39.554       0.037   43.6
      zeta_fit.chunk.z_q_build                         2       5.781       5.781    6.4
      zeta_fit.chunk.solve                             2      33.735      33.735   37.2
    zeta_fit.chunk.h5_write                            2       0.310       0.310    0.3
  zeta_fit.write_g_flat                                1       0.464       0.464    0.5
  zeta_fit.close_io                                    1       0.805       0.805    0.9
  zeta_fit.sync_global                                 1       0.002       0.002    0.0
gw_jax.V_q_compute                                     1       5.742       5.742    6.3
gw_jax.wavefunction_setup                              1       0.033       0.033    0.0
gw_jax.chi0_W                                          1       2.136       0.000    2.4
  chi.compile                                          1       0.128       0.128    0.1
  chi.exec                                             1       0.127       0.127    0.1
  W.compile                                            1       0.071       0.071    0.1
  W.exec                                               1       1.810       1.810    2.0
gw_jax.sigma                                           1      31.680       1.383   34.9
  gw_jax.ppm_sigma                                     1      30.297       6.494   33.4
    sigma.compile                                      1       0.430       0.430    0.5
    sigma.exec                                         1      23.373      23.373   25.8
