srun: Step created for StepId=51710852.35
JAX: 1 gpu devices
== Chunked kin_ion_io ==
Loading WFN: WFN.h5
Bands: 328, FFT grid: (36, 36, 36), k-points: 8
sys_dim: 3
Devices: 1
Pseudopotentials: ['Si']
Coulomb truncation: 3D bulk
Building V_loc...
Building unified V_NL setup...

Processing 8 k-points...
  k=1/8...

Writing to /pscratch/sd/j/jackm/lorrax_sandbox/runs/Si_pseudobands/00_si_2x2x2_60Ry/cohsex_sweep5/v1_k6_50w_s0/kin_ion.h5...
Wrote kin_ion.h5: shape (8, 328, 328), sys_dim=3
--- Timing (seconds) ---
Total recorded: 7.425 s
Section                                            Count    Total[s]     Self[s]      %
load_wfn                                               1       0.145       0.145    2.0
build_V_loc                                            1       0.804       0.804   10.8
k0                                                     1       2.362       2.362   31.8
k1                                                     1       1.649       1.649   22.2
k2                                                     1       0.143       0.143    1.9
k3                                                     1       1.694       1.694   22.8
k4                                                     1       0.142       0.142    1.9
k5                                                     1       0.151       0.151    2.0
k6                                                     1       0.168       0.168    2.3
k7                                                     1       0.150       0.150    2.0
write_h5                                               1       0.017       0.017    0.2
