/pscratch/sd/j/jackm/lorrax_sandbox/runs/MoS2/A_bse_bands_perf_2026-07-18/12x12/../profile_stages.py:61: DeprecationWarning: Input key 'output_file' is no longer supported and will be ignored.  ``output_file`` (LORRAX-native eqp0) is now ``sigma_diag_file`` (defaults to ``sigma_diag.dat``); BGW-format ``eqp0.dat`` and ``eqp1.dat`` (with Z-linearization) are written automatically.  Remove 'output_file' from your input file.
  params = read_lorrax_input(args.input)
/pscratch/sd/j/jackm/lorrax_sandbox/runs/MoS2/A_bse_bands_perf_2026-07-18/12x12/../profile_stages.py:61: DeprecationWarning: Input key 'self_consistent' is deprecated; it is honored via ``qp_solver = auto`` resolution.  Set 'qp_solver = self_consistent' instead.
  params = read_lorrax_input(args.input)
/pscratch/sd/j/jackm/lorrax_sandbox/runs/MoS2/A_bse_bands_perf_2026-07-18/12x12/../profile_stages.py:61: DeprecationWarning: Input key 'sigma_at_dft_energies' is deprecated; it is honored via ``qp_solver = auto`` resolution.  Set 'qp_solver = one_shot_dft (the default)' instead.
  params = read_lorrax_input(args.input)
BSE-sharded: q=0 head injected (rank-1, dual-sharded G0, V_cell=702.20): vhead=9315.306, whead[0]=3499.067
[T] load_bse                                        3.75 s
/opt/jax/jax/_src/interpreters/mlir.py:1178: UserWarning: Some donated buffers were not usable: ShapedArray(complex128[144,8,2,23040]).
See an explanation at https://jax.readthedocs.io/en/latest/faq.html#buffer-donation.
  warnings.warn("Some donated buffers were not usable:"
  Streaming Galerkin: nk=144, nb=8, nr=46080, n_mu=640, mesh=(2x2)
  load_centroids_band_chunked: 3.36s
  SVD of (1152, 1280): rank=1152, σ_max=2.831e+00, σ_min/1e-08=1.637e-06 (1.07s)
  G accumulation: 1 chunk(s), 0.82s
  Cholesky of G: 0.29s
  ctilde[0] orthogonality error: 7.327e-15
  Total Galerkin: 6.37s
Loaded wavefunctions: nk=144, nb=8, rank=1152
[T] ht.initialize_wfns                              7.52 s
  bse_setup: (12, 12, 1) → explicit q-list (432 q-pts), bands [2, 6) of 1152, batch=32
  f-transform: a=0.363550 Ry, n=3.00, shift=-0.105384 Ry
  bundle: psi_rmu_Y=(432, 4, 2, 640), psi_rmuT_X=(432, 640, 4, 2)
[T] ht.compute_wfns_fi(3Q x 144k = 432q)            6.24 s
  bse_setup: (12, 12, 1) → explicit q-list (432 q-pts), bands [2, 6) of 1152, batch=32
  f-transform: a=0.363550 Ry, n=3.00, shift=-0.105384 Ry
  bundle: psi_rmu_Y=(432, 4, 2, 640), psi_rmuT_X=(432, 640, 4, 2)
[T] ht.compute_wfns_fi warm(same)                   4.84 s
[T]   warm per-32-batch:     345.8 ms (14 batches)

[T] ===== summary =====
[T] load_bse                                        3.75 s
[T] ht.initialize_wfns                              7.52 s
[T] ht.compute_wfns_fi(3Q x 144k = 432q)            6.24 s
[T] ht.compute_wfns_fi warm(same)                   4.84 s
