
 BerkeleyGW version 4.0
 Sigma code, Complex version, run on 05-May-2026 at 16:59:49 -0700

                                                                 ..o.          
                                                                .oxxo.         
                                                               .oxxxxo...      
                                                               oxxxxxxo.       
                                                              .oxxxxxxx.       
                                                              .ooooooxxo..     
                                                              .oooooooxo..     
                                                              .oooooxxo...     
                                                       .........oxooo......    
                                                 ............................  
                                             ................................. 
                                          .................................... 
           .          ..oo. ....  .................................oooxxxxxxxo.
     .............oxxxx@ox@@@x@x.....................o...........ooooooooooxx. 
    .o.........oox@x.oo........xxx@@............ooxxxxo..........ooooxxxxxoxo  
    .x........x@xxo...............o@xxo........oxxx@@@xoooooooooooooooxxxo...  
    .o......ox@@o..................oox@o.....ooxxx@xoooxxxxxxxoooooooooooo.... 
    o..ooooo@@xoooo....ooo...........x@o.....ooxxxxo   .oxxxxxxxxxxooooooo.... 
    . .oooo@@@@@@@@@@@@@@@@@@@@@@@@@@@@@@....ooooox.     .oxx@@@@@xxoo........ 
      .ooooxxxxxxxooooooxooooooooooooooxo...oooooxx.        ..ox@xxxoo.........
      .ooooooxxxx@xoooooooooooooxxoooooooooooxxxxx.            .oxxooooooooxxo.
     .oooooxxxxx@@@xxxxxxxxxxxxxxxxxxxxxxxxoxxxxo.                .oxxxxxxxxo. 
   ....oooxxxxx@@@xo..oxxx@@@@@@xxxxoxxoooooooxx.                  .oxxxoo..   
  .....ooxxxx@@xo.       ........    .ooooooooxxo                              
  ..oooxxxx@@@o                       .oooooooxoo.                             
  ....oxooxxxxx.                       .ooo..oooo.                             
  .....o.ooxxxxxo.                     .oooooooxo.                             
 ......ooooxxxxxxo.                     .ooooooxoo..                           
........ooxxxxxxxo..                     .o....oxoo...                         
.......ooooxxxxxxxo.                     ........oooo.                         
.ooooooo..ooxxxxoooo.                    .........ooo...                       
..oxo...ooooxxxoooo..                    .ooo......oooo...                     
  .ooooo....o.                            .oxxxoo....ooo....                   
    .oooooo...                              ...ooooo...ooo..                   
       ...                                     .oo.......                      
                                               ....ooo...                      
                      __              __                                       
 ______              [  |            [  |                 ._____  _          _ 
|_   _               | |  _          | |                /  ___ | |        | |
  | |_) | .---.  _. _.| | / |  .---.  | | .---.  _    _ / /    _|   /  / / 
  |  __'./ /__\[ /`_| '' <  / /__\ | |/ /__\|   | | |   _____  /  / /  
 _| |__| | __. | |   | |`  | ___. | || ___.  / /  .___| |    /  /   
|_______/ .__./[_]  [__|  _] .__./[___].__./    /   .____./    /  /    
                                                  / /                          
                                                 /_/                           
 --------------------------------------------------------------------------------
 Please cite the main BerkeleyGW paper when using results from this calculation:

 Jack Deslippe, Georgy Samsonidze, David A. Strubbe, Manish Jain, Marvin L.
 Cohen, and Steven G. Louie, "BerkeleyGW: A Massively Parallel Computer Package
 for the Calculation of the Quasiparticle and Optical Properties of Materials
 and Nanostructures," Comput. Phys. Commun. 183, 1269 (2012)

 Aditionally, PLEASE CITE ALL PAPERS REPORTED AT THE END OF THIS CALCULATION.
 --------------------------------------------------------------------------------

 Running MPI version (parallel)
 Running with 4 MPI task(s)
 Using OpenMP. Number of threads per MPI task: 16

 Compilation flags:
 - Compiler: NVHPC
 - Para. flags: MPI, OMP
 - Math  flags: USESCALAPACK, UNPACKED, USEFFTW3, HDF5
 - Debug flags: 

 Running with verbosity level 1 (default).


 NOTE: `screened_coulomb_cutoff` and `bare_coulomb_cutoff` are now optional flags.

 Using the static COHSEX approximation

 We are communicating via MPI

 Using Collectives (MPI_BCast) Communication Scheme
 
 Computing CH as a partial sum over empty bands

 Running with semiconductor screening

 We are using no truncation
 Cutoff for Monte-Carlo average of Coulomb potential: 1.000E-012 Ry

 Reading (Kinetic energy + Ionic potential + Hartree) matrix elements from kih.dat file

 Treating W within the Static COHSEX approximation
 
 Memory available: 59167.5 MB per PE
 
 Read from eps0mat.h5:
 - Number of G-vectors in the charge-density grid: 16889
 - Max. number of G-vectors for dielectric matrices: 2109
 - Cutoff of the dielectric matrix (Ry): 60.000
 - Number of imaginary frequencies: 0
 - Total number of frequencies: 1
 - Frequency dependence: 0
 - Number of q-points: 1
 - Q grid: 2 2 2
 
 Read from epsmat.h5:
 - Number of G-vectors in the charge-density grid: 16889
 - Max. number of G-vectors for dielectric matrices: 2120
 - Cutoff of the dielectric matrix: 60.000
 - Number of imaginary frequencies: 0
 - Total number of frequencies: 1
 - Frequency dependence: 0
 - Number of q-points: 3
 - Q grid: 2 2 2
 
 Reading header of WFN_inner.h5
 *******************************
 Conduction pseudobands detected: setting dont_check_norms and degeneracy_check_override.
 *******************************
 Highest occupied band (unshifted grid) = 8
 Valence max    (unshifted grid) = 6.294142 eV
 Conduction min (unshifted grid) = 6.968806 eV
 Middle energy  (unshifted grid) = 6.631474 eV
 Fermi  energy  (unshifted grid) = 6.631474 eV

 
 Calculation parameters:
 - Cutoff of the bare Coulomb interaction (Ry): 60.00
 - Cutoff of the screened Coulomb interaction (Ry): 60.00
 - Number of G-vectors up to the bare int. cutoff: 2109
 - Number of G-vectors up to the screened int. cutoff: 2109
 - Total number of bands in the calculation: 215
 - Number of fully occupied valence bands: 8
 - Number of partially occ. conduction bands: 0
 
 Memory required for execution: 125.0 MB per PE
 Memory required for vcoul: 114.4 MB per PE
 
WARNING: Selected number of bands for CH sum (number_bands) breaks degenerate subspace. Run degeneracy_check.x for allowable numbers.
 
 Number of electrons per unit cell (from ifmax) = 8.000000
 Number of electrons per unit cell (from occupations) = 0.000000
 Plasma Frequency = 1.220146 Ry

 WARNING: No electrons per unit cell (from occupations)!
 WARNING: Discrepancy between number of electron per unit cell from ifmax and from occupations.
 Q-grid symmetries are being used.
 
 Parallelization report:
 - Using 4 processor(s), 1 pool(s), 4 processor(s) per pool.
 - Each pool is computing 16 diagonal sigma matrix element(s).
 - Each pool is computing 0 off-diagonal sigma matrix element(s).
 - Each pool is holding 53 to 54 band(s).
 - Note: distribution is not ideal because the total number of bands
   (215) is not divisible by the number of processors per pool (4).
 
 
 Started reading wavefunctions (WFN_inner) with 860 state(s) at 16:59:50.
 Reading band block from WFN_inner.h5
 Reading using H5FD_MPIO_COLLECTIVE.
 Using communication style:  1
 
 [ 16:59:50 |   0% ] state   1 / 860.
 [ 16:59:50 |   0% ] state   3 / 860, remaining: 0 s.
 [ 16:59:50 |  10% ] state  86 / 860, remaining: 0 s.
 [ 16:59:50 |  20% ] state 172 / 860, remaining: 0 s.
 [ 16:59:50 |  30% ] state 258 / 860, remaining: 0 s.
 [ 16:59:50 |  40% ] state 344 / 860, remaining: 0 s.
 [ 16:59:50 |  50% ] state 430 / 860, remaining: 0 s.
 [ 16:59:50 |  60% ] state 516 / 860, remaining: 0 s.
 [ 16:59:50 |  70% ] state 602 / 860, remaining: 0 s.
 [ 16:59:50 |  80% ] state 688 / 860, remaining: 0 s.
 [ 16:59:50 |  90% ] state 774 / 860, remaining: 0 s.
 [ 16:59:50 | 100% ] state 860 / 860, remaining: 0 s.
 Finished reading wavefunctions (WFN_inner) at 16:59:50.
 Elapsed time: 0 s.
 

 Scissors parameters:
 - Valence:    es =   0.0000 eV, e0 =   0.0000 eV, edel =   0.0000
 - Conduction: es =   0.0000 eV, e0 =   0.0000 eV, edel =   0.0000

 Scissors parameters (outer):
 - Valence:    es =   0.0000 eV, e0 =   0.0000 eV, edel =   0.0000
 - Conduction: es =   0.0000 eV, e0 =   0.0000 eV, edel =   0.0000

 Number of bands to compute diagonal self-energy matrix elements: 16
 Bands:
 - 1
 - 2
 - 3
 - 4
 - 5
 - 6
 - 7
 - 8
 - 9
 - 10
 - 11
 - 12
 - 13
 - 14
 - 15
 - 16
 Number of off-diagonal bands to compute self-energy matrix elements: 0
 
 GPU acceleration is : ENABLED
 
 Algorithms used:
 - mtxel     : OPENACC_ALGO
 - sigma_gpp : OPENACC_ALGO

 Total number of frequencies in the dielectric matrix: 1
 Number of imag. frequencies in the dielectric matrix: 0

 
 Started reading eps0mat.h5 with 1 q-point(s) at 16:59:50.
 [ 16:59:50 |   0% ] q-point 1 / 1.
 Finished reading eps0mat.h5 at 16:59:50.
 Elapsed time: 0 s.
 
 
 Started reading epsmat.h5 with 3 q-point(s) at 16:59:50.
 [ 16:59:50 |   0% ] q-point 1 / 3.
 [ 16:59:50 |  33% ] q-point 2 / 3.
 [ 16:59:51 |  67% ] q-point 3 / 3, remaining: 0 s.
 Finished reading epsmat.h5 at 16:59:51.
 Elapsed time: 0 s.
 
 Number of k-points in WFN_inner: 4
 Number of k-points in the full BZ of WFN_inner: 8
 
================================================================================
 16:59:51   Dealing with k =  0.000000  0.000000  0.000000                 1 / 4
================================================================================

 Reading kih.dat
 Number of q-points in the irreducible BZ(k) (nrq): 3

 Using GPU support via OpenACC/OMP-Target implementation
 Band block size in MTXEL:    20
 
 Started calculating Sigma with 48 block(s) at 16:59:51.
 [ 16:59:52 |   0% ] block  1 / 48.
 [ 16:59:53 |   4% ] block  3 / 48, remaining: 6 s.
 [ 16:59:53 |   8% ] block  5 / 48, remaining: 5 s.
 [ 16:59:54 |  19% ] block 10 / 48, remaining: 5 s.
 [ 16:59:54 |  29% ] block 15 / 48, remaining: 4 s.
 [ 16:59:55 |  40% ] block 20 / 48, remaining: 3 s.
 [ 16:59:55 |  48% ] block 24 / 48, remaining: 2 s.
 [ 16:59:55 |  58% ] block 29 / 48, remaining: 2 s.
 [ 16:59:55 |  69% ] block 34 / 48, remaining: 1 s.
 [ 16:59:55 |  79% ] block 39 / 48, remaining: 1 s.
 [ 16:59:56 |  90% ] block 44 / 48, remaining: 0 s.
 [ 16:59:56 |  98% ] block 48 / 48, remaining: 0 s.
 Finished calculating Sigma at 16:59:56.
 Elapsed time: 5 s.
 
 Unsymmetrized values for ik =   1 spin = 1
 
     n      Emf       Eo      KIH        X     SX-X       CH      Cor      Sig
     1   -5.697   -5.697    5.103  -16.544   12.265  -10.080    2.185  -14.359
     2   -5.697   -5.697    5.103  -16.544   12.265  -10.080    2.185  -14.359
     3    6.246    6.246   17.950  -13.714    9.678  -10.738   -1.060  -14.774
     4    6.246    6.246   17.950  -13.714    9.657  -10.738   -1.081  -14.795
     5    6.294    6.294   17.993  -13.537    9.592  -10.764   -1.171  -14.708
     6    6.294    6.294   17.993  -13.882    9.706  -10.692   -0.985  -14.867
     7    6.294    6.294   17.993  -13.484    9.556  -10.781   -1.225  -14.709
     8    6.294    6.294   17.993  -13.901    9.778  -10.705   -0.927  -14.828
     9    8.792    8.792   19.123   -4.924    2.960   -9.756   -6.796  -11.719
    10    8.792    8.792   19.123   -4.924    2.947   -9.756   -6.809  -11.733
    11    8.827    8.827   19.150   -5.254    3.174   -9.750   -6.576  -11.830
    12    8.827    8.827   19.150   -4.827    2.906   -9.748   -6.841  -11.668
    13    8.827    8.827   19.150   -4.755    2.827   -9.750   -6.923  -11.678
    14    8.827    8.827   19.150   -4.811    2.871   -9.754   -6.883  -11.694
    15    9.626    9.626   21.353   -5.001    2.864  -10.699   -7.835  -12.836
    16    9.626    9.626   21.353   -5.001    2.864  -10.699   -7.835  -12.836

 Symmetrized values from band-averaging:

       k =  0.000000  0.000000  0.000000 ik =   1 spin = 1

     n      Emf       Eo      KIH        X      Cor     Eqp0     Eqp1      Znk
     1   -5.697   -5.697    5.103  -16.544    2.185   -9.257   -9.257    1.000
     2   -5.697   -5.697    5.103  -16.544    2.185   -9.257   -9.257    1.000
     3    6.246    6.246   17.950  -13.714   -1.071    3.166    3.166    1.000
     4    6.246    6.246   17.950  -13.714   -1.071    3.166    3.166    1.000
     5    6.294    6.294   17.993  -13.701   -1.077    3.215    3.215    1.000
     6    6.294    6.294   17.993  -13.701   -1.077    3.215    3.215    1.000
     7    6.294    6.294   17.993  -13.701   -1.077    3.215    3.215    1.000
     8    6.294    6.294   17.993  -13.701   -1.077    3.215    3.215    1.000
     9    8.792    8.792   19.123   -4.924   -6.802    7.397    7.397    1.000
    10    8.792    8.792   19.123   -4.924   -6.802    7.397    7.397    1.000
    11    8.827    8.827   19.150   -4.912   -6.806    7.433    7.433    1.000
    12    8.827    8.827   19.150   -4.912   -6.806    7.433    7.433    1.000
    13    8.827    8.827   19.150   -4.912   -6.806    7.433    7.433    1.000
    14    8.827    8.827   19.150   -4.912   -6.806    7.433    7.433    1.000
    15    9.626    9.626   21.353   -5.001   -7.835    8.518    8.518    1.000
    16    9.626    9.626   21.353   -5.001   -7.835    8.518    8.518    1.000
 
================================================================================
 16:59:56   Dealing with k = -0.000000 -0.000000  0.500000                 2 / 4
================================================================================

 Reading kih.dat
 Number of q-points in the irreducible BZ(k) (nrq): 4

 Using GPU support via OpenACC/OMP-Target implementation
 Band block size in MTXEL:    20
 
 Started calculating Sigma with 64 block(s) at 16:59:56.
 [ 16:59:56 |   0% ] block  1 / 64.
 [ 16:59:57 |   3% ] block  3 / 64, remaining: 7 s.
 [ 16:59:57 |   9% ] block  7 / 64, remaining: 7 s.
 [ 16:59:58 |  19% ] block 13 / 64, remaining: 6 s.
 [ 16:59:58 |  30% ] block 20 / 64, remaining: 5 s.
 [ 16:59:59 |  39% ] block 26 / 64, remaining: 4 s.
 [ 16:59:59 |  50% ] block 33 / 64, remaining: 3 s.
 [ 16:59:59 |  59% ] block 39 / 64, remaining: 2 s.
 [ 17:00:00 |  69% ] block 45 / 64, remaining: 1 s.
 [ 17:00:00 |  80% ] block 52 / 64, remaining: 1 s.
 [ 17:00:00 |  89% ] block 58 / 64, remaining: 0 s.
 Finished calculating Sigma at 17:00:01.
 Elapsed time: 4 s.
 
 Unsymmetrized values for ik =   2 spin = 1
 
     n      Emf       Eo      KIH        X     SX-X       CH      Cor      Sig
     1   -3.363   -3.363    7.885  -16.066   11.802  -10.415    1.387  -14.679
     2   -3.363   -3.363    7.885  -16.066   11.802  -10.415    1.387  -14.679
     3   -0.707   -0.707    9.791  -13.868   10.184   -9.844    0.340  -13.528
     4   -0.707   -0.707    9.791  -13.868   10.184   -9.844    0.340  -13.528
     5    5.057    5.057   16.471  -13.539    9.665  -10.539   -0.874  -14.413
     6    5.057    5.057   16.471  -13.539    9.663  -10.539   -0.876  -14.414
     7    5.088    5.088   16.499  -13.528    9.658  -10.537   -0.879  -14.407
     8    5.088    5.088   16.499  -13.528    9.654  -10.537   -0.883  -14.411
     9    7.800    7.800   18.352   -5.038    2.939   -9.851   -6.912  -11.950
    10    7.800    7.800   18.352   -5.038    2.939   -9.851   -6.912  -11.950
    11    9.587    9.587   19.474   -4.431    2.610   -9.413   -6.803  -11.234
    12    9.587    9.587   19.474   -4.431    2.608   -9.413   -6.805  -11.236
    13    9.601    9.601   19.483   -4.426    2.601   -9.408   -6.807  -11.233
    14    9.601    9.601   19.483   -4.426    2.609   -9.408   -6.799  -11.225
    15   13.996   13.996   21.840   -2.020    0.817   -7.826   -7.009   -9.029
    16   13.996   13.996   21.840   -2.020    0.817   -7.826   -7.009   -9.029

 Symmetrized values from band-averaging:

       k = -0.000000 -0.000000  0.500000 ik =   2 spin = 1

     n      Emf       Eo      KIH        X      Cor     Eqp0     Eqp1      Znk
     1   -3.363   -3.363    7.885  -16.066    1.387   -6.795   -6.795    1.000
     2   -3.363   -3.363    7.885  -16.066    1.387   -6.795   -6.795    1.000
     3   -0.707   -0.707    9.791  -13.868    0.340   -3.737   -3.737    1.000
     4   -0.707   -0.707    9.791  -13.868    0.340   -3.737   -3.737    1.000
     5    5.057    5.057   16.471  -13.539   -0.875    2.057    2.057    1.000
     6    5.057    5.057   16.471  -13.539   -0.875    2.057    2.057    1.000
     7    5.088    5.088   16.499  -13.528   -0.881    2.090    2.090    1.000
     8    5.088    5.088   16.499  -13.528   -0.881    2.090    2.090    1.000
     9    7.800    7.800   18.352   -5.038   -6.912    6.402    6.402    1.000
    10    7.800    7.800   18.352   -5.038   -6.912    6.402    6.402    1.000
    11    9.587    9.587   19.474   -4.431   -6.804    8.239    8.239    1.000
    12    9.587    9.587   19.474   -4.431   -6.804    8.239    8.239    1.000
    13    9.601    9.601   19.483   -4.426   -6.803    8.253    8.253    1.000
    14    9.601    9.601   19.483   -4.426   -6.803    8.253    8.253    1.000
    15   13.996   13.996   21.840   -2.020   -7.009   12.811   12.811    1.000
    16   13.996   13.996   21.840   -2.020   -7.009   12.811   12.811    1.000
 
================================================================================
 17:00:01   Dealing with k =  0.000000  0.500000  0.500000                 3 / 4
================================================================================

 Reading kih.dat
 Number of q-points in the irreducible BZ(k) (nrq): 4

 Using GPU support via OpenACC/OMP-Target implementation
 Band block size in MTXEL:    20
 
 Started calculating Sigma with 64 block(s) at 17:00:01.
 [ 17:00:01 |   0% ] block  1 / 64.
 [ 17:00:02 |   3% ] block  3 / 64, remaining: 10 s.
 [ 17:00:02 |   9% ] block  7 / 64, remaining: 9 s.
 [ 17:00:03 |  19% ] block 13 / 64, remaining: 8 s.
 [ 17:00:04 |  30% ] block 20 / 64, remaining: 6 s.
 [ 17:00:04 |  39% ] block 26 / 64, remaining: 4 s.
 [ 17:00:05 |  50% ] block 33 / 64, remaining: 3 s.
 [ 17:00:05 |  59% ] block 39 / 64, remaining: 2 s.
 [ 17:00:05 |  69% ] block 45 / 64, remaining: 2 s.
 [ 17:00:06 |  80% ] block 52 / 64, remaining: 1 s.
 [ 17:00:06 |  89% ] block 58 / 64, remaining: 1 s.
 Finished calculating Sigma at 17:00:06.
 Elapsed time: 5 s.
 
 Unsymmetrized values for ik =   3 spin = 1
 
     n      Emf       Eo      KIH        X     SX-X       CH      Cor      Sig
     1   -1.550   -1.550    9.700  -15.133   10.942  -10.373    0.569  -14.564
     2   -1.550   -1.550    9.700  -15.281   11.233  -10.430    0.803  -14.478
     3   -1.550   -1.550    9.700  -15.330   11.316  -10.448    0.868  -14.461
     4   -1.550   -1.550    9.700  -15.198   11.056  -10.397    0.659  -14.539
     5    3.412    3.412   14.298  -13.555    9.706  -10.117   -0.412  -13.967
     6    3.412    3.412   14.298  -13.143    9.559  -10.153   -0.594  -13.736
     7    3.412    3.412   14.298  -13.447    9.657  -10.132   -0.475  -13.922
     8    3.412    3.412   14.298  -12.904    9.481  -10.186   -0.705  -13.610
     9    6.969    6.969   16.146   -3.605    2.001   -8.762   -6.761  -10.366
    10    6.969    6.969   16.146   -3.678    2.055   -8.772   -6.718  -10.396
    11    6.969    6.969   16.146   -4.764    2.883   -8.929   -6.046  -10.810
    12    6.969    6.969   16.146   -4.758    2.878   -8.928   -6.050  -10.808
    13   16.361   16.361   27.465   -3.778    1.941  -10.314   -8.373  -12.151
    14   16.361   16.361   27.465   -3.762    1.940  -10.318   -8.378  -12.140
    15   16.361   16.361   27.465   -3.768    1.936  -10.314   -8.378  -12.147
    16   16.361   16.361   27.465   -3.771    1.943  -10.320   -8.377  -12.148

 Symmetrized values from band-averaging:

       k =  0.000000  0.500000  0.500000 ik =   3 spin = 1

     n      Emf       Eo      KIH        X      Cor     Eqp0     Eqp1      Znk
     1   -1.550   -1.550    9.700  -15.235    0.725   -4.810   -4.810    1.000
     2   -1.550   -1.550    9.700  -15.235    0.725   -4.810   -4.810    1.000
     3   -1.550   -1.550    9.700  -15.235    0.725   -4.810   -4.810    1.000
     4   -1.550   -1.550    9.700  -15.235    0.725   -4.810   -4.810    1.000
     5    3.412    3.412   14.298  -13.262   -0.546    0.489    0.489    1.000
     6    3.412    3.412   14.298  -13.262   -0.546    0.489    0.489    1.000
     7    3.412    3.412   14.298  -13.262   -0.546    0.489    0.489    1.000
     8    3.412    3.412   14.298  -13.262   -0.546    0.489    0.489    1.000
     9    6.969    6.969   16.146   -4.201   -6.394    5.551    5.551    1.000
    10    6.969    6.969   16.146   -4.201   -6.394    5.551    5.551    1.000
    11    6.969    6.969   16.146   -4.201   -6.394    5.551    5.551    1.000
    12    6.969    6.969   16.146   -4.201   -6.394    5.551    5.551    1.000
    13   16.361   16.361   27.465   -3.770   -8.377   15.319   15.319    1.000
    14   16.361   16.361   27.465   -3.770   -8.377   15.319   15.319    1.000
    15   16.361   16.361   27.465   -3.770   -8.377   15.319   15.319    1.000
    16   16.361   16.361   27.465   -3.770   -8.377   15.319   15.319    1.000
 
================================================================================
 17:00:06   Dealing with k =  0.500000  0.500000  0.500000                 4 / 4
================================================================================

 Reading kih.dat
 Number of q-points in the irreducible BZ(k) (nrq): 4

 Using GPU support via OpenACC/OMP-Target implementation
 Band block size in MTXEL:    20
 
 Started calculating Sigma with 64 block(s) at 17:00:07.
 [ 17:00:07 |   0% ] block  1 / 64.
 [ 17:00:07 |   3% ] block  3 / 64, remaining: 7 s.
 [ 17:00:08 |   9% ] block  7 / 64, remaining: 7 s.
 [ 17:00:08 |  19% ] block 13 / 64, remaining: 6 s.
 [ 17:00:09 |  30% ] block 20 / 64, remaining: 5 s.
 [ 17:00:09 |  39% ] block 26 / 64, remaining: 4 s.
 [ 17:00:10 |  50% ] block 33 / 64, remaining: 3 s.
 [ 17:00:10 |  59% ] block 39 / 64, remaining: 2 s.
 [ 17:00:10 |  69% ] block 45 / 64, remaining: 2 s.
 [ 17:00:11 |  80% ] block 52 / 64, remaining: 1 s.
 [ 17:00:11 |  89% ] block 58 / 64, remaining: 0 s.
 Finished calculating Sigma at 17:00:11.
 Elapsed time: 4 s.
 
 Unsymmetrized values for ik =   4 spin = 1
 
     n      Emf       Eo      KIH        X     SX-X       CH      Cor      Sig
     1   -3.363   -3.363    7.885  -16.066   11.806  -10.418    1.388  -14.677
     2   -3.363   -3.363    7.885  -16.066   11.806  -10.418    1.388  -14.677
     3   -0.707   -0.707    9.791  -13.868   10.183   -9.840    0.343  -13.525
     4   -0.707   -0.707    9.791  -13.868   10.183   -9.840    0.343  -13.525
     5    5.057    5.057   16.471  -13.539    9.668  -10.539   -0.871  -14.410
     6    5.057    5.057   16.471  -13.539    9.667  -10.539   -0.871  -14.410
     7    5.088    5.088   16.499  -13.528    9.650  -10.536   -0.887  -14.415
     8    5.088    5.088   16.499  -13.528    9.669  -10.536   -0.867  -14.395
     9    7.800    7.800   18.352   -5.038    2.935   -9.854   -6.918  -11.956
    10    7.800    7.800   18.352   -5.038    2.935   -9.854   -6.918  -11.956
    11    9.587    9.587   19.474   -4.431    2.608   -9.418   -6.810  -11.241
    12    9.587    9.587   19.474   -4.431    2.613   -9.418   -6.805  -11.236
    13    9.601    9.601   19.483   -4.426    2.597   -9.414   -6.816  -11.243
    14    9.601    9.601   19.483   -4.426    2.617   -9.414   -6.797  -11.223
    15   13.996   13.996   21.840   -2.020    0.813   -7.822   -7.009   -9.030
    16   13.996   13.996   21.840   -2.020    0.813   -7.822   -7.009   -9.030

 Symmetrized values from band-averaging:

       k =  0.500000  0.500000  0.500000 ik =   4 spin = 1

     n      Emf       Eo      KIH        X      Cor     Eqp0     Eqp1      Znk
     1   -3.363   -3.363    7.885  -16.066    1.388   -6.793   -6.793    1.000
     2   -3.363   -3.363    7.885  -16.066    1.388   -6.793   -6.793    1.000
     3   -0.707   -0.707    9.791  -13.868    0.343   -3.734   -3.734    1.000
     4   -0.707   -0.707    9.791  -13.868    0.343   -3.734   -3.734    1.000
     5    5.057    5.057   16.471  -13.539   -0.871    2.061    2.061    1.000
     6    5.057    5.057   16.471  -13.539   -0.871    2.061    2.061    1.000
     7    5.088    5.088   16.499  -13.528   -0.877    2.094    2.094    1.000
     8    5.088    5.088   16.499  -13.528   -0.877    2.094    2.094    1.000
     9    7.800    7.800   18.352   -5.038   -6.918    6.396    6.396    1.000
    10    7.800    7.800   18.352   -5.038   -6.918    6.396    6.396    1.000
    11    9.587    9.587   19.474   -4.431   -6.807    8.236    8.236    1.000
    12    9.587    9.587   19.474   -4.431   -6.807    8.236    8.236    1.000
    13    9.601    9.601   19.483   -4.426   -6.807    8.250    8.250    1.000
    14    9.601    9.601   19.483   -4.426   -6.807    8.250    8.250    1.000
    15   13.996   13.996   21.840   -2.020   -7.009   12.811   12.811    1.000
    16   13.996   13.996   21.840   -2.020   -7.009   12.811   12.811    1.000

================================================================================

    n = band index.
  Emf = "inner" mean-field energy eigenvalue used to construct Sigma(E),
        read from WFN_inner.
   Eo = "outer" mean-field energy eigenvalue where we center the evaluation
        frequency grid {E} of Sigma(E). Defaults to Emf, unless
        you use WFN_outer and eqp_outer.dat / scissors_outer.
  Vxc = exchange-correlation pot., calculated from VXC or read from vxc.dat.
  KIH = Kinetic energy + Ionic potential + Hartree, read from kih.dat.
    X = bare exchange.
   SX = screened exchange contrib. to Sigma(E) at energy E=Eo
   CH = Coulomb hole contrib. to Sigma(E) at energy E=Eo
  Cor = SX-X + CH = correlation portion of Sigma(E) at energy E=Eo.
  Sig = X + Cor = self energy, Sigma(E), at energy E=Eo.
 Eqp0 = on-shell QP energy = Emf - Vxc + Sig(Eo)
        Eqp0 is *not* the recommended quantity to use for QP properties.
 Eqp1 = off-shell solution to the linearized  Dyson`s equation
      = Eqp0 + (dSig/dE) / (1 - dSig/dE) * (Eqp0 - Eo),
        or a full linear interpolation if more freq. points where computed.
        Eqp1 is the recommended quantity to use for QP properties.
  Znk = quasiparticle renormalization factor

 General notes:
 - All energies are reported here in eV.
 - Both Emf and Vxc contain the average pot. Vxc0, so Vxc0 doesn`t affect Sigma.
 - Eqp1 and Eqp0 are Eqs. (36-37) from Hybertsen & Louie PRB 34 5390.
 - We recommend you use Eqp1 for QP properties of materials.

================================================================================


********************************************************************************
*                                                                              *
* Your calculation employed methods and algorithms published in peer-reviewed  *
* papers. Please, cite the following references to give proper credit to their *
*          authors and help support future development of BerkeleyGW.          *
*                                                                              *
********************************************************************************

 J. Deslippe, G. Samsonidze, D. A. Strubbe, M. Jain, M. L. Cohen, and S. G.
 Louie, BerkeleyGW: A Massively Parallel Computer Package for the Calculation
 of the Quasiparticle and Optical Properties of Materials and Nanostructures,
 Computer Physics Communications 183, 1269 (2012).

 M. S. Hybertsen and S. G. Louie, Electron Correlation in Semiconductors and
 Insulators: Band Gaps and Quasiparticle Energies, Phys. Rev. B 34, 5390
 (1986).

 B. A. Barker, and S. G. Louie, Electronic and Optical Properties of Solids
 with Strong Spin-Orbit Coupling, U. C. Berkeley PhD dissertation (2018).

 A. R. Altman, S. Kundu, F. H. da Jornada, Mixed Stochastic-Deterministic
 Approach for Many-Body Perturbation Theory Calculations, Phys. Rev. Lett. 132,
 086401 (2024).

 M. D. Ben, C. Yang, Z. Li, F. H. da Jornada, S. G. Louie, and J. Deslippe,
 Accelerating Large-Scale Excited-State GW Calculations on Leadership HPC
 Systems, SC20: International Conference for High Performance Computing,
 Networking, Storage and Analysis (2020).

********************************************************************************

 
 Timing information
 
                                CPU time (s)          WALL time (s)       Number
 Routine                       min        max        min        max     of calls
 -------------------------  ---------  ---------  ---------  ---------  --------
 - Epscopy Comm                  0.01       0.01       0.01       0.01         4
 - FFT Zero                      0.01       0.01       0.00       0.01       256
 - FFT Put                       0.00       0.00       0.00       0.00       256
 - FFT Plan                      0.86       0.87       0.86       0.88       384
 - FFT Exec                      3.56       3.66       3.56       3.66       384
 - FFT Mltply                    0.00       0.00       0.00       0.01       128
 - FFT Conjg                     0.00       0.00       0.00       0.01       128
 - FFT Get                       0.00       0.00       0.00       0.00       128
 - I/O TOTAL                     0.62       0.63       0.62       0.63         8
 - INPUT                         0.34       0.77       0.34       0.77         1
 - EPSCOPY                       0.57       0.57       0.57       0.57         1
 - FULLBZ                        0.00       0.00       0.00       0.00         2
 - VXC                           0.00       0.00       0.00       0.00         8
 - MTXEL_CH                      4.45       4.56       4.46       4.57        64
 - SUBGRP                        0.00       0.00       0.00       0.00         4
 - IRRBZ                         0.00       0.00       0.00       0.00         4
 - GMAP                          0.00       0.00       0.00       0.01        15
 - GENWF                         0.04       0.04       0.04       0.05        15
 - MTXEL                         2.40       2.48       2.40       2.48       240
 - MTXEL_COR TOT                10.40      10.54      10.40      10.54       240
 - VCOUL                         0.54       0.57       0.54       0.57        15
 - EPSREAD                       0.04       0.07       0.04       0.07        15
 - INPUT_OUTER                   0.00       0.00       0.00       0.00         1
 - MTXEL COMM                    0.00       0.00       0.00       0.00        15
 - BARE X                        0.00       0.09       0.00       0.09       244
 - WF COMM                       0.01       0.02       0.01       0.02         4
 - INPUT (READ)                  0.00       0.00       0.00       0.00       864
 - INPUT (WRITE)                 0.00       0.00       0.00       0.01       864
 - SUB-TRANSF TOT                0.00       0.00       0.00       0.00       240
 - M.COR INIT                    0.00       0.00       0.00       0.00       240
 - M.COR EPSINIT                 1.55       1.61       1.55       1.61       240
 - M.COR COMM                    1.47       1.80       1.49       1.81       960
 - M.COR SX+CH                   6.58       6.75       6.58       6.74     51600
 - READ NEPS                     0.00       0.42       0.00       0.42         1
 - EPSCOPY IO                    0.56       0.56       0.56       0.56         4
 - EQP LOOP TOTAL               18.12      18.13      18.12      18.13         4
 - TOTAL                        21.82      21.82      21.82      21.82         1
 
 Job Done
 
