
 frequency_dependence   0

 band_index     1    16
 sigma_matrix     0   0

 finite_difference_form  -2

 symmetries
 ntran  = 48
 mtrx01 =  1  0  0  0  1  0  0  0  1
 mtrx02 = -1 -1 -1  0  0  1  0  1  0
 mtrx03 =  0  1  0  1  0  0 -1 -1 -1
 mtrx04 =  0  0  1 -1 -1 -1  1  0  0
 mtrx05 =  1  1  1  0 -1  0  0  0 -1
 mtrx06 = -1  0  0  0  0 -1  0 -1  0
 mtrx07 =  0  0 -1 -1  0  0  1  1  1
 mtrx08 =  0 -1  0  1  1  1 -1  0  0
 mtrx09 = -1  0  0  0 -1  0  1  1  1
 mtrx10 =  0 -1  0 -1  0  0  0  0 -1
 mtrx11 =  1  1  1  0  0 -1 -1  0  0
 mtrx12 =  0  0 -1  1  1  1  0 -1  0
 mtrx13 = -1  0  0  1  1  1  0  0 -1
 mtrx14 =  0  0 -1  0 -1  0 -1  0  0
 mtrx15 =  1  1  1 -1  0  0  0 -1  0
 mtrx16 =  0 -1  0  0  0 -1  1  1  1
 mtrx17 =  0  1  0  0  0  1  1  0  0
 mtrx18 =  0  0  1  0  1  0 -1 -1 -1
 mtrx19 =  1  0  0 -1 -1 -1  0  1  0
 mtrx20 = -1 -1 -1  1  0  0  0  0  1
 mtrx21 =  0  0  1  1  0  0  0  1  0
 mtrx22 =  0  1  0 -1 -1 -1  0  0  1
 mtrx23 = -1 -1 -1  0  1  0  1  0  0
 mtrx24 =  1  0  0  0  0  1 -1 -1 -1
 mtrx25 = -1  0  0  0 -1  0  0  0 -1
 mtrx26 =  1  1  1  0  0 -1  0 -1  0
 mtrx27 =  0 -1  0 -1  0  0  1  1  1
 mtrx28 =  0  0 -1  1  1  1 -1  0  0
 mtrx29 = -1 -1 -1  0  1  0  0  0  1
 mtrx30 =  1  0  0  0  0  1  0  1  0
 mtrx31 =  0  0  1  1  0  0 -1 -1 -1
 mtrx32 =  0  1  0 -1 -1 -1  1  0  0
 mtrx33 =  1  0  0  0  1  0 -1 -1 -1
 mtrx34 =  0  1  0  1  0  0  0  0  1
 mtrx35 = -1 -1 -1  0  0  1  1  0  0
 mtrx36 =  0  0  1 -1 -1 -1  0  1  0
 mtrx37 =  1  0  0 -1 -1 -1  0  0  1
 mtrx38 =  0  0  1  0  1  0  1  0  0
 mtrx39 = -1 -1 -1  1  0  0  0  1  0
 mtrx40 =  0  1  0  0  0  1 -1 -1 -1
 mtrx41 =  0 -1  0  0  0 -1 -1  0  0
 mtrx42 =  0  0 -1  0 -1  0  1  1  1
 mtrx43 = -1  0  0  1  1  1  0 -1  0
 mtrx44 =  1  1  1 -1  0  0  0  0 -1
 mtrx45 =  0  0 -1 -1  0  0  0 -1  0
 mtrx46 =  0 -1  0  1  1  1  0  0 -1
 mtrx47 =  1  1  1  0 -1  0 -1  0  0
 mtrx48 = -1  0  0  0  0 -1  1  1  1
 
       k =  0.000000  0.000000  0.000000 ik =   1 spin = 1

   n            Emf             Eo              X           SX-X             CH            Sig            KIH           Eqp0           Eqp1            CH`           Sig`          Eqp0`          Eqp1`            Znk
   1   -5.697005295   -5.697005295  -16.544138878   12.264640587  -10.079771054  -14.359269345    5.102678584   -9.256590761   -9.256590761  -10.080062865  -14.359561156   -9.256882572   -9.256882572    1.000000000
   2   -5.697005295   -5.697005295  -16.544138878   12.264640587  -10.079771054  -14.359269345    5.102678584   -9.256590761   -9.256590761  -10.080062865  -14.359561156   -9.256882572   -9.256882572    1.000000000
   3    6.246361473    6.246361473  -13.713695353    9.667693693  -10.738456365  -14.784458026   17.950204006    3.165745980    3.165745980  -10.765167262  -14.811168923    3.139035083    3.139035083    1.000000000
   4    6.246361473    6.246361473  -13.713695353    9.667693693  -10.738456365  -14.784458026   17.950204006    3.165745980    3.165745980  -10.765167262  -14.811168923    3.139035083    3.139035083    1.000000000
   5    6.294141835    6.294141835  -13.700813739    9.658003813  -10.735256751  -14.778066677   17.993106913    3.215040236    3.215040236  -10.683725204  -14.726535130    3.266571783    3.266571783    1.000000000
   6    6.294141835    6.294141835  -13.700813739    9.658003813  -10.735256751  -14.778066677   17.993106913    3.215040236    3.215040236  -10.683725204  -14.726535130    3.266571783    3.266571783    1.000000000
   7    6.294141835    6.294141835  -13.700813739    9.658003813  -10.735256751  -14.778066677   17.993106913    3.215040236    3.215040236  -10.683725204  -14.726535130    3.266571783    3.266571783    1.000000000
   8    6.294141835    6.294141835  -13.700813739    9.658003813  -10.735256751  -14.778066677   17.993106913    3.215040236    3.215040236  -10.683725204  -14.726535130    3.266571783    3.266571783    1.000000000
   9    8.792480496    8.792480496   -4.923681358    2.953677531   -9.755997918  -11.726001745   19.123349945    7.397348200    7.397348200   -9.807343289  -11.777347116    7.346002829    7.346002829    1.000000000
  10    8.792480496    8.792480496   -4.923681358    2.953677531   -9.755997918  -11.726001745   19.123349945    7.397348200    7.397348200   -9.807343289  -11.777347116    7.346002829    7.346002829    1.000000000
  11    8.827245701    8.827245701   -4.911833781    2.944779689   -9.750702993  -11.717757085   19.150476097    7.432719012    7.432719012   -9.724764576  -11.691818668    7.458657429    7.458657429    1.000000000
  12    8.827245701    8.827245701   -4.911833781    2.944779689   -9.750702993  -11.717757085   19.150476097    7.432719012    7.432719012   -9.724764576  -11.691818668    7.458657429    7.458657429    1.000000000
  13    8.827245701    8.827245701   -4.911833781    2.944779689   -9.750702993  -11.717757085   19.150476097    7.432719012    7.432719012   -9.724764576  -11.691818668    7.458657429    7.458657429    1.000000000
  14    8.827245701    8.827245701   -4.911833781    2.944779689   -9.750702993  -11.717757085   19.150476097    7.432719012    7.432719012   -9.724764576  -11.691818668    7.458657429    7.458657429    1.000000000
  15    9.625622065    9.625622065   -5.000732920    2.864100274  -10.698998092  -12.835630737   21.353472584    8.517841847    8.517841847  -10.783057571  -12.919690217    8.433782367    8.433782367    1.000000000
  16    9.625622065    9.625622065   -5.000732920    2.864100274  -10.698998092  -12.835630737   21.353472584    8.517841847    8.517841847  -10.783057571  -12.919690217    8.433782367    8.433782367    1.000000000
 
       k = -0.000000 -0.000000  0.500000 ik =   2 spin = 1

   n            Emf             Eo              X           SX-X             CH            Sig            KIH           Eqp0           Eqp1            CH`           Sig`          Eqp0`          Eqp1`            Znk
   1   -3.363046818   -3.363046818  -16.065747568   11.801921211  -10.415341325  -14.679167682    7.884640040   -6.794527642   -6.794527642  -10.408944236  -14.672770593   -6.788130553   -6.788130553    1.000000000
   2   -3.363046818   -3.363046818  -16.065747568   11.801921211  -10.415341325  -14.679167682    7.884640040   -6.794527642   -6.794527642  -10.408944236  -14.672770593   -6.788130553   -6.788130553    1.000000000
   3   -0.707274858   -0.707274858  -13.867984732   10.184052433   -9.844427554  -13.528359853    9.791021862   -3.737337991   -3.737337991   -9.887330094  -13.571262392   -3.780240530   -3.780240530    1.000000000
   4   -0.707274858   -0.707274858  -13.867984732   10.184052433   -9.844427554  -13.528359853    9.791021862   -3.737337991   -3.737337991   -9.887330094  -13.571262392   -3.780240530   -3.780240530    1.000000000
   5    5.056658076    5.056658076  -13.538588447    9.664181943  -10.539330902  -14.413737405   16.470572830    2.056835425    2.056835425  -10.498006538  -14.372413041    2.098159790    2.098159790    1.000000000
   6    5.056658076    5.056658076  -13.538588447    9.664181943  -10.539330902  -14.413737405   16.470572830    2.056835425    2.056835425  -10.498006538  -14.372413041    2.098159790    2.098159790    1.000000000
   7    5.088288518    5.088288518  -13.527872844    9.656254066  -10.537125472  -14.408744249   16.498851467    2.090107217    2.090107217  -10.500258572  -14.371877349    2.126974117    2.126974117    1.000000000
   8    5.088288518    5.088288518  -13.527872844    9.656254066  -10.537125472  -14.408744249   16.498851467    2.090107217    2.090107217  -10.500258572  -14.371877349    2.126974117    2.126974117    1.000000000
   9    7.800189171    7.800189171   -5.037736766    2.938627291   -9.850815503  -11.949924979   18.352337179    6.402412200    6.402412200   -9.765054704  -11.864164179    6.488173000    6.488173000    1.000000000
  10    7.800189171    7.800189171   -5.037736766    2.938627291   -9.850815503  -11.949924979   18.352337179    6.402412200    6.402412200   -9.765054704  -11.864164179    6.488173000    6.488173000    1.000000000
  11    9.587046911    9.587046911   -4.431172331    2.608738960   -9.412637259  -11.235070629   19.474283811    8.239213183    8.239213183   -9.449578813  -11.272012183    8.202271629    8.202271629    1.000000000
  12    9.587046911    9.587046911   -4.431172331    2.608738960   -9.412637259  -11.235070629   19.474283811    8.239213183    8.239213183   -9.449578813  -11.272012183    8.202271629    8.202271629    1.000000000
  13    9.601404866    9.601404866   -4.426382890    2.605271167   -9.408349424  -11.229461146   19.482741457    8.253280311    8.253280311   -9.356756096  -11.177867819    8.304873638    8.304873638    1.000000000
  14    9.601404866    9.601404866   -4.426382890    2.605271167   -9.408349424  -11.229461146   19.482741457    8.253280311    8.253280311   -9.356756096  -11.177867819    8.304873638    8.304873638    1.000000000
  15   13.996111838   13.996111838   -2.020345622    0.816847956   -7.825597454   -9.029095120   21.840256173   12.811161053   12.811161053   -7.761282918   -8.964780584   12.875475589   12.875475589    1.000000000
  16   13.996111838   13.996111838   -2.020345622    0.816847956   -7.825597454   -9.029095120   21.840256173   12.811161053   12.811161053   -7.761282918   -8.964780584   12.875475589   12.875475589    1.000000000
 
       k =  0.000000  0.500000  0.500000 ik =   3 spin = 1

   n            Emf             Eo              X           SX-X             CH            Sig            KIH           Eqp0           Eqp1            CH`           Sig`          Eqp0`          Eqp1`            Znk
   1   -1.549907257   -1.549907257  -15.235200030   11.136698782  -10.411976727  -14.510477975    9.700171771   -4.810306204   -4.810306204  -10.397025764  -14.495527012   -4.795355241   -4.795355241    1.000000000
   2   -1.549907257   -1.549907257  -15.235200030   11.136698782  -10.411976727  -14.510477975    9.700171771   -4.810306204   -4.810306204  -10.397025764  -14.495527012   -4.795355241   -4.795355241    1.000000000
   3   -1.549907257   -1.549907257  -15.235200030   11.136698782  -10.411976727  -14.510477975    9.700171771   -4.810306204   -4.810306204  -10.397025764  -14.495527012   -4.795355241   -4.795355241    1.000000000
   4   -1.549907257   -1.549907257  -15.235200030   11.136698782  -10.411976727  -14.510477975    9.700171771   -4.810306204   -4.810306204  -10.397025764  -14.495527012   -4.795355241   -4.795355241    1.000000000
   5    3.412332482    3.412332482  -13.262303122    9.600699521  -10.147126509  -13.808730110   14.297996443    0.489266334    0.489266334  -10.195763693  -13.857367294    0.440629149    0.440629149    1.000000000
   6    3.412332482    3.412332482  -13.262303122    9.600699521  -10.147126509  -13.808730110   14.297996443    0.489266334    0.489266334  -10.195763693  -13.857367294    0.440629149    0.440629149    1.000000000
   7    3.412332482    3.412332482  -13.262303122    9.600699521  -10.147126509  -13.808730110   14.297996443    0.489266334    0.489266334  -10.195763693  -13.857367294    0.440629149    0.440629149    1.000000000
   8    3.412332482    3.412332482  -13.262303122    9.600699521  -10.147126509  -13.808730110   14.297996443    0.489266334    0.489266334  -10.195763693  -13.857367294    0.440629149    0.440629149    1.000000000
   9    6.968806361    6.968806361   -4.201194557    2.454076634   -8.847776170  -10.594894093   16.146090671    5.551196578    5.551196578   -8.869287552  -10.616405476    5.529685195    5.529685195    1.000000000
  10    6.968806361    6.968806361   -4.201194557    2.454076634   -8.847776170  -10.594894093   16.146090671    5.551196578    5.551196578   -8.869287552  -10.616405476    5.529685195    5.529685195    1.000000000
  11    6.968806361    6.968806361   -4.201194557    2.454076634   -8.847776170  -10.594894093   16.146090671    5.551196578    5.551196578   -8.869287552  -10.616405476    5.529685195    5.529685195    1.000000000
  12    6.968806361    6.968806361   -4.201194557    2.454076634   -8.847776170  -10.594894093   16.146090671    5.551196578    5.551196578   -8.869287552  -10.616405476    5.529685195    5.529685195    1.000000000
  13   16.360897211   16.360897211   -3.769921622    1.939914509  -10.316611332  -12.146618445   27.465362153   15.318743708   15.318743708  -10.349935864  -12.179942978   15.285419176   15.285419176    1.000000000
  14   16.360897211   16.360897211   -3.769921622    1.939914509  -10.316611332  -12.146618445   27.465362153   15.318743708   15.318743708  -10.349935864  -12.179942978   15.285419176   15.285419176    1.000000000
  15   16.360897211   16.360897211   -3.769921622    1.939914509  -10.316611332  -12.146618445   27.465362153   15.318743708   15.318743708  -10.349935864  -12.179942978   15.285419176   15.285419176    1.000000000
  16   16.360897211   16.360897211   -3.769921622    1.939914509  -10.316611332  -12.146618445   27.465362153   15.318743708   15.318743708  -10.349935864  -12.179942978   15.285419176   15.285419176    1.000000000
 
       k =  0.500000  0.500000  0.500000 ik =   4 spin = 1

   n            Emf             Eo              X           SX-X             CH            Sig            KIH           Eqp0           Eqp1            CH`           Sig`          Eqp0`          Eqp1`            Znk
   1   -3.363046818   -3.363046818  -16.065747568   11.805852423  -10.417522095  -14.677417240    7.884640040   -6.792777200   -6.792777200  -10.456125968  -14.716021113   -6.831381073   -6.831381073    1.000000000
   2   -3.363046818   -3.363046818  -16.065747568   11.805852423  -10.417522095  -14.677417240    7.884640040   -6.792777200   -6.792777200  -10.456125968  -14.716021113   -6.831381073   -6.831381073    1.000000000
   3   -0.707274858   -0.707274858  -13.867984732   10.182527360   -9.840024677  -13.525482049    9.791021862   -3.734460187   -3.734460187   -9.807095304  -13.492552676   -3.701530814   -3.701530814    1.000000000
   4   -0.707274858   -0.707274858  -13.867984732   10.182527360   -9.840024677  -13.525482049    9.791021862   -3.734460187   -3.734460187   -9.807095304  -13.492552676   -3.701530814   -3.701530814    1.000000000
   5    5.056658076    5.056658076  -13.538588447    9.667336361  -10.538508529  -14.409760615   16.470572831    2.060812216    2.060812216  -10.429110268  -14.300362353    2.170210478    2.170210478    1.000000000
   6    5.056658076    5.056658076  -13.538588447    9.667336361  -10.538508529  -14.409760615   16.470572831    2.060812216    2.060812216  -10.429110268  -14.300362353    2.170210478    2.170210478    1.000000000
   7    5.088288518    5.088288518  -13.527872844    9.659416998  -10.536300011  -14.404755857   16.498851468    2.094095611    2.094095611  -10.699456625  -14.567912471    1.930938996    1.930938996    1.000000000
   8    5.088288518    5.088288518  -13.527872844    9.659416998  -10.536300011  -14.404755857   16.498851468    2.094095611    2.094095611  -10.699456625  -14.567912471    1.930938996    1.930938996    1.000000000
   9    7.800189171    7.800189171   -5.037736766    2.935212695   -9.853543021  -11.956067092   18.352337180    6.396270088    6.396270088   -9.723480116  -11.826004187    6.526332993    6.526332993    1.000000000
  10    7.800189171    7.800189171   -5.037736766    2.935212695   -9.853543021  -11.956067092   18.352337180    6.396270088    6.396270088   -9.723480116  -11.826004187    6.526332993    6.526332993    1.000000000
  11    9.587046911    9.587046911   -4.431172331    2.610831513   -9.418203363  -11.238544181   19.474283811    8.235739630    8.235739630   -9.565416684  -11.385757501    8.088526309    8.088526309    1.000000000
  12    9.587046911    9.587046911   -4.431172331    2.610831513   -9.418203363  -11.238544181   19.474283811    8.235739630    8.235739630   -9.565416684  -11.385757501    8.088526309    8.088526309    1.000000000
  13    9.601404866    9.601404866   -4.426382890    2.607370463   -9.413915942  -11.232928369   19.482741457    8.249813088    8.249813088   -9.270041642  -11.089054069    8.393687388    8.393687388    1.000000000
  14    9.601404866    9.601404866   -4.426382890    2.607370463   -9.413915942  -11.232928369   19.482741457    8.249813088    8.249813088   -9.270041642  -11.089054069    8.393687388    8.393687388    1.000000000
  15   13.996111838   13.996111838   -2.020345622    0.812751419   -7.821914252   -9.029508455   21.840256172   12.810747717   12.810747717   -7.731947691   -8.939541894   12.900714278   12.900714278    1.000000000
  16   13.996111838   13.996111838   -2.020345622    0.812751419   -7.821914252   -9.029508455   21.840256172   12.810747717   12.810747717   -7.731947691   -8.939541894   12.900714278   12.900714278    1.000000000
 

================================================================================

    n = band index.
  Emf = "inner" mean-field energy eigenvalue used to construct Sigma(E),
        read from WFN_inner.
   Eo = "outer" mean-field energy eigenvalue where we center the evaluation
        frequency grid {E} of Sigma(E). Defaults to Emf, unless
        you use WFN_outer and eqp_outer.dat / scissors_outer.
  Vxc = exchange-correlation pot., calculated from VXC or read from vxc.dat.
  KIH = Kinetic energy + Ionic potential + Hartree, read from kih.dat.
    X = bare exchange.
   SX = screened exchange contrib. to Sigma(E) at energy E=Eo
   CH = Coulomb hole contrib. to Sigma(E) at energy E=Eo
  Cor = SX-X + CH = correlation portion of Sigma(E) at energy E=Eo.
  Sig = X + Cor = self energy, Sigma(E), at energy E=Eo.
 Eqp0 = on-shell QP energy = Emf - Vxc + Sig(Eo)
        Eqp0 is *not* the recommended quantity to use for QP properties.
 Eqp1 = off-shell solution to the linearized  Dyson`s equation
      = Eqp0 + (dSig/dE) / (1 - dSig/dE) * (Eqp0 - Eo),
        or a full linear interpolation if more freq. points where computed.
        Eqp1 is the recommended quantity to use for QP properties.
  Znk = quasiparticle renormalization factor

 General notes:
 - All energies are reported here in eV.
 - Both Emf and Vxc contain the average pot. Vxc0, so Vxc0 doesn`t affect Sigma.
 - Eqp1 and Eqp0 are Eqs. (36-37) from Hybertsen & Louie PRB 34 5390.
 - We recommend you use Eqp1 for QP properties of materials.

================================================================================

