
 BerkeleyGW version 4.0
 Sigma code, Complex version, run on 18-Apr-2026 at 08:14:38 -0700

                                                                 ..o.          
                                                                .oxxo.         
                                                               .oxxxxo...      
                                                               oxxxxxxo.       
                                                              .oxxxxxxx.       
                                                              .ooooooxxo..     
                                                              .oooooooxo..     
                                                              .oooooxxo...     
                                                       .........oxooo......    
                                                 ............................  
                                             ................................. 
                                          .................................... 
           .          ..oo. ....  .................................oooxxxxxxxo.
     .............oxxxx@ox@@@x@x.....................o...........ooooooooooxx. 
    .o.........oox@x.oo........xxx@@............ooxxxxo..........ooooxxxxxoxo  
    .x........x@xxo...............o@xxo........oxxx@@@xoooooooooooooooxxxo...  
    .o......ox@@o..................oox@o.....ooxxx@xoooxxxxxxxoooooooooooo.... 
    o..ooooo@@xoooo....ooo...........x@o.....ooxxxxo   .oxxxxxxxxxxooooooo.... 
    . .oooo@@@@@@@@@@@@@@@@@@@@@@@@@@@@@@....ooooox.     .oxx@@@@@xxoo........ 
      .ooooxxxxxxxooooooxooooooooooooooxo...oooooxx.        ..ox@xxxoo.........
      .ooooooxxxx@xoooooooooooooxxoooooooooooxxxxx.            .oxxooooooooxxo.
     .oooooxxxxx@@@xxxxxxxxxxxxxxxxxxxxxxxxoxxxxo.                .oxxxxxxxxo. 
   ....oooxxxxx@@@xo..oxxx@@@@@@xxxxoxxoooooooxx.                  .oxxxoo..   
  .....ooxxxx@@xo.       ........    .ooooooooxxo                              
  ..oooxxxx@@@o                       .oooooooxoo.                             
  ....oxooxxxxx.                       .ooo..oooo.                             
  .....o.ooxxxxxo.                     .oooooooxo.                             
 ......ooooxxxxxxo.                     .ooooooxoo..                           
........ooxxxxxxxo..                     .o....oxoo...                         
.......ooooxxxxxxxo.                     ........oooo.                         
.ooooooo..ooxxxxoooo.                    .........ooo...                       
..oxo...ooooxxxoooo..                    .ooo......oooo...                     
  .ooooo....o.                            .oxxxoo....ooo....                   
    .oooooo...                              ...ooooo...ooo..                   
       ...                                     .oo.......                      
                                               ....ooo...                      
                      __              __                                       
 ______              [  |            [  |                 ._____  _          _ 
|_   _               | |  _          | |                /  ___ | |        | |
  | |_) | .---.  _. _.| | / |  .---.  | | .---.  _    _ / /    _|   /  / / 
  |  __'./ /__\[ /`_| '' <  / /__\ | |/ /__\|   | | |   _____  /  / /  
 _| |__| | __. | |   | |`  | ___. | || ___.  / /  .___| |    /  /   
|_______/ .__./[_]  [__|  _] .__./[___].__./    /   .____./    /  /    
                                                  / /                          
                                                 /_/                           
 --------------------------------------------------------------------------------
 Please cite the main BerkeleyGW paper when using results from this calculation:

 Jack Deslippe, Georgy Samsonidze, David A. Strubbe, Manish Jain, Marvin L.
 Cohen, and Steven G. Louie, "BerkeleyGW: A Massively Parallel Computer Package
 for the Calculation of the Quasiparticle and Optical Properties of Materials
 and Nanostructures," Comput. Phys. Commun. 183, 1269 (2012)

 Aditionally, PLEASE CITE ALL PAPERS REPORTED AT THE END OF THIS CALCULATION.
 --------------------------------------------------------------------------------

 Running MPI version (parallel)
 Running with 4 MPI task(s)
 Using OpenMP. Number of threads per MPI task: 16

 Compilation flags:
 - Compiler: NVHPC
 - Para. flags: MPI, OMP
 - Math  flags: USESCALAPACK, UNPACKED, USEFFTW3, HDF5
 - Debug flags: 

 Running with verbosity level 1 (default).


 NOTE: `screened_coulomb_cutoff` and `bare_coulomb_cutoff` are now optional flags.

 Using the static COHSEX approximation

 We are communicating via MPI

 Using Collectives (MPI_BCast) Communication Scheme
 
 Computing CH as a partial sum over empty bands

 Running with semiconductor screening

 We are using no truncation
 Cutoff for Monte-Carlo average of Coulomb potential: 1.000E+012 Ry

 Reading (Kinetic energy + Ionic potential + Hartree) matrix elements from kih.dat file

 Treating W within the Static COHSEX approximation
 
 Memory available: 59878.3 MB per PE
 
 Read from eps0mat.h5:
 - Number of G-vectors in the charge-density grid: 16889
 - Max. number of G-vectors for dielectric matrices: 2109
 - Cutoff of the dielectric matrix (Ry): 60.000
 - Number of imaginary frequencies: 0
 - Total number of frequencies: 1
 - Frequency dependence: 0
 - Number of q-points: 1
 - Q grid: 2 2 2
 
 Read from epsmat.h5:
 - Number of G-vectors in the charge-density grid: 16889
 - Max. number of G-vectors for dielectric matrices: 2120
 - Cutoff of the dielectric matrix: 60.000
 - Number of imaginary frequencies: 0
 - Total number of frequencies: 1
 - Frequency dependence: 0
 - Number of q-points: 3
 - Q grid: 2 2 2
 
 Reading header of WFN_inner.h5
 Highest occupied band (unshifted grid) = 8
 Valence max    (unshifted grid) = 6.294142 eV
 Conduction min (unshifted grid) = 6.968806 eV
 Middle energy  (unshifted grid) = 6.631474 eV
 Fermi  energy  (unshifted grid) = 6.631474 eV

 
 Calculation parameters:
 - Cutoff of the bare Coulomb interaction (Ry): 60.00
 - Cutoff of the screened Coulomb interaction (Ry): 60.00
 - Number of G-vectors up to the bare int. cutoff: 2109
 - Number of G-vectors up to the screened int. cutoff: 2109
 - Total number of bands in the calculation: 216
 - Number of fully occupied valence bands: 8
 - Number of partially occ. conduction bands: 0
 
 Memory required for execution: 125.0 MB per PE
 Memory required for vcoul: 114.4 MB per PE
 
 Number of electrons per unit cell (from ifmax) = 8.000000
 Number of electrons per unit cell (from occupations) = 8.000000
 Plasma Frequency = 1.220146 Ry

 Q-grid symmetries are being used.
 
 Parallelization report:
 - Using 4 processor(s), 1 pool(s), 4 processor(s) per pool.
 - Each pool is computing 16 diagonal sigma matrix element(s).
 - Each pool is computing 0 off-diagonal sigma matrix element(s).
 - Each processor is holding 54 band(s).
 
 
 Started reading wavefunctions (WFN_inner) with 864 state(s) at 08:14:38.
 Reading band block from WFN_inner.h5
 Reading using H5FD_MPIO_COLLECTIVE.
 Using communication style:  1
 
 [ 08:14:38 |   0% ] state   1 / 864.
 [ 08:14:38 |   0% ] state   3 / 864, remaining: 1 s.
 [ 08:14:38 |  10% ] state  87 / 864, remaining: 0 s.
 [ 08:14:38 |  20% ] state 173 / 864, remaining: 0 s.
 [ 08:14:38 |  30% ] state 260 / 864, remaining: 0 s.
 [ 08:14:38 |  40% ] state 346 / 864, remaining: 0 s.
 [ 08:14:38 |  50% ] state 433 / 864, remaining: 0 s.
 [ 08:14:38 |  60% ] state 519 / 864, remaining: 0 s.
 [ 08:14:38 |  70% ] state 605 / 864, remaining: 0 s.
 [ 08:14:38 |  80% ] state 692 / 864, remaining: 0 s.
 [ 08:14:38 |  90% ] state 778 / 864, remaining: 0 s.
 Finished reading wavefunctions (WFN_inner) at 08:14:38.
 Elapsed time: 0 s.
 

 Scissors parameters:
 - Valence:    es =   0.0000 eV, e0 =   0.0000 eV, edel =   0.0000
 - Conduction: es =   0.0000 eV, e0 =   0.0000 eV, edel =   0.0000

 Scissors parameters (outer):
 - Valence:    es =   0.0000 eV, e0 =   0.0000 eV, edel =   0.0000
 - Conduction: es =   0.0000 eV, e0 =   0.0000 eV, edel =   0.0000

 Number of bands to compute diagonal self-energy matrix elements: 16
 Bands:
 - 1
 - 2
 - 3
 - 4
 - 5
 - 6
 - 7
 - 8
 - 9
 - 10
 - 11
 - 12
 - 13
 - 14
 - 15
 - 16
 Number of off-diagonal bands to compute self-energy matrix elements: 0
 
 GPU acceleration is : ENABLED
 
 Algorithms used:
 - mtxel     : OPENACC_ALGO
 - sigma_gpp : OPENACC_ALGO

 Total number of frequencies in the dielectric matrix: 1
 Number of imag. frequencies in the dielectric matrix: 0

 
 Started reading eps0mat.h5 with 1 q-point(s) at 08:14:39.
 [ 08:14:39 |   0% ] q-point 1 / 1.
 Finished reading eps0mat.h5 at 08:14:39.
 Elapsed time: 0 s.
 
 
 Started reading epsmat.h5 with 3 q-point(s) at 08:14:39.
 [ 08:14:39 |   0% ] q-point 1 / 3.
 [ 08:14:39 |  33% ] q-point 2 / 3.
 [ 08:14:39 |  67% ] q-point 3 / 3, remaining: 0 s.
 Finished reading epsmat.h5 at 08:14:39.
 Elapsed time: 0 s.
 
 Number of k-points in WFN_inner: 4
 Number of k-points in the full BZ of WFN_inner: 8
 
================================================================================
 08:14:39   Dealing with k =  0.000000  0.000000  0.000000                 1 / 4
================================================================================

 Reading kih.dat
 Number of q-points in the irreducible BZ(k) (nrq): 3

 Using GPU support via OpenACC/OMP-Target implementation
 Band block size in MTXEL:    20
 
 Started calculating Sigma with 48 block(s) at 08:14:40.
 [ 08:14:40 |   0% ] block  1 / 48.
 [ 08:14:41 |   4% ] block  3 / 48, remaining: 6 s.
 [ 08:14:41 |   8% ] block  5 / 48, remaining: 5 s.
 [ 08:14:42 |  19% ] block 10 / 48, remaining: 5 s.
 [ 08:14:43 |  29% ] block 15 / 48, remaining: 4 s.
 [ 08:14:43 |  40% ] block 20 / 48, remaining: 3 s.
 [ 08:14:43 |  48% ] block 24 / 48, remaining: 2 s.
 [ 08:14:43 |  58% ] block 29 / 48, remaining: 2 s.
 [ 08:14:44 |  69% ] block 34 / 48, remaining: 1 s.
 [ 08:14:44 |  79% ] block 39 / 48, remaining: 1 s.
 [ 08:14:44 |  90% ] block 44 / 48, remaining: 0 s.
 [ 08:14:44 |  98% ] block 48 / 48, remaining: 0 s.
 Finished calculating Sigma at 08:14:44.
 Elapsed time: 5 s.
 
 Unsymmetrized values for ik =   1 spin = 1
 
     n      Emf       Eo      KIH        X     SX-X       CH      Cor      Sig
     1   -5.697   -5.697    5.103  -17.068   12.674  -10.083    2.591  -14.477
     2   -5.697   -5.697    5.103  -17.068   12.674  -10.083    2.591  -14.477
     3    6.246    6.246   17.950  -14.033    9.925  -10.708   -0.783  -14.816
     4    6.246    6.246   17.950  -14.033    9.925  -10.708   -0.783  -14.816
     5    6.294    6.294   17.993  -13.717    9.690  -10.720   -1.030  -14.747
     6    6.294    6.294   17.993  -14.387   10.166  -10.677   -0.510  -14.898
     7    6.294    6.294   17.993  -13.714    9.687  -10.720   -1.033  -14.747
     8    6.294    6.294   17.993  -14.257   10.116  -10.705   -0.589  -14.846
     9    8.792    8.792   19.123   -5.081    3.069   -9.779   -6.709  -11.790
    10    8.792    8.792   19.123   -5.081    3.069   -9.779   -6.709  -11.790
    11    8.827    8.827   19.150   -4.798    2.867   -9.775   -6.907  -11.705
    12    8.827    8.827   19.150   -5.338    3.251   -9.773   -6.521  -11.859
    13    8.827    8.827   19.150   -4.706    2.803   -9.773   -6.970  -11.676
    14    8.827    8.827   19.150   -5.432    3.318   -9.774   -6.456  -11.888
    15    9.626    9.626   21.353   -5.123    2.929  -10.683   -7.754  -12.877
    16    9.626    9.626   21.353   -5.123    2.929  -10.683   -7.754  -12.877

 Symmetrized values from band-averaging:

       k =  0.000000  0.000000  0.000000 ik =   1 spin = 1

     n      Emf       Eo      KIH        X      Cor     Eqp0     Eqp1      Znk
     1   -5.697   -5.697    5.103  -17.068    2.591   -9.374   -9.374    1.000
     2   -5.697   -5.697    5.103  -17.068    2.591   -9.374   -9.374    1.000
     3    6.246    6.246   17.950  -14.033   -0.783    3.134    3.134    1.000
     4    6.246    6.246   17.950  -14.033   -0.783    3.134    3.134    1.000
     5    6.294    6.294   17.993  -14.019   -0.791    3.184    3.184    1.000
     6    6.294    6.294   17.993  -14.019   -0.791    3.184    3.184    1.000
     7    6.294    6.294   17.993  -14.019   -0.791    3.184    3.184    1.000
     8    6.294    6.294   17.993  -14.019   -0.791    3.184    3.184    1.000
     9    8.792    8.792   19.123   -5.081   -6.709    7.333    7.333    1.000
    10    8.792    8.792   19.123   -5.081   -6.709    7.333    7.333    1.000
    11    8.827    8.827   19.150   -5.068   -6.714    7.369    7.369    1.000
    12    8.827    8.827   19.150   -5.068   -6.714    7.369    7.369    1.000
    13    8.827    8.827   19.150   -5.068   -6.714    7.369    7.369    1.000
    14    8.827    8.827   19.150   -5.068   -6.714    7.369    7.369    1.000
    15    9.626    9.626   21.353   -5.123   -7.754    8.476    8.476    1.000
    16    9.626    9.626   21.353   -5.123   -7.754    8.476    8.476    1.000
 
================================================================================
 08:14:44   Dealing with k = -0.000000 -0.000000  0.500000                 2 / 4
================================================================================

 Reading kih.dat
 Number of q-points in the irreducible BZ(k) (nrq): 4

 Using GPU support via OpenACC/OMP-Target implementation
 Band block size in MTXEL:    20
 
 Started calculating Sigma with 64 block(s) at 08:14:45.
 [ 08:14:45 |   0% ] block  1 / 64.
 [ 08:14:45 |   3% ] block  3 / 64, remaining: 7 s.
 [ 08:14:45 |   9% ] block  7 / 64, remaining: 7 s.
 [ 08:14:46 |  19% ] block 13 / 64, remaining: 6 s.
 [ 08:14:47 |  30% ] block 20 / 64, remaining: 5 s.
 [ 08:14:47 |  39% ] block 26 / 64, remaining: 4 s.
 [ 08:14:47 |  50% ] block 33 / 64, remaining: 3 s.
 [ 08:14:48 |  59% ] block 39 / 64, remaining: 2 s.
 [ 08:14:48 |  69% ] block 45 / 64, remaining: 1 s.
 [ 08:14:48 |  80% ] block 52 / 64, remaining: 1 s.
 [ 08:14:49 |  89% ] block 58 / 64, remaining: 0 s.
 Finished calculating Sigma at 08:14:49.
 Elapsed time: 4 s.
 
 Unsymmetrized values for ik =   2 spin = 1
 
     n      Emf       Eo      KIH        X     SX-X       CH      Cor      Sig
     1   -3.363   -3.363    7.885  -16.541   12.177  -10.402    1.775  -14.765
     2   -3.363   -3.363    7.885  -16.541   12.177  -10.402    1.775  -14.765
     3   -0.707   -0.707    9.791  -14.240   10.479   -9.861    0.618  -13.622
     4   -0.707   -0.707    9.791  -14.240   10.479   -9.861    0.618  -13.622
     5    5.057    5.057   16.471  -13.858    9.917  -10.516   -0.599  -14.457
     6    5.057    5.057   16.471  -13.858    9.917  -10.516   -0.599  -14.457
     7    5.088    5.088   16.499  -13.846    9.909  -10.514   -0.605  -14.452
     8    5.088    5.088   16.499  -13.846    9.909  -10.514   -0.605  -14.452
     9    7.800    7.800   18.352   -5.183    3.041   -9.872   -6.831  -12.015
    10    7.800    7.800   18.352   -5.183    3.041   -9.872   -6.831  -12.015
    11    9.587    9.587   19.474   -4.569    2.709   -9.448   -6.739  -11.308
    12    9.587    9.587   19.474   -4.569    2.709   -9.448   -6.739  -11.308
    13    9.601    9.601   19.483   -4.564    2.705   -9.444   -6.739  -11.302
    14    9.601    9.601   19.483   -4.564    2.705   -9.444   -6.739  -11.302
    15   13.996   13.996   21.840   -2.067    0.843   -7.916   -7.073   -9.139
    16   13.996   13.996   21.840   -2.067    0.843   -7.916   -7.073   -9.139

 Symmetrized values from band-averaging:

       k = -0.000000 -0.000000  0.500000 ik =   2 spin = 1

     n      Emf       Eo      KIH        X      Cor     Eqp0     Eqp1      Znk
     1   -3.363   -3.363    7.885  -16.541    1.775   -6.880   -6.880    1.000
     2   -3.363   -3.363    7.885  -16.541    1.775   -6.880   -6.880    1.000
     3   -0.707   -0.707    9.791  -14.240    0.618   -3.831   -3.831    1.000
     4   -0.707   -0.707    9.791  -14.240    0.618   -3.831   -3.831    1.000
     5    5.057    5.057   16.471  -13.858   -0.599    2.014    2.014    1.000
     6    5.057    5.057   16.471  -13.858   -0.599    2.014    2.014    1.000
     7    5.088    5.088   16.499  -13.846   -0.605    2.047    2.047    1.000
     8    5.088    5.088   16.499  -13.846   -0.605    2.047    2.047    1.000
     9    7.800    7.800   18.352   -5.183   -6.831    6.338    6.338    1.000
    10    7.800    7.800   18.352   -5.183   -6.831    6.338    6.338    1.000
    11    9.587    9.587   19.474   -4.569   -6.739    8.167    8.167    1.000
    12    9.587    9.587   19.474   -4.569   -6.739    8.167    8.167    1.000
    13    9.601    9.601   19.483   -4.564   -6.739    8.180    8.180    1.000
    14    9.601    9.601   19.483   -4.564   -6.739    8.180    8.180    1.000
    15   13.996   13.996   21.840   -2.067   -7.073   12.701   12.701    1.000
    16   13.996   13.996   21.840   -2.067   -7.073   12.701   12.701    1.000
 
================================================================================
 08:14:49   Dealing with k =  0.000000  0.500000  0.500000                 3 / 4
================================================================================

 Reading kih.dat
 Number of q-points in the irreducible BZ(k) (nrq): 4

 Using GPU support via OpenACC/OMP-Target implementation
 Band block size in MTXEL:    20
 
 Started calculating Sigma with 64 block(s) at 08:14:49.
 [ 08:14:49 |   0% ] block  1 / 64.
 [ 08:14:49 |   3% ] block  3 / 64, remaining: 7 s.
 [ 08:14:50 |   9% ] block  7 / 64, remaining: 7 s.
 [ 08:14:50 |  19% ] block 13 / 64, remaining: 6 s.
 [ 08:14:51 |  30% ] block 20 / 64, remaining: 5 s.
 [ 08:14:51 |  39% ] block 26 / 64, remaining: 4 s.
 [ 08:14:52 |  50% ] block 33 / 64, remaining: 3 s.
 [ 08:14:52 |  59% ] block 39 / 64, remaining: 2 s.
 [ 08:14:52 |  69% ] block 45 / 64, remaining: 1 s.
 [ 08:14:53 |  80% ] block 52 / 64, remaining: 1 s.
 [ 08:14:53 |  89% ] block 58 / 64, remaining: 0 s.
 Finished calculating Sigma at 08:14:53.
 Elapsed time: 4 s.
 
 Unsymmetrized values for ik =   3 spin = 1
 
     n      Emf       Eo      KIH        X     SX-X       CH      Cor      Sig
     1   -1.550   -1.550    9.700  -15.625   11.404  -10.388    1.016  -14.609
     2   -1.550   -1.550    9.700  -15.702   11.544  -10.415    1.129  -14.573
     3   -1.550   -1.550    9.700  -15.713   11.563  -10.419    1.144  -14.569
     4   -1.550   -1.550    9.700  -15.610   11.377  -10.383    0.994  -14.616
     5    3.412    3.412   14.298  -13.988    9.992  -10.101   -0.109  -14.097
     6    3.412    3.412   14.298  -13.806    9.929  -10.122   -0.193  -13.999
     7    3.412    3.412   14.298  -13.184    9.713  -10.192   -0.479  -13.663
     8    3.412    3.412   14.298  -13.366    9.776  -10.171   -0.395  -13.761
     9    6.969    6.969   16.146   -3.683    2.054   -8.818   -6.764  -10.447
    10    6.969    6.969   16.146   -4.591    2.746   -8.938   -6.192  -10.783
    11    6.969    6.969   16.146   -4.992    3.051   -8.991   -5.939  -10.932
    12    6.969    6.969   16.146   -4.085    2.360   -8.871   -6.511  -10.596
    13   16.361   16.361   27.465   -3.822    1.965  -10.318   -8.353  -12.175
    14   16.361   16.361   27.465   -3.952    2.073  -10.306   -8.232  -12.184
    15   16.361   16.361   27.465   -3.760    1.913  -10.324   -8.411  -12.171
    16   16.361   16.361   27.465   -3.887    2.019  -10.312   -8.293  -12.180

 Symmetrized values from band-averaging:

       k =  0.000000  0.500000  0.500000 ik =   3 spin = 1

     n      Emf       Eo      KIH        X      Cor     Eqp0     Eqp1      Znk
     1   -1.550   -1.550    9.700  -15.663    1.071   -4.892   -4.892    1.000
     2   -1.550   -1.550    9.700  -15.663    1.071   -4.892   -4.892    1.000
     3   -1.550   -1.550    9.700  -15.663    1.071   -4.892   -4.892    1.000
     4   -1.550   -1.550    9.700  -15.663    1.071   -4.892   -4.892    1.000
     5    3.412    3.412   14.298  -13.586   -0.294    0.418    0.418    1.000
     6    3.412    3.412   14.298  -13.586   -0.294    0.418    0.418    1.000
     7    3.412    3.412   14.298  -13.586   -0.294    0.418    0.418    1.000
     8    3.412    3.412   14.298  -13.586   -0.294    0.418    0.418    1.000
     9    6.969    6.969   16.146   -4.338   -6.351    5.457    5.457    1.000
    10    6.969    6.969   16.146   -4.338   -6.351    5.457    5.457    1.000
    11    6.969    6.969   16.146   -4.338   -6.351    5.457    5.457    1.000
    12    6.969    6.969   16.146   -4.338   -6.351    5.457    5.457    1.000
    13   16.361   16.361   27.465   -3.855   -8.322   15.288   15.288    1.000
    14   16.361   16.361   27.465   -3.855   -8.322   15.288   15.288    1.000
    15   16.361   16.361   27.465   -3.855   -8.322   15.288   15.288    1.000
    16   16.361   16.361   27.465   -3.855   -8.322   15.288   15.288    1.000
 
================================================================================
 08:14:53   Dealing with k =  0.500000  0.500000  0.500000                 4 / 4
================================================================================

 Reading kih.dat
 Number of q-points in the irreducible BZ(k) (nrq): 4

 Using GPU support via OpenACC/OMP-Target implementation
 Band block size in MTXEL:    20
 
 Started calculating Sigma with 64 block(s) at 08:14:54.
 [ 08:14:54 |   0% ] block  1 / 64.
 [ 08:14:54 |   3% ] block  3 / 64, remaining: 8 s.
 [ 08:14:54 |   9% ] block  7 / 64, remaining: 7 s.
 [ 08:14:55 |  19% ] block 13 / 64, remaining: 6 s.
 [ 08:14:56 |  30% ] block 20 / 64, remaining: 5 s.
 [ 08:14:56 |  39% ] block 26 / 64, remaining: 4 s.
 [ 08:14:56 |  50% ] block 33 / 64, remaining: 3 s.
 [ 08:14:56 |  59% ] block 39 / 64, remaining: 2 s.
 [ 08:14:57 |  69% ] block 45 / 64, remaining: 1 s.
 [ 08:14:57 |  80% ] block 52 / 64, remaining: 1 s.
 [ 08:14:57 |  89% ] block 58 / 64, remaining: 0 s.
 Finished calculating Sigma at 08:14:58.
 Elapsed time: 4 s.
 
 Unsymmetrized values for ik =   4 spin = 1
 
     n      Emf       Eo      KIH        X     SX-X       CH      Cor      Sig
     1   -3.363   -3.363    7.885  -16.542   12.178  -10.402    1.776  -14.766
     2   -3.363   -3.363    7.885  -16.542   12.178  -10.402    1.776  -14.766
     3   -0.707   -0.707    9.791  -14.241   10.480   -9.862    0.618  -13.623
     4   -0.707   -0.707    9.791  -14.241   10.480   -9.862    0.618  -13.623
     5    5.057    5.057   16.471  -13.859    9.918  -10.516   -0.599  -14.458
     6    5.057    5.057   16.471  -13.859    9.918  -10.516   -0.599  -14.458
     7    5.088    5.088   16.499  -13.848    9.909  -10.514   -0.605  -14.453
     8    5.088    5.088   16.499  -13.848    9.909  -10.514   -0.605  -14.453
     9    7.800    7.800   18.352   -5.184    3.041   -9.873   -6.832  -12.015
    10    7.800    7.800   18.352   -5.184    3.041   -9.873   -6.832  -12.015
    11    9.587    9.587   19.474   -4.569    2.709   -9.449   -6.739  -11.308
    12    9.587    9.587   19.474   -4.569    2.709   -9.449   -6.739  -11.308
    13    9.601    9.601   19.483   -4.564    2.706   -9.444   -6.739  -11.303
    14    9.601    9.601   19.483   -4.564    2.706   -9.444   -6.739  -11.303
    15   13.996   13.996   21.840   -2.067    0.843   -7.916   -7.073   -9.140
    16   13.996   13.996   21.840   -2.067    0.843   -7.916   -7.073   -9.140

 Symmetrized values from band-averaging:

       k =  0.500000  0.500000  0.500000 ik =   4 spin = 1

     n      Emf       Eo      KIH        X      Cor     Eqp0     Eqp1      Znk
     1   -3.363   -3.363    7.885  -16.542    1.776   -6.882   -6.882    1.000
     2   -3.363   -3.363    7.885  -16.542    1.776   -6.882   -6.882    1.000
     3   -0.707   -0.707    9.791  -14.241    0.618   -3.832   -3.832    1.000
     4   -0.707   -0.707    9.791  -14.241    0.618   -3.832   -3.832    1.000
     5    5.057    5.057   16.471  -13.859   -0.599    2.013    2.013    1.000
     6    5.057    5.057   16.471  -13.859   -0.599    2.013    2.013    1.000
     7    5.088    5.088   16.499  -13.848   -0.605    2.046    2.046    1.000
     8    5.088    5.088   16.499  -13.848   -0.605    2.046    2.046    1.000
     9    7.800    7.800   18.352   -5.184   -6.832    6.337    6.337    1.000
    10    7.800    7.800   18.352   -5.184   -6.832    6.337    6.337    1.000
    11    9.587    9.587   19.474   -4.569   -6.739    8.166    8.166    1.000
    12    9.587    9.587   19.474   -4.569   -6.739    8.166    8.166    1.000
    13    9.601    9.601   19.483   -4.564   -6.739    8.180    8.180    1.000
    14    9.601    9.601   19.483   -4.564   -6.739    8.180    8.180    1.000
    15   13.996   13.996   21.840   -2.067   -7.073   12.700   12.700    1.000
    16   13.996   13.996   21.840   -2.067   -7.073   12.700   12.700    1.000

================================================================================

    n = band index.
  Emf = "inner" mean-field energy eigenvalue used to construct Sigma(E),
        read from WFN_inner.
   Eo = "outer" mean-field energy eigenvalue where we center the evaluation
        frequency grid {E} of Sigma(E). Defaults to Emf, unless
        you use WFN_outer and eqp_outer.dat / scissors_outer.
  Vxc = exchange-correlation pot., calculated from VXC or read from vxc.dat.
  KIH = Kinetic energy + Ionic potential + Hartree, read from kih.dat.
    X = bare exchange.
   SX = screened exchange contrib. to Sigma(E) at energy E=Eo
   CH = Coulomb hole contrib. to Sigma(E) at energy E=Eo
  Cor = SX-X + CH = correlation portion of Sigma(E) at energy E=Eo.
  Sig = X + Cor = self energy, Sigma(E), at energy E=Eo.
 Eqp0 = on-shell QP energy = Emf - Vxc + Sig(Eo)
        Eqp0 is *not* the recommended quantity to use for QP properties.
 Eqp1 = off-shell solution to the linearized  Dyson`s equation
      = Eqp0 + (dSig/dE) / (1 - dSig/dE) * (Eqp0 - Eo),
        or a full linear interpolation if more freq. points where computed.
        Eqp1 is the recommended quantity to use for QP properties.
  Znk = quasiparticle renormalization factor

 General notes:
 - All energies are reported here in eV.
 - Both Emf and Vxc contain the average pot. Vxc0, so Vxc0 doesn`t affect Sigma.
 - Eqp1 and Eqp0 are Eqs. (36-37) from Hybertsen & Louie PRB 34 5390.
 - We recommend you use Eqp1 for QP properties of materials.

================================================================================


********************************************************************************
*                                                                              *
* Your calculation employed methods and algorithms published in peer-reviewed  *
* papers. Please, cite the following references to give proper credit to their *
*          authors and help support future development of BerkeleyGW.          *
*                                                                              *
********************************************************************************

 J. Deslippe, G. Samsonidze, D. A. Strubbe, M. Jain, M. L. Cohen, and S. G.
 Louie, BerkeleyGW: A Massively Parallel Computer Package for the Calculation
 of the Quasiparticle and Optical Properties of Materials and Nanostructures,
 Computer Physics Communications 183, 1269 (2012).

 M. S. Hybertsen and S. G. Louie, Electron Correlation in Semiconductors and
 Insulators: Band Gaps and Quasiparticle Energies, Phys. Rev. B 34, 5390
 (1986).

 B. A. Barker, and S. G. Louie, Electronic and Optical Properties of Solids
 with Strong Spin-Orbit Coupling, U. C. Berkeley PhD dissertation (2018).

 M. D. Ben, C. Yang, Z. Li, F. H. da Jornada, S. G. Louie, and J. Deslippe,
 Accelerating Large-Scale Excited-State GW Calculations on Leadership HPC
 Systems, SC20: International Conference for High Performance Computing,
 Networking, Storage and Analysis (2020).

********************************************************************************

 
 Timing information
 
                                CPU time (s)          WALL time (s)       Number
 Routine                       min        max        min        max     of calls
 -------------------------  ---------  ---------  ---------  ---------  --------
 - Epscopy Comm                  0.01       0.01       0.01       0.01         4
 - FFT Zero                      0.00       0.01       0.00       0.01       256
 - FFT Put                       0.00       0.00       0.00       0.00       256
 - FFT Plan                      0.84       0.86       0.85       0.87       384
 - FFT Exec                      3.53       3.55       3.52       3.55       384
 - FFT Mltply                    0.00       0.00       0.00       0.00       128
 - FFT Conjg                     0.00       0.00       0.00       0.00       128
 - FFT Get                       0.00       0.00       0.00       0.00       128
 - I/O TOTAL                     0.64       0.64       0.64       0.64         8
 - INPUT                         0.27       0.71       0.27       0.71         1
 - EPSCOPY                       0.57       0.57       0.57       0.57         1
 - FULLBZ                        0.00       0.00       0.00       0.00         2
 - VXC                           0.01       0.01       0.01       0.01         8
 - MTXEL_CH                      4.43       4.46       4.43       4.46        64
 - SUBGRP                        0.00       0.00       0.00       0.00         4
 - IRRBZ                         0.00       0.00       0.00       0.00         4
 - GMAP                          0.00       0.00       0.00       0.00        15
 - GENWF                         0.04       0.04       0.04       0.04        15
 - MTXEL                         2.39       2.46       2.40       2.46       240
 - MTXEL_COR TOT                 9.72       9.75       9.71       9.76       240
 - VCOUL                         0.62       0.65       0.62       0.65        15
 - EPSREAD                       0.04       0.07       0.04       0.07        15
 - INPUT_OUTER                   0.00       0.00       0.00       0.00         1
 - MTXEL COMM                    0.00       0.00       0.00       0.00        15
 - BARE X                        0.00       0.09       0.00       0.09       244
 - WF COMM                       0.02       0.02       0.02       0.02         4
 - INPUT (READ)                  0.00       0.00       0.00       0.00     16800
 - INPUT (WRITE)                 0.00       0.00       0.00       0.01       868
 - SUB-TRANSF TOT                0.00       0.00       0.00       0.00       240
 - M.COR INIT                    0.00       0.00       0.00       0.00       240
 - M.COR EPSINIT                 1.21       1.22       1.21       1.23       240
 - M.COR COMM                    1.41       1.50       1.39       1.49       960
 - M.COR SX+CH                   6.47       6.54       6.49       6.56     51840
 - READ NEPS                     0.00       0.44       0.00       0.44         1
 - EPSCOPY IO                    0.56       0.56       0.56       0.56         4
 - EQP LOOP TOTAL               17.39      17.39      17.39      17.39         4
 - TOTAL                        19.64      19.65      19.64      19.65         1
 
 Job Done
 
