
========================================================================
  COHSEX-JAX: Self-Energy Calculation
========================================================================
  Backend: GPU       Devices: 4  Mesh: 2×2  Processes: 4
  Device type: NVIDIA A100-SXM4-40GB
  XLA preallocate: false  mem_fraction: unset
========================================================================

/global/homes/j/jackm/software/lorrax_A/src/common/symmetry_maps.py:324: UserWarning: SymMaps: 4/9 full-BZ k-points require time-reversal symmetry for unfolding. Non-symmorphic phases are NOT applied for these k-points. Use noinv=.true. in QE to avoid this.
  warnings.warn(
/global/homes/j/jackm/software/lorrax_A/src/common/symmetry_maps.py:324: UserWarning: SymMaps: 4/9 full-BZ k-points require time-reversal symmetry for unfolding. Non-symmorphic phases are NOT applied for these k-points. Use noinv=.true. in QE to avoid this.
  warnings.warn(
  ISDF basis: 640 centroids
  FFT grid: 24×24×80   Cell volume: 702.20 a.u.³

/global/homes/j/jackm/software/lorrax_A/src/common/symmetry_maps.py:324: UserWarning: SymMaps: 4/9 full-BZ k-points require time-reversal symmetry for unfolding. Non-symmorphic phases are NOT applied for these k-points. Use noinv=.true. in QE to avoid this.
  warnings.warn(
/global/homes/j/jackm/software/lorrax_A/src/common/symmetry_maps.py:324: UserWarning: SymMaps: 4/9 full-BZ k-points require time-reversal symmetry for unfolding. Non-symmorphic phases are NOT applied for these k-points. Use noinv=.true. in QE to avoid this.
  warnings.warn(
    Memory estimate: peak 10.93 GB (budget 28.00 GB), bottleneck=zct
    Per-stage: fft=0.93  pair=2.96  zct=4.56  reshard=4.56  solve=2.69  gather=2.43 GB
    AOT fit_one_rchunk peak (driver-level): 4.70 GB

  Chunked ISDF fitting:
    Band chunks: 80
    R chunks:    46080 (contiguous r-space)
    Q chunks:    9
    Zeta output: /pscratch/sd/j/jackm/lorrax_sandbox/runs/MoS2/00_mos2_3x3_cohsex/01_lorrax_gnppm_newcode/tmp/zeta_q.h5

  Zeta fitting: 1 r-chunks x 46080 r-points, 80 bands (80 left + 80 right)
  Output: /pscratch/sd/j/jackm/lorrax_sandbox/runs/MoS2/00_mos2_3x3_cohsex/01_lorrax_gnppm_newcode/tmp/zeta_q.h5
  Left wfns:  (9, 80, 2, 640)
  Right wfns: (9, 80, 2, 640)
  Pseudobands normalization: 0 weighted, 0 zero-weight (skipped)
  Computing pair densities P_l, P_r (spin_traced)
/opt/jax/jax/_src/interpreters/mlir.py:1178: UserWarning: Some donated buffers were not usable: ShapedArray(complex128[9,320,320]).
See an explanation at https://jax.readthedocs.io/en/latest/faq.html#buffer-donation.
  warnings.warn("Some donated buffers were not usable:"
/opt/jax/jax/_src/interpreters/mlir.py:1178: UserWarning: Some donated buffers were not usable: ShapedArray(complex128[9,320,320]).
See an explanation at https://jax.readthedocs.io/en/latest/faq.html#buffer-donation.
  warnings.warn("Some donated buffers were not usable:"
/opt/jax/jax/_src/interpreters/mlir.py:1178: UserWarning: Some donated buffers were not usable: ShapedArray(complex128[9,320,320]).
See an explanation at https://jax.readthedocs.io/en/latest/faq.html#buffer-donation.
  warnings.warn("Some donated buffers were not usable:"
/opt/jax/jax/_src/interpreters/mlir.py:1178: UserWarning: Some donated buffers were not usable: ShapedArray(complex128[9,320,320]).
See an explanation at https://jax.readthedocs.io/en/latest/faq.html#buffer-donation.
  warnings.warn("Some donated buffers were not usable:"
  Computing L_q = chol(C_q)
  L_q: (9, 640, 640)
/global/homes/j/jackm/software/lorrax_A/src/file_io/_slab_io_ffi.py:239: UserWarning: FFI backend: chunks/attrs on create_dataset currently no-op; pre-create with h5py if you need explicit chunking or attrs.
  warnings.warn(
/global/homes/j/jackm/software/lorrax_A/src/file_io/_slab_io_ffi.py:239: UserWarning: FFI backend: chunks/attrs on create_dataset currently no-op; pre-create with h5py if you need explicit chunking or attrs.
  warnings.warn(
  Caching G-space wavefunctions for r-chunk loop
/global/homes/j/jackm/software/lorrax_A/src/file_io/_slab_io_ffi.py:239: UserWarning: FFI backend: chunks/attrs on create_dataset currently no-op; pre-create with h5py if you need explicit chunking or attrs.
  warnings.warn(
/global/homes/j/jackm/software/lorrax_A/src/file_io/_slab_io_ffi.py:239: UserWarning: FFI backend: chunks/attrs on create_dataset currently no-op; pre-create with h5py if you need explicit chunking or attrs.
  warnings.warn(
  G-space cache: 1 band chunks (chunk_size=80, remainder=80)
Started zeta fitting at 10:46:02.
[ 10:46:02 | ██████████ | 100% ] r-chunk 1 / 1 · ETA 0 s
Finished zeta fitting at 10:46:02.  Elapsed: 0 s.
  [SlabIO.close] draining 1 pending writes for zeta_q.h5 …
  [SlabIO.close] Python dispatch drained in 3.4 s; joining writer thread
  [SlabIO.close] writer thread joined in 0.0 s; calling H5Fclose collectively
  [SlabIO.close] H5Fclose returned in 0.2 s
  Zeta output: /pscratch/sd/j/jackm/lorrax_sandbox/runs/MoS2/00_mos2_3x3_cohsex/01_lorrax_gnppm_newcode/tmp/zeta_q.h5  shape: (3,3,1,640,46080)
  Timing (1 r-chunks, 1.2s total):
    fit      1.12s  97.2%
    H5       0.03s   2.2%
    GPU high-water mark: 3.06 GB / 28.00 GB budget (11%)
    γ (runtime / AOT-pred) = 0.651  (AOT predicted 4.70 GB)
    V_q bare cutoff: 120.0 Ry (auto: 4·ecutwfc)
    V_q budget:    27.13 GB
    V_q mu chunks: 640
    V_q q batches: 4
  V_q: 9 q-points, batch=4, mu=640 (single chunk), overlapped H5 I/O
Started V_q computation at 10:46:08.
[ 10:46:08 | █░░░░░░░░░ |  11% ] q-point 1 / 9 · ETA 0 s
[ 10:46:08 | ██░░░░░░░░ |  22% ] q-point 2 / 9 · ETA 0 s
[ 10:46:08 | ███░░░░░░░ |  33% ] q-point 3 / 9 · ETA 0 s
[ 10:46:08 | ████░░░░░░ |  44% ] q-point 4 / 9 · ETA 0 s
[ 10:46:09 | ██████░░░░ |  56% ] q-point 5 / 9 · ETA 1 s
[ 10:46:09 | ███████░░░ |  67% ] q-point 6 / 9 · ETA 1 s
[ 10:46:09 | ████████░░ |  78% ] q-point 7 / 9 · ETA 0 s
[ 10:46:09 | █████████░ |  89% ] q-point 8 / 9 · ETA 0 s
[ 10:46:10 | ██████████ | 100% ] q-point 9 / 9 · ETA 0 s
Finished V_q computation at 10:46:10.  Elapsed: 2 s.

  V_q computed:
    Shape: (1, 1, 1, 3, 3, 1, 640, 640)
    V_q=0 trace: 842800756.1333
  [SlabIO.close] draining 3 pending writes for isdf_tensors_640.h5 …
  [SlabIO.close] Python dispatch drained in 0.2 s; joining writer thread
  [SlabIO.close] writer thread joined in 0.0 s; calling H5Fclose collectively
  [SlabIO.close] H5Fclose returned in 0.0 s
  Wavefunctions built (b0:b4=80 bands, 4 sharded copies: xn/xr/yr/yn)
  [SlabIO.close] draining 1 pending writes for isdf_tensors_640.h5 …
  [SlabIO.close] Python dispatch drained in 0.1 s; joining writer thread
  [SlabIO.close] writer thread joined in 0.0 s; calling H5Fclose collectively
  [SlabIO.close] H5Fclose returned in 0.0 s
  Chunked ISDF path complete
  Minimax static window: x=[1.249527e-01, 6.336166e+00] Ry, R=50.71, nodes=10, fit_err~2.561e-06
  |χ(0)|_max = 1.662445e-04  (minimax, 10 nodes)
  Bare Σ_X diagonal (eV), k=0: -36.4900  -36.4885  -30.3363  -30.3354  -29.8169  -29.8173  -29.9552  -29.9576

------------------------------------------------------------------------
  GN-PPM + FREQUENCY-INTEGRATED SIGMA
------------------------------------------------------------------------
  PPM imag-freq quadrature (ωp=2.0000 Ry): R=50.7, nodes=6, err~5.5e-06
  GN-PPM fit: 0.86s, ωp=2.0000 Ry, unfulfilled=2.18%
  [pf] profiling hooks unavailable: [Errno 2] No such file or directory: 'profile/memprof/sigma_ppm_pre.prof'
  Σc(ω) grid: -10.000..10.000 eV, Nω=41, Δω=0.500 eV, ξ=0.250 eV
  GN invalid modes: 80512/3686400 (2.18%)
    ω≥E_F cond window "core" (crossing): 103 nodes, err<1e-06, E_A=[0.0625, 0.7490] Ry, project=imag
    ω≥E_F cond window "a_stripe" (Laplace): 10 nodes, err<1e-06, E_A=[0.7865, 1.8491] Ry, project=full
    ω≥E_F cond window "b_slab" (Laplace): 13 nodes, err<1e-06, E_A=[0.0625, 1.8491] Ry, project=full
Started sigma[ω≥E_F cond] at 10:46:18.
[ 10:46:18 | ░░░░░░░░░░ |   1% ] tau node   1 / 126 · ETA 0 s
[ 10:46:18 | █░░░░░░░░░ |  12% ] tau node  15 / 126 · ETA 2 s
[ 10:46:18 | ██░░░░░░░░ |  23% ] tau node  29 / 126 · ETA 1 s
[ 10:46:18 | ███░░░░░░░ |  34% ] tau node  43 / 126 · ETA 1 s
[ 10:46:18 | █████░░░░░ |  45% ] tau node  57 / 126 · ETA 1 s
[ 10:46:19 | ██████░░░░ |  56% ] tau node  70 / 126 · ETA 1 s
[ 10:46:19 | ███████░░░ |  67% ] tau node  84 / 126 · ETA 0 s
[ 10:46:19 | ████████░░ |  78% ] tau node  98 / 126 · ETA 0 s
[ 10:46:19 | █████████░ |  89% ] tau node 112 / 126 · ETA 0 s
[ 10:46:19 | ██████████ | 100% ] tau node 126 / 126 · ETA 0 s
Finished sigma[ω≥E_F cond] at 10:46:19.  Elapsed: 1 s.
    ω≥E_F val window "single" (Laplace): 13 nodes, err<1e-06, E_A=[0.0625, 4.4870] Ry, project=full
Started sigma[ω≥E_F val] at 10:46:19.
[ 10:46:19 | █░░░░░░░░░ |   8% ] tau node  1 / 13 · ETA 0 s
[ 10:46:19 | ██░░░░░░░░ |  15% ] tau node  2 / 13 · ETA 0 s
[ 10:46:19 | ███░░░░░░░ |  31% ] tau node  4 / 13 · ETA 0 s
[ 10:46:19 | ████░░░░░░ |  38% ] tau node  5 / 13 · ETA 0 s
[ 10:46:19 | █████░░░░░ |  46% ] tau node  6 / 13 · ETA 0 s
[ 10:46:19 | ██████░░░░ |  62% ] tau node  8 / 13 · ETA 0 s
[ 10:46:19 | ███████░░░ |  69% ] tau node  9 / 13 · ETA 0 s
[ 10:46:19 | ████████░░ |  77% ] tau node 10 / 13 · ETA 0 s
[ 10:46:19 | █████████░ |  92% ] tau node 12 / 13 · ETA 0 s
[ 10:46:19 | ██████████ | 100% ] tau node 13 / 13 · ETA 0 s
Finished sigma[ω≥E_F val] at 10:46:19.  Elapsed: 0 s.
    ω<E_F cond window "single" (Laplace): 13 nodes, err<1e-06, E_A=[0.0625, 1.8491] Ry, project=full
Started sigma[ω<E_F cond] at 10:46:19.
[ 10:46:19 | █░░░░░░░░░ |   8% ] tau node  1 / 13 · ETA 0 s
[ 10:46:20 | ██░░░░░░░░ |  15% ] tau node  2 / 13 · ETA 1 s
[ 10:46:20 | ███░░░░░░░ |  31% ] tau node  4 / 13 · ETA 0 s
[ 10:46:20 | ████░░░░░░ |  38% ] tau node  5 / 13 · ETA 0 s
[ 10:46:20 | █████░░░░░ |  46% ] tau node  6 / 13 · ETA 0 s
[ 10:46:20 | ██████░░░░ |  62% ] tau node  8 / 13 · ETA 0 s
[ 10:46:20 | ███████░░░ |  69% ] tau node  9 / 13 · ETA 0 s
[ 10:46:20 | ████████░░ |  77% ] tau node 10 / 13 · ETA 0 s
[ 10:46:20 | █████████░ |  92% ] tau node 12 / 13 · ETA 0 s
[ 10:46:20 | ██████████ | 100% ] tau node 13 / 13 · ETA 0 s
Finished sigma[ω<E_F cond] at 10:46:20.  Elapsed: 0 s.
    ω<E_F val window "core" (crossing): 103 nodes, err<1e-06, E_A=[0.0625, 0.4800] Ry, project=imag
    ω<E_F val window "a_stripe" (Laplace): 9 nodes, err<1e-06, E_A=[0.9457, 4.4870] Ry, project=full
    ω<E_F val window "b_slab" (Laplace): 13 nodes, err<1e-06, E_A=[0.0625, 4.4870] Ry, project=full
Started sigma[ω<E_F val] at 10:46:20.
[ 10:46:20 | ░░░░░░░░░░ |   1% ] tau node   1 / 125 · ETA 0 s
[ 10:46:20 | █░░░░░░░░░ |  12% ] tau node  15 / 125 · ETA 2 s
[ 10:46:20 | ██░░░░░░░░ |  23% ] tau node  29 / 125 · ETA 1 s
[ 10:46:20 | ███░░░░░░░ |  34% ] tau node  42 / 125 · ETA 1 s
[ 10:46:20 | ████░░░░░░ |  45% ] tau node  56 / 125 · ETA 1 s
[ 10:46:20 | ██████░░░░ |  56% ] tau node  70 / 125 · ETA 0 s
[ 10:46:21 | ███████░░░ |  67% ] tau node  84 / 125 · ETA 0 s
[ 10:46:21 | ████████░░ |  78% ] tau node  97 / 125 · ETA 0 s
[ 10:46:21 | █████████░ |  89% ] tau node 111 / 125 · ETA 0 s
[ 10:46:21 | ██████████ | 100% ] tau node 125 / 125 · ETA 0 s
Finished sigma[ω<E_F val] at 10:46:21.  Elapsed: 1 s.
  E_F(midgap) = -4.343581 eV  (VBM=-5.193615, CBM=-3.493546)
/global/homes/j/jackm/software/lorrax_A/src/file_io/_slab_io_ffi.py:239: UserWarning: FFI backend: chunks/attrs on create_dataset currently no-op; pre-create with h5py if you need explicit chunking or attrs.
  warnings.warn(
/global/homes/j/jackm/software/lorrax_A/src/file_io/_slab_io_ffi.py:239: UserWarning: FFI backend: chunks/attrs on create_dataset currently no-op; pre-create with h5py if you need explicit chunking or attrs.
  warnings.warn(
/global/homes/j/jackm/software/lorrax_A/src/file_io/_slab_io_ffi.py:239: UserWarning: FFI backend: chunks/attrs on create_dataset currently no-op; pre-create with h5py if you need explicit chunking or attrs.
  warnings.warn(
/global/homes/j/jackm/software/lorrax_A/src/file_io/_slab_io_ffi.py:239: UserWarning: FFI backend: chunks/attrs on create_dataset currently no-op; pre-create with h5py if you need explicit chunking or attrs.
  warnings.warn(
  [SlabIO.close] draining 3 pending writes for sigma_mnk.h5 …
  [SlabIO.close] Python dispatch drained in 0.1 s; joining writer thread
  [SlabIO.close] writer thread joined in 0.0 s; calling H5Fclose collectively
  [SlabIO.close] H5Fclose returned in 0.0 s
  Diagonal SC: 282/720 states in grid, 20 iterations
  QSGW: 720 clipped (100.0%)
  G0W0 diag (E_DFT):     /pscratch/sd/j/jackm/lorrax_sandbox/runs/MoS2/00_mos2_3x3_cohsex/01_lorrax_gnppm_newcode/eqp_g0w0.dat

  Output: /pscratch/sd/j/jackm/lorrax_sandbox/runs/MoS2/00_mos2_3x3_cohsex/01_lorrax_gnppm_newcode/eqp0.dat
  Sigma(ω): /pscratch/sd/j/jackm/lorrax_sandbox/runs/MoS2/00_mos2_3x3_cohsex/01_lorrax_gnppm_newcode/sigma_mnk.h5
  Restart:  /pscratch/sd/j/jackm/lorrax_sandbox/runs/MoS2/00_mos2_3x3_cohsex/01_lorrax_gnppm_newcode/tmp/isdf_tensors_640.h5

--- Timing ---
Total recorded: 23.987 s
Section                                            Count    Total[s]     Self[s]      %
gw_jax.load_centroid_wfns                              1       2.516       2.443   10.5
  load_wfns.precompute_owned                           1       0.000       0.000    0.0
  load_wfns.k_loop                                     1       0.012       0.012    0.1
  load_wfns.scatter                                    1       0.025       0.025    0.1
  load_wfns.make_global_array                          1       0.036       0.036    0.1
gw_jax.zeta_fit_chunked                                1       6.958       0.073   29.0
  zeta_fit.slice_halves                                1       0.038       0.038    0.2
  zeta_fit.CCT                                         1       0.405       0.405    1.7
  zeta_fit.cholesky                                    1       1.359       1.359    5.7
  zeta_fit.gc_pre_chunk_loop                           1       0.059       0.059    0.2
  zeta_fit.open_file                                   1       0.098       0.098    0.4
  zeta_fit.cache_gspace                                1       0.039       0.000    0.2
    load_wfns.precompute_owned                         1       0.000       0.000    0.0
    load_wfns.k_loop                                   1       0.013       0.013    0.1
    load_wfns.scatter                                  1       0.025       0.025    0.1
    load_wfns.make_global_array                        1       0.001       0.001    0.0
  zeta_fit.chunk_loop                                  1       1.147       0.000    4.8
    zeta_fit.chunk.fit_one_rchunk                      1       1.121       1.121    4.7
    zeta_fit.chunk.h5_write                            1       0.025       0.025    0.1
  zeta_fit.close_io                                    1       3.564       3.564   14.9
  zeta_fit.sync_global                                 1       0.176       0.176    0.7
gw_jax.V_q_compute                                     1       4.693       0.829   19.6
  compute_all_V_q                                      1       3.864       3.864   16.1
gw_jax.wavefunction_setup                              1       0.038       0.038    0.2
gw_jax.chi0_W                                          1       1.459       1.459    6.1
gw_jax.sigma                                           1       1.411       1.411    5.9
gw_jax.ppm_sigma                                       1       6.912       1.862   28.8
  sigma_ppm_body                                       1       5.050       5.050   21.1
