
========================================================================
  COHSEX-JAX: Self-Energy Calculation
========================================================================
  Backend: GPU       Devices: 4  Mesh: 2×2  Processes: 4
  Device type: NVIDIA A100-SXM4-40GB
  XLA preallocate: false  mem_fraction: unset
========================================================================

/global/homes/j/jackm/software/lorrax_C/src/common/symmetry_maps.py:324: UserWarning: SymMaps: 4/9 full-BZ k-points require time-reversal symmetry for unfolding. Non-symmorphic phases are NOT applied for these k-points. Use noinv=.true. in QE to avoid this.
  warnings.warn(
/global/homes/j/jackm/software/lorrax_C/src/common/symmetry_maps.py:324: UserWarning: SymMaps: 4/9 full-BZ k-points require time-reversal symmetry for unfolding. Non-symmorphic phases are NOT applied for these k-points. Use noinv=.true. in QE to avoid this.
  warnings.warn(
/global/homes/j/jackm/software/lorrax_C/src/common/symmetry_maps.py:324: UserWarning: SymMaps: 4/9 full-BZ k-points require time-reversal symmetry for unfolding. Non-symmorphic phases are NOT applied for these k-points. Use noinv=.true. in QE to avoid this.
  warnings.warn(
/global/homes/j/jackm/software/lorrax_C/src/common/symmetry_maps.py:324: UserWarning: SymMaps: 4/9 full-BZ k-points require time-reversal symmetry for unfolding. Non-symmorphic phases are NOT applied for these k-points. Use noinv=.true. in QE to avoid this.
  warnings.warn(
  ISDF basis: 640 centroids
  FFT grid: 24×24×80   Cell volume: 702.20 a.u.³

    Memory estimate: peak 10.66 GB (budget 28.00 GB), bottleneck=zct
    Per-stage: fft=3.76  zct=5.35  reshard=3.23  solve=2.42  gather=2.17 GB
    AOT fit_one_rchunk peak (driver-level): 4.38 GB

  Chunked ISDF fitting:
    Band chunks: 80
    R chunks:    46080 (contiguous r-space)
    Q chunks:    9
    Zeta output: /pscratch/sd/j/jackm/lorrax_sandbox/runs/MoS2/00_mos2_3x3_cohsex/01_lorrax_gnppm_newcode/tmp/zeta_q.h5

  Zeta fitting: 1 r-chunks x 46080 r-points, 80 bands (80 left + 80 right)
  Output: /pscratch/sd/j/jackm/lorrax_sandbox/runs/MoS2/00_mos2_3x3_cohsex/01_lorrax_gnppm_newcode/tmp/zeta_q.h5
  Left wfns:  (9, 80, 2, 640)
  Right wfns: (9, 80, 2, 640)
  Pseudobands normalization: 0 weighted, 0 zero-weight (skipped)
  Computing pair densities P_l, P_r (spin_traced)
/opt/jax/jax/_src/interpreters/mlir.py:1178: UserWarning: Some donated buffers were not usable: ShapedArray(complex128[9,320,320]).
See an explanation at https://jax.readthedocs.io/en/latest/faq.html#buffer-donation.
  warnings.warn("Some donated buffers were not usable:"
/opt/jax/jax/_src/interpreters/mlir.py:1178: UserWarning: Some donated buffers were not usable: ShapedArray(complex128[9,320,320]).
See an explanation at https://jax.readthedocs.io/en/latest/faq.html#buffer-donation.
  warnings.warn("Some donated buffers were not usable:"
/opt/jax/jax/_src/interpreters/mlir.py:1178: UserWarning: Some donated buffers were not usable: ShapedArray(complex128[9,320,320]).
See an explanation at https://jax.readthedocs.io/en/latest/faq.html#buffer-donation.
  warnings.warn("Some donated buffers were not usable:"
/opt/jax/jax/_src/interpreters/mlir.py:1178: UserWarning: Some donated buffers were not usable: ShapedArray(complex128[9,320,320]).
See an explanation at https://jax.readthedocs.io/en/latest/faq.html#buffer-donation.
  warnings.warn("Some donated buffers were not usable:"
  Computing L_q = chol(C_q)
  L_q: (9, 640, 640)
/global/homes/j/jackm/software/lorrax_C/src/file_io/_slab_io_ffi.py:239: UserWarning: FFI backend: chunks/attrs on create_dataset currently no-op; pre-create with h5py if you need explicit chunking or attrs.
  warnings.warn(
/global/homes/j/jackm/software/lorrax_C/src/file_io/_slab_io_ffi.py:239: UserWarning: FFI backend: chunks/attrs on create_dataset currently no-op; pre-create with h5py if you need explicit chunking or attrs.
  warnings.warn(
/global/homes/j/jackm/software/lorrax_C/src/file_io/_slab_io_ffi.py:239: UserWarning: FFI backend: chunks/attrs on create_dataset currently no-op; pre-create with h5py if you need explicit chunking or attrs.
  warnings.warn(
/global/homes/j/jackm/software/lorrax_C/src/file_io/_slab_io_ffi.py:239: UserWarning: FFI backend: chunks/attrs on create_dataset currently no-op; pre-create with h5py if you need explicit chunking or attrs.
  warnings.warn(
  ψ(G) host cache: 0.27 GB/process resident
Started zeta fitting at 08:31:41.
[ 08:31:41 | ██████████ | 100% ] r-chunk 1 / 1 · ETA 0 s
Finished zeta fitting at 08:31:41.  Elapsed: 0 s.
  [SlabIO.close] draining 1 pending writes for zeta_q.h5 …
  [SlabIO.close] Python dispatch drained in 3.6 s; joining writer thread
  [SlabIO.close] writer thread joined in 0.0 s; calling H5Fclose collectively
  [SlabIO.close] H5Fclose returned in 0.2 s
  Zeta output: /pscratch/sd/j/jackm/lorrax_sandbox/runs/MoS2/00_mos2_3x3_cohsex/01_lorrax_gnppm_newcode/tmp/zeta_q.h5  shape: (3,3,1,640,46080)
  Timing (1 r-chunks, 1.3s total):
    fit      1.21s  92.9%
    H5       0.09s   6.8%
    GPU high-water mark: 2.80 GB / 28.00 GB budget (10%)
    γ (runtime / AOT-pred) = 0.639  (AOT predicted 4.38 GB)
    V_q bare cutoff: 120.0 Ry (auto: 4·ecutwfc)
    V_q budget:    27.13 GB
    V_q mu chunks: 640
    V_q q batches: 4
  V_q (sharded): mesh=2x2, one-shot (Case A), q_chunk=9, μ_chunk=640 (1 μ-blocks), aligned=True, N_μ=640, N_G=17252, predicted peak/rank=3.52 GB (V_ref+g0_ref=0.01 GB)
Started V_q computation at 08:31:49.
[ 08:31:49 | █░░░░░░░░░ |  11% ] q-point 1 / 9 · ETA 0 s
[ 08:31:49 | ██░░░░░░░░ |  22% ] q-point 2 / 9 · ETA 0 s
[ 08:31:49 | ███░░░░░░░ |  33% ] q-point 3 / 9 · ETA 0 s
[ 08:31:49 | ████░░░░░░ |  44% ] q-point 4 / 9 · ETA 0 s
[ 08:31:49 | ██████░░░░ |  56% ] q-point 5 / 9 · ETA 0 s
[ 08:31:49 | ███████░░░ |  67% ] q-point 6 / 9 · ETA 0 s
[ 08:31:49 | ████████░░ |  78% ] q-point 7 / 9 · ETA 0 s
[ 08:31:49 | █████████░ |  89% ] q-point 8 / 9 · ETA 0 s
[ 08:31:49 | ██████████ | 100% ] q-point 9 / 9 · ETA 0 s
Finished V_q computation at 08:31:49.  Elapsed: 0 s.
  [SlabIO.close] draining 0 pending writes for zeta_q.h5 …
  [SlabIO.close] Python dispatch drained in 0.0 s; joining writer thread
  [SlabIO.close] writer thread joined in 0.0 s; calling H5Fclose collectively
  [SlabIO.close] H5Fclose returned in 0.2 s

  V_q computed:
    Shape: (1, 1, 1, 3, 3, 1, 640, 640)
    V_q=0 trace: 842800756.1333
  [SlabIO.close] draining 3 pending writes for isdf_tensors_640.h5 …
  [SlabIO.close] Python dispatch drained in 0.2 s; joining writer thread
  [SlabIO.close] writer thread joined in 0.0 s; calling H5Fclose collectively
  [SlabIO.close] H5Fclose returned in 0.0 s
  Wavefunctions built (b0:b4=80 bands, 4 sharded copies: xn/xr/yr/yn)
  [SlabIO.close] draining 1 pending writes for isdf_tensors_640.h5 …
  [SlabIO.close] Python dispatch drained in 0.1 s; joining writer thread
  [SlabIO.close] writer thread joined in 0.0 s; calling H5Fclose collectively
  [SlabIO.close] H5Fclose returned in 0.0 s
  Chunked ISDF path complete
  Minimax static window: x=[1.249527e-01, 6.336166e+00] Ry, R=50.71, nodes=10, fit_err~2.561e-06
  Bare Σ_X diagonal (eV), k=0: -36.4900  -36.4885  -30.3363  -30.3354  -29.8169  -29.8173  -29.9552  -29.9576

------------------------------------------------------------------------
  GN-PPM + FREQUENCY-INTEGRATED SIGMA
------------------------------------------------------------------------
  PPM imag-freq quadrature (ωp=2.0000 Ry): R=50.7, nodes=6, err~5.5e-06
  GN-PPM fit: 0.93s, ωp=2.0000 Ry, unfulfilled=2.18%
  [pf] profiling hooks unavailable: [Errno 2] No such file or directory: 'profile/memprof/sigma_ppm_pre.prof'
  Σc(ω) grid: -10.000..10.000 eV, Nω=41, Δω=0.500 eV, ξ=0.250 eV
  GN invalid modes: 80512/3686400 (2.18%)
    ω≥E_F cond window "core" (crossing): 103 nodes, err<1e-06, E_A=[0.0625, 0.7490] Ry, project=imag
    ω≥E_F cond window "a_stripe" (Laplace): 10 nodes, err<1e-06, E_A=[0.7865, 1.8491] Ry, project=full
    ω≥E_F cond window "b_slab" (Laplace): 13 nodes, err<1e-06, E_A=[0.0625, 1.8491] Ry, project=full
Started sigma[ω≥E_F cond] at 08:31:56.
[ 08:31:56 | ░░░░░░░░░░ |   1% ] tau node   1 / 126 · ETA 0 s
[ 08:31:57 | █░░░░░░░░░ |  12% ] tau node  15 / 126 · ETA 2 s
[ 08:31:57 | ██░░░░░░░░ |  23% ] tau node  29 / 126 · ETA 1 s
[ 08:31:57 | ███░░░░░░░ |  34% ] tau node  43 / 126 · ETA 1 s
[ 08:31:57 | █████░░░░░ |  45% ] tau node  57 / 126 · ETA 1 s
[ 08:31:57 | ██████░░░░ |  56% ] tau node  70 / 126 · ETA 1 s
[ 08:31:57 | ███████░░░ |  67% ] tau node  84 / 126 · ETA 0 s
[ 08:31:57 | ████████░░ |  78% ] tau node  98 / 126 · ETA 0 s
[ 08:31:57 | █████████░ |  89% ] tau node 112 / 126 · ETA 0 s
[ 08:31:57 | ██████████ | 100% ] tau node 126 / 126 · ETA 0 s
Finished sigma[ω≥E_F cond] at 08:31:57.  Elapsed: 1 s.
    ω≥E_F val window "single" (Laplace): 13 nodes, err<1e-06, E_A=[0.0625, 4.4870] Ry, project=full
Started sigma[ω≥E_F val] at 08:31:57.
[ 08:31:57 | █░░░░░░░░░ |   8% ] tau node  1 / 13 · ETA 0 s
[ 08:31:57 | ██░░░░░░░░ |  15% ] tau node  2 / 13 · ETA 0 s
[ 08:31:57 | ███░░░░░░░ |  31% ] tau node  4 / 13 · ETA 0 s
[ 08:31:57 | ████░░░░░░ |  38% ] tau node  5 / 13 · ETA 0 s
[ 08:31:57 | █████░░░░░ |  46% ] tau node  6 / 13 · ETA 0 s
[ 08:31:57 | ██████░░░░ |  62% ] tau node  8 / 13 · ETA 0 s
[ 08:31:57 | ███████░░░ |  69% ] tau node  9 / 13 · ETA 0 s
[ 08:31:57 | ████████░░ |  77% ] tau node 10 / 13 · ETA 0 s
[ 08:31:57 | █████████░ |  92% ] tau node 12 / 13 · ETA 0 s
[ 08:31:58 | ██████████ | 100% ] tau node 13 / 13 · ETA 0 s
Finished sigma[ω≥E_F val] at 08:31:58.  Elapsed: 0 s.
    ω<E_F cond window "single" (Laplace): 13 nodes, err<1e-06, E_A=[0.0625, 1.8491] Ry, project=full
Started sigma[ω<E_F cond] at 08:31:58.
[ 08:31:58 | █░░░░░░░░░ |   8% ] tau node  1 / 13 · ETA 0 s
[ 08:31:58 | ██░░░░░░░░ |  15% ] tau node  2 / 13 · ETA 1 s
[ 08:31:58 | ███░░░░░░░ |  31% ] tau node  4 / 13 · ETA 1 s
[ 08:31:58 | ████░░░░░░ |  38% ] tau node  5 / 13 · ETA 0 s
[ 08:31:58 | █████░░░░░ |  46% ] tau node  6 / 13 · ETA 0 s
[ 08:31:58 | ██████░░░░ |  62% ] tau node  8 / 13 · ETA 0 s
[ 08:31:58 | ███████░░░ |  69% ] tau node  9 / 13 · ETA 0 s
[ 08:31:58 | ████████░░ |  77% ] tau node 10 / 13 · ETA 0 s
[ 08:31:58 | █████████░ |  92% ] tau node 12 / 13 · ETA 0 s
[ 08:31:58 | ██████████ | 100% ] tau node 13 / 13 · ETA 0 s
Finished sigma[ω<E_F cond] at 08:31:58.  Elapsed: 0 s.
    ω<E_F val window "core" (crossing): 103 nodes, err<1e-06, E_A=[0.0625, 0.4800] Ry, project=imag
    ω<E_F val window "a_stripe" (Laplace): 9 nodes, err<1e-06, E_A=[0.9457, 4.4870] Ry, project=full
    ω<E_F val window "b_slab" (Laplace): 13 nodes, err<1e-06, E_A=[0.0625, 4.4870] Ry, project=full
Started sigma[ω<E_F val] at 08:31:58.
[ 08:31:58 | ░░░░░░░░░░ |   1% ] tau node   1 / 125 · ETA 0 s
[ 08:31:58 | █░░░░░░░░░ |  12% ] tau node  15 / 125 · ETA 1 s
[ 08:31:58 | ██░░░░░░░░ |  23% ] tau node  29 / 125 · ETA 1 s
[ 08:31:58 | ███░░░░░░░ |  34% ] tau node  42 / 125 · ETA 1 s
[ 08:31:58 | ████░░░░░░ |  45% ] tau node  56 / 125 · ETA 0 s
[ 08:31:59 | ██████░░░░ |  56% ] tau node  70 / 125 · ETA 0 s
[ 08:31:59 | ███████░░░ |  67% ] tau node  84 / 125 · ETA 0 s
[ 08:31:59 | ████████░░ |  78% ] tau node  97 / 125 · ETA 0 s
[ 08:31:59 | █████████░ |  89% ] tau node 111 / 125 · ETA 0 s
[ 08:31:59 | ██████████ | 100% ] tau node 125 / 125 · ETA 0 s
Finished sigma[ω<E_F val] at 08:31:59.  Elapsed: 1 s.
  E_F(midgap) = -4.343581 eV  (VBM=-5.193615, CBM=-3.493546)
/global/homes/j/jackm/software/lorrax_C/src/file_io/_slab_io_ffi.py:239: UserWarning: FFI backend: chunks/attrs on create_dataset currently no-op; pre-create with h5py if you need explicit chunking or attrs.
  warnings.warn(
/global/homes/j/jackm/software/lorrax_C/src/file_io/_slab_io_ffi.py:239: UserWarning: FFI backend: chunks/attrs on create_dataset currently no-op; pre-create with h5py if you need explicit chunking or attrs.
  warnings.warn(
/global/homes/j/jackm/software/lorrax_C/src/file_io/_slab_io_ffi.py:239: UserWarning: FFI backend: chunks/attrs on create_dataset currently no-op; pre-create with h5py if you need explicit chunking or attrs.
  warnings.warn(
/global/homes/j/jackm/software/lorrax_C/src/file_io/_slab_io_ffi.py:239: UserWarning: FFI backend: chunks/attrs on create_dataset currently no-op; pre-create with h5py if you need explicit chunking or attrs.
  warnings.warn(
  [SlabIO.close] draining 3 pending writes for sigma_mnk.h5 …
  [SlabIO.close] Python dispatch drained in 0.1 s; joining writer thread
  [SlabIO.close] writer thread joined in 0.0 s; calling H5Fclose collectively
  [SlabIO.close] H5Fclose returned in 0.0 s
  Diagonal SC: 282/720 states in grid, 20 iterations
  QSGW: 720 clipped (100.0%)
  G0W0 diag (E_DFT):     /pscratch/sd/j/jackm/lorrax_sandbox/runs/MoS2/00_mos2_3x3_cohsex/01_lorrax_gnppm_newcode/eqp_g0w0.dat

  Output: /pscratch/sd/j/jackm/lorrax_sandbox/runs/MoS2/00_mos2_3x3_cohsex/01_lorrax_gnppm_newcode/eqp0.dat
  Sigma(ω): /pscratch/sd/j/jackm/lorrax_sandbox/runs/MoS2/00_mos2_3x3_cohsex/01_lorrax_gnppm_newcode/sigma_mnk.h5
  Restart:  /pscratch/sd/j/jackm/lorrax_sandbox/runs/MoS2/00_mos2_3x3_cohsex/01_lorrax_gnppm_newcode/tmp/isdf_tensors_640.h5

--- Timing ---
Total recorded: 22.090 s
Section                                            Count    Total[s]     Self[s]      %
gw_jax.load_centroid_wfns                              1       1.741       1.668    7.9
  load_wfns.precompute_owned                           1       0.000       0.000    0.0
  load_wfns.k_loop                                     1       0.011       0.011    0.0
  load_wfns.scatter                                    1       0.025       0.025    0.1
  load_wfns.make_global_array                          1       0.037       0.037    0.2
gw_jax.zeta_fit_chunked                                1       7.784       0.903   35.2
  zeta_fit.slice_halves                                1       0.051       0.051    0.2
  zeta_fit.CCT                                         1       0.408       0.408    1.8
  zeta_fit.cholesky                                    1       1.174       1.174    5.3
  zeta_fit.gc_pre_chunk_loop                           1       0.061       0.061    0.3
  zeta_fit.open_file                                   1       0.070       0.070    0.3
  zeta_fit.chunk_loop                                  1       1.293       0.000    5.9
    zeta_fit.chunk.fit_one_rchunk                      1       1.205       1.205    5.5
    zeta_fit.chunk.h5_write                            1       0.088       0.088    0.4
  zeta_fit.close_io                                    1       3.821       3.821   17.3
  zeta_fit.sync_global                                 1       0.002       0.002    0.0
gw_jax.V_q_compute                                     1       3.510       0.346   15.9
  compute_all_V_q_sharded                              1       3.165       3.165   14.3
gw_jax.wavefunction_setup                              1       0.055       0.055    0.3
gw_jax.chi0_W                                          1       1.288       0.062    5.8
  chi.compile                                          1       0.482       0.482    2.2
  chi.exec                                             1       0.069       0.069    0.3
  W.compile                                            1       0.336       0.336    1.5
  W.exec                                               1       0.339       0.339    1.5
gw_jax.sigma                                           1       1.004       1.004    4.5
gw_jax.ppm_sigma                                       1       6.707       1.940   30.4
  sigma_ppm_body                                       1       4.767       4.767   21.6
