[lxrun] JID 54608463 · 1 nodes · 33:16 left · 1/1 free · incoming: lx-C
  1  nid001024  free   —              —      —  ← starting lx-C  python3 -u -m gw.gw_jax 

========================================================================
  COHSEX-JAX: Self-Energy Calculation
========================================================================
  Backend: GPU       Devices: 4  Mesh: 2×2  Processes: 4
  Device type: NVIDIA A100-SXM4-40GB
  XLA preallocate: false  mem_fraction: unset
========================================================================

  ISDF basis: 300 centroids
  FFT grid: 45×45×120   Cell volume: 4960.60 a.u.³

    Reducing band_chunk to 40 (bands/device=10)
    K-point chunking: 24 k-pts per FFT batch (total 36)
    Reducing band_chunk to 40 (bands/device=10)
    K-point chunking: 24 k-pts per FFT batch (total 36)
    Reducing band_chunk to 40 (bands/device=10)
    K-point chunking: 24 k-pts per FFT batch (total 36)
    Reducing band_chunk to 40 (bands/device=10)
    K-point chunking: 24 k-pts per FFT batch (total 36)
    Memory estimate: peak 34.92 GB (budget 36.00 GB), bottleneck=fft
    Per-stage: fft=34.92  zct=27.53  reshard=1.10  solve=0.79  gather=0.50 GB
    AOT fit_one_rchunk peak (driver-level): 1.65 GB

  G-flat memory model — chunk plan + HWM estimate
    band_chunk         = 16
    r_chunk            = 13252  (19 chunks)
    gflat_chunk_size   = 100
    budget             = 36.00 GB/dev
    HWM estimate       = 28.79 GB/dev (80% of budget) [bottleneck: C_fit_one_rchunk]
    peak totals (GB/dev):
      C_fit_one_rchunk........   28.79
      D_accumulate............    2.09
      E_v_q...................    1.42
      A_centroid..............    1.19
      B_CCT_chol..............    0.54
    per-peak components (GB/dev):
      [A]
        fft_box...............   0.995
        phase_table...........   0.140
        sphere_idx_replicated.   0.035
        centroid_out_filling..   0.016
      [B]
        P_l_plus_P_r_open_spin   0.415
        centroids_persistent..   0.062
        sphere_idx_replicated.   0.035
        C_q...................   0.013
        L_q...................   0.013
      [C]
        P_pair_concurrent_slots  27.479
        gflat_acc.............   0.630
        zeta_out..............   0.572
        centroids_persist.....   0.062
        sphere_idx_replicated.   0.035
        L_q...................   0.013
      [D]
        accumulate_fft_box....   0.778
        gflat_acc.............   0.630
        zeta_chunk............   0.572
        centroids_persist.....   0.062
        sphere_idx_replicated.   0.035
        L_q...................   0.013
      [E]
        zeta_L_all............   0.630
        zeta_R_all............   0.630
        zeta_L_on_x_axis......   0.035
        zeta_R_on_y_axis......   0.035
        sphere_idx_replicated.   0.035
        psi_centroids_persistent   0.031
        V_acc.................   0.013
        V_acc_full_BZ.........   0.013
        v_q_table_replicated..   0.008
        V_q_block.............   0.000
        lorentz_mix_buffer....   0.000

  Chunked ISDF fitting:
    Band chunks: 16
    R chunks:    13252 (contiguous r-space)
    Q chunks:    36
    GFlat cs:    100
    Zeta output: /pscratch/sd/j/jackm/lorrax_sandbox/runs/CrI3/C_cri3_ibz_fix_2026-06-16/tmp/zeta_q.h5
    cutoffs: zeta = 30.0 Ry, bare-Coulomb = 30.0 Ry  (ecutwfc=30.0, ecutrho=120.0)

  Zeta fitting: 19 r-chunks x 13252 r-points, 80 bands (74 left + 16 right)
  Output: /pscratch/sd/j/jackm/lorrax_sandbox/runs/CrI3/C_cri3_ibz_fix_2026-06-16/tmp/zeta_q.h5
  Left wfns:  (36, 74, 4, 300)
  Right wfns: (36, 16, 4, 300)
  Computing C_q via shard_map pipeline (open-spin, charge γ̃^0=I)
  Computing L_q = chol(C_q)  [PSD, charge channel, path=cusolvermp_cholesky]

  Zeta fitting: 19 r-chunks x 13252 r-points, 80 bands (74 left + 16 right)
  Output: /pscratch/sd/j/jackm/lorrax_sandbox/runs/CrI3/C_cri3_ibz_fix_2026-06-16/tmp/zeta_q.h5

  Zeta fitting: 19 r-chunks x 13252 r-points, 80 bands (74 left + 16 right)
  Output: /pscratch/sd/j/jackm/lorrax_sandbox/runs/CrI3/C_cri3_ibz_fix_2026-06-16/tmp/zeta_q.h5

  Zeta fitting: 19 r-chunks x 13252 r-points, 80 bands (74 left + 16 right)
  Output: /pscratch/sd/j/jackm/lorrax_sandbox/runs/CrI3/C_cri3_ibz_fix_2026-06-16/tmp/zeta_q.h5
  Left wfns:  (36, 74, 4, 300)
  Right wfns: (36, 16, 4, 300)
  Left wfns:  (36, 74, 4, 300)
  Right wfns: (36, 16, 4, 300)
  Left wfns:  (36, 74, 4, 300)
  Right wfns: (36, 16, 4, 300)
  Computing C_q via shard_map pipeline (open-spin, charge γ̃^0=I)
  Computing C_q via shard_map pipeline (open-spin, charge γ̃^0=I)
  Computing C_q via shard_map pipeline (open-spin, charge γ̃^0=I)
  Computing L_q = chol(C_q)  [PSD, charge channel, path=cusolvermp_cholesky]
  Computing L_q = chol(C_q)  [PSD, charge channel, path=cusolvermp_cholesky]
  Computing L_q = chol(C_q)  [PSD, charge channel, path=cusolvermp_cholesky]
[lorrax cusolverMp] library 0.7.2, NCCL 2.26.3, comm path: NCCL, grid: 2x2 (row-major)
  L_q: (8, 300, 300)
  L_q: (8, 300, 300)
  L_q: (8, 300, 300)
  L_q: (8, 300, 300)
  q-IBZ reduction: 8 IBZ q-points / 36 full-BZ (disk shrink 4.5×)
  q-IBZ reduction: 8 IBZ q-points / 36 full-BZ (disk shrink 4.5×)
  q-IBZ reduction: 8 IBZ q-points / 36 full-BZ (disk shrink 4.5×)
  q-IBZ reduction: 8 IBZ q-points / 36 full-BZ (disk shrink 4.5×)
  G-flat ζ sphere: ngkmax=13789, min ngk=13739, max ngk=13789 (5.674% of n_rtot)
/pscratch/sd/j/jackm/lorrax_sandbox/sources/lorrax_C/src/file_io/_slab_io_ffi.py:453: UserWarning: FFI backend: chunks/attrs on create_dataset currently no-op; pre-create with h5py if you need explicit chunking or attrs.
  warnings.warn(
/pscratch/sd/j/jackm/lorrax_sandbox/sources/lorrax_C/src/file_io/_slab_io_ffi.py:453: UserWarning: FFI backend: chunks/attrs on create_dataset currently no-op; pre-create with h5py if you need explicit chunking or attrs.
  warnings.warn(
/pscratch/sd/j/jackm/lorrax_sandbox/sources/lorrax_C/src/file_io/_slab_io_ffi.py:453: UserWarning: FFI backend: chunks/attrs on create_dataset currently no-op; pre-create with h5py if you need explicit chunking or attrs.
  warnings.warn(
/pscratch/sd/j/jackm/lorrax_sandbox/sources/lorrax_C/src/file_io/_slab_io_ffi.py:453: UserWarning: FFI backend: chunks/attrs on create_dataset currently no-op; pre-create with h5py if you need explicit chunking or attrs.
  warnings.warn(
  ψ(G-flat) host cache: 0.64 GB/process resident
  G-flat ζ accumulator: N=600 rows/rank (n_q=8 × n_mu_local=75); chunk_size=100 → per-iter FFT box 0.39 GB/rank
Started zeta fitting at 21:28:04.
[ 21:28:04 | █░░░░░░░░░ |   5% ] r-chunk  1 / 19 · ETA 0 s
[ 21:28:05 | █░░░░░░░░░ |  11% ] r-chunk  2 / 19 · ETA 13 s
[ 21:28:07 | ██░░░░░░░░ |  16% ] r-chunk  3 / 19 · ETA 16 s
[ 21:28:08 | ██░░░░░░░░ |  21% ] r-chunk  4 / 19 · ETA 17 s
[ 21:28:10 | ███░░░░░░░ |  26% ] r-chunk  5 / 19 · ETA 16 s
[ 21:28:11 | ███░░░░░░░ |  32% ] r-chunk  6 / 19 · ETA 16 s
[ 21:28:13 | ████░░░░░░ |  37% ] r-chunk  7 / 19 · ETA 15 s
[ 21:28:14 | ████░░░░░░ |  42% ] r-chunk  8 / 19 · ETA 14 s
[ 21:28:16 | █████░░░░░ |  47% ] r-chunk  9 / 19 · ETA 13 s
[ 21:28:17 | █████░░░░░ |  53% ] r-chunk 10 / 19 · ETA 12 s
[ 21:28:19 | ██████░░░░ |  58% ] r-chunk 11 / 19 · ETA 11 s
[ 21:28:20 | ██████░░░░ |  63% ] r-chunk 12 / 19 · ETA 9 s
[ 21:28:22 | ███████░░░ |  68% ] r-chunk 13 / 19 · ETA 8 s
[ 21:28:23 | ███████░░░ |  74% ] r-chunk 14 / 19 · ETA 7 s
[ 21:28:24 | ████████░░ |  79% ] r-chunk 15 / 19 · ETA 6 s
[ 21:28:26 | ████████░░ |  84% ] r-chunk 16 / 19 · ETA 4 s
[ 21:28:27 | █████████░ |  89% ] r-chunk 17 / 19 · ETA 3 s
[ 21:28:29 | █████████░ |  95% ] r-chunk 18 / 19 · ETA 1 s
[ 21:28:31 | ██████████ | 100% ] r-chunk 19 / 19 · ETA 0 s
Finished zeta fitting at 21:28:31.  Elapsed: 27 s.
  [SlabIO.close] draining 1 pending writes for zeta_q.h5 …
  [SlabIO.close] Python dispatch drained in 0.5 s; joining writer thread
  [SlabIO.close] writer thread joined in 0.0 s; calling H5Fclose collectively
  [SlabIO.close] H5Fclose returned in 0.0 s
  Zeta output: /pscratch/sd/j/jackm/lorrax_sandbox/runs/CrI3/C_cri3_ibz_fix_2026-06-16/tmp/zeta_q.h5  shape: (n_q_disk=8 of 6·6·1=36 full-BZ, n_rtot=243000, n_rmu=300)
  Zeta output: /pscratch/sd/j/jackm/lorrax_sandbox/runs/CrI3/C_cri3_ibz_fix_2026-06-16/tmp/zeta_q.h5  shape: (n_q_disk=8 of 6·6·1=36 full-BZ, n_rtot=243000, n_rmu=300)
  Timing (19 r-chunks, 30.1s total):
  Timing (19 r-chunks, 30.1s total):
    fit     28.56s  94.7%
    fit     28.55s  94.7%
    H5       1.52s   5.0%
    H5       1.51s   5.0%
  Zeta output: /pscratch/sd/j/jackm/lorrax_sandbox/runs/CrI3/C_cri3_ibz_fix_2026-06-16/tmp/zeta_q.h5  shape: (n_q_disk=8 of 6·6·1=36 full-BZ, n_rtot=243000, n_rmu=300)
  Timing (19 r-chunks, 30.1s total):
    fit     28.56s  94.7%
    H5       1.51s   5.0%
  Zeta output: /pscratch/sd/j/jackm/lorrax_sandbox/runs/CrI3/C_cri3_ibz_fix_2026-06-16/tmp/zeta_q.h5  shape: (n_q_disk=8 of 6·6·1=36 full-BZ, n_rtot=243000, n_rmu=300)
  Timing (19 r-chunks, 29.9s total):
    fit     29.19s  97.5%
    H5       0.68s   2.3%
    GPU high-water mark: 3.64 GB / 36.00 GB budget (10%)
    γ (runtime / AOT-pred) = 2.205  (AOT predicted 1.65 GB)

  [bispinor] fitting ζ^{μ_L=1,2,3} on current-density centroids: centroids_frac_102_current.txt

  Zeta fitting: 19 r-chunks x 13252 r-points, 80 bands (74 left + 16 right)
  Output: /pscratch/sd/j/jackm/lorrax_sandbox/runs/CrI3/C_cri3_ibz_fix_2026-06-16/tmp/zeta_q_mu1.h5

  Zeta fitting: 19 r-chunks x 13252 r-points, 80 bands (74 left + 16 right)
  Output: /pscratch/sd/j/jackm/lorrax_sandbox/runs/CrI3/C_cri3_ibz_fix_2026-06-16/tmp/zeta_q_mu1.h5
  [bispinor] μ_L=1 → /pscratch/sd/j/jackm/lorrax_sandbox/runs/CrI3/C_cri3_ibz_fix_2026-06-16/tmp/zeta_q_mu1.h5

  Zeta fitting: 19 r-chunks x 13252 r-points, 80 bands (74 left + 16 right)
  Output: /pscratch/sd/j/jackm/lorrax_sandbox/runs/CrI3/C_cri3_ibz_fix_2026-06-16/tmp/zeta_q_mu1.h5

  Zeta fitting: 19 r-chunks x 13252 r-points, 80 bands (74 left + 16 right)
  Output: /pscratch/sd/j/jackm/lorrax_sandbox/runs/CrI3/C_cri3_ibz_fix_2026-06-16/tmp/zeta_q_mu1.h5
  Left wfns:  (36, 74, 4, 104)
  Right wfns: (36, 16, 4, 104)
  Computing C_q via shard_map pipeline (open-spin, transverse γ̃^1)
  Pass through C_q  [γ̃^1 indefinite — path=lu]
  Left wfns:  (36, 74, 4, 104)
  Right wfns: (36, 16, 4, 104)
  Left wfns:  (36, 74, 4, 104)
  Right wfns: (36, 16, 4, 104)
  L_q: (8, 104, 104)
  Left wfns:  (36, 74, 4, 104)
  Right wfns: (36, 16, 4, 104)
  Computing C_q via shard_map pipeline (open-spin, transverse γ̃^1)
  Computing C_q via shard_map pipeline (open-spin, transverse γ̃^1)
  Computing C_q via shard_map pipeline (open-spin, transverse γ̃^1)
  Pass through C_q  [γ̃^1 indefinite — path=lu]
  Pass through C_q  [γ̃^1 indefinite — path=lu]
  Pass through C_q  [γ̃^1 indefinite — path=lu]
  L_q: (8, 104, 104)
  L_q: (8, 104, 104)
  L_q: (8, 104, 104)
  q-IBZ reduction: 8 IBZ q-points / 36 full-BZ (disk shrink 4.5×)
  q-IBZ reduction: 8 IBZ q-points / 36 full-BZ (disk shrink 4.5×)
  q-IBZ reduction: 8 IBZ q-points / 36 full-BZ (disk shrink 4.5×)
  q-IBZ reduction: 8 IBZ q-points / 36 full-BZ (disk shrink 4.5×)
  G-flat ζ sphere: ngkmax=13789, min ngk=13739, max ngk=13789 (5.674% of n_rtot)
/pscratch/sd/j/jackm/lorrax_sandbox/sources/lorrax_C/src/file_io/_slab_io_ffi.py:453: UserWarning: FFI backend: chunks/attrs on create_dataset currently no-op; pre-create with h5py if you need explicit chunking or attrs.
  warnings.warn(
/pscratch/sd/j/jackm/lorrax_sandbox/sources/lorrax_C/src/file_io/_slab_io_ffi.py:453: UserWarning: FFI backend: chunks/attrs on create_dataset currently no-op; pre-create with h5py if you need explicit chunking or attrs.
  warnings.warn(
/pscratch/sd/j/jackm/lorrax_sandbox/sources/lorrax_C/src/file_io/_slab_io_ffi.py:453: UserWarning: FFI backend: chunks/attrs on create_dataset currently no-op; pre-create with h5py if you need explicit chunking or attrs.
  warnings.warn(
/pscratch/sd/j/jackm/lorrax_sandbox/sources/lorrax_C/src/file_io/_slab_io_ffi.py:453: UserWarning: FFI backend: chunks/attrs on create_dataset currently no-op; pre-create with h5py if you need explicit chunking or attrs.
  warnings.warn(
  ψ(G-flat) host cache: 0.64 GB/process resident
  G-flat ζ accumulator: N=208 rows/rank (n_q=8 × n_mu_local=26); chunk_size=100 → per-iter FFT box 0.39 GB/rank
Started zeta fitting at 21:28:39.
[ 21:28:39 | █░░░░░░░░░ |   5% ] r-chunk  1 / 19 · ETA 0 s
[ 21:28:40 | █░░░░░░░░░ |  11% ] r-chunk  2 / 19 · ETA 10 s
[ 21:28:41 | ██░░░░░░░░ |  16% ] r-chunk  3 / 19 · ETA 10 s
[ 21:28:42 | ██░░░░░░░░ |  21% ] r-chunk  4 / 19 · ETA 10 s
[ 21:28:42 | ███░░░░░░░ |  26% ] r-chunk  5 / 19 · ETA 9 s
[ 21:28:43 | ███░░░░░░░ |  32% ] r-chunk  6 / 19 · ETA 9 s
[ 21:28:44 | ████░░░░░░ |  37% ] r-chunk  7 / 19 · ETA 8 s
[ 21:28:44 | ████░░░░░░ |  42% ] r-chunk  8 / 19 · ETA 7 s
[ 21:28:45 | █████░░░░░ |  47% ] r-chunk  9 / 19 · ETA 7 s
[ 21:28:46 | █████░░░░░ |  53% ] r-chunk 10 / 19 · ETA 6 s
[ 21:28:47 | ██████░░░░ |  58% ] r-chunk 11 / 19 · ETA 5 s
[ 21:28:47 | ██████░░░░ |  63% ] r-chunk 12 / 19 · ETA 5 s
[ 21:28:48 | ███████░░░ |  68% ] r-chunk 13 / 19 · ETA 4 s
[ 21:28:49 | ███████░░░ |  74% ] r-chunk 14 / 19 · ETA 3 s
[ 21:28:49 | ████████░░ |  79% ] r-chunk 15 / 19 · ETA 3 s
[ 21:28:50 | ████████░░ |  84% ] r-chunk 16 / 19 · ETA 2 s
[ 21:28:51 | █████████░ |  89% ] r-chunk 17 / 19 · ETA 1 s
[ 21:28:51 | █████████░ |  95% ] r-chunk 18 / 19 · ETA 1 s
[ 21:28:53 | ██████████ | 100% ] r-chunk 19 / 19 · ETA 0 s
Finished zeta fitting at 21:28:53.  Elapsed: 14 s.
  [SlabIO.close] draining 1 pending writes for zeta_q_mu1.h5 …
  [SlabIO.close] Python dispatch drained in 0.2 s; joining writer thread
  [SlabIO.close] writer thread joined in 0.0 s; calling H5Fclose collectively
  [SlabIO.close] H5Fclose returned in 0.0 s
  Zeta output: /pscratch/sd/j/jackm/lorrax_sandbox/runs/CrI3/C_cri3_ibz_fix_2026-06-16/tmp/zeta_q_mu1.h5  shape: (n_q_disk=8 of 6·6·1=36 full-BZ, n_rtot=243000, n_rmu=102)
  Timing (19 r-chunks, 17.5s total):
    fit     15.96s  91.2%
    H5       1.47s   8.4%
  Zeta output: /pscratch/sd/j/jackm/lorrax_sandbox/runs/CrI3/C_cri3_ibz_fix_2026-06-16/tmp/zeta_q_mu1.h5  shape: (n_q_disk=8 of 6·6·1=36 full-BZ, n_rtot=243000, n_rmu=102)
  Timing (19 r-chunks, 17.5s total):
  Zeta output: /pscratch/sd/j/jackm/lorrax_sandbox/runs/CrI3/C_cri3_ibz_fix_2026-06-16/tmp/zeta_q_mu1.h5  shape: (n_q_disk=8 of 6·6·1=36 full-BZ, n_rtot=243000, n_rmu=102)
  Timing (19 r-chunks, 17.5s total):
    fit     15.96s  91.2%
    H5       1.47s   8.4%
    fit     15.96s  91.2%
    H5       1.47s   8.4%
  Zeta output: /pscratch/sd/j/jackm/lorrax_sandbox/runs/CrI3/C_cri3_ibz_fix_2026-06-16/tmp/zeta_q_mu1.h5  shape: (n_q_disk=8 of 6·6·1=36 full-BZ, n_rtot=243000, n_rmu=102)
  Timing (19 r-chunks, 17.3s total):
    fit     16.64s  96.4%
    H5       0.55s   3.2%
  [bispinor] μ_L=2 → /pscratch/sd/j/jackm/lorrax_sandbox/runs/CrI3/C_cri3_ibz_fix_2026-06-16/tmp/zeta_q_mu2.h5

  Zeta fitting: 19 r-chunks x 13252 r-points, 80 bands (74 left + 16 right)
  Output: /pscratch/sd/j/jackm/lorrax_sandbox/runs/CrI3/C_cri3_ibz_fix_2026-06-16/tmp/zeta_q_mu2.h5

  Zeta fitting: 19 r-chunks x 13252 r-points, 80 bands (74 left + 16 right)
  Output: /pscratch/sd/j/jackm/lorrax_sandbox/runs/CrI3/C_cri3_ibz_fix_2026-06-16/tmp/zeta_q_mu2.h5

  Zeta fitting: 19 r-chunks x 13252 r-points, 80 bands (74 left + 16 right)
  Output: /pscratch/sd/j/jackm/lorrax_sandbox/runs/CrI3/C_cri3_ibz_fix_2026-06-16/tmp/zeta_q_mu2.h5

  Zeta fitting: 19 r-chunks x 13252 r-points, 80 bands (74 left + 16 right)
  Output: /pscratch/sd/j/jackm/lorrax_sandbox/runs/CrI3/C_cri3_ibz_fix_2026-06-16/tmp/zeta_q_mu2.h5
  Left wfns:  (36, 74, 4, 104)
  Right wfns: (36, 16, 4, 104)
  Computing C_q via shard_map pipeline (open-spin, transverse γ̃^2)
  Pass through C_q  [γ̃^2 indefinite — path=lu]
  L_q: (8, 104, 104)
  Left wfns:  (36, 74, 4, 104)
  Right wfns: (36, 16, 4, 104)
  Left wfns:  (36, 74, 4, 104)
  Right wfns: (36, 16, 4, 104)
  Left wfns:  (36, 74, 4, 104)
  Right wfns: (36, 16, 4, 104)
  Computing C_q via shard_map pipeline (open-spin, transverse γ̃^2)
  Computing C_q via shard_map pipeline (open-spin, transverse γ̃^2)
  Computing C_q via shard_map pipeline (open-spin, transverse γ̃^2)
  Pass through C_q  [γ̃^2 indefinite — path=lu]
  Pass through C_q  [γ̃^2 indefinite — path=lu]
  Pass through C_q  [γ̃^2 indefinite — path=lu]
  L_q: (8, 104, 104)
  L_q: (8, 104, 104)
  L_q: (8, 104, 104)
  q-IBZ reduction: 8 IBZ q-points / 36 full-BZ (disk shrink 4.5×)
  q-IBZ reduction: 8 IBZ q-points / 36 full-BZ (disk shrink 4.5×)
  q-IBZ reduction: 8 IBZ q-points / 36 full-BZ (disk shrink 4.5×)
  q-IBZ reduction: 8 IBZ q-points / 36 full-BZ (disk shrink 4.5×)
  G-flat ζ sphere: ngkmax=13789, min ngk=13739, max ngk=13789 (5.674% of n_rtot)
/pscratch/sd/j/jackm/lorrax_sandbox/sources/lorrax_C/src/file_io/_slab_io_ffi.py:453: UserWarning: FFI backend: chunks/attrs on create_dataset currently no-op; pre-create with h5py if you need explicit chunking or attrs.
  warnings.warn(
/pscratch/sd/j/jackm/lorrax_sandbox/sources/lorrax_C/src/file_io/_slab_io_ffi.py:453: UserWarning: FFI backend: chunks/attrs on create_dataset currently no-op; pre-create with h5py if you need explicit chunking or attrs.
  warnings.warn(
/pscratch/sd/j/jackm/lorrax_sandbox/sources/lorrax_C/src/file_io/_slab_io_ffi.py:453: UserWarning: FFI backend: chunks/attrs on create_dataset currently no-op; pre-create with h5py if you need explicit chunking or attrs.
  warnings.warn(
/pscratch/sd/j/jackm/lorrax_sandbox/sources/lorrax_C/src/file_io/_slab_io_ffi.py:453: UserWarning: FFI backend: chunks/attrs on create_dataset currently no-op; pre-create with h5py if you need explicit chunking or attrs.
  warnings.warn(
  ψ(G-flat) host cache: 0.64 GB/process resident
  G-flat ζ accumulator: N=208 rows/rank (n_q=8 × n_mu_local=26); chunk_size=100 → per-iter FFT box 0.39 GB/rank
Started zeta fitting at 21:28:59.
[ 21:28:59 | █░░░░░░░░░ |   5% ] r-chunk  1 / 19 · ETA 0 s
[ 21:29:00 | █░░░░░░░░░ |  11% ] r-chunk  2 / 19 · ETA 7 s
[ 21:29:01 | ██░░░░░░░░ |  16% ] r-chunk  3 / 19 · ETA 8 s
[ 21:29:02 | ██░░░░░░░░ |  21% ] r-chunk  4 / 19 · ETA 8 s
[ 21:29:02 | ███░░░░░░░ |  26% ] r-chunk  5 / 19 · ETA 8 s
[ 21:29:03 | ███░░░░░░░ |  32% ] r-chunk  6 / 19 · ETA 8 s
[ 21:29:04 | ████░░░░░░ |  37% ] r-chunk  7 / 19 · ETA 7 s
[ 21:29:04 | ████░░░░░░ |  42% ] r-chunk  8 / 19 · ETA 7 s
[ 21:29:05 | █████░░░░░ |  47% ] r-chunk  9 / 19 · ETA 6 s
[ 21:29:06 | █████░░░░░ |  53% ] r-chunk 10 / 19 · ETA 6 s
[ 21:29:06 | ██████░░░░ |  58% ] r-chunk 11 / 19 · ETA 5 s
[ 21:29:07 | ██████░░░░ |  63% ] r-chunk 12 / 19 · ETA 4 s
[ 21:29:08 | ███████░░░ |  68% ] r-chunk 13 / 19 · ETA 4 s
[ 21:29:09 | ███████░░░ |  74% ] r-chunk 14 / 19 · ETA 3 s
[ 21:29:09 | ████████░░ |  79% ] r-chunk 15 / 19 · ETA 3 s
[ 21:29:10 | ████████░░ |  84% ] r-chunk 16 / 19 · ETA 2 s
[ 21:29:11 | █████████░ |  89% ] r-chunk 17 / 19 · ETA 1 s
[ 21:29:11 | █████████░ |  95% ] r-chunk 18 / 19 · ETA 1 s
[ 21:29:13 | ██████████ | 100% ] r-chunk 19 / 19 · ETA 0 s
Finished zeta fitting at 21:29:13.  Elapsed: 14 s.
  [SlabIO.close] draining 1 pending writes for zeta_q_mu2.h5 …
  [SlabIO.close] Python dispatch drained in 0.2 s; joining writer thread
  [SlabIO.close] writer thread joined in 0.0 s; calling H5Fclose collectively
  [SlabIO.close] H5Fclose returned in 0.0 s
  Zeta output: /pscratch/sd/j/jackm/lorrax_sandbox/runs/CrI3/C_cri3_ibz_fix_2026-06-16/tmp/zeta_q_mu2.h5  shape: (n_q_disk=8 of 6·6·1=36 full-BZ, n_rtot=243000, n_rmu=102)
  Timing (19 r-chunks, 16.8s total):
    fit     15.71s  93.8%
    H5       0.97s   5.8%
  Zeta output: /pscratch/sd/j/jackm/lorrax_sandbox/runs/CrI3/C_cri3_ibz_fix_2026-06-16/tmp/zeta_q_mu2.h5  shape: (n_q_disk=8 of 6·6·1=36 full-BZ, n_rtot=243000, n_rmu=102)
  Timing (19 r-chunks, 16.8s total):
    fit     15.71s  93.8%
    H5       0.97s   5.8%
  Zeta output: /pscratch/sd/j/jackm/lorrax_sandbox/runs/CrI3/C_cri3_ibz_fix_2026-06-16/tmp/zeta_q_mu2.h5  shape: (n_q_disk=8 of 6·6·1=36 full-BZ, n_rtot=243000, n_rmu=102)
  Timing (19 r-chunks, 16.8s total):
    fit     15.71s  93.8%
    H5       0.97s   5.8%
  Zeta output: /pscratch/sd/j/jackm/lorrax_sandbox/runs/CrI3/C_cri3_ibz_fix_2026-06-16/tmp/zeta_q_mu2.h5  shape: (n_q_disk=8 of 6·6·1=36 full-BZ, n_rtot=243000, n_rmu=102)
  Timing (19 r-chunks, 16.5s total):
    fit     15.94s  96.6%
    H5       0.49s   3.0%
  [bispinor] μ_L=3 → /pscratch/sd/j/jackm/lorrax_sandbox/runs/CrI3/C_cri3_ibz_fix_2026-06-16/tmp/zeta_q_mu3.h5

  Zeta fitting: 19 r-chunks x 13252 r-points, 80 bands (74 left + 16 right)
  Output: /pscratch/sd/j/jackm/lorrax_sandbox/runs/CrI3/C_cri3_ibz_fix_2026-06-16/tmp/zeta_q_mu3.h5

  Zeta fitting: 19 r-chunks x 13252 r-points, 80 bands (74 left + 16 right)
  Output: /pscratch/sd/j/jackm/lorrax_sandbox/runs/CrI3/C_cri3_ibz_fix_2026-06-16/tmp/zeta_q_mu3.h5

  Zeta fitting: 19 r-chunks x 13252 r-points, 80 bands (74 left + 16 right)
  Output: /pscratch/sd/j/jackm/lorrax_sandbox/runs/CrI3/C_cri3_ibz_fix_2026-06-16/tmp/zeta_q_mu3.h5

  Zeta fitting: 19 r-chunks x 13252 r-points, 80 bands (74 left + 16 right)
  Output: /pscratch/sd/j/jackm/lorrax_sandbox/runs/CrI3/C_cri3_ibz_fix_2026-06-16/tmp/zeta_q_mu3.h5
  Left wfns:  (36, 74, 4, 104)
  Right wfns: (36, 16, 4, 104)
  Computing C_q via shard_map pipeline (open-spin, transverse γ̃^3)
  Pass through C_q  [γ̃^3 indefinite — path=lu]
  L_q: (8, 104, 104)
  Left wfns:  (36, 74, 4, 104)
  Right wfns: (36, 16, 4, 104)
  Left wfns:  (36, 74, 4, 104)
  Right wfns: (36, 16, 4, 104)
  Left wfns:  (36, 74, 4, 104)
  Right wfns: (36, 16, 4, 104)
  Computing C_q via shard_map pipeline (open-spin, transverse γ̃^3)
  Computing C_q via shard_map pipeline (open-spin, transverse γ̃^3)
  Computing C_q via shard_map pipeline (open-spin, transverse γ̃^3)
  Pass through C_q  [γ̃^3 indefinite — path=lu]
  Pass through C_q  [γ̃^3 indefinite — path=lu]
  Pass through C_q  [γ̃^3 indefinite — path=lu]
  L_q: (8, 104, 104)
  L_q: (8, 104, 104)
  L_q: (8, 104, 104)
  q-IBZ reduction: 8 IBZ q-points / 36 full-BZ (disk shrink 4.5×)
  q-IBZ reduction: 8 IBZ q-points / 36 full-BZ (disk shrink 4.5×)
  q-IBZ reduction: 8 IBZ q-points / 36 full-BZ (disk shrink 4.5×)
  q-IBZ reduction: 8 IBZ q-points / 36 full-BZ (disk shrink 4.5×)
  G-flat ζ sphere: ngkmax=13789, min ngk=13739, max ngk=13789 (5.674% of n_rtot)
/pscratch/sd/j/jackm/lorrax_sandbox/sources/lorrax_C/src/file_io/_slab_io_ffi.py:453: UserWarning: FFI backend: chunks/attrs on create_dataset currently no-op; pre-create with h5py if you need explicit chunking or attrs.
  warnings.warn(
/pscratch/sd/j/jackm/lorrax_sandbox/sources/lorrax_C/src/file_io/_slab_io_ffi.py:453: UserWarning: FFI backend: chunks/attrs on create_dataset currently no-op; pre-create with h5py if you need explicit chunking or attrs.
  warnings.warn(
/pscratch/sd/j/jackm/lorrax_sandbox/sources/lorrax_C/src/file_io/_slab_io_ffi.py:453: UserWarning: FFI backend: chunks/attrs on create_dataset currently no-op; pre-create with h5py if you need explicit chunking or attrs.
  warnings.warn(
/pscratch/sd/j/jackm/lorrax_sandbox/sources/lorrax_C/src/file_io/_slab_io_ffi.py:453: UserWarning: FFI backend: chunks/attrs on create_dataset currently no-op; pre-create with h5py if you need explicit chunking or attrs.
  warnings.warn(
  ψ(G-flat) host cache: 0.64 GB/process resident
  G-flat ζ accumulator: N=208 rows/rank (n_q=8 × n_mu_local=26); chunk_size=100 → per-iter FFT box 0.39 GB/rank
Started zeta fitting at 21:29:19.
[ 21:29:19 | █░░░░░░░░░ |   5% ] r-chunk  1 / 19 · ETA 0 s
[ 21:29:20 | █░░░░░░░░░ |  11% ] r-chunk  2 / 19 · ETA 6 s
[ 21:29:21 | ██░░░░░░░░ |  16% ] r-chunk  3 / 19 · ETA 8 s
[ 21:29:22 | ██░░░░░░░░ |  21% ] r-chunk  4 / 19 · ETA 8 s
[ 21:29:22 | ███░░░░░░░ |  26% ] r-chunk  5 / 19 · ETA 8 s
[ 21:29:23 | ███░░░░░░░ |  32% ] r-chunk  6 / 19 · ETA 8 s
[ 21:29:24 | ████░░░░░░ |  37% ] r-chunk  7 / 19 · ETA 7 s
[ 21:29:24 | ████░░░░░░ |  42% ] r-chunk  8 / 19 · ETA 7 s
[ 21:29:25 | █████░░░░░ |  47% ] r-chunk  9 / 19 · ETA 6 s
[ 21:29:26 | █████░░░░░ |  53% ] r-chunk 10 / 19 · ETA 6 s
[ 21:29:26 | ██████░░░░ |  58% ] r-chunk 11 / 19 · ETA 5 s
[ 21:29:27 | ██████░░░░ |  63% ] r-chunk 12 / 19 · ETA 4 s
[ 21:29:28 | ███████░░░ |  68% ] r-chunk 13 / 19 · ETA 4 s
[ 21:29:29 | ███████░░░ |  74% ] r-chunk 14 / 19 · ETA 3 s
[ 21:29:29 | ████████░░ |  79% ] r-chunk 15 / 19 · ETA 3 s
[ 21:29:30 | ████████░░ |  84% ] r-chunk 16 / 19 · ETA 2 s
[ 21:29:31 | █████████░ |  89% ] r-chunk 17 / 19 · ETA 1 s
[ 21:29:31 | █████████░ |  95% ] r-chunk 18 / 19 · ETA 1 s
[ 21:29:33 | ██████████ | 100% ] r-chunk 19 / 19 · ETA 0 s
Finished zeta fitting at 21:29:33.  Elapsed: 14 s.
  [SlabIO.close] draining 1 pending writes for zeta_q_mu3.h5 …
  [SlabIO.close] Python dispatch drained in 0.2 s; joining writer thread
  [SlabIO.close] writer thread joined in 0.0 s; calling H5Fclose collectively
  [SlabIO.close] H5Fclose returned in 0.0 s
  Zeta output: /pscratch/sd/j/jackm/lorrax_sandbox/runs/CrI3/C_cri3_ibz_fix_2026-06-16/tmp/zeta_q_mu3.h5  shape: (n_q_disk=8 of 6·6·1=36 full-BZ, n_rtot=243000, n_rmu=102)
  Timing (19 r-chunks, 16.7s total):
    fit     15.70s  93.9%
  Zeta output: /pscratch/sd/j/jackm/lorrax_sandbox/runs/CrI3/C_cri3_ibz_fix_2026-06-16/tmp/zeta_q_mu3.h5  shape: (n_q_disk=8 of 6·6·1=36 full-BZ, n_rtot=243000, n_rmu=102)
  Timing (19 r-chunks, 16.7s total):
    H5       0.96s   5.7%
  Zeta output: /pscratch/sd/j/jackm/lorrax_sandbox/runs/CrI3/C_cri3_ibz_fix_2026-06-16/tmp/zeta_q_mu3.h5  shape: (n_q_disk=8 of 6·6·1=36 full-BZ, n_rtot=243000, n_rmu=102)
  Timing (19 r-chunks, 16.7s total):
    fit     15.70s  93.9%
    H5       0.96s   5.7%
    fit     15.70s  93.9%
    H5       0.96s   5.7%
  Zeta output: /pscratch/sd/j/jackm/lorrax_sandbox/runs/CrI3/C_cri3_ibz_fix_2026-06-16/tmp/zeta_q_mu3.h5  shape: (n_q_disk=8 of 6·6·1=36 full-BZ, n_rtot=243000, n_rmu=102)
  Timing (19 r-chunks, 16.5s total):
    fit     15.94s  96.7%
    H5       0.48s   2.9%
    V_q bare cutoff: 30.0 Ry
    V_q budget:    32.58 GB

  [bispinor] V_q^{μ_L,ν_L} → /pscratch/sd/j/jackm/lorrax_sandbox/runs/CrI3/C_cri3_ibz_fix_2026-06-16/tmp/v_q_bispinor.h5
  [SlabIO.close] draining 0 pending writes for v_q_bispinor.h5 …
  [SlabIO.close] Python dispatch drained in 0.0 s; joining writer thread
  [SlabIO.close] writer thread joined in 0.0 s; calling H5Fclose collectively
  [SlabIO.close] H5Fclose returned in 0.0 s
  [bispinor g-flat] tile 1/7 (μ_L=0, ν_L=0)  n_rmu_L=300 n_rmu_R=300  same_zeta=True  use_ibz=True
  V_q g-flat [V_qmunu_CC]: n_q_ibz=8, ngkmax=13789, g_chunk=1 (13789/q), n_rmu_L=300→300, n_rmu_R=300→300, unfold=IBZ→full
    [V_qmunu_CC] pre-read all 8 IBZ ζ̃ slabs (1 batched call): 0.25s
2026-06-16 21:29:35.379374: E external/xla/xla/service/spmd/spmd_partitioner.cc:620] [spmd] Involuntary full rematerialization. The compiler was not able to go from sharding {devices=[4,1,1]<=[4]} to {devices=[1,2,1,2]<=[4] last_tile_dim_replicate} without doing a full rematerialization of the tensor for HLO operation: %copy.7 = c128[1,300,13789]{2,1,0} copy(%reshape), sharding={devices=[4,1,1]<=[4]}, metadata={op_name="jit(fn)/jit(main)/sharding_constraint" source_file="/pscratch/sd/j/jackm/lorrax_sandbox/sources/lorrax_C/src/gw/v_q_g_flat.py" source_line=94}. You probably want to enrich the sharding annotations to prevent this from happening.
2026-06-16 21:29:35.379488: E external/xla/xla/service/spmd/spmd_partitioner.cc:620] [spmd] Involuntary full rematerialization. The compiler was not able to go from sharding {devices=[4,1,1]<=[4]} to {devices=[1,2,1,2]<=[2,2]T(1,0) last_tile_dim_replicate} without doing a full rematerialization of the tensor for HLO operation: %copy.7 = c128[1,300,13789]{2,1,0} copy(%reshape), sharding={devices=[4,1,1]<=[4]}, metadata={op_name="jit(fn)/jit(main)/sharding_constraint" source_file="/pscratch/sd/j/jackm/lorrax_sandbox/sources/lorrax_C/src/gw/v_q_g_flat.py" source_line=94}. You probably want to enrich the sharding annotations to prevent this from happening.
2026-06-16 21:29:35.380034: E external/xla/xla/service/spmd/spmd_partitioner.cc:620] [spmd] Involuntary full rematerialization. The compiler was not able to go from sharding {devices=[4,1,1]<=[4]} to {devices=[1,2,1,2]<=[4] last_tile_dim_replicate} without doing a full rematerialization of the tensor for HLO operation: %copy.7 = c128[1,300,13789]{2,1,0} copy(%reshape), sharding={devices=[4,1,1]<=[4]}, metadata={op_name="jit(fn)/jit(main)/sharding_constraint" source_file="/pscratch/sd/j/jackm/lorrax_sandbox/sources/lorrax_C/src/gw/v_q_g_flat.py" source_line=94}. You probably want to enrich the sharding annotations to prevent this from happening.
2026-06-16 21:29:35.380147: E external/xla/xla/service/spmd/spmd_partitioner.cc:620] [spmd] Involuntary full rematerialization. The compiler was not able to go from sharding {devices=[4,1,1]<=[4]} to {devices=[1,2,1,2]<=[2,2]T(1,0) last_tile_dim_replicate} without doing a full rematerialization of the tensor for HLO operation: %copy.7 = c128[1,300,13789]{2,1,0} copy(%reshape), sharding={devices=[4,1,1]<=[4]}, metadata={op_name="jit(fn)/jit(main)/sharding_constraint" source_file="/pscratch/sd/j/jackm/lorrax_sandbox/sources/lorrax_C/src/gw/v_q_g_flat.py" source_line=94}. You probably want to enrich the sharding annotations to prevent this from happening.
2026-06-16 21:29:35.380755: E external/xla/xla/service/spmd/spmd_partitioner.cc:620] [spmd] Involuntary full rematerialization. The compiler was not able to go from sharding {devices=[4,1,1]<=[4]} to {devices=[1,2,1,2]<=[4] last_tile_dim_replicate} without doing a full rematerialization of the tensor for HLO operation: %copy.7 = c128[1,300,13789]{2,1,0} copy(%reshape), sharding={devices=[4,1,1]<=[4]}, metadata={op_name="jit(fn)/jit(main)/sharding_constraint" source_file="/pscratch/sd/j/jackm/lorrax_sandbox/sources/lorrax_C/src/gw/v_q_g_flat.py" source_line=94}. You probably want to enrich the sharding annotations to prevent this from happening.
2026-06-16 21:29:35.380860: E external/xla/xla/service/spmd/spmd_partitioner.cc:620] [spmd] Involuntary full rematerialization. The compiler was not able to go from sharding {devices=[4,1,1]<=[4]} to {devices=[1,2,1,2]<=[2,2]T(1,0) last_tile_dim_replicate} without doing a full rematerialization of the tensor for HLO operation: %copy.7 = c128[1,300,13789]{2,1,0} copy(%reshape), sharding={devices=[4,1,1]<=[4]}, metadata={op_name="jit(fn)/jit(main)/sharding_constraint" source_file="/pscratch/sd/j/jackm/lorrax_sandbox/sources/lorrax_C/src/gw/v_q_g_flat.py" source_line=94}. You probably want to enrich the sharding annotations to prevent this from happening.
    [V_qmunu_CC] q=0/8: kernel=0.61s
    [V_qmunu_CC] q=1/8: kernel=0.09s
    [V_qmunu_CC] q=2/8: kernel=0.09s
    [V_qmunu_CC] q=3/8: kernel=0.09s
    [V_qmunu_CC] q=4/8: kernel=0.09s
    [V_qmunu_CC] q=5/8: kernel=0.09s
    [V_qmunu_CC] q=6/8: kernel=0.09s
    [V_qmunu_CC] q=7/8: kernel=0.09s
  [SlabIO.close] draining 1 pending writes for v_q_bispinor.h5 …
  [SlabIO.close] Python dispatch drained in 0.0 s; joining writer thread
  [SlabIO.close] writer thread joined in 0.0 s; calling H5Fclose collectively
  [SlabIO.close] H5Fclose returned in 0.0 s
  [bispinor g-flat] tile 2/7 (μ_L=1, ν_L=1)  n_rmu_L=102 n_rmu_R=102  same_zeta=True  use_ibz=True
  V_q g-flat [V_qmunu_TT_11]: n_q_ibz=8, ngkmax=13789, g_chunk=1 (13789/q), n_rmu_L=102→104, n_rmu_R=102→104, unfold=IBZ→full
    [V_qmunu_TT_11] pre-read all 8 IBZ ζ̃ slabs (1 batched call): 0.07s
2026-06-16 21:29:37.491577: E external/xla/xla/service/spmd/spmd_partitioner.cc:620] [spmd] Involuntary full rematerialization. The compiler was not able to go from sharding {devices=[4,1,1]<=[4]} to {devices=[1,2,1,2]<=[4] last_tile_dim_replicate} without doing a full rematerialization of the tensor for HLO operation: %copy.5 = c128[1,104,13789]{2,1,0} copy(%reshape), sharding={devices=[4,1,1]<=[4]}, metadata={op_name="jit(fn)/jit(main)/sharding_constraint" source_file="/pscratch/sd/j/jackm/lorrax_sandbox/sources/lorrax_C/src/gw/v_q_g_flat.py" source_line=94}. You probably want to enrich the sharding annotations to prevent this from happening.
2026-06-16 21:29:37.491667: E external/xla/xla/service/spmd/spmd_partitioner.cc:620] [spmd] Involuntary full rematerialization. The compiler was not able to go from sharding {devices=[4,1,1]<=[4]} to {devices=[1,2,1,2]<=[2,2]T(1,0) last_tile_dim_replicate} without doing a full rematerialization of the tensor for HLO operation: %copy.5 = c128[1,104,13789]{2,1,0} copy(%reshape), sharding={devices=[4,1,1]<=[4]}, metadata={op_name="jit(fn)/jit(main)/sharding_constraint" source_file="/pscratch/sd/j/jackm/lorrax_sandbox/sources/lorrax_C/src/gw/v_q_g_flat.py" source_line=94}. You probably want to enrich the sharding annotations to prevent this from happening.
2026-06-16 21:29:37.492804: E external/xla/xla/service/spmd/spmd_partitioner.cc:620] [spmd] Involuntary full rematerialization. The compiler was not able to go from sharding {devices=[4,1,1]<=[4]} to {devices=[1,2,1,2]<=[4] last_tile_dim_replicate} without doing a full rematerialization of the tensor for HLO operation: %copy.5 = c128[1,104,13789]{2,1,0} copy(%reshape), sharding={devices=[4,1,1]<=[4]}, metadata={op_name="jit(fn)/jit(main)/sharding_constraint" source_file="/pscratch/sd/j/jackm/lorrax_sandbox/sources/lorrax_C/src/gw/v_q_g_flat.py" source_line=94}. You probably want to enrich the sharding annotations to prevent this from happening.
2026-06-16 21:29:37.492901: E external/xla/xla/service/spmd/spmd_partitioner.cc:620] [spmd] Involuntary full rematerialization. The compiler was not able to go from sharding {devices=[4,1,1]<=[4]} to {devices=[1,2,1,2]<=[2,2]T(1,0) last_tile_dim_replicate} without doing a full rematerialization of the tensor for HLO operation: %copy.5 = c128[1,104,13789]{2,1,0} copy(%reshape), sharding={devices=[4,1,1]<=[4]}, metadata={op_name="jit(fn)/jit(main)/sharding_constraint" source_file="/pscratch/sd/j/jackm/lorrax_sandbox/sources/lorrax_C/src/gw/v_q_g_flat.py" source_line=94}. You probably want to enrich the sharding annotations to prevent this from happening.
2026-06-16 21:29:37.493108: E external/xla/xla/service/spmd/spmd_partitioner.cc:620] [spmd] Involuntary full rematerialization. The compiler was not able to go from sharding {devices=[4,1,1]<=[4]} to {devices=[1,2,1,2]<=[4] last_tile_dim_replicate} without doing a full rematerialization of the tensor for HLO operation: %copy.5 = c128[1,104,13789]{2,1,0} copy(%reshape), sharding={devices=[4,1,1]<=[4]}, metadata={op_name="jit(fn)/jit(main)/sharding_constraint" source_file="/pscratch/sd/j/jackm/lorrax_sandbox/sources/lorrax_C/src/gw/v_q_g_flat.py" source_line=94}. You probably want to enrich the sharding annotations to prevent this from happening.
2026-06-16 21:29:37.493200: E external/xla/xla/service/spmd/spmd_partitioner.cc:620] [spmd] Involuntary full rematerialization. The compiler was not able to go from sharding {devices=[4,1,1]<=[4]} to {devices=[1,2,1,2]<=[2,2]T(1,0) last_tile_dim_replicate} without doing a full rematerialization of the tensor for HLO operation: %copy.5 = c128[1,104,13789]{2,1,0} copy(%reshape), sharding={devices=[4,1,1]<=[4]}, metadata={op_name="jit(fn)/jit(main)/sharding_constraint" source_file="/pscratch/sd/j/jackm/lorrax_sandbox/sources/lorrax_C/src/gw/v_q_g_flat.py" source_line=94}. You probably want to enrich the sharding annotations to prevent this from happening.
    [V_qmunu_TT_11] q=0/8: kernel=0.29s
    [V_qmunu_TT_11] q=1/8: kernel=0.08s
    [V_qmunu_TT_11] q=2/8: kernel=0.08s
    [V_qmunu_TT_11] q=3/8: kernel=0.08s
    [V_qmunu_TT_11] q=4/8: kernel=0.08s
    [V_qmunu_TT_11] q=5/8: kernel=0.08s
    [V_qmunu_TT_11] q=6/8: kernel=0.08s
    [V_qmunu_TT_11] q=7/8: kernel=0.08s
  [bispinor g-flat] tile 3/7 (μ_L=2, ν_L=2)  n_rmu_L=102 n_rmu_R=102  same_zeta=True  use_ibz=True
  V_q g-flat [V_qmunu_TT_22]: n_q_ibz=8, ngkmax=13789, g_chunk=1 (13789/q), n_rmu_L=102→104, n_rmu_R=102→104, unfold=IBZ→full
    [V_qmunu_TT_22] pre-read all 8 IBZ ζ̃ slabs (1 batched call): 0.07s
    [V_qmunu_TT_22] q=0/8: kernel=0.08s
    [V_qmunu_TT_22] q=1/8: kernel=0.08s
    [V_qmunu_TT_22] q=2/8: kernel=0.08s
    [V_qmunu_TT_22] q=3/8: kernel=0.08s
    [V_qmunu_TT_22] q=4/8: kernel=0.08s
    [V_qmunu_TT_22] q=5/8: kernel=0.08s
    [V_qmunu_TT_22] q=6/8: kernel=0.08s
    [V_qmunu_TT_22] q=7/8: kernel=0.08s
  [bispinor g-flat] tile 4/7 (μ_L=3, ν_L=3)  n_rmu_L=102 n_rmu_R=102  same_zeta=True  use_ibz=True
  V_q g-flat [V_qmunu_TT_33]: n_q_ibz=8, ngkmax=13789, g_chunk=1 (13789/q), n_rmu_L=102→104, n_rmu_R=102→104, unfold=IBZ→full
    [V_qmunu_TT_33] pre-read all 8 IBZ ζ̃ slabs (1 batched call): 0.07s
    [V_qmunu_TT_33] q=0/8: kernel=0.08s
    [V_qmunu_TT_33] q=1/8: kernel=0.08s
    [V_qmunu_TT_33] q=2/8: kernel=0.08s
    [V_qmunu_TT_33] q=3/8: kernel=0.08s
    [V_qmunu_TT_33] q=4/8: kernel=0.08s
    [V_qmunu_TT_33] q=5/8: kernel=0.08s
    [V_qmunu_TT_33] q=6/8: kernel=0.08s
    [V_qmunu_TT_33] q=7/8: kernel=0.08s
  [bispinor g-flat] tile 5/7 (μ_L=1, ν_L=2)  n_rmu_L=102 n_rmu_R=102  same_zeta=False  use_ibz=True
  V_q g-flat [V_qmunu_TT_12]: n_q_ibz=8, ngkmax=13789, g_chunk=1 (13789/q), n_rmu_L=102→104, n_rmu_R=102→104, unfold=IBZ→full
    [V_qmunu_TT_12] pre-read all 8 IBZ ζ̃ slabs (1 batched call): 0.06s
2026-06-16 21:29:40.335228: E external/xla/xla/service/spmd/spmd_partitioner.cc:620] [spmd] Involuntary full rematerialization. The compiler was not able to go from sharding {devices=[4,1,1]<=[4]} to {devices=[1,2,1,2]<=[4] last_tile_dim_replicate} without doing a full rematerialization of the tensor for HLO operation: %copy.6 = c128[1,104,13789]{2,1,0} copy(%reshape), sharding={devices=[4,1,1]<=[4]}, metadata={op_name="jit(fn)/jit(main)/sharding_constraint" source_file="/pscratch/sd/j/jackm/lorrax_sandbox/sources/lorrax_C/src/gw/v_q_g_flat.py" source_line=94}. You probably want to enrich the sharding annotations to prevent this from happening.
2026-06-16 21:29:40.335237: E external/xla/xla/service/spmd/spmd_partitioner.cc:620] [spmd] Involuntary full rematerialization. The compiler was not able to go from sharding {devices=[4,1,1]<=[4]} to {devices=[1,2,1,2]<=[4] last_tile_dim_replicate} without doing a full rematerialization of the tensor for HLO operation: %copy.6 = c128[1,104,13789]{2,1,0} copy(%reshape), sharding={devices=[4,1,1]<=[4]}, metadata={op_name="jit(fn)/jit(main)/sharding_constraint" source_file="/pscratch/sd/j/jackm/lorrax_sandbox/sources/lorrax_C/src/gw/v_q_g_flat.py" source_line=94}. You probably want to enrich the sharding annotations to prevent this from happening.
2026-06-16 21:29:40.335260: E external/xla/xla/service/spmd/spmd_partitioner.cc:620] [spmd] Involuntary full rematerialization. The compiler was not able to go from sharding {devices=[4,1,1]<=[4]} to {devices=[1,2,1,2]<=[4] last_tile_dim_replicate} without doing a full rematerialization of the tensor for HLO operation: %copy.6 = c128[1,104,13789]{2,1,0} copy(%reshape), sharding={devices=[4,1,1]<=[4]}, metadata={op_name="jit(fn)/jit(main)/sharding_constraint" source_file="/pscratch/sd/j/jackm/lorrax_sandbox/sources/lorrax_C/src/gw/v_q_g_flat.py" source_line=94}. You probably want to enrich the sharding annotations to prevent this from happening.
2026-06-16 21:29:40.335362: E external/xla/xla/service/spmd/spmd_partitioner.cc:620] [spmd] Involuntary full rematerialization. The compiler was not able to go from sharding {devices=[4,1,1]<=[4]} to {devices=[1,2,1,2]<=[2,2]T(1,0) last_tile_dim_replicate} without doing a full rematerialization of the tensor for HLO operation: %copy.4 = c128[1,104,13789]{2,1,0} copy(%reshape), sharding={devices=[4,1,1]<=[4]}, metadata={op_name="jit(fn)/jit(main)/sharding_constraint" source_file="/pscratch/sd/j/jackm/lorrax_sandbox/sources/lorrax_C/src/gw/v_q_g_flat.py" source_line=98}. You probably want to enrich the sharding annotations to prevent this from happening.
2026-06-16 21:29:40.335367: E external/xla/xla/service/spmd/spmd_partitioner.cc:620] [spmd] Involuntary full rematerialization. The compiler was not able to go from sharding {devices=[4,1,1]<=[4]} to {devices=[1,2,1,2]<=[2,2]T(1,0) last_tile_dim_replicate} without doing a full rematerialization of the tensor for HLO operation: %copy.4 = c128[1,104,13789]{2,1,0} copy(%reshape), sharding={devices=[4,1,1]<=[4]}, metadata={op_name="jit(fn)/jit(main)/sharding_constraint" source_file="/pscratch/sd/j/jackm/lorrax_sandbox/sources/lorrax_C/src/gw/v_q_g_flat.py" source_line=98}. You probably want to enrich the sharding annotations to prevent this from happening.
2026-06-16 21:29:40.335389: E external/xla/xla/service/spmd/spmd_partitioner.cc:620] [spmd] Involuntary full rematerialization. The compiler was not able to go from sharding {devices=[4,1,1]<=[4]} to {devices=[1,2,1,2]<=[2,2]T(1,0) last_tile_dim_replicate} without doing a full rematerialization of the tensor for HLO operation: %copy.4 = c128[1,104,13789]{2,1,0} copy(%reshape), sharding={devices=[4,1,1]<=[4]}, metadata={op_name="jit(fn)/jit(main)/sharding_constraint" source_file="/pscratch/sd/j/jackm/lorrax_sandbox/sources/lorrax_C/src/gw/v_q_g_flat.py" source_line=98}. You probably want to enrich the sharding annotations to prevent this from happening.
    [V_qmunu_TT_12] q=0/8: kernel=0.26s
    [V_qmunu_TT_12] q=1/8: kernel=0.09s
    [V_qmunu_TT_12] q=2/8: kernel=0.09s
    [V_qmunu_TT_12] q=3/8: kernel=0.08s
    [V_qmunu_TT_12] q=4/8: kernel=0.09s
    [V_qmunu_TT_12] q=5/8: kernel=0.08s
    [V_qmunu_TT_12] q=6/8: kernel=0.08s
    [V_qmunu_TT_12] q=7/8: kernel=0.09s
  [bispinor g-flat] tile 6/7 (μ_L=1, ν_L=3)  n_rmu_L=102 n_rmu_R=102  same_zeta=False  use_ibz=True
  V_q g-flat [V_qmunu_TT_13]: n_q_ibz=8, ngkmax=13789, g_chunk=1 (13789/q), n_rmu_L=102→104, n_rmu_R=102→104, unfold=IBZ→full
    [V_qmunu_TT_13] pre-read all 8 IBZ ζ̃ slabs (1 batched call): 0.06s
    [V_qmunu_TT_13] q=0/8: kernel=0.08s
    [V_qmunu_TT_13] q=1/8: kernel=0.08s
    [V_qmunu_TT_13] q=2/8: kernel=0.09s
    [V_qmunu_TT_13] q=3/8: kernel=0.08s
    [V_qmunu_TT_13] q=4/8: kernel=0.09s
    [V_qmunu_TT_13] q=5/8: kernel=0.09s
    [V_qmunu_TT_13] q=6/8: kernel=0.09s
    [V_qmunu_TT_13] q=7/8: kernel=0.09s
  [bispinor g-flat] tile 7/7 (μ_L=2, ν_L=3)  n_rmu_L=102 n_rmu_R=102  same_zeta=False  use_ibz=True
  V_q g-flat [V_qmunu_TT_23]: n_q_ibz=8, ngkmax=13789, g_chunk=1 (13789/q), n_rmu_L=102→104, n_rmu_R=102→104, unfold=IBZ→full
    [V_qmunu_TT_23] pre-read all 8 IBZ ζ̃ slabs (1 batched call): 0.05s
    [V_qmunu_TT_23] q=0/8: kernel=0.08s
    [V_qmunu_TT_23] q=1/8: kernel=0.08s
    [V_qmunu_TT_23] q=2/8: kernel=0.09s
    [V_qmunu_TT_23] q=3/8: kernel=0.09s
    [V_qmunu_TT_23] q=4/8: kernel=0.09s
    [V_qmunu_TT_23] q=5/8: kernel=0.08s
    [V_qmunu_TT_23] q=6/8: kernel=0.08s
    [V_qmunu_TT_23] q=7/8: kernel=0.09s
  [SlabIO.close] draining 1 pending writes for v_q_bispinor.h5 …
  [SlabIO.close] Python dispatch drained in 0.0 s; joining writer thread
  [SlabIO.close] writer thread joined in 0.0 s; calling H5Fclose collectively
  [SlabIO.close] H5Fclose returned in 0.0 s
  [SlabIO.close] draining 1 pending writes for v_q_bispinor.h5 …
  [SlabIO.close] Python dispatch drained in 0.0 s; joining writer thread
  [SlabIO.close] writer thread joined in 0.0 s; calling H5Fclose collectively
  [SlabIO.close] H5Fclose returned in 0.0 s
  [SlabIO.close] draining 1 pending writes for v_q_bispinor.h5 …
  [SlabIO.close] Python dispatch drained in 0.1 s; joining writer thread
  [SlabIO.close] writer thread joined in 0.0 s; calling H5Fclose collectively
  [SlabIO.close] H5Fclose returned in 0.0 s
  [SlabIO.close] draining 1 pending writes for v_q_bispinor.h5 …
  [SlabIO.close] Python dispatch drained in 0.1 s; joining writer thread
  [SlabIO.close] writer thread joined in 0.0 s; calling H5Fclose collectively
  [SlabIO.close] H5Fclose returned in 0.0 s
  [SlabIO.close] draining 1 pending writes for v_q_bispinor.h5 …
  [SlabIO.close] Python dispatch drained in 0.1 s; joining writer thread
  [SlabIO.close] writer thread joined in 0.0 s; calling H5Fclose collectively
  [SlabIO.close] H5Fclose returned in 0.0 s
  [SlabIO.close] draining 1 pending writes for v_q_bispinor.h5 …
  [SlabIO.close] Python dispatch drained in 0.1 s; joining writer thread
  [SlabIO.close] writer thread joined in 0.0 s; calling H5Fclose collectively
  [SlabIO.close] H5Fclose returned in 0.0 s
  [SlabIO.close] draining 0 pending writes for zeta_q_mu3.h5 …
  [SlabIO.close] Python dispatch drained in 0.0 s; joining writer thread
  [SlabIO.close] writer thread joined in 0.0 s; calling H5Fclose collectively
  [SlabIO.close] H5Fclose returned in 0.0 s
  [SlabIO.close] draining 0 pending writes for zeta_q_mu2.h5 …
  [SlabIO.close] Python dispatch drained in 0.0 s; joining writer thread
  [SlabIO.close] writer thread joined in 0.0 s; calling H5Fclose collectively
  [SlabIO.close] H5Fclose returned in 0.0 s
  [SlabIO.close] draining 0 pending writes for zeta_q_mu1.h5 …
  [SlabIO.close] Python dispatch drained in 0.0 s; joining writer thread
  [SlabIO.close] writer thread joined in 0.0 s; calling H5Fclose collectively
  [SlabIO.close] H5Fclose returned in 0.0 s
  [SlabIO.close] draining 0 pending writes for zeta_q.h5 …
  [SlabIO.close] Python dispatch drained in 0.0 s; joining writer thread
  [SlabIO.close] writer thread joined in 0.0 s; calling H5Fclose collectively
  [SlabIO.close] H5Fclose returned in 0.0 s
  [SlabIO.close] draining 0 pending writes for v_q_bispinor.h5 …
  [SlabIO.close] Python dispatch drained in 0.0 s; joining writer thread
  [SlabIO.close] writer thread joined in 0.0 s; calling H5Fclose collectively
  [SlabIO.close] H5Fclose returned in 0.0 s

  V_q computed:
    Shape: (36, 300, 300)
    V_q=0 trace: 126697150.1482
  [SlabIO.close] draining 0 pending writes for isdf_tensors_300.h5 …
  [SlabIO.close] Python dispatch drained in 0.0 s; joining writer thread
  [SlabIO.close] writer thread joined in 0.0 s; calling H5Fclose collectively
  [SlabIO.close] H5Fclose returned in 0.0 s
  Wavefunctions built (b0:b4=80 bands, 4 sharded copies: xn/xr/yr/yn)
  Wavefunctions built (b0:b4=80 bands, 4 sharded copies: xn/xr/yr/yn)
  [bispinor] σ^B-side Wfns built on n_rmu_T=102 transverse centroids
  [SlabIO.close] draining 1 pending writes for isdf_tensors_300.h5 …
  [SlabIO.close] Python dispatch drained in 0.9 s; joining writer thread
  [SlabIO.close] writer thread joined in 0.0 s; calling H5Fclose collectively
  [SlabIO.close] H5Fclose returned in 0.0 s
  Chunked ISDF path complete
  [SlabIO.close] draining 0 pending writes for v_q_bispinor.h5 …
  [SlabIO.close] Python dispatch drained in 0.0 s; joining writer thread
  [SlabIO.close] writer thread joined in 0.0 s; calling H5Fclose collectively
  [SlabIO.close] H5Fclose returned in 0.0 s

------------------------------------------------------------------------
  FINITE-SIZE CORRECTIONS
------------------------------------------------------------------------
  Head source: override
  v(q→0)  =        0.000 a.u.  (bare Coulomb head)

------------------------------------------------------------------------
  STATIC HEAD TERMS (exact COHSEX / BGW-style)
------------------------------------------------------------------------
  Head source: override
  v_h(q→0)           =     0.000000 a.u.
  W_h(q→0, ω=0)      =     0.000000 a.u.
  W_h^c              =     0.000000 a.u.
  Σ^X head (occ)     = 0.000000e+00 Ry
  Σ^SX head (occ)    = 0.000000e+00 Ry
  Σ^(SX-X) head(occ) = 0.000000e+00 Ry
  Σ^COH head (all)   = 0.000000e+00 Ry
  Σ^B tile (μ_L=1, ν_L=1): tr Σ = -5.140050 eV
  Σ^B tile (μ_L=1, ν_L=2): tr Σ = -0.198695 eV
  Σ^B tile (μ_L=1, ν_L=3): tr Σ = -0.063749 eV
  Σ^B tile (μ_L=2, ν_L=1): tr Σ = -0.198695 eV
  Σ^B tile (μ_L=2, ν_L=2): tr Σ = -5.131691 eV
  Σ^B tile (μ_L=2, ν_L=3): tr Σ = -0.063116 eV
  Σ^B tile (μ_L=3, ν_L=1): tr Σ = -0.063749 eV
  Σ^B tile (μ_L=3, ν_L=2): tr Σ = -0.063116 eV
  Σ^B tile (μ_L=3, ν_L=3): tr Σ = -5.623571 eV
  Bare Σ_X diagonal (eV), k=0: -52.2111  -52.2111  -52.2315  -52.2315  -38.3089  -38.3089  -38.2523  -38.2523
Traceback (most recent call last):
  File "<frozen runpy>", line 198, in _run_module_as_main
  File "<frozen runpy>", line 88, in _run_code
  File "/pscratch/sd/j/jackm/lorrax_sandbox/sources/lorrax_C/src/gw/gw_jax.py", line 1040, in <module>
Traceback (most recent call last):
  File "<frozen runpy>", line 198, in _run_module_as_main
  File "<frozen runpy>", line 88, in _run_code
  File "/pscratch/sd/j/jackm/lorrax_sandbox/sources/lorrax_C/src/gw/gw_jax.py", line 1040, in <module>
Traceback (most recent call last):
  File "<frozen runpy>", line 198, in _run_module_as_main
  File "<frozen runpy>", line 88, in _run_code
  File "/pscratch/sd/j/jackm/lorrax_sandbox/sources/lorrax_C/src/gw/gw_jax.py", line 1040, in <module>
Traceback (most recent call last):
  File "<frozen runpy>", line 198, in _run_module_as_main
  File "<frozen runpy>", line 88, in _run_code
  File "/pscratch/sd/j/jackm/lorrax_sandbox/sources/lorrax_C/src/gw/gw_jax.py", line 1040, in <module>
    raise SystemExit(main())
    raise SystemExit(main())
                     ^^^^^^
    raise SystemExit(main())
                     ^^^^^^
  File "/pscratch/sd/j/jackm/lorrax_sandbox/sources/lorrax_C/src/gw/gw_jax.py", line 551, in main
  File "/pscratch/sd/j/jackm/lorrax_sandbox/sources/lorrax_C/src/gw/gw_jax.py", line 551, in main
                     ^^^^^^
  File "/pscratch/sd/j/jackm/lorrax_sandbox/sources/lorrax_C/src/gw/gw_jax.py", line 551, in main
    raise SystemExit(main())
                     ^^^^^^
  File "/pscratch/sd/j/jackm/lorrax_sandbox/sources/lorrax_C/src/gw/gw_jax.py", line 551, in main
    kin_ion = load_kin_ion_submatrix(
              ^^^^^^^^^^^^^^^^^^^^^^^
  File "/pscratch/sd/j/jackm/lorrax_sandbox/sources/lorrax_C/src/file_io/kin_ion.py", line 59, in load_kin_ion_submatrix
    kin_ion = load_kin_ion_submatrix(
    kin_ion = load_kin_ion_submatrix(
              ^^^^^^^^^^^^^^^^^^^^^^^
  File "/pscratch/sd/j/jackm/lorrax_sandbox/sources/lorrax_C/src/file_io/kin_ion.py", line 59, in load_kin_ion_submatrix
              ^^^^^^^^^^^^^^^^^^^^^^^
  File "/pscratch/sd/j/jackm/lorrax_sandbox/sources/lorrax_C/src/file_io/kin_ion.py", line 59, in load_kin_ion_submatrix
    kin_ion = load_kin_ion_submatrix(
              ^^^^^^^^^^^^^^^^^^^^^^^
  File "/pscratch/sd/j/jackm/lorrax_sandbox/sources/lorrax_C/src/file_io/kin_ion.py", line 59, in load_kin_ion_submatrix
    raise FileNotFoundError(f"kin_ion file not found: {h5_path}")
    raise FileNotFoundError(f"kin_ion file not found: {h5_path}")
FileNotFoundError: kin_ion file not found: /pscratch/sd/j/jackm/lorrax_sandbox/runs/CrI3/C_cri3_ibz_fix_2026-06-16/kin_ion.h5
FileNotFoundError: kin_ion file not found: /pscratch/sd/j/jackm/lorrax_sandbox/runs/CrI3/C_cri3_ibz_fix_2026-06-16/kin_ion.h5
    raise FileNotFoundError(f"kin_ion file not found: {h5_path}")
FileNotFoundError: kin_ion file not found: /pscratch/sd/j/jackm/lorrax_sandbox/runs/CrI3/C_cri3_ibz_fix_2026-06-16/kin_ion.h5
    raise FileNotFoundError(f"kin_ion file not found: {h5_path}")
FileNotFoundError: kin_ion file not found: /pscratch/sd/j/jackm/lorrax_sandbox/runs/CrI3/C_cri3_ibz_fix_2026-06-16/kin_ion.h5
srun: error: nid001024: task 1: Exited with exit code 1
srun: Terminating StepId=54608463.6
[2026-06-17T04:29:53.799] error: *** STEP 54608463.6 ON nid001024 CANCELLED AT 2026-06-17T04:29:53 DUE TO TASK FAILURE ***
srun: error: nid001024: tasks 0,2-3: Exited with exit code 1
