JAX: 1 gpu devices
== Chunked kin_ion_io ==
Loading WFN: WFN.h5
Bands: 236, FFT grid: (36, 36, 36), k-points: 8
sys_dim: 3
Devices: 1
Pseudopotentials: ['Si']
Coulomb truncation: 3D bulk
Building V_loc...
Building unified V_NL setup...

Processing 8 k-points...
  k=1/8...

Writing to /pscratch/sd/j/jackm/lorrax_sandbox/runs/Si_pseudobands/00_si_2x2x2_60Ry/cohsex_sweep4/v1_k8_25w_s1/kin_ion.h5...
Wrote kin_ion.h5: shape (8, 236, 236), sys_dim=3
--- Timing (seconds) ---
Total recorded: 7.277 s
Section                                            Count    Total[s]     Self[s]      %
load_wfn                                               1       0.110       0.110    1.5
build_V_loc                                            1       0.864       0.864   11.9
k0                                                     1       2.408       2.408   33.1
k1                                                     1       1.628       1.628   22.4
k2                                                     1       0.120       0.120    1.6
k3                                                     1       1.628       1.628   22.4
k4                                                     1       0.129       0.129    1.8
k5                                                     1       0.118       0.118    1.6
k6                                                     1       0.121       0.121    1.7
k7                                                     1       0.140       0.140    1.9
write_h5                                               1       0.012       0.012    0.2
