✓ JAX initialized: 1 device(s) (local: 1, proc 0/1)
Using N_c = 2000 clusters (no pivoted-Cholesky pruning)
  density-mode=current: building bispinor j² weight with n_occ=70 (nspinor_wfn=2)
    [j^Gordon] 1/36 k-points after 6.6s
    [j^Gordon] 3/36 k-points after 14.5s
    [j^Gordon] 5/36 k-points after 21.1s
    [j^Gordon] 7/36 k-points after 26.3s
    [j^Gordon] 9/36 k-points after 34.2s
    [j^Gordon] 11/36 k-points after 39.5s
    [j^Gordon] 13/36 k-points after 44.8s
    [j^Gordon] 15/36 k-points after 51.6s
    [j^Gordon] 17/36 k-points after 56.9s
    [j^Gordon] 19/36 k-points after 62.1s
    [j^Gordon] 21/36 k-points after 67.4s
    [j^Gordon] 23/36 k-points after 72.5s
    [j^Gordon] 25/36 k-points after 77.9s
    [j^Gordon] 27/36 k-points after 83.1s
    [j^Gordon] 29/36 k-points after 88.4s
    [j^Gordon] 31/36 k-points after 93.6s
    [j^Gordon] 33/36 k-points after 98.8s
    [j^Gordon] 35/36 k-points after 104.1s
  ρ_current (Gordon Pauli) built in 106.83s; max=2.565e-05, mean=1.808e-08
Charge density shape: (75, 75, 200)
Lattice lengths: [ 6.867       6.86699961 17.99999999] Å
Orbit-aware mode: n_sym = 6, running kmeans for M_rep = 334 representatives (unfolded ≈ 2004 centroids)
PBC min-image offsets: 5 (1 ⇒ orthorhombic); orbit mode: on (n_sym=6)
Grid: 75×75×200 = 1125000 points; N_c = 334
Lloyd: 66 steps, max movement = 0.004358

Unfolded 334 reps → 1992 distinct centroids (n_sym=6)
Saved centroids to centroids_frac_1992_current.txt
--- kmeans_cli timing (s) ---
Total recorded: 142.892 s
Section                                            Count    Total[s]     Self[s]      %
setup.wfn_io                                           1       2.359       2.359    1.7
setup.charge_density                                   1     108.696     108.696   76.1
kmeans                                                 1      31.830       0.252   22.3
  init                                                 1       0.764       0.764    0.5
  lloyd                                                1      30.213      30.213   21.1
  assign_labels                                        1       0.601       0.601    0.4
snap_unfold                                            1       0.008       0.008    0.0
