
========================================================================
  COHSEX-JAX: Self-Energy Calculation
========================================================================
  Backend: GPU       Devices: 4  Mesh: 2×2  Processes: 4
  Device type: NVIDIA A100-SXM4-40GB
  XLA preallocate: unset  mem_fraction: 0.95
  XLA pool: limit=40.29 GB, in_use=0.00 GB, avail=40.29 GB
========================================================================

  ISDF basis: 640 centroids
  FFT grid: 24×24×80   Cell volume: 702.20 a.u.³

    Memory estimate: peak 2.96 GB (budget 28.00 GB), bottleneck=zct
    Per-stage: fft=0.53  pair=0.97  zct=1.37  reshard=1.37  solve=0.92  gather=0.84 GB

  Chunked ISDF fitting:
    Band chunks: 80
    R chunks:    11520 (contiguous r-space)
    Q chunks:    9
    Pair mode:   spin_traced
    Zeta output: /pscratch/sd/j/jackm/lorrax_sandbox/runs/MoS2/02_mos2_3x3_nosym/m6_async_C/tmp/zeta_q.h5

  Zeta fitting: 4 r-chunks x 11520 r-points, 80 bands (80 left + 80 right), spin_traced
  Output: /pscratch/sd/j/jackm/lorrax_sandbox/runs/MoS2/02_mos2_3x3_nosym/m6_async_C/tmp/zeta_q.h5
  Left wfns:  (9, 80, 2, 640)
  Right wfns: (9, 80, 2, 640)
  Pseudobands normalization: 0 weighted, 0 zero-weight (skipped)
  Computing pair densities P_l, P_r (spin_traced)
  Computing L_q = chol(C_q)
  L_q: (9, 640, 640)
/global/homes/j/jackm/software/lorrax_C/src/file_io/_slab_io_ffi.py:157: UserWarning: FFI backend: chunks/attrs on create_dataset currently no-op; pre-create with h5py if you need explicit chunking or attrs.
  warnings.warn(
/global/homes/j/jackm/software/lorrax_C/src/file_io/_slab_io_ffi.py:157: UserWarning: FFI backend: chunks/attrs on create_dataset currently no-op; pre-create with h5py if you need explicit chunking or attrs.
  warnings.warn(
/global/homes/j/jackm/software/lorrax_C/src/file_io/_slab_io_ffi.py:157: UserWarning: FFI backend: chunks/attrs on create_dataset currently no-op; pre-create with h5py if you need explicit chunking or attrs.
  warnings.warn(
/global/homes/j/jackm/software/lorrax_C/src/file_io/_slab_io_ffi.py:157: UserWarning: FFI backend: chunks/attrs on create_dataset currently no-op; pre-create with h5py if you need explicit chunking or attrs.
  warnings.warn(
  Caching G-space wavefunctions for r-chunk loop
  G-space cache: 1 band chunks
Started zeta fitting at 20:38:21.
[ 20:38:21 | ██░░░░░░░░ |  25% ] r-chunk 1 / 4 · ETA 0 s
[phdf5-d2h r1 mode=async] t_enter=2632504624587 handler_return=0.12 ms  stream_elapsed=-1.00 ms  bytes=265420800
[phdf5-d2h r3 mode=async] t_enter=2632504625518 handler_return=0.08 ms  stream_elapsed=-1.00 ms  bytes=265420800
[phdf5-d2h r0 mode=async] t_enter=2632504625897 handler_return=0.15 ms  stream_elapsed=-1.00 ms  bytes=265420800
[phdf5-d2h r2 mode=async] t_enter=2632504626332 handler_return=0.15 ms  stream_elapsed=-1.00 ms  bytes=265420800
[phdf5-d2h r0] writer cudaEventSync wait=10.01 ms  (handler→sync_exit=10.21 ms)
[phdf5-md r0] t_md0=2632504636121 H5Dget_space=0.03 ms  H5Sselect=0.01 ms  H5Screate=0.00 ms t_md3=2632504636164
[ 20:38:22 | █████░░░░░ |  50% ] r-chunk 2 / 4 · ETA 0 s
[ 20:38:22 | ████████░░ |  75% ] r-chunk 3 / 4 · ETA 0 s
[ 20:38:22 | ██████████ | 100% ] r-chunk 4 / 4 · ETA 0 s
Finished zeta fitting at 20:38:22.  Elapsed: 0 s.
[phdf5-d2h r1] writer cudaEventSync wait=10.01 ms  (handler→sync_exit=10.20 ms)
[phdf5-md r1] t_md0=2632505417589 H5Dget_space=0.03 ms  H5Sselect=0.01 ms  H5Screate=0.00 ms t_md3=2632505417630
[phdf5-d2h r2] writer cudaEventSync wait=10.02 ms  (handler→sync_exit=10.23 ms)
[phdf5-md r2] t_md0=2632505418347 H5Dget_space=0.03 ms  H5Sselect=0.01 ms  H5Screate=0.00 ms t_md3=2632505418387
[phdf5-d2h r3] writer cudaEventSync wait=10.02 ms  (handler→sync_exit=10.17 ms)
[phdf5-md r3] t_md0=2632505420482 H5Dget_space=0.03 ms  H5Sselect=0.01 ms  H5Screate=0.00 ms t_md3=2632505420527
[phdf5-h5d r0] t_wr_pre=2632504636167 t_wr_post=2632506203243 H5Dwrite wall=1567.08 ms
[phdf5-h5d r1] t_wr_pre=2632505417634 t_wr_post=2632506203245 H5Dwrite wall=785.61 ms
[phdf5-h5d r2] t_wr_pre=2632505418390 t_wr_post=2632506203267 H5Dwrite wall=784.88 ms
[phdf5-h5d r3] t_wr_pre=2632505420531 t_wr_post=2632506203272 H5Dwrite wall=782.74 ms
[phdf5-d2h r0 mode=async] t_enter=2632506246551 handler_return=0.03 ms  stream_elapsed=-1.00 ms  bytes=265420800
[phdf5-d2h r1 mode=async] t_enter=2632506246566 handler_return=0.03 ms  stream_elapsed=-1.00 ms  bytes=265420800
[phdf5-d2h r3 mode=async] t_enter=2632506246684 handler_return=0.04 ms  stream_elapsed=-1.00 ms  bytes=265420800
[phdf5-d2h r2 mode=async] t_enter=2632506246750 handler_return=0.03 ms  stream_elapsed=-1.00 ms  bytes=265420800
[phdf5-d2h r0] writer cudaEventSync wait=10.06 ms  (handler→sync_exit=10.11 ms)
[phdf5-md r0] t_md0=2632506256674 H5Dget_space=0.01 ms  H5Sselect=0.00 ms  H5Screate=0.00 ms t_md3=2632506256685
[phdf5-d2h r3] writer cudaEventSync wait=10.05 ms  (handler→sync_exit=10.12 ms)
[phdf5-md r3] t_md0=2632507010375 H5Dget_space=0.02 ms  H5Sselect=0.00 ms  H5Screate=0.00 ms t_md3=2632507010396
[phdf5-d2h r1] writer cudaEventSync wait=10.05 ms  (handler→sync_exit=10.11 ms)
[phdf5-md r1] t_md0=2632507011733 H5Dget_space=0.01 ms  H5Sselect=0.00 ms  H5Screate=0.00 ms t_md3=2632507011752
[phdf5-d2h r2] writer cudaEventSync wait=10.05 ms  (handler→sync_exit=10.11 ms)
[phdf5-md r2] t_md0=2632507011723 H5Dget_space=0.02 ms  H5Sselect=0.00 ms  H5Screate=0.00 ms t_md3=2632507011744
[phdf5-h5d r0] t_wr_pre=2632506256688 t_wr_post=2632508106390 H5Dwrite wall=1849.70 ms
[phdf5-h5d r1] t_wr_pre=2632507011756 t_wr_post=2632508106392 H5Dwrite wall=1094.64 ms
[phdf5-h5d r2] t_wr_pre=2632507011747 t_wr_post=2632508106393 H5Dwrite wall=1094.65 ms
[phdf5-h5d r3] t_wr_pre=2632507010400 t_wr_post=2632508106396 H5Dwrite wall=1096.00 ms
[phdf5-d2h r0 mode=async] t_enter=2632508149485 handler_return=0.03 ms  stream_elapsed=-1.00 ms  bytes=265420800
[phdf5-d2h r3 mode=async] t_enter=2632508149567 handler_return=0.05 ms  stream_elapsed=-1.00 ms  bytes=265420800
[phdf5-d2h r2 mode=async] t_enter=2632508150295 handler_return=0.03 ms  stream_elapsed=-1.00 ms  bytes=265420800
[phdf5-d2h r1 mode=async] t_enter=2632508151674 handler_return=0.03 ms  stream_elapsed=-1.00 ms  bytes=265420800
[phdf5-d2h r0] writer cudaEventSync wait=10.05 ms  (handler→sync_exit=10.11 ms)
[phdf5-md r0] t_md0=2632508159609 H5Dget_space=0.01 ms  H5Sselect=0.01 ms  H5Screate=0.00 ms t_md3=2632508159623
[phdf5-d2h r3] writer cudaEventSync wait=10.05 ms  (handler→sync_exit=10.13 ms)
[phdf5-md r3] t_md0=2632508920236 H5Dget_space=0.02 ms  H5Sselect=0.00 ms  H5Screate=0.00 ms t_md3=2632508920258
[phdf5-d2h r1] writer cudaEventSync wait=10.05 ms  (handler→sync_exit=10.12 ms)
[phdf5-md r1] t_md0=2632508921420 H5Dget_space=0.01 ms  H5Sselect=0.00 ms  H5Screate=0.00 ms t_md3=2632508921440
[phdf5-d2h r2] writer cudaEventSync wait=10.06 ms  (handler→sync_exit=10.11 ms)
[phdf5-md r2] t_md0=2632508921413 H5Dget_space=0.02 ms  H5Sselect=0.00 ms  H5Screate=0.00 ms t_md3=2632508921436
[phdf5-h5d r0] t_wr_pre=2632508159626 t_wr_post=2632509622562 H5Dwrite wall=1462.94 ms
[phdf5-h5d r1] t_wr_pre=2632508921444 t_wr_post=2632509622562 H5Dwrite wall=701.12 ms
[phdf5-h5d r2] t_wr_pre=2632508921439 t_wr_post=2632509622563 H5Dwrite wall=701.12 ms
[phdf5-h5d r3] t_wr_pre=2632508920262 t_wr_post=2632509622563 H5Dwrite wall=702.30 ms
[phdf5-d2h r2 mode=async] t_enter=2632509666710 handler_return=0.03 ms  stream_elapsed=-1.00 ms  bytes=265420800
[phdf5-d2h r0 mode=async] t_enter=2632509666890 handler_return=0.03 ms  stream_elapsed=-1.00 ms  bytes=265420800
[phdf5-d2h r3 mode=async] t_enter=2632509667130 handler_return=0.03 ms  stream_elapsed=-1.00 ms  bytes=265420800
[phdf5-d2h r1 mode=async] t_enter=2632509667586 handler_return=0.04 ms  stream_elapsed=-1.00 ms  bytes=265420800
[phdf5-d2h r0] writer cudaEventSync wait=10.05 ms  (handler→sync_exit=10.11 ms)
[phdf5-md r0] t_md0=2632509677015 H5Dget_space=0.01 ms  H5Sselect=0.00 ms  H5Screate=0.00 ms t_md3=2632509677026
[phdf5-d2h r2] writer cudaEventSync wait=10.05 ms  (handler→sync_exit=10.11 ms)
[phdf5-md r2] t_md0=2632510451720 H5Dget_space=0.01 ms  H5Sselect=0.00 ms  H5Screate=0.00 ms t_md3=2632510451741
[phdf5-d2h r1] writer cudaEventSync wait=10.05 ms  (handler→sync_exit=10.11 ms)
[phdf5-md r1] t_md0=2632510452050 H5Dget_space=0.01 ms  H5Sselect=0.00 ms  H5Screate=0.00 ms t_md3=2632510452070
[phdf5-d2h r3] writer cudaEventSync wait=10.06 ms  (handler→sync_exit=10.12 ms)
[phdf5-md r3] t_md0=2632510452041 H5Dget_space=0.02 ms  H5Sselect=0.00 ms  H5Screate=0.00 ms t_md3=2632510452061
[phdf5-h5d r0] t_wr_pre=2632509677029 t_wr_post=2632511331167 H5Dwrite wall=1654.14 ms
[phdf5-h5d r1] t_wr_pre=2632510452073 t_wr_post=2632511331177 H5Dwrite wall=879.10 ms
[phdf5-h5d r2] t_wr_pre=2632510451744 t_wr_post=2632511331167 H5Dwrite wall=879.42 ms
[phdf5-h5d r3] t_wr_pre=2632510452065 t_wr_post=2632511331169 H5Dwrite wall=879.10 ms
  Zeta output: /pscratch/sd/j/jackm/lorrax_sandbox/runs/MoS2/02_mos2_3x3_nosym/m6_async_C/tmp/zeta_q.h5  shape: (3,3,1,640,46080)
  Timing (4 r-chunks, 1.8s total):
    load     0.78s  43.7%
    pair     0.02s   1.1%
    ZCT      0.29s  16.4%
    solve    0.48s  27.0%
    H5       0.00s   0.1%
    GPU high-water mark: 2.51 GB / 28.00 GB budget (9%)
    V_q budget:    27.13 GB
    V_q mu chunks: 640
    V_q q batches: 4
  V_q: 9 q-points, batch=4, mu=640 (single chunk), overlapped H5 I/O
Started V_q computation at 20:38:33.
[ 20:38:33 | █░░░░░░░░░ |  11% ] q-point 1 / 9 · ETA 0 s
[ 20:38:33 | ██░░░░░░░░ |  22% ] q-point 2 / 9 · ETA 0 s
[ 20:38:33 | ███░░░░░░░ |  33% ] q-point 3 / 9 · ETA 0 s
[ 20:38:33 | ████░░░░░░ |  44% ] q-point 4 / 9 · ETA 0 s
[ 20:38:34 | ██████░░░░ |  56% ] q-point 5 / 9 · ETA 2 s
[ 20:38:34 | ███████░░░ |  67% ] q-point 6 / 9 · ETA 1 s
[ 20:38:34 | ████████░░ |  78% ] q-point 7 / 9 · ETA 1 s
[ 20:38:34 | █████████░ |  89% ] q-point 8 / 9 · ETA 0 s
[ 20:38:35 | ██████████ | 100% ] q-point 9 / 9 · ETA 0 s
Finished V_q computation at 20:38:35.  Elapsed: 3 s.

  V_q computed:
    Shape: (1, 1, 1, 3, 3, 1, 640, 640)
    V_q=0 trace: 613297680.1194
  Wavefunctions built (b0:b4=80 bands, 4 sharded copies: xn/xr/yr/yn)
[phdf5-d2h r1 mode=async] t_enter=2632518871953 handler_return=0.03 ms  stream_elapsed=-1.00 ms  bytes=14745600
[phdf5-d2h r3 mode=async] t_enter=2632518872495 handler_return=0.04 ms  stream_elapsed=-1.00 ms  bytes=14745600
[phdf5-d2h r2 mode=async] t_enter=2632518878044 handler_return=0.04 ms  stream_elapsed=-1.00 ms  bytes=14745600
[phdf5-d2h r0 mode=async] t_enter=2632518878546 handler_return=0.03 ms  stream_elapsed=-1.00 ms  bytes=14745600
[phdf5-d2h r0] writer cudaEventSync wait=0.55 ms  (handler→sync_exit=0.61 ms)
[phdf5-md r0] t_md0=2632518879184 H5Dget_space=0.01 ms  H5Sselect=0.00 ms  H5Screate=0.00 ms t_md3=2632518879203
[phdf5-d2h r2] writer cudaEventSync wait=0.53 ms  (handler→sync_exit=0.61 ms)
[phdf5-md r2] t_md0=2632519599221 H5Dget_space=0.02 ms  H5Sselect=0.00 ms  H5Screate=0.00 ms t_md3=2632519599245
[phdf5-d2h r1] writer cudaEventSync wait=0.52 ms  (handler→sync_exit=0.60 ms)
[phdf5-md r1] t_md0=2632519638242 H5Dget_space=0.03 ms  H5Sselect=0.00 ms  H5Screate=0.00 ms t_md3=2632519638275
[phdf5-d2h r3] writer cudaEventSync wait=0.52 ms  (handler→sync_exit=0.61 ms)
[phdf5-md r3] t_md0=2632519643242 H5Dget_space=0.02 ms  H5Sselect=0.00 ms  H5Screate=0.00 ms t_md3=2632519643263
[phdf5-h5d r0] t_wr_pre=2632518879208 t_wr_post=2632519683879 H5Dwrite wall=804.67 ms
[phdf5-h5d r1] t_wr_pre=2632519638280 t_wr_post=2632519683881 H5Dwrite wall=45.60 ms
[phdf5-h5d r2] t_wr_pre=2632519599248 t_wr_post=2632519683886 H5Dwrite wall=84.64 ms
[phdf5-h5d r3] t_wr_pre=2632519643266 t_wr_post=2632519683883 H5Dwrite wall=40.62 ms
[phdf5-d2h r1 mode=async] t_enter=2632519726848 handler_return=0.03 ms  stream_elapsed=-1.00 ms  bytes=10240
[phdf5-d2h r0 mode=async] t_enter=2632519727255 handler_return=0.03 ms  stream_elapsed=-1.00 ms  bytes=10240
[phdf5-d2h r0] writer cudaEventSync wait=0.02 ms  (handler→sync_exit=0.07 ms)
[phdf5-md r0] t_md0=2632519727338 H5Dget_space=0.01 ms  H5Sselect=0.00 ms  H5Screate=0.00 ms t_md3=2632519727350
[phdf5-d2h r3 mode=async] t_enter=2632519727520 handler_return=0.03 ms  stream_elapsed=-1.00 ms  bytes=10240
[phdf5-d2h r2 mode=async] t_enter=2632519727835 handler_return=0.03 ms  stream_elapsed=-1.00 ms  bytes=10240
[phdf5-d2h r3] writer cudaEventSync wait=0.01 ms  (handler→sync_exit=0.07 ms)
[phdf5-md r3] t_md0=2632520505827 H5Dget_space=0.02 ms  H5Sselect=0.00 ms  H5Screate=0.00 ms t_md3=2632520505848
[phdf5-d2h r2] writer cudaEventSync wait=0.01 ms  (handler→sync_exit=0.07 ms)
[phdf5-md r2] t_md0=2632520505988 H5Dget_space=0.02 ms  H5Sselect=0.00 ms  H5Screate=0.00 ms t_md3=2632520506012
[phdf5-d2h r1] writer cudaEventSync wait=0.01 ms  (handler→sync_exit=0.07 ms)
[phdf5-md r1] t_md0=2632520526728 H5Dget_space=0.03 ms  H5Sselect=0.00 ms  H5Screate=0.00 ms t_md3=2632520526761
[phdf5-h5d r0] t_wr_pre=2632519727353 t_wr_post=2632520529491 H5Dwrite wall=802.14 ms
[phdf5-h5d r1] t_wr_pre=2632520526765 t_wr_post=2632520529493 H5Dwrite wall=2.73 ms
[phdf5-h5d r2] t_wr_pre=2632520506015 t_wr_post=2632520529492 H5Dwrite wall=23.48 ms
[phdf5-h5d r3] t_wr_pre=2632520505852 t_wr_post=2632520529493 H5Dwrite wall=23.64 ms
[phdf5-d2h r0 mode=async] t_enter=2632520571262 handler_return=0.03 ms  stream_elapsed=-1.00 ms  bytes=7372800
[phdf5-d2h r0] writer cudaEventSync wait=0.26 ms  (handler→sync_exit=0.32 ms)
[phdf5-md r0] t_md0=2632520571591 H5Dget_space=0.01 ms  H5Sselect=0.00 ms  H5Screate=0.00 ms t_md3=2632520571600
[phdf5-d2h r3 mode=async] t_enter=2632520573367 handler_return=0.03 ms  stream_elapsed=-1.00 ms  bytes=7372800
[phdf5-d2h r2 mode=async] t_enter=2632520573625 handler_return=0.03 ms  stream_elapsed=-1.00 ms  bytes=7372800
[phdf5-d2h r1 mode=async] t_enter=2632520574009 handler_return=0.04 ms  stream_elapsed=-1.00 ms  bytes=7372800
[phdf5-d2h r3] writer cudaEventSync wait=0.24 ms  (handler→sync_exit=0.32 ms)
[phdf5-md r3] t_md0=2632521319522 H5Dget_space=0.02 ms  H5Sselect=0.00 ms  H5Screate=0.00 ms t_md3=2632521319543
[phdf5-d2h r2] writer cudaEventSync wait=0.26 ms  (handler→sync_exit=0.32 ms)
[phdf5-md r2] t_md0=2632521338051 H5Dget_space=0.02 ms  H5Sselect=0.00 ms  H5Screate=0.00 ms t_md3=2632521338073
[phdf5-d2h r1] writer cudaEventSync wait=0.26 ms  (handler→sync_exit=0.32 ms)
[phdf5-md r1] t_md0=2632521341990 H5Dget_space=0.03 ms  H5Sselect=0.00 ms  H5Screate=0.00 ms t_md3=2632521342022
[phdf5-h5d r0] t_wr_pre=2632520571605 t_wr_post=2632521499597 H5Dwrite wall=927.99 ms
[phdf5-h5d r1] t_wr_pre=2632521342025 t_wr_post=2632521499604 H5Dwrite wall=157.58 ms
[phdf5-h5d r2] t_wr_pre=2632521338076 t_wr_post=2632521499604 H5Dwrite wall=161.53 ms
[phdf5-h5d r3] t_wr_pre=2632521319547 t_wr_post=2632521499610 H5Dwrite wall=180.06 ms
[phdf5-d2h r0 mode=async] t_enter=2632521541445 handler_return=0.03 ms  stream_elapsed=-1.00 ms  bytes=5760
[phdf5-d2h r0] writer cudaEventSync wait=0.01 ms  (handler→sync_exit=0.06 ms)
[phdf5-md r0] t_md0=2632521541519 H5Dget_space=0.00 ms  H5Sselect=0.00 ms  H5Screate=0.00 ms t_md3=2632521541527
[phdf5-d2h r1 mode=async] t_enter=2632521542874 handler_return=0.03 ms  stream_elapsed=-1.00 ms  bytes=5760
[phdf5-d2h r3 mode=async] t_enter=2632521543510 handler_return=0.03 ms  stream_elapsed=-1.00 ms  bytes=5760
[phdf5-d2h r2 mode=async] t_enter=2632521543604 handler_return=0.03 ms  stream_elapsed=-1.00 ms  bytes=5760
[phdf5-d2h r1] writer cudaEventSync wait=0.01 ms  (handler→sync_exit=0.07 ms)
[phdf5-md r1] t_md0=2632522299193 H5Dget_space=0.03 ms  H5Sselect=0.00 ms  H5Screate=0.00 ms t_md3=2632522299224
[phdf5-d2h r2] writer cudaEventSync wait=0.01 ms  (handler→sync_exit=0.06 ms)
[phdf5-md r2] t_md0=2632522299519 H5Dget_space=0.02 ms  H5Sselect=0.00 ms  H5Screate=0.00 ms t_md3=2632522299542
[phdf5-d2h r3] writer cudaEventSync wait=0.02 ms  (handler→sync_exit=0.08 ms)
[phdf5-md r3] t_md0=2632522299515 H5Dget_space=0.02 ms  H5Sselect=0.00 ms  H5Screate=0.00 ms t_md3=2632522299537
[phdf5-h5d r0] t_wr_pre=2632521541530 t_wr_post=2632522302117 H5Dwrite wall=760.59 ms
[phdf5-h5d r1] t_wr_pre=2632522299227 t_wr_post=2632522302118 H5Dwrite wall=2.89 ms
[phdf5-h5d r2] t_wr_pre=2632522299545 t_wr_post=2632522302119 H5Dwrite wall=2.57 ms
[phdf5-h5d r3] t_wr_pre=2632522299540 t_wr_post=2632522302118 H5Dwrite wall=2.58 ms
  Chunked ISDF path complete
  Minimax static window: x=[1.249525e-01, 6.336172e+00] Ry, R=50.71, nodes=10, fit_err~2.561e-06
  |χ(0)|_max = 1.673150e-04  (minimax, 10 nodes)
  Bare Σ_X diagonal (eV), k=0: -36.4942  -36.4942  -30.4625  -30.4625  -29.7878  -29.7878  -29.8449  -29.8449

------------------------------------------------------------------------
  GN-PPM + FREQUENCY-INTEGRATED SIGMA
------------------------------------------------------------------------
  PPM imag-freq quadrature (ωp=2.0000 Ry): R=50.7, nodes=6, err~4.8e-06
  GN-PPM fit: 0.77s, ωp=2.0000 Ry, unfulfilled=2.01%
  [pf] profiling hooks unavailable: [Errno 2] No such file or directory: 'profile/memprof/sigma_ppm_pre.prof'
  Σc(ω) grid: -10.000..10.000 eV, Nω=41, Δω=0.500 eV, ξ=0.250 eV
  GN invalid modes: 74198/3686400 (2.01%)
    ω≥E_F cond window "core" (crossing): 103 nodes, err<1e-06, E_A=[0.0625, 0.7490] Ry, project=imag
    ω≥E_F cond window "a_stripe" (Laplace): 9 nodes, err<1e-06, E_A=[0.7865, 1.8491] Ry, project=full
    ω≥E_F cond window "b_slab" (Laplace): 13 nodes, err<1e-06, E_A=[0.0625, 1.8491] Ry, project=full
Started sigma[ω≥E_F cond] at 20:38:45.
[ 20:38:45 | ░░░░░░░░░░ |   1% ] tau node   1 / 125 · ETA 0 s
[ 20:38:46 | █░░░░░░░░░ |  12% ] tau node  15 / 125 · ETA 2 s
[ 20:38:46 | ██░░░░░░░░ |  23% ] tau node  29 / 125 · ETA 1 s
[ 20:38:46 | ███░░░░░░░ |  34% ] tau node  42 / 125 · ETA 1 s
[ 20:38:46 | ████░░░░░░ |  45% ] tau node  56 / 125 · ETA 1 s
[ 20:38:46 | ██████░░░░ |  56% ] tau node  70 / 125 · ETA 0 s
[ 20:38:46 | ███████░░░ |  67% ] tau node  84 / 125 · ETA 0 s
[ 20:38:46 | ████████░░ |  78% ] tau node  97 / 125 · ETA 0 s
[ 20:38:46 | █████████░ |  89% ] tau node 111 / 125 · ETA 0 s
[ 20:38:46 | ██████████ | 100% ] tau node 125 / 125 · ETA 0 s
Finished sigma[ω≥E_F cond] at 20:38:46.  Elapsed: 1 s.
    ω≥E_F val window "single" (Laplace): 13 nodes, err<1e-06, E_A=[0.0625, 4.4870] Ry, project=full
Started sigma[ω≥E_F val] at 20:38:46.
[ 20:38:46 | █░░░░░░░░░ |   8% ] tau node  1 / 13 · ETA 0 s
[ 20:38:46 | ██░░░░░░░░ |  15% ] tau node  2 / 13 · ETA 0 s
[ 20:38:46 | ███░░░░░░░ |  31% ] tau node  4 / 13 · ETA 0 s
[ 20:38:46 | ████░░░░░░ |  38% ] tau node  5 / 13 · ETA 0 s
[ 20:38:46 | █████░░░░░ |  46% ] tau node  6 / 13 · ETA 0 s
[ 20:38:46 | ██████░░░░ |  62% ] tau node  8 / 13 · ETA 0 s
[ 20:38:46 | ███████░░░ |  69% ] tau node  9 / 13 · ETA 0 s
[ 20:38:46 | ████████░░ |  77% ] tau node 10 / 13 · ETA 0 s
[ 20:38:46 | █████████░ |  92% ] tau node 12 / 13 · ETA 0 s
[ 20:38:46 | ██████████ | 100% ] tau node 13 / 13 · ETA 0 s
Finished sigma[ω≥E_F val] at 20:38:46.  Elapsed: 0 s.
    ω<E_F cond window "single" (Laplace): 13 nodes, err<1e-06, E_A=[0.0625, 1.8491] Ry, project=full
Started sigma[ω<E_F cond] at 20:38:46.
[ 20:38:46 | █░░░░░░░░░ |   8% ] tau node  1 / 13 · ETA 0 s
[ 20:38:46 | ██░░░░░░░░ |  15% ] tau node  2 / 13 · ETA 1 s
[ 20:38:46 | ███░░░░░░░ |  31% ] tau node  4 / 13 · ETA 0 s
[ 20:38:46 | ████░░░░░░ |  38% ] tau node  5 / 13 · ETA 0 s
[ 20:38:46 | █████░░░░░ |  46% ] tau node  6 / 13 · ETA 0 s
[ 20:38:46 | ██████░░░░ |  62% ] tau node  8 / 13 · ETA 0 s
[ 20:38:46 | ███████░░░ |  69% ] tau node  9 / 13 · ETA 0 s
[ 20:38:47 | ████████░░ |  77% ] tau node 10 / 13 · ETA 0 s
[ 20:38:47 | █████████░ |  92% ] tau node 12 / 13 · ETA 0 s
[ 20:38:47 | ██████████ | 100% ] tau node 13 / 13 · ETA 0 s
Finished sigma[ω<E_F cond] at 20:38:47.  Elapsed: 0 s.
    ω<E_F val window "core" (crossing): 103 nodes, err<1e-06, E_A=[0.0625, 0.4800] Ry, project=imag
    ω<E_F val window "a_stripe" (Laplace): 9 nodes, err<1e-06, E_A=[0.9457, 4.4870] Ry, project=full
    ω<E_F val window "b_slab" (Laplace): 13 nodes, err<1e-06, E_A=[0.0625, 4.4870] Ry, project=full
Started sigma[ω<E_F val] at 20:38:47.
[ 20:38:47 | ░░░░░░░░░░ |   1% ] tau node   1 / 125 · ETA 0 s
[ 20:38:47 | █░░░░░░░░░ |  12% ] tau node  15 / 125 · ETA 0 s
[ 20:38:47 | ██░░░░░░░░ |  23% ] tau node  29 / 125 · ETA 0 s
[ 20:38:47 | ███░░░░░░░ |  34% ] tau node  42 / 125 · ETA 0 s
[ 20:38:47 | ████░░░░░░ |  45% ] tau node  56 / 125 · ETA 0 s
[ 20:38:47 | ██████░░░░ |  56% ] tau node  70 / 125 · ETA 0 s
[ 20:38:47 | ███████░░░ |  67% ] tau node  84 / 125 · ETA 0 s
[ 20:38:47 | ████████░░ |  78% ] tau node  97 / 125 · ETA 0 s
[ 20:38:47 | █████████░ |  89% ] tau node 111 / 125 · ETA 0 s
[ 20:38:47 | ██████████ | 100% ] tau node 125 / 125 · ETA 0 s
Finished sigma[ω<E_F val] at 20:38:47.  Elapsed: 1 s.
  E_F(midgap) = -4.343679 eV  (VBM=-5.193711, CBM=-3.493646)
/global/homes/j/jackm/software/lorrax_C/src/file_io/_slab_io_ffi.py:157: UserWarning: FFI backend: chunks/attrs on create_dataset currently no-op; pre-create with h5py if you need explicit chunking or attrs.
  warnings.warn(
/global/homes/j/jackm/software/lorrax_C/src/file_io/_slab_io_ffi.py:157: UserWarning: FFI backend: chunks/attrs on create_dataset currently no-op; pre-create with h5py if you need explicit chunking or attrs.
  warnings.warn(
/global/homes/j/jackm/software/lorrax_C/src/file_io/_slab_io_ffi.py:157: UserWarning: FFI backend: chunks/attrs on create_dataset currently no-op; pre-create with h5py if you need explicit chunking or attrs.
  warnings.warn(
[phdf5-d2h r0 mode=async] t_enter=2632530555828 handler_return=0.09 ms  stream_elapsed=-1.00 ms  bytes=37785600
[phdf5-d2h r0] writer cudaEventSync wait=1.40 ms  (handler→sync_exit=1.56 ms)
[phdf5-md r0] t_md0=2632530557405 H5Dget_space=0.01 ms  H5Sselect=0.00 ms  H5Screate=0.00 ms t_md3=2632530557422
[phdf5-d2h r1 mode=async] t_enter=2632530559761 handler_return=0.04 ms  stream_elapsed=-1.00 ms  bytes=37785600
[phdf5-d2h r2 mode=async] t_enter=2632530560037 handler_return=0.10 ms  stream_elapsed=-1.00 ms  bytes=37785600
[phdf5-d2h r3 mode=async] t_enter=2632530566423 handler_return=0.05 ms  stream_elapsed=-1.00 ms  bytes=37785600
[phdf5-d2h r2] writer cudaEventSync wait=3.73 ms  (handler→sync_exit=3.92 ms)
[phdf5-md r2] t_md0=2632531332752 H5Dget_space=0.02 ms  H5Sselect=0.00 ms  H5Screate=0.00 ms t_md3=2632531332774
[phdf5-d2h r1] writer cudaEventSync wait=2.08 ms  (handler→sync_exit=2.16 ms)
[phdf5-md r1] t_md0=2632531333917 H5Dget_space=0.02 ms  H5Sselect=0.00 ms  H5Screate=0.00 ms t_md3=2632531333939
[phdf5-d2h r3] writer cudaEventSync wait=1.67 ms  (handler→sync_exit=1.79 ms)
[phdf5-md r3] t_md0=2632531333908 H5Dget_space=0.02 ms  H5Sselect=0.00 ms  H5Screate=0.00 ms t_md3=2632531333934
[phdf5-h5d r0] t_wr_pre=2632530557426 t_wr_post=2632531440226 H5Dwrite wall=882.80 ms
[phdf5-h5d r1] t_wr_pre=2632531333944 t_wr_post=2632531440220 H5Dwrite wall=106.28 ms
[phdf5-h5d r2] t_wr_pre=2632531332778 t_wr_post=2632531440227 H5Dwrite wall=107.45 ms
[phdf5-h5d r3] t_wr_pre=2632531333938 t_wr_post=2632531440238 H5Dwrite wall=106.30 ms
[phdf5-d2h r1 mode=async] t_enter=2632531482786 handler_return=0.03 ms  stream_elapsed=-1.00 ms  bytes=37785600
[phdf5-d2h r3 mode=async] t_enter=2632531483211 handler_return=0.03 ms  stream_elapsed=-1.00 ms  bytes=37785600
[phdf5-d2h r2 mode=async] t_enter=2632531483281 handler_return=0.03 ms  stream_elapsed=-1.00 ms  bytes=37785600
[phdf5-d2h r0 mode=async] t_enter=2632531483601 handler_return=0.03 ms  stream_elapsed=-1.00 ms  bytes=37785600
[phdf5-d2h r0] writer cudaEventSync wait=1.42 ms  (handler→sync_exit=1.48 ms)
[phdf5-md r0] t_md0=2632531485085 H5Dget_space=0.01 ms  H5Sselect=0.00 ms  H5Screate=0.00 ms t_md3=2632531485098
[phdf5-d2h r3] writer cudaEventSync wait=1.40 ms  (handler→sync_exit=1.48 ms)
[phdf5-md r3] t_md0=2632532227865 H5Dget_space=0.02 ms  H5Sselect=0.00 ms  H5Screate=0.00 ms t_md3=2632532227887
[phdf5-d2h r1] writer cudaEventSync wait=1.42 ms  (handler→sync_exit=1.48 ms)
[phdf5-md r1] t_md0=2632532265338 H5Dget_space=0.02 ms  H5Sselect=0.00 ms  H5Screate=0.00 ms t_md3=2632532265361
[phdf5-d2h r2] writer cudaEventSync wait=1.42 ms  (handler→sync_exit=1.48 ms)
[phdf5-md r2] t_md0=2632532265332 H5Dget_space=0.02 ms  H5Sselect=0.00 ms  H5Screate=0.00 ms t_md3=2632532265354
[phdf5-h5d r0] t_wr_pre=2632531485102 t_wr_post=2632532370017 H5Dwrite wall=884.91 ms
[phdf5-h5d r1] t_wr_pre=2632532265365 t_wr_post=2632532370018 H5Dwrite wall=104.65 ms
[phdf5-h5d r2] t_wr_pre=2632532265359 t_wr_post=2632532370019 H5Dwrite wall=104.66 ms
[phdf5-h5d r3] t_wr_pre=2632532227891 t_wr_post=2632532370020 H5Dwrite wall=142.13 ms
[phdf5-d2h r3 mode=async] t_enter=2632532413320 handler_return=0.03 ms  stream_elapsed=-1.00 ms  bytes=921600
[phdf5-d2h r1 mode=async] t_enter=2632532413391 handler_return=0.04 ms  stream_elapsed=-1.00 ms  bytes=921600
[phdf5-d2h r2 mode=async] t_enter=2632532413684 handler_return=0.03 ms  stream_elapsed=-1.00 ms  bytes=921600
[phdf5-d2h r0 mode=async] t_enter=2632532413902 handler_return=0.03 ms  stream_elapsed=-1.00 ms  bytes=921600
[phdf5-d2h r0] writer cudaEventSync wait=0.01 ms  (handler→sync_exit=0.09 ms)
[phdf5-md r0] t_md0=2632532414004 H5Dget_space=0.01 ms  H5Sselect=0.00 ms  H5Screate=0.00 ms t_md3=2632532414018
[phdf5-d2h r1] writer cudaEventSync wait=0.02 ms  (handler→sync_exit=0.08 ms)
[phdf5-md r1] t_md0=2632533145273 H5Dget_space=0.02 ms  H5Sselect=0.00 ms  H5Screate=0.00 ms t_md3=2632533145292
[phdf5-d2h r2] writer cudaEventSync wait=0.01 ms  (handler→sync_exit=0.08 ms)
[phdf5-md r2] t_md0=2632533164523 H5Dget_space=0.02 ms  H5Sselect=0.00 ms  H5Screate=0.00 ms t_md3=2632533164545
[phdf5-d2h r3] writer cudaEventSync wait=0.02 ms  (handler→sync_exit=0.07 ms)
[phdf5-md r3] t_md0=2632533166738 H5Dget_space=0.02 ms  H5Sselect=0.00 ms  H5Screate=0.00 ms t_md3=2632533166759
[phdf5-h5d r0] t_wr_pre=2632532414021 t_wr_post=2632533170982 H5Dwrite wall=756.96 ms
[phdf5-h5d r1] t_wr_pre=2632533145296 t_wr_post=2632533170982 H5Dwrite wall=25.69 ms
[phdf5-h5d r2] t_wr_pre=2632533164548 t_wr_post=2632533170982 H5Dwrite wall=6.43 ms
[phdf5-h5d r3] t_wr_pre=2632533166763 t_wr_post=2632533170983 H5Dwrite wall=4.22 ms
[phdf5-d2h r0 mode=async] t_enter=2632533212444 handler_return=0.03 ms  stream_elapsed=-1.00 ms  bytes=921600
[phdf5-d2h r0] writer cudaEventSync wait=0.02 ms  (handler→sync_exit=0.07 ms)
[phdf5-md r0] t_md0=2632533212525 H5Dget_space=0.01 ms  H5Sselect=0.00 ms  H5Screate=0.00 ms t_md3=2632533212538
[phdf5-d2h r1 mode=async] t_enter=2632533213627 handler_return=0.03 ms  stream_elapsed=-1.00 ms  bytes=921600
[phdf5-d2h r2 mode=async] t_enter=2632533213922 handler_return=0.03 ms  stream_elapsed=-1.00 ms  bytes=921600
[phdf5-d2h r3 mode=async] t_enter=2632533214116 handler_return=0.03 ms  stream_elapsed=-1.00 ms  bytes=921600
[phdf5-d2h r3] writer cudaEventSync wait=0.02 ms  (handler→sync_exit=0.07 ms)
[phdf5-md r3] t_md0=2632533944551 H5Dget_space=0.02 ms  H5Sselect=0.00 ms  H5Screate=0.00 ms t_md3=2632533944574
[phdf5-d2h r2] writer cudaEventSync wait=0.01 ms  (handler→sync_exit=0.09 ms)
[phdf5-md r2] t_md0=2632533962309 H5Dget_space=0.02 ms  H5Sselect=0.00 ms  H5Screate=0.00 ms t_md3=2632533962330
[phdf5-d2h r1] writer cudaEventSync wait=0.02 ms  (handler→sync_exit=0.07 ms)
[phdf5-md r1] t_md0=2632533964756 H5Dget_space=0.02 ms  H5Sselect=0.00 ms  H5Screate=0.00 ms t_md3=2632533964777
[phdf5-h5d r0] t_wr_pre=2632533212542 t_wr_post=2632533969064 H5Dwrite wall=756.52 ms
[phdf5-h5d r1] t_wr_pre=2632533964780 t_wr_post=2632533969065 H5Dwrite wall=4.29 ms
[phdf5-h5d r2] t_wr_pre=2632533962333 t_wr_post=2632533969065 H5Dwrite wall=6.73 ms
[phdf5-h5d r3] t_wr_pre=2632533944577 t_wr_post=2632533969065 H5Dwrite wall=24.49 ms
  Diagonal SC: 8/720 states in grid, 20 iterations
  QSGW: 658 clipped (91.4%)
  G0W0 diag (E_DFT):     /pscratch/sd/j/jackm/lorrax_sandbox/runs/MoS2/02_mos2_3x3_nosym/m6_async_C/eqp_g0w0.dat

  Output: /pscratch/sd/j/jackm/lorrax_sandbox/runs/MoS2/02_mos2_3x3_nosym/m6_async_C/eqp0.dat
  Sigma(ω): /pscratch/sd/j/jackm/lorrax_sandbox/runs/MoS2/02_mos2_3x3_nosym/m6_async_C/sigma_mnk.h5
  Restart:  /pscratch/sd/j/jackm/lorrax_sandbox/runs/MoS2/02_mos2_3x3_nosym/m6_async_C/tmp/isdf_tensors_640.h5

--- Timing ---
Total recorded: 31.512 s
Section                                            Count    Total[s]     Self[s]      %
gw_jax.zeta_fit_chunked                                1      14.120       7.529   44.8
  zeta_fit.load_wfns                                   1       2.559       2.476    8.1
    load_wfns.precompute_owned                         1       0.000       0.000    0.0
    load_wfns.k_loop                                   1       0.011       0.011    0.0
    load_wfns.scatter                                  1       0.024       0.024    0.1
    load_wfns.make_global_array                        1       0.047       0.047    0.1
  zeta_fit.CCT                                         1       0.734       0.734    2.3
  zeta_fit.cholesky                                    1       1.479       1.479    4.7
  zeta_fit.cache_gspace                                1       0.040       0.000    0.1
    load_wfns.precompute_owned                         1       0.000       0.000    0.0
    load_wfns.k_loop                                   1       0.012       0.012    0.0
    load_wfns.scatter                                  1       0.025       0.025    0.1
    load_wfns.make_global_array                        1       0.002       0.002    0.0
  zeta_fit.chunk_loop                                  1       1.780       0.207    5.6
    zeta_fit.chunk.load                                4       0.779       0.779    2.5
    zeta_fit.chunk.pair_density                        4       0.019       0.019    0.1
    zeta_fit.chunk.ZCT                                 4       0.292       0.292    0.9
    zeta_fit.chunk.solve                               4       0.481       0.481    1.5
    zeta_fit.chunk.h5_write                            4       0.001       0.001    0.0
gw_jax.V_q_compute                                     1       6.494       0.411   20.6
  compute_all_V_q                                      1       6.083       6.083   19.3
gw_jax.wavefunction_setup                              1       0.092       0.092    0.3
gw_jax.chi0_W                                          1       1.685       1.685    5.3
gw_jax.sigma                                           1       0.906       0.906    2.9
gw_jax.ppm_sigma                                       1       8.215       4.582   26.1
  sigma_ppm_body                                       1       3.633       3.633   11.5
[2026-04-19T03:38:54.106] error:  mpi/pmix_v4: _errhandler: nid001184 [0]: pmixp_client_v2.c:225: Error handler invoked: status = -61, source = [slurm.pmix.51751335.21:2]
