=== leg env: P=1  N=1  coord=c207-008:13569
    frozen src  /scratch2/08271/jackmc/bispinor_zeta_reuse/lorrax_frozen/src
    gw_init.py  08541055f8d871b0
    bundle      /scratch2/08271/jackmc/b600_p64/bundle_1fc2759/lorrax_cpu_bundle.tar  (venv only)
    ffi so      13a0b667261e071a  [build_host_PADFIX]
    mpiw        d0113a789d8c7388
=== 02_units job=7888569 Tue Aug  4 11:54:41 CDT 2026 ===

########## unit gates (frozen tree) ##########
INFO:    gocryptfs not found, will not be able to use gocryptfs
.......................                                                  [100%]
=============================== warnings summary ===============================
src/common/wfn_transforms.py:50
  /scratch2/08271/jackmc/bispinor_zeta_reuse/lorrax_frozen/tests/../src/common/wfn_transforms.py:50: DeprecationWarning: jax.experimental.shard_map is deprecated in v0.8.0. Used jax.shard_map instead.
    from jax.experimental.shard_map import shard_map

-- Docs: https://docs.pytest.org/en/stable/how-to/capture-warnings.html
23 passed, 1 warning in 92.16s (0:01:32)
[units rc=0]

########## fastloop check (frozen tree, PADFIX .so) ##########
=== fastloop Tue Aug  4 11:56:32 CDT 2026 host=c207-008.frontera.tacc.utexas.edu job=7888569 src@unknown mode=check ===
INFO:    gocryptfs not found, will not be able to use gocryptfs
[fastloop] mode=check legs=p1,shard4 work=/scratch2/08271/jackmc/lorrax_sandbox/fastloop/work/check.7888569 threads=56 src=/scratch2/08271/jackmc/bispinor_zeta_reuse/lorrax_frozen/src
[fastloop] ---- leg p1 ----
[fastloop] stage kmeans       rc=0   wall=  11.8s
[fastloop] kmeans accepted: N_req=400 rows=394 rank=37 gate_pass=True
[fastloop] stage dipole       rc=0   wall=   6.9s
[fastloop] stage kin_ion      rc=0   wall=   6.0s
[fastloop] stage gw           rc=0   wall=  40.5s
[fastloop] stage eqp_convert  rc=0   wall=   0.1s
[fastloop] stage ht_dft       rc=0   wall=   5.4s
[fastloop] stage ht_qp        rc=0   wall=   5.3s
[fastloop] leg p1: ok in 76.0s
[fastloop] ---- leg shard4 ----
[fastloop] stage kmeans       rc=0   wall=   9.9s
[fastloop] kmeans accepted: N_req=400 rows=394 rank=37 gate_pass=True
[fastloop] stage dipole       rc=0   wall=   6.6s
[fastloop] stage kin_ion      rc=0   wall=   5.8s
[fastloop] stage gw           rc=0   wall=  58.8s
[fastloop] stage eqp_convert  rc=0   wall=   0.1s
[fastloop] stage ht_dft       rc=0   wall=   5.5s
[fastloop] stage ht_qp        rc=0   wall=   5.3s
[fastloop] leg shard4: ok in 92.1s
[fastloop] total wall 168.7s (target: each leg's chain under ~90 s warm)

[fastloop] ---- parity report ----
[fastloop] p1      kmeans.n_request             max|d|=0.000e+00      tol=0.0e+00  OK   
[fastloop] p1      kmeans.n_centroids           max|d|=0.000e+00      tol=0.0e+00  OK   
[fastloop] p1      kmeans.rank                  max|d|=0.000e+00      tol=0.0e+00  OK   
[fastloop] p1      centroids_mini.txt           max|d|=0.000e+00      tol=1.0e-09  OK   
[fastloop] p1      eqp0.dat                     max|d|=0.000e+00      tol=1.0e-08  OK   
[fastloop] p1      eqp1.dat                     max|d|=0.000e+00      tol=1.0e-08  OK   
[fastloop] p1      eqp_g0w0.dat                 max|d|=0.000e+00      tol=1.0e-08  OK   
[fastloop] p1      sigma_diag.dat               max|d|=0.000e+00      tol=1.0e-08  OK   
[fastloop] p1      dipole.h5                    max|d|=0.000e+00      tol=1.0e-08  OK   -
[fastloop] p1      kin_ion.h5                   max|d|=1.421e-14      tol=1.0e-08  OK   v_hartree
[fastloop] p1      sigma_mnk.h5                 max|d|=2.274e-13      tol=1.0e-08  OK   hartree_kij_ev
[fastloop] p1      bandstructure_dft.dat        max|d|=0.000e+00      tol=1.0e-08  OK   
[fastloop] p1      bandstructure_dft.dat.vbm/cbm/gap max|d|=0.000e+00      tol=1.0e-06  OK   
[fastloop] p1      bandstructure_qp.dat         max|d|=0.000e+00      tol=1.0e-08  OK   
[fastloop] p1      bandstructure_qp.dat.vbm/cbm/gap max|d|=0.000e+00      tol=1.0e-06  OK   
[fastloop] shard4  kmeans.n_request             max|d|=0.000e+00      tol=0.0e+00  OK   
[fastloop] shard4  kmeans.n_centroids           max|d|=0.000e+00      tol=0.0e+00  OK   
[fastloop] shard4  kmeans.rank                  max|d|=0.000e+00      tol=0.0e+00  OK   
[fastloop] shard4  centroids_mini.txt           max|d|=0.000e+00      tol=1.0e-08  OK   
[fastloop] shard4  eqp0.dat                     max|d|=0.000e+00      tol=1.0e-07  OK   
[fastloop] shard4  eqp1.dat                     max|d|=0.000e+00      tol=1.0e-07  OK   
[fastloop] shard4  eqp_g0w0.dat                 max|d|=0.000e+00      tol=1.0e-07  OK   
[fastloop] shard4  sigma_diag.dat               max|d|=0.000e+00      tol=1.0e-07  OK   
[fastloop] shard4  dipole.h5                    max|d|=0.000e+00      tol=1.0e-07  OK   -
[fastloop] shard4  kin_ion.h5                   max|d|=1.421e-14      tol=1.0e-07  OK   v_hartree
[fastloop] shard4  sigma_mnk.h5                 max|d|=2.274e-13      tol=1.0e-07  OK   sigma_total_kij_ev
[fastloop] shard4  bandstructure_dft.dat        max|d|=0.000e+00      tol=1.0e-07  OK   
[fastloop] shard4  bandstructure_dft.dat.vbm/cbm/gap max|d|=0.000e+00      tol=1.0e-05  OK   
[fastloop] shard4  bandstructure_qp.dat         max|d|=0.000e+00      tol=1.0e-07  OK   
[fastloop] shard4  bandstructure_qp.dat.vbm/cbm/gap max|d|=0.000e+00      tol=1.0e-05  OK   
[fastloop] parity verdict: PASS
[fastloop rc=0] Tue Aug  4 11:59:22 CDT 2026
[fastloop rc=0]

[02_units SUMMARY] job=7888569 rc_units=0 rc_fastloop=0
=== 02_units done Tue Aug  4 11:59:22 CDT 2026 ===
