[lxrun] JID 52438964 · 2 nodes · 10:46 left · 2/2 free · incoming: lx-D
  1  nid001205  free   —              —      —  ← starting lx-D  python3 -u -m gw.gw_jax 
  2  nid001208  free   —              —      —

========================================================================
  COHSEX-JAX: Self-Energy Calculation
========================================================================
  Backend: GPU       Devices: 4  Mesh: 2×2  Processes: 4
  Device type: NVIDIA A100-SXM4-40GB
  XLA preallocate: false  mem_fraction: unset
========================================================================

  ISDF basis: 1600 centroids
  FFT grid: 24×24×80   Cell volume: 702.20 a.u.³

    Memory estimate: peak 26.71 GB (budget 28.00 GB), bottleneck=zct
    Per-stage: fft=7.07  zct=13.44  reshard=8.13  solve=6.20  gather=5.47 GB
    AOT fit_one_rchunk peak (driver-level): 10.95 GB

  Chunked ISDF fitting:
    Band chunks: 80
    R chunks:    46080 (contiguous r-space)
    Q chunks:    9
    Zeta output: /pscratch/sd/j/jackm/lorrax_sandbox/runs/MoS2/02_mos2_3x3_nosym/D_lorrax_gnppm_native/tmp/zeta_q.h5

  Zeta fitting: 1 r-chunks x 46080 r-points, 80 bands (80 left + 80 right)
  Output: /pscratch/sd/j/jackm/lorrax_sandbox/runs/MoS2/02_mos2_3x3_nosym/D_lorrax_gnppm_native/tmp/zeta_q.h5
  Left wfns:  (9, 80, 2, 1600)
  Right wfns: (9, 80, 2, 1600)
  Pseudobands normalization: 0 weighted, 0 zero-weight (skipped)
  Computing pair densities P_l, P_r (spin_traced)
/opt/jax/jax/_src/interpreters/mlir.py:1178: UserWarning: Some donated buffers were not usable: ShapedArray(complex128[9,800,800]).
See an explanation at https://jax.readthedocs.io/en/latest/faq.html#buffer-donation.
  warnings.warn("Some donated buffers were not usable:"
  Computing L_q = chol(C_q)
/opt/jax/jax/_src/interpreters/mlir.py:1178: UserWarning: Some donated buffers were not usable: ShapedArray(complex128[9,800,800]).
See an explanation at https://jax.readthedocs.io/en/latest/faq.html#buffer-donation.
  warnings.warn("Some donated buffers were not usable:"
/opt/jax/jax/_src/interpreters/mlir.py:1178: UserWarning: Some donated buffers were not usable: ShapedArray(complex128[9,800,800]).
See an explanation at https://jax.readthedocs.io/en/latest/faq.html#buffer-donation.
  warnings.warn("Some donated buffers were not usable:"
/opt/jax/jax/_src/interpreters/mlir.py:1178: UserWarning: Some donated buffers were not usable: ShapedArray(complex128[9,800,800]).
See an explanation at https://jax.readthedocs.io/en/latest/faq.html#buffer-donation.
  warnings.warn("Some donated buffers were not usable:"
  L_q: (9, 1600, 1600)
/pscratch/sd/j/jackm/lorrax_sandbox/sources/lorrax_D/src/file_io/_slab_io_ffi.py:239: UserWarning: FFI backend: chunks/attrs on create_dataset currently no-op; pre-create with h5py if you need explicit chunking or attrs.
  warnings.warn(
/pscratch/sd/j/jackm/lorrax_sandbox/sources/lorrax_D/src/file_io/_slab_io_ffi.py:239: UserWarning: FFI backend: chunks/attrs on create_dataset currently no-op; pre-create with h5py if you need explicit chunking or attrs.
  warnings.warn(
/pscratch/sd/j/jackm/lorrax_sandbox/sources/lorrax_D/src/file_io/_slab_io_ffi.py:239: UserWarning: FFI backend: chunks/attrs on create_dataset currently no-op; pre-create with h5py if you need explicit chunking or attrs.
  warnings.warn(
/pscratch/sd/j/jackm/lorrax_sandbox/sources/lorrax_D/src/file_io/_slab_io_ffi.py:239: UserWarning: FFI backend: chunks/attrs on create_dataset currently no-op; pre-create with h5py if you need explicit chunking or attrs.
  warnings.warn(
  ψ(G) host cache: 0.27 GB/process resident
Started zeta fitting at 15:29:43.
[ 15:29:43 | ██████████ | 100% ] r-chunk 1 / 1 · ETA 0 s
Finished zeta fitting at 15:29:43.  Elapsed: 0 s.
  [SlabIO.close] draining 1 pending writes for zeta_q.h5 …
  [SlabIO.close] Python dispatch drained in 9.0 s; joining writer thread
  [SlabIO.close] writer thread joined in 0.0 s; calling H5Fclose collectively
  [SlabIO.close] H5Fclose returned in 0.6 s
  Zeta output: /pscratch/sd/j/jackm/lorrax_sandbox/runs/MoS2/02_mos2_3x3_nosym/D_lorrax_gnppm_native/tmp/zeta_q.h5  shape: (3,3,1,1600,46080)
  Timing (1 r-chunks, 1.5s total):
    fit      1.46s  98.3%
    H5       0.02s   1.6%
    GPU high-water mark: 4.63 GB / 28.00 GB budget (17%)
    γ (runtime / AOT-pred) = 0.423  (AOT predicted 10.95 GB)
    V_q bare cutoff: 30.0 Ry
    V_q budget:    27.09 GB
    V_q mu chunks: 1600
    V_q q batches: 4
  V_q (sharded): mesh=2x2, one-shot (Case A), q_chunk=9, μ_chunk=1600 (1 μ-blocks), aligned=True, N_μ=1600, N_G=2419, predicted peak/rank=1.32 GB (V_ref+g0_ref=0.09 GB)
Started V_q computation at 15:29:56.
[ 15:29:56 | █░░░░░░░░░ |  11% ] q-point 1 / 9 · ETA 0 s
[ 15:29:56 | ██░░░░░░░░ |  22% ] q-point 2 / 9 · ETA 0 s
[ 15:29:56 | ███░░░░░░░ |  33% ] q-point 3 / 9 · ETA 0 s
[ 15:29:56 | ████░░░░░░ |  44% ] q-point 4 / 9 · ETA 0 s
[ 15:29:56 | ██████░░░░ |  56% ] q-point 5 / 9 · ETA 0 s
[ 15:29:56 | ███████░░░ |  67% ] q-point 6 / 9 · ETA 0 s
[ 15:29:56 | ████████░░ |  78% ] q-point 7 / 9 · ETA 0 s
[ 15:29:56 | █████████░ |  89% ] q-point 8 / 9 · ETA 0 s
[ 15:29:56 | ██████████ | 100% ] q-point 9 / 9 · ETA 0 s
Finished V_q computation at 15:29:56.  Elapsed: 0 s.
  [SlabIO.close] draining 0 pending writes for zeta_q.h5 …
  [SlabIO.close] Python dispatch drained in 0.0 s; joining writer thread
  [SlabIO.close] writer thread joined in 0.0 s; calling H5Fclose collectively
  [SlabIO.close] H5Fclose returned in 0.5 s

  V_q computed:
    Shape: (1, 1, 1, 3, 3, 1, 1600, 1600)
    V_q=0 trace: 6914260464.9276
  [SlabIO.close] draining 3 pending writes for isdf_tensors_1600.h5 …
  [SlabIO.close] Python dispatch drained in 0.9 s; joining writer thread
  [SlabIO.close] writer thread joined in 0.0 s; calling H5Fclose collectively
  [SlabIO.close] H5Fclose returned in 0.1 s
  Wavefunctions built (b0:b4=80 bands, 4 sharded copies: xn/xr/yr/yn)
  [SlabIO.close] draining 1 pending writes for isdf_tensors_1600.h5 …
  [SlabIO.close] Python dispatch drained in 0.1 s; joining writer thread
  [SlabIO.close] writer thread joined in 0.0 s; calling H5Fclose collectively
  [SlabIO.close] H5Fclose returned in 0.0 s
  Chunked ISDF path complete
  Minimax static window: x=[1.249525e-01, 6.336172e+00] Ry, R=50.71, nodes=10, fit_err~2.561e-06
  [SlabIO.close] draining 1 pending writes for isdf_tensors_1600.h5 …
  [SlabIO.close] Python dispatch drained in 0.6 s; joining writer thread
  [SlabIO.close] writer thread joined in 0.0 s; calling H5Fclose collectively
  [SlabIO.close] H5Fclose returned in 1.0 s
  Persisted W0_qmunu + q=0 head scalars: vhead=1655.335 a.u.,  whead[ω=0]=321.920 a.u.,  whead[iωp]=1375.671 a.u.

------------------------------------------------------------------------
  FINITE-SIZE CORRECTIONS
------------------------------------------------------------------------
  Head source: s_tensor
  v(q→0)  =     1655.335 a.u.  (bare Coulomb head)
  W(q→0)  =      321.920 a.u.  (screened Coulomb head)
  ΔW      =    -1333.415 a.u.  (screening correction)

------------------------------------------------------------------------
  STATIC HEAD TERMS (exact COHSEX / BGW-style)
------------------------------------------------------------------------
  Head source: s_tensor
  v_h(q→0)           =  1655.334970 a.u.
  W_h(q→0, ω=0)      =   321.919862 a.u.
  W_h^c              = -1333.415107 a.u.
  Σ^X head (occ)     = -2.619279e-01 Ry
  Σ^SX head (occ)    = -5.093821e-02 Ry
  Σ^(SX-X) head(occ) = 2.109897e-01 Ry
  Σ^COH head (all)   = -1.054949e-01 Ry
  Bare Σ_X diagonal (eV), k=0: -40.0789  -40.0789  -34.0089  -34.0089  -33.3063  -33.3063  -33.3656  -33.3656

------------------------------------------------------------------------
  GN-PPM + FREQUENCY-INTEGRATED SIGMA
------------------------------------------------------------------------
  PPM imag-freq quadrature (ωp=2.0000 Ry): R=50.7, nodes=6, err~4.8e-06
  GN-PPM fit: 0.90s, iωp=2.0000 Ry, unfulfilled=0.44%
  [pf] profiling hooks unavailable: [Errno 2] No such file or directory: 'profile/memprof/sigma_ppm_pre.prof'
  Σc(ω) grid: -10.000..10.000 eV, Nω=41, Δω=0.500 eV, ξ=0.250 eV
  GN invalid modes: 100446/23040000 (0.44%)
    ω≥E_F cond window "core" (crossing): 103 nodes, err<1e-06, E_A=[0.0625, 0.7490] Ry, project=imag
    ω≥E_F cond window "a_stripe" (Laplace): 10 nodes, err<1e-06, E_A=[0.7865, 1.8491] Ry, project=full
    ω≥E_F cond window "b_slab" (Laplace): 15 nodes, err<1e-06, E_A=[0.0625, 1.8491] Ry, project=full
Started sigma[ω≥E_F cond] at 15:30:11.
[ 15:30:11 | ░░░░░░░░░░ |   1% ] tau node   1 / 128 · ETA 0 s
[ 15:30:11 | █░░░░░░░░░ |  12% ] tau node  15 / 128 · ETA 2 s
[ 15:30:12 | ██░░░░░░░░ |  23% ] tau node  29 / 128 · ETA 2 s
[ 15:30:12 | ███░░░░░░░ |  34% ] tau node  43 / 128 · ETA 1 s
[ 15:30:12 | ████░░░░░░ |  45% ] tau node  57 / 128 · ETA 1 s
[ 15:30:12 | ██████░░░░ |  56% ] tau node  72 / 128 · ETA 1 s
[ 15:30:13 | ███████░░░ |  67% ] tau node  86 / 128 · ETA 1 s
[ 15:30:13 | ████████░░ |  78% ] tau node 100 / 128 · ETA 1 s
[ 15:30:13 | █████████░ |  89% ] tau node 114 / 128 · ETA 0 s
[ 15:30:14 | ██████████ | 100% ] tau node 128 / 128 · ETA 0 s
Finished sigma[ω≥E_F cond] at 15:30:14.  Elapsed: 3 s.
    ω≥E_F val window "single" (Laplace): 15 nodes, err<1e-06, E_A=[0.0625, 4.4870] Ry, project=full
Started sigma[ω≥E_F val] at 15:30:14.
[ 15:30:14 | █░░░░░░░░░ |   7% ] tau node  1 / 15 · ETA 0 s
[ 15:30:14 | ██░░░░░░░░ |  20% ] tau node  3 / 15 · ETA 0 s
[ 15:30:14 | ███░░░░░░░ |  27% ] tau node  4 / 15 · ETA 0 s
[ 15:30:14 | ████░░░░░░ |  40% ] tau node  6 / 15 · ETA 0 s
[ 15:30:14 | █████░░░░░ |  47% ] tau node  7 / 15 · ETA 0 s
[ 15:30:14 | ██████░░░░ |  60% ] tau node  9 / 15 · ETA 0 s
[ 15:30:14 | ███████░░░ |  67% ] tau node 10 / 15 · ETA 0 s
[ 15:30:14 | ████████░░ |  80% ] tau node 12 / 15 · ETA 0 s
[ 15:30:14 | █████████░ |  87% ] tau node 13 / 15 · ETA 0 s
[ 15:30:14 | ██████████ | 100% ] tau node 15 / 15 · ETA 0 s
Finished sigma[ω≥E_F val] at 15:30:14.  Elapsed: 0 s.
    ω<E_F cond window "single" (Laplace): 15 nodes, err<1e-06, E_A=[0.0625, 1.8491] Ry, project=full
Started sigma[ω<E_F cond] at 15:30:14.
[ 15:30:14 | █░░░░░░░░░ |   7% ] tau node  1 / 15 · ETA 0 s
[ 15:30:14 | ██░░░░░░░░ |  20% ] tau node  3 / 15 · ETA 0 s
[ 15:30:14 | ███░░░░░░░ |  27% ] tau node  4 / 15 · ETA 0 s
[ 15:30:14 | ████░░░░░░ |  40% ] tau node  6 / 15 · ETA 0 s
[ 15:30:14 | █████░░░░░ |  47% ] tau node  7 / 15 · ETA 0 s
[ 15:30:14 | ██████░░░░ |  60% ] tau node  9 / 15 · ETA 0 s
[ 15:30:14 | ███████░░░ |  67% ] tau node 10 / 15 · ETA 0 s
[ 15:30:15 | ████████░░ |  80% ] tau node 12 / 15 · ETA 0 s
[ 15:30:15 | █████████░ |  87% ] tau node 13 / 15 · ETA 0 s
[ 15:30:15 | ██████████ | 100% ] tau node 15 / 15 · ETA 0 s
Finished sigma[ω<E_F cond] at 15:30:15.  Elapsed: 0 s.
    ω<E_F val window "core" (crossing): 103 nodes, err<1e-06, E_A=[0.0625, 0.4800] Ry, project=imag
    ω<E_F val window "a_stripe" (Laplace): 9 nodes, err<1e-06, E_A=[0.9457, 4.4870] Ry, project=full
    ω<E_F val window "b_slab" (Laplace): 15 nodes, err<1e-06, E_A=[0.0625, 4.4870] Ry, project=full
Started sigma[ω<E_F val] at 15:30:15.
[ 15:30:15 | ░░░░░░░░░░ |   1% ] tau node   1 / 127 · ETA 0 s
[ 15:30:15 | █░░░░░░░░░ |  12% ] tau node  15 / 127 · ETA 3 s
[ 15:30:15 | ██░░░░░░░░ |  23% ] tau node  29 / 127 · ETA 2 s
[ 15:30:16 | ███░░░░░░░ |  34% ] tau node  43 / 127 · ETA 2 s
[ 15:30:16 | ████░░░░░░ |  45% ] tau node  57 / 127 · ETA 2 s
[ 15:30:17 | ██████░░░░ |  56% ] tau node  71 / 127 · ETA 2 s
[ 15:30:17 | ███████░░░ |  67% ] tau node  85 / 127 · ETA 1 s
[ 15:30:17 | ████████░░ |  78% ] tau node  99 / 127 · ETA 1 s
[ 15:30:18 | █████████░ |  89% ] tau node 113 / 127 · ETA 0 s
[ 15:30:18 | ██████████ | 100% ] tau node 127 / 127 · ETA 0 s
Finished sigma[ω<E_F val] at 15:30:18.  Elapsed: 4 s.

------------------------------------------------------------------------
  HEAD CORRECTION (scalar GN, separate from ISDF body)
------------------------------------------------------------------------
  v(q→0)             =     1655.335 a.u.
  W^c(q→0, ω=0)      =    -1333.415 a.u.
  W^c(q→0, ω=iωp)    =     -279.664 a.u.  [ωp=2.0000 Ry]
  Ω_h²               =     1.061595 Ry²
  Ω_h                =     1.030337 Ry  (14.018460 eV)
  B_h                =  1415.547062 Ry² · a.u.
  R_h                =   686.933737 Ry · a.u.
  R_h / (Ω_h · vol)  = 9.494538e-01 (Ry)
  Σ_c head shift: max|Σ^head_diag| = 4.1329 eV (on-shell occ band → -1.4353 eV)
  E_F(midgap) = -4.343679 eV  (VBM=-5.193711, CBM=-3.493646)
/pscratch/sd/j/jackm/lorrax_sandbox/sources/lorrax_D/src/file_io/_slab_io_ffi.py:239: UserWarning: FFI backend: chunks/attrs on create_dataset currently no-op; pre-create with h5py if you need explicit chunking or attrs.
  warnings.warn(
/pscratch/sd/j/jackm/lorrax_sandbox/sources/lorrax_D/src/file_io/_slab_io_ffi.py:239: UserWarning: FFI backend: chunks/attrs on create_dataset currently no-op; pre-create with h5py if you need explicit chunking or attrs.
  warnings.warn(
/pscratch/sd/j/jackm/lorrax_sandbox/sources/lorrax_D/src/file_io/_slab_io_ffi.py:239: UserWarning: FFI backend: chunks/attrs on create_dataset currently no-op; pre-create with h5py if you need explicit chunking or attrs.
  warnings.warn(
/pscratch/sd/j/jackm/lorrax_sandbox/sources/lorrax_D/src/file_io/_slab_io_ffi.py:239: UserWarning: FFI backend: chunks/attrs on create_dataset currently no-op; pre-create with h5py if you need explicit chunking or attrs.
  warnings.warn(
  [SlabIO.close] draining 3 pending writes for sigma_mnk.h5 …
  [SlabIO.close] Python dispatch drained in 0.1 s; joining writer thread
  [SlabIO.close] writer thread joined in 0.0 s; calling H5Fclose collectively
  [SlabIO.close] H5Fclose returned in 0.1 s
  Diagonal SC: 282/720 states in grid, 120 iterations
  QSGW: 690 clipped (95.8%)
  G0W0 diag (E_DFT):     /pscratch/sd/j/jackm/lorrax_sandbox/runs/MoS2/02_mos2_3x3_nosym/D_lorrax_gnppm_native/eqp_g0w0.dat

  Output: /pscratch/sd/j/jackm/lorrax_sandbox/runs/MoS2/02_mos2_3x3_nosym/D_lorrax_gnppm_native/eqp0.dat
  Sigma(ω): /pscratch/sd/j/jackm/lorrax_sandbox/runs/MoS2/02_mos2_3x3_nosym/D_lorrax_gnppm_native/sigma_mnk.h5
  Restart:  /pscratch/sd/j/jackm/lorrax_sandbox/runs/MoS2/02_mos2_3x3_nosym/D_lorrax_gnppm_native/tmp/isdf_tensors_1600.h5

--- Timing ---
Total recorded: 34.799 s
Section                                            Count    Total[s]     Self[s]      %
gw_jax.load_centroid_wfns                              1       1.183       1.107    3.4
  load_wfns.precompute_owned                           1       0.000       0.000    0.0
  load_wfns.k_loop                                     1       0.013       0.013    0.0
  load_wfns.scatter                                    1       0.025       0.025    0.1
  load_wfns.make_global_array                          1       0.038       0.038    0.1
gw_jax.zeta_fit_chunked                                1      13.956       0.513   40.1
  zeta_fit.slice_halves                                1       0.033       0.033    0.1
  zeta_fit.CCT                                         1       0.179       0.179    0.5
  zeta_fit.cholesky                                    1       1.343       1.343    3.9
  zeta_fit.gc_pre_chunk_loop                           1       0.065       0.065    0.2
  zeta_fit.open_file                                   1       0.733       0.733    2.1
  zeta_fit.chunk_loop                                  1       1.484       0.000    4.3
    zeta_fit.chunk.fit_one_rchunk                      1       1.460       1.460    4.2
    zeta_fit.chunk.h5_write                            1       0.024       0.024    0.1
  zeta_fit.close_io                                    1       9.564       9.564   27.5
  zeta_fit.sync_global                                 1       0.041       0.041    0.1
gw_jax.V_q_compute                                     1       4.383       0.614   12.6
  compute_all_V_q_sharded                              1       3.769       3.769   10.8
gw_jax.wavefunction_setup                              1       0.035       0.035    0.1
gw_jax.chi0_W                                          1       1.479       0.029    4.2
  chi.compile                                          1       0.118       0.118    0.3
  chi.exec                                             1       0.172       0.172    0.5
  W.compile                                            1       0.077       0.077    0.2
  W.exec                                               1       1.083       1.083    3.1
gw_jax.sigma                                           1       1.536       1.536    4.4
gw_jax.ppm_sigma                                       1      12.226       2.730   35.1
  sigma.compile                                        1       0.191       0.191    0.5
  sigma.exec                                           1       9.305       9.305   26.7
