NSCF: Davidson (60 bands) + pseudobands (k=2, M=1500, 50 windows)
  kgrid=(2, 2, 2), fft=(36, 36, 36), nspinor=2
  GPUs: 4  (processes: 4)
  Core density integral: 1.4485 e (from NLCC, 2 atoms)
  Core density integral: 1.4485 e (from NLCC, 2 atoms)
  Core density integral: 1.4485 e (from NLCC, 2 atoms)
  Core density integral: 1.4485 e (from NLCC, 2 atoms)
  Potentials: 13.06s
  nk=8 (full), ngkmax=2120

── Davidson ──
  JIT warmup: 9.91s
  [rank 0] k=  0/8: 1.687s  evals[0]=-0.418717 Ry
  Davidson: 6.70s (0.838s/k, 4 ranks) → /pscratch/sd/j/jackm/lorrax_sandbox/runs/Si_pseudobands/00_si_2x2x2_60Ry/pb_sweep/v2_50win_s2/WFN.h5

── Pseudobands v2 (k=2, M_max=1500, 50 windows) ──
  Computing KPM DOS...
  Estimating spectrum bounds via Lanczos...
  Spectrum: [-1.6085, 60.7164] (center=29.5539, half_width=31.1624)
  Computing 500 Chebyshev moments with 10 random vectors...
  Random vector 1/10...
  Random vector 2/10...
  Random vector 3/10...
  Random vector 4/10...
  Random vector 5/10...
  Random vector 6/10...
  Random vector 7/10...
  Random vector 8/10...
  Random vector 9/10...
  Random vector 10/10...
  DOS integral: 1.0 states (dim=4240)
  CJ resolution: 0.1305 Ry
  Protected: 28 bands (E < 1.2871 Ry)
  Available: 32 bands up to 3.2733 Ry
  51 windows [1.29, 60.72] Ry
  Widths: min=0.1757, max=3.5874
  Classification: 7 Davidson, 44 CJ
  Running 1500 Chebyshev iterations (block size 2)...
  Filter done: 44 CJ blocks
    w1/51 [empty]: [1.29,1.47] n_eff=0.0, E=[1.376,1.376]
    w2/51 [dav]: [1.47,1.76] n_eff=2.0, E=[1.594,1.594]
    w3/51 [dav]: [1.76,2.18] n_eff=6.0, E=[2.153,2.153]
    w4/51 [dav]: [2.18,2.35] n_eff=6.0, E=[2.229,2.350]
    w5/51 [dav]: [2.35,2.64] n_eff=10.0, E=[2.356,2.619]
    w10/51 [CJ ]: [3.80,4.08] n_eff=14.2, E=[3.825,3.843]
    w20/51 [CJ ]: [8.41,8.98] n_eff=29.0, E=[8.587,8.621]
    w30/51 [CJ ]: [16.66,17.94] n_eff=35.2, E=[17.422,17.505]
    w40/51 [CJ ]: [31.33,33.54] n_eff=94.7, E=[32.749,32.932]
    w50/51 [CJ ]: [56.83,60.42] n_eff=236.7, E=[58.018,58.131]
    w51/51 [empty]: [60.42,60.72] n_eff=0.0, E=[60.569,60.569]
  Total: 28 prot + 102 pseudo (14 dav + 88 CJ) = 130 bands (Σ w² = 4195.1)
  Total bands per k: 28 prot + 102 pseudo = 130
  k=  1/8: 15.0s
  k=  2/8: 14.3s
  k=  7/8: 13.6s
  Pseudobands: 126.8s → /pscratch/sd/j/jackm/lorrax_sandbox/runs/Si_pseudobands/00_si_2x2x2_60Ry/pb_sweep/v2_50win_s2/WFN_pseudobands.h5

Total NSCF: 159.2s
