
========================================================================
  COHSEX-JAX: Self-Energy Calculation
========================================================================
  Backend: GPU       Devices: 4  Mesh: 2×2  Processes: 4
  Device type: NVIDIA A100-SXM4-80GB
  XLA preallocate: false  mem_fraction: unset
========================================================================

/global/homes/j/jackm/software/lorrax_A/src/common/symmetry_maps.py:324: UserWarning: SymMaps: 4/9 full-BZ k-points require time-reversal symmetry for unfolding. Non-symmorphic phases are NOT applied for these k-points. Use noinv=.true. in QE to avoid this.
  warnings.warn(
/global/homes/j/jackm/software/lorrax_A/src/common/symmetry_maps.py:324: UserWarning: SymMaps: 4/9 full-BZ k-points require time-reversal symmetry for unfolding. Non-symmorphic phases are NOT applied for these k-points. Use noinv=.true. in QE to avoid this.
  warnings.warn(
/global/homes/j/jackm/software/lorrax_A/src/common/symmetry_maps.py:324: UserWarning: SymMaps: 4/9 full-BZ k-points require time-reversal symmetry for unfolding. Non-symmorphic phases are NOT applied for these k-points. Use noinv=.true. in QE to avoid this.
  warnings.warn(
/global/homes/j/jackm/software/lorrax_A/src/common/symmetry_maps.py:324: UserWarning: SymMaps: 4/9 full-BZ k-points require time-reversal symmetry for unfolding. Non-symmorphic phases are NOT applied for these k-points. Use noinv=.true. in QE to avoid this.
  warnings.warn(
  ISDF basis: 640 centroids
  FFT grid: 24×24×80   Cell volume: 702.20 a.u.³

    Memory estimate: peak 2.91 GB (budget 3.00 GB), bottleneck=zct
    Per-stage: fft=0.72  pair=1.93  zct=2.91  reshard=2.91  solve=1.78  gather=1.61 GB

  Chunked ISDF fitting:
    Band chunks: 80
    R chunks:    28212 (contiguous r-space)
    Q chunks:    7
    Pair mode:   spin_traced
    Zeta output: /pscratch/sd/j/jackm/lorrax_sandbox/runs/MoS2/00_mos2_3x3_cohsex/A_high_mem_4chunk_ref/tmp/zeta_q.h5

  Zeta fitting: 2 r-chunks x 28212 r-points, 80 bands (80 left + 80 right), spin_traced
  Output: /pscratch/sd/j/jackm/lorrax_sandbox/runs/MoS2/00_mos2_3x3_cohsex/A_high_mem_4chunk_ref/tmp/zeta_q.h5
  Left wfns:  (9, 80, 2, 640)
  Right wfns: (9, 80, 2, 640)
  Pseudobands normalization: 0 weighted, 0 zero-weight (skipped)
  Computing pair densities P_l, P_r (spin_traced)
/opt/jax/jax/_src/interpreters/mlir.py:1178: UserWarning: Some donated buffers were not usable: ShapedArray(complex128[9,320,320]).
See an explanation at https://jax.readthedocs.io/en/latest/faq.html#buffer-donation.
  warnings.warn("Some donated buffers were not usable:"
/opt/jax/jax/_src/interpreters/mlir.py:1178: UserWarning: Some donated buffers were not usable: ShapedArray(complex128[9,320,320]).
See an explanation at https://jax.readthedocs.io/en/latest/faq.html#buffer-donation.
  warnings.warn("Some donated buffers were not usable:"
/opt/jax/jax/_src/interpreters/mlir.py:1178: UserWarning: Some donated buffers were not usable: ShapedArray(complex128[9,320,320]).
See an explanation at https://jax.readthedocs.io/en/latest/faq.html#buffer-donation.
  warnings.warn("Some donated buffers were not usable:"
/opt/jax/jax/_src/interpreters/mlir.py:1178: UserWarning: Some donated buffers were not usable: ShapedArray(complex128[9,320,320]).
See an explanation at https://jax.readthedocs.io/en/latest/faq.html#buffer-donation.
  warnings.warn("Some donated buffers were not usable:"
  Computing L_q = chol(C_q) [memory_mode=auto]
  L_q: shape=(9, 640, 640)  mode=high_mem
/global/homes/j/jackm/software/lorrax_A/src/file_io/_slab_io_ffi.py:239: UserWarning: FFI backend: chunks/attrs on create_dataset currently no-op; pre-create with h5py if you need explicit chunking or attrs.
  warnings.warn(
/global/homes/j/jackm/software/lorrax_A/src/file_io/_slab_io_ffi.py:239: UserWarning: FFI backend: chunks/attrs on create_dataset currently no-op; pre-create with h5py if you need explicit chunking or attrs.
  warnings.warn(
/global/homes/j/jackm/software/lorrax_A/src/file_io/_slab_io_ffi.py:239: UserWarning: FFI backend: chunks/attrs on create_dataset currently no-op; pre-create with h5py if you need explicit chunking or attrs.
  warnings.warn(
  Caching G-space wavefunctions for r-chunk loop
/global/homes/j/jackm/software/lorrax_A/src/file_io/_slab_io_ffi.py:239: UserWarning: FFI backend: chunks/attrs on create_dataset currently no-op; pre-create with h5py if you need explicit chunking or attrs.
  warnings.warn(
  G-space cache: 1 band chunks (chunk_size=80, remainder=80)
/opt/jax/jax/_src/interpreters/mlir.py:1178: UserWarning: Some donated buffers were not usable: ShapedArray(complex128[9,320,14106]).
See an explanation at https://jax.readthedocs.io/en/latest/faq.html#buffer-donation.
  warnings.warn("Some donated buffers were not usable:"
/opt/jax/jax/_src/interpreters/mlir.py:1178: UserWarning: Some donated buffers were not usable: ShapedArray(complex128[9,320,14106]).
See an explanation at https://jax.readthedocs.io/en/latest/faq.html#buffer-donation.
  warnings.warn("Some donated buffers were not usable:"
/opt/jax/jax/_src/interpreters/mlir.py:1178: UserWarning: Some donated buffers were not usable: ShapedArray(complex128[9,320,14106]).
See an explanation at https://jax.readthedocs.io/en/latest/faq.html#buffer-donation.
  warnings.warn("Some donated buffers were not usable:"
/opt/jax/jax/_src/interpreters/mlir.py:1178: UserWarning: Some donated buffers were not usable: ShapedArray(complex128[9,320,14106]).
See an explanation at https://jax.readthedocs.io/en/latest/faq.html#buffer-donation.
  warnings.warn("Some donated buffers were not usable:"
Started zeta fitting at 11:16:47.
[ 11:16:47 | █████░░░░░ |  50% ] r-chunk 1 / 2 · ETA 0 s
/opt/jax/jax/_src/interpreters/mlir.py:1178: UserWarning: Some donated buffers were not usable: ShapedArray(complex128[9,320,8934]).
See an explanation at https://jax.readthedocs.io/en/latest/faq.html#buffer-donation.
  warnings.warn("Some donated buffers were not usable:"
/opt/jax/jax/_src/interpreters/mlir.py:1178: UserWarning: Some donated buffers were not usable: ShapedArray(complex128[9,320,8934]).
See an explanation at https://jax.readthedocs.io/en/latest/faq.html#buffer-donation.
  warnings.warn("Some donated buffers were not usable:"
/opt/jax/jax/_src/interpreters/mlir.py:1178: UserWarning: Some donated buffers were not usable: ShapedArray(complex128[9,320,8934]).
See an explanation at https://jax.readthedocs.io/en/latest/faq.html#buffer-donation.
  warnings.warn("Some donated buffers were not usable:"
/opt/jax/jax/_src/interpreters/mlir.py:1178: UserWarning: Some donated buffers were not usable: ShapedArray(complex128[9,320,8934]).
See an explanation at https://jax.readthedocs.io/en/latest/faq.html#buffer-donation.
  warnings.warn("Some donated buffers were not usable:"
[ 11:16:50 | ██████████ | 100% ] r-chunk 2 / 2 · ETA 0 s
Finished zeta fitting at 11:16:50.  Elapsed: 2 s.
  [SlabIO.close] draining 1 pending writes for zeta_q.h5 …
  [SlabIO.close] Python dispatch drained in 1.2 s; joining writer thread
  [SlabIO.close] writer thread joined in 0.0 s; calling H5Fclose collectively
  [SlabIO.close] H5Fclose returned in 0.1 s
  Zeta output: /pscratch/sd/j/jackm/lorrax_sandbox/runs/MoS2/00_mos2_3x3_cohsex/A_high_mem_4chunk_ref/tmp/zeta_q.h5  shape: (3,3,1,640,46080)
  Timing (2 r-chunks, 4.4s total):
    load     0.00s   0.0%
    pair     1.63s  37.2%
    ZCT      0.70s  15.9%
    solve    1.62s  36.9%
    H5       0.03s   0.7%
    V_q bare cutoff: 120.0 Ry (auto: 4·ecutwfc)
    V_q budget:    2.88 GB
    V_q mu chunks: 640
    V_q q batches: 3
  V_q: 9 q-points, batch=3, mu=640 (single chunk), overlapped H5 I/O
Started V_q computation at 11:16:53.
[ 11:16:53 | █░░░░░░░░░ |  11% ] q-point 1 / 9 · ETA 0 s
[ 11:16:53 | ██░░░░░░░░ |  22% ] q-point 2 / 9 · ETA 0 s
[ 11:16:53 | ███░░░░░░░ |  33% ] q-point 3 / 9 · ETA 0 s
[ 11:16:54 | ████░░░░░░ |  44% ] q-point 4 / 9 · ETA 1 s
[ 11:16:54 | ██████░░░░ |  56% ] q-point 5 / 9 · ETA 1 s
[ 11:16:54 | ███████░░░ |  67% ] q-point 6 / 9 · ETA 1 s
[ 11:16:55 | ████████░░ |  78% ] q-point 7 / 9 · ETA 1 s
[ 11:16:55 | █████████░ |  89% ] q-point 8 / 9 · ETA 0 s
[ 11:16:55 | ██████████ | 100% ] q-point 9 / 9 · ETA 0 s
Finished V_q computation at 11:16:55.  Elapsed: 2 s.

  V_q computed:
    Shape: (1, 1, 1, 3, 3, 1, 640, 640)
    V_q=0 trace: 842800756.1333
  Wavefunctions built (b0:b4=80 bands, 4 sharded copies: xn/xr/yr/yn)
  [SlabIO.close] draining 3 pending writes for isdf_tensors_640.h5 …
  [SlabIO.close] Python dispatch drained in 0.1 s; joining writer thread
  [SlabIO.close] writer thread joined in 0.0 s; calling H5Fclose collectively
  [SlabIO.close] H5Fclose returned in 0.0 s
  Chunked ISDF path complete
  Minimax static window: x=[1.249527e-01, 6.336166e+00] Ry, R=50.71, nodes=10, fit_err~2.561e-06
  |χ(0)|_max = 1.662445e-04  (minimax, 10 nodes)

------------------------------------------------------------------------
  FINITE-SIZE CORRECTIONS
------------------------------------------------------------------------
  Head source: s_tensor
  v(q→0)  =     1655.335 a.u.  (bare Coulomb head)
  W(q→0)  =      343.785 a.u.  (screened Coulomb head)
  ΔW      =    -1311.550 a.u.  (screening correction)

------------------------------------------------------------------------
  STATIC HEAD TERMS (exact COHSEX / BGW-style)
------------------------------------------------------------------------
  Head source: s_tensor
  v_h(q→0)           =  1655.334970 a.u.
  W_h(q→0, ω=0)      =   343.784973 a.u.
  W_h^c              = -1311.549997 a.u.
  Σ^X head (occ)     = -2.619279e-01 Ry
  Σ^SX head (occ)    = -5.439799e-02 Ry
  Σ^(SX-X) head(occ) = 2.075300e-01 Ry
  Σ^COH head (all)   = -1.037650e-01 Ry
  Bare Σ_X diagonal (eV), k=0: -40.0537  -40.0522  -33.9000  -33.8991  -33.3806  -33.3810  -33.5189  -33.5213

  Output: /pscratch/sd/j/jackm/lorrax_sandbox/runs/MoS2/00_mos2_3x3_cohsex/A_high_mem_4chunk_ref/eqp0.dat
  Restart:  /pscratch/sd/j/jackm/lorrax_sandbox/runs/MoS2/00_mos2_3x3_cohsex/A_high_mem_4chunk_ref/tmp/isdf_tensors_640.h5

--- Timing ---
Total recorded: 20.800 s
Section                                            Count    Total[s]     Self[s]      %
gw_jax.zeta_fit_chunked                                1      10.005       0.016   48.1
  zeta_fit.load_wfns                                   1       2.211       2.140   10.6
    load_wfns.precompute_owned                         1       0.000       0.000    0.0
    load_wfns.k_loop                                   1       0.011       0.011    0.1
    load_wfns.scatter                                  1       0.024       0.024    0.1
    load_wfns.make_global_array                        1       0.036       0.036    0.2
  zeta_fit.CCT                                         1       0.395       0.395    1.9
  zeta_fit.cholesky                                    1       1.356       1.356    6.5
  zeta_fit.gc_pre_chunk_loop                           1       0.059       0.059    0.3
  zeta_fit.open_file                                   1       0.060       0.060    0.3
  zeta_fit.cache_gspace                                1       0.039       0.000    0.2
    load_wfns.precompute_owned                         1       0.000       0.000    0.0
    load_wfns.k_loop                                   1       0.013       0.013    0.1
    load_wfns.scatter                                  1       0.025       0.025    0.1
    load_wfns.make_global_array                        1       0.001       0.001    0.0
  zeta_fit.chunk_loop                                  1       4.389       0.404   21.1
    zeta_fit.chunk.load_and_pair_density               2       1.633       1.633    7.9
    zeta_fit.chunk.ZCT                                 2       0.700       0.700    3.4
    zeta_fit.chunk.solve                               2       1.621       1.621    7.8
    zeta_fit.chunk.h5_write                            2       0.032       0.032    0.2
  zeta_fit.close_io                                    1       1.340       1.340    6.4
  zeta_fit.sync_global                                 1       0.138       0.138    0.7
gw_jax.V_q_compute                                     1       4.324       0.758   20.8
  compute_all_V_q                                      1       3.566       3.566   17.1
gw_jax.wavefunction_setup                              1       0.030       0.030    0.1
gw_jax.chi0_W                                          1       1.839       1.839    8.8
gw_jax.sigma                                           1       4.601       4.601   22.1
