
========================================================================
  COHSEX-JAX: Self-Energy Calculation
========================================================================
  Backend: GPU       Devices: 4  Mesh: 2×2  Processes: 4
  Device type: NVIDIA A100-SXM4-40GB
  XLA preallocate: false  mem_fraction: 0.95
  XLA pool: limit=40.29 GB, in_use=0.00 GB, avail=40.29 GB
========================================================================

  ISDF basis: 480 centroids
  FFT grid: 24×24×24   Cell volume: 270.11 a.u.³

  Chunk target utilization: 0.97
  ISDF pair mode: spin_traced (ignored when restart=true)
  Band chunk size: disabled
  Loaded restart tensors from h5.
  Wavefunction bundle built (b0:b4=60 bands, canonical X/Y storage)

  Minimax screening path enabled at ω = 0.0000 eV (0.000000 Ry)
  Minimax static window: x=[4.973381e-02, 3.704181e+00] Ry, R=74.48, nodes=10, fit_err~6.434e-06
  |χ(0)|_max = 5.776711e-05   (minimax, 10 nodes)
  minimax χ→W time:     2.630 s

------------------------------------------------------------------------
  FINITE-SIZE CORRECTIONS
------------------------------------------------------------------------
  Head source: s_tensor
  v(q→0)  =     3267.787 a.u.  (bare Coulomb head)
  W(q→0)  =      117.235 a.u.  (screened Coulomb head)
  ΔW      =    -3150.551 a.u.  (screening correction)

------------------------------------------------------------------------
  GN-PPM + FREQUENCY-INTEGRATED SIGMA
------------------------------------------------------------------------
  NOTE: using midgap reference for Σ^c windowing
  epsinv head (ω=0):       0.035876-2.603037e-20i  [source=s_tensor]
  epsinv head (ω=iωp):     0.671307+3.210617e-19i  [ωp=2.000000 Ry, source=s_tensor(omega=2j Ry)]
  Minimax static window: x=[4.973381e-02, 3.704181e+00] Ry, R=74.48, nodes=10, fit_err~6.434e-06
  Minimax imag-freq window (ωp=2.0000 Ry): x=[4.973381e-02, 3.704181e+00] Ry, R=74.48, ω̂=40.21, nodes=6, fit_err~1.046e-05
  PPM finite-size heads:
    v(q→0)          =     3267.787 a.u.
    W(q→0, ω=0)     =      117.235 a.u.
    W(q→0, ω=iωp)   =     2193.689 a.u.  [ωp=2.0000 Ry]
    W^c(q→0, ω=0)   =    -3150.551 a.u.
    W^c(q→0, ω=iωp) =    -1074.097 a.u.
  [W(0)] hermitian residual=2.038e-10 max|Im diag|=2.188e-11 diag range=[1.1772e+03, 6.2432e+04]
  [W(iωp=2.000 Ry)] hermitian residual=1.923e-08 max|Im diag|=9.615e-09 diag range=[1.2212e+03, 2.8428e+05]
  GN-PPM from W^c(0), W^c(iωp): ωp=2.000000 Ry, unfulfilled=1.12%
  PPM W^c(0) check (+2B/Ω): max|Δ|=6.992e+05, rel=2.000e+00 (ref max|W^c(0)|=3.496e+05)
  PPM W^c(0) check (-2B/Ω): max|Δ|=2.910e-11, rel=8.325e-17
  [TIMING] PPM build: 2.2s
  [TIMING] W-debug write: 0.0s
  Σc(ω) grid: -10.000 .. 10.000 eV, Nω=41, Δω=0.500 eV, ξ=0.250 eV
  Σc(ω) axes (vacuum): Ev=[-4.187564e-01,4.628193e-01] Ry, Ec=[5.125531e-01,3.285424e+00] Ry, Omega=[2.814803e-03,2.724453e+01] Ry
  GN invalid modes: 165598/14745600 (1.12%), policy=static_limit
  Σc(ω) accumulation: kij (single-pass), est=144.1 MiB
  ω>=E_F Σ^- windows: core=1, exterior=2
  ω>=E_F Σ^+ windows: count=1, total nodes=13
  ω<E_F Σ^+ windows: count=1, total nodes=13
  ω<E_F Σ^- windows: core=1, exterior=2
  GN invalid-mode static correction: max|Σ|=1.206330e-04 Ry
  [TIMING] compute_sigma_c_ppm_omega_grid: 7.5s
  Sigma(E_DFT) reference: E_F(midgap)=6.635311 eV from VBM=6.296979 eV, CBM=6.973642 eV
  Replacing static COH with PPM-integrated Σ^c(ω=0.000000 Ry)
  Σ^c difference vs static COH: abs=1.182881e+03, rel=1.773201e+03
  Bare Σ^X vs screened Σ^SX: abs=9.513966e-01, rel=2.908604e+00
  [Σ^X + Σ^c(0)] vs [Σ^SX + Σ^COH]: abs=1.182881e+03 Ry (1.609392e+04 eV), rel=1.195054e+03
  Sigma(E_DFT) in-grid states: 1144/3840 within [-10.000, 10.000] eV
  Gap@k=0 (E9-E8): static=0.005491 eV, omega0=0.003001 eV, diag-SC=-0.846378 eV
  Gap shifts: omega0-static=-0.002489 eV, diagSC-static=-0.851869 eV
  Diagonal Sigma(E) fixed point: in-grid=944/3840, converged=100.0% in-grid states in 20 iterations
  QSGW Σ_xc interpolation: clipped=2926/3840 (76.20%) outside [-10.000, 10.000] eV
  QP energy plot:         /global/homes/j/jackm/scratchperl/lorrax_sandbox/runs/Si/02_si_4x4x4_nosym/14_lorrax_gnppm_skip_screening_ppm/qp_energy_compare.png
  Sigma frequency debug:  /global/homes/j/jackm/scratchperl/lorrax_sandbox/runs/Si/02_si_4x4x4_nosym/14_lorrax_gnppm_skip_screening_ppm/sigma_freq_debug.dat
  G0W0 diag (E_DFT):     /global/homes/j/jackm/scratchperl/lorrax_sandbox/runs/Si/02_si_4x4x4_nosym/14_lorrax_gnppm_skip_screening_ppm/eqp_g0w0.dat

------------------------------------------------------------------------
  OUTPUT FILES
------------------------------------------------------------------------
  Sigma matrix elements:  /global/homes/j/jackm/scratchperl/lorrax_sandbox/runs/Si/02_si_4x4x4_nosym/14_lorrax_gnppm_skip_screening_ppm/eqp0.dat
  Sigma_mnk(ω) h5:        /global/homes/j/jackm/scratchperl/lorrax_sandbox/runs/Si/02_si_4x4x4_nosym/14_lorrax_gnppm_skip_screening_ppm/sigma_mnk.h5
  QP rotations (h5):      /global/homes/j/jackm/scratchperl/lorrax_sandbox/runs/Si/02_si_4x4x4_nosym/14_lorrax_gnppm_skip_screening_ppm/qp_wfn_rotations.h5
  Restart arrays:         /global/homes/j/jackm/scratchperl/lorrax_sandbox/runs/Si/02_si_4x4x4_nosym/14_lorrax_gnppm_skip_screening_ppm/tmp/isdf_tensors_480.h5

--- Timing ---
Total recorded: 18.827 s
Section                                            Count    Total[s]     Self[s]      %
gw_jax.restart_load                                    1       1.988       1.988   10.6
gw_jax.chi0_W                                          1       3.715       3.715   19.7
gw_jax.pipeline                                        1       1.224       1.224    6.5
gw_jax.ppm_sigma                                       1      11.900      11.900   63.2
