k-points are in crystal coordinates
nk(3) =     6    6    1
dk(3) =   0.000000000  0.000000000  0.000000000
dq(3) =   0.001000000  0.000000000  0.000000000

direct lattice vectors
a1 =  12.976749298  0.000000000  0.000000000
a2 =  -6.488374649 11.238193704  0.000000000
a3 =   0.000000000  0.000000000 34.015070243

unit cell volume =  0.496059533E+04

reciprocal lattice vectors
b1 =   0.484187924  0.279546050 -0.000000000
b2 =   0.000000000  0.559092099  0.000000000
b3 =   0.000000000 -0.000000000  0.184717693

symmetries of the Bravais lattice
 24
Space group 191, symbol P6/mmm               
r01 =     1   0   0     0   1   0     0   0   1      0.000000    0.000000    0.000000
r02 =     1   0   0     0   1   0     0   0  -1      0.000000    0.000000    0.000000
r03 =     0   1   0     1   0   0     0   0   1      0.000000    0.000000    0.000000
r04 =     0   1   0     1   0   0     0   0  -1      0.000000    0.000000    0.000000
r05 =    -1   1   0     0   1   0     0   0   1      0.000000    0.000000    0.000000
r06 =    -1   1   0     0   1   0     0   0  -1      0.000000    0.000000    0.000000
r07 =     0   1   0    -1   1   0     0   0   1      0.000000    0.000000    0.000000
r08 =     0   1   0    -1   1   0     0   0  -1      0.000000    0.000000    0.000000
r09 =    -1   0   0     0  -1   0     0   0   1      0.000000    0.000000    0.000000
r10 =    -1   0   0     0  -1   0     0   0  -1      0.000000    0.000000    0.000000
r11 =     0  -1   0    -1   0   0     0   0   1      0.000000    0.000000    0.000000
r12 =     0  -1   0    -1   0   0     0   0  -1      0.000000    0.000000    0.000000
r13 =     1  -1   0     0  -1   0     0   0   1      0.000000    0.000000    0.000000
r14 =     1  -1   0     0  -1   0     0   0  -1      0.000000    0.000000    0.000000
r15 =     0  -1   0     1  -1   0     0   0   1      0.000000    0.000000    0.000000
r16 =     0  -1   0     1  -1   0     0   0  -1      0.000000    0.000000    0.000000
r17 =     1  -1   0     1   0   0     0   0   1      0.000000    0.000000    0.000000
r18 =     1  -1   0     1   0   0     0   0  -1      0.000000    0.000000    0.000000
r19 =     1   0   0     1  -1   0     0   0   1      0.000000    0.000000    0.000000
r20 =     1   0   0     1  -1   0     0   0  -1      0.000000    0.000000    0.000000
r21 =    -1   0   0    -1   1   0     0   0   1      0.000000    0.000000    0.000000
r22 =    -1   0   0    -1   1   0     0   0  -1      0.000000    0.000000    0.000000
r23 =    -1   1   0    -1   0   0     0   0   1      0.000000    0.000000    0.000000
r24 =    -1   1   0    -1   0   0     0   0  -1      0.000000    0.000000    0.000000

symmetries of the crystal without FFT grid
  6
Space group 147, symbol P-3                  
r01 =     1   0   0     0   1   0     0   0   1      0.000000    0.000000    0.000000
r02 =     0   1   0    -1   1   0     0   0  -1      0.000000    0.000000    0.000000
r03 =    -1   0   0     0  -1   0     0   0  -1      0.000000   -0.000000    0.000000
r04 =     0  -1   0     1  -1   0     0   0   1     -0.000000   -0.000000    0.000000
r05 =     1  -1   0     1   0   0     0   0  -1      0.000000   -0.000000    0.000000
r06 =    -1   1   0    -1   0   0     0   0   1     -0.000000    0.000000    0.000000

FFT grid:     45    45   120

symmetries of the crystal with FFT grid
  6
Space group 147, symbol P-3                  
r01 =     1   0   0     0   1   0     0   0   1      0.000000    0.000000    0.000000
r02 =     0   1   0    -1   1   0     0   0  -1      0.000000    0.000000    0.000000
r03 =    -1   0   0     0  -1   0     0   0  -1      0.000000   -0.000000    0.000000
r04 =     0  -1   0     1  -1   0     0   0   1     -0.000000   -0.000000    0.000000
r05 =     1  -1   0     1   0   0     0   0  -1      0.000000   -0.000000    0.000000
r06 =    -1   1   0    -1   0   0     0   0   1     -0.000000    0.000000    0.000000

symmetries that reduce the k-points
r02 =     0   1   0    -1   1   0     0   0  -1
r03 =    -1   0   0     0  -1   0     0   0  -1
r04 =     0  -1   0     1  -1   0     0   0   1
r06 =    -1   1   0    -1   0   0     0   0   1

symmetries of a subgroup of the q-vector
r01 =     1   0   0     0   1   0     0   0   1

k-points in the original uniform grid
     36
      1  0.000000000  0.000000000  0.000000000   1.0       0  ---
      2  0.000000000  0.166666667  0.000000000   6.0       0  ---
      3  0.000000000  0.333333333  0.000000000   6.0       0  ---
      4  0.000000000  0.500000000  0.000000000   3.0       0  ---
      5  0.000000000  0.666666667  0.000000000   0.0       3  r03
      6  0.000000000  0.833333333  0.000000000   0.0       2  r03
      7  0.166666667  0.000000000  0.000000000   0.0       2  r02
      8  0.166666667  0.166666667  0.000000000   6.0       0  ---
      9  0.166666667  0.333333333  0.000000000   6.0       0  ---
     10  0.166666667  0.500000000  0.000000000   6.0       0  ---
     11  0.166666667  0.666666667  0.000000000   0.0       8  r06
     12  0.166666667  0.833333333  0.000000000   0.0       2  r02
     13  0.333333333  0.000000000  0.000000000   0.0       3  r02
     14  0.333333333  0.166666667  0.000000000   0.0      10  r04
     15  0.333333333  0.333333333  0.000000000   2.0       0  ---
     16  0.333333333  0.500000000  0.000000000   0.0       9  r06
     17  0.333333333  0.666666667  0.000000000   0.0       3  r02
     18  0.333333333  0.833333333  0.000000000   0.0       8  r02
     19  0.500000000  0.000000000  0.000000000   0.0       4  r02
     20  0.500000000  0.166666667  0.000000000   0.0       9  r04
     21  0.500000000  0.333333333  0.000000000   0.0      10  r04
     22  0.500000000  0.500000000  0.000000000   0.0       4  r02
     23  0.500000000  0.666666667  0.000000000   0.0      10  r02
     24  0.500000000  0.833333333  0.000000000   0.0       9  r02
     25  0.666666667  0.000000000  0.000000000   0.0       3  r02
     26  0.666666667  0.166666667  0.000000000   0.0       8  r03
     27  0.666666667  0.333333333  0.000000000   0.0       3  r02
     28  0.666666667  0.500000000  0.000000000   0.0       9  r02
     29  0.666666667  0.666666667  0.000000000   0.0      15  r02
     30  0.666666667  0.833333333  0.000000000   0.0      10  r02
     31  0.833333333  0.000000000  0.000000000   0.0       2  r02
     32  0.833333333  0.166666667  0.000000000   0.0       2  r02
     33  0.833333333  0.333333333  0.000000000   0.0       8  r02
     34  0.833333333  0.500000000  0.000000000   0.0      10  r02
     35  0.833333333  0.666666667  0.000000000   0.0       9  r02
     36  0.833333333  0.833333333  0.000000000   0.0       8  r02

k-points in the irreducible wedge
      8
      1  0.000000000  0.000000000  0.000000000   1.0       1
      2  0.000000000  0.166666667  0.000000000   6.0       2
      3  0.000000000  0.333333333  0.000000000   6.0       3
      4  0.000000000  0.500000000  0.000000000   3.0       4
      5  0.166666667  0.166666667  0.000000000   6.0       8
      6  0.166666667  0.333333333  0.000000000   6.0       9
      7  0.166666667  0.500000000  0.000000000   6.0      10
      8  0.333333333  0.333333333  0.000000000   2.0      15

k-points in the unfolded Brillouin Zone
     36
      1  0.001000000  0.000000000  0.000000000   1.0
      2  0.001000000  0.166666667  0.000000000   1.0
      3  0.001000000  0.333333333  0.000000000   1.0
      4  0.001000000  0.500000000  0.000000000   1.0
      5  0.001000000  0.666666667  0.000000000   1.0
      6  0.001000000  0.833333333  0.000000000   1.0
      7  0.167666667  0.000000000  0.000000000   1.0
      8  0.167666667  0.166666667  0.000000000   1.0
      9  0.167666667  0.333333333  0.000000000   1.0
     10  0.167666667  0.500000000  0.000000000   1.0
     11  0.167666667  0.666666667  0.000000000   1.0
     12  0.167666667  0.833333333  0.000000000   1.0
     13  0.334333333  0.000000000  0.000000000   1.0
     14  0.334333333  0.166666667  0.000000000   1.0
     15  0.334333333  0.333333333  0.000000000   1.0
     16  0.334333333  0.500000000  0.000000000   1.0
     17  0.334333333  0.666666667  0.000000000   1.0
     18  0.334333333  0.833333333  0.000000000   1.0
     19  0.501000000  0.000000000  0.000000000   1.0
     20  0.501000000  0.166666667  0.000000000   1.0
     21  0.501000000  0.333333333  0.000000000   1.0
     22  0.501000000  0.500000000  0.000000000   1.0
     23  0.501000000  0.666666667  0.000000000   1.0
     24  0.501000000  0.833333333  0.000000000   1.0
     25  0.667666667  0.000000000  0.000000000   1.0
     26  0.667666667  0.166666667  0.000000000   1.0
     27  0.667666667  0.333333333  0.000000000   1.0
     28  0.667666667  0.500000000  0.000000000   1.0
     29  0.667666667  0.666666667  0.000000000   1.0
     30  0.667666667  0.833333333  0.000000000   1.0
     31  0.834333333  0.000000000  0.000000000   1.0
     32  0.834333333  0.166666667  0.000000000   1.0
     33  0.834333333  0.333333333  0.000000000   1.0
     34  0.834333333  0.500000000  0.000000000   1.0
     35  0.834333333  0.666666667  0.000000000   1.0
     36  0.834333333  0.833333333  0.000000000   1.0

k-points folded with the symmetries of a subgroup of the q-vector
     36
      1  0.001000000  0.000000000  0.000000000   1.0
      2  0.001000000  0.166666667  0.000000000   1.0
      3  0.001000000  0.333333333  0.000000000   1.0
      4  0.001000000  0.500000000  0.000000000   1.0
      5  0.001000000  0.666666667  0.000000000   1.0
      6  0.001000000  0.833333333  0.000000000   1.0
      7  0.167666667  0.000000000  0.000000000   1.0
      8  0.167666667  0.166666667  0.000000000   1.0
      9  0.167666667  0.333333333  0.000000000   1.0
     10  0.167666667  0.500000000  0.000000000   1.0
     11  0.167666667  0.666666667  0.000000000   1.0
     12  0.167666667  0.833333333  0.000000000   1.0
     13  0.334333333  0.000000000  0.000000000   1.0
     14  0.334333333  0.166666667  0.000000000   1.0
     15  0.334333333  0.333333333  0.000000000   1.0
     16  0.334333333  0.500000000  0.000000000   1.0
     17  0.334333333  0.666666667  0.000000000   1.0
     18  0.334333333  0.833333333  0.000000000   1.0
     19  0.501000000  0.000000000  0.000000000   1.0
     20  0.501000000  0.166666667  0.000000000   1.0
     21  0.501000000  0.333333333  0.000000000   1.0
     22  0.501000000  0.500000000  0.000000000   1.0
     23  0.501000000  0.666666667  0.000000000   1.0
     24  0.501000000  0.833333333  0.000000000   1.0
     25  0.667666667  0.000000000  0.000000000   1.0
     26  0.667666667  0.166666667  0.000000000   1.0
     27  0.667666667  0.333333333  0.000000000   1.0
     28  0.667666667  0.500000000  0.000000000   1.0
     29  0.667666667  0.666666667  0.000000000   1.0
     30  0.667666667  0.833333333  0.000000000   1.0
     31  0.834333333  0.000000000  0.000000000   1.0
     32  0.834333333  0.166666667  0.000000000   1.0
     33  0.834333333  0.333333333  0.000000000   1.0
     34  0.834333333  0.500000000  0.000000000   1.0
     35  0.834333333  0.666666667  0.000000000   1.0
     36  0.834333333  0.833333333  0.000000000   1.0

