
     Program PW2BGW v.7.3.1 starts on 14May2026 at 13:33:45 
        Git branch: HEAD
        Last git commit: 7fd60c9bc9fe7a7d1fe6f1049f4afba0eab9aeef-dirty
        Last git commit date: Thu Feb 29 10:18:05 2024 +0000
        Last git commit subject: Merge branch 'master_qe_7.3.1' into 'master'

     This program is part of the open-source Quantum ESPRESSO suite
     for quantum simulation of materials; please cite
         "P. Giannozzi et al., J. Phys.:Condens. Matter 21 395502 (2009);
         "P. Giannozzi et al., J. Phys.:Condens. Matter 29 465901 (2017);
         "P. Giannozzi et al., J. Chem. Phys. 152 154105 (2020);
          URL http://www.quantum-espresso.org", 
     in publications or presentations arising from this work. More details at
     http://www.quantum-espresso.org/quote

     Parallel version (MPI & OpenMP), running on     128 processor cores
     Number of MPI processes:                 1
     Threads/MPI process:                   128

     MPI processes distributed on     1 nodes
     224884 MiB available memory on the printing compute node when the environment starts
 

     Reading xml data from directory:

     ./CrI3.save/

     IMPORTANT: XC functional enforced from input :
     Exchange-correlation= PBE
                           (   1   4   3   4   0   0   0)
     Any further DFT definition will be discarded
     Please, verify this is what you really want

 
     G-vector sticks info
     --------------------
     sticks:   dense  smooth     PW     G-vecs:    dense   smooth      PW
     Sum        1393    1393    451               110147   110147   20751
 
     Using Slab Decomposition
 
 ----2D----2D----2D----2D----2D----2D----2D----2D----2D----2D----2D----2D
  The code is running with the 2D cutoff
  Please refer to:
  Sohier, T., Calandra, M., & Mauri, F. (2017), 
  Density functional perturbation theory for gated two-dimensional heterostructures:
  Theoretical developments and application to flexural phonons in graphene.
  Physical Review B, 96(7), 75448. https://doi.org/10.1103/PhysRevB.96.075448
 ----2D----2D----2D----2D----2D----2D----2D----2D----2D----2D----2D----2D

     Check: negative core charge=   -0.000380
     Reading collected, re-writing distributed wavefunctions

     NLCC is present

     pw2bgw running with full spinors (non-collinear).

     Check: negative core charge=   -0.000380

     call write_wfng
     done write_wfng

 
     write_wfng   :      5.01s CPU     13.44s WALL (       1 calls)
 
     PW2BGW       :     24.95s CPU     24.23s WALL

 
   This run was terminated on:  13:34: 9  14May2026            

=------------------------------------------------------------------------------=
   JOB DONE.
=------------------------------------------------------------------------------=
Warning: ieee_inexact is signaling
FORTRAN STOP
