Jax plugin configuration error: Exception when calling jax_plugins.xla_cuda13.initialize()
Traceback (most recent call last):
  File "/pscratch/sd/j/jackm/lorrax_sandbox/sources/lorrax_B/.venv/lib/python3.12/site-packages/jax/_src/xla_bridge.py", line 497, in discover_pjrt_plugins
    plugin_module.initialize()
  File "/pscratch/sd/j/jackm/lorrax_sandbox/sources/lorrax_B/.venv/lib/python3.12/site-packages/jax_plugins/xla_cuda13/__init__.py", line 348, in initialize
    _check_cuda_versions(raise_on_first_error=True)
  File "/pscratch/sd/j/jackm/lorrax_sandbox/sources/lorrax_B/.venv/lib/python3.12/site-packages/jax_plugins/xla_cuda13/__init__.py", line 274, in _check_cuda_versions
    for d in range(cuda_versions.cuda_device_count())
                   ^^^^^^^^^^^^^^^^^^^^^^^^^^^^^^^^^
RuntimeError: jaxlib/cuda/versions_helpers.cc:126: operation cuInit(0) failed: CUDA_ERROR_NO_DEVICE
Jax plugin configuration error: Exception when calling jax_plugins.xla_cuda13.initialize()
Traceback (most recent call last):
  File "/pscratch/sd/j/jackm/lorrax_sandbox/sources/lorrax_B/.venv/lib/python3.12/site-packages/jax/_src/xla_bridge.py", line 497, in discover_pjrt_plugins
    plugin_module.initialize()
  File "/pscratch/sd/j/jackm/lorrax_sandbox/sources/lorrax_B/.venv/lib/python3.12/site-packages/jax_plugins/xla_cuda13/__init__.py", line 348, in initialize
    _check_cuda_versions(raise_on_first_error=True)
  File "/pscratch/sd/j/jackm/lorrax_sandbox/sources/lorrax_B/.venv/lib/python3.12/site-packages/jax_plugins/xla_cuda13/__init__.py", line 274, in _check_cuda_versions
    for d in range(cuda_versions.cuda_device_count())
                   ^^^^^^^^^^^^^^^^^^^^^^^^^^^^^^^^^
RuntimeError: jaxlib/cuda/versions_helpers.cc:126: operation cuInit(0) failed: CUDA_ERROR_NO_DEVICE
Jax plugin configuration error: Exception when calling jax_plugins.xla_cuda13.initialize()
Traceback (most recent call last):
  File "/pscratch/sd/j/jackm/lorrax_sandbox/sources/lorrax_B/.venv/lib/python3.12/site-packages/jax/_src/xla_bridge.py", line 497, in discover_pjrt_plugins
    plugin_module.initialize()
  File "/pscratch/sd/j/jackm/lorrax_sandbox/sources/lorrax_B/.venv/lib/python3.12/site-packages/jax_plugins/xla_cuda13/__init__.py", line 348, in initialize
    _check_cuda_versions(raise_on_first_error=True)
  File "/pscratch/sd/j/jackm/lorrax_sandbox/sources/lorrax_B/.venv/lib/python3.12/site-packages/jax_plugins/xla_cuda13/__init__.py", line 274, in _check_cuda_versions
    for d in range(cuda_versions.cuda_device_count())
                   ^^^^^^^^^^^^^^^^^^^^^^^^^^^^^^^^^
RuntimeError: jaxlib/cuda/versions_helpers.cc:126: operation cuInit(0) failed: CUDA_ERROR_NO_DEVICE
Jax plugin configuration error: Exception when calling jax_plugins.xla_cuda13.initialize()
Traceback (most recent call last):
  File "/pscratch/sd/j/jackm/lorrax_sandbox/sources/lorrax_B/.venv/lib/python3.12/site-packages/jax/_src/xla_bridge.py", line 497, in discover_pjrt_plugins
    plugin_module.initialize()
  File "/pscratch/sd/j/jackm/lorrax_sandbox/sources/lorrax_B/.venv/lib/python3.12/site-packages/jax_plugins/xla_cuda13/__init__.py", line 348, in initialize
    _check_cuda_versions(raise_on_first_error=True)
  File "/pscratch/sd/j/jackm/lorrax_sandbox/sources/lorrax_B/.venv/lib/python3.12/site-packages/jax_plugins/xla_cuda13/__init__.py", line 274, in _check_cuda_versions
    for d in range(cuda_versions.cuda_device_count())
                   ^^^^^^^^^^^^^^^^^^^^^^^^^^^^^^^^^
RuntimeError: jaxlib/cuda/versions_helpers.cc:126: operation cuInit(0) failed: CUDA_ERROR_NO_DEVICE
[Gloo] Rank 0 is connected to 3 peer ranks. Expected number of connected peer ranks is : 3
[Gloo] Rank 1 is connected to 3 peer ranks. Expected number of connected peer ranks is : 3
[Gloo] Rank 3 is connected to 3 peer ranks. Expected number of connected peer ranks is : 3
[Gloo] Rank 2 is connected to 3 peer ranks. Expected number of connected peer ranks is : 3
[Gloo] Rank 0 is connected to 1 peer ranks. Expected number of connected peer ranks is : 1
[Gloo] Rank 1 is connected to 1 peer ranks. Expected number of connected peer ranks is : 1
[Gloo] Rank 0 is connected to 1 peer ranks. Expected number of connected peer ranks is : 1
[Gloo] Rank 1 is connected to 1 peer ranks. Expected number of connected peer ranks is : 1
[Gloo] Rank 0 is connected to 1 peer ranks. Expected number of connected peer ranks is : 1
[Gloo] Rank 1 is connected to 1 peer ranks. Expected number of connected peer ranks is : 1
[Gloo] Rank 0 is connected to 1 peer ranks. Expected number of connected peer ranks is : 1
[Gloo] Rank 1 is connected to 1 peer ranks. Expected number of connected peer ranks is : 1

========================================================================
  COHSEX-JAX: Self-Energy Calculation
========================================================================
  Backend: CPU       Devices: 4  Mesh: 2×2  Processes: 4
  Device type: cpu
  XLA preallocate: unset  mem_fraction: unset
========================================================================

  ISDF basis: 432 centroids
  FFT grid: 24×24×24   Cell volume: 270.11 a.u.³

W0615 14:56:19.652649  876511 pjrt_executable.cc:638] Assume version compatibility. PjRt-IFRT does not track XLA executable versions.
W0615 14:56:19.720805  876511 pjrt_executable.cc:638] Assume version compatibility. PjRt-IFRT does not track XLA executable versions.
W0615 14:56:19.918264  876511 pjrt_executable.cc:638] Assume version compatibility. PjRt-IFRT does not track XLA executable versions.
W0615 14:56:19.926390  876511 pjrt_executable.cc:638] Assume version compatibility. PjRt-IFRT does not track XLA executable versions.
W0615 14:56:19.935619  876511 pjrt_executable.cc:638] Assume version compatibility. PjRt-IFRT does not track XLA executable versions.
W0615 14:56:19.946487  876511 pjrt_executable.cc:638] Assume version compatibility. PjRt-IFRT does not track XLA executable versions.
W0615 14:56:19.954264  876511 pjrt_executable.cc:638] Assume version compatibility. PjRt-IFRT does not track XLA executable versions.
W0615 14:56:19.962287  876511 pjrt_executable.cc:638] Assume version compatibility. PjRt-IFRT does not track XLA executable versions.
W0615 14:56:19.969413  876511 pjrt_executable.cc:638] Assume version compatibility. PjRt-IFRT does not track XLA executable versions.
W0615 14:56:19.977575  876511 pjrt_executable.cc:638] Assume version compatibility. PjRt-IFRT does not track XLA executable versions.
W0615 14:56:19.985049  876511 pjrt_executable.cc:638] Assume version compatibility. PjRt-IFRT does not track XLA executable versions.
W0615 14:56:19.993835  876511 pjrt_executable.cc:638] Assume version compatibility. PjRt-IFRT does not track XLA executable versions.
W0615 14:56:20.001073  876511 pjrt_executable.cc:638] Assume version compatibility. PjRt-IFRT does not track XLA executable versions.
W0615 14:56:20.008684  876511 pjrt_executable.cc:638] Assume version compatibility. PjRt-IFRT does not track XLA executable versions.
W0615 14:56:20.016440  876511 pjrt_executable.cc:638] Assume version compatibility. PjRt-IFRT does not track XLA executable versions.
W0615 14:56:20.031607  876511 pjrt_executable.cc:638] Assume version compatibility. PjRt-IFRT does not track XLA executable versions.
W0615 14:56:20.038993  876511 pjrt_executable.cc:638] Assume version compatibility. PjRt-IFRT does not track XLA executable versions.
W0615 14:56:20.046196  876511 pjrt_executable.cc:638] Assume version compatibility. PjRt-IFRT does not track XLA executable versions.
W0615 14:56:20.053593  876511 pjrt_executable.cc:638] Assume version compatibility. PjRt-IFRT does not track XLA executable versions.
W0615 14:56:20.060773  876511 pjrt_executable.cc:638] Assume version compatibility. PjRt-IFRT does not track XLA executable versions.
W0615 14:56:20.123066  876511 pjrt_executable.cc:638] Assume version compatibility. PjRt-IFRT does not track XLA executable versions.
W0615 14:56:22.403142  876511 pjrt_executable.cc:638] Assume version compatibility. PjRt-IFRT does not track XLA executable versions.
W0615 14:56:22.919989  876511 pjrt_executable.cc:638] Assume version compatibility. PjRt-IFRT does not track XLA executable versions.
W0615 14:56:22.926270  876511 pjrt_executable.cc:638] Assume version compatibility. PjRt-IFRT does not track XLA executable versions.
W0615 14:56:22.933057  876511 pjrt_executable.cc:638] Assume version compatibility. PjRt-IFRT does not track XLA executable versions.
W0615 14:56:22.941013  876511 pjrt_executable.cc:638] Assume version compatibility. PjRt-IFRT does not track XLA executable versions.
W0615 14:56:22.949189  876511 pjrt_executable.cc:638] Assume version compatibility. PjRt-IFRT does not track XLA executable versions.
W0615 14:56:22.956360  876511 pjrt_executable.cc:638] Assume version compatibility. PjRt-IFRT does not track XLA executable versions.
W0615 14:56:22.962305  876511 pjrt_executable.cc:638] Assume version compatibility. PjRt-IFRT does not track XLA executable versions.
W0615 14:56:22.969102  876511 pjrt_executable.cc:638] Assume version compatibility. PjRt-IFRT does not track XLA executable versions.
W0615 14:56:22.976241  876511 pjrt_executable.cc:638] Assume version compatibility. PjRt-IFRT does not track XLA executable versions.
W0615 14:56:22.982887  876511 pjrt_executable.cc:638] Assume version compatibility. PjRt-IFRT does not track XLA executable versions.
W0615 14:56:22.989405  876511 pjrt_executable.cc:638] Assume version compatibility. PjRt-IFRT does not track XLA executable versions.
W0615 14:56:22.995367  876511 pjrt_executable.cc:638] Assume version compatibility. PjRt-IFRT does not track XLA executable versions.
W0615 14:56:23.001563  876511 pjrt_executable.cc:638] Assume version compatibility. PjRt-IFRT does not track XLA executable versions.
W0615 14:56:23.007802  876511 pjrt_executable.cc:638] Assume version compatibility. PjRt-IFRT does not track XLA executable versions.
W0615 14:56:23.014108  876511 pjrt_executable.cc:638] Assume version compatibility. PjRt-IFRT does not track XLA executable versions.
W0615 14:56:23.020210  876511 pjrt_executable.cc:638] Assume version compatibility. PjRt-IFRT does not track XLA executable versions.
W0615 14:56:23.027594  876511 pjrt_executable.cc:638] Assume version compatibility. PjRt-IFRT does not track XLA executable versions.
W0615 14:56:23.035947  876511 pjrt_executable.cc:638] Assume version compatibility. PjRt-IFRT does not track XLA executable versions.
W0615 14:56:23.047683  876511 pjrt_executable.cc:638] Assume version compatibility. PjRt-IFRT does not track XLA executable versions.
W0615 14:56:23.059586  876511 pjrt_executable.cc:638] Assume version compatibility. PjRt-IFRT does not track XLA executable versions.
W0615 14:56:23.067702  876511 pjrt_executable.cc:638] Assume version compatibility. PjRt-IFRT does not track XLA executable versions.
W0615 14:56:23.075380  876511 pjrt_executable.cc:638] Assume version compatibility. PjRt-IFRT does not track XLA executable versions.
W0615 14:56:23.082611  876511 pjrt_executable.cc:638] Assume version compatibility. PjRt-IFRT does not track XLA executable versions.
W0615 14:56:23.089479  876511 pjrt_executable.cc:638] Assume version compatibility. PjRt-IFRT does not track XLA executable versions.
W0615 14:56:23.097898  876511 pjrt_executable.cc:638] Assume version compatibility. PjRt-IFRT does not track XLA executable versions.
W0615 14:56:23.105459  876511 pjrt_executable.cc:638] Assume version compatibility. PjRt-IFRT does not track XLA executable versions.
W0615 14:56:23.112430  876511 pjrt_executable.cc:638] Assume version compatibility. PjRt-IFRT does not track XLA executable versions.
W0615 14:56:23.119945  876511 pjrt_executable.cc:638] Assume version compatibility. PjRt-IFRT does not track XLA executable versions.
W0615 14:56:23.127732  876511 pjrt_executable.cc:638] Assume version compatibility. PjRt-IFRT does not track XLA executable versions.
W0615 14:56:23.140767  876511 pjrt_executable.cc:638] Assume version compatibility. PjRt-IFRT does not track XLA executable versions.
W0615 14:56:23.148191  876511 pjrt_executable.cc:638] Assume version compatibility. PjRt-IFRT does not track XLA executable versions.
W0615 14:56:23.155385  876511 pjrt_executable.cc:638] Assume version compatibility. PjRt-IFRT does not track XLA executable versions.
W0615 14:56:23.162716  876511 pjrt_executable.cc:638] Assume version compatibility. PjRt-IFRT does not track XLA executable versions.
    Memory estimate: peak 30.73 GB (budget 70.00 GB), bottleneck=zct
    Per-stage: fft=14.93  zct=30.73  reshard=4.74  solve=3.27  gather=1.90 GB
    AOT fit_one_rchunk peak (driver-level): 6.59 GB

  G-flat memory model — chunk plan + HWM estimate
    band_chunk         = 64
    r_chunk            = 13824  (1 chunks)
    gflat_chunk_size   = 100
    budget             = 70.00 GB/dev
    HWM estimate       = 26.24 GB/dev (37% of budget) [bottleneck: C_fit_one_rchunk]
    peak totals (GB/dev):
      C_fit_one_rchunk........   26.24
      D_accumulate............    1.82
      B_CCT_chol..............    0.59
      E_v_q...................    0.20
      A_centroid..............    0.16
    per-peak components (GB/dev):
      [A]
        fft_box...............   0.113
        centroid_out_filling..   0.027
        phase_table...........   0.014
        sphere_idx_replicated.   0.004
      [B]
        P_l_plus_P_r_open_spin   0.382
        centroids_persistent..   0.106
        C_q...................   0.048
        L_q...................   0.048
        sphere_idx_replicated.   0.004
      [C]
        P_pair_concurrent_slots  24.461
        zeta_out..............   1.529
        centroids_persist.....   0.106
        gflat_acc.............   0.092
        L_q...................   0.048
        sphere_idx_replicated.   0.004
      [D]
        zeta_chunk............   1.529
        centroids_persist.....   0.106
        gflat_acc.............   0.092
        L_q...................   0.048
        accumulate_fft_box....   0.044
        sphere_idx_replicated.   0.004
      [E]
        zeta_L_all............   0.092
        psi_centroids_persistent   0.053
        V_acc.................   0.048
        V_acc_full_BZ.........   0.048
        sphere_idx_replicated.   0.004
        zeta_L_on_x_axis......   0.003
        zeta_R_on_y_axis......   0.003
        v_q_table_replicated..   0.001
        V_q_block.............   0.001
        g0_acc................   0.000
        lorentz_mix_buffer....   0.000

  Chunked ISDF fitting:
    Band chunks: 64
    R chunks:    13824 (contiguous r-space)
    Q chunks:    64
    GFlat cs:    100
    Zeta output: /pscratch/sd/j/jackm/lorrax_sandbox/runs/Si/NONBISPINOR_CPU_2026-05-20/mu384_e2e/tmp/zeta_q.h5
    cutoffs: zeta = 25.0 Ry, bare-Coulomb = 25.0 Ry  (ecutwfc=25.0, ecutrho=100.0)

  Zeta fitting: 1 r-chunks x 13824 r-points, 60 bands (60 left + 60 right)
  Output: /pscratch/sd/j/jackm/lorrax_sandbox/runs/Si/NONBISPINOR_CPU_2026-05-20/mu384_e2e/tmp/zeta_q.h5
  Left wfns:  (64, 60, 2, 432)
  Right wfns: (64, 60, 2, 432)
W0615 14:56:23.243546  876511 pjrt_executable.cc:638] Assume version compatibility. PjRt-IFRT does not track XLA executable versions.
W0615 14:56:23.250288  876511 pjrt_executable.cc:638] Assume version compatibility. PjRt-IFRT does not track XLA executable versions.
W0615 14:56:23.257676  876511 pjrt_executable.cc:638] Assume version compatibility. PjRt-IFRT does not track XLA executable versions.
W0615 14:56:23.265154  876511 pjrt_executable.cc:638] Assume version compatibility. PjRt-IFRT does not track XLA executable versions.
W0615 14:56:23.274732  876511 pjrt_executable.cc:638] Assume version compatibility. PjRt-IFRT does not track XLA executable versions.
W0615 14:56:23.282839  876511 pjrt_executable.cc:638] Assume version compatibility. PjRt-IFRT does not track XLA executable versions.
  Computing C_q via shard_map pipeline (open-spin, charge γ̃^0=I)
W0615 14:56:23.300521  876511 pjrt_executable.cc:638] Assume version compatibility. PjRt-IFRT does not track XLA executable versions.
W0615 14:56:23.308459  876511 pjrt_executable.cc:638] Assume version compatibility. PjRt-IFRT does not track XLA executable versions.
W0615 14:56:23.316025  876511 pjrt_executable.cc:638] Assume version compatibility. PjRt-IFRT does not track XLA executable versions.
W0615 14:56:23.341919  876511 pjrt_executable.cc:638] Assume version compatibility. PjRt-IFRT does not track XLA executable versions.

  Zeta fitting: 1 r-chunks x 13824 r-points, 60 bands (60 left + 60 right)
  Output: /pscratch/sd/j/jackm/lorrax_sandbox/runs/Si/NONBISPINOR_CPU_2026-05-20/mu384_e2e/tmp/zeta_q.h5
  Left wfns:  (64, 60, 2, 432)
  Right wfns: (64, 60, 2, 432)

  Zeta fitting: 1 r-chunks x 13824 r-points, 60 bands (60 left + 60 right)
  Output: /pscratch/sd/j/jackm/lorrax_sandbox/runs/Si/NONBISPINOR_CPU_2026-05-20/mu384_e2e/tmp/zeta_q.h5

  Zeta fitting: 1 r-chunks x 13824 r-points, 60 bands (60 left + 60 right)
  Output: /pscratch/sd/j/jackm/lorrax_sandbox/runs/Si/NONBISPINOR_CPU_2026-05-20/mu384_e2e/tmp/zeta_q.h5
  Left wfns:  (64, 60, 2, 432)
  Right wfns: (64, 60, 2, 432)
  Left wfns:  (64, 60, 2, 432)
  Right wfns: (64, 60, 2, 432)
  Computing C_q via shard_map pipeline (open-spin, charge γ̃^0=I)
  Computing C_q via shard_map pipeline (open-spin, charge γ̃^0=I)
  Computing C_q via shard_map pipeline (open-spin, charge γ̃^0=I)
W0615 14:56:23.783112  876511 pjrt_executable.cc:638] Assume version compatibility. PjRt-IFRT does not track XLA executable versions.
W0615 14:56:23.796809  876511 pjrt_executable.cc:638] Assume version compatibility. PjRt-IFRT does not track XLA executable versions.
W0615 14:56:23.804539  876511 pjrt_executable.cc:638] Assume version compatibility. PjRt-IFRT does not track XLA executable versions.
W0615 14:56:23.812375  876511 pjrt_executable.cc:638] Assume version compatibility. PjRt-IFRT does not track XLA executable versions.
W0615 14:56:23.819462  876511 pjrt_executable.cc:638] Assume version compatibility. PjRt-IFRT does not track XLA executable versions.
W0615 14:56:23.826467  876511 pjrt_executable.cc:638] Assume version compatibility. PjRt-IFRT does not track XLA executable versions.
W0615 14:56:23.835210  876511 pjrt_executable.cc:638] Assume version compatibility. PjRt-IFRT does not track XLA executable versions.
W0615 14:56:23.843239  876511 pjrt_executable.cc:638] Assume version compatibility. PjRt-IFRT does not track XLA executable versions.
W0615 14:56:23.850616  876511 pjrt_executable.cc:638] Assume version compatibility. PjRt-IFRT does not track XLA executable versions.
  Computing L_q = chol(C_q)  [PSD, charge channel, path=sharded_cholesky]
W0615 14:56:23.860708  876511 pjrt_executable.cc:638] Assume version compatibility. PjRt-IFRT does not track XLA executable versions.
W0615 14:56:23.869291  876511 pjrt_executable.cc:638] Assume version compatibility. PjRt-IFRT does not track XLA executable versions.
W0615 14:56:23.877200  876511 pjrt_executable.cc:638] Assume version compatibility. PjRt-IFRT does not track XLA executable versions.
W0615 14:56:23.884323  876511 pjrt_executable.cc:638] Assume version compatibility. PjRt-IFRT does not track XLA executable versions.
W0615 14:56:23.891357  876511 pjrt_executable.cc:638] Assume version compatibility. PjRt-IFRT does not track XLA executable versions.
W0615 14:56:23.898209  876511 pjrt_executable.cc:638] Assume version compatibility. PjRt-IFRT does not track XLA executable versions.
W0615 14:56:23.905109  876511 pjrt_executable.cc:638] Assume version compatibility. PjRt-IFRT does not track XLA executable versions.
W0615 14:56:23.913785  876511 pjrt_executable.cc:638] Assume version compatibility. PjRt-IFRT does not track XLA executable versions.
W0615 14:56:23.921649  876511 pjrt_executable.cc:638] Assume version compatibility. PjRt-IFRT does not track XLA executable versions.
W0615 14:56:23.928893  876511 pjrt_executable.cc:638] Assume version compatibility. PjRt-IFRT does not track XLA executable versions.
W0615 14:56:24.064098  876511 pjrt_executable.cc:638] Assume version compatibility. PjRt-IFRT does not track XLA executable versions.
W0615 14:56:24.083333  876511 pjrt_executable.cc:638] Assume version compatibility. PjRt-IFRT does not track XLA executable versions.
W0615 14:56:24.092325  876511 pjrt_executable.cc:638] Assume version compatibility. PjRt-IFRT does not track XLA executable versions.
  Computing L_q = chol(C_q)  [PSD, charge channel, path=sharded_cholesky]
  Computing L_q = chol(C_q)  [PSD, charge channel, path=sharded_cholesky]
  Computing L_q = chol(C_q)  [PSD, charge channel, path=sharded_cholesky]
  L_q: (8, 432, 432)
  L_q: (8, 432, 432)
  L_q: (8, 432, 432)
  L_q: (8, 432, 432)
W0615 14:56:25.521746  876511 pjrt_executable.cc:638] Assume version compatibility. PjRt-IFRT does not track XLA executable versions.
  q-IBZ reduction: 8 IBZ q-points / 64 full-BZ (disk shrink 8.0×)
  q-IBZ reduction: 8 IBZ q-points / 64 full-BZ (disk shrink 8.0×)
  q-IBZ reduction: 8 IBZ q-points / 64 full-BZ (disk shrink 8.0×)
  q-IBZ reduction: 8 IBZ q-points / 64 full-BZ (disk shrink 8.0×)
  G-flat ζ sphere: ngkmax=588, min ngk=537, max ngk=588 (4.253% of n_rtot)
W0615 14:56:25.577898  876511 pjrt_executable.cc:638] Assume version compatibility. PjRt-IFRT does not track XLA executable versions.
W0615 14:56:25.651501  876511 pjrt_executable.cc:638] Assume version compatibility. PjRt-IFRT does not track XLA executable versions.
W0615 14:56:25.871862  876511 pjrt_executable.cc:638] Assume version compatibility. PjRt-IFRT does not track XLA executable versions.
  ψ(G-flat) host cache: 0.02 GB/process resident
W0615 14:56:25.884741  876511 pjrt_executable.cc:638] Assume version compatibility. PjRt-IFRT does not track XLA executable versions.
  G-flat ζ accumulator: N=864 rows/rank (n_q=8 × n_mu_local=108); chunk_size=100 → per-iter FFT box 0.02 GB/rank
W0615 14:56:25.893464  876511 pjrt_executable.cc:638] Assume version compatibility. PjRt-IFRT does not track XLA executable versions.
W0615 14:56:25.934794  876511 pjrt_executable.cc:638] Assume version compatibility. PjRt-IFRT does not track XLA executable versions.
W0615 14:56:25.941352  876511 pjrt_executable.cc:638] Assume version compatibility. PjRt-IFRT does not track XLA executable versions.
W0615 14:56:25.948574  876511 pjrt_executable.cc:638] Assume version compatibility. PjRt-IFRT does not track XLA executable versions.
W0615 14:56:25.955351  876511 pjrt_executable.cc:638] Assume version compatibility. PjRt-IFRT does not track XLA executable versions.
W0615 14:56:25.962373  876511 pjrt_executable.cc:638] Assume version compatibility. PjRt-IFRT does not track XLA executable versions.
W0615 14:56:25.968261  876511 pjrt_executable.cc:638] Assume version compatibility. PjRt-IFRT does not track XLA executable versions.
W0615 14:56:25.974906  876511 pjrt_executable.cc:638] Assume version compatibility. PjRt-IFRT does not track XLA executable versions.
W0615 14:56:25.981837  876511 pjrt_executable.cc:638] Assume version compatibility. PjRt-IFRT does not track XLA executable versions.
W0615 14:56:25.988999  876511 pjrt_executable.cc:638] Assume version compatibility. PjRt-IFRT does not track XLA executable versions.
W0615 14:56:25.998007  876511 pjrt_executable.cc:638] Assume version compatibility. PjRt-IFRT does not track XLA executable versions.
W0615 14:56:26.006302  876511 pjrt_executable.cc:638] Assume version compatibility. PjRt-IFRT does not track XLA executable versions.
W0615 14:56:41.474022  876511 pjrt_executable.cc:638] Assume version compatibility. PjRt-IFRT does not track XLA executable versions.
W0615 14:56:41.484072  876511 pjrt_executable.cc:638] Assume version compatibility. PjRt-IFRT does not track XLA executable versions.
W0615 14:56:41.491764  876511 pjrt_executable.cc:638] Assume version compatibility. PjRt-IFRT does not track XLA executable versions.
W0615 14:56:41.498849  876511 pjrt_executable.cc:638] Assume version compatibility. PjRt-IFRT does not track XLA executable versions.
W0615 14:56:41.506082  876511 pjrt_executable.cc:638] Assume version compatibility. PjRt-IFRT does not track XLA executable versions.
W0615 14:56:41.513428  876511 pjrt_executable.cc:638] Assume version compatibility. PjRt-IFRT does not track XLA executable versions.
W0615 14:56:41.537581  876511 pjrt_executable.cc:638] Assume version compatibility. PjRt-IFRT does not track XLA executable versions.
W0615 14:56:41.566494  876511 pjrt_executable.cc:638] Assume version compatibility. PjRt-IFRT does not track XLA executable versions.
W0615 14:56:41.854786  876511 pjrt_executable.cc:638] Assume version compatibility. PjRt-IFRT does not track XLA executable versions.
W0615 14:56:41.869203  876511 pjrt_executable.cc:638] Assume version compatibility. PjRt-IFRT does not track XLA executable versions.
W0615 14:56:41.885845  876511 pjrt_executable.cc:638] Assume version compatibility. PjRt-IFRT does not track XLA executable versions.
W0615 14:56:42.735383  876511 pjrt_executable.cc:638] Assume version compatibility. PjRt-IFRT does not track XLA executable versions.
W0615 14:56:42.743060  876511 pjrt_executable.cc:638] Assume version compatibility. PjRt-IFRT does not track XLA executable versions.
W0615 14:56:42.749777  876511 pjrt_executable.cc:638] Assume version compatibility. PjRt-IFRT does not track XLA executable versions.
W0615 14:56:42.757002  876511 pjrt_executable.cc:638] Assume version compatibility. PjRt-IFRT does not track XLA executable versions.
W0615 14:56:42.764292  876511 pjrt_executable.cc:638] Assume version compatibility. PjRt-IFRT does not track XLA executable versions.
W0615 14:56:42.771856  876511 pjrt_executable.cc:638] Assume version compatibility. PjRt-IFRT does not track XLA executable versions.
W0615 14:56:42.778941  876511 pjrt_executable.cc:638] Assume version compatibility. PjRt-IFRT does not track XLA executable versions.
W0615 14:56:42.786336  876511 pjrt_executable.cc:638] Assume version compatibility. PjRt-IFRT does not track XLA executable versions.
W0615 14:56:42.794034  876511 pjrt_executable.cc:638] Assume version compatibility. PjRt-IFRT does not track XLA executable versions.
W0615 14:56:42.855083  876511 pjrt_executable.cc:638] Assume version compatibility. PjRt-IFRT does not track XLA executable versions.
Started zeta fitting at 14:56:42.
[ 14:56:42 | ██████████ | 100% ] r-chunk 1 / 1 · ETA 0 s
Finished zeta fitting at 14:56:42.  Elapsed: 0 s.
W0615 14:56:42.909188  876511 pjrt_executable.cc:638] Assume version compatibility. PjRt-IFRT does not track XLA executable versions.
W0615 14:56:43.272408  876511 pjrt_executable.cc:638] Assume version compatibility. PjRt-IFRT does not track XLA executable versions.
W0615 14:56:43.279725  876511 pjrt_executable.cc:638] Assume version compatibility. PjRt-IFRT does not track XLA executable versions.
W0615 14:56:43.287324  876511 pjrt_executable.cc:638] Assume version compatibility. PjRt-IFRT does not track XLA executable versions.
W0615 14:56:43.295020  876511 pjrt_executable.cc:638] Assume version compatibility. PjRt-IFRT does not track XLA executable versions.
W0615 14:56:43.302316  876511 pjrt_executable.cc:638] Assume version compatibility. PjRt-IFRT does not track XLA executable versions.
W0615 14:56:43.311284  876511 pjrt_executable.cc:638] Assume version compatibility. PjRt-IFRT does not track XLA executable versions.
W0615 14:56:43.321303  876511 pjrt_executable.cc:638] Assume version compatibility. PjRt-IFRT does not track XLA executable versions.
  Zeta output: /pscratch/sd/j/jackm/lorrax_sandbox/runs/Si/NONBISPINOR_CPU_2026-05-20/mu384_e2e/tmp/zeta_q.h5  shape: (n_q_disk=8 of 4·4·4=64 full-BZ, n_rtot=13824, n_rmu=432)
  Timing (1 r-chunks, 17.3s total):
    fit     16.83s  97.5%
    H5       0.37s   2.2%
  Zeta output: /pscratch/sd/j/jackm/lorrax_sandbox/runs/Si/NONBISPINOR_CPU_2026-05-20/mu384_e2e/tmp/zeta_q.h5  shape: (n_q_disk=8 of 4·4·4=64 full-BZ, n_rtot=13824, n_rmu=432)
  Timing (1 r-chunks, 17.2s total):
    fit     16.82s  97.6%
    H5       0.36s   2.1%
  Zeta output: /pscratch/sd/j/jackm/lorrax_sandbox/runs/Si/NONBISPINOR_CPU_2026-05-20/mu384_e2e/tmp/zeta_q.h5  shape: (n_q_disk=8 of 4·4·4=64 full-BZ, n_rtot=13824, n_rmu=432)
  Timing (1 r-chunks, 17.2s total):
    fit     16.80s  97.5%
    H5       0.37s   2.1%
  Zeta output: /pscratch/sd/j/jackm/lorrax_sandbox/runs/Si/NONBISPINOR_CPU_2026-05-20/mu384_e2e/tmp/zeta_q.h5  shape: (n_q_disk=8 of 4·4·4=64 full-BZ, n_rtot=13824, n_rmu=432)
  Timing (1 r-chunks, 17.0s total):
    fit     16.79s  98.9%
    H5       0.14s   0.8%
    V_q bare cutoff: 25.0 Ry
    V_q budget:    67.79 GB
W0615 14:56:43.621001  876511 pjrt_executable.cc:638] Assume version compatibility. PjRt-IFRT does not track XLA executable versions.
  V_q g-flat [CC]: n_q_ibz=8, ngkmax=588, g_chunk=588 (1/q), n_rmu_L=432→432, n_rmu_R=432→432, unfold=IBZ→full
W0615 14:56:43.723405  876511 pjrt_executable.cc:638] Assume version compatibility. PjRt-IFRT does not track XLA executable versions.
W0615 14:56:43.733038  876511 pjrt_executable.cc:638] Assume version compatibility. PjRt-IFRT does not track XLA executable versions.
W0615 14:56:43.746429  876511 pjrt_executable.cc:638] Assume version compatibility. PjRt-IFRT does not track XLA executable versions.
W0615 14:56:43.899628  876511 pjrt_executable.cc:638] Assume version compatibility. PjRt-IFRT does not track XLA executable versions.
W0615 14:56:43.906244  876511 pjrt_executable.cc:638] Assume version compatibility. PjRt-IFRT does not track XLA executable versions.
W0615 14:56:43.937165  876511 pjrt_executable.cc:638] Assume version compatibility. PjRt-IFRT does not track XLA executable versions.
    [CC] pre-read all 8 IBZ ζ̃ slabs (1 batched call): 0.14s
W0615 14:56:44.040486  876511 pjrt_executable.cc:638] Assume version compatibility. PjRt-IFRT does not track XLA executable versions.
W0615 14:56:44.049978  876511 pjrt_executable.cc:638] Assume version compatibility. PjRt-IFRT does not track XLA executable versions.
W0615 14:56:44.057058  876511 pjrt_executable.cc:638] Assume version compatibility. PjRt-IFRT does not track XLA executable versions.
W0615 14:56:44.063911  876511 pjrt_executable.cc:638] Assume version compatibility. PjRt-IFRT does not track XLA executable versions.
W0615 14:56:44.070980  876511 pjrt_executable.cc:638] Assume version compatibility. PjRt-IFRT does not track XLA executable versions.
W0615 14:56:44.078373  876511 pjrt_executable.cc:638] Assume version compatibility. PjRt-IFRT does not track XLA executable versions.
W0615 14:56:44.109880  876511 pjrt_executable.cc:638] Assume version compatibility. PjRt-IFRT does not track XLA executable versions.
W0615 14:56:44.171149  876774 spmd_partitioner.cc:663] [SPMD] Involuntary full rematerialization. The compiler cannot go from sharding {devices=[4,1,1]<=[4]} to {devices=[1,2,1,2]<=[4] last_tile_dim_replicate} efficiently for HLO operation %sharding_constraint.1 = c128[1,432,588]{2,1,0} copy(%reshape), sharding={devices=[4,1,1]<=[4]}, metadata={op_name="jit(fn)/sharding_constraint" stack_frame_id=12}. As the last resort, SPMD will replicate the tensor and then partition it to obtain the target sharding, which is inefficient. This issue will be fixed by Shardy partitioner in the future, which is tracked in b/433785288. Contact Shardy or XLA team for help.
W0615 14:56:44.171273  876774 spmd_partitioner.cc:663] [SPMD] Involuntary full rematerialization. The compiler cannot go from sharding {devices=[4,1,1]<=[4]} to {devices=[1,2,1,2]<=[2,2]T(1,0) last_tile_dim_replicate} efficiently for HLO operation %sharding_constraint.1 = c128[1,432,588]{2,1,0} copy(%reshape), sharding={devices=[4,1,1]<=[4]}, metadata={op_name="jit(fn)/sharding_constraint" stack_frame_id=12}. As the last resort, SPMD will replicate the tensor and then partition it to obtain the target sharding, which is inefficient. This issue will be fixed by Shardy partitioner in the future, which is tracked in b/433785288. Contact Shardy or XLA team for help.
W0615 14:56:44.171805  876777 spmd_partitioner.cc:663] [SPMD] Involuntary full rematerialization. The compiler cannot go from sharding {devices=[4,1,1]<=[4]} to {devices=[1,2,1,2]<=[4] last_tile_dim_replicate} efficiently for HLO operation %sharding_constraint.1 = c128[1,432,588]{2,1,0} copy(%reshape), sharding={devices=[4,1,1]<=[4]}, metadata={op_name="jit(fn)/sharding_constraint" stack_frame_id=12}. As the last resort, SPMD will replicate the tensor and then partition it to obtain the target sharding, which is inefficient. This issue will be fixed by Shardy partitioner in the future, which is tracked in b/433785288. Contact Shardy or XLA team for help.
W0615 14:56:44.171929  876777 spmd_partitioner.cc:663] [SPMD] Involuntary full rematerialization. The compiler cannot go from sharding {devices=[4,1,1]<=[4]} to {devices=[1,2,1,2]<=[2,2]T(1,0) last_tile_dim_replicate} efficiently for HLO operation %sharding_constraint.1 = c128[1,432,588]{2,1,0} copy(%reshape), sharding={devices=[4,1,1]<=[4]}, metadata={op_name="jit(fn)/sharding_constraint" stack_frame_id=12}. As the last resort, SPMD will replicate the tensor and then partition it to obtain the target sharding, which is inefficient. This issue will be fixed by Shardy partitioner in the future, which is tracked in b/433785288. Contact Shardy or XLA team for help.
W0615 14:56:44.193467  876705 spmd_partitioner.cc:663] [SPMD] Involuntary full rematerialization. The compiler cannot go from sharding {devices=[4,1,1]<=[4]} to {devices=[1,2,1,2]<=[4] last_tile_dim_replicate} efficiently for HLO operation %sharding_constraint.1 = c128[1,432,588]{2,1,0} copy(%reshape), sharding={devices=[4,1,1]<=[4]}, metadata={op_name="jit(fn)/sharding_constraint" stack_frame_id=12}. As the last resort, SPMD will replicate the tensor and then partition it to obtain the target sharding, which is inefficient. This issue will be fixed by Shardy partitioner in the future, which is tracked in b/433785288. Contact Shardy or XLA team for help.
W0615 14:56:44.193594  876705 spmd_partitioner.cc:663] [SPMD] Involuntary full rematerialization. The compiler cannot go from sharding {devices=[4,1,1]<=[4]} to {devices=[1,2,1,2]<=[2,2]T(1,0) last_tile_dim_replicate} efficiently for HLO operation %sharding_constraint.1 = c128[1,432,588]{2,1,0} copy(%reshape), sharding={devices=[4,1,1]<=[4]}, metadata={op_name="jit(fn)/sharding_constraint" stack_frame_id=12}. As the last resort, SPMD will replicate the tensor and then partition it to obtain the target sharding, which is inefficient. This issue will be fixed by Shardy partitioner in the future, which is tracked in b/433785288. Contact Shardy or XLA team for help.
    [CC] q=0/8: kernel=0.28s
    [CC] q=1/8: kernel=0.01s
    [CC] q=2/8: kernel=0.01s
    [CC] q=3/8: kernel=0.01s
    [CC] q=4/8: kernel=0.01s
    [CC] q=5/8: kernel=0.01s
    [CC] q=6/8: kernel=0.01s
    [CC] q=7/8: kernel=0.01s
W0615 14:56:44.410674  876511 pjrt_executable.cc:638] Assume version compatibility. PjRt-IFRT does not track XLA executable versions.
W0615 14:56:44.440133  876511 pjrt_executable.cc:638] Assume version compatibility. PjRt-IFRT does not track XLA executable versions.
W0615 14:56:44.449222  876511 pjrt_executable.cc:638] Assume version compatibility. PjRt-IFRT does not track XLA executable versions.
W0615 14:56:44.455648  876511 pjrt_executable.cc:638] Assume version compatibility. PjRt-IFRT does not track XLA executable versions.
W0615 14:56:44.713690  876511 pjrt_executable.cc:638] Assume version compatibility. PjRt-IFRT does not track XLA executable versions.

  V_q computed:
    Shape: (64, 432, 432)
W0615 14:56:44.729446  876511 pjrt_executable.cc:638] Assume version compatibility. PjRt-IFRT does not track XLA executable versions.
W0615 14:56:44.737107  876511 pjrt_executable.cc:638] Assume version compatibility. PjRt-IFRT does not track XLA executable versions.
W0615 14:56:44.745840  876511 pjrt_executable.cc:638] Assume version compatibility. PjRt-IFRT does not track XLA executable versions.
W0615 14:56:44.760306  876511 pjrt_executable.cc:638] Assume version compatibility. PjRt-IFRT does not track XLA executable versions.
W0615 14:56:44.768531  876511 pjrt_executable.cc:638] Assume version compatibility. PjRt-IFRT does not track XLA executable versions.
    V_q=0 trace: 191876934.7164
W0615 14:56:44.857539  876511 pjrt_executable.cc:638] Assume version compatibility. PjRt-IFRT does not track XLA executable versions.
W0615 14:56:45.219071  876511 pjrt_executable.cc:638] Assume version compatibility. PjRt-IFRT does not track XLA executable versions.
W0615 14:56:45.231713  876511 pjrt_executable.cc:638] Assume version compatibility. PjRt-IFRT does not track XLA executable versions.
W0615 14:56:45.243102  876511 pjrt_executable.cc:638] Assume version compatibility. PjRt-IFRT does not track XLA executable versions.
W0615 14:56:45.256324  876511 pjrt_executable.cc:638] Assume version compatibility. PjRt-IFRT does not track XLA executable versions.
W0615 14:56:45.264757  876511 pjrt_executable.cc:638] Assume version compatibility. PjRt-IFRT does not track XLA executable versions.
W0615 14:56:45.276182  876511 pjrt_executable.cc:638] Assume version compatibility. PjRt-IFRT does not track XLA executable versions.
W0615 14:56:45.287330  876511 pjrt_executable.cc:638] Assume version compatibility. PjRt-IFRT does not track XLA executable versions.
W0615 14:56:45.298339  876511 pjrt_executable.cc:638] Assume version compatibility. PjRt-IFRT does not track XLA executable versions.
W0615 14:56:45.308798  876511 pjrt_executable.cc:638] Assume version compatibility. PjRt-IFRT does not track XLA executable versions.
  Wavefunctions built (b0:b4=60 bands, 4 sharded copies: xn/xr/yr/yn)
W0615 14:56:45.556345  876511 pjrt_executable.cc:638] Assume version compatibility. PjRt-IFRT does not track XLA executable versions.
W0615 14:56:45.656303  876511 pjrt_executable.cc:638] Assume version compatibility. PjRt-IFRT does not track XLA executable versions.
W0615 14:56:45.663391  876511 pjrt_executable.cc:638] Assume version compatibility. PjRt-IFRT does not track XLA executable versions.
W0615 14:56:45.670401  876511 pjrt_executable.cc:638] Assume version compatibility. PjRt-IFRT does not track XLA executable versions.
W0615 14:56:45.677985  876511 pjrt_executable.cc:638] Assume version compatibility. PjRt-IFRT does not track XLA executable versions.
W0615 14:56:45.906326  876511 pjrt_executable.cc:638] Assume version compatibility. PjRt-IFRT does not track XLA executable versions.
W0615 14:56:45.921273  876511 pjrt_executable.cc:638] Assume version compatibility. PjRt-IFRT does not track XLA executable versions.
W0615 14:56:45.961767  876511 pjrt_executable.cc:638] Assume version compatibility. PjRt-IFRT does not track XLA executable versions.
  Chunked ISDF path complete
W0615 14:56:46.057200  876511 pjrt_executable.cc:638] Assume version compatibility. PjRt-IFRT does not track XLA executable versions.

------------------------------------------------------------------------
  FINITE-SIZE CORRECTIONS
------------------------------------------------------------------------
  Head source: override
  v(q→0)  =        0.000 a.u.  (bare Coulomb head)
W0615 14:56:46.082345  876511 pjrt_executable.cc:638] Assume version compatibility. PjRt-IFRT does not track XLA executable versions.
W0615 14:56:46.088747  876511 pjrt_executable.cc:638] Assume version compatibility. PjRt-IFRT does not track XLA executable versions.
W0615 14:56:46.095953  876511 pjrt_executable.cc:638] Assume version compatibility. PjRt-IFRT does not track XLA executable versions.
W0615 14:56:46.108287  876511 pjrt_executable.cc:638] Assume version compatibility. PjRt-IFRT does not track XLA executable versions.
W0615 14:56:46.115260  876511 pjrt_executable.cc:638] Assume version compatibility. PjRt-IFRT does not track XLA executable versions.
W0615 14:56:46.122628  876511 pjrt_executable.cc:638] Assume version compatibility. PjRt-IFRT does not track XLA executable versions.
W0615 14:56:46.129483  876511 pjrt_executable.cc:638] Assume version compatibility. PjRt-IFRT does not track XLA executable versions.
W0615 14:56:46.139265  876511 pjrt_executable.cc:638] Assume version compatibility. PjRt-IFRT does not track XLA executable versions.

------------------------------------------------------------------------
  STATIC HEAD TERMS (exact COHSEX / BGW-style)
------------------------------------------------------------------------
  Head source: override
  v_h(q→0)           =     0.000000 a.u.
  W_h(q→0, ω=0)      =     0.000000 a.u.
  W_h^c              =     0.000000 a.u.
  Σ^X head (occ)     = 0.000000e+00 Ry
  Σ^SX head (occ)    = 0.000000e+00 Ry
  Σ^(SX-X) head(occ) = 0.000000e+00 Ry
  Σ^COH head (all)   = 0.000000e+00 Ry
W0615 14:56:46.199015  876511 pjrt_executable.cc:638] Assume version compatibility. PjRt-IFRT does not track XLA executable versions.
W0615 14:56:46.206476  876511 pjrt_executable.cc:638] Assume version compatibility. PjRt-IFRT does not track XLA executable versions.
W0615 14:56:46.244117  876511 pjrt_executable.cc:638] Assume version compatibility. PjRt-IFRT does not track XLA executable versions.
W0615 14:56:46.283979  876511 pjrt_executable.cc:638] Assume version compatibility. PjRt-IFRT does not track XLA executable versions.
W0615 14:56:46.323075  876511 pjrt_executable.cc:638] Assume version compatibility. PjRt-IFRT does not track XLA executable versions.
W0615 14:56:46.351175  876511 pjrt_executable.cc:638] Assume version compatibility. PjRt-IFRT does not track XLA executable versions.
W0615 14:56:46.361382  876511 pjrt_executable.cc:638] Assume version compatibility. PjRt-IFRT does not track XLA executable versions.
W0615 14:56:47.461673  876511 pjrt_executable.cc:638] Assume version compatibility. PjRt-IFRT does not track XLA executable versions.
W0615 14:56:47.481097  876511 pjrt_executable.cc:638] Assume version compatibility. PjRt-IFRT does not track XLA executable versions.
W0615 14:56:47.532094  876511 pjrt_executable.cc:638] Assume version compatibility. PjRt-IFRT does not track XLA executable versions.
W0615 14:56:47.558535  876511 pjrt_executable.cc:638] Assume version compatibility. PjRt-IFRT does not track XLA executable versions.
W0615 14:56:48.025134  876511 pjrt_executable.cc:638] Assume version compatibility. PjRt-IFRT does not track XLA executable versions.
W0615 14:56:48.032226  876511 pjrt_executable.cc:638] Assume version compatibility. PjRt-IFRT does not track XLA executable versions.
  Bare Σ_X diagonal (eV), k=0: -14.4278  -14.4278  -9.8470  -9.8470  -9.8153  -9.8153  -9.8153  -9.8153
W0615 14:56:48.053905  876511 pjrt_executable.cc:638] Assume version compatibility. PjRt-IFRT does not track XLA executable versions.
W0615 14:56:48.199825  876511 pjrt_executable.cc:638] Assume version compatibility. PjRt-IFRT does not track XLA executable versions.
W0615 14:56:48.209956  876511 pjrt_executable.cc:638] Assume version compatibility. PjRt-IFRT does not track XLA executable versions.
W0615 14:56:48.217940  876511 pjrt_executable.cc:638] Assume version compatibility. PjRt-IFRT does not track XLA executable versions.
W0615 14:56:48.231209  876511 pjrt_executable.cc:638] Assume version compatibility. PjRt-IFRT does not track XLA executable versions.

  Sigma diag:   /pscratch/sd/j/jackm/lorrax_sandbox/runs/Si/NONBISPINOR_CPU_2026-05-20/mu384_e2e/sigma_diag.dat
  BGW eqp0:     /pscratch/sd/j/jackm/lorrax_sandbox/runs/Si/NONBISPINOR_CPU_2026-05-20/mu384_e2e/eqp0.dat
  BGW eqp1:     /pscratch/sd/j/jackm/lorrax_sandbox/runs/Si/NONBISPINOR_CPU_2026-05-20/mu384_e2e/eqp1.dat
  Restart:      /pscratch/sd/j/jackm/lorrax_sandbox/runs/Si/NONBISPINOR_CPU_2026-05-20/mu384_e2e/tmp/isdf_tensors_432.h5

--- Timing ---
Total recorded: 26.766 s
Section                                            Count    Total[s]     Self[s]      %
gw_jax.load_centroid_wfns                              1       3.415       0.263   12.8
  load_centroids.loader_load                           1       0.244       0.244    0.9
  load_centroids.gflat_to_rmu                          1       2.475       2.475    9.2
  load_centroids.reshard                               1       0.433       0.433    1.6
gw_jax.zeta_fit_chunked                                1      20.264       0.157   75.7
  zeta_fit.slice_halves                                1       0.047       0.047    0.2
  zeta_fit.CCT                                         1       0.568       0.568    2.1
  zeta_fit.cholesky                                    1       1.519       1.519    5.7
  zeta_fit.gc_pre_chunk_loop                           1       0.120       0.120    0.4
  zeta_fit.write_headers                               1       0.044       0.044    0.2
  zeta_fit.open_file                                   1       0.004       0.004    0.0
  psi_G_store.populate.loader_load                     1       0.272       0.272    1.0
  psi_G_store.populate.shard_to_host                   1       0.003       0.003    0.0
  zeta_fit.chunk_loop                                  1      16.933       0.000   63.3
    zeta_fit.chunk.fit_one_rchunk                      1      16.795       0.052   62.7
      zeta_fit.chunk.z_q_build                         1      15.486      15.486   57.9
      zeta_fit.chunk.solve                             1       1.256       1.256    4.7
    zeta_fit.chunk.h5_write                            1       0.138       0.138    0.5
  zeta_fit.write_g_flat                                1       0.596       0.596    2.2
  zeta_fit.close_io                                    1       0.000       0.000    0.0
  zeta_fit.sync_global                                 1       0.001       0.001    0.0
gw_jax.V_q_compute                                     1       1.147       1.147    4.3
gw_jax.wavefunction_setup                              1       0.099       0.099    0.4
gw_jax.sigma                                           1       1.841       1.841    6.9
