
 BerkeleyGW version 4.0
 Sigma code, Complex version, run on 02-Jul-2026 at 11:46:56 -0700

                                                                 ..o.          
                                                                .oxxo.         
                                                               .oxxxxo...      
                                                               oxxxxxxo.       
                                                              .oxxxxxxx.       
                                                              .ooooooxxo..     
                                                              .oooooooxo..     
                                                              .oooooxxo...     
                                                       .........oxooo......    
                                                 ............................  
                                             ................................. 
                                          .................................... 
           .          ..oo. ....  .................................oooxxxxxxxo.
     .............oxxxx@ox@@@x@x.....................o...........ooooooooooxx. 
    .o.........oox@x.oo........xxx@@............ooxxxxo..........ooooxxxxxoxo  
    .x........x@xxo...............o@xxo........oxxx@@@xoooooooooooooooxxxo...  
    .o......ox@@o..................oox@o.....ooxxx@xoooxxxxxxxoooooooooooo.... 
    o..ooooo@@xoooo....ooo...........x@o.....ooxxxxo   .oxxxxxxxxxxooooooo.... 
    . .oooo@@@@@@@@@@@@@@@@@@@@@@@@@@@@@@....ooooox.     .oxx@@@@@xxoo........ 
      .ooooxxxxxxxooooooxooooooooooooooxo...oooooxx.        ..ox@xxxoo.........
      .ooooooxxxx@xoooooooooooooxxoooooooooooxxxxx.            .oxxooooooooxxo.
     .oooooxxxxx@@@xxxxxxxxxxxxxxxxxxxxxxxxoxxxxo.                .oxxxxxxxxo. 
   ....oooxxxxx@@@xo..oxxx@@@@@@xxxxoxxoooooooxx.                  .oxxxoo..   
  .....ooxxxx@@xo.       ........    .ooooooooxxo                              
  ..oooxxxx@@@o                       .oooooooxoo.                             
  ....oxooxxxxx.                       .ooo..oooo.                             
  .....o.ooxxxxxo.                     .oooooooxo.                             
 ......ooooxxxxxxo.                     .ooooooxoo..                           
........ooxxxxxxxo..                     .o....oxoo...                         
.......ooooxxxxxxxo.                     ........oooo.                         
.ooooooo..ooxxxxoooo.                    .........ooo...                       
..oxo...ooooxxxoooo..                    .ooo......oooo...                     
  .ooooo....o.                            .oxxxoo....ooo....                   
    .oooooo...                              ...ooooo...ooo..                   
       ...                                     .oo.......                      
                                               ....ooo...                      
                      __              __                                       
 ______              [  |            [  |                 ._____  _          _ 
|_   _               | |  _          | |                /  ___ | |        | |
  | |_) | .---.  _. _.| | / |  .---.  | | .---.  _    _ / /    _|   /  / / 
  |  __'./ /__\[ /`_| '' <  / /__\ | |/ /__\|   | | |   _____  /  / /  
 _| |__| | __. | |   | |`  | ___. | || ___.  / /  .___| |    /  /   
|_______/ .__./[_]  [__|  _] .__./[___].__./    /   .____./    /  /    
                                                  / /                          
                                                 /_/                           
 --------------------------------------------------------------------------------
 Please cite the main BerkeleyGW paper when using results from this calculation:

 Jack Deslippe, Georgy Samsonidze, David A. Strubbe, Manish Jain, Marvin L.
 Cohen, and Steven G. Louie, "BerkeleyGW: A Massively Parallel Computer Package
 for the Calculation of the Quasiparticle and Optical Properties of Materials
 and Nanostructures," Comput. Phys. Commun. 183, 1269 (2012)

 Aditionally, PLEASE CITE ALL PAPERS REPORTED AT THE END OF THIS CALCULATION.
 --------------------------------------------------------------------------------

 Running MPI version (parallel)
 Running with 4 MPI task(s)
 Using OpenMP. Number of threads per MPI task: 16

 Compilation flags:
 - Compiler: NVHPC
 - Para. flags: MPI, OMP
 - Math  flags: USESCALAPACK, UNPACKED, USEFFTW3, HDF5
 - Debug flags: 

 Running with verbosity level 1 (default).


 NOTE: `screened_coulomb_cutoff` and `bare_coulomb_cutoff` are now optional flags.

 Using the static COHSEX approximation

 We are communicating via MPI

 Using Collectives (MPI_BCast) Communication Scheme
 
 Computing CH as a partial sum over empty bands

 Running with semiconductor screening

 We are using a truncated Coulomb interaction: cell slab
 Cutoff for Monte-Carlo average of Coulomb potential: 1.000E-012 Ry

 Reading (Kinetic energy + Ionic potential + Hartree) matrix elements from kih.dat file

 Treating W within the Static COHSEX approximation
 
 Memory available: 61477.0 MB per PE
 
 Read from eps0mat.h5:
 - Number of G-vectors in the charge-density grid: 15631
 - Max. number of G-vectors for dielectric matrices: 1947
 - Cutoff of the dielectric matrix (Ry): 30.000
 - Number of imaginary frequencies: 0
 - Total number of frequencies: 1
 - Frequency dependence: 0
 - Number of q-points: 1
 - Q grid: 3 3 1
 
 Read from epsmat.h5:
 - Number of G-vectors in the charge-density grid: 15631
 - Max. number of G-vectors for dielectric matrices: 1963
 - Cutoff of the dielectric matrix: 30.000
 - Number of imaginary frequencies: 0
 - Total number of frequencies: 1
 - Frequency dependence: 0
 - Number of q-points: 8
 - Q grid: 3 3 1
 
 Reading header of WFN_inner.h5
 Highest occupied band (unshifted grid) = 26
 Valence max    (unshifted grid) = -5.193613 eV
 Conduction min (unshifted grid) = -3.493545 eV
 Middle energy  (unshifted grid) = -4.343579 eV
 Fermi  energy  (unshifted grid) = -4.343579 eV

 
 Calculation parameters:
 - Cutoff of the bare Coulomb interaction (Ry): 30.00
 - Cutoff of the screened Coulomb interaction (Ry): 30.00
 - Number of G-vectors up to the bare int. cutoff: 1947
 - Number of G-vectors up to the screened int. cutoff: 1947
 - Total number of bands in the calculation: 80
 - Number of fully occupied valence bands: 26
 - Number of partially occ. conduction bands: 0
 
 Memory required for execution: 175.0 MB per PE
 Memory required for vcoul: 114.4 MB per PE
 
 Number of electrons per unit cell (from ifmax) = 26.000000
 Number of electrons per unit cell (from occupations) = 26.000000
 Plasma Frequency = 1.364240 Ry

 Q-grid symmetries are being used.
 
 Parallelization report:
 - Using 4 processor(s), 1 pool(s), 4 processor(s) per pool.
 - Each pool is computing 12 diagonal sigma matrix element(s).
 - Each pool is computing 0 off-diagonal sigma matrix element(s).
 - Each processor is holding 20 band(s).
 
 
 Started reading wavefunctions (WFN_inner) with 720 state(s) at 11:46:56.
 Reading band block from WFN_inner.h5
 Reading using H5FD_MPIO_COLLECTIVE.
 Using communication style:  1
 
 [ 11:46:56 |   0% ] state   1 / 720.
 [ 11:46:56 |   0% ] state   3 / 720, remaining: 0 s.
 [ 11:46:56 |  10% ] state  72 / 720, remaining: 0 s.
 [ 11:46:56 |  20% ] state 144 / 720, remaining: 0 s.
 [ 11:46:56 |  30% ] state 216 / 720, remaining: 0 s.
 [ 11:46:56 |  40% ] state 288 / 720, remaining: 0 s.
 [ 11:46:56 |  50% ] state 360 / 720, remaining: 0 s.
 [ 11:46:56 |  60% ] state 432 / 720, remaining: 0 s.
 [ 11:46:56 |  70% ] state 504 / 720, remaining: 0 s.
 [ 11:46:56 |  80% ] state 576 / 720, remaining: 0 s.
 [ 11:46:56 |  90% ] state 648 / 720, remaining: 0 s.
 [ 11:46:56 | 100% ] state 720 / 720, remaining: 0 s.
 Finished reading wavefunctions (WFN_inner) at 11:46:56.
 Elapsed time: 0 s.
 

 Scissors parameters:
 - Valence:    es =   0.0000 eV, e0 =   0.0000 eV, edel =   0.0000
 - Conduction: es =   0.0000 eV, e0 =   0.0000 eV, edel =   0.0000

 Scissors parameters (outer):
 - Valence:    es =   0.0000 eV, e0 =   0.0000 eV, edel =   0.0000
 - Conduction: es =   0.0000 eV, e0 =   0.0000 eV, edel =   0.0000

 Number of bands to compute diagonal self-energy matrix elements: 12
 Bands:
 - 19
 - 20
 - 21
 - 22
 - 23
 - 24
 - 25
 - 26
 - 27
 - 28
 - 29
 - 30
 Number of off-diagonal bands to compute self-energy matrix elements: 0
 
 GPU acceleration is : ENABLED
 
 Algorithms used:
 - mtxel     : OPENACC_ALGO
 - sigma_gpp : OPENACC_ALGO

 Total number of frequencies in the dielectric matrix: 1
 Number of imag. frequencies in the dielectric matrix: 0

 
 Started reading eps0mat.h5 with 1 q-point(s) at 11:46:57.
 [ 11:46:57 |   0% ] q-point 1 / 1.
 Finished reading eps0mat.h5 at 11:46:57.
 Elapsed time: 0 s.
 
 
 Started reading epsmat.h5 with 8 q-point(s) at 11:46:57.
 [ 11:46:57 |   0% ] q-point 1 / 8.
 [ 11:46:57 |  13% ] q-point 2 / 8.
 [ 11:46:57 |  25% ] q-point 3 / 8, remaining: 1 s.
 [ 11:46:58 |  38% ] q-point 4 / 8, remaining: 1 s.
 [ 11:46:58 |  50% ] q-point 5 / 8, remaining: 1 s.
 [ 11:46:58 |  63% ] q-point 6 / 8, remaining: 0 s.
 [ 11:46:58 |  75% ] q-point 7 / 8, remaining: 0 s.
 [ 11:46:58 |  88% ] q-point 8 / 8, remaining: 0 s.
 Finished reading epsmat.h5 at 11:46:58.
 Elapsed time: 1 s.
 
 Number of k-points in WFN_inner: 9
 Number of k-points in the full BZ of WFN_inner: 9
 
================================================================================
 11:46:58   Dealing with k =  0.000000  0.000000  0.000000                 1 / 4
================================================================================

 Reading kih.dat
 Number of q-points in the irreducible BZ(k) (nrq): 9

 Using GPU support via OpenACC/OMP-Target implementation
 Band block size in MTXEL:    20
 
 Started calculating Sigma with 108 block(s) at 11:46:59.
 [ 11:47:28 |   0% ] block   1 / 108.
 [ 11:47:29 |   2% ] block   3 / 108, remaining: 4 s.
 [ 11:47:29 |   9% ] block  11 / 108, remaining: 4 s.
 [ 11:47:29 |  19% ] block  22 / 108, remaining: 3 s.
 [ 11:47:30 |  30% ] block  33 / 108, remaining: 2 s.
 [ 11:47:30 |  40% ] block  44 / 108, remaining: 2 s.
 [ 11:47:30 |  50% ] block  55 / 108, remaining: 1 s.
 [ 11:47:30 |  59% ] block  65 / 108, remaining: 1 s.
 [ 11:47:31 |  69% ] block  76 / 108, remaining: 1 s.
 [ 11:47:31 |  80% ] block  87 / 108, remaining: 1 s.
 [ 11:47:31 |  90% ] block  98 / 108, remaining: 0 s.
 Finished calculating Sigma at 11:47:31.
 Elapsed time: 32 s.
 
 Unsymmetrized values for ik =   1 spin = 1
 
     n      Emf       Eo      KIH        X     SX-X       CH      Cor      Sig
    19   -7.145   -7.145    5.869  -16.532   10.650   -9.781    0.869  -15.662
    20   -7.145   -7.145    5.869  -16.532   10.650   -9.781    0.869  -15.662
    21   -6.780   -6.780    9.694  -18.710   11.106  -11.501   -0.395  -19.105
    22   -6.780   -6.780    9.694  -18.710   11.106  -11.501   -0.395  -19.105
    23   -6.699   -6.699    9.735  -18.614   11.034  -11.484   -0.450  -19.064
    24   -6.699   -6.699    9.735  -18.614   11.034  -11.484   -0.450  -19.064
    25   -5.386   -5.386   10.487  -17.275   10.150  -11.143   -0.992  -18.267
    26   -5.386   -5.386   10.487  -17.275   10.150  -11.143   -0.992  -18.267
    27   -2.581   -2.581   13.571  -11.052    5.920  -11.438   -5.517  -16.570
    28   -2.581   -2.581   13.571  -11.052    5.920  -11.438   -5.517  -16.570
    29   -2.506   -2.506   13.609  -10.987    5.884  -11.427   -5.544  -16.530
    30   -2.506   -2.506   13.609  -10.987    5.884  -11.427   -5.544  -16.530

 Symmetrized values from band-averaging:

       k =  0.000000  0.000000  0.000000 ik =   1 spin = 1

     n      Emf       Eo      KIH        X      Cor     Eqp0     Eqp1      Znk
    19   -7.145   -7.145    5.869  -16.532    0.869   -9.793   -9.793    1.000
    20   -7.145   -7.145    5.869  -16.532    0.869   -9.793   -9.793    1.000
    21   -6.780   -6.780    9.694  -18.710   -0.395   -9.411   -9.411    1.000
    22   -6.780   -6.780    9.694  -18.710   -0.395   -9.411   -9.411    1.000
    23   -6.699   -6.699    9.735  -18.614   -0.450   -9.329   -9.329    1.000
    24   -6.699   -6.699    9.735  -18.614   -0.450   -9.329   -9.329    1.000
    25   -5.386   -5.386   10.487  -17.275   -0.992   -7.780   -7.780    1.000
    26   -5.386   -5.386   10.487  -17.275   -0.992   -7.780   -7.780    1.000
    27   -2.581   -2.581   13.571  -11.052   -5.517   -2.998   -2.998    1.000
    28   -2.581   -2.581   13.571  -11.052   -5.517   -2.998   -2.998    1.000
    29   -2.506   -2.506   13.609  -10.987   -5.544   -2.921   -2.921    1.000
    30   -2.506   -2.506   13.609  -10.987   -5.544   -2.921   -2.921    1.000
 
================================================================================
 11:47:31   Dealing with k =  0.000000  0.333333  0.000000                 2 / 4
================================================================================

 Reading kih.dat
 Number of q-points in the irreducible BZ(k) (nrq): 9

 Using GPU support via OpenACC/OMP-Target implementation
 Band block size in MTXEL:    20
 
 Started calculating Sigma with 108 block(s) at 11:47:32.
 [ 11:47:32 |   0% ] block   1 / 108.
 [ 11:47:32 |   2% ] block   3 / 108, remaining: 3 s.
 [ 11:47:32 |   9% ] block  11 / 108, remaining: 3 s.
 [ 11:47:32 |  19% ] block  22 / 108, remaining: 3 s.
 [ 11:47:33 |  30% ] block  33 / 108, remaining: 2 s.
 [ 11:47:33 |  40% ] block  44 / 108, remaining: 2 s.
 [ 11:47:33 |  50% ] block  55 / 108, remaining: 1 s.
 [ 11:47:33 |  59% ] block  65 / 108, remaining: 1 s.
 [ 11:47:34 |  69% ] block  76 / 108, remaining: 1 s.
 [ 11:47:34 |  80% ] block  87 / 108, remaining: 1 s.
 [ 11:47:34 |  90% ] block  98 / 108, remaining: 0 s.
 Finished calculating Sigma at 11:47:34.
 Elapsed time: 3 s.
 
 Unsymmetrized values for ik =   2 spin = 1
 
     n      Emf       Eo      KIH        X     SX-X       CH      Cor      Sig
    19   -8.120   -8.120    7.571  -18.826   11.482  -11.134    0.348  -18.478
    20   -8.120   -8.120    7.571  -18.826   11.482  -11.134    0.348  -18.478
    21   -7.044   -7.044    6.874  -17.168   10.931  -10.319    0.612  -16.556
    22   -7.044   -7.044    6.874  -17.168   10.931  -10.319    0.612  -16.556
    23   -6.595   -6.595    8.628  -17.877   11.062  -11.024    0.037  -17.839
    24   -6.595   -6.595    8.628  -17.877   11.062  -11.024    0.037  -17.839
    25   -6.290   -6.290    9.196  -17.442   10.401  -10.982   -0.581  -18.023
    26   -6.290   -6.290    9.196  -17.442   10.401  -10.982   -0.581  -18.023
    27   -3.056   -3.056   14.457  -12.346    6.376  -12.019   -5.643  -17.990
    28   -3.056   -3.056   14.457  -12.346    6.376  -12.019   -5.643  -17.990
    29   -2.955   -2.955   13.912  -11.747    6.032  -11.663   -5.632  -17.379
    30   -2.955   -2.955   13.912  -11.747    6.032  -11.663   -5.632  -17.379

 Symmetrized values from band-averaging:

       k =  0.000000  0.333333  0.000000 ik =   2 spin = 1

     n      Emf       Eo      KIH        X      Cor     Eqp0     Eqp1      Znk
    19   -8.120   -8.120    7.571  -18.826    0.348  -10.906  -10.906    1.000
    20   -8.120   -8.120    7.571  -18.826    0.348  -10.906  -10.906    1.000
    21   -7.044   -7.044    6.874  -17.168    0.612   -9.683   -9.683    1.000
    22   -7.044   -7.044    6.874  -17.168    0.612   -9.683   -9.683    1.000
    23   -6.595   -6.595    8.628  -17.877    0.037   -9.212   -9.212    1.000
    24   -6.595   -6.595    8.628  -17.877    0.037   -9.212   -9.212    1.000
    25   -6.290   -6.290    9.196  -17.442   -0.581   -8.827   -8.827    1.000
    26   -6.290   -6.290    9.196  -17.442   -0.581   -8.827   -8.827    1.000
    27   -3.056   -3.056   14.457  -12.346   -5.643   -3.533   -3.533    1.000
    28   -3.056   -3.056   14.457  -12.346   -5.643   -3.533   -3.533    1.000
    29   -2.955   -2.955   13.912  -11.747   -5.632   -3.467   -3.467    1.000
    30   -2.955   -2.955   13.912  -11.747   -5.632   -3.467   -3.467    1.000
 
================================================================================
 11:47:34   Dealing with k =  0.000000  0.666667  0.000000                 3 / 4
================================================================================

 Reading kih.dat
 Number of q-points in the irreducible BZ(k) (nrq): 9

 Using GPU support via OpenACC/OMP-Target implementation
 Band block size in MTXEL:    20
 
 Started calculating Sigma with 108 block(s) at 11:47:35.
 [ 11:47:35 |   0% ] block   1 / 108.
 [ 11:47:35 |   2% ] block   3 / 108, remaining: 3 s.
 [ 11:47:35 |   9% ] block  11 / 108, remaining: 3 s.
 [ 11:47:35 |  19% ] block  22 / 108, remaining: 2 s.
 [ 11:47:35 |  30% ] block  33 / 108, remaining: 2 s.
 [ 11:47:36 |  40% ] block  44 / 108, remaining: 2 s.
 [ 11:47:36 |  50% ] block  55 / 108, remaining: 1 s.
 [ 11:47:36 |  59% ] block  65 / 108, remaining: 1 s.
 [ 11:47:36 |  69% ] block  76 / 108, remaining: 1 s.
 [ 11:47:37 |  80% ] block  87 / 108, remaining: 1 s.
 [ 11:47:37 |  90% ] block  98 / 108, remaining: 0 s.
 Finished calculating Sigma at 11:47:37.
 Elapsed time: 3 s.
 
 Unsymmetrized values for ik =   3 spin = 1
 
     n      Emf       Eo      KIH        X     SX-X       CH      Cor      Sig
    19   -8.120   -8.120    7.571  -18.826   11.482  -11.134    0.348  -18.478
    20   -8.120   -8.120    7.571  -18.826   11.482  -11.134    0.348  -18.478
    21   -7.044   -7.044    6.874  -17.168   10.931  -10.319    0.612  -16.556
    22   -7.044   -7.044    6.874  -17.168   10.931  -10.319    0.612  -16.556
    23   -6.595   -6.595    8.628  -17.877   11.062  -11.024    0.037  -17.839
    24   -6.595   -6.595    8.628  -17.877   11.062  -11.024    0.037  -17.839
    25   -6.290   -6.290    9.196  -17.442   10.401  -10.982   -0.581  -18.023
    26   -6.290   -6.290    9.196  -17.442   10.401  -10.982   -0.581  -18.023
    27   -3.056   -3.056   14.457  -12.346    6.376  -12.019   -5.643  -17.990
    28   -3.056   -3.056   14.457  -12.346    6.376  -12.019   -5.643  -17.990
    29   -2.955   -2.955   13.912  -11.747    6.032  -11.663   -5.632  -17.379
    30   -2.955   -2.955   13.912  -11.747    6.032  -11.663   -5.632  -17.379

 Symmetrized values from band-averaging:

       k =  0.000000  0.666667  0.000000 ik =   3 spin = 1

     n      Emf       Eo      KIH        X      Cor     Eqp0     Eqp1      Znk
    19   -8.120   -8.120    7.571  -18.826    0.348  -10.906  -10.906    1.000
    20   -8.120   -8.120    7.571  -18.826    0.348  -10.906  -10.906    1.000
    21   -7.044   -7.044    6.874  -17.168    0.612   -9.683   -9.683    1.000
    22   -7.044   -7.044    6.874  -17.168    0.612   -9.683   -9.683    1.000
    23   -6.595   -6.595    8.628  -17.877    0.037   -9.212   -9.212    1.000
    24   -6.595   -6.595    8.628  -17.877    0.037   -9.212   -9.212    1.000
    25   -6.290   -6.290    9.196  -17.442   -0.581   -8.827   -8.827    1.000
    26   -6.290   -6.290    9.196  -17.442   -0.581   -8.827   -8.827    1.000
    27   -3.056   -3.056   14.457  -12.346   -5.643   -3.533   -3.533    1.000
    28   -3.056   -3.056   14.457  -12.346   -5.643   -3.533   -3.533    1.000
    29   -2.955   -2.955   13.912  -11.747   -5.632   -3.467   -3.467    1.000
    30   -2.955   -2.955   13.912  -11.747   -5.632   -3.467   -3.467    1.000
 
================================================================================
 11:47:37   Dealing with k =  0.333333  0.333333  0.000000                 4 / 4
================================================================================

 Reading kih.dat
 Number of q-points in the irreducible BZ(k) (nrq): 9

 Using GPU support via OpenACC/OMP-Target implementation
 Band block size in MTXEL:    20
 
 Started calculating Sigma with 108 block(s) at 11:47:37.
 [ 11:47:37 |   0% ] block   1 / 108.
 [ 11:47:37 |   2% ] block   3 / 108, remaining: 3 s.
 [ 11:47:38 |   9% ] block  11 / 108, remaining: 3 s.
 [ 11:47:38 |  19% ] block  22 / 108, remaining: 2 s.
 [ 11:47:38 |  30% ] block  33 / 108, remaining: 2 s.
 [ 11:47:39 |  40% ] block  44 / 108, remaining: 2 s.
 [ 11:47:39 |  50% ] block  55 / 108, remaining: 1 s.
 [ 11:47:39 |  59% ] block  65 / 108, remaining: 1 s.
 [ 11:47:39 |  69% ] block  76 / 108, remaining: 1 s.
 [ 11:47:39 |  80% ] block  87 / 108, remaining: 1 s.
 [ 11:47:40 |  90% ] block  98 / 108, remaining: 0 s.
 Finished calculating Sigma at 11:47:40.
 Elapsed time: 3 s.
 
 Unsymmetrized values for ik =   5 spin = 1
 
     n      Emf       Eo      KIH        X     SX-X       CH      Cor      Sig
    19   -8.865   -8.865    5.571  -18.409   11.670  -10.548    1.122  -17.287
    20   -8.840   -8.840    5.689  -18.487   11.705  -10.590    1.115  -17.372
    21   -8.314   -8.314    4.990  -16.950   10.947  -10.018    0.929  -16.021
    22   -8.265   -8.265    5.018  -16.890   10.900  -10.004    0.895  -15.995
    23   -7.588   -7.588    7.373  -18.301   11.410  -10.806    0.604  -17.697
    24   -7.566   -7.566    7.363  -18.256   11.383  -10.792    0.591  -17.665
    25   -5.326   -5.326   11.341  -18.099   10.549  -11.594   -1.045  -19.143
    26   -5.194   -5.194   11.322  -17.849   10.382  -11.525   -1.143  -18.993
    27   -3.494   -3.494   14.443  -12.676    6.419  -12.206   -5.787  -18.462
    28   -3.490   -3.490   14.434  -12.646    6.397  -12.199   -5.802  -18.448
    29   -2.349   -2.349   13.406  -10.512    5.343  -11.006   -5.664  -16.175
    30   -2.319   -2.319   13.446  -10.515    5.343  -11.011   -5.668  -16.183

 Symmetrized values from band-averaging:

       k =  0.333333  0.333333  0.000000 ik =   5 spin = 1

     n      Emf       Eo      KIH        X      Cor     Eqp0     Eqp1      Znk
    19   -8.865   -8.865    5.571  -18.409    1.122  -11.717  -11.717    1.000
    20   -8.840   -8.840    5.689  -18.487    1.115  -11.684  -11.684    1.000
    21   -8.314   -8.314    4.990  -16.950    0.929  -11.030  -11.030    1.000
    22   -8.265   -8.265    5.018  -16.890    0.895  -10.977  -10.977    1.000
    23   -7.588   -7.588    7.373  -18.301    0.604  -10.324  -10.324    1.000
    24   -7.566   -7.566    7.363  -18.256    0.591  -10.303  -10.303    1.000
    25   -5.326   -5.326   11.341  -18.099   -1.045   -7.803   -7.803    1.000
    26   -5.194   -5.194   11.322  -17.849   -1.143   -7.671   -7.671    1.000
    27   -3.494   -3.494   14.443  -12.676   -5.787   -4.019   -4.019    1.000
    28   -3.490   -3.490   14.434  -12.646   -5.802   -4.013   -4.013    1.000
    29   -2.349   -2.349   13.406  -10.512   -5.664   -2.769   -2.769    1.000
    30   -2.319   -2.319   13.446  -10.515   -5.668   -2.738   -2.738    1.000

================================================================================

    n = band index.
  Emf = "inner" mean-field energy eigenvalue used to construct Sigma(E),
        read from WFN_inner.
   Eo = "outer" mean-field energy eigenvalue where we center the evaluation
        frequency grid {E} of Sigma(E). Defaults to Emf, unless
        you use WFN_outer and eqp_outer.dat / scissors_outer.
  Vxc = exchange-correlation pot., calculated from VXC or read from vxc.dat.
  KIH = Kinetic energy + Ionic potential + Hartree, read from kih.dat.
    X = bare exchange.
   SX = screened exchange contrib. to Sigma(E) at energy E=Eo
   CH = Coulomb hole contrib. to Sigma(E) at energy E=Eo
  Cor = SX-X + CH = correlation portion of Sigma(E) at energy E=Eo.
  Sig = X + Cor = self energy, Sigma(E), at energy E=Eo.
 Eqp0 = on-shell QP energy = Emf - Vxc + Sig(Eo)
        Eqp0 is *not* the recommended quantity to use for QP properties.
 Eqp1 = off-shell solution to the linearized  Dyson`s equation
      = Eqp0 + (dSig/dE) / (1 - dSig/dE) * (Eqp0 - Eo),
        or a full linear interpolation if more freq. points where computed.
        Eqp1 is the recommended quantity to use for QP properties.
  Znk = quasiparticle renormalization factor

 General notes:
 - All energies are reported here in eV.
 - Both Emf and Vxc contain the average pot. Vxc0, so Vxc0 doesn`t affect Sigma.
 - Eqp1 and Eqp0 are Eqs. (36-37) from Hybertsen & Louie PRB 34 5390.
 - We recommend you use Eqp1 for QP properties of materials.

================================================================================


********************************************************************************
*                                                                              *
* Your calculation employed methods and algorithms published in peer-reviewed  *
* papers. Please, cite the following references to give proper credit to their *
*          authors and help support future development of BerkeleyGW.          *
*                                                                              *
********************************************************************************

 J. Deslippe, G. Samsonidze, D. A. Strubbe, M. Jain, M. L. Cohen, and S. G.
 Louie, BerkeleyGW: A Massively Parallel Computer Package for the Calculation
 of the Quasiparticle and Optical Properties of Materials and Nanostructures,
 Computer Physics Communications 183, 1269 (2012).

 M. S. Hybertsen and S. G. Louie, Electron Correlation in Semiconductors and
 Insulators: Band Gaps and Quasiparticle Energies, Phys. Rev. B 34, 5390
 (1986).

 S. Ismail-Beigi, Truncation of Periodic Image Interactions for Confined
 Systems, Phys. Rev. B 73, 233103 (2006).

 B. A. Barker, and S. G. Louie, Electronic and Optical Properties of Solids
 with Strong Spin-Orbit Coupling, U. C. Berkeley PhD dissertation (2018).

 M. D. Ben, C. Yang, Z. Li, F. H. da Jornada, S. G. Louie, and J. Deslippe,
 Accelerating Large-Scale Excited-State GW Calculations on Leadership HPC
 Systems, SC20: International Conference for High Performance Computing,
 Networking, Storage and Analysis (2020).

********************************************************************************

 
 Timing information
 
                                CPU time (s)          WALL time (s)       Number
 Routine                       min        max        min        max     of calls
 -------------------------  ---------  ---------  ---------  ---------  --------
 - Epscopy Comm                  0.01       0.01       0.01       0.01         9
 - FFT Zero                      0.00       0.01       0.00       0.01       192
 - FFT Put                       0.00       0.00       0.00       0.00       192
 - FFT Plan                      0.47       0.48       0.45       0.48       288
 - FFT Exec                      0.06       0.06       0.06       0.08       288
 - FFT Mltply                    0.00       0.00       0.00       0.00        96
 - FFT Conjg                     0.00       0.00       0.00       0.00        96
 - FFT Get                       0.00       0.00       0.00       0.00        96
 - I/O TOTAL                     1.60       1.68       1.60       1.68         8
 - INPUT                         0.73       1.17       0.73       1.18         1
 - EPSCOPY                       1.45       1.45       1.45       1.45         1
 - FULLBZ                        0.00       0.00       0.00       0.00         2
 - VXC                           0.00       0.00       0.00       0.01         8
 - MTXEL_CH                      0.56       0.58       0.56       0.58        48
 - SUBGRP                        0.00       0.00       0.00       0.00         4
 - IRRBZ                         0.00       0.00       0.00       0.00         4
 - GMAP                          0.00       0.00       0.00       0.01        36
 - GENWF                         0.05       0.05       0.05       0.06        36
 - MTXEL                         1.89       2.05       1.90       2.05       432
 - MTXEL_COR TOT                 7.97       8.15       7.98       8.15       432
 - VCOUL                         0.57      29.20       0.57      29.20        36
 - EPSREAD                       0.06      28.71       0.06      28.72        36
 - INPUT_OUTER                   0.00       0.00       0.00       0.00         1
 - MTXEL COMM                    0.00       0.00       0.00       0.00        36
 - BARE X                        0.00       0.34       0.00       0.32       436
 - WF COMM                       0.01       0.01       0.01       0.01         4
 - INPUT (READ)                  0.00       0.00       0.00       0.00       738
 - INPUT (WRITE)                 0.00       0.00       0.00       0.01       724
 - SUB-TRANSF TOT                0.00       0.00       0.00       0.00       432
 - M.COR INIT                    0.00       0.00       0.00       0.00       432
 - M.COR EPSINIT                 2.51       2.55       2.50       2.55       432
 - M.COR COMM                    1.04       1.22       1.04       1.22      1728
 - M.COR SX+CH                   3.48       3.53       3.46       3.54     34560
 - READ NEPS                     0.00       0.44       0.00       0.44         1
 - EPSCOPY IO                    1.43       1.43       1.43       1.43         9
 - EQP LOOP TOTAL               40.13      40.14      40.13      40.14         4
 - TOTAL                        44.33      44.34      44.33      44.34         1
 
 Job Done
 
