[lxrun] JID 52893966 · 4 nodes · 3:45:19 left · 4/4 free · incoming: lx-D
  1  nid002264  free   —              —      —  ← starting lx-D  python3 -u /pscratch/sd/
  2  nid002497  free   —              —      —
  3  nid002728  free   —              —      —
  4  nid002889  free   —              —      —
2026-05-13 00:26:39.976861: E external/xla/xla/python/profiler/internal/python_hooks.cc:412] Can't import tensorflow.python.profiler.trace
2026-05-13 00:26:39.977205: E external/xla/xla/python/profiler/internal/python_hooks.cc:412] Can't import tensorflow.python.profiler.trace
2026-05-13 00:26:39.977388: E external/xla/xla/python/profiler/internal/python_hooks.cc:412] Can't import tensorflow.python.profiler.trace
2026-05-13 00:26:39.977713: E external/xla/xla/python/profiler/internal/python_hooks.cc:412] Can't import tensorflow.python.profiler.trace
[pf] ▶ run_module:gw.gw_jax
[pf] ▶ run_module:gw.gw_jax
[pf] ▶ run_module:gw.gw_jax
[pf] ▶ run_module:gw.gw_jax

========================================================================
  COHSEX-JAX: Self-Energy Calculation
========================================================================
  Backend: GPU       Devices: 4  Mesh: 2×2  Processes: 4
  Device type: NVIDIA A100-SXM4-40GB
  XLA preallocate: false  mem_fraction: unset
========================================================================

/pscratch/sd/j/jackm/lorrax_sandbox/sources/lorrax_D/src/common/symmetry_maps.py:331: UserWarning: SymMaps: 4/9 full-BZ k-points require time-reversal symmetry for unfolding. Non-symmorphic phases are NOT applied for these k-points. Use noinv=.true. in QE to avoid this.
  warnings.warn(
  ISDF basis: 640 centroids
  FFT grid: 24×24×80   Cell volume: 702.20 a.u.³

/pscratch/sd/j/jackm/lorrax_sandbox/sources/lorrax_D/src/common/symmetry_maps.py:331: UserWarning: SymMaps: 4/9 full-BZ k-points require time-reversal symmetry for unfolding. Non-symmorphic phases are NOT applied for these k-points. Use noinv=.true. in QE to avoid this.
  warnings.warn(
/pscratch/sd/j/jackm/lorrax_sandbox/sources/lorrax_D/src/common/symmetry_maps.py:331: UserWarning: SymMaps: 4/9 full-BZ k-points require time-reversal symmetry for unfolding. Non-symmorphic phases are NOT applied for these k-points. Use noinv=.true. in QE to avoid this.
  warnings.warn(
/pscratch/sd/j/jackm/lorrax_sandbox/sources/lorrax_D/src/common/symmetry_maps.py:331: UserWarning: SymMaps: 4/9 full-BZ k-points require time-reversal symmetry for unfolding. Non-symmorphic phases are NOT applied for these k-points. Use noinv=.true. in QE to avoid this.
  warnings.warn(
WARNING:2026-05-13 00:26:42,755:jax._src.compilation_cache:265: Writing jit__local_fft to persistent compilation cache with key 'jit__local_fft-c24f8694596ee16ac0779ed0d1a2c857ad18b0388b795243c03b2af9bfa5c141'
WARNING:jax._src.compilation_cache:Writing jit__local_fft to persistent compilation cache with key 'jit__local_fft-c24f8694596ee16ac0779ed0d1a2c857ad18b0388b795243c03b2af9bfa5c141'
WARNING:2026-05-13 00:26:43,478:jax._src.compilation_cache:265: Writing jit__per_rank to persistent compilation cache with key 'jit__per_rank-5e3b1f414831aee643e98bbda088dea7de7a9177b185deb9502502785f52ed34'
WARNING:jax._src.compilation_cache:Writing jit__per_rank to persistent compilation cache with key 'jit__per_rank-5e3b1f414831aee643e98bbda088dea7de7a9177b185deb9502502785f52ed34'
    Memory estimate: peak 27.15 GB (budget 28.00 GB), bottleneck=zct
    Per-stage: fft=13.37  zct=27.15  reshard=1.09  solve=0.85  gather=0.75 GB
    AOT fit_one_rchunk peak (driver-level): 1.62 GB

  G-flat memory model — chunk plan + HWM estimate
    band_chunk         = 16
    r_chunk            = 12128  (4 chunks)
    gflat_chunk_size   = None
    budget             = 28.00 GB/dev
    HWM estimate       = 22.65 GB/dev (81% of budget) [bottleneck: C_fit_one_rchunk]
    peak breakdown (GB/dev):
      C_fit_one_rchunk........   22.65
      D_accumulate............    4.59
      B_CCT_chol..............    0.50
      A_centroid..............    0.45

  Chunked ISDF fitting:
    Band chunks: 16
    R chunks:    12128 (contiguous r-space)
    Q chunks:    9
    Zeta output: /pscratch/sd/j/jackm/lorrax_sandbox/runs/MoS2/00_mos2_3x3_cohsex/D_gflat_bispinor_shardmapaccum_2026-05-13/tmp/zeta_q.h5
    cutoffs: zeta = 30.0 Ry, bare-Coulomb = 30.0 Ry  (ecutwfc=30.0, ecutrho=120.0)

  Zeta fitting: 4 r-chunks x 12128 r-points, 80 bands (80 left + 80 right)
  Output: /pscratch/sd/j/jackm/lorrax_sandbox/runs/MoS2/00_mos2_3x3_cohsex/D_gflat_bispinor_shardmapaccum_2026-05-13/tmp/zeta_q.h5
  Left wfns:  (9, 80, 4, 640)
  Right wfns: (9, 80, 4, 640)
  Computing pair densities P_l, P_r (open-spin, charge γ̃^0=I)
WARNING:2026-05-13 00:26:45,807:jax._src.compilation_cache:265: Writing jit__ifft_conj to persistent compilation cache with key 'jit__ifft_conj-2553adc246e641ed3b0c09d1fd443aff319e389ed5a5cdd29a48c615d35f0411'
WARNING:jax._src.compilation_cache:Writing jit__ifft_conj to persistent compilation cache with key 'jit__ifft_conj-2553adc246e641ed3b0c09d1fd443aff319e389ed5a5cdd29a48c615d35f0411'
/opt/jax/jax/_src/interpreters/mlir.py:1178: UserWarning: Some donated buffers were not usable: ShapedArray(complex128[9,4,4,320,320]), ShapedArray(complex128[9,4,4,320,320]).
See an explanation at https://jax.readthedocs.io/en/latest/faq.html#buffer-donation.
  warnings.warn("Some donated buffers were not usable:"
WARNING:2026-05-13 00:26:46,084:jax._src.compilation_cache:265: Writing jit__ifft_contract_fft to persistent compilation cache with key 'jit__ifft_contract_fft-48e965c3b4c8ede10b8a2b52f7d56594886f5a0d4e9112a19dc17345abe484e5'
WARNING:jax._src.compilation_cache:Writing jit__ifft_contract_fft to persistent compilation cache with key 'jit__ifft_contract_fft-48e965c3b4c8ede10b8a2b52f7d56594886f5a0d4e9112a19dc17345abe484e5'
  Computing L_q = chol(C_q)  [PSD, charge channel, path=cusolvermp_cholesky]

  Zeta fitting: 4 r-chunks x 12128 r-points, 80 bands (80 left + 80 right)
  Output: /pscratch/sd/j/jackm/lorrax_sandbox/runs/MoS2/00_mos2_3x3_cohsex/D_gflat_bispinor_shardmapaccum_2026-05-13/tmp/zeta_q.h5
  Left wfns:  (9, 80, 4, 640)
  Right wfns: (9, 80, 4, 640)

  Zeta fitting: 4 r-chunks x 12128 r-points, 80 bands (80 left + 80 right)
  Output: /pscratch/sd/j/jackm/lorrax_sandbox/runs/MoS2/00_mos2_3x3_cohsex/D_gflat_bispinor_shardmapaccum_2026-05-13/tmp/zeta_q.h5
  Left wfns:  (9, 80, 4, 640)
  Right wfns: (9, 80, 4, 640)

  Zeta fitting: 4 r-chunks x 12128 r-points, 80 bands (80 left + 80 right)
  Output: /pscratch/sd/j/jackm/lorrax_sandbox/runs/MoS2/00_mos2_3x3_cohsex/D_gflat_bispinor_shardmapaccum_2026-05-13/tmp/zeta_q.h5
  Left wfns:  (9, 80, 4, 640)
  Right wfns: (9, 80, 4, 640)
  Computing pair densities P_l, P_r (open-spin, charge γ̃^0=I)
  Computing pair densities P_l, P_r (open-spin, charge γ̃^0=I)
  Computing pair densities P_l, P_r (open-spin, charge γ̃^0=I)
/opt/jax/jax/_src/interpreters/mlir.py:1178: UserWarning: Some donated buffers were not usable: ShapedArray(complex128[9,4,4,320,320]), ShapedArray(complex128[9,4,4,320,320]).
See an explanation at https://jax.readthedocs.io/en/latest/faq.html#buffer-donation.
  warnings.warn("Some donated buffers were not usable:"
/opt/jax/jax/_src/interpreters/mlir.py:1178: UserWarning: Some donated buffers were not usable: ShapedArray(complex128[9,4,4,320,320]), ShapedArray(complex128[9,4,4,320,320]).
See an explanation at https://jax.readthedocs.io/en/latest/faq.html#buffer-donation.
  warnings.warn("Some donated buffers were not usable:"
/opt/jax/jax/_src/interpreters/mlir.py:1178: UserWarning: Some donated buffers were not usable: ShapedArray(complex128[9,4,4,320,320]), ShapedArray(complex128[9,4,4,320,320]).
See an explanation at https://jax.readthedocs.io/en/latest/faq.html#buffer-donation.
  warnings.warn("Some donated buffers were not usable:"
  Computing L_q = chol(C_q)  [PSD, charge channel, path=cusolvermp_cholesky]
  Computing L_q = chol(C_q)  [PSD, charge channel, path=cusolvermp_cholesky]
  Computing L_q = chol(C_q)  [PSD, charge channel, path=cusolvermp_cholesky]
[lorrax cusolverMp] library 0.7.2, NCCL 2.26.3, comm path: NCCL, grid: 2x2 (row-major)
WARNING:2026-05-13 00:26:48,361:jax._src.compilation_cache:265: Writing jit__potrf to persistent compilation cache with key 'jit__potrf-f6f8c5d9070808d9cea3370f978d51c4b05acdc0776a0d2d4ea8327ac7f6bae5'
WARNING:jax._src.compilation_cache:Writing jit__potrf to persistent compilation cache with key 'jit__potrf-f6f8c5d9070808d9cea3370f978d51c4b05acdc0776a0d2d4ea8327ac7f6bae5'
  L_q: (9, 640, 640)
  L_q: (9, 640, 640)
  L_q: (9, 640, 640)
  L_q: (9, 640, 640)
  q axis on disk: full BZ (9 q-points) (write_ibz_only=False or closure check failed)
  q axis on disk: full BZ (9 q-points) (write_ibz_only=False or closure check failed)
  q axis on disk: full BZ (9 q-points) (write_ibz_only=False or closure check failed)
  q axis on disk: full BZ (9 q-points) (write_ibz_only=False or closure check failed)
/pscratch/sd/j/jackm/lorrax_sandbox/sources/lorrax_D/src/file_io/_slab_io_ffi.py:456: UserWarning: FFI backend: chunks/attrs on create_dataset currently no-op; pre-create with h5py if you need explicit chunking or attrs.
  warnings.warn(
/pscratch/sd/j/jackm/lorrax_sandbox/sources/lorrax_D/src/file_io/_slab_io_ffi.py:456: UserWarning: FFI backend: chunks/attrs on create_dataset currently no-op; pre-create with h5py if you need explicit chunking or attrs.
  warnings.warn(
/pscratch/sd/j/jackm/lorrax_sandbox/sources/lorrax_D/src/file_io/_slab_io_ffi.py:456: UserWarning: FFI backend: chunks/attrs on create_dataset currently no-op; pre-create with h5py if you need explicit chunking or attrs.
  warnings.warn(
/pscratch/sd/j/jackm/lorrax_sandbox/sources/lorrax_D/src/file_io/_slab_io_ffi.py:456: UserWarning: FFI backend: chunks/attrs on create_dataset currently no-op; pre-create with h5py if you need explicit chunking or attrs.
  warnings.warn(
  ψ(G-flat) host cache: 0.02 GB/process resident
Started zeta fitting at 00:26:53.
[ 00:26:53 | ██░░░░░░░░ |  25% ] r-chunk 1 / 4 · ETA 0 s
WARNING:2026-05-13 00:26:53,281:jax._src.compilation_cache:265: Writing jit__per_rank to persistent compilation cache with key 'jit__per_rank-5ebbe9aaf8a07387e72d77443a7e25900ae11c75fadc2934005ce7923a248c84'
WARNING:jax._src.compilation_cache:Writing jit__per_rank to persistent compilation cache with key 'jit__per_rank-5ebbe9aaf8a07387e72d77443a7e25900ae11c75fadc2934005ce7923a248c84'
[ 00:26:54 | █████░░░░░ |  50% ] r-chunk 2 / 4 · ETA 1 s
[ 00:26:55 | ████████░░ |  75% ] r-chunk 3 / 4 · ETA 1 s
[ 00:26:57 | ██████████ | 100% ] r-chunk 4 / 4 · ETA 0 s
Finished zeta fitting at 00:26:57.  Elapsed: 4 s.
  [SlabIO.close] draining 3 pending writes for zeta_q.h5 …
WARNING:2026-05-13 00:27:09,400:jax._src.compilation_cache:265: Writing jit__per_rank to persistent compilation cache with key 'jit__per_rank-6e682134f0c7b95c0419613c24b73f84410dd5e6ad995827c13941e539fa445b'
WARNING:jax._src.compilation_cache:Writing jit__per_rank to persistent compilation cache with key 'jit__per_rank-6e682134f0c7b95c0419613c24b73f84410dd5e6ad995827c13941e539fa445b'
  [SlabIO.close] Python dispatch drained in 16.2 s; joining writer thread
  [SlabIO.close] writer thread joined in 0.0 s; calling H5Fclose collectively
  [SlabIO.close] H5Fclose returned in 0.1 s
  Zeta output: /pscratch/sd/j/jackm/lorrax_sandbox/runs/MoS2/00_mos2_3x3_cohsex/D_gflat_bispinor_shardmapaccum_2026-05-13/tmp/zeta_q.h5  shape: (n_q_disk=9 of 3·3·1=9 full-BZ, n_rtot=46080, n_rmu=640)
  Timing (4 r-chunks, 7.1s total):
    fit      6.72s  95.1%
    H5       0.34s   4.8%
  Zeta output: /pscratch/sd/j/jackm/lorrax_sandbox/runs/MoS2/00_mos2_3x3_cohsex/D_gflat_bispinor_shardmapaccum_2026-05-13/tmp/zeta_q.h5  shape: (n_q_disk=9 of 3·3·1=9 full-BZ, n_rtot=46080, n_rmu=640)
  Timing (4 r-chunks, 7.1s total):
    fit      6.74s  95.4%
    H5       0.32s   4.5%
  Zeta output: /pscratch/sd/j/jackm/lorrax_sandbox/runs/MoS2/00_mos2_3x3_cohsex/D_gflat_bispinor_shardmapaccum_2026-05-13/tmp/zeta_q.h5  shape: (n_q_disk=9 of 3·3·1=9 full-BZ, n_rtot=46080, n_rmu=640)
  Timing (4 r-chunks, 7.1s total):
    fit      6.83s  96.7%
    H5       0.23s   3.3%
  Zeta output: /pscratch/sd/j/jackm/lorrax_sandbox/runs/MoS2/00_mos2_3x3_cohsex/D_gflat_bispinor_shardmapaccum_2026-05-13/tmp/zeta_q.h5  shape: (n_q_disk=9 of 3·3·1=9 full-BZ, n_rtot=46080, n_rmu=640)
  Timing (4 r-chunks, 7.1s total):
    fit      6.80s  96.3%
    H5       0.26s   3.7%
  [diag] ζ^{μ_L=0} (zeta_q) q=0: max|ζ|=3.926e+00, L2=3.847e+02
    GPU high-water mark: 4.17 GB / 28.00 GB budget (15%)
    γ (runtime / AOT-pred) = 2.578  (AOT predicted 1.62 GB)

  [bispinor] fitting ζ^{μ_L=1,2,3} on current-density centroids: centroids_frac_656_current.txt

  Zeta fitting: 4 r-chunks x 12128 r-points, 80 bands (80 left + 80 right)
  Output: /pscratch/sd/j/jackm/lorrax_sandbox/runs/MoS2/00_mos2_3x3_cohsex/D_gflat_bispinor_shardmapaccum_2026-05-13/tmp/zeta_q_mu1.h5
  Left wfns:  (9, 80, 4, 656)
  Right wfns: (9, 80, 4, 656)
  [bispinor] μ_L=1 → /pscratch/sd/j/jackm/lorrax_sandbox/runs/MoS2/00_mos2_3x3_cohsex/D_gflat_bispinor_shardmapaccum_2026-05-13/tmp/zeta_q_mu1.h5

  Zeta fitting: 4 r-chunks x 12128 r-points, 80 bands (80 left + 80 right)
  Output: /pscratch/sd/j/jackm/lorrax_sandbox/runs/MoS2/00_mos2_3x3_cohsex/D_gflat_bispinor_shardmapaccum_2026-05-13/tmp/zeta_q_mu1.h5
  Left wfns:  (9, 80, 4, 656)
  Right wfns: (9, 80, 4, 656)

  Zeta fitting: 4 r-chunks x 12128 r-points, 80 bands (80 left + 80 right)
  Output: /pscratch/sd/j/jackm/lorrax_sandbox/runs/MoS2/00_mos2_3x3_cohsex/D_gflat_bispinor_shardmapaccum_2026-05-13/tmp/zeta_q_mu1.h5

  Zeta fitting: 4 r-chunks x 12128 r-points, 80 bands (80 left + 80 right)
  Output: /pscratch/sd/j/jackm/lorrax_sandbox/runs/MoS2/00_mos2_3x3_cohsex/D_gflat_bispinor_shardmapaccum_2026-05-13/tmp/zeta_q_mu1.h5
  Left wfns:  (9, 80, 4, 656)
  Right wfns: (9, 80, 4, 656)
  Left wfns:  (9, 80, 4, 656)
  Right wfns: (9, 80, 4, 656)
  Computing pair densities P_l, P_r (open-spin, transverse γ̃^1)
WARNING:2026-05-13 00:27:16,140:jax._src.compilation_cache:265: Writing jit__ifft_conj to persistent compilation cache with key 'jit__ifft_conj-ba1f808f6cc1303a17b82b6872611bc49b11885d583fd86c407ae61edd51220d'
WARNING:jax._src.compilation_cache:Writing jit__ifft_conj to persistent compilation cache with key 'jit__ifft_conj-ba1f808f6cc1303a17b82b6872611bc49b11885d583fd86c407ae61edd51220d'
/opt/jax/jax/_src/interpreters/mlir.py:1178: UserWarning: Some donated buffers were not usable: ShapedArray(complex128[9,4,4,328,328]), ShapedArray(complex128[9,4,4,328,328]).
See an explanation at https://jax.readthedocs.io/en/latest/faq.html#buffer-donation.
  warnings.warn("Some donated buffers were not usable:"
  Computing pair densities P_l, P_r (open-spin, transverse γ̃^1)
  Computing pair densities P_l, P_r (open-spin, transverse γ̃^1)
  Computing pair densities P_l, P_r (open-spin, transverse γ̃^1)
WARNING:2026-05-13 00:27:16,450:jax._src.compilation_cache:265: Writing jit__ifft_contract_fft to persistent compilation cache with key 'jit__ifft_contract_fft-85266f3b2fd088c6c660af1278702a70067bb70156051899d709edadad9b5501'
WARNING:jax._src.compilation_cache:Writing jit__ifft_contract_fft to persistent compilation cache with key 'jit__ifft_contract_fft-85266f3b2fd088c6c660af1278702a70067bb70156051899d709edadad9b5501'
  Pass through C_q  [γ̃^1 indefinite — path=cusolvermp_lu]
  L_q: (9, 656, 656)
/opt/jax/jax/_src/interpreters/mlir.py:1178: UserWarning: Some donated buffers were not usable: ShapedArray(complex128[9,4,4,328,328]), ShapedArray(complex128[9,4,4,328,328]).
See an explanation at https://jax.readthedocs.io/en/latest/faq.html#buffer-donation.
  warnings.warn("Some donated buffers were not usable:"
/opt/jax/jax/_src/interpreters/mlir.py:1178: UserWarning: Some donated buffers were not usable: ShapedArray(complex128[9,4,4,328,328]), ShapedArray(complex128[9,4,4,328,328]).
See an explanation at https://jax.readthedocs.io/en/latest/faq.html#buffer-donation.
  warnings.warn("Some donated buffers were not usable:"
/opt/jax/jax/_src/interpreters/mlir.py:1178: UserWarning: Some donated buffers were not usable: ShapedArray(complex128[9,4,4,328,328]), ShapedArray(complex128[9,4,4,328,328]).
See an explanation at https://jax.readthedocs.io/en/latest/faq.html#buffer-donation.
  warnings.warn("Some donated buffers were not usable:"
  Pass through C_q  [γ̃^1 indefinite — path=cusolvermp_lu]
  L_q: (9, 656, 656)
  Pass through C_q  [γ̃^1 indefinite — path=cusolvermp_lu]
  L_q: (9, 656, 656)
  Pass through C_q  [γ̃^1 indefinite — path=cusolvermp_lu]
  L_q: (9, 656, 656)
  q axis on disk: full BZ (9 q-points) (write_ibz_only=False or closure check failed)
  q axis on disk: full BZ (9 q-points) (write_ibz_only=False or closure check failed)
  q axis on disk: full BZ (9 q-points) (write_ibz_only=False or closure check failed)
  q axis on disk: full BZ (9 q-points) (write_ibz_only=False or closure check failed)
/pscratch/sd/j/jackm/lorrax_sandbox/sources/lorrax_D/src/file_io/_slab_io_ffi.py:456: UserWarning: FFI backend: chunks/attrs on create_dataset currently no-op; pre-create with h5py if you need explicit chunking or attrs.
  warnings.warn(
/pscratch/sd/j/jackm/lorrax_sandbox/sources/lorrax_D/src/file_io/_slab_io_ffi.py:456: UserWarning: FFI backend: chunks/attrs on create_dataset currently no-op; pre-create with h5py if you need explicit chunking or attrs.
  warnings.warn(
/pscratch/sd/j/jackm/lorrax_sandbox/sources/lorrax_D/src/file_io/_slab_io_ffi.py:456: UserWarning: FFI backend: chunks/attrs on create_dataset currently no-op; pre-create with h5py if you need explicit chunking or attrs.
  warnings.warn(
/pscratch/sd/j/jackm/lorrax_sandbox/sources/lorrax_D/src/file_io/_slab_io_ffi.py:456: UserWarning: FFI backend: chunks/attrs on create_dataset currently no-op; pre-create with h5py if you need explicit chunking or attrs.
  warnings.warn(
  ψ(G-flat) host cache: 0.02 GB/process resident
Started zeta fitting at 00:27:21.
[ 00:27:21 | ██░░░░░░░░ |  25% ] r-chunk 1 / 4 · ETA 0 s
WARNING:2026-05-13 00:27:21,259:jax._src.compilation_cache:265: Writing jit__per_rank to persistent compilation cache with key 'jit__per_rank-1e78498878e67d3bab547b031204c9c84efea1db68cf32e6b1ac3a47208f3663'
WARNING:jax._src.compilation_cache:Writing jit__per_rank to persistent compilation cache with key 'jit__per_rank-1e78498878e67d3bab547b031204c9c84efea1db68cf32e6b1ac3a47208f3663'
[ 00:27:22 | █████░░░░░ |  50% ] r-chunk 2 / 4 · ETA 1 s
[ 00:27:23 | ████████░░ |  75% ] r-chunk 3 / 4 · ETA 1 s
[ 00:27:26 | ██████████ | 100% ] r-chunk 4 / 4 · ETA 0 s
Finished zeta fitting at 00:27:26.  Elapsed: 5 s.
  [SlabIO.close] draining 3 pending writes for zeta_q_mu1.h5 …
WARNING:2026-05-13 00:27:32,825:jax._src.compilation_cache:265: Writing jit__per_rank to persistent compilation cache with key 'jit__per_rank-d5028d6dbfef4b95fd23769f936374cbe612509a19e95c9990f75c9acccebeb6'
WARNING:jax._src.compilation_cache:Writing jit__per_rank to persistent compilation cache with key 'jit__per_rank-d5028d6dbfef4b95fd23769f936374cbe612509a19e95c9990f75c9acccebeb6'
  [SlabIO.close] Python dispatch drained in 9.7 s; joining writer thread
  [SlabIO.close] writer thread joined in 0.0 s; calling H5Fclose collectively
  [SlabIO.close] H5Fclose returned in 0.1 s
  Zeta output: /pscratch/sd/j/jackm/lorrax_sandbox/runs/MoS2/00_mos2_3x3_cohsex/D_gflat_bispinor_shardmapaccum_2026-05-13/tmp/zeta_q_mu1.h5  shape: (n_q_disk=9 of 3·3·1=9 full-BZ, n_rtot=46080, n_rmu=656)
  Timing (4 r-chunks, 7.9s total):
    fit      7.61s  96.5%
    H5       0.27s   3.5%
  Zeta output: /pscratch/sd/j/jackm/lorrax_sandbox/runs/MoS2/00_mos2_3x3_cohsex/D_gflat_bispinor_shardmapaccum_2026-05-13/tmp/zeta_q_mu1.h5  shape: (n_q_disk=9 of 3·3·1=9 full-BZ, n_rtot=46080, n_rmu=656)
  Zeta output: /pscratch/sd/j/jackm/lorrax_sandbox/runs/MoS2/00_mos2_3x3_cohsex/D_gflat_bispinor_shardmapaccum_2026-05-13/tmp/zeta_q_mu1.h5  shape: (n_q_disk=9 of 3·3·1=9 full-BZ, n_rtot=46080, n_rmu=656)
  Timing (4 r-chunks, 8.0s total):
    fit      7.53s  93.9%
    H5       0.49s   6.1%
  Timing (4 r-chunks, 8.1s total):
    fit      7.53s  93.5%
    H5       0.53s   6.5%
  Zeta output: /pscratch/sd/j/jackm/lorrax_sandbox/runs/MoS2/00_mos2_3x3_cohsex/D_gflat_bispinor_shardmapaccum_2026-05-13/tmp/zeta_q_mu1.h5  shape: (n_q_disk=9 of 3·3·1=9 full-BZ, n_rtot=46080, n_rmu=656)
  Timing (4 r-chunks, 8.0s total):
    fit      7.64s  95.9%
    H5       0.32s   4.1%
  [diag] ζ^{μ_L=1} q=0: max|ζ|=7.461e+00, L2=1.327e+03

  Zeta fitting: 4 r-chunks x 12128 r-points, 80 bands (80 left + 80 right)
  Output: /pscratch/sd/j/jackm/lorrax_sandbox/runs/MoS2/00_mos2_3x3_cohsex/D_gflat_bispinor_shardmapaccum_2026-05-13/tmp/zeta_q_mu2.h5
  Left wfns:  (9, 80, 4, 656)
  Right wfns: (9, 80, 4, 656)
  [bispinor] μ_L=2 → /pscratch/sd/j/jackm/lorrax_sandbox/runs/MoS2/00_mos2_3x3_cohsex/D_gflat_bispinor_shardmapaccum_2026-05-13/tmp/zeta_q_mu2.h5

  Zeta fitting: 4 r-chunks x 12128 r-points, 80 bands (80 left + 80 right)
  Output: /pscratch/sd/j/jackm/lorrax_sandbox/runs/MoS2/00_mos2_3x3_cohsex/D_gflat_bispinor_shardmapaccum_2026-05-13/tmp/zeta_q_mu2.h5
  Left wfns:  (9, 80, 4, 656)
  Right wfns: (9, 80, 4, 656)

  Zeta fitting: 4 r-chunks x 12128 r-points, 80 bands (80 left + 80 right)
  Output: /pscratch/sd/j/jackm/lorrax_sandbox/runs/MoS2/00_mos2_3x3_cohsex/D_gflat_bispinor_shardmapaccum_2026-05-13/tmp/zeta_q_mu2.h5
  Left wfns:  (9, 80, 4, 656)
  Right wfns: (9, 80, 4, 656)

  Zeta fitting: 4 r-chunks x 12128 r-points, 80 bands (80 left + 80 right)
  Output: /pscratch/sd/j/jackm/lorrax_sandbox/runs/MoS2/00_mos2_3x3_cohsex/D_gflat_bispinor_shardmapaccum_2026-05-13/tmp/zeta_q_mu2.h5
  Left wfns:  (9, 80, 4, 656)
  Right wfns: (9, 80, 4, 656)
  Computing pair densities P_l, P_r (open-spin, transverse γ̃^2)
/opt/jax/jax/_src/interpreters/mlir.py:1178: UserWarning: Some donated buffers were not usable: ShapedArray(complex128[9,4,4,328,328]), ShapedArray(complex128[9,4,4,328,328]).
See an explanation at https://jax.readthedocs.io/en/latest/faq.html#buffer-donation.
  warnings.warn("Some donated buffers were not usable:"
  Pass through C_q  [γ̃^2 indefinite — path=cusolvermp_lu]
  L_q: (9, 656, 656)
  Computing pair densities P_l, P_r (open-spin, transverse γ̃^2)
  Computing pair densities P_l, P_r (open-spin, transverse γ̃^2)
  Computing pair densities P_l, P_r (open-spin, transverse γ̃^2)
/opt/jax/jax/_src/interpreters/mlir.py:1178: UserWarning: Some donated buffers were not usable: ShapedArray(complex128[9,4,4,328,328]), ShapedArray(complex128[9,4,4,328,328]).
See an explanation at https://jax.readthedocs.io/en/latest/faq.html#buffer-donation.
  warnings.warn("Some donated buffers were not usable:"
/opt/jax/jax/_src/interpreters/mlir.py:1178: UserWarning: Some donated buffers were not usable: ShapedArray(complex128[9,4,4,328,328]), ShapedArray(complex128[9,4,4,328,328]).
See an explanation at https://jax.readthedocs.io/en/latest/faq.html#buffer-donation.
  warnings.warn("Some donated buffers were not usable:"
/opt/jax/jax/_src/interpreters/mlir.py:1178: UserWarning: Some donated buffers were not usable: ShapedArray(complex128[9,4,4,328,328]), ShapedArray(complex128[9,4,4,328,328]).
See an explanation at https://jax.readthedocs.io/en/latest/faq.html#buffer-donation.
  warnings.warn("Some donated buffers were not usable:"
  Pass through C_q  [γ̃^2 indefinite — path=cusolvermp_lu]
  L_q: (9, 656, 656)
  Pass through C_q  [γ̃^2 indefinite — path=cusolvermp_lu]
  L_q: (9, 656, 656)
  Pass through C_q  [γ̃^2 indefinite — path=cusolvermp_lu]
  L_q: (9, 656, 656)
  q axis on disk: full BZ (9 q-points) (write_ibz_only=False or closure check failed)
  q axis on disk: full BZ (9 q-points) (write_ibz_only=False or closure check failed)
  q axis on disk: full BZ (9 q-points) (write_ibz_only=False or closure check failed)
  q axis on disk: full BZ (9 q-points) (write_ibz_only=False or closure check failed)
/pscratch/sd/j/jackm/lorrax_sandbox/sources/lorrax_D/src/file_io/_slab_io_ffi.py:456: UserWarning: FFI backend: chunks/attrs on create_dataset currently no-op; pre-create with h5py if you need explicit chunking or attrs.
  warnings.warn(
/pscratch/sd/j/jackm/lorrax_sandbox/sources/lorrax_D/src/file_io/_slab_io_ffi.py:456: UserWarning: FFI backend: chunks/attrs on create_dataset currently no-op; pre-create with h5py if you need explicit chunking or attrs.
  warnings.warn(
/pscratch/sd/j/jackm/lorrax_sandbox/sources/lorrax_D/src/file_io/_slab_io_ffi.py:456: UserWarning: FFI backend: chunks/attrs on create_dataset currently no-op; pre-create with h5py if you need explicit chunking or attrs.
  warnings.warn(
/pscratch/sd/j/jackm/lorrax_sandbox/sources/lorrax_D/src/file_io/_slab_io_ffi.py:456: UserWarning: FFI backend: chunks/attrs on create_dataset currently no-op; pre-create with h5py if you need explicit chunking or attrs.
  warnings.warn(
  ψ(G-flat) host cache: 0.02 GB/process resident
Started zeta fitting at 00:27:41.
[ 00:27:41 | ██░░░░░░░░ |  25% ] r-chunk 1 / 4 · ETA 0 s
WARNING:2026-05-13 00:27:41,566:jax._src.compilation_cache:265: Writing jit__per_rank to persistent compilation cache with key 'jit__per_rank-bfe95889d8b119cc243dce401eda996112e1992da0c49d6150c8e309ee43e386'
WARNING:jax._src.compilation_cache:Writing jit__per_rank to persistent compilation cache with key 'jit__per_rank-bfe95889d8b119cc243dce401eda996112e1992da0c49d6150c8e309ee43e386'
[ 00:27:42 | █████░░░░░ |  50% ] r-chunk 2 / 4 · ETA 1 s
[ 00:27:44 | ████████░░ |  75% ] r-chunk 3 / 4 · ETA 1 s
[ 00:27:46 | ██████████ | 100% ] r-chunk 4 / 4 · ETA 0 s
Finished zeta fitting at 00:27:46.  Elapsed: 5 s.
  [SlabIO.close] draining 3 pending writes for zeta_q_mu2.h5 …
WARNING:2026-05-13 00:27:54,169:jax._src.compilation_cache:265: Writing jit__per_rank to persistent compilation cache with key 'jit__per_rank-6a1e4e365b9dc7cfbec40cf13697471b56f4b579f0685c7284f8b78b257ca6f0'
WARNING:jax._src.compilation_cache:Writing jit__per_rank to persistent compilation cache with key 'jit__per_rank-6a1e4e365b9dc7cfbec40cf13697471b56f4b579f0685c7284f8b78b257ca6f0'
  [SlabIO.close] Python dispatch drained in 10.7 s; joining writer thread
  [SlabIO.close] writer thread joined in 0.0 s; calling H5Fclose collectively
  [SlabIO.close] H5Fclose returned in 0.1 s
  Zeta output: /pscratch/sd/j/jackm/lorrax_sandbox/runs/MoS2/00_mos2_3x3_cohsex/D_gflat_bispinor_shardmapaccum_2026-05-13/tmp/zeta_q_mu2.h5  shape: (n_q_disk=9 of 3·3·1=9 full-BZ, n_rtot=46080, n_rmu=656)
  Timing (4 r-chunks, 7.7s total):
  Zeta output: /pscratch/sd/j/jackm/lorrax_sandbox/runs/MoS2/00_mos2_3x3_cohsex/D_gflat_bispinor_shardmapaccum_2026-05-13/tmp/zeta_q_mu2.h5  shape: (n_q_disk=9 of 3·3·1=9 full-BZ, n_rtot=46080, n_rmu=656)
  Timing (4 r-chunks, 7.7s total):
    fit      7.31s  95.2%
    H5       0.37s   4.8%
    fit      7.42s  96.5%
    H5       0.27s   3.5%
  Zeta output: /pscratch/sd/j/jackm/lorrax_sandbox/runs/MoS2/00_mos2_3x3_cohsex/D_gflat_bispinor_shardmapaccum_2026-05-13/tmp/zeta_q_mu2.h5  shape: (n_q_disk=9 of 3·3·1=9 full-BZ, n_rtot=46080, n_rmu=656)
  Timing (4 r-chunks, 7.7s total):
    fit      7.31s  95.1%
    H5       0.37s   4.9%
  Zeta output: /pscratch/sd/j/jackm/lorrax_sandbox/runs/MoS2/00_mos2_3x3_cohsex/D_gflat_bispinor_shardmapaccum_2026-05-13/tmp/zeta_q_mu2.h5  shape: (n_q_disk=9 of 3·3·1=9 full-BZ, n_rtot=46080, n_rmu=656)
  Timing (4 r-chunks, 7.7s total):
    fit      7.41s  96.4%
    H5       0.27s   3.6%
  [diag] ζ^{μ_L=2} q=0: max|ζ|=1.048e+01, L2=1.306e+03

  Zeta fitting: 4 r-chunks x 12128 r-points, 80 bands (80 left + 80 right)
  Output: /pscratch/sd/j/jackm/lorrax_sandbox/runs/MoS2/00_mos2_3x3_cohsex/D_gflat_bispinor_shardmapaccum_2026-05-13/tmp/zeta_q_mu3.h5
  Left wfns:  (9, 80, 4, 656)
  Right wfns: (9, 80, 4, 656)
  [bispinor] μ_L=3 → /pscratch/sd/j/jackm/lorrax_sandbox/runs/MoS2/00_mos2_3x3_cohsex/D_gflat_bispinor_shardmapaccum_2026-05-13/tmp/zeta_q_mu3.h5

  Zeta fitting: 4 r-chunks x 12128 r-points, 80 bands (80 left + 80 right)
  Output: /pscratch/sd/j/jackm/lorrax_sandbox/runs/MoS2/00_mos2_3x3_cohsex/D_gflat_bispinor_shardmapaccum_2026-05-13/tmp/zeta_q_mu3.h5
  Left wfns:  (9, 80, 4, 656)
  Right wfns: (9, 80, 4, 656)

  Zeta fitting: 4 r-chunks x 12128 r-points, 80 bands (80 left + 80 right)
  Output: /pscratch/sd/j/jackm/lorrax_sandbox/runs/MoS2/00_mos2_3x3_cohsex/D_gflat_bispinor_shardmapaccum_2026-05-13/tmp/zeta_q_mu3.h5
  Left wfns:  (9, 80, 4, 656)
  Right wfns: (9, 80, 4, 656)

  Zeta fitting: 4 r-chunks x 12128 r-points, 80 bands (80 left + 80 right)
  Output: /pscratch/sd/j/jackm/lorrax_sandbox/runs/MoS2/00_mos2_3x3_cohsex/D_gflat_bispinor_shardmapaccum_2026-05-13/tmp/zeta_q_mu3.h5
  Left wfns:  (9, 80, 4, 656)
  Right wfns: (9, 80, 4, 656)
  Computing pair densities P_l, P_r (open-spin, transverse γ̃^3)
/opt/jax/jax/_src/interpreters/mlir.py:1178: UserWarning: Some donated buffers were not usable: ShapedArray(complex128[9,4,4,328,328]), ShapedArray(complex128[9,4,4,328,328]).
See an explanation at https://jax.readthedocs.io/en/latest/faq.html#buffer-donation.
  warnings.warn("Some donated buffers were not usable:"
  Pass through C_q  [γ̃^3 indefinite — path=cusolvermp_lu]
  L_q: (9, 656, 656)
  Computing pair densities P_l, P_r (open-spin, transverse γ̃^3)
  Computing pair densities P_l, P_r (open-spin, transverse γ̃^3)
  Computing pair densities P_l, P_r (open-spin, transverse γ̃^3)
/opt/jax/jax/_src/interpreters/mlir.py:1178: UserWarning: Some donated buffers were not usable: ShapedArray(complex128[9,4,4,328,328]), ShapedArray(complex128[9,4,4,328,328]).
See an explanation at https://jax.readthedocs.io/en/latest/faq.html#buffer-donation.
  warnings.warn("Some donated buffers were not usable:"
/opt/jax/jax/_src/interpreters/mlir.py:1178: UserWarning: Some donated buffers were not usable: ShapedArray(complex128[9,4,4,328,328]), ShapedArray(complex128[9,4,4,328,328]).
See an explanation at https://jax.readthedocs.io/en/latest/faq.html#buffer-donation.
  warnings.warn("Some donated buffers were not usable:"
/opt/jax/jax/_src/interpreters/mlir.py:1178: UserWarning: Some donated buffers were not usable: ShapedArray(complex128[9,4,4,328,328]), ShapedArray(complex128[9,4,4,328,328]).
See an explanation at https://jax.readthedocs.io/en/latest/faq.html#buffer-donation.
  warnings.warn("Some donated buffers were not usable:"
  Pass through C_q  [γ̃^3 indefinite — path=cusolvermp_lu]
  L_q: (9, 656, 656)
  Pass through C_q  [γ̃^3 indefinite — path=cusolvermp_lu]
  L_q: (9, 656, 656)
  Pass through C_q  [γ̃^3 indefinite — path=cusolvermp_lu]
  L_q: (9, 656, 656)
  q axis on disk: full BZ (9 q-points) (write_ibz_only=False or closure check failed)
  q axis on disk: full BZ (9 q-points) (write_ibz_only=False or closure check failed)
  q axis on disk: full BZ (9 q-points) (write_ibz_only=False or closure check failed)
  q axis on disk: full BZ (9 q-points) (write_ibz_only=False or closure check failed)
/pscratch/sd/j/jackm/lorrax_sandbox/sources/lorrax_D/src/file_io/_slab_io_ffi.py:456: UserWarning: FFI backend: chunks/attrs on create_dataset currently no-op; pre-create with h5py if you need explicit chunking or attrs.
  warnings.warn(
/pscratch/sd/j/jackm/lorrax_sandbox/sources/lorrax_D/src/file_io/_slab_io_ffi.py:456: UserWarning: FFI backend: chunks/attrs on create_dataset currently no-op; pre-create with h5py if you need explicit chunking or attrs.
  warnings.warn(
/pscratch/sd/j/jackm/lorrax_sandbox/sources/lorrax_D/src/file_io/_slab_io_ffi.py:456: UserWarning: FFI backend: chunks/attrs on create_dataset currently no-op; pre-create with h5py if you need explicit chunking or attrs.
  warnings.warn(
/pscratch/sd/j/jackm/lorrax_sandbox/sources/lorrax_D/src/file_io/_slab_io_ffi.py:456: UserWarning: FFI backend: chunks/attrs on create_dataset currently no-op; pre-create with h5py if you need explicit chunking or attrs.
  warnings.warn(
  ψ(G-flat) host cache: 0.02 GB/process resident
Started zeta fitting at 00:28:02.
[ 00:28:02 | ██░░░░░░░░ |  25% ] r-chunk 1 / 4 · ETA 0 s
WARNING:2026-05-13 00:28:02,792:jax._src.compilation_cache:265: Writing jit__per_rank to persistent compilation cache with key 'jit__per_rank-d518bf71569bf29529ffc74cb0fae2555b3e2526e5846fb473ce9938c05ab552'
WARNING:jax._src.compilation_cache:Writing jit__per_rank to persistent compilation cache with key 'jit__per_rank-d518bf71569bf29529ffc74cb0fae2555b3e2526e5846fb473ce9938c05ab552'
[ 00:28:03 | █████░░░░░ |  50% ] r-chunk 2 / 4 · ETA 1 s
[ 00:28:05 | ████████░░ |  75% ] r-chunk 3 / 4 · ETA 1 s
[ 00:28:07 | ██████████ | 100% ] r-chunk 4 / 4 · ETA 0 s
Finished zeta fitting at 00:28:07.  Elapsed: 5 s.
  [SlabIO.close] draining 3 pending writes for zeta_q_mu3.h5 …
WARNING:2026-05-13 00:28:15,321:jax._src.compilation_cache:265: Writing jit__per_rank to persistent compilation cache with key 'jit__per_rank-a8b3c73aeb997e3d98a57f08fc17f584dba2fac2d3dd5569e774ee64e82164e8'
WARNING:jax._src.compilation_cache:Writing jit__per_rank to persistent compilation cache with key 'jit__per_rank-a8b3c73aeb997e3d98a57f08fc17f584dba2fac2d3dd5569e774ee64e82164e8'
  [SlabIO.close] Python dispatch drained in 10.7 s; joining writer thread
  [SlabIO.close] writer thread joined in 0.0 s; calling H5Fclose collectively
  [SlabIO.close] H5Fclose returned in 0.1 s
  Zeta output: /pscratch/sd/j/jackm/lorrax_sandbox/runs/MoS2/00_mos2_3x3_cohsex/D_gflat_bispinor_shardmapaccum_2026-05-13/tmp/zeta_q_mu3.h5  shape: (n_q_disk=9 of 3·3·1=9 full-BZ, n_rtot=46080, n_rmu=656)
  Timing (4 r-chunks, 7.9s total):
    fit      7.17s  90.8%
    H5       0.73s   9.2%
  Zeta output: /pscratch/sd/j/jackm/lorrax_sandbox/runs/MoS2/00_mos2_3x3_cohsex/D_gflat_bispinor_shardmapaccum_2026-05-13/tmp/zeta_q_mu3.h5  shape: (n_q_disk=9 of 3·3·1=9 full-BZ, n_rtot=46080, n_rmu=656)
  Timing (4 r-chunks, 7.9s total):
    fit      7.27s  92.1%
    H5       0.62s   7.9%
  Zeta output: /pscratch/sd/j/jackm/lorrax_sandbox/runs/MoS2/00_mos2_3x3_cohsex/D_gflat_bispinor_shardmapaccum_2026-05-13/tmp/zeta_q_mu3.h5  shape: (n_q_disk=9 of 3·3·1=9 full-BZ, n_rtot=46080, n_rmu=656)
  Timing (4 r-chunks, 7.9s total):
    fit      7.21s  91.3%
    H5       0.68s   8.7%
  Zeta output: /pscratch/sd/j/jackm/lorrax_sandbox/runs/MoS2/00_mos2_3x3_cohsex/D_gflat_bispinor_shardmapaccum_2026-05-13/tmp/zeta_q_mu3.h5  shape: (n_q_disk=9 of 3·3·1=9 full-BZ, n_rtot=46080, n_rmu=656)
  Timing (4 r-chunks, 7.6s total):
    fit      7.25s  95.9%
    H5       0.31s   4.1%
  [diag] ζ^{μ_L=3} q=0: max|ζ|=1.023e+01, L2=1.356e+03
    V_q bare cutoff: 30.0 Ry
    V_q budget:    27.10 GB

  [bispinor] V_q^{μ_L,ν_L} → /pscratch/sd/j/jackm/lorrax_sandbox/runs/MoS2/00_mos2_3x3_cohsex/D_gflat_bispinor_shardmapaccum_2026-05-13/tmp/v_q_bispinor.h5
  [SlabIO.close] draining 0 pending writes for v_q_bispinor.h5 …
  [SlabIO.close] Python dispatch drained in 0.0 s; joining writer thread
  [SlabIO.close] writer thread joined in 0.0 s; calling H5Fclose collectively
  [SlabIO.close] H5Fclose returned in 0.0 s
WARNING:2026-05-13 00:28:21,812:jax._src.compilation_cache:265: Writing jit__per_rank to persistent compilation cache with key 'jit__per_rank-6774345ae02d0cc385217556b9d71a55d23beebd8624b5745533b7fc6eab367b'
WARNING:jax._src.compilation_cache:Writing jit__per_rank to persistent compilation cache with key 'jit__per_rank-6774345ae02d0cc385217556b9d71a55d23beebd8624b5745533b7fc6eab367b'
Started V_q tile at 00:28:26.
[ 00:28:26 | █░░░░░░░░░ |  11% ] q-point 1 / 9 · ETA 0 s
[ 00:28:26 | ██░░░░░░░░ |  22% ] q-point 2 / 9 · ETA 0 s
[ 00:28:26 | ███░░░░░░░ |  33% ] q-point 3 / 9 · ETA 0 s
[ 00:28:26 | ████░░░░░░ |  44% ] q-point 4 / 9 · ETA 0 s
[ 00:28:26 | ██████░░░░ |  56% ] q-point 5 / 9 · ETA 0 s
[ 00:28:26 | ███████░░░ |  67% ] q-point 6 / 9 · ETA 0 s
[ 00:28:26 | ████████░░ |  78% ] q-point 7 / 9 · ETA 0 s
[ 00:28:26 | █████████░ |  89% ] q-point 8 / 9 · ETA 0 s
[ 00:28:26 | ██████████ | 100% ] q-point 9 / 9 · ETA 0 s
Finished V_q tile at 00:28:26.  Elapsed: 0 s.
WARNING:2026-05-13 00:28:26,063:jax._src.compilation_cache:265: Writing jit__per_rank to persistent compilation cache with key 'jit__per_rank-7ac835174c7cc1bb8533457c7071ad527731f9ea1b821331e8992f4c57378d1d'
WARNING:jax._src.compilation_cache:Writing jit__per_rank to persistent compilation cache with key 'jit__per_rank-7ac835174c7cc1bb8533457c7071ad527731f9ea1b821331e8992f4c57378d1d'
  [SlabIO.close] draining 1 pending writes for v_q_bispinor.h5 …
WARNING:2026-05-13 00:28:26,344:jax._src.compilation_cache:265: Writing jit__per_rank to persistent compilation cache with key 'jit__per_rank-b2bf63beaf1c0f99b1947f29caa3f07f5df970f9d3558cfe37e2102dd6c83321'
WARNING:jax._src.compilation_cache:Writing jit__per_rank to persistent compilation cache with key 'jit__per_rank-b2bf63beaf1c0f99b1947f29caa3f07f5df970f9d3558cfe37e2102dd6c83321'
  [SlabIO.close] Python dispatch drained in 0.1 s; joining writer thread
  [SlabIO.close] writer thread joined in 0.0 s; calling H5Fclose collectively
  [SlabIO.close] H5Fclose returned in 0.0 s
WARNING:2026-05-13 00:28:27,739:jax._src.compilation_cache:265: Writing jit__per_rank to persistent compilation cache with key 'jit__per_rank-1d19638bef715b99241d427b51e00d0a4fb009487e4f3dfa108b423a0dc3f26d'
WARNING:jax._src.compilation_cache:Writing jit__per_rank to persistent compilation cache with key 'jit__per_rank-1d19638bef715b99241d427b51e00d0a4fb009487e4f3dfa108b423a0dc3f26d'
Started V_q tile at 00:28:31.
[ 00:28:31 | █░░░░░░░░░ |  11% ] q-point 1 / 9 · ETA 0 s
[ 00:28:31 | ██░░░░░░░░ |  22% ] q-point 2 / 9 · ETA 0 s
[ 00:28:31 | ███░░░░░░░ |  33% ] q-point 3 / 9 · ETA 0 s
[ 00:28:31 | ████░░░░░░ |  44% ] q-point 4 / 9 · ETA 0 s
[ 00:28:31 | ██████░░░░ |  56% ] q-point 5 / 9 · ETA 0 s
[ 00:28:31 | ███████░░░ |  67% ] q-point 6 / 9 · ETA 0 s
[ 00:28:31 | ████████░░ |  78% ] q-point 7 / 9 · ETA 0 s
[ 00:28:31 | █████████░ |  89% ] q-point 8 / 9 · ETA 0 s
[ 00:28:31 | ██████████ | 100% ] q-point 9 / 9 · ETA 0 s
Finished V_q tile at 00:28:31.  Elapsed: 0 s.
  [SlabIO.close] draining 1 pending writes for v_q_bispinor.h5 …
WARNING:2026-05-13 00:28:31,453:jax._src.compilation_cache:265: Writing jit__per_rank to persistent compilation cache with key 'jit__per_rank-1e523ce9e885d1cceeb2e455d76b6bd677d4ec2ad53f1e738bcc2525eeda6b55'
WARNING:jax._src.compilation_cache:Writing jit__per_rank to persistent compilation cache with key 'jit__per_rank-1e523ce9e885d1cceeb2e455d76b6bd677d4ec2ad53f1e738bcc2525eeda6b55'
  [SlabIO.close] Python dispatch drained in 0.7 s; joining writer thread
  [SlabIO.close] writer thread joined in 0.0 s; calling H5Fclose collectively
  [SlabIO.close] H5Fclose returned in 0.0 s
WARNING:2026-05-13 00:28:32,381:jax._src.compilation_cache:265: Writing jit__per_rank to persistent compilation cache with key 'jit__per_rank-f7009716041a7fdca0e41a1ea25ae0ddc1706c440710c3e500b9841395c0f6fb'
WARNING:jax._src.compilation_cache:Writing jit__per_rank to persistent compilation cache with key 'jit__per_rank-f7009716041a7fdca0e41a1ea25ae0ddc1706c440710c3e500b9841395c0f6fb'
Started V_q tile at 00:28:35.
[ 00:28:35 | █░░░░░░░░░ |  11% ] q-point 1 / 9 · ETA 0 s
[ 00:28:35 | ██░░░░░░░░ |  22% ] q-point 2 / 9 · ETA 0 s
[ 00:28:35 | ███░░░░░░░ |  33% ] q-point 3 / 9 · ETA 0 s
[ 00:28:35 | ████░░░░░░ |  44% ] q-point 4 / 9 · ETA 0 s
[ 00:28:35 | ██████░░░░ |  56% ] q-point 5 / 9 · ETA 0 s
[ 00:28:35 | ███████░░░ |  67% ] q-point 6 / 9 · ETA 0 s
[ 00:28:35 | ████████░░ |  78% ] q-point 7 / 9 · ETA 0 s
[ 00:28:35 | █████████░ |  89% ] q-point 8 / 9 · ETA 0 s
[ 00:28:35 | ██████████ | 100% ] q-point 9 / 9 · ETA 0 s
Finished V_q tile at 00:28:35.  Elapsed: 0 s.
  [SlabIO.close] draining 1 pending writes for v_q_bispinor.h5 …
WARNING:2026-05-13 00:28:35,713:jax._src.compilation_cache:265: Writing jit__per_rank to persistent compilation cache with key 'jit__per_rank-6dfde4e071064ccd5f6e417de2219a4603706adb097b67dcdee19044337b73db'
WARNING:jax._src.compilation_cache:Writing jit__per_rank to persistent compilation cache with key 'jit__per_rank-6dfde4e071064ccd5f6e417de2219a4603706adb097b67dcdee19044337b73db'
  [SlabIO.close] Python dispatch drained in 0.3 s; joining writer thread
  [SlabIO.close] writer thread joined in 0.0 s; calling H5Fclose collectively
  [SlabIO.close] H5Fclose returned in 0.0 s
WARNING:2026-05-13 00:28:36,140:jax._src.compilation_cache:265: Writing jit__per_rank to persistent compilation cache with key 'jit__per_rank-d92925d912302f15fc3f30d0f5352885dfc3a2e075a52f7ffcabf7b2fb6ff787'
WARNING:jax._src.compilation_cache:Writing jit__per_rank to persistent compilation cache with key 'jit__per_rank-d92925d912302f15fc3f30d0f5352885dfc3a2e075a52f7ffcabf7b2fb6ff787'
Started V_q tile at 00:28:39.
[ 00:28:39 | █░░░░░░░░░ |  11% ] q-point 1 / 9 · ETA 0 s
[ 00:28:39 | ██░░░░░░░░ |  22% ] q-point 2 / 9 · ETA 0 s
[ 00:28:39 | ███░░░░░░░ |  33% ] q-point 3 / 9 · ETA 0 s
[ 00:28:39 | ████░░░░░░ |  44% ] q-point 4 / 9 · ETA 0 s
[ 00:28:39 | ██████░░░░ |  56% ] q-point 5 / 9 · ETA 0 s
[ 00:28:39 | ███████░░░ |  67% ] q-point 6 / 9 · ETA 0 s
[ 00:28:39 | ████████░░ |  78% ] q-point 7 / 9 · ETA 0 s
[ 00:28:39 | █████████░ |  89% ] q-point 8 / 9 · ETA 0 s
[ 00:28:39 | ██████████ | 100% ] q-point 9 / 9 · ETA 0 s
Finished V_q tile at 00:28:39.  Elapsed: 0 s.
  [SlabIO.close] draining 1 pending writes for v_q_bispinor.h5 …
WARNING:2026-05-13 00:28:39,462:jax._src.compilation_cache:265: Writing jit__per_rank to persistent compilation cache with key 'jit__per_rank-c1cc1615066ccae96a2e4ce8989d887bde7b29db278a1098a186e7ff705c1290'
WARNING:jax._src.compilation_cache:Writing jit__per_rank to persistent compilation cache with key 'jit__per_rank-c1cc1615066ccae96a2e4ce8989d887bde7b29db278a1098a186e7ff705c1290'
  [SlabIO.close] Python dispatch drained in 0.2 s; joining writer thread
  [SlabIO.close] writer thread joined in 0.0 s; calling H5Fclose collectively
  [SlabIO.close] H5Fclose returned in 0.0 s
Started V_q tile at 00:28:46.
[ 00:28:46 | █░░░░░░░░░ |  11% ] q-point 1 / 9 · ETA 0 s
[ 00:28:46 | ██░░░░░░░░ |  22% ] q-point 2 / 9 · ETA 0 s
[ 00:28:46 | ███░░░░░░░ |  33% ] q-point 3 / 9 · ETA 0 s
[ 00:28:46 | ████░░░░░░ |  44% ] q-point 4 / 9 · ETA 0 s
[ 00:28:46 | ██████░░░░ |  56% ] q-point 5 / 9 · ETA 0 s
[ 00:28:46 | ███████░░░ |  67% ] q-point 6 / 9 · ETA 0 s
[ 00:28:46 | ████████░░ |  78% ] q-point 7 / 9 · ETA 0 s
[ 00:28:46 | █████████░ |  89% ] q-point 8 / 9 · ETA 0 s
[ 00:28:46 | ██████████ | 100% ] q-point 9 / 9 · ETA 0 s
Finished V_q tile at 00:28:46.  Elapsed: 0 s.
  [SlabIO.close] draining 1 pending writes for v_q_bispinor.h5 …
WARNING:2026-05-13 00:28:46,444:jax._src.compilation_cache:265: Writing jit__per_rank to persistent compilation cache with key 'jit__per_rank-e52f387c7f04d693adc6223c3f1903f66b720b4ad2fa1477f8d017cd4a845ef6'
WARNING:jax._src.compilation_cache:Writing jit__per_rank to persistent compilation cache with key 'jit__per_rank-e52f387c7f04d693adc6223c3f1903f66b720b4ad2fa1477f8d017cd4a845ef6'
  [SlabIO.close] Python dispatch drained in 0.2 s; joining writer thread
  [SlabIO.close] writer thread joined in 0.0 s; calling H5Fclose collectively
  [SlabIO.close] H5Fclose returned in 0.0 s
Started V_q tile at 00:28:52.
[ 00:28:52 | █░░░░░░░░░ |  11% ] q-point 1 / 9 · ETA 0 s
[ 00:28:52 | ██░░░░░░░░ |  22% ] q-point 2 / 9 · ETA 0 s
[ 00:28:52 | ███░░░░░░░ |  33% ] q-point 3 / 9 · ETA 0 s
[ 00:28:52 | ████░░░░░░ |  44% ] q-point 4 / 9 · ETA 0 s
[ 00:28:52 | ██████░░░░ |  56% ] q-point 5 / 9 · ETA 0 s
[ 00:28:52 | ███████░░░ |  67% ] q-point 6 / 9 · ETA 0 s
[ 00:28:52 | ████████░░ |  78% ] q-point 7 / 9 · ETA 0 s
[ 00:28:52 | █████████░ |  89% ] q-point 8 / 9 · ETA 0 s
[ 00:28:52 | ██████████ | 100% ] q-point 9 / 9 · ETA 0 s
Finished V_q tile at 00:28:52.  Elapsed: 0 s.
  [SlabIO.close] draining 1 pending writes for v_q_bispinor.h5 …
WARNING:2026-05-13 00:28:52,416:jax._src.compilation_cache:265: Writing jit__per_rank to persistent compilation cache with key 'jit__per_rank-83c404e42ccf2924fe863de6fac7b4028c371dde562ea6fd890266131720862a'
WARNING:jax._src.compilation_cache:Writing jit__per_rank to persistent compilation cache with key 'jit__per_rank-83c404e42ccf2924fe863de6fac7b4028c371dde562ea6fd890266131720862a'
  [SlabIO.close] Python dispatch drained in 0.3 s; joining writer thread
  [SlabIO.close] writer thread joined in 0.0 s; calling H5Fclose collectively
  [SlabIO.close] H5Fclose returned in 0.0 s
Started V_q tile at 00:28:58.
[ 00:28:58 | █░░░░░░░░░ |  11% ] q-point 1 / 9 · ETA 0 s
[ 00:28:58 | ██░░░░░░░░ |  22% ] q-point 2 / 9 · ETA 0 s
[ 00:28:58 | ███░░░░░░░ |  33% ] q-point 3 / 9 · ETA 0 s
[ 00:28:58 | ████░░░░░░ |  44% ] q-point 4 / 9 · ETA 0 s
[ 00:28:58 | ██████░░░░ |  56% ] q-point 5 / 9 · ETA 0 s
[ 00:28:58 | ███████░░░ |  67% ] q-point 6 / 9 · ETA 0 s
[ 00:28:58 | ████████░░ |  78% ] q-point 7 / 9 · ETA 0 s
[ 00:28:58 | █████████░ |  89% ] q-point 8 / 9 · ETA 0 s
[ 00:28:58 | ██████████ | 100% ] q-point 9 / 9 · ETA 0 s
Finished V_q tile at 00:28:58.  Elapsed: 0 s.
  [SlabIO.close] draining 1 pending writes for v_q_bispinor.h5 …
WARNING:2026-05-13 00:28:58,334:jax._src.compilation_cache:265: Writing jit__per_rank to persistent compilation cache with key 'jit__per_rank-73c2d3f14051ba08063f139d13cadd2778f5a65cb9e01d756056c828102c5c43'
WARNING:jax._src.compilation_cache:Writing jit__per_rank to persistent compilation cache with key 'jit__per_rank-73c2d3f14051ba08063f139d13cadd2778f5a65cb9e01d756056c828102c5c43'
  [SlabIO.close] Python dispatch drained in 0.2 s; joining writer thread
  [SlabIO.close] writer thread joined in 0.0 s; calling H5Fclose collectively
  [SlabIO.close] H5Fclose returned in 0.0 s
  [SlabIO.close] draining 0 pending writes for zeta_q_mu3.h5 …
  [SlabIO.close] Python dispatch drained in 0.0 s; joining writer thread
  [SlabIO.close] writer thread joined in 0.0 s; calling H5Fclose collectively
  [SlabIO.close] H5Fclose returned in 0.2 s
  [SlabIO.close] draining 0 pending writes for zeta_q_mu2.h5 …
  [SlabIO.close] Python dispatch drained in 0.0 s; joining writer thread
  [SlabIO.close] writer thread joined in 0.0 s; calling H5Fclose collectively
  [SlabIO.close] H5Fclose returned in 0.2 s
  [SlabIO.close] draining 0 pending writes for zeta_q_mu1.h5 …
  [SlabIO.close] Python dispatch drained in 0.0 s; joining writer thread
  [SlabIO.close] writer thread joined in 0.0 s; calling H5Fclose collectively
  [SlabIO.close] H5Fclose returned in 0.2 s
  [SlabIO.close] draining 0 pending writes for zeta_q.h5 …
  [SlabIO.close] Python dispatch drained in 0.0 s; joining writer thread
  [SlabIO.close] writer thread joined in 0.0 s; calling H5Fclose collectively
  [SlabIO.close] H5Fclose returned in 0.2 s
WARNING:2026-05-13 00:28:59,438:jax._src.compilation_cache:265: Writing jit__per_rank to persistent compilation cache with key 'jit__per_rank-c13928ad18fb60f71ebafe009d4f81954a3e3f2c864986673a3711542e2e40de'
WARNING:jax._src.compilation_cache:Writing jit__per_rank to persistent compilation cache with key 'jit__per_rank-c13928ad18fb60f71ebafe009d4f81954a3e3f2c864986673a3711542e2e40de'
WARNING:2026-05-13 00:28:59,582:jax._src.compilation_cache:265: Writing jit__per_rank to persistent compilation cache with key 'jit__per_rank-e789b8a5a528d0dd58bce05e31460068f0fb1813800ac68eb05e7ffb489ad2d1'
WARNING:jax._src.compilation_cache:Writing jit__per_rank to persistent compilation cache with key 'jit__per_rank-e789b8a5a528d0dd58bce05e31460068f0fb1813800ac68eb05e7ffb489ad2d1'
  [SlabIO.close] draining 0 pending writes for v_q_bispinor.h5 …
  [SlabIO.close] Python dispatch drained in 0.0 s; joining writer thread
  [SlabIO.close] writer thread joined in 0.0 s; calling H5Fclose collectively
  [SlabIO.close] H5Fclose returned in 0.0 s

  V_q computed:
    Shape: (9, 640, 640)
    V_q=0 trace: 841298830.3700
WARNING:2026-05-13 00:29:00,077:jax._src.compilation_cache:265: Writing jit__per_rank to persistent compilation cache with key 'jit__per_rank-0fc9ef30d8b23dc8477a091a7ce2ee3bf4e581d28d88d14eb2784413e9239474'
WARNING:jax._src.compilation_cache:Writing jit__per_rank to persistent compilation cache with key 'jit__per_rank-0fc9ef30d8b23dc8477a091a7ce2ee3bf4e581d28d88d14eb2784413e9239474'
WARNING:2026-05-13 00:29:00,382:jax._src.compilation_cache:265: Writing jit__per_rank to persistent compilation cache with key 'jit__per_rank-0dcda89b31d16493768eb578721d722b27f42d9d6201e1534d9616a385f4e12b'
WARNING:jax._src.compilation_cache:Writing jit__per_rank to persistent compilation cache with key 'jit__per_rank-0dcda89b31d16493768eb578721d722b27f42d9d6201e1534d9616a385f4e12b'
WARNING:2026-05-13 00:29:00,475:jax._src.compilation_cache:265: Writing jit__per_rank to persistent compilation cache with key 'jit__per_rank-5c585dc3d908cc1b8e2706d4f5d80cb015892e1f170819487f3e9c2ead63777e'
WARNING:jax._src.compilation_cache:Writing jit__per_rank to persistent compilation cache with key 'jit__per_rank-5c585dc3d908cc1b8e2706d4f5d80cb015892e1f170819487f3e9c2ead63777e'
  [SlabIO.close] draining 0 pending writes for isdf_tensors_640.h5 …
  [SlabIO.close] Python dispatch drained in 0.0 s; joining writer thread
  [SlabIO.close] writer thread joined in 0.0 s; calling H5Fclose collectively
  [SlabIO.close] H5Fclose returned in 0.0 s
  Wavefunctions built (b0:b4=80 bands, 4 sharded copies: xn/xr/yr/yn)
  Wavefunctions built (b0:b4=80 bands, 4 sharded copies: xn/xr/yr/yn)
  [bispinor] σ^B-side Wfns built on n_rmu_T=656 transverse centroids
  [SlabIO.close] draining 1 pending writes for isdf_tensors_640.h5 …
WARNING:2026-05-13 00:29:01,300:jax._src.compilation_cache:265: Writing jit__per_rank to persistent compilation cache with key 'jit__per_rank-556aa0e48f896830ebf9d14ecf107576d238a4bc558dfceca3d792166dad996a'
WARNING:jax._src.compilation_cache:Writing jit__per_rank to persistent compilation cache with key 'jit__per_rank-556aa0e48f896830ebf9d14ecf107576d238a4bc558dfceca3d792166dad996a'
  [SlabIO.close] Python dispatch drained in 0.2 s; joining writer thread
  [SlabIO.close] writer thread joined in 0.0 s; calling H5Fclose collectively
  [SlabIO.close] H5Fclose returned in 0.0 s
  Chunked ISDF path complete
  Minimax static window: x=[1.249527e-01, 6.336166e+00] Ry, R=50.71, nodes=10, fit_err~2.561e-06
  [SlabIO.close] draining 1 pending writes for isdf_tensors_640.h5 …
WARNING:2026-05-13 00:29:03,987:jax._src.compilation_cache:265: Writing jit__per_rank to persistent compilation cache with key 'jit__per_rank-ddc27acdb60d3423bbd9caa62c9653e6444f76e25c1ccf0cad8f5fa53626c86c'
WARNING:jax._src.compilation_cache:Writing jit__per_rank to persistent compilation cache with key 'jit__per_rank-ddc27acdb60d3423bbd9caa62c9653e6444f76e25c1ccf0cad8f5fa53626c86c'
  [SlabIO.close] Python dispatch drained in 0.1 s; joining writer thread
  [SlabIO.close] writer thread joined in 0.0 s; calling H5Fclose collectively
  [SlabIO.close] H5Fclose returned in 0.2 s
  Persisted W0_qmunu + q=0 head scalars: vhead=1655.335 a.u.,  whead[ω=0]=343.785 a.u.

------------------------------------------------------------------------
  FINITE-SIZE CORRECTIONS
------------------------------------------------------------------------
  Head source: s_tensor
  v(q→0)  =     1655.335 a.u.  (bare Coulomb head)
  W(q→0)  =      343.785 a.u.  (screened Coulomb head)
  ΔW      =    -1311.550 a.u.  (screening correction)

------------------------------------------------------------------------
  STATIC HEAD TERMS (exact COHSEX / BGW-style)
------------------------------------------------------------------------
  Head source: s_tensor
  v_h(q→0)           =  1655.334970 a.u.
  W_h(q→0, ω=0)      =   343.784973 a.u.
  W_h^c              = -1311.549997 a.u.
  Σ^X head (occ)     = -2.619279e-01 Ry
  Σ^SX head (occ)    = -5.439799e-02 Ry
  Σ^(SX-X) head(occ) = 2.075300e-01 Ry
  Σ^COH head (all)   = -1.037650e-01 Ry
WARNING:2026-05-13 00:29:11,401:jax._src.compilation_cache:265: Writing jit__per_rank to persistent compilation cache with key 'jit__per_rank-137776e12fb68bc0f331ce28db8ea5d3a44050adba6235842e0253c1232b22a2'
WARNING:jax._src.compilation_cache:Writing jit__per_rank to persistent compilation cache with key 'jit__per_rank-137776e12fb68bc0f331ce28db8ea5d3a44050adba6235842e0253c1232b22a2'
  Σ^B tile (μ_L=1, ν_L=1): tr Σ = -0.239508 eV
WARNING:2026-05-13 00:29:11,959:jax._src.compilation_cache:265: Writing jit__per_rank to persistent compilation cache with key 'jit__per_rank-e265d5b7537066c54cfbab055c394c5cf4e9a6fdfdbe0eb954b0e9c191fcec18'
WARNING:jax._src.compilation_cache:Writing jit__per_rank to persistent compilation cache with key 'jit__per_rank-e265d5b7537066c54cfbab055c394c5cf4e9a6fdfdbe0eb954b0e9c191fcec18'
  Σ^B tile (μ_L=1, ν_L=2): tr Σ = -0.012683 eV
WARNING:2026-05-13 00:29:12,050:jax._src.compilation_cache:265: Writing jit__per_rank to persistent compilation cache with key 'jit__per_rank-13f35c574753d614de9afdb3f3cac09b8bcc5577f78a5babf394989d5449e547'
WARNING:jax._src.compilation_cache:Writing jit__per_rank to persistent compilation cache with key 'jit__per_rank-13f35c574753d614de9afdb3f3cac09b8bcc5577f78a5babf394989d5449e547'
  Σ^B tile (μ_L=1, ν_L=3): tr Σ = -0.013978 eV
  Σ^B tile (μ_L=2, ν_L=1): tr Σ = -0.012683 eV
WARNING:2026-05-13 00:29:12,690:jax._src.compilation_cache:265: Writing jit__per_rank to persistent compilation cache with key 'jit__per_rank-78368cbfe37a2bffa8e862e78fd05261644f1f44f66b5bfa256bd4d866952eeb'
WARNING:jax._src.compilation_cache:Writing jit__per_rank to persistent compilation cache with key 'jit__per_rank-78368cbfe37a2bffa8e862e78fd05261644f1f44f66b5bfa256bd4d866952eeb'
  Σ^B tile (μ_L=2, ν_L=2): tr Σ = -0.230193 eV
WARNING:2026-05-13 00:29:12,787:jax._src.compilation_cache:265: Writing jit__per_rank to persistent compilation cache with key 'jit__per_rank-14d96612e2b56225d3155c4278027458424003db8de07797608e657130c18ef7'
WARNING:jax._src.compilation_cache:Writing jit__per_rank to persistent compilation cache with key 'jit__per_rank-14d96612e2b56225d3155c4278027458424003db8de07797608e657130c18ef7'
  Σ^B tile (μ_L=2, ν_L=3): tr Σ = -0.013474 eV
  Σ^B tile (μ_L=3, ν_L=1): tr Σ = -0.013978 eV
  Σ^B tile (μ_L=3, ν_L=2): tr Σ = -0.013474 eV
WARNING:2026-05-13 00:29:12,951:jax._src.compilation_cache:265: Writing jit__per_rank to persistent compilation cache with key 'jit__per_rank-db78d21dbe8fef506fb1b4854b8a4328138f2557ca6085c3f6c4b1171ae0d72f'
WARNING:jax._src.compilation_cache:Writing jit__per_rank to persistent compilation cache with key 'jit__per_rank-db78d21dbe8fef506fb1b4854b8a4328138f2557ca6085c3f6c4b1171ae0d72f'
  Σ^B tile (μ_L=3, ν_L=3): tr Σ = -0.238062 eV
  [SlabIO.close] draining 0 pending writes for v_q_bispinor.h5 …
  [SlabIO.close] Python dispatch drained in 0.0 s; joining writer thread
  [SlabIO.close] writer thread joined in 0.0 s; calling H5Fclose collectively
  [SlabIO.close] H5Fclose returned in 0.0 s
  Bare Σ_X diagonal (eV), k=0: -40.0325  -40.0325  -33.8744  -33.8744  -33.3598  -33.3598  -33.4984  -33.4984
WARNING:2026-05-13 00:29:13,060:jax._src.compilation_cache:265: Writing jit__per_rank to persistent compilation cache with key 'jit__per_rank-5f9dcc445867709f54c362ba592f6ce503893c0b9a1e7c096c0d6b6775b5bb63'
WARNING:jax._src.compilation_cache:Writing jit__per_rank to persistent compilation cache with key 'jit__per_rank-5f9dcc445867709f54c362ba592f6ce503893c0b9a1e7c096c0d6b6775b5bb63'
  [SlabIO.close] draining 0 pending writes for kin_ion.h5 …
  [SlabIO.close] Python dispatch drained in 0.0 s; joining writer thread
  [SlabIO.close] writer thread joined in 0.0 s; calling H5Fclose collectively
  [SlabIO.close] H5Fclose returned in 0.0 s
  QP WFN (one-shot): /pscratch/sd/j/jackm/lorrax_sandbox/runs/MoS2/00_mos2_3x3_cohsex/D_gflat_bispinor_shardmapaccum_2026-05-13/WFN_qp.h5
[pf] ■ run_module:gw.gw_jax  153.869s
[pf] ■ run_module:gw.gw_jax  153.870s
[pf] ■ run_module:gw.gw_jax  153.871s
2026-05-13 00:29:13.869955: E external/xla/xla/python/profiler/internal/python_hooks.cc:412] Can't import tensorflow.python.profiler.trace
2026-05-13 00:29:13.870010: E external/xla/xla/python/profiler/internal/python_hooks.cc:412] Can't import tensorflow.python.profiler.trace
2026-05-13 00:29:13.870147: E external/xla/xla/python/profiler/internal/python_hooks.cc:412] Can't import tensorflow.python.profiler.trace

  Sigma diag:   /pscratch/sd/j/jackm/lorrax_sandbox/runs/MoS2/00_mos2_3x3_cohsex/D_gflat_bispinor_shardmapaccum_2026-05-13/sigma_diag.dat
  BGW eqp0:     /pscratch/sd/j/jackm/lorrax_sandbox/runs/MoS2/00_mos2_3x3_cohsex/D_gflat_bispinor_shardmapaccum_2026-05-13/eqp0.dat
  BGW eqp1:     /pscratch/sd/j/jackm/lorrax_sandbox/runs/MoS2/00_mos2_3x3_cohsex/D_gflat_bispinor_shardmapaccum_2026-05-13/eqp1.dat
  Restart:      /pscratch/sd/j/jackm/lorrax_sandbox/runs/MoS2/00_mos2_3x3_cohsex/D_gflat_bispinor_shardmapaccum_2026-05-13/tmp/isdf_tensors_640.h5

--- Timing ---
Total recorded: 139.553 s
Section                                            Count    Total[s]     Self[s]      %
gw_jax.load_centroid_wfns                              1       2.558       0.148    1.8
  load_centroids.loader_load                           5       1.189       1.189    0.9
  load_centroids.to_rmu                                5       0.101       0.101    0.1
  load_centroids.reshard                               5       1.120       1.120    0.8
gw_jax.zeta_fit_chunked                                1      28.399       0.190   20.4
  zeta_fit.slice_halves                                1       0.044       0.044    0.0
  zeta_fit.CCT                                         1       0.462       0.462    0.3
  zeta_fit.cholesky                                    1       3.301       3.301    2.4
  zeta_fit.gc_pre_chunk_loop                           1       0.089       0.089    0.1
  zeta_fit.write_headers                               1       0.079       0.079    0.1
  zeta_fit.open_file                                   1       0.007       0.007    0.0
  psi_G_store.populate.loader_load                     5       0.841       0.841    0.6
  psi_G_store.populate.shard_to_host                   5       0.009       0.009    0.0
  zeta_fit.chunk_loop                                  1       7.063       0.001    5.1
    zeta_fit.chunk.fit_one_rchunk                      4       6.803       6.803    4.9
    zeta_fit.chunk.h5_write                            4       0.259       0.259    0.2
  zeta_fit.close_io                                    1      16.312      16.312   11.7
  zeta_fit.sync_global                                 1       0.001       0.001    0.0
gw_jax.load_centroid_wfns_current                      1       1.309       0.155    0.9
  load_centroids.loader_load                           5       0.630       0.630    0.5
  load_centroids.to_rmu                                5       0.091       0.091    0.1
  load_centroids.reshard                               5       0.432       0.432    0.3
gw_jax.zeta_fit_chunked_mu1                            1      20.112       0.179   14.4
  zeta_fit.slice_halves                                1       0.046       0.046    0.0
  zeta_fit.CCT                                         1       0.482       0.482    0.3
  zeta_fit.cholesky                                    1       0.000       0.000    0.0
  zeta_fit.trace_L_q                                   1       0.575       0.575    0.4
  zeta_fit.gc_pre_chunk_loop                           1       0.081       0.081    0.1
  zeta_fit.write_headers                               1       0.065       0.065    0.0
  zeta_fit.open_file                                   1       0.005       0.005    0.0
  psi_G_store.populate.loader_load                     5       0.906       0.906    0.6
  psi_G_store.populate.shard_to_host                   5       0.019       0.019    0.0
  zeta_fit.chunk_loop                                  1       7.961       0.001    5.7
    zeta_fit.chunk.fit_one_rchunk                      4       7.636       7.636    5.5
    zeta_fit.chunk.h5_write                            4       0.325       0.325    0.2
  zeta_fit.close_io                                    1       9.791       9.791    7.0
  zeta_fit.sync_global                                 1       0.001       0.001    0.0
gw_jax.zeta_fit_chunked_mu2                            1      20.834       0.196   14.9
  zeta_fit.slice_halves                                1       0.048       0.048    0.0
  zeta_fit.CCT                                         1       0.119       0.119    0.1
  zeta_fit.cholesky                                    1       0.000       0.000    0.0
  zeta_fit.trace_L_q                                   1       0.978       0.978    0.7
  zeta_fit.gc_pre_chunk_loop                           1       0.072       0.072    0.1
  zeta_fit.write_headers                               1       0.076       0.076    0.1
  zeta_fit.open_file                                   1       0.008       0.008    0.0
  psi_G_store.populate.loader_load                     5       0.847       0.847    0.6
  psi_G_store.populate.shard_to_host                   5       0.008       0.008    0.0
  zeta_fit.chunk_loop                                  1       7.685       0.001    5.5
    zeta_fit.chunk.fit_one_rchunk                      4       7.411       7.411    5.3
    zeta_fit.chunk.h5_write                            4       0.274       0.274    0.2
  zeta_fit.close_io                                    1      10.796      10.796    7.7
  zeta_fit.sync_global                                 1       0.001       0.001    0.0
gw_jax.zeta_fit_chunked_mu3                            1      20.663       0.178   14.8
  zeta_fit.slice_halves                                1       0.051       0.051    0.0
  zeta_fit.CCT                                         1       0.117       0.117    0.1
  zeta_fit.cholesky                                    1       0.000       0.000    0.0
  zeta_fit.trace_L_q                                   1       0.949       0.949    0.7
  zeta_fit.gc_pre_chunk_loop                           1       0.063       0.063    0.0
  zeta_fit.write_headers                               1       0.076       0.076    0.1
  zeta_fit.open_file                                   1       0.006       0.006    0.0
  psi_G_store.populate.loader_load                     5       0.861       0.861    0.6
  psi_G_store.populate.shard_to_host                   5       0.006       0.006    0.0
  zeta_fit.chunk_loop                                  1       7.564       0.001    5.4
    zeta_fit.chunk.fit_one_rchunk                      4       7.251       7.251    5.2
    zeta_fit.chunk.h5_write                            4       0.312       0.312    0.2
  zeta_fit.close_io                                    1      10.791      10.791    7.7
  zeta_fit.sync_global                                 1       0.001       0.001    0.0
gw_jax.V_q_compute                                     1      39.541       4.593   28.3
  V_q_bispinor[0,0]                                    1       5.118       5.118    3.7
  V_q_bispinor[1,1]                                    1       4.934       4.934    3.5
  V_q_bispinor[2,2]                                    1       3.483       3.483    2.5
  V_q_bispinor[3,3]                                    1       3.443       3.443    2.5
  V_q_bispinor[1,2]                                    1       6.647       6.647    4.8
  V_q_bispinor[1,3]                                    1       5.721       5.721    4.1
  V_q_bispinor[2,3]                                    1       5.602       5.602    4.0
gw_jax.wavefunction_setup                              1       0.076       0.076    0.1
gw_jax.chi0_W                                          1       1.957       0.037    1.4
  chi.compile                                          1       0.158       0.158    0.1
  chi.exec                                             1       0.073       0.073    0.1
  W.compile                                            1       0.169       0.169    0.1
  W.exec                                               1       1.520       1.520    1.1
gw_jax.sigma                                           1       4.105       4.105    2.9
[pf] ■ run_module:gw.gw_jax  153.893s
2026-05-13 00:29:13.901719: E external/xla/xla/python/profiler/internal/python_hooks.cc:412] Can't import tensorflow.python.profiler.trace
[pf] mem snapshot 'end' → /pscratch/sd/j/jackm/lorrax_sandbox/runs/MoS2/00_mos2_3x3_cohsex/D_gflat_bispinor_shardmapaccum_2026-05-13/profile/memprof/end.prof
[run_profiled] gw.gw_jax finished in 164.38s. Artifacts: /pscratch/sd/j/jackm/lorrax_sandbox/runs/MoS2/00_mos2_3x3_cohsex/D_gflat_bispinor_shardmapaccum_2026-05-13/profile
[run_profiled] Next: run
  python3 scripts/profiling/analyze_hlo_dump.py /pscratch/sd/j/jackm/lorrax_sandbox/runs/MoS2/00_mos2_3x3_cohsex/D_gflat_bispinor_shardmapaccum_2026-05-13/profile
  python3 scripts/profiling/analyze_compile_log.py /pscratch/sd/j/jackm/lorrax_sandbox/runs/MoS2/00_mos2_3x3_cohsex/D_gflat_bispinor_shardmapaccum_2026-05-13/profile
[pf] mem snapshot 'end' → /pscratch/sd/j/jackm/lorrax_sandbox/runs/MoS2/00_mos2_3x3_cohsex/D_gflat_bispinor_shardmapaccum_2026-05-13/profile/memprof/end.prof
[run_profiled] gw.gw_jax finished in 165.98s. Artifacts: /pscratch/sd/j/jackm/lorrax_sandbox/runs/MoS2/00_mos2_3x3_cohsex/D_gflat_bispinor_shardmapaccum_2026-05-13/profile
[run_profiled] Next: run
  python3 scripts/profiling/analyze_hlo_dump.py /pscratch/sd/j/jackm/lorrax_sandbox/runs/MoS2/00_mos2_3x3_cohsex/D_gflat_bispinor_shardmapaccum_2026-05-13/profile
  python3 scripts/profiling/analyze_compile_log.py /pscratch/sd/j/jackm/lorrax_sandbox/runs/MoS2/00_mos2_3x3_cohsex/D_gflat_bispinor_shardmapaccum_2026-05-13/profile
[pf] mem snapshot 'end' → /pscratch/sd/j/jackm/lorrax_sandbox/runs/MoS2/00_mos2_3x3_cohsex/D_gflat_bispinor_shardmapaccum_2026-05-13/profile/memprof/end.prof
[run_profiled] gw.gw_jax finished in 167.36s. Artifacts: /pscratch/sd/j/jackm/lorrax_sandbox/runs/MoS2/00_mos2_3x3_cohsex/D_gflat_bispinor_shardmapaccum_2026-05-13/profile
[run_profiled] Next: run
  python3 scripts/profiling/analyze_hlo_dump.py /pscratch/sd/j/jackm/lorrax_sandbox/runs/MoS2/00_mos2_3x3_cohsex/D_gflat_bispinor_shardmapaccum_2026-05-13/profile
  python3 scripts/profiling/analyze_compile_log.py /pscratch/sd/j/jackm/lorrax_sandbox/runs/MoS2/00_mos2_3x3_cohsex/D_gflat_bispinor_shardmapaccum_2026-05-13/profile
[pf] mem snapshot 'end' → /pscratch/sd/j/jackm/lorrax_sandbox/runs/MoS2/00_mos2_3x3_cohsex/D_gflat_bispinor_shardmapaccum_2026-05-13/profile/memprof/end.prof
[run_profiled] gw.gw_jax finished in 169.67s. Artifacts: /pscratch/sd/j/jackm/lorrax_sandbox/runs/MoS2/00_mos2_3x3_cohsex/D_gflat_bispinor_shardmapaccum_2026-05-13/profile
[run_profiled] Next: run
  python3 scripts/profiling/analyze_hlo_dump.py /pscratch/sd/j/jackm/lorrax_sandbox/runs/MoS2/00_mos2_3x3_cohsex/D_gflat_bispinor_shardmapaccum_2026-05-13/profile
  python3 scripts/profiling/analyze_compile_log.py /pscratch/sd/j/jackm/lorrax_sandbox/runs/MoS2/00_mos2_3x3_cohsex/D_gflat_bispinor_shardmapaccum_2026-05-13/profile
